#
# A fatal error has been detected by the Java Runtime Environment:
#
#  SIGSEGV (0xb) at pc=0x00007a8fea0270f0, pid=13752, tid=13753
#
# JRE version: OpenJDK Runtime Environment (11.0.27+6) (build 11.0.27+6-post-Ubuntu-0ubuntu122.04)
# Java VM: OpenJDK 64-Bit Server VM (11.0.27+6-post-Ubuntu-0ubuntu122.04, mixed mode, sharing, tiered, compressed oops, g1 gc, linux-amd64)
# Problematic frame:
# C  [libLLVM-13.so+0xc270f0]  LLVMGetFirstInstruction+0x0
#
# Core dump will be written. Default location: Core dumps may be processed with "/wsl-capture-crash %t %E %p %s" (or dumping to /home/crz/compilers/Lab/core.13752)
#
# If you would like to submit a bug report, please visit:
#   https://bugs.launchpad.net/ubuntu/+source/openjdk-lts
# The crash happened outside the Java Virtual Machine in native code.
# See problematic frame for where to report the bug.
#

---------------  S U M M A R Y ------------

Command Line: com.example.Main tests/IRtest_Lab4/and_test.sysy tests/IRtest_Lab4/and_test.ll

Host: 13th Gen Intel(R) Core(TM) i9-13900H, 20 cores, 15G, Ubuntu 22.04.5 LTS
Time: Thu Jul 17 13:04:22 2025 CST elapsed time: 0.195731 seconds (0d 0h 0m 0s)

---------------  T H R E A D  ---------------

Current thread (0x00007a905c015000):  JavaThread "main" [_thread_in_native, id=13753, stack(0x00007a9064900000,0x00007a9064a00000)]

Stack: [0x00007a9064900000,0x00007a9064a00000],  sp=0x00007a90649fe598,  free space=1017k
Native frames: (J=compiled Java code, A=aot compiled Java code, j=interpreted, Vv=VM code, C=native code)
C  [libLLVM-13.so+0xc270f0]  LLVMGetFirstInstruction+0x0

Java frames: (J=compiled Java code, j=interpreted, Vv=VM code)
j  org.bytedeco.llvm.global.LLVM.LLVMGetFirstInstruction(Lorg/bytedeco/llvm/LLVM/LLVMBasicBlockRef;)Lorg/bytedeco/llvm/LLVM/LLVMValueRef;+0
j  com.example.LLVMIROptimization.buildgraph(Lorg/bytedeco/llvm/LLVM/LLVMValueRef;)V+372
j  com.example.LLVMIROptimization.simplifySingleInstructionBlocks(Lorg/bytedeco/llvm/LLVM/LLVMValueRef;)Z+515
j  com.example.LLVMIROptimization.elem_dead_code(Lorg/bytedeco/llvm/LLVM/LLVMValueRef;)Z+198
j  com.example.Main.main([Ljava/lang/String;)V+346
v  ~StubRoutines::call_stub

siginfo: si_signo: 11 (SIGSEGV), si_code: 1 (SEGV_MAPERR), si_addr: 0x0000000000000030

Register to memory mapping:

RAX=0x00007a903019dca0: Java_org_bytedeco_llvm_global_LLVM_LLVMGetFirstInstruction+0x0000000000000000 in /home/crz/.javacpp/cache/llvm-13.0.1-1.5.7-linux-x86_64.jar/org/bytedeco/llvm/linux-x86_64/libjniLLVM.so at 0x00007a90300f9000
RBX={method} {0x00007a9031b20180} 'LLVMGetFirstInstruction' '(Lorg/bytedeco/llvm/LLVM/LLVMBasicBlockRef;)Lorg/bytedeco/llvm/LLVM/LLVMValueRef;' in 'org/bytedeco/llvm/global/LLVM'
RCX=0x00000000000001e0 is an unknown value
RDX=0x0 is NULL
RSP=0x00007a90649fe598 is pointing into the stack for thread: 0x00007a905c015000
RBP=0x00007a905c015350 points into unknown readable memory: 0x00007a9064854b60 | 60 4b 85 64 90 7a 00 00
RSI=0x00007a90649fe628 is pointing into the stack for thread: 0x00007a905c015000
RDI=0x0 is NULL
R8 =0x0000000000000001 is an unknown value
R9 =0x00000000e2f0fbbc is an unknown value
R10=0x00007a904460fa01 is at code_begin+897 in an Interpreter codelet
method entry point (kind = native)  [0x00007a904460f680, 0x00007a9044610000]  2432 bytes
R11=0x0000000717d0bdd0 points into unknown readable memory: 0x0000002cfb4a6401 | 01 64 4a fb 2c 00 00 00
R12=0x0 is NULL
R13={method} {0x00007a9031b20180} 'LLVMGetFirstInstruction' '(Lorg/bytedeco/llvm/LLVM/LLVMBasicBlockRef;)Lorg/bytedeco/llvm/LLVM/LLVMValueRef;' in 'org/bytedeco/llvm/global/LLVM'
R14=0x00007a90649fe638 is pointing into the stack for thread: 0x00007a905c015000
R15=0x00007a905c015000 is a thread


Registers:
RAX=0x00007a903019dca0, RBX=0x00007a9031b20180, RCX=0x00000000000001e0, RDX=0x0000000000000000
RSP=0x00007a90649fe598, RBP=0x00007a905c015350, RSI=0x00007a90649fe628, RDI=0x0000000000000000
R8 =0x0000000000000001, R9 =0x00000000e2f0fbbc, R10=0x00007a904460fa01, R11=0x0000000717d0bdd0
R12=0x0000000000000000, R13=0x00007a9031b20180, R14=0x00007a90649fe638, R15=0x00007a905c015000
RIP=0x00007a8fea0270f0, EFLAGS=0x0000000000010246, CSGSFS=0x002b000000000033, ERR=0x0000000000000004
  TRAPNO=0x000000000000000e

Top of Stack: (sp=0x00007a90649fe598)
0x00007a90649fe598:   00007a903019dccf 00007a90649fe618
0x00007a90649fe5a8:   0000000000000000 00007a9031b20180
0x00007a90649fe5b8:   00007a904460fa30 000000071787dcb8
0x00007a90649fe5c8:   00007a90649fe5c8 00007a90649fe5d0 

Instructions: (pc=0x00007a8fea0270f0)
0x00007a8fea026ff0:   89 ee 48 89 c7 49 89 c4 e8 93 81 fc ff 48 83 c4
0x00007a8fea027000:   38 4c 89 e0 5b 5d 41 5c 41 5d c3 0f 1f 44 00 00
0x00007a8fea027010:   41 55 41 54 49 89 f4 55 53 48 89 fb 48 83 ec 38
0x00007a8fea027020:   48 8b 05 79 8a e3 05 48 85 c0 74 54 48 8b 2d 6d
0x00007a8fea027030:   8a e3 05 b8 01 01 00 00 41 80 3c 24 00 66 89 44
0x00007a8fea027040:   24 20 4c 8b 6b 38 74 09 4c 89 24 24 c6 44 24 20
0x00007a8fea027050:   03 bf 40 00 00 00 e8 e5 f1 cf ff 48 89 e2 49 89
0x00007a8fea027060:   d8 4c 89 e9 48 89 ee 48 89 c7 49 89 c4 e8 1e 81
0x00007a8fea027070:   fc ff 48 83 c4 38 4c 89 e0 5b 5d 41 5c 41 5d c3
0x00007a8fea027080:   48 8d 15 c9 9c ff ff 48 8d 35 a2 9c ff ff 48 8d
0x00007a8fea027090:   3d 0b 8a e3 05 e8 66 df ec ff eb 90 0f 1f 40 00
0x00007a8fea0270a0:   e9 3b 7f fc ff 66 2e 0f 1f 84 00 00 00 00 00 90
0x00007a8fea0270b0:   e9 ab 7f fc ff 66 2e 0f 1f 84 00 00 00 00 00 90
0x00007a8fea0270c0:   e9 8b 96 fc ff 66 2e 0f 1f 84 00 00 00 00 00 90
0x00007a8fea0270d0:   e9 fb 95 fc ff 66 2e 0f 1f 84 00 00 00 00 00 90
0x00007a8fea0270e0:   48 8b 47 28 c3 66 2e 0f 1f 84 00 00 00 00 00 90
0x00007a8fea0270f0:   48 8b 47 30 48 83 c7 28 48 39 f8 74 13 48 85 c0
0x00007a8fea027100:   74 0e 48 83 e8 18 c3 66 0f 1f 84 00 00 00 00 00
0x00007a8fea027110:   31 c0 c3 66 2e 0f 1f 84 00 00 00 00 00 0f 1f 00
0x00007a8fea027120:   48 8d 47 28 48 39 47 30 74 16 48 8b 47 28 48 8d
0x00007a8fea027130:   50 e8 48 85 c0 48 0f 45 c2 c3 66 0f 1f 44 00 00
0x00007a8fea027140:   31 c0 c3 66 2e 0f 1f 84 00 00 00 00 00 0f 1f 00
0x00007a8fea027150:   48 85 ff 0f 84 98 0c d0 ff 48 8b 57 28 48 8b 47
0x00007a8fea027160:   20 48 83 c2 28 48 39 d0 74 0e 48 85 c0 74 09 48
0x00007a8fea027170:   83 e8 18 c3 0f 1f 40 00 31 c0 c3 0f 1f 44 00 00
0x00007a8fea027180:   ba 00 00 00 00 48 8d 47 18 48 85 ff 48 0f 44 c2
0x00007a8fea027190:   48 8b 57 28 48 39 42 30 74 16 48 8b 00 48 8d 50
0x00007a8fea0271a0:   e8 48 85 c0 48 0f 45 c2 c3 0f 1f 80 00 00 00 00
0x00007a8fea0271b0:   31 c0 c3 66 2e 0f 1f 84 00 00 00 00 00 0f 1f 00
0x00007a8fea0271c0:   e9 4b 19 09 00 66 2e 0f 1f 84 00 00 00 00 00 90
0x00007a8fea0271d0:   e9 6b 19 09 00 66 2e 0f 1f 84 00 00 00 00 00 90
0x00007a8fea0271e0:   0f b6 57 10 31 c0 80 fa 19 76 0d 80 fa 4f 74 20 


Stack slot to memory mapping:
stack at sp + 0 slots: 0x00007a903019dccf: Java_org_bytedeco_llvm_global_LLVM_LLVMGetFirstInstruction+0x000000000000002f in /home/crz/.javacpp/cache/llvm-13.0.1-1.5.7-linux-x86_64.jar/org/bytedeco/llvm/linux-x86_64/libjniLLVM.so at 0x00007a90300f9000
stack at sp + 1 slots: 0x00007a90649fe618 is pointing into the stack for thread: 0x00007a905c015000
stack at sp + 2 slots: 0x0 is NULL
stack at sp + 3 slots: {method} {0x00007a9031b20180} 'LLVMGetFirstInstruction' '(Lorg/bytedeco/llvm/LLVM/LLVMBasicBlockRef;)Lorg/bytedeco/llvm/LLVM/LLVMValueRef;' in 'org/bytedeco/llvm/global/LLVM'
stack at sp + 4 slots: 0x00007a904460fa30 is at code_begin+944 in an Interpreter codelet
method entry point (kind = native)  [0x00007a904460f680, 0x00007a9044610000]  2432 bytes
stack at sp + 5 slots: 0x000000071787dcb8 points into unknown readable memory: 0x0000000000000005 | 05 00 00 00 00 00 00 00
stack at sp + 6 slots: 0x00007a90649fe5c8 is pointing into the stack for thread: 0x00007a905c015000
stack at sp + 7 slots: 0x00007a90649fe5d0 is pointing into the stack for thread: 0x00007a905c015000


---------------  P R O C E S S  ---------------

Threads class SMR info:
_java_thread_list=0x00007a8ff0008ee0, length=13, elements={
0x00007a905c015000, 0x00007a905c1ec000, 0x00007a905c1ee000, 0x00007a905c1f3800,
0x00007a905c1f5800, 0x00007a905c1f8000, 0x00007a905c1fa000, 0x00007a905c1fc000,
0x00007a90080a6000, 0x00007a905c22f000, 0x00007a900417a800, 0x00007a905c40c800,
0x00007a8ff0007800
}

Java Threads: ( => current thread )
=>0x00007a905c015000 JavaThread "main" [_thread_in_native, id=13753, stack(0x00007a9064900000,0x00007a9064a00000)]
  0x00007a905c1ec000 JavaThread "Reference Handler" daemon [_thread_blocked, id=13760, stack(0x00007a90313fd000,0x00007a90314fd000)]
  0x00007a905c1ee000 JavaThread "Finalizer" daemon [_thread_blocked, id=13761, stack(0x00007a90312fd000,0x00007a90313fd000)]
  0x00007a905c1f3800 JavaThread "Signal Dispatcher" daemon [_thread_blocked, id=13762, stack(0x00007a90311fd000,0x00007a90312fd000)]
  0x00007a905c1f5800 JavaThread "Service Thread" daemon [_thread_blocked, id=13763, stack(0x00007a9030b00000,0x00007a9030c00000)]
  0x00007a905c1f8000 JavaThread "C2 CompilerThread0" daemon [_thread_blocked, id=13764, stack(0x00007a9030a00000,0x00007a9030b00000)]
  0x00007a905c1fa000 JavaThread "C1 CompilerThread0" daemon [_thread_blocked, id=13765, stack(0x00007a9030900000,0x00007a9030a00000)]
  0x00007a905c1fc000 JavaThread "Sweeper thread" daemon [_thread_blocked, id=13766, stack(0x00007a9030800000,0x00007a9030900000)]
  0x00007a90080a6000 JavaThread "C1 CompilerThread1" daemon [_thread_blocked, id=13767, stack(0x00007a9030700000,0x00007a9030800000)]
  0x00007a905c22f000 JavaThread "Common-Cleaner" daemon [_thread_blocked, id=13769, stack(0x00007a90304ff000,0x00007a90305ff000)]
  0x00007a900417a800 JavaThread "C1 CompilerThread2" daemon [_thread_blocked, id=13770, stack(0x00007a90303ff000,0x00007a90304ff000)]
  0x00007a905c40c800 JavaThread "JavaCPP Deallocator" daemon [_thread_blocked, id=13771, stack(0x00007a90302ff000,0x00007a90303ff000)]
  0x00007a8ff0007800 JavaThread "C2 CompilerThread1" daemon [_thread_blocked, id=13772, stack(0x00007a90301ff000,0x00007a90302ff000)]

Other Threads:
  0x00007a905c1e9000 VMThread "VM Thread" [stack: 0x00007a90314fe000,0x00007a90315fe000] [id=13759]
  0x00007a905c22c800 WatcherThread [stack: 0x00007a9030600000,0x00007a9030700000] [id=13768]
  0x00007a905c02f800 GCTaskThread "GC Thread#0" [stack: 0x00007a9063017000,0x00007a9063117000] [id=13754]
  0x00007a905c08d800 ConcurrentGCThread "G1 Main Marker" [stack: 0x00007a90606e2000,0x00007a90607e2000] [id=13755]
  0x00007a905c08f800 ConcurrentGCThread "G1 Conc#0" [stack: 0x00007a90605e1000,0x00007a90606e1000] [id=13756]
  0x00007a905c1aa800 ConcurrentGCThread "G1 Refine#0" [stack: 0x00007a9031f00000,0x00007a9032000000] [id=13757]
  0x00007a905c1ac800 ConcurrentGCThread "G1 Young RemSet Sampling" [stack: 0x00007a9031dff000,0x00007a9031eff000] [id=13758]

Threads with active compile tasks:

VM state:not at safepoint (normal execution)

VM Mutex/Monitor currently owned by a thread: None

Heap address: 0x0000000708c00000, size: 3956 MB, Compressed Oops mode: Zero based, Oop shift amount: 3
Narrow klass base: 0x0000000800000000, Narrow klass shift: 3
Compressed class space size: 1073741824 Address: 0x0000000840000000

Heap:
 garbage-first heap   total 256000K, used 11984K [0x0000000708c00000, 0x0000000800000000)
  region size 1024K, 12 young (12288K), 0 survivors (0K)
 Metaspace       used 4170K, capacity 6883K, committed 7168K, reserved 1056768K
  class space    used 431K, capacity 720K, committed 768K, reserved 1048576K
Heap Regions: E=young(eden), S=young(survivor), O=old, HS=humongous(starts), HC=humongous(continues), CS=collection set, F=free, A=archive, TAMS=top-at-mark-start (previous, next)
|   0|0x0000000708c00000, 0x0000000708c00000, 0x0000000708d00000|  0%| F|  |TAMS 0x0000000708c00000, 0x0000000708c00000| Untracked 
|   1|0x0000000708d00000, 0x0000000708d00000, 0x0000000708e00000|  0%| F|  |TAMS 0x0000000708d00000, 0x0000000708d00000| Untracked 
|   2|0x0000000708e00000, 0x0000000708e00000, 0x0000000708f00000|  0%| F|  |TAMS 0x0000000708e00000, 0x0000000708e00000| Untracked 
|   3|0x0000000708f00000, 0x0000000708f00000, 0x0000000709000000|  0%| F|  |TAMS 0x0000000708f00000, 0x0000000708f00000| Untracked 
|   4|0x0000000709000000, 0x0000000709000000, 0x0000000709100000|  0%| F|  |TAMS 0x0000000709000000, 0x0000000709000000| Untracked 
|   5|0x0000000709100000, 0x0000000709100000, 0x0000000709200000|  0%| F|  |TAMS 0x0000000709100000, 0x0000000709100000| Untracked 
|   6|0x0000000709200000, 0x0000000709200000, 0x0000000709300000|  0%| F|  |TAMS 0x0000000709200000, 0x0000000709200000| Untracked 
|   7|0x0000000709300000, 0x0000000709300000, 0x0000000709400000|  0%| F|  |TAMS 0x0000000709300000, 0x0000000709300000| Untracked 
|   8|0x0000000709400000, 0x0000000709400000, 0x0000000709500000|  0%| F|  |TAMS 0x0000000709400000, 0x0000000709400000| Untracked 
|   9|0x0000000709500000, 0x0000000709500000, 0x0000000709600000|  0%| F|  |TAMS 0x0000000709500000, 0x0000000709500000| Untracked 
|  10|0x0000000709600000, 0x0000000709600000, 0x0000000709700000|  0%| F|  |TAMS 0x0000000709600000, 0x0000000709600000| Untracked 
|  11|0x0000000709700000, 0x0000000709700000, 0x0000000709800000|  0%| F|  |TAMS 0x0000000709700000, 0x0000000709700000| Untracked 
|  12|0x0000000709800000, 0x0000000709800000, 0x0000000709900000|  0%| F|  |TAMS 0x0000000709800000, 0x0000000709800000| Untracked 
|  13|0x0000000709900000, 0x0000000709900000, 0x0000000709a00000|  0%| F|  |TAMS 0x0000000709900000, 0x0000000709900000| Untracked 
|  14|0x0000000709a00000, 0x0000000709a00000, 0x0000000709b00000|  0%| F|  |TAMS 0x0000000709a00000, 0x0000000709a00000| Untracked 
|  15|0x0000000709b00000, 0x0000000709b00000, 0x0000000709c00000|  0%| F|  |TAMS 0x0000000709b00000, 0x0000000709b00000| Untracked 
|  16|0x0000000709c00000, 0x0000000709c00000, 0x0000000709d00000|  0%| F|  |TAMS 0x0000000709c00000, 0x0000000709c00000| Untracked 
|  17|0x0000000709d00000, 0x0000000709d00000, 0x0000000709e00000|  0%| F|  |TAMS 0x0000000709d00000, 0x0000000709d00000| Untracked 
|  18|0x0000000709e00000, 0x0000000709e00000, 0x0000000709f00000|  0%| F|  |TAMS 0x0000000709e00000, 0x0000000709e00000| Untracked 
|  19|0x0000000709f00000, 0x0000000709f00000, 0x000000070a000000|  0%| F|  |TAMS 0x0000000709f00000, 0x0000000709f00000| Untracked 
|  20|0x000000070a000000, 0x000000070a000000, 0x000000070a100000|  0%| F|  |TAMS 0x000000070a000000, 0x000000070a000000| Untracked 
|  21|0x000000070a100000, 0x000000070a100000, 0x000000070a200000|  0%| F|  |TAMS 0x000000070a100000, 0x000000070a100000| Untracked 
|  22|0x000000070a200000, 0x000000070a200000, 0x000000070a300000|  0%| F|  |TAMS 0x000000070a200000, 0x000000070a200000| Untracked 
|  23|0x000000070a300000, 0x000000070a300000, 0x000000070a400000|  0%| F|  |TAMS 0x000000070a300000, 0x000000070a300000| Untracked 
|  24|0x000000070a400000, 0x000000070a400000, 0x000000070a500000|  0%| F|  |TAMS 0x000000070a400000, 0x000000070a400000| Untracked 
|  25|0x000000070a500000, 0x000000070a500000, 0x000000070a600000|  0%| F|  |TAMS 0x000000070a500000, 0x000000070a500000| Untracked 
|  26|0x000000070a600000, 0x000000070a600000, 0x000000070a700000|  0%| F|  |TAMS 0x000000070a600000, 0x000000070a600000| Untracked 
|  27|0x000000070a700000, 0x000000070a700000, 0x000000070a800000|  0%| F|  |TAMS 0x000000070a700000, 0x000000070a700000| Untracked 
|  28|0x000000070a800000, 0x000000070a800000, 0x000000070a900000|  0%| F|  |TAMS 0x000000070a800000, 0x000000070a800000| Untracked 
|  29|0x000000070a900000, 0x000000070a900000, 0x000000070aa00000|  0%| F|  |TAMS 0x000000070a900000, 0x000000070a900000| Untracked 
|  30|0x000000070aa00000, 0x000000070aa00000, 0x000000070ab00000|  0%| F|  |TAMS 0x000000070aa00000, 0x000000070aa00000| Untracked 
|  31|0x000000070ab00000, 0x000000070ab00000, 0x000000070ac00000|  0%| F|  |TAMS 0x000000070ab00000, 0x000000070ab00000| Untracked 
|  32|0x000000070ac00000, 0x000000070ac00000, 0x000000070ad00000|  0%| F|  |TAMS 0x000000070ac00000, 0x000000070ac00000| Untracked 
|  33|0x000000070ad00000, 0x000000070ad00000, 0x000000070ae00000|  0%| F|  |TAMS 0x000000070ad00000, 0x000000070ad00000| Untracked 
|  34|0x000000070ae00000, 0x000000070ae00000, 0x000000070af00000|  0%| F|  |TAMS 0x000000070ae00000, 0x000000070ae00000| Untracked 
|  35|0x000000070af00000, 0x000000070af00000, 0x000000070b000000|  0%| F|  |TAMS 0x000000070af00000, 0x000000070af00000| Untracked 
|  36|0x000000070b000000, 0x000000070b000000, 0x000000070b100000|  0%| F|  |TAMS 0x000000070b000000, 0x000000070b000000| Untracked 
|  37|0x000000070b100000, 0x000000070b100000, 0x000000070b200000|  0%| F|  |TAMS 0x000000070b100000, 0x000000070b100000| Untracked 
|  38|0x000000070b200000, 0x000000070b200000, 0x000000070b300000|  0%| F|  |TAMS 0x000000070b200000, 0x000000070b200000| Untracked 
|  39|0x000000070b300000, 0x000000070b300000, 0x000000070b400000|  0%| F|  |TAMS 0x000000070b300000, 0x000000070b300000| Untracked 
|  40|0x000000070b400000, 0x000000070b400000, 0x000000070b500000|  0%| F|  |TAMS 0x000000070b400000, 0x000000070b400000| Untracked 
|  41|0x000000070b500000, 0x000000070b500000, 0x000000070b600000|  0%| F|  |TAMS 0x000000070b500000, 0x000000070b500000| Untracked 
|  42|0x000000070b600000, 0x000000070b600000, 0x000000070b700000|  0%| F|  |TAMS 0x000000070b600000, 0x000000070b600000| Untracked 
|  43|0x000000070b700000, 0x000000070b700000, 0x000000070b800000|  0%| F|  |TAMS 0x000000070b700000, 0x000000070b700000| Untracked 
|  44|0x000000070b800000, 0x000000070b800000, 0x000000070b900000|  0%| F|  |TAMS 0x000000070b800000, 0x000000070b800000| Untracked 
|  45|0x000000070b900000, 0x000000070b900000, 0x000000070ba00000|  0%| F|  |TAMS 0x000000070b900000, 0x000000070b900000| Untracked 
|  46|0x000000070ba00000, 0x000000070ba00000, 0x000000070bb00000|  0%| F|  |TAMS 0x000000070ba00000, 0x000000070ba00000| Untracked 
|  47|0x000000070bb00000, 0x000000070bb00000, 0x000000070bc00000|  0%| F|  |TAMS 0x000000070bb00000, 0x000000070bb00000| Untracked 
|  48|0x000000070bc00000, 0x000000070bc00000, 0x000000070bd00000|  0%| F|  |TAMS 0x000000070bc00000, 0x000000070bc00000| Untracked 
|  49|0x000000070bd00000, 0x000000070bd00000, 0x000000070be00000|  0%| F|  |TAMS 0x000000070bd00000, 0x000000070bd00000| Untracked 
|  50|0x000000070be00000, 0x000000070be00000, 0x000000070bf00000|  0%| F|  |TAMS 0x000000070be00000, 0x000000070be00000| Untracked 
|  51|0x000000070bf00000, 0x000000070bf00000, 0x000000070c000000|  0%| F|  |TAMS 0x000000070bf00000, 0x000000070bf00000| Untracked 
|  52|0x000000070c000000, 0x000000070c000000, 0x000000070c100000|  0%| F|  |TAMS 0x000000070c000000, 0x000000070c000000| Untracked 
|  53|0x000000070c100000, 0x000000070c100000, 0x000000070c200000|  0%| F|  |TAMS 0x000000070c100000, 0x000000070c100000| Untracked 
|  54|0x000000070c200000, 0x000000070c200000, 0x000000070c300000|  0%| F|  |TAMS 0x000000070c200000, 0x000000070c200000| Untracked 
|  55|0x000000070c300000, 0x000000070c300000, 0x000000070c400000|  0%| F|  |TAMS 0x000000070c300000, 0x000000070c300000| Untracked 
|  56|0x000000070c400000, 0x000000070c400000, 0x000000070c500000|  0%| F|  |TAMS 0x000000070c400000, 0x000000070c400000| Untracked 
|  57|0x000000070c500000, 0x000000070c500000, 0x000000070c600000|  0%| F|  |TAMS 0x000000070c500000, 0x000000070c500000| Untracked 
|  58|0x000000070c600000, 0x000000070c600000, 0x000000070c700000|  0%| F|  |TAMS 0x000000070c600000, 0x000000070c600000| Untracked 
|  59|0x000000070c700000, 0x000000070c700000, 0x000000070c800000|  0%| F|  |TAMS 0x000000070c700000, 0x000000070c700000| Untracked 
|  60|0x000000070c800000, 0x000000070c800000, 0x000000070c900000|  0%| F|  |TAMS 0x000000070c800000, 0x000000070c800000| Untracked 
|  61|0x000000070c900000, 0x000000070c900000, 0x000000070ca00000|  0%| F|  |TAMS 0x000000070c900000, 0x000000070c900000| Untracked 
|  62|0x000000070ca00000, 0x000000070ca00000, 0x000000070cb00000|  0%| F|  |TAMS 0x000000070ca00000, 0x000000070ca00000| Untracked 
|  63|0x000000070cb00000, 0x000000070cb00000, 0x000000070cc00000|  0%| F|  |TAMS 0x000000070cb00000, 0x000000070cb00000| Untracked 
|  64|0x000000070cc00000, 0x000000070cc00000, 0x000000070cd00000|  0%| F|  |TAMS 0x000000070cc00000, 0x000000070cc00000| Untracked 
|  65|0x000000070cd00000, 0x000000070cd00000, 0x000000070ce00000|  0%| F|  |TAMS 0x000000070cd00000, 0x000000070cd00000| Untracked 
|  66|0x000000070ce00000, 0x000000070ce00000, 0x000000070cf00000|  0%| F|  |TAMS 0x000000070ce00000, 0x000000070ce00000| Untracked 
|  67|0x000000070cf00000, 0x000000070cf00000, 0x000000070d000000|  0%| F|  |TAMS 0x000000070cf00000, 0x000000070cf00000| Untracked 
|  68|0x000000070d000000, 0x000000070d000000, 0x000000070d100000|  0%| F|  |TAMS 0x000000070d000000, 0x000000070d000000| Untracked 
|  69|0x000000070d100000, 0x000000070d100000, 0x000000070d200000|  0%| F|  |TAMS 0x000000070d100000, 0x000000070d100000| Untracked 
|  70|0x000000070d200000, 0x000000070d200000, 0x000000070d300000|  0%| F|  |TAMS 0x000000070d200000, 0x000000070d200000| Untracked 
|  71|0x000000070d300000, 0x000000070d300000, 0x000000070d400000|  0%| F|  |TAMS 0x000000070d300000, 0x000000070d300000| Untracked 
|  72|0x000000070d400000, 0x000000070d400000, 0x000000070d500000|  0%| F|  |TAMS 0x000000070d400000, 0x000000070d400000| Untracked 
|  73|0x000000070d500000, 0x000000070d500000, 0x000000070d600000|  0%| F|  |TAMS 0x000000070d500000, 0x000000070d500000| Untracked 
|  74|0x000000070d600000, 0x000000070d600000, 0x000000070d700000|  0%| F|  |TAMS 0x000000070d600000, 0x000000070d600000| Untracked 
|  75|0x000000070d700000, 0x000000070d700000, 0x000000070d800000|  0%| F|  |TAMS 0x000000070d700000, 0x000000070d700000| Untracked 
|  76|0x000000070d800000, 0x000000070d800000, 0x000000070d900000|  0%| F|  |TAMS 0x000000070d800000, 0x000000070d800000| Untracked 
|  77|0x000000070d900000, 0x000000070d900000, 0x000000070da00000|  0%| F|  |TAMS 0x000000070d900000, 0x000000070d900000| Untracked 
|  78|0x000000070da00000, 0x000000070da00000, 0x000000070db00000|  0%| F|  |TAMS 0x000000070da00000, 0x000000070da00000| Untracked 
|  79|0x000000070db00000, 0x000000070db00000, 0x000000070dc00000|  0%| F|  |TAMS 0x000000070db00000, 0x000000070db00000| Untracked 
|  80|0x000000070dc00000, 0x000000070dc00000, 0x000000070dd00000|  0%| F|  |TAMS 0x000000070dc00000, 0x000000070dc00000| Untracked 
|  81|0x000000070dd00000, 0x000000070dd00000, 0x000000070de00000|  0%| F|  |TAMS 0x000000070dd00000, 0x000000070dd00000| Untracked 
|  82|0x000000070de00000, 0x000000070de00000, 0x000000070df00000|  0%| F|  |TAMS 0x000000070de00000, 0x000000070de00000| Untracked 
|  83|0x000000070df00000, 0x000000070df00000, 0x000000070e000000|  0%| F|  |TAMS 0x000000070df00000, 0x000000070df00000| Untracked 
|  84|0x000000070e000000, 0x000000070e000000, 0x000000070e100000|  0%| F|  |TAMS 0x000000070e000000, 0x000000070e000000| Untracked 
|  85|0x000000070e100000, 0x000000070e100000, 0x000000070e200000|  0%| F|  |TAMS 0x000000070e100000, 0x000000070e100000| Untracked 
|  86|0x000000070e200000, 0x000000070e200000, 0x000000070e300000|  0%| F|  |TAMS 0x000000070e200000, 0x000000070e200000| Untracked 
|  87|0x000000070e300000, 0x000000070e300000, 0x000000070e400000|  0%| F|  |TAMS 0x000000070e300000, 0x000000070e300000| Untracked 
|  88|0x000000070e400000, 0x000000070e400000, 0x000000070e500000|  0%| F|  |TAMS 0x000000070e400000, 0x000000070e400000| Untracked 
|  89|0x000000070e500000, 0x000000070e500000, 0x000000070e600000|  0%| F|  |TAMS 0x000000070e500000, 0x000000070e500000| Untracked 
|  90|0x000000070e600000, 0x000000070e600000, 0x000000070e700000|  0%| F|  |TAMS 0x000000070e600000, 0x000000070e600000| Untracked 
|  91|0x000000070e700000, 0x000000070e700000, 0x000000070e800000|  0%| F|  |TAMS 0x000000070e700000, 0x000000070e700000| Untracked 
|  92|0x000000070e800000, 0x000000070e800000, 0x000000070e900000|  0%| F|  |TAMS 0x000000070e800000, 0x000000070e800000| Untracked 
|  93|0x000000070e900000, 0x000000070e900000, 0x000000070ea00000|  0%| F|  |TAMS 0x000000070e900000, 0x000000070e900000| Untracked 
|  94|0x000000070ea00000, 0x000000070ea00000, 0x000000070eb00000|  0%| F|  |TAMS 0x000000070ea00000, 0x000000070ea00000| Untracked 
|  95|0x000000070eb00000, 0x000000070eb00000, 0x000000070ec00000|  0%| F|  |TAMS 0x000000070eb00000, 0x000000070eb00000| Untracked 
|  96|0x000000070ec00000, 0x000000070ec00000, 0x000000070ed00000|  0%| F|  |TAMS 0x000000070ec00000, 0x000000070ec00000| Untracked 
|  97|0x000000070ed00000, 0x000000070ed00000, 0x000000070ee00000|  0%| F|  |TAMS 0x000000070ed00000, 0x000000070ed00000| Untracked 
|  98|0x000000070ee00000, 0x000000070ee00000, 0x000000070ef00000|  0%| F|  |TAMS 0x000000070ee00000, 0x000000070ee00000| Untracked 
|  99|0x000000070ef00000, 0x000000070ef00000, 0x000000070f000000|  0%| F|  |TAMS 0x000000070ef00000, 0x000000070ef00000| Untracked 
| 100|0x000000070f000000, 0x000000070f000000, 0x000000070f100000|  0%| F|  |TAMS 0x000000070f000000, 0x000000070f000000| Untracked 
| 101|0x000000070f100000, 0x000000070f100000, 0x000000070f200000|  0%| F|  |TAMS 0x000000070f100000, 0x000000070f100000| Untracked 
| 102|0x000000070f200000, 0x000000070f200000, 0x000000070f300000|  0%| F|  |TAMS 0x000000070f200000, 0x000000070f200000| Untracked 
| 103|0x000000070f300000, 0x000000070f300000, 0x000000070f400000|  0%| F|  |TAMS 0x000000070f300000, 0x000000070f300000| Untracked 
| 104|0x000000070f400000, 0x000000070f400000, 0x000000070f500000|  0%| F|  |TAMS 0x000000070f400000, 0x000000070f400000| Untracked 
| 105|0x000000070f500000, 0x000000070f500000, 0x000000070f600000|  0%| F|  |TAMS 0x000000070f500000, 0x000000070f500000| Untracked 
| 106|0x000000070f600000, 0x000000070f600000, 0x000000070f700000|  0%| F|  |TAMS 0x000000070f600000, 0x000000070f600000| Untracked 
| 107|0x000000070f700000, 0x000000070f700000, 0x000000070f800000|  0%| F|  |TAMS 0x000000070f700000, 0x000000070f700000| Untracked 
| 108|0x000000070f800000, 0x000000070f800000, 0x000000070f900000|  0%| F|  |TAMS 0x000000070f800000, 0x000000070f800000| Untracked 
| 109|0x000000070f900000, 0x000000070f900000, 0x000000070fa00000|  0%| F|  |TAMS 0x000000070f900000, 0x000000070f900000| Untracked 
| 110|0x000000070fa00000, 0x000000070fa00000, 0x000000070fb00000|  0%| F|  |TAMS 0x000000070fa00000, 0x000000070fa00000| Untracked 
| 111|0x000000070fb00000, 0x000000070fb00000, 0x000000070fc00000|  0%| F|  |TAMS 0x000000070fb00000, 0x000000070fb00000| Untracked 
| 112|0x000000070fc00000, 0x000000070fc00000, 0x000000070fd00000|  0%| F|  |TAMS 0x000000070fc00000, 0x000000070fc00000| Untracked 
| 113|0x000000070fd00000, 0x000000070fd00000, 0x000000070fe00000|  0%| F|  |TAMS 0x000000070fd00000, 0x000000070fd00000| Untracked 
| 114|0x000000070fe00000, 0x000000070fe00000, 0x000000070ff00000|  0%| F|  |TAMS 0x000000070fe00000, 0x000000070fe00000| Untracked 
| 115|0x000000070ff00000, 0x000000070ff00000, 0x0000000710000000|  0%| F|  |TAMS 0x000000070ff00000, 0x000000070ff00000| Untracked 
| 116|0x0000000710000000, 0x0000000710000000, 0x0000000710100000|  0%| F|  |TAMS 0x0000000710000000, 0x0000000710000000| Untracked 
| 117|0x0000000710100000, 0x0000000710100000, 0x0000000710200000|  0%| F|  |TAMS 0x0000000710100000, 0x0000000710100000| Untracked 
| 118|0x0000000710200000, 0x0000000710200000, 0x0000000710300000|  0%| F|  |TAMS 0x0000000710200000, 0x0000000710200000| Untracked 
| 119|0x0000000710300000, 0x0000000710300000, 0x0000000710400000|  0%| F|  |TAMS 0x0000000710300000, 0x0000000710300000| Untracked 
| 120|0x0000000710400000, 0x0000000710400000, 0x0000000710500000|  0%| F|  |TAMS 0x0000000710400000, 0x0000000710400000| Untracked 
| 121|0x0000000710500000, 0x0000000710500000, 0x0000000710600000|  0%| F|  |TAMS 0x0000000710500000, 0x0000000710500000| Untracked 
| 122|0x0000000710600000, 0x0000000710600000, 0x0000000710700000|  0%| F|  |TAMS 0x0000000710600000, 0x0000000710600000| Untracked 
| 123|0x0000000710700000, 0x0000000710700000, 0x0000000710800000|  0%| F|  |TAMS 0x0000000710700000, 0x0000000710700000| Untracked 
| 124|0x0000000710800000, 0x0000000710800000, 0x0000000710900000|  0%| F|  |TAMS 0x0000000710800000, 0x0000000710800000| Untracked 
| 125|0x0000000710900000, 0x0000000710900000, 0x0000000710a00000|  0%| F|  |TAMS 0x0000000710900000, 0x0000000710900000| Untracked 
| 126|0x0000000710a00000, 0x0000000710a00000, 0x0000000710b00000|  0%| F|  |TAMS 0x0000000710a00000, 0x0000000710a00000| Untracked 
| 127|0x0000000710b00000, 0x0000000710b00000, 0x0000000710c00000|  0%| F|  |TAMS 0x0000000710b00000, 0x0000000710b00000| Untracked 
| 128|0x0000000710c00000, 0x0000000710c00000, 0x0000000710d00000|  0%| F|  |TAMS 0x0000000710c00000, 0x0000000710c00000| Untracked 
| 129|0x0000000710d00000, 0x0000000710d00000, 0x0000000710e00000|  0%| F|  |TAMS 0x0000000710d00000, 0x0000000710d00000| Untracked 
| 130|0x0000000710e00000, 0x0000000710e00000, 0x0000000710f00000|  0%| F|  |TAMS 0x0000000710e00000, 0x0000000710e00000| Untracked 
| 131|0x0000000710f00000, 0x0000000710f00000, 0x0000000711000000|  0%| F|  |TAMS 0x0000000710f00000, 0x0000000710f00000| Untracked 
| 132|0x0000000711000000, 0x0000000711000000, 0x0000000711100000|  0%| F|  |TAMS 0x0000000711000000, 0x0000000711000000| Untracked 
| 133|0x0000000711100000, 0x0000000711100000, 0x0000000711200000|  0%| F|  |TAMS 0x0000000711100000, 0x0000000711100000| Untracked 
| 134|0x0000000711200000, 0x0000000711200000, 0x0000000711300000|  0%| F|  |TAMS 0x0000000711200000, 0x0000000711200000| Untracked 
| 135|0x0000000711300000, 0x0000000711300000, 0x0000000711400000|  0%| F|  |TAMS 0x0000000711300000, 0x0000000711300000| Untracked 
| 136|0x0000000711400000, 0x0000000711400000, 0x0000000711500000|  0%| F|  |TAMS 0x0000000711400000, 0x0000000711400000| Untracked 
| 137|0x0000000711500000, 0x0000000711500000, 0x0000000711600000|  0%| F|  |TAMS 0x0000000711500000, 0x0000000711500000| Untracked 
| 138|0x0000000711600000, 0x0000000711600000, 0x0000000711700000|  0%| F|  |TAMS 0x0000000711600000, 0x0000000711600000| Untracked 
| 139|0x0000000711700000, 0x0000000711700000, 0x0000000711800000|  0%| F|  |TAMS 0x0000000711700000, 0x0000000711700000| Untracked 
| 140|0x0000000711800000, 0x0000000711800000, 0x0000000711900000|  0%| F|  |TAMS 0x0000000711800000, 0x0000000711800000| Untracked 
| 141|0x0000000711900000, 0x0000000711900000, 0x0000000711a00000|  0%| F|  |TAMS 0x0000000711900000, 0x0000000711900000| Untracked 
| 142|0x0000000711a00000, 0x0000000711a00000, 0x0000000711b00000|  0%| F|  |TAMS 0x0000000711a00000, 0x0000000711a00000| Untracked 
| 143|0x0000000711b00000, 0x0000000711b00000, 0x0000000711c00000|  0%| F|  |TAMS 0x0000000711b00000, 0x0000000711b00000| Untracked 
| 144|0x0000000711c00000, 0x0000000711c00000, 0x0000000711d00000|  0%| F|  |TAMS 0x0000000711c00000, 0x0000000711c00000| Untracked 
| 145|0x0000000711d00000, 0x0000000711d00000, 0x0000000711e00000|  0%| F|  |TAMS 0x0000000711d00000, 0x0000000711d00000| Untracked 
| 146|0x0000000711e00000, 0x0000000711e00000, 0x0000000711f00000|  0%| F|  |TAMS 0x0000000711e00000, 0x0000000711e00000| Untracked 
| 147|0x0000000711f00000, 0x0000000711f00000, 0x0000000712000000|  0%| F|  |TAMS 0x0000000711f00000, 0x0000000711f00000| Untracked 
| 148|0x0000000712000000, 0x0000000712000000, 0x0000000712100000|  0%| F|  |TAMS 0x0000000712000000, 0x0000000712000000| Untracked 
| 149|0x0000000712100000, 0x0000000712100000, 0x0000000712200000|  0%| F|  |TAMS 0x0000000712100000, 0x0000000712100000| Untracked 
| 150|0x0000000712200000, 0x0000000712200000, 0x0000000712300000|  0%| F|  |TAMS 0x0000000712200000, 0x0000000712200000| Untracked 
| 151|0x0000000712300000, 0x0000000712300000, 0x0000000712400000|  0%| F|  |TAMS 0x0000000712300000, 0x0000000712300000| Untracked 
| 152|0x0000000712400000, 0x0000000712400000, 0x0000000712500000|  0%| F|  |TAMS 0x0000000712400000, 0x0000000712400000| Untracked 
| 153|0x0000000712500000, 0x0000000712500000, 0x0000000712600000|  0%| F|  |TAMS 0x0000000712500000, 0x0000000712500000| Untracked 
| 154|0x0000000712600000, 0x0000000712600000, 0x0000000712700000|  0%| F|  |TAMS 0x0000000712600000, 0x0000000712600000| Untracked 
| 155|0x0000000712700000, 0x0000000712700000, 0x0000000712800000|  0%| F|  |TAMS 0x0000000712700000, 0x0000000712700000| Untracked 
| 156|0x0000000712800000, 0x0000000712800000, 0x0000000712900000|  0%| F|  |TAMS 0x0000000712800000, 0x0000000712800000| Untracked 
| 157|0x0000000712900000, 0x0000000712900000, 0x0000000712a00000|  0%| F|  |TAMS 0x0000000712900000, 0x0000000712900000| Untracked 
| 158|0x0000000712a00000, 0x0000000712a00000, 0x0000000712b00000|  0%| F|  |TAMS 0x0000000712a00000, 0x0000000712a00000| Untracked 
| 159|0x0000000712b00000, 0x0000000712b00000, 0x0000000712c00000|  0%| F|  |TAMS 0x0000000712b00000, 0x0000000712b00000| Untracked 
| 160|0x0000000712c00000, 0x0000000712c00000, 0x0000000712d00000|  0%| F|  |TAMS 0x0000000712c00000, 0x0000000712c00000| Untracked 
| 161|0x0000000712d00000, 0x0000000712d00000, 0x0000000712e00000|  0%| F|  |TAMS 0x0000000712d00000, 0x0000000712d00000| Untracked 
| 162|0x0000000712e00000, 0x0000000712e00000, 0x0000000712f00000|  0%| F|  |TAMS 0x0000000712e00000, 0x0000000712e00000| Untracked 
| 163|0x0000000712f00000, 0x0000000712f00000, 0x0000000713000000|  0%| F|  |TAMS 0x0000000712f00000, 0x0000000712f00000| Untracked 
| 164|0x0000000713000000, 0x0000000713000000, 0x0000000713100000|  0%| F|  |TAMS 0x0000000713000000, 0x0000000713000000| Untracked 
| 165|0x0000000713100000, 0x0000000713100000, 0x0000000713200000|  0%| F|  |TAMS 0x0000000713100000, 0x0000000713100000| Untracked 
| 166|0x0000000713200000, 0x0000000713200000, 0x0000000713300000|  0%| F|  |TAMS 0x0000000713200000, 0x0000000713200000| Untracked 
| 167|0x0000000713300000, 0x0000000713300000, 0x0000000713400000|  0%| F|  |TAMS 0x0000000713300000, 0x0000000713300000| Untracked 
| 168|0x0000000713400000, 0x0000000713400000, 0x0000000713500000|  0%| F|  |TAMS 0x0000000713400000, 0x0000000713400000| Untracked 
| 169|0x0000000713500000, 0x0000000713500000, 0x0000000713600000|  0%| F|  |TAMS 0x0000000713500000, 0x0000000713500000| Untracked 
| 170|0x0000000713600000, 0x0000000713600000, 0x0000000713700000|  0%| F|  |TAMS 0x0000000713600000, 0x0000000713600000| Untracked 
| 171|0x0000000713700000, 0x0000000713700000, 0x0000000713800000|  0%| F|  |TAMS 0x0000000713700000, 0x0000000713700000| Untracked 
| 172|0x0000000713800000, 0x0000000713800000, 0x0000000713900000|  0%| F|  |TAMS 0x0000000713800000, 0x0000000713800000| Untracked 
| 173|0x0000000713900000, 0x0000000713900000, 0x0000000713a00000|  0%| F|  |TAMS 0x0000000713900000, 0x0000000713900000| Untracked 
| 174|0x0000000713a00000, 0x0000000713a00000, 0x0000000713b00000|  0%| F|  |TAMS 0x0000000713a00000, 0x0000000713a00000| Untracked 
| 175|0x0000000713b00000, 0x0000000713b00000, 0x0000000713c00000|  0%| F|  |TAMS 0x0000000713b00000, 0x0000000713b00000| Untracked 
| 176|0x0000000713c00000, 0x0000000713c00000, 0x0000000713d00000|  0%| F|  |TAMS 0x0000000713c00000, 0x0000000713c00000| Untracked 
| 177|0x0000000713d00000, 0x0000000713d00000, 0x0000000713e00000|  0%| F|  |TAMS 0x0000000713d00000, 0x0000000713d00000| Untracked 
| 178|0x0000000713e00000, 0x0000000713e00000, 0x0000000713f00000|  0%| F|  |TAMS 0x0000000713e00000, 0x0000000713e00000| Untracked 
| 179|0x0000000713f00000, 0x0000000713f00000, 0x0000000714000000|  0%| F|  |TAMS 0x0000000713f00000, 0x0000000713f00000| Untracked 
| 180|0x0000000714000000, 0x0000000714000000, 0x0000000714100000|  0%| F|  |TAMS 0x0000000714000000, 0x0000000714000000| Untracked 
| 181|0x0000000714100000, 0x0000000714100000, 0x0000000714200000|  0%| F|  |TAMS 0x0000000714100000, 0x0000000714100000| Untracked 
| 182|0x0000000714200000, 0x0000000714200000, 0x0000000714300000|  0%| F|  |TAMS 0x0000000714200000, 0x0000000714200000| Untracked 
| 183|0x0000000714300000, 0x0000000714300000, 0x0000000714400000|  0%| F|  |TAMS 0x0000000714300000, 0x0000000714300000| Untracked 
| 184|0x0000000714400000, 0x0000000714400000, 0x0000000714500000|  0%| F|  |TAMS 0x0000000714400000, 0x0000000714400000| Untracked 
| 185|0x0000000714500000, 0x0000000714500000, 0x0000000714600000|  0%| F|  |TAMS 0x0000000714500000, 0x0000000714500000| Untracked 
| 186|0x0000000714600000, 0x0000000714600000, 0x0000000714700000|  0%| F|  |TAMS 0x0000000714600000, 0x0000000714600000| Untracked 
| 187|0x0000000714700000, 0x0000000714700000, 0x0000000714800000|  0%| F|  |TAMS 0x0000000714700000, 0x0000000714700000| Untracked 
| 188|0x0000000714800000, 0x0000000714800000, 0x0000000714900000|  0%| F|  |TAMS 0x0000000714800000, 0x0000000714800000| Untracked 
| 189|0x0000000714900000, 0x0000000714900000, 0x0000000714a00000|  0%| F|  |TAMS 0x0000000714900000, 0x0000000714900000| Untracked 
| 190|0x0000000714a00000, 0x0000000714a00000, 0x0000000714b00000|  0%| F|  |TAMS 0x0000000714a00000, 0x0000000714a00000| Untracked 
| 191|0x0000000714b00000, 0x0000000714b00000, 0x0000000714c00000|  0%| F|  |TAMS 0x0000000714b00000, 0x0000000714b00000| Untracked 
| 192|0x0000000714c00000, 0x0000000714c00000, 0x0000000714d00000|  0%| F|  |TAMS 0x0000000714c00000, 0x0000000714c00000| Untracked 
| 193|0x0000000714d00000, 0x0000000714d00000, 0x0000000714e00000|  0%| F|  |TAMS 0x0000000714d00000, 0x0000000714d00000| Untracked 
| 194|0x0000000714e00000, 0x0000000714e00000, 0x0000000714f00000|  0%| F|  |TAMS 0x0000000714e00000, 0x0000000714e00000| Untracked 
| 195|0x0000000714f00000, 0x0000000714f00000, 0x0000000715000000|  0%| F|  |TAMS 0x0000000714f00000, 0x0000000714f00000| Untracked 
| 196|0x0000000715000000, 0x0000000715000000, 0x0000000715100000|  0%| F|  |TAMS 0x0000000715000000, 0x0000000715000000| Untracked 
| 197|0x0000000715100000, 0x0000000715100000, 0x0000000715200000|  0%| F|  |TAMS 0x0000000715100000, 0x0000000715100000| Untracked 
| 198|0x0000000715200000, 0x0000000715200000, 0x0000000715300000|  0%| F|  |TAMS 0x0000000715200000, 0x0000000715200000| Untracked 
| 199|0x0000000715300000, 0x0000000715300000, 0x0000000715400000|  0%| F|  |TAMS 0x0000000715300000, 0x0000000715300000| Untracked 
| 200|0x0000000715400000, 0x0000000715400000, 0x0000000715500000|  0%| F|  |TAMS 0x0000000715400000, 0x0000000715400000| Untracked 
| 201|0x0000000715500000, 0x0000000715500000, 0x0000000715600000|  0%| F|  |TAMS 0x0000000715500000, 0x0000000715500000| Untracked 
| 202|0x0000000715600000, 0x0000000715600000, 0x0000000715700000|  0%| F|  |TAMS 0x0000000715600000, 0x0000000715600000| Untracked 
| 203|0x0000000715700000, 0x0000000715700000, 0x0000000715800000|  0%| F|  |TAMS 0x0000000715700000, 0x0000000715700000| Untracked 
| 204|0x0000000715800000, 0x0000000715800000, 0x0000000715900000|  0%| F|  |TAMS 0x0000000715800000, 0x0000000715800000| Untracked 
| 205|0x0000000715900000, 0x0000000715900000, 0x0000000715a00000|  0%| F|  |TAMS 0x0000000715900000, 0x0000000715900000| Untracked 
| 206|0x0000000715a00000, 0x0000000715a00000, 0x0000000715b00000|  0%| F|  |TAMS 0x0000000715a00000, 0x0000000715a00000| Untracked 
| 207|0x0000000715b00000, 0x0000000715b00000, 0x0000000715c00000|  0%| F|  |TAMS 0x0000000715b00000, 0x0000000715b00000| Untracked 
| 208|0x0000000715c00000, 0x0000000715c00000, 0x0000000715d00000|  0%| F|  |TAMS 0x0000000715c00000, 0x0000000715c00000| Untracked 
| 209|0x0000000715d00000, 0x0000000715d00000, 0x0000000715e00000|  0%| F|  |TAMS 0x0000000715d00000, 0x0000000715d00000| Untracked 
| 210|0x0000000715e00000, 0x0000000715e00000, 0x0000000715f00000|  0%| F|  |TAMS 0x0000000715e00000, 0x0000000715e00000| Untracked 
| 211|0x0000000715f00000, 0x0000000715f00000, 0x0000000716000000|  0%| F|  |TAMS 0x0000000715f00000, 0x0000000715f00000| Untracked 
| 212|0x0000000716000000, 0x0000000716000000, 0x0000000716100000|  0%| F|  |TAMS 0x0000000716000000, 0x0000000716000000| Untracked 
| 213|0x0000000716100000, 0x0000000716100000, 0x0000000716200000|  0%| F|  |TAMS 0x0000000716100000, 0x0000000716100000| Untracked 
| 214|0x0000000716200000, 0x0000000716200000, 0x0000000716300000|  0%| F|  |TAMS 0x0000000716200000, 0x0000000716200000| Untracked 
| 215|0x0000000716300000, 0x0000000716300000, 0x0000000716400000|  0%| F|  |TAMS 0x0000000716300000, 0x0000000716300000| Untracked 
| 216|0x0000000716400000, 0x0000000716400000, 0x0000000716500000|  0%| F|  |TAMS 0x0000000716400000, 0x0000000716400000| Untracked 
| 217|0x0000000716500000, 0x0000000716500000, 0x0000000716600000|  0%| F|  |TAMS 0x0000000716500000, 0x0000000716500000| Untracked 
| 218|0x0000000716600000, 0x0000000716600000, 0x0000000716700000|  0%| F|  |TAMS 0x0000000716600000, 0x0000000716600000| Untracked 
| 219|0x0000000716700000, 0x0000000716700000, 0x0000000716800000|  0%| F|  |TAMS 0x0000000716700000, 0x0000000716700000| Untracked 
| 220|0x0000000716800000, 0x0000000716800000, 0x0000000716900000|  0%| F|  |TAMS 0x0000000716800000, 0x0000000716800000| Untracked 
| 221|0x0000000716900000, 0x0000000716900000, 0x0000000716a00000|  0%| F|  |TAMS 0x0000000716900000, 0x0000000716900000| Untracked 
| 222|0x0000000716a00000, 0x0000000716a00000, 0x0000000716b00000|  0%| F|  |TAMS 0x0000000716a00000, 0x0000000716a00000| Untracked 
| 223|0x0000000716b00000, 0x0000000716b00000, 0x0000000716c00000|  0%| F|  |TAMS 0x0000000716b00000, 0x0000000716b00000| Untracked 
| 224|0x0000000716c00000, 0x0000000716c00000, 0x0000000716d00000|  0%| F|  |TAMS 0x0000000716c00000, 0x0000000716c00000| Untracked 
| 225|0x0000000716d00000, 0x0000000716d00000, 0x0000000716e00000|  0%| F|  |TAMS 0x0000000716d00000, 0x0000000716d00000| Untracked 
| 226|0x0000000716e00000, 0x0000000716e00000, 0x0000000716f00000|  0%| F|  |TAMS 0x0000000716e00000, 0x0000000716e00000| Untracked 
| 227|0x0000000716f00000, 0x0000000716f00000, 0x0000000717000000|  0%| F|  |TAMS 0x0000000716f00000, 0x0000000716f00000| Untracked 
| 228|0x0000000717000000, 0x0000000717000000, 0x0000000717100000|  0%| F|  |TAMS 0x0000000717000000, 0x0000000717000000| Untracked 
| 229|0x0000000717100000, 0x0000000717100000, 0x0000000717200000|  0%| F|  |TAMS 0x0000000717100000, 0x0000000717100000| Untracked 
| 230|0x0000000717200000, 0x0000000717200000, 0x0000000717300000|  0%| F|  |TAMS 0x0000000717200000, 0x0000000717200000| Untracked 
| 231|0x0000000717300000, 0x0000000717300000, 0x0000000717400000|  0%| F|  |TAMS 0x0000000717300000, 0x0000000717300000| Untracked 
| 232|0x0000000717400000, 0x0000000717400000, 0x0000000717500000|  0%| F|  |TAMS 0x0000000717400000, 0x0000000717400000| Untracked 
| 233|0x0000000717500000, 0x0000000717500000, 0x0000000717600000|  0%| F|  |TAMS 0x0000000717500000, 0x0000000717500000| Untracked 
| 234|0x0000000717600000, 0x0000000717600000, 0x0000000717700000|  0%| F|  |TAMS 0x0000000717600000, 0x0000000717600000| Untracked 
| 235|0x0000000717700000, 0x0000000717700000, 0x0000000717800000|  0%| F|  |TAMS 0x0000000717700000, 0x0000000717700000| Untracked 
| 236|0x0000000717800000, 0x00000007178f6498, 0x0000000717900000| 96%| E|  |TAMS 0x0000000717800000, 0x0000000717800000| Complete 
| 237|0x0000000717900000, 0x0000000717a00000, 0x0000000717a00000|100%| E|CS|TAMS 0x0000000717900000, 0x0000000717900000| Complete 
| 238|0x0000000717a00000, 0x0000000717b00000, 0x0000000717b00000|100%| E|CS|TAMS 0x0000000717a00000, 0x0000000717a00000| Complete 
| 239|0x0000000717b00000, 0x0000000717c00000, 0x0000000717c00000|100%| E|CS|TAMS 0x0000000717b00000, 0x0000000717b00000| Complete 
| 240|0x0000000717c00000, 0x0000000717d00000, 0x0000000717d00000|100%| E|CS|TAMS 0x0000000717c00000, 0x0000000717c00000| Complete 
| 241|0x0000000717d00000, 0x0000000717e00000, 0x0000000717e00000|100%| E|CS|TAMS 0x0000000717d00000, 0x0000000717d00000| Complete 
| 242|0x0000000717e00000, 0x0000000717f00000, 0x0000000717f00000|100%| E|CS|TAMS 0x0000000717e00000, 0x0000000717e00000| Complete 
| 243|0x0000000717f00000, 0x0000000718000000, 0x0000000718000000|100%| E|CS|TAMS 0x0000000717f00000, 0x0000000717f00000| Complete 
| 244|0x0000000718000000, 0x0000000718100000, 0x0000000718100000|100%| E|CS|TAMS 0x0000000718000000, 0x0000000718000000| Complete 
| 245|0x0000000718100000, 0x0000000718200000, 0x0000000718200000|100%| E|CS|TAMS 0x0000000718100000, 0x0000000718100000| Complete 
| 246|0x0000000718200000, 0x0000000718300000, 0x0000000718300000|100%| E|CS|TAMS 0x0000000718200000, 0x0000000718200000| Complete 
| 247|0x0000000718300000, 0x0000000718400000, 0x0000000718400000|100%| E|CS|TAMS 0x0000000718300000, 0x0000000718300000| Complete 
|2930|0x00000007bfe00000, 0x00000007bfe48000, 0x00000007bff00000| 28%|OA|  |TAMS 0x00000007bfe00000, 0x00000007bfe00000| Untracked 
|2931|0x00000007bff00000, 0x00000007bff6c000, 0x00000007c0000000| 42%|CA|  |TAMS 0x00000007bff00000, 0x00000007bff00000| Untracked 

Card table byte_map: [0x00007a9061193000,0x00007a906194d000] _byte_map_base: 0x00007a905d94d000

Marking Bits (Prev, Next): (CMBitMap*) 0x00007a905c07d198, (CMBitMap*) 0x00007a905c07d1d0
 Prev Bits: [0x00007a903c230000, 0x00007a9040000000)
 Next Bits: [0x00007a9038460000, 0x00007a903c230000)

Polling page: 0x00007a9064d79000

Metaspace:

Usage:
  Non-class:      6.02 MB capacity,     3.65 MB ( 61%) used,     2.36 MB ( 39%) free+waste,    10.38 KB ( <1%) overhead. 
      Class:    720.00 KB capacity,   431.99 KB ( 60%) used,   282.70 KB ( 39%) free+waste,     5.31 KB ( <1%) overhead. 
       Both:      6.72 MB capacity,     4.07 MB ( 61%) used,     2.63 MB ( 39%) free+waste,    15.69 KB ( <1%) overhead. 

Virtual space:
  Non-class space:        8.00 MB reserved,       6.25 MB ( 78%) committed 
      Class space:        1.00 GB reserved,     768.00 KB ( <1%) committed 
             Both:        1.01 GB reserved,       7.00 MB ( <1%) committed 

Chunk freelists:
   Non-Class:  0 bytes
       Class:  0 bytes
        Both:  0 bytes

MaxMetaspaceSize: unlimited
CompressedClassSpaceSize: 1.00 GB
Initial GC threshold: 20.80 MB
Current GC threshold: 20.80 MB
CDS: on

CodeHeap 'non-profiled nmethods': size=119172Kb used=272Kb max_used=272Kb free=118899Kb
 bounds [0x00007a904c19f000, 0x00007a904c40f000, 0x00007a9053600000]
CodeHeap 'profiled nmethods': size=119168Kb used=2073Kb max_used=2073Kb free=117094Kb
 bounds [0x00007a9044d3f000, 0x00007a9044faf000, 0x00007a904c19f000]
CodeHeap 'non-nmethods': size=7420Kb used=2275Kb max_used=2288Kb free=5144Kb
 bounds [0x00007a9044600000, 0x00007a9044870000, 0x00007a9044d3f000]
 total_blobs=1490 nmethods=1079 adapters=323
 compilation: enabled
              stopped_count=0, restarted_count=0
 full_count=0

Compilation events (20 events):
Event: 0.193 Thread 0x00007a900417a800 1064       3       java.util.regex.Pattern::Range (36 bytes)
Event: 0.193 Thread 0x00007a8ff0007800 nmethod 1038 0x00007a904c1e2310 code [0x00007a904c1e24c0, 0x00007a904c1e2798]
Event: 0.193 Thread 0x00007a905c1f8000 1065       4       java.lang.String::isEmpty (14 bytes)
Event: 0.193 Thread 0x00007a905c1fa000 1067       3       java.util.regex.Pattern$Start::match (90 bytes)
Event: 0.193 Thread 0x00007a900417a800 nmethod 1064 0x00007a9044f38110 code [0x00007a9044f38320, 0x00007a9044f388c0]
Event: 0.193 Thread 0x00007a90080a6000 1066       3       java.util.regex.Matcher::find (69 bytes)
Event: 0.194 Thread 0x00007a900417a800 1070       3       java.util.regex.Matcher::reset (128 bytes)
Event: 0.194 Thread 0x00007a905c1fa000 nmethod 1067 0x00007a9044f38a90 code [0x00007a9044f38c60, 0x00007a9044f39040]
Event: 0.194 Thread 0x00007a905c1fa000 1069       3       java.util.regex.Pattern::compile (498 bytes)
Event: 0.194 Thread 0x00007a905c1f8000 nmethod 1065 0x00007a904c1e2e10 code [0x00007a904c1e2fa0, 0x00007a904c1e3038]
Event: 0.194 Thread 0x00007a90080a6000 nmethod 1066 0x00007a9044f39210 code [0x00007a9044f393e0, 0x00007a9044f396c0]
Event: 0.194 Thread 0x00007a90080a6000 1071       3       java.util.regex.Pattern$$Lambda$19/0x00000008400b1040::is (9 bytes)
Event: 0.194 Thread 0x00007a900417a800 nmethod 1070 0x00007a9044f39790 code [0x00007a9044f399a0, 0x00007a9044f39f90]
Event: 0.194 Thread 0x00007a900417a800 1072       3       java.util.regex.Pattern::lambda$clazz$1 (22 bytes)
Event: 0.194 Thread 0x00007a90080a6000 nmethod 1071 0x00007a9044f3a190 code [0x00007a9044f3a360, 0x00007a9044f3a5b0]
Event: 0.194 Thread 0x00007a90080a6000 1073       3       java.util.regex.Pattern::closure (365 bytes)
Event: 0.194 Thread 0x00007a900417a800 nmethod 1072 0x00007a9044f3a710 code [0x00007a9044f3a8c0, 0x00007a9044f3aa70]
Event: 0.194 Thread 0x00007a900417a800 1074       3       java.util.regex.Pattern::bitsOrSingle (106 bytes)
Event: 0.194 Thread 0x00007a900417a800 nmethod 1074 0x00007a9044f3ab90 code [0x00007a9044f3ad80, 0x00007a9044f3b390]
Event: 0.194 Thread 0x00007a900417a800 1075       3       java.util.regex.Pattern$BmpCharPredicate::union (23 bytes)

GC Heap History (0 events):
No events

Deoptimization events (20 events):
Event: 0.124 Thread 0x00007a905c015000 DEOPT PACKING pc=0x00007a9044d93030 sp=0x00007a90649fce70
Event: 0.124 Thread 0x00007a905c015000 DEOPT UNPACKING pc=0x00007a904464a64a sp=0x00007a90649fc300 mode 0
Event: 0.137 Thread 0x00007a905c015000 Uncommon trap: trap_request=0xffffff4d fr.pc=0x00007a904c1cab50 relative=0x0000000000000410
Event: 0.137 Thread 0x00007a905c015000 Uncommon trap: reason=unstable_if action=reinterpret pc=0x00007a904c1cab50 method=java.lang.StringLatin1.indexOf([BI[BII)I @ 91 c2
Event: 0.137 Thread 0x00007a905c015000 DEOPT PACKING pc=0x00007a904c1cab50 sp=0x00007a90649fcfa0
Event: 0.137 Thread 0x00007a905c015000 DEOPT UNPACKING pc=0x00007a9044649ea5 sp=0x00007a90649fcf20 mode 2
Event: 0.141 Thread 0x00007a905c015000 DEOPT PACKING pc=0x00007a9044e54462 sp=0x00007a90649fa800
Event: 0.141 Thread 0x00007a905c015000 DEOPT UNPACKING pc=0x00007a904464a64a sp=0x00007a90649f9c98 mode 0
Event: 0.153 Thread 0x00007a905c015000 DEOPT PACKING pc=0x00007a9044d656cf sp=0x00007a90649fd4b0
Event: 0.153 Thread 0x00007a905c015000 DEOPT UNPACKING pc=0x00007a904464a64a sp=0x00007a90649fc958 mode 0
Event: 0.153 Thread 0x00007a905c015000 DEOPT PACKING pc=0x00007a9044d656cf sp=0x00007a90649fd5d0
Event: 0.153 Thread 0x00007a905c015000 DEOPT UNPACKING pc=0x00007a904464a64a sp=0x00007a90649fca78 mode 0
Event: 0.181 Thread 0x00007a905c015000 Uncommon trap: trap_request=0xffffff4d fr.pc=0x00007a904c1d33c4 relative=0x0000000000000484
Event: 0.181 Thread 0x00007a905c015000 Uncommon trap: reason=unstable_if action=reinterpret pc=0x00007a904c1d33c4 method=java.lang.StringLatin1.replace([BCC)Ljava/lang/String; @ 19 c2
Event: 0.181 Thread 0x00007a905c015000 DEOPT PACKING pc=0x00007a904c1d33c4 sp=0x00007a90649fd520
Event: 0.181 Thread 0x00007a905c015000 DEOPT UNPACKING pc=0x00007a9044649ea5 sp=0x00007a90649fd4b0 mode 2
Event: 0.185 Thread 0x00007a905c015000 Uncommon trap: trap_request=0xffffff76 fr.pc=0x00007a904c1d4dfc relative=0x000000000000043c
Event: 0.185 Thread 0x00007a905c015000 Uncommon trap: reason=loop_limit_check action=maybe_recompile pc=0x00007a904c1d4dfc method=java.lang.StringLatin1.indexOf([BI[BII)I @ 37 c2
Event: 0.185 Thread 0x00007a905c015000 DEOPT PACKING pc=0x00007a904c1d4dfc sp=0x00007a90649fe530
Event: 0.185 Thread 0x00007a905c015000 DEOPT UNPACKING pc=0x00007a9044649ea5 sp=0x00007a90649fe4b0 mode 2

Classes redefined (0 events):
No events

Internal exceptions (20 events):
Event: 0.030 Thread 0x00007a905c015000 Exception <a 'java/security/PrivilegedActionException'{0x000000071823dfc0}> (0x000000071823dfc0) thrown at [./src/hotspot/share/prims/jvm.cpp, line 1304]
Event: 0.030 Thread 0x00007a905c015000 Exception <a 'java/security/PrivilegedActionException'{0x000000071823e290}> (0x000000071823e290) thrown at [./src/hotspot/share/prims/jvm.cpp, line 1304]
Event: 0.030 Thread 0x00007a905c015000 Exception <a 'java/security/PrivilegedActionException'{0x000000071823eea8}> (0x000000071823eea8) thrown at [./src/hotspot/share/prims/jvm.cpp, line 1304]
Event: 0.030 Thread 0x00007a905c015000 Exception <a 'java/security/PrivilegedActionException'{0x000000071823f178}> (0x000000071823f178) thrown at [./src/hotspot/share/prims/jvm.cpp, line 1304]
Event: 0.030 Thread 0x00007a905c015000 Exception <a 'java/security/PrivilegedActionException'{0x000000071823fd90}> (0x000000071823fd90) thrown at [./src/hotspot/share/prims/jvm.cpp, line 1304]
Event: 0.030 Thread 0x00007a905c015000 Exception <a 'java/security/PrivilegedActionException'{0x0000000718240060}> (0x0000000718240060) thrown at [./src/hotspot/share/prims/jvm.cpp, line 1304]
Event: 0.030 Thread 0x00007a905c015000 Exception <a 'java/security/PrivilegedActionException'{0x0000000718240c90}> (0x0000000718240c90) thrown at [./src/hotspot/share/prims/jvm.cpp, line 1304]
Event: 0.030 Thread 0x00007a905c015000 Exception <a 'java/security/PrivilegedActionException'{0x0000000718240f60}> (0x0000000718240f60) thrown at [./src/hotspot/share/prims/jvm.cpp, line 1304]
Event: 0.030 Thread 0x00007a905c015000 Exception <a 'java/security/PrivilegedActionException'{0x0000000718241b90}> (0x0000000718241b90) thrown at [./src/hotspot/share/prims/jvm.cpp, line 1304]
Event: 0.030 Thread 0x00007a905c015000 Exception <a 'java/security/PrivilegedActionException'{0x0000000718241e60}> (0x0000000718241e60) thrown at [./src/hotspot/share/prims/jvm.cpp, line 1304]
Event: 0.030 Thread 0x00007a905c015000 Exception <a 'java/security/PrivilegedActionException'{0x0000000718242a90}> (0x0000000718242a90) thrown at [./src/hotspot/share/prims/jvm.cpp, line 1304]
Event: 0.030 Thread 0x00007a905c015000 Exception <a 'java/security/PrivilegedActionException'{0x0000000718242d60}> (0x0000000718242d60) thrown at [./src/hotspot/share/prims/jvm.cpp, line 1304]
Event: 0.030 Thread 0x00007a905c015000 Exception <a 'java/security/PrivilegedActionException'{0x0000000718243978}> (0x0000000718243978) thrown at [./src/hotspot/share/prims/jvm.cpp, line 1304]
Event: 0.030 Thread 0x00007a905c015000 Exception <a 'java/security/PrivilegedActionException'{0x0000000718243c48}> (0x0000000718243c48) thrown at [./src/hotspot/share/prims/jvm.cpp, line 1304]
Event: 0.030 Thread 0x00007a905c015000 Exception <a 'java/security/PrivilegedActionException'{0x0000000718244878}> (0x0000000718244878) thrown at [./src/hotspot/share/prims/jvm.cpp, line 1304]
Event: 0.030 Thread 0x00007a905c015000 Exception <a 'java/security/PrivilegedActionException'{0x0000000718244b48}> (0x0000000718244b48) thrown at [./src/hotspot/share/prims/jvm.cpp, line 1304]
Event: 0.116 Thread 0x00007a905c015000 Exception <a 'java/lang/NoSuchMethodError'{0x0000000717d58640}: 'int java.lang.invoke.DirectMethodHandle$Holder.invokeStaticInit(java.lang.Object, java.lang.Object, java.lang.Object, java.lang.Object)'> (0x0000000717d58640) thrown at [./src/hotspot/share/interpreter/linkResolver.cpp, line 772]
Event: 0.117 Thread 0x00007a905c015000 Exception <a 'java/lang/IncompatibleClassChangeError'{0x0000000717d627a8}: Found class java.lang.Object, but interface was expected> (0x0000000717d627a8) thrown at [./src/hotspot/share/interpreter/linkResolver.cpp, line 839]
Event: 0.117 Thread 0x00007a905c015000 Exception <a 'java/lang/NoSuchMethodError'{0x0000000717d659f8}: 'void java.lang.invoke.DirectMethodHandle$Holder.invokeStaticInit(java.lang.Object, java.lang.Object)'> (0x0000000717d659f8) thrown at [./src/hotspot/share/interpreter/linkResolver.cpp, line 772]
Event: 0.118 Thread 0x00007a905c015000 Exception <a 'java/lang/NoSuchMethodError'{0x0000000717d6b490}: 'int java.lang.invoke.DirectMethodHandle$Holder.invokeStaticInit(java.lang.Object, java.lang.Object)'> (0x0000000717d6b490) thrown at [./src/hotspot/share/interpreter/linkResolver.cpp, line 772]

Events (20 events):
Event: 0.186 loading class java/util/HashMap$EntrySpliterator
Event: 0.186 loading class java/util/HashMap$EntrySpliterator done
Event: 0.187 loading class java/util/LinkedHashSet
Event: 0.187 loading class java/util/LinkedHashSet done
Event: 0.187 Executing VM operation: Deoptimize
Event: 0.187 Executing VM operation: Deoptimize done
Event: 0.187 loading class java/util/LinkedHashMap$LinkedKeySet
Event: 0.187 loading class java/util/LinkedHashMap$LinkedKeySet done
Event: 0.187 loading class java/util/LinkedHashMap$LinkedKeyIterator
Event: 0.187 loading class java/util/LinkedHashMap$LinkedKeyIterator done
Event: 0.188 loading class java/util/stream/SortedOps
Event: 0.188 loading class java/util/stream/SortedOps done
Event: 0.188 loading class java/util/stream/SortedOps$OfRef
Event: 0.188 loading class java/util/stream/ReferencePipeline$StatefulOp
Event: 0.188 loading class java/util/stream/ReferencePipeline$StatefulOp done
Event: 0.188 loading class java/util/stream/SortedOps$OfRef done
Event: 0.190 loading class java/util/stream/SortedOps$SizedRefSortingSink
Event: 0.190 loading class java/util/stream/SortedOps$AbstractRefSortingSink
Event: 0.190 loading class java/util/stream/SortedOps$AbstractRefSortingSink done
Event: 0.190 loading class java/util/stream/SortedOps$SizedRefSortingSink done


Dynamic libraries:
708c00000-718400000 rw-p 00000000 00:00 0 
718400000-7bfe00000 ---p 00000000 00:00 0 
7bfe00000-7bfe48000 rw-p 00b14000 08:30 134337                           /usr/lib/jvm/java-11-openjdk-amd64/lib/server/classes.jsa
7bfe48000-7bff00000 rw-p 00000000 00:00 0 
7bff00000-7bff6c000 rw-p 00aa8000 08:30 134337                           /usr/lib/jvm/java-11-openjdk-amd64/lib/server/classes.jsa
7bff6c000-7c0000000 rw-p 00000000 00:00 0 
7c0000000-800000000 ---p 00000000 00:00 0 
800000000-800002000 rwxp 00001000 08:30 134337                           /usr/lib/jvm/java-11-openjdk-amd64/lib/server/classes.jsa
800002000-8003ce000 rw-p 00003000 08:30 134337                           /usr/lib/jvm/java-11-openjdk-amd64/lib/server/classes.jsa
8003ce000-800aa6000 r--p 003cf000 08:30 134337                           /usr/lib/jvm/java-11-openjdk-amd64/lib/server/classes.jsa
800aa6000-800aa7000 rw-p 00aa7000 08:30 134337                           /usr/lib/jvm/java-11-openjdk-amd64/lib/server/classes.jsa
840000000-8400c0000 rw-p 00000000 00:00 0 
8400c0000-880000000 ---p 00000000 00:00 0 
569a85aa5000-569a85aa6000 r--p 00000000 08:30 134745                     /usr/lib/jvm/java-11-openjdk-amd64/bin/java
569a85aa6000-569a85aa7000 r-xp 00001000 08:30 134745                     /usr/lib/jvm/java-11-openjdk-amd64/bin/java
569a85aa7000-569a85aa8000 r--p 00002000 08:30 134745                     /usr/lib/jvm/java-11-openjdk-amd64/bin/java
569a85aa8000-569a85aa9000 r--p 00002000 08:30 134745                     /usr/lib/jvm/java-11-openjdk-amd64/bin/java
569a85aa9000-569a85aaa000 rw-p 00003000 08:30 134745                     /usr/lib/jvm/java-11-openjdk-amd64/bin/java
569abe574000-569abe595000 rw-p 00000000 00:00 0                          [heap]
7a8fe4000000-7a8fe402d000 rw-p 00000000 00:00 0 
7a8fe402d000-7a8fe8000000 ---p 00000000 00:00 0 
7a8fe9400000-7a8fe9d26000 r--p 00000000 08:30 204242                     /home/crz/.javacpp/cache/llvm-13.0.1-1.5.7-linux-x86_64.jar/org/bytedeco/llvm/linux-x86_64/libLLVM-13.so
7a8fe9d26000-7a8fed6e9000 r-xp 00926000 08:30 204242                     /home/crz/.javacpp/cache/llvm-13.0.1-1.5.7-linux-x86_64.jar/org/bytedeco/llvm/linux-x86_64/libLLVM-13.so
7a8fed6e9000-7a8fef93e000 r--p 042e9000 08:30 204242                     /home/crz/.javacpp/cache/llvm-13.0.1-1.5.7-linux-x86_64.jar/org/bytedeco/llvm/linux-x86_64/libLLVM-13.so
7a8fef93e000-7a8fefe53000 r--p 0653d000 08:30 204242                     /home/crz/.javacpp/cache/llvm-13.0.1-1.5.7-linux-x86_64.jar/org/bytedeco/llvm/linux-x86_64/libLLVM-13.so
7a8fefe53000-7a8fefe5e000 rw-p 06a52000 08:30 204242                     /home/crz/.javacpp/cache/llvm-13.0.1-1.5.7-linux-x86_64.jar/org/bytedeco/llvm/linux-x86_64/libLLVM-13.so
7a8fefe5e000-7a8fefed4000 rw-p 00000000 00:00 0 
7a8ff0000000-7a8ff0021000 rw-p 00000000 00:00 0 
7a8ff0021000-7a8ff4000000 ---p 00000000 00:00 0 
7a8ff4000000-7a8ff4021000 rw-p 00000000 00:00 0 
7a8ff4021000-7a8ff8000000 ---p 00000000 00:00 0 
7a8ff8000000-7a8ff8021000 rw-p 00000000 00:00 0 
7a8ff8021000-7a8ffc000000 ---p 00000000 00:00 0 
7a8ffc000000-7a8ffc021000 rw-p 00000000 00:00 0 
7a8ffc021000-7a9000000000 ---p 00000000 00:00 0 
7a9000000000-7a9000021000 rw-p 00000000 00:00 0 
7a9000021000-7a9004000000 ---p 00000000 00:00 0 
7a9004000000-7a9004188000 rw-p 00000000 00:00 0 
7a9004188000-7a9008000000 ---p 00000000 00:00 0 
7a9008000000-7a90082ba000 rw-p 00000000 00:00 0 
7a90082ba000-7a900c000000 ---p 00000000 00:00 0 
7a900c000000-7a900c270000 rw-p 00000000 00:00 0 
7a900c270000-7a9010000000 ---p 00000000 00:00 0 
7a9010000000-7a9010021000 rw-p 00000000 00:00 0 
7a9010021000-7a9014000000 ---p 00000000 00:00 0 
7a9014000000-7a9014021000 rw-p 00000000 00:00 0 
7a9014021000-7a9018000000 ---p 00000000 00:00 0 
7a9018000000-7a9018021000 rw-p 00000000 00:00 0 
7a9018021000-7a901c000000 ---p 00000000 00:00 0 
7a901c000000-7a901c021000 rw-p 00000000 00:00 0 
7a901c021000-7a9020000000 ---p 00000000 00:00 0 
7a9020000000-7a9020021000 rw-p 00000000 00:00 0 
7a9020021000-7a9024000000 ---p 00000000 00:00 0 
7a9024000000-7a9024021000 rw-p 00000000 00:00 0 
7a9024021000-7a9028000000 ---p 00000000 00:00 0 
7a9028000000-7a9028021000 rw-p 00000000 00:00 0 
7a9028021000-7a902c000000 ---p 00000000 00:00 0 
7a902c000000-7a902c021000 rw-p 00000000 00:00 0 
7a902c021000-7a9030000000 ---p 00000000 00:00 0 
7a90300f9000-7a903015e000 r--p 00000000 08:30 204256                     /home/crz/.javacpp/cache/llvm-13.0.1-1.5.7-linux-x86_64.jar/org/bytedeco/llvm/linux-x86_64/libjniLLVM.so
7a903015e000-7a90301cc000 r-xp 00065000 08:30 204256                     /home/crz/.javacpp/cache/llvm-13.0.1-1.5.7-linux-x86_64.jar/org/bytedeco/llvm/linux-x86_64/libjniLLVM.so
7a90301cc000-7a90301f7000 r--p 000d3000 08:30 204256                     /home/crz/.javacpp/cache/llvm-13.0.1-1.5.7-linux-x86_64.jar/org/bytedeco/llvm/linux-x86_64/libjniLLVM.so
7a90301f7000-7a90301fa000 r--p 000fd000 08:30 204256                     /home/crz/.javacpp/cache/llvm-13.0.1-1.5.7-linux-x86_64.jar/org/bytedeco/llvm/linux-x86_64/libjniLLVM.so
7a90301fa000-7a90301fd000 rw-p 00100000 08:30 204256                     /home/crz/.javacpp/cache/llvm-13.0.1-1.5.7-linux-x86_64.jar/org/bytedeco/llvm/linux-x86_64/libjniLLVM.so
7a90301fd000-7a90301ff000 rw-p 00000000 00:00 0 
7a90301ff000-7a9030203000 ---p 00000000 00:00 0 
7a9030203000-7a90302ff000 rw-p 00000000 00:00 0 
7a90302ff000-7a9030303000 ---p 00000000 00:00 0 
7a9030303000-7a90303ff000 rw-p 00000000 00:00 0 
7a90303ff000-7a9030403000 ---p 00000000 00:00 0 
7a9030403000-7a90304ff000 rw-p 00000000 00:00 0 
7a90304ff000-7a9030503000 ---p 00000000 00:00 0 
7a9030503000-7a90305ff000 rw-p 00000000 00:00 0 
7a90305ff000-7a9030600000 ---p 00000000 00:00 0 
7a9030600000-7a9030700000 rw-p 00000000 00:00 0 
7a9030700000-7a9030704000 ---p 00000000 00:00 0 
7a9030704000-7a9030800000 rw-p 00000000 00:00 0 
7a9030800000-7a9030804000 ---p 00000000 00:00 0 
7a9030804000-7a9030900000 rw-p 00000000 00:00 0 
7a9030900000-7a9030904000 ---p 00000000 00:00 0 
7a9030904000-7a9030a00000 rw-p 00000000 00:00 0 
7a9030a00000-7a9030a04000 ---p 00000000 00:00 0 
7a9030a04000-7a9030b00000 rw-p 00000000 00:00 0 
7a9030b00000-7a9030b04000 ---p 00000000 00:00 0 
7a9030b04000-7a9030c00000 rw-p 00000000 00:00 0 
7a9030c00000-7a90311ed000 r--p 00000000 08:30 2460                       /usr/lib/locale/locale-archive
7a90311fd000-7a9031201000 ---p 00000000 00:00 0 
7a9031201000-7a90312fd000 rw-p 00000000 00:00 0 
7a90312fd000-7a9031301000 ---p 00000000 00:00 0 
7a9031301000-7a90313fd000 rw-p 00000000 00:00 0 
7a90313fd000-7a9031401000 ---p 00000000 00:00 0 
7a9031401000-7a90314fd000 rw-p 00000000 00:00 0 
7a90314fd000-7a90314fe000 ---p 00000000 00:00 0 
7a90314fe000-7a9031c3e000 rw-p 00000000 00:00 0 
7a9031c3e000-7a9031dfe000 ---p 00000000 00:00 0 
7a9031dfe000-7a9031dff000 ---p 00000000 00:00 0 
7a9031dff000-7a9031eff000 rw-p 00000000 00:00 0 
7a9031eff000-7a9031f00000 ---p 00000000 00:00 0 
7a9031f00000-7a9034000000 rw-p 00000000 00:00 0 
7a9034000000-7a9034021000 rw-p 00000000 00:00 0 
7a9034021000-7a9038000000 ---p 00000000 00:00 0 
7a903805c000-7a9038840000 rw-p 00000000 00:00 0 
7a9038840000-7a903b228000 ---p 00000000 00:00 0 
7a903b228000-7a903b230000 rw-p 00000000 00:00 0 
7a903b230000-7a903c230000 ---p 00000000 00:00 0 
7a903c230000-7a903c610000 rw-p 00000000 00:00 0 
7a903c610000-7a903eff8000 ---p 00000000 00:00 0 
7a903eff8000-7a903f000000 rw-p 00000000 00:00 0 
7a903f000000-7a9040000000 ---p 00000000 00:00 0 
7a9040000000-7a9040021000 rw-p 00000000 00:00 0 
7a9040021000-7a9044000000 ---p 00000000 00:00 0 
7a90440fb000-7a9044600000 rw-p 00000000 00:00 0 
7a9044600000-7a9044870000 rwxp 00000000 00:00 0 
7a9044870000-7a9044d3f000 ---p 00000000 00:00 0 
7a9044d3f000-7a9044faf000 rwxp 00000000 00:00 0 
7a9044faf000-7a904c19f000 ---p 00000000 00:00 0 
7a904c19f000-7a904c40f000 rwxp 00000000 00:00 0 
7a904c40f000-7a9053600000 ---p 00000000 00:00 0 
7a9053600000-7a905be41000 r--s 00000000 08:30 134824                     /usr/lib/jvm/java-11-openjdk-amd64/lib/modules
7a905be7e000-7a905c000000 rw-p 00000000 00:00 0 
7a905c000000-7a905c4c4000 rw-p 00000000 00:00 0 
7a905c4c4000-7a9060000000 ---p 00000000 00:00 0 
7a906003e000-7a9060045000 r--s 00000000 08:30 126817                     /usr/lib/x86_64-linux-gnu/gconv/gconv-modules.cache
7a9060045000-7a9060046000 r--p 00000000 08:30 204251                     /home/crz/.javacpp/cache/llvm-13.0.1-1.5.7-linux-x86_64.jar/org/bytedeco/llvm/linux-x86_64/libRemarks.so.13
7a9060046000-7a9060047000 r-xp 00001000 08:30 204251                     /home/crz/.javacpp/cache/llvm-13.0.1-1.5.7-linux-x86_64.jar/org/bytedeco/llvm/linux-x86_64/libRemarks.so.13
7a9060047000-7a9060048000 r--p 00002000 08:30 204251                     /home/crz/.javacpp/cache/llvm-13.0.1-1.5.7-linux-x86_64.jar/org/bytedeco/llvm/linux-x86_64/libRemarks.so.13
7a9060048000-7a9060049000 r--p 00002000 08:30 204251                     /home/crz/.javacpp/cache/llvm-13.0.1-1.5.7-linux-x86_64.jar/org/bytedeco/llvm/linux-x86_64/libRemarks.so.13
7a9060049000-7a906004a000 rw-p 00003000 08:30 204251                     /home/crz/.javacpp/cache/llvm-13.0.1-1.5.7-linux-x86_64.jar/org/bytedeco/llvm/linux-x86_64/libRemarks.so.13
7a906004a000-7a906004b000 r--p 00000000 08:30 94026                      /usr/lib/x86_64-linux-gnu/libdl.so.2
7a906004b000-7a906004c000 r-xp 00001000 08:30 94026                      /usr/lib/x86_64-linux-gnu/libdl.so.2
7a906004c000-7a906004d000 r--p 00002000 08:30 94026                      /usr/lib/x86_64-linux-gnu/libdl.so.2
7a906004d000-7a906004e000 r--p 00002000 08:30 94026                      /usr/lib/x86_64-linux-gnu/libdl.so.2
7a906004e000-7a906004f000 rw-p 00003000 08:30 94026                      /usr/lib/x86_64-linux-gnu/libdl.so.2
7a906004f000-7a90605e0000 rw-p 00000000 00:00 0 
7a90605e0000-7a90605e1000 ---p 00000000 00:00 0 
7a90605e1000-7a90606e1000 rw-p 00000000 00:00 0 
7a90606e1000-7a90606e2000 ---p 00000000 00:00 0 
7a90606e2000-7a9060a55000 rw-p 00000000 00:00 0 
7a9060a55000-7a9060f92000 ---p 00000000 00:00 0 
7a9060f92000-7a9060f93000 rw-p 00000000 00:00 0 
7a9060f93000-7a9061193000 ---p 00000000 00:00 0 
7a9061193000-7a906120f000 rw-p 00000000 00:00 0 
7a906120f000-7a906174c000 ---p 00000000 00:00 0 
7a906174c000-7a906174d000 rw-p 00000000 00:00 0 
7a906174d000-7a906194d000 ---p 00000000 00:00 0 
7a906194d000-7a90619c9000 rw-p 00000000 00:00 0 
7a90619c9000-7a9061f06000 ---p 00000000 00:00 0 
7a9061f06000-7a9061f07000 rw-p 00000000 00:00 0 
7a9061f07000-7a9062107000 ---p 00000000 00:00 0 
7a9062107000-7a9063016000 rw-p 00000000 00:00 0 
7a9063016000-7a9063017000 ---p 00000000 00:00 0 
7a9063017000-7a906311c000 rw-p 00000000 00:00 0 
7a906311c000-7a9063200000 ---p 00000000 00:00 0 
7a9063200000-7a906329a000 r--p 00000000 08:30 6947                       /usr/lib/x86_64-linux-gnu/libstdc++.so.6.0.30
7a906329a000-7a90633ab000 r-xp 0009a000 08:30 6947                       /usr/lib/x86_64-linux-gnu/libstdc++.so.6.0.30
7a90633ab000-7a906341a000 r--p 001ab000 08:30 6947                       /usr/lib/x86_64-linux-gnu/libstdc++.so.6.0.30
7a906341a000-7a906341b000 ---p 0021a000 08:30 6947                       /usr/lib/x86_64-linux-gnu/libstdc++.so.6.0.30
7a906341b000-7a9063426000 r--p 0021a000 08:30 6947                       /usr/lib/x86_64-linux-gnu/libstdc++.so.6.0.30
7a9063426000-7a9063429000 rw-p 00225000 08:30 6947                       /usr/lib/x86_64-linux-gnu/libstdc++.so.6.0.30
7a9063429000-7a906342c000 rw-p 00000000 00:00 0 
7a906342f000-7a9063436000 r--p 00000000 08:30 204245                     /home/crz/.javacpp/cache/llvm-13.0.1-1.5.7-linux-x86_64.jar/org/bytedeco/llvm/linux-x86_64/libLTO.so.13
7a9063436000-7a906343e000 r-xp 00007000 08:30 204245                     /home/crz/.javacpp/cache/llvm-13.0.1-1.5.7-linux-x86_64.jar/org/bytedeco/llvm/linux-x86_64/libLTO.so.13
7a906343e000-7a9063440000 r--p 0000f000 08:30 204245                     /home/crz/.javacpp/cache/llvm-13.0.1-1.5.7-linux-x86_64.jar/org/bytedeco/llvm/linux-x86_64/libLTO.so.13
7a9063440000-7a9063441000 r--p 00010000 08:30 204245                     /home/crz/.javacpp/cache/llvm-13.0.1-1.5.7-linux-x86_64.jar/org/bytedeco/llvm/linux-x86_64/libLTO.so.13
7a9063441000-7a9063442000 rw-p 00011000 08:30 204245                     /home/crz/.javacpp/cache/llvm-13.0.1-1.5.7-linux-x86_64.jar/org/bytedeco/llvm/linux-x86_64/libLTO.so.13
7a9063442000-7a9063446000 r--p 00000000 08:30 204229                     /home/crz/.javacpp/cache/javacpp-1.5.7-linux-x86_64.jar/org/bytedeco/javacpp/linux-x86_64/libjnijavacpp.so
7a9063446000-7a906344d000 r-xp 00004000 08:30 204229                     /home/crz/.javacpp/cache/javacpp-1.5.7-linux-x86_64.jar/org/bytedeco/javacpp/linux-x86_64/libjnijavacpp.so
7a906344d000-7a9063451000 r--p 0000b000 08:30 204229                     /home/crz/.javacpp/cache/javacpp-1.5.7-linux-x86_64.jar/org/bytedeco/javacpp/linux-x86_64/libjnijavacpp.so
7a9063451000-7a9063452000 r--p 0000e000 08:30 204229                     /home/crz/.javacpp/cache/javacpp-1.5.7-linux-x86_64.jar/org/bytedeco/javacpp/linux-x86_64/libjnijavacpp.so
7a9063452000-7a9063453000 rw-p 0000f000 08:30 204229                     /home/crz/.javacpp/cache/javacpp-1.5.7-linux-x86_64.jar/org/bytedeco/javacpp/linux-x86_64/libjnijavacpp.so
7a9063453000-7a9063457000 r--p 00000000 08:30 134814                     /usr/lib/jvm/java-11-openjdk-amd64/lib/libnet.so
7a9063457000-7a9063465000 r-xp 00004000 08:30 134814                     /usr/lib/jvm/java-11-openjdk-amd64/lib/libnet.so
7a9063465000-7a9063469000 r--p 00012000 08:30 134814                     /usr/lib/jvm/java-11-openjdk-amd64/lib/libnet.so
7a9063469000-7a906346a000 r--p 00015000 08:30 134814                     /usr/lib/jvm/java-11-openjdk-amd64/lib/libnet.so
7a906346a000-7a906346b000 rw-p 00016000 08:30 134814                     /usr/lib/jvm/java-11-openjdk-amd64/lib/libnet.so
7a906346b000-7a9063472000 r--p 00000000 08:30 134815                     /usr/lib/jvm/java-11-openjdk-amd64/lib/libnio.so
7a9063472000-7a906347a000 r-xp 00007000 08:30 134815                     /usr/lib/jvm/java-11-openjdk-amd64/lib/libnio.so
7a906347a000-7a906347d000 r--p 0000f000 08:30 134815                     /usr/lib/jvm/java-11-openjdk-amd64/lib/libnio.so
7a906347d000-7a906347e000 r--p 00011000 08:30 134815                     /usr/lib/jvm/java-11-openjdk-amd64/lib/libnio.so
7a906347e000-7a906347f000 rw-p 00012000 08:30 134815                     /usr/lib/jvm/java-11-openjdk-amd64/lib/libnio.so
7a906347f000-7a90634ee000 rw-p 00000000 00:00 0 
7a90634ee000-7a90635d2000 ---p 00000000 00:00 0 
7a90635d2000-7a90635e0000 r--p 00000000 08:30 134803                     /usr/lib/jvm/java-11-openjdk-amd64/lib/libjava.so
7a90635e0000-7a90635f6000 r-xp 0000e000 08:30 134803                     /usr/lib/jvm/java-11-openjdk-amd64/lib/libjava.so
7a90635f6000-7a90635fd000 r--p 00024000 08:30 134803                     /usr/lib/jvm/java-11-openjdk-amd64/lib/libjava.so
7a90635fd000-7a90635fe000 r--p 0002a000 08:30 134803                     /usr/lib/jvm/java-11-openjdk-amd64/lib/libjava.so
7a90635fe000-7a90635ff000 rw-p 0002b000 08:30 134803                     /usr/lib/jvm/java-11-openjdk-amd64/lib/libjava.so
7a90635ff000-7a9063600000 rw-p 00000000 00:00 0 
7a9063600000-7a9063883000 r--p 00000000 08:30 134827                     /usr/lib/jvm/java-11-openjdk-amd64/lib/server/libjvm.so
7a9063883000-7a906452e000 r-xp 00283000 08:30 134827                     /usr/lib/jvm/java-11-openjdk-amd64/lib/server/libjvm.so
7a906452e000-7a906478a000 r--p 00f2e000 08:30 134827                     /usr/lib/jvm/java-11-openjdk-amd64/lib/server/libjvm.so
7a906478a000-7a906484e000 r--p 01189000 08:30 134827                     /usr/lib/jvm/java-11-openjdk-amd64/lib/server/libjvm.so
7a906484e000-7a9064889000 rw-p 0124d000 08:30 134827                     /usr/lib/jvm/java-11-openjdk-amd64/lib/server/libjvm.so
7a9064889000-7a90648e0000 rw-p 00000000 00:00 0 
7a90648e1000-7a90648e2000 r--p 00000000 08:30 94037                      /usr/lib/x86_64-linux-gnu/libpthread.so.0
7a90648e2000-7a90648e3000 r-xp 00001000 08:30 94037                      /usr/lib/x86_64-linux-gnu/libpthread.so.0
7a90648e3000-7a90648e4000 r--p 00002000 08:30 94037                      /usr/lib/x86_64-linux-gnu/libpthread.so.0
7a90648e4000-7a90648e5000 r--p 00002000 08:30 94037                      /usr/lib/x86_64-linux-gnu/libpthread.so.0
7a90648e5000-7a90648e6000 rw-p 00003000 08:30 94037                      /usr/lib/x86_64-linux-gnu/libpthread.so.0
7a90648e6000-7a90648eb000 rw-p 00000000 00:00 0 
7a90648eb000-7a90648f5000 ---p 00000000 00:00 0 
7a90648f5000-7a90648f7000 r--p 00000000 08:30 134823                     /usr/lib/jvm/java-11-openjdk-amd64/lib/libzip.so
7a90648f7000-7a90648fc000 r-xp 00002000 08:30 134823                     /usr/lib/jvm/java-11-openjdk-amd64/lib/libzip.so
7a90648fc000-7a90648fe000 r--p 00007000 08:30 134823                     /usr/lib/jvm/java-11-openjdk-amd64/lib/libzip.so
7a90648fe000-7a90648ff000 r--p 00008000 08:30 134823                     /usr/lib/jvm/java-11-openjdk-amd64/lib/libzip.so
7a90648ff000-7a9064900000 rw-p 00009000 08:30 134823                     /usr/lib/jvm/java-11-openjdk-amd64/lib/libzip.so
7a9064900000-7a9064904000 ---p 00000000 00:00 0 
7a9064904000-7a9064a00000 rw-p 00000000 00:00 0 
7a9064a00000-7a9064a28000 r--p 00000000 08:30 94024                      /usr/lib/x86_64-linux-gnu/libc.so.6
7a9064a28000-7a9064bbd000 r-xp 00028000 08:30 94024                      /usr/lib/x86_64-linux-gnu/libc.so.6
7a9064bbd000-7a9064c15000 r--p 001bd000 08:30 94024                      /usr/lib/x86_64-linux-gnu/libc.so.6
7a9064c15000-7a9064c16000 ---p 00215000 08:30 94024                      /usr/lib/x86_64-linux-gnu/libc.so.6
7a9064c16000-7a9064c1a000 r--p 00215000 08:30 94024                      /usr/lib/x86_64-linux-gnu/libc.so.6
7a9064c1a000-7a9064c1c000 rw-p 00219000 08:30 94024                      /usr/lib/x86_64-linux-gnu/libc.so.6
7a9064c1c000-7a9064c29000 rw-p 00000000 00:00 0 
7a9064c2a000-7a9064c32000 rw-s 00000000 08:30 291819                     /tmp/hsperfdata_crz/13752
7a9064c32000-7a9064c34000 r--p 00000000 08:30 134806                     /usr/lib/jvm/java-11-openjdk-amd64/lib/libjimage.so
7a9064c34000-7a9064c37000 r-xp 00002000 08:30 134806                     /usr/lib/jvm/java-11-openjdk-amd64/lib/libjimage.so
7a9064c37000-7a9064c38000 r--p 00005000 08:30 134806                     /usr/lib/jvm/java-11-openjdk-amd64/lib/libjimage.so
7a9064c38000-7a9064c39000 ---p 00006000 08:30 134806                     /usr/lib/jvm/java-11-openjdk-amd64/lib/libjimage.so
7a9064c39000-7a9064c3a000 r--p 00006000 08:30 134806                     /usr/lib/jvm/java-11-openjdk-amd64/lib/libjimage.so
7a9064c3a000-7a9064c3b000 rw-p 00007000 08:30 134806                     /usr/lib/jvm/java-11-openjdk-amd64/lib/libjimage.so
7a9064c3b000-7a9064c3c000 r--p 00000000 08:30 94039                      /usr/lib/x86_64-linux-gnu/librt.so.1
7a9064c3c000-7a9064c3d000 r-xp 00001000 08:30 94039                      /usr/lib/x86_64-linux-gnu/librt.so.1
7a9064c3d000-7a9064c3e000 r--p 00002000 08:30 94039                      /usr/lib/x86_64-linux-gnu/librt.so.1
7a9064c3e000-7a9064c3f000 r--p 00002000 08:30 94039                      /usr/lib/x86_64-linux-gnu/librt.so.1
7a9064c3f000-7a9064c40000 rw-p 00003000 08:30 94039                      /usr/lib/x86_64-linux-gnu/librt.so.1
7a9064c40000-7a9064c43000 r--p 00000000 08:30 6709                       /usr/lib/x86_64-linux-gnu/libgcc_s.so.1
7a9064c43000-7a9064c5a000 r-xp 00003000 08:30 6709                       /usr/lib/x86_64-linux-gnu/libgcc_s.so.1
7a9064c5a000-7a9064c5e000 r--p 0001a000 08:30 6709                       /usr/lib/x86_64-linux-gnu/libgcc_s.so.1
7a9064c5e000-7a9064c5f000 r--p 0001d000 08:30 6709                       /usr/lib/x86_64-linux-gnu/libgcc_s.so.1
7a9064c5f000-7a9064c60000 rw-p 0001e000 08:30 6709                       /usr/lib/x86_64-linux-gnu/libgcc_s.so.1
7a9064c60000-7a9064c6e000 r--p 00000000 08:30 94027                      /usr/lib/x86_64-linux-gnu/libm.so.6
7a9064c6e000-7a9064cea000 r-xp 0000e000 08:30 94027                      /usr/lib/x86_64-linux-gnu/libm.so.6
7a9064cea000-7a9064d45000 r--p 0008a000 08:30 94027                      /usr/lib/x86_64-linux-gnu/libm.so.6
7a9064d45000-7a9064d46000 r--p 000e4000 08:30 94027                      /usr/lib/x86_64-linux-gnu/libm.so.6
7a9064d46000-7a9064d47000 rw-p 000e5000 08:30 94027                      /usr/lib/x86_64-linux-gnu/libm.so.6
7a9064d47000-7a9064d4a000 rw-p 00000000 00:00 0 
7a9064d4a000-7a9064d4d000 r--p 00000000 08:30 134788                     /usr/lib/jvm/java-11-openjdk-amd64/lib/jli/libjli.so
7a9064d4d000-7a9064d57000 r-xp 00003000 08:30 134788                     /usr/lib/jvm/java-11-openjdk-amd64/lib/jli/libjli.so
7a9064d57000-7a9064d5a000 r--p 0000d000 08:30 134788                     /usr/lib/jvm/java-11-openjdk-amd64/lib/jli/libjli.so
7a9064d5a000-7a9064d5b000 ---p 00010000 08:30 134788                     /usr/lib/jvm/java-11-openjdk-amd64/lib/jli/libjli.so
7a9064d5b000-7a9064d5c000 r--p 00010000 08:30 134788                     /usr/lib/jvm/java-11-openjdk-amd64/lib/jli/libjli.so
7a9064d5c000-7a9064d5d000 rw-p 00011000 08:30 134788                     /usr/lib/jvm/java-11-openjdk-amd64/lib/jli/libjli.so
7a9064d5d000-7a9064d5f000 r--p 00000000 08:30 6997                       /usr/lib/x86_64-linux-gnu/libz.so.1.2.11
7a9064d5f000-7a9064d70000 r-xp 00002000 08:30 6997                       /usr/lib/x86_64-linux-gnu/libz.so.1.2.11
7a9064d70000-7a9064d76000 r--p 00013000 08:30 6997                       /usr/lib/x86_64-linux-gnu/libz.so.1.2.11
7a9064d76000-7a9064d77000 ---p 00019000 08:30 6997                       /usr/lib/x86_64-linux-gnu/libz.so.1.2.11
7a9064d77000-7a9064d78000 r--p 00019000 08:30 6997                       /usr/lib/x86_64-linux-gnu/libz.so.1.2.11
7a9064d78000-7a9064d79000 rw-p 0001a000 08:30 6997                       /usr/lib/x86_64-linux-gnu/libz.so.1.2.11
7a9064d79000-7a9064d7a000 ---p 00000000 00:00 0 
7a9064d7a000-7a9064d7b000 r--p 00000000 00:00 0 
7a9064d7b000-7a9064d80000 r--p 00000000 08:30 134822                     /usr/lib/jvm/java-11-openjdk-amd64/lib/libverify.so
7a9064d80000-7a9064d87000 r-xp 00005000 08:30 134822                     /usr/lib/jvm/java-11-openjdk-amd64/lib/libverify.so
7a9064d87000-7a9064d89000 r--p 0000c000 08:30 134822                     /usr/lib/jvm/java-11-openjdk-amd64/lib/libverify.so
7a9064d89000-7a9064d8b000 r--p 0000d000 08:30 134822                     /usr/lib/jvm/java-11-openjdk-amd64/lib/libverify.so
7a9064d8b000-7a9064d8c000 rw-p 0000f000 08:30 134822                     /usr/lib/jvm/java-11-openjdk-amd64/lib/libverify.so
7a9064d8c000-7a9064d8e000 rw-p 00000000 00:00 0 
7a9064d8e000-7a9064d90000 r--p 00000000 08:30 94020                      /usr/lib/x86_64-linux-gnu/ld-linux-x86-64.so.2
7a9064d90000-7a9064dba000 r-xp 00002000 08:30 94020                      /usr/lib/x86_64-linux-gnu/ld-linux-x86-64.so.2
7a9064dba000-7a9064dc5000 r--p 0002c000 08:30 94020                      /usr/lib/x86_64-linux-gnu/ld-linux-x86-64.so.2
7a9064dc6000-7a9064dc8000 r--p 00037000 08:30 94020                      /usr/lib/x86_64-linux-gnu/ld-linux-x86-64.so.2
7a9064dc8000-7a9064dca000 rw-p 00039000 08:30 94020                      /usr/lib/x86_64-linux-gnu/ld-linux-x86-64.so.2
7ffeec801000-7ffeec823000 rw-p 00000000 00:00 0                          [stack]
7ffeec855000-7ffeec859000 r--p 00000000 00:00 0                          [vvar]
7ffeec859000-7ffeec85b000 r-xp 00000000 00:00 0                          [vdso]


VM Arguments:
java_command: com.example.Main tests/IRtest_Lab4/and_test.sysy tests/IRtest_Lab4/and_test.ll
java_class_path (initial): ./classes:/usr/local/lib/antlr-4.9.1-complete.jar:/usr/local/lib/llvm-13.0.1-1.5.7.jar:/usr/local/lib/llvm-13.0.1-1.5.7-linux-x86_64.jar:/usr/local/lib/llvm-platform-13.0.1-1.5.7.jar:/usr/local/lib/javacpp-1.5.7-linux-x86_64.jar:/usr/local/lib/javacpp-1.5.7.jar
Launcher Type: SUN_STANDARD

[Global flags]
     intx CICompilerCount                          = 12                                        {product} {ergonomic}
     uint ConcGCThreads                            = 4                                         {product} {ergonomic}
     uint G1ConcRefinementThreads                  = 15                                        {product} {ergonomic}
   size_t G1HeapRegionSize                         = 1048576                                   {product} {ergonomic}
    uintx GCDrainStackTargetSize                   = 64                                        {product} {ergonomic}
   size_t InitialHeapSize                          = 260046848                                 {product} {ergonomic}
   size_t MarkStackSize                            = 4194304                                   {product} {ergonomic}
   size_t MaxHeapSize                              = 4148166656                                {product} {ergonomic}
   size_t MaxNewSize                               = 2488270848                                {product} {ergonomic}
   size_t MinHeapDeltaBytes                        = 1048576                                   {product} {ergonomic}
    uintx NonNMethodCodeHeapSize                   = 7594288                                {pd product} {ergonomic}
    uintx NonProfiledCodeHeapSize                  = 122031976                              {pd product} {ergonomic}
    uintx ProfiledCodeHeapSize                     = 122031976                              {pd product} {ergonomic}
    uintx ReservedCodeCacheSize                    = 251658240                              {pd product} {ergonomic}
     bool SegmentedCodeCache                       = true                                      {product} {ergonomic}
     bool UseCompressedClassPointers               = true                                 {lp64_product} {ergonomic}
     bool UseCompressedOops                        = true                                 {lp64_product} {ergonomic}
     bool UseG1GC                                  = true                                      {product} {ergonomic}

Logging:
Log output configuration:
 #0: stdout all=warning uptime,level,tags
 #1: stderr all=off uptime,level,tags

Environment Variables:
CLASSPATH=/usr/local/lib/antlr-4.9.1-complete.jar:/usr/local/lib/llvm-13.0.1-1.5.7.jar:/usr/local/lib/llvm-13.0.1-1.5.7-linux-x86_64.jar:/usr/local/lib/llvm-platform-13.0.1-1.5.7.jar:/usr/local/lib/javacpp-1.5.7-linux-x86_64.jar:/usr/local/lib/javacpp-1.5.7.jar
PATH=/home/crz/.local/bin:/home/crz/.cargo/bin:/home/crz/.local/bin:~/my_script:/usr/local/sbin:/usr/local/bin:/usr/sbin:/usr/bin:/sbin:/bin:/usr/games:/usr/local/games:/usr/lib/wsl/lib:/mnt/c/Program Files/Java/jdk-21/bin:/mnt/c/Program Files/Common Files/Oracle/Java/javapath:/mnt/e/vmware/bin/:/mnt/c/Program Files (x86)/Common Files/Oracle/Java/java8path:/mnt/c/Program Files (x86)/Common Files/Oracle/Java/javapath:/mnt/c/Windows/system32:/mnt/c/Windows:/mnt/c/Windows/System32/Wbem:/mnt/c/Windows/System32/WindowsPowerShell/v1.0/:/mnt/c/Windows/System32/OpenSSH/:/mnt/c/Users/crz/Downloads/winlibs-x86_64-posix-seh-gcc-12.3.0-llvm-16.0.4-mingw-w64ucrt-11.0.0-r1.zip/mingw64/bin:/mnt/d/mingw64/bin:/mnt/d/Git/cmd:/mnt/c/Program Files/dotnet/:/mnt/e/SDL-CPLproj/SDL2/mingw(CLion+VSC)/SDL2-2.26.0-allinone/x86_64-w64-mingw32/bin:/mnt/c/Program Files/Cloudflare/Cloudflare WARP/:/mnt/c/Users/crz/AppData/Local/Programs/Python/Python311/Lib/site-packages/pyecharts:/mnt/c/Program Files/MATLAB/R2023a/runtime/win64:/mnt/c/Program Files/MATLAB/R2023a/bin:/mnt/c/Program Files/gs/gs10.03.1/bin:/mnt/e/:/mnt/e/bitvise-ssh:/mnt/d/:/mnt/c/ProgramData/chocolatey/bin:/mnt/c/Program Files/MySQL/MySQL Server 8.0/bin:/mnt/c/Program Files/MySQL/MySQL Shell 8.0/bin/:/mnt/e/anaconda3:/mnt/e/anaconda3/Library/mingw-w64/bin:/mnt/e/anaconda3/Library/usr/bin:/mnt/e/anaconda3/Library/bin:/mnt/e/anaconda3/Scripts:/mnt/c/Users/crz/AppData/Local/Microsoft/WindowsApps:/mnt/c/Users/crz/Downloads/winlibs-x86_64-posix-seh-gcc-12.3.0-llvm-16.0.4-mingw-w64ucrt-11.0.0-r1.zip/mingw64/bin:/mnt/d/mingw64/bin:/mnt/e/Microsoft VS Code/bin:/mnt/e/CLion 2022.3/bin:/mnt/c/Users/crz/AppData/Local/JetBrains/Toolbox/scripts:/mnt/d/PyCharm 2023.3.4/bin:/mnt/d/IntelliJ IDEA 2023.3.4/bin:/mnt/c/Users/crz/anaconda3/Lib/site-packages:/mnt/d/texlive/2024/bin/windows:/mnt/c/Users/crz/AppData/Roaming/npm:/mnt/d/:/mnt/d/WebStorm 2024.3.2.1/bin:/snap/bin:/mnt/c/Users/crz/AppData/Local/Programs/Microsoft VS Code/bin:/mnt/e/Microsoft\ V
SHELL=/bin/bash
DISPLAY=:0.0
HOSTTYPE=x86_64
LANG=en_US.UTF-8
LC_ALL=en_US.UTF-8
TERM=xterm-256color

Signal Handlers:
SIGSEGV: [libjvm.so+0xebbd40], sa_mask[0]=11111111011111111101111111111110, sa_flags=SA_RESTART|SA_SIGINFO
SIGBUS: [libjvm.so+0xebbd40], sa_mask[0]=11111111011111111101111111111110, sa_flags=SA_RESTART|SA_SIGINFO
SIGFPE: [libjvm.so+0xebbd40], sa_mask[0]=11111111011111111101111111111110, sa_flags=SA_RESTART|SA_SIGINFO
SIGPIPE: [libjvm.so+0xbfe040], sa_mask[0]=11111111011111111101111111111110, sa_flags=SA_RESTART|SA_SIGINFO
SIGXFSZ: [libjvm.so+0xbfe040], sa_mask[0]=11111111011111111101111111111110, sa_flags=SA_RESTART|SA_SIGINFO
SIGILL: [libjvm.so+0xebbd40], sa_mask[0]=11111111011111111101111111111110, sa_flags=SA_RESTART|SA_SIGINFO
SIGUSR2: [libjvm.so+0xbfdee0], sa_mask[0]=00000000000000000000000000000000, sa_flags=SA_RESTART|SA_SIGINFO
SIGHUP: [libjvm.so+0xbfe6a0], sa_mask[0]=11111111011111111101111111111110, sa_flags=SA_RESTART|SA_SIGINFO
SIGINT: [libjvm.so+0xbfe6a0], sa_mask[0]=11111111011111111101111111111110, sa_flags=SA_RESTART|SA_SIGINFO
SIGTERM: [libjvm.so+0xbfe6a0], sa_mask[0]=11111111011111111101111111111110, sa_flags=SA_RESTART|SA_SIGINFO
SIGQUIT: [libjvm.so+0xbfe6a0], sa_mask[0]=11111111011111111101111111111110, sa_flags=SA_RESTART|SA_SIGINFO


---------------  S Y S T E M  ---------------

OS:DISTRIB_ID=Ubuntu
DISTRIB_RELEASE=22.04
DISTRIB_CODENAME=jammy
DISTRIB_DESCRIPTION="Ubuntu 22.04.5 LTS"
uname:Linux 6.6.87.2-microsoft-standard-WSL2 #1 SMP PREEMPT_DYNAMIC Thu Jun  5 18:30:46 UTC 2025 x86_64
OS uptime: 0 days 0:57 hours
libc:glibc 2.35 NPTL 2.35 
rlimit (soft/hard): STACK 8192k/infinity , CORE 0k/infinity , NPROC 63245/63245 , NOFILE 1048576/1048576 , AS infinity/infinity , CPU infinity/infinity , DATA infinity/infinity , FSIZE infinity/infinity , MEMLOCK 65536k/65536k
load average:1.37 0.60 0.45

/proc/meminfo:
MemTotal:       16200860 kB
MemFree:        11282288 kB
MemAvailable:   13915944 kB
Buffers:           80336 kB
Cached:          2682452 kB
SwapCached:            0 kB
Active:           533368 kB
Inactive:        3825428 kB
Active(anon):       2704 kB
Inactive(anon):  1634312 kB
Active(file):     530664 kB
Inactive(file):  2191116 kB
Unevictable:           0 kB
Mlocked:               0 kB
SwapTotal:       4194304 kB
SwapFree:        4194304 kB
Dirty:               192 kB
Writeback:             0 kB
AnonPages:       1596292 kB
Mapped:           787708 kB
Shmem:             41012 kB
KReclaimable:     159860 kB
Slab:             267188 kB
SReclaimable:     159860 kB
SUnreclaim:       107328 kB
KernelStack:       11216 kB
PageTables:        15268 kB
SecPageTables:         0 kB
NFS_Unstable:          0 kB
Bounce:                0 kB
WritebackTmp:          0 kB
CommitLimit:    12294732 kB
Committed_AS:    4203480 kB
VmallocTotal:   34359738367 kB
VmallocUsed:       40436 kB
VmallocChunk:          0 kB
Percpu:            14208 kB
HardwareCorrupted:     0 kB
AnonHugePages:         0 kB
ShmemHugePages:        0 kB
ShmemPmdMapped:        0 kB
FileHugePages:         0 kB
FilePmdMapped:         0 kB
Unaccepted:            0 kB
HugePages_Total:       0
HugePages_Free:        0
HugePages_Rsvd:        0
HugePages_Surp:        0
Hugepagesize:       2048 kB
Hugetlb:               0 kB
DirectMap4k:      136192 kB
DirectMap2M:    12269568 kB
DirectMap1G:    12582912 kB

/sys/kernel/mm/transparent_hugepage/enabled:
always [madvise] never
/sys/kernel/mm/transparent_hugepage/defrag (defrag/compaction efforts parameter):
always defer defer+madvise [madvise] never

Process Memory:
Virtual Size: 7197384K (peak: 15576112K)
Resident Set Size: 100108K (peak: 100108K) (anon: 43312K, file: 56796K, shmem: 0K)
Swapped out: 0K
C-Heap outstanding allocations: 43472K, retained: 2899K
glibc malloc tunables: (default)

/proc/sys/kernel/threads-max (system-wide limit on the number of threads):
126490
/proc/sys/vm/max_map_count (maximum number of memory map areas a process may have):
65530
/proc/sys/kernel/pid_max (system-wide limit on number of process identifiers):
4194304

container (cgroup) information:
container_type: cgroupv2
cpu_cpuset_cpus: not supported
cpu_memory_nodes: not supported
active_processor_count: 20
cpu_quota: not supported
cpu_period: not supported
cpu_shares: not supported
memory_limit_in_bytes: not supported
memory_and_swap_limit_in_bytes: not supported
memory_soft_limit_in_bytes: not supported
memory_usage_in_bytes: not supported
memory_max_usage_in_bytes: not supported
memory_swap_current_in_bytes: not supported
memory_swap_max_limit_in_bytes: not supported
maximum number of tasks: not supported
current number of tasks: not supported

Hyper-V virtualization detected
Steal ticks since vm start: 0
Steal ticks percentage since vm start:  0.000

CPU:total 20 (initial active 20) (16 cores per cpu, 2 threads per core) family 6 model 186 stepping 2 microcode 0xffffffff, cmov, cx8, fxsr, mmx, sse, sse2, sse3, ssse3, sse4.1, sse4.2, popcnt, avx, avx2, aes, clmul, erms, 3dnowpref, lzcnt, ht, tsc, tscinvbit, bmi1, bmi2, adx, sha, fma
CPU Model and flags from /proc/cpuinfo:
model name	: 13th Gen Intel(R) Core(TM) i9-13900H
flags		: fpu vme de pse tsc msr pae mce cx8 apic sep mtrr pge mca cmov pat pse36 clflush mmx fxsr sse sse2 ss ht syscall nx pdpe1gb rdtscp lm constant_tsc rep_good nopl xtopology tsc_reliable nonstop_tsc cpuid tsc_known_freq pni pclmulqdq vmx ssse3 fma cx16 pcid sse4_1 sse4_2 x2apic movbe popcnt tsc_deadline_timer aes xsave avx f16c rdrand hypervisor lahf_lm abm 3dnowprefetch ssbd ibrs ibpb stibp ibrs_enhanced tpr_shadow ept vpid ept_ad fsgsbase tsc_adjust bmi1 avx2 smep bmi2 erms invpcid rdseed adx smap clflushopt clwb sha_ni xsaveopt xsavec xgetbv1 xsaves avx_vnni vnmi umip waitpkg gfni vaes vpclmulqdq rdpid movdiri movdir64b fsrm md_clear serialize flush_l1d arch_capabilities
Online cpus:
0-19
Offline cpus:

BIOS frequency limitation:
<Not Available>
Frequency switch latency (ns):
<Not Available>
Available cpu frequencies:
<Not Available>
Current governor:
<Not Available>
Core performance/turbo boost:
<Not Available>

Memory: 4k page, physical 16200860k(11282288k free), swap 4194304k(4194304k free)

vm_info: OpenJDK 64-Bit Server VM (11.0.27+6-post-Ubuntu-0ubuntu122.04) for linux-amd64 JRE (11.0.27+6-post-Ubuntu-0ubuntu122.04), built on Apr 21 2025 05:59:45 by "unknown" with gcc 11.4.0

END.
