#
# A fatal error has been detected by the Java Runtime Environment:
#
#  SIGSEGV (0xb) at pc=0x000073d19dfa807e, pid=17080, tid=17081
#
# JRE version: OpenJDK Runtime Environment (11.0.27+6) (build 11.0.27+6-post-Ubuntu-0ubuntu122.04)
# Java VM: OpenJDK 64-Bit Server VM (11.0.27+6-post-Ubuntu-0ubuntu122.04, mixed mode, sharing, tiered, compressed oops, g1 gc, linux-amd64)
# Problematic frame:
# C  [libLLVM-13.so+0xba807e]  (anonymous namespace)::TypePrinting::print(llvm::Type*, llvm::raw_ostream&)+0x1e
#
# Core dump will be written. Default location: Core dumps may be processed with "/wsl-capture-crash %t %E %p %s" (or dumping to /home/crz/compilers/Lab/core.17080)
#
# If you would like to submit a bug report, please visit:
#   https://bugs.launchpad.net/ubuntu/+source/openjdk-lts
# The crash happened outside the Java Virtual Machine in native code.
# See problematic frame for where to report the bug.
#

---------------  S U M M A R Y ------------

Command Line: com.example.Main tests/develop_test/01backpack.sysy tests/develop_test/01backpack.ll

Host: 13th Gen Intel(R) Core(TM) i9-13900H, 20 cores, 15G, Ubuntu 22.04.5 LTS
Time: Tue Jul 15 21:50:51 2025 CST elapsed time: 0.262364 seconds (0d 0h 0m 0s)

---------------  T H R E A D  ---------------

Current thread (0x000073d218015000):  JavaThread "main" [_thread_in_native, id=17081, stack(0x000073d220d00000,0x000073d220e00000)]

Stack: [0x000073d220d00000,0x000073d220e00000],  sp=0x000073d220dfdf40,  free space=1015k
Native frames: (J=compiled Java code, A=aot compiled Java code, j=interpreted, Vv=VM code, C=native code)
C  [libLLVM-13.so+0xba807e]  (anonymous namespace)::TypePrinting::print(llvm::Type*, llvm::raw_ostream&)+0x1e

Java frames: (J=compiled Java code, j=interpreted, Vv=VM code)
j  org.bytedeco.llvm.global.LLVM.LLVMPrintValueToString(Lorg/bytedeco/llvm/LLVM/LLVMValueRef;)Lorg/bytedeco/javacpp/BytePointer;+0
j  com.example.LLVMIROptimization.buildgraph(Lorg/bytedeco/llvm/LLVM/LLVMValueRef;)V+273
j  com.example.LLVMIROptimization.constprop(Lorg/bytedeco/llvm/LLVM/LLVMValueRef;)Z+12
j  com.example.Main.main([Ljava/lang/String;)V+311
v  ~StubRoutines::call_stub

siginfo: si_signo: 11 (SIGSEGV), si_code: 128 (SI_KERNEL), si_addr: 0x0000000000000000

Register to memory mapping:

RAX=0x000073d21849c0c0 points into unknown readable memory: 0x000073d21848d080 | 80 d0 48 18 d2 73 00 00
RBX=0x000073d220dfe260 is pointing into the stack for thread: 0x000073d218015000
RCX=0x0000000000000040 is an unknown value
RDX=0x000073d1a16f7f30: <offset 0x00000000042f7f30> in /home/crz/.javacpp/cache/llvm-13.0.1-1.5.7-linux-x86_64.jar/org/bytedeco/llvm/linux-x86_64/libLLVM-13.so at 0x000073d19d400000
RSP=0x000073d220dfdf40 is pointing into the stack for thread: 0x000073d218015000
RBP=0x000073d220dfe080 is pointing into the stack for thread: 0x000073d218015000
RSI=0x20782031315b2078 is an unknown value
RDI=0x000073d220dfe288 is pointing into the stack for thread: 0x000073d218015000
R8 =0x0 is NULL
R9 =0x0000000000000020 is an unknown value
R10=0x00000000000000ff is an unknown value
R11=0x0f584d3c90e3a195 is an unknown value
R12=0x20782031315b2078 is an unknown value
R13=0x000073d220dfe288 is pointing into the stack for thread: 0x000073d218015000
R14=0x000073d220dfe100 is pointing into the stack for thread: 0x000073d218015000
R15=0x000073d21849c140 points into unknown readable memory: 0x000073d218485c90 | 90 5c 48 18 d2 73 00 00


Registers:
RAX=0x000073d21849c0c0, RBX=0x000073d220dfe260, RCX=0x0000000000000040, RDX=0x000073d1a16f7f30
RSP=0x000073d220dfdf40, RBP=0x000073d220dfe080, RSI=0x20782031315b2078, RDI=0x000073d220dfe288
R8 =0x0000000000000000, R9 =0x0000000000000020, R10=0x00000000000000ff, R11=0x0f584d3c90e3a195
R12=0x20782031315b2078, R13=0x000073d220dfe288, R14=0x000073d220dfe100, R15=0x000073d21849c140
RIP=0x000073d19dfa807e, EFLAGS=0x0000000000010202, CSGSFS=0x002b000000000033, ERR=0x0000000000000000
  TRAPNO=0x000000000000000d

Top of Stack: (sp=0x000073d220dfdf40)
0x000073d220dfdf40:   000073d220dfe288 0000732020dfe100
0x000073d220dfdf50:   000073d21849c140 000073d220dfe260
0x000073d220dfdf60:   000073d21849bf80 000073d220dfe288
0x000073d220dfdf70:   0000000000000004 000073d220dfe100 

Instructions: (pc=0x000073d19dfa807e)
0x000073d19dfa7f7e:   4c 01 c8 48 8b 30 48 39 f5 0f 84 ff fe ff ff 48
0x000073d19dfa7f8e:   81 fe 00 f0 ff ff 74 86 4d 85 d2 75 0b 48 81 fe
0x000073d19dfa7f9e:   00 e0 ff ff 4c 0f 44 d0 44 01 da 41 8d 43 01 44
0x000073d19dfa7fae:   21 c2 89 44 24 14 89 d0 48 c1 e0 04 4c 01 c8 48
0x000073d19dfa7fbe:   8b 30 48 39 f5 0f 84 c3 fe ff ff 44 8b 5c 24 14
0x000073d19dfa7fce:   eb bd 4d 85 db 75 0b 48 81 ff 00 e0 ff ff 4c 0f
0x000073d19dfa7fde:   44 d8 8b 44 24 14 41 01 c0 8d 78 01 45 21 d0 41
0x000073d19dfa7fee:   89 f9 44 89 c0 48 c1 e0 04 48 03 44 24 18 48 8b
0x000073d19dfa7ffe:   38 48 39 fd 0f 84 f8 fd ff ff 44 89 4c 24 14 e9
0x000073d19dfa800e:   2f fe ff ff 41 89 7c 24 78 e9 84 fe ff ff 48 81
0x000073d19dfa801e:   fe 00 e0 ff ff 75 07 4d 85 d2 4c 0f 44 d0 44 01
0x000073d19dfa802e:   da 41 8d 43 01 44 21 c2 89 44 24 14 89 d0 48 c1
0x000073d19dfa803e:   e0 04 4c 01 c8 48 8b 30 48 39 f5 0f 84 3d fe ff
0x000073d19dfa804e:   ff 44 8b 5c 24 14 e9 b6 fe ff ff 0f 1f 80 00 00
0x000073d19dfa805e:   00 00 41 57 41 56 41 55 49 89 fd 41 54 49 89 f4
0x000073d19dfa806e:   55 48 89 d5 48 8d 15 b7 fe 74 03 53 48 83 ec 18
0x000073d19dfa807e:   0f b6 46 08 48 89 c1 48 63 04 82 48 01 d0 ff e0
0x000073d19dfa808e:   66 90 8b 5e 20 48 89 ef 48 8d 35 4b fe 86 03 80
0x000073d19dfa809e:   f9 13 75 0f e8 a9 e9 ee ff 48 8d 35 ca 87 74 03
0x000073d19dfa80ae:   48 89 ef e8 9a e9 ee ff 89 de 48 89 ef e8 10 79
0x000073d19dfa80be:   fc ff 48 8d 35 b7 87 74 03 48 89 c7 e8 81 e9 ee
0x000073d19dfa80ce:   ff 49 8b 74 24 18 48 89 ea 4c 89 ef e8 81 ff ff
0x000073d19dfa80de:   ff 48 8b 45 20 48 3b 45 18 0f 83 43 04 00 00 48
0x000073d19dfa80ee:   8d 50 01 48 89 55 20 c6 00 3e eb 15 66 0f 1f 44
0x000073d19dfa80fe:   00 00 48 8d 35 3a 79 7a 03 48 89 ef e8 41 e9 ee
0x000073d19dfa810e:   ff 48 83 c4 18 5b 5d 41 5c 41 5d 41 5e 41 5f c3
0x000073d19dfa811e:   66 90 48 8d 35 d6 fd 74 03 48 89 ef e8 21 e9 ee
0x000073d19dfa812e:   ff eb de 0f 1f 80 00 00 00 00 48 8d 35 ee 7b 8f
0x000073d19dfa813e:   04 48 89 ef e8 09 e9 ee ff eb c6 0f 1f 80 00 00
0x000073d19dfa814e:   00 00 48 8d 35 e4 7b 8f 04 48 89 ef e8 f1 e8 ee
0x000073d19dfa815e:   ff eb ae 0f 1f 80 00 00 00 00 48 8d 35 95 fd 74
0x000073d19dfa816e:   03 48 89 ef e8 d9 e8 ee ff eb 96 0f 1f 80 00 00 


Stack slot to memory mapping:
stack at sp + 0 slots: 0x000073d220dfe288 is pointing into the stack for thread: 0x000073d218015000
stack at sp + 1 slots: 0x0000732020dfe100 is an unknown value
stack at sp + 2 slots: 0x000073d21849c140 points into unknown readable memory: 0x000073d218485c90 | 90 5c 48 18 d2 73 00 00
stack at sp + 3 slots: 0x000073d220dfe260 is pointing into the stack for thread: 0x000073d218015000
stack at sp + 4 slots: 0x000073d21849bf80 points into unknown readable memory: 0x20782031315b2078 | 78 20 5b 31 31 20 78 20
stack at sp + 5 slots: 0x000073d220dfe288 is pointing into the stack for thread: 0x000073d218015000
stack at sp + 6 slots: 0x0000000000000004 is an unknown value
stack at sp + 7 slots: 0x000073d220dfe100 is pointing into the stack for thread: 0x000073d218015000


---------------  P R O C E S S  ---------------

Threads class SMR info:
_java_thread_list=0x000073d1a4004f10, length=15, elements={
0x000073d218015000, 0x000073d2181ec000, 0x000073d2181ee000, 0x000073d2181f3800,
0x000073d2181f5800, 0x000073d2181f8000, 0x000073d2181fa000, 0x000073d2181fc000,
0x000073d1c4096000, 0x000073d21822f000, 0x000073d1c82a2800, 0x000073d1c0174000,
0x000073d1c017a800, 0x000073d2183ee000, 0x000073d1a4003800
}

Java Threads: ( => current thread )
=>0x000073d218015000 JavaThread "main" [_thread_in_native, id=17081, stack(0x000073d220d00000,0x000073d220e00000)]
  0x000073d2181ec000 JavaThread "Reference Handler" daemon [_thread_blocked, id=17088, stack(0x000073d1f415e000,0x000073d1f425e000)]
  0x000073d2181ee000 JavaThread "Finalizer" daemon [_thread_blocked, id=17089, stack(0x000073d1f405e000,0x000073d1f415e000)]
  0x000073d2181f3800 JavaThread "Signal Dispatcher" daemon [_thread_blocked, id=17090, stack(0x000073d1ed100000,0x000073d1ed200000)]
  0x000073d2181f5800 JavaThread "Service Thread" daemon [_thread_blocked, id=17091, stack(0x000073d1ed000000,0x000073d1ed100000)]
  0x000073d2181f8000 JavaThread "C2 CompilerThread0" daemon [_thread_in_native, id=17092, stack(0x000073d1ecf00000,0x000073d1ed000000)]
  0x000073d2181fa000 JavaThread "C1 CompilerThread0" daemon [_thread_blocked, id=17093, stack(0x000073d1ece00000,0x000073d1ecf00000)]
  0x000073d2181fc000 JavaThread "Sweeper thread" daemon [_thread_blocked, id=17094, stack(0x000073d1ecd00000,0x000073d1ece00000)]
  0x000073d1c4096000 JavaThread "C1 CompilerThread1" daemon [_thread_blocked, id=17095, stack(0x000073d1ecc00000,0x000073d1ecd00000)]
  0x000073d21822f000 JavaThread "Common-Cleaner" daemon [_thread_blocked, id=17097, stack(0x000073d1ec9ff000,0x000073d1ecaff000)]
  0x000073d1c82a2800 JavaThread "C1 CompilerThread2" daemon [_thread_blocked, id=17098, stack(0x000073d1ec8ff000,0x000073d1ec9ff000)]
  0x000073d1c0174000 JavaThread "C1 CompilerThread3" daemon [_thread_blocked, id=17099, stack(0x000073d1ec7ff000,0x000073d1ec8ff000)]
  0x000073d1c017a800 JavaThread "C2 CompilerThread1" daemon [_thread_blocked, id=17100, stack(0x000073d1ec6ff000,0x000073d1ec7ff000)]
  0x000073d2183ee000 JavaThread "JavaCPP Deallocator" daemon [_thread_blocked, id=17101, stack(0x000073d1ec5ff000,0x000073d1ec6ff000)]
  0x000073d1a4003800 JavaThread "C2 CompilerThread2" daemon [_thread_blocked, id=17102, stack(0x000073d1ec3f9000,0x000073d1ec4f9000)]

Other Threads:
  0x000073d2181e9000 VMThread "VM Thread" [stack: 0x000073d1f425f000,0x000073d1f435f000] [id=17087]
  0x000073d21822c800 WatcherThread [stack: 0x000073d1ecb00000,0x000073d1ecc00000] [id=17096]
  0x000073d21802f800 GCTaskThread "GC Thread#0" [stack: 0x000073d21f500000,0x000073d21f600000] [id=17082]
  0x000073d21808d800 ConcurrentGCThread "G1 Main Marker" [stack: 0x000073d21cbcb000,0x000073d21cccb000] [id=17083]
  0x000073d21808f800 ConcurrentGCThread "G1 Conc#0" [stack: 0x000073d21caca000,0x000073d21cbca000] [id=17084]
  0x000073d2181aa800 ConcurrentGCThread "G1 Refine#0" [stack: 0x000073d2000fc000,0x000073d2001fc000] [id=17085]
  0x000073d2181ac800 ConcurrentGCThread "G1 Young RemSet Sampling" [stack: 0x000073d1f4360000,0x000073d1f4460000] [id=17086]

Threads with active compile tasks:
C2 CompilerThread0      263 1232 %     4       com.example.LLVMIROptimization::constprop @ 3385 (4344 bytes)

VM state:not at safepoint (normal execution)

VM Mutex/Monitor currently owned by a thread: None

Heap address: 0x0000000708c00000, size: 3956 MB, Compressed Oops mode: Zero based, Oop shift amount: 3
Narrow klass base: 0x0000000800000000, Narrow klass shift: 3
Compressed class space size: 1073741824 Address: 0x0000000840000000

Heap:
 garbage-first heap   total 256000K, used 22224K [0x0000000708c00000, 0x0000000800000000)
  region size 1024K, 23 young (23552K), 0 survivors (0K)
 Metaspace       used 4256K, capacity 6928K, committed 7168K, reserved 1056768K
  class space    used 422K, capacity 712K, committed 768K, reserved 1048576K
Heap Regions: E=young(eden), S=young(survivor), O=old, HS=humongous(starts), HC=humongous(continues), CS=collection set, F=free, A=archive, TAMS=top-at-mark-start (previous, next)
|   0|0x0000000708c00000, 0x0000000708c00000, 0x0000000708d00000|  0%| F|  |TAMS 0x0000000708c00000, 0x0000000708c00000| Untracked 
|   1|0x0000000708d00000, 0x0000000708d00000, 0x0000000708e00000|  0%| F|  |TAMS 0x0000000708d00000, 0x0000000708d00000| Untracked 
|   2|0x0000000708e00000, 0x0000000708e00000, 0x0000000708f00000|  0%| F|  |TAMS 0x0000000708e00000, 0x0000000708e00000| Untracked 
|   3|0x0000000708f00000, 0x0000000708f00000, 0x0000000709000000|  0%| F|  |TAMS 0x0000000708f00000, 0x0000000708f00000| Untracked 
|   4|0x0000000709000000, 0x0000000709000000, 0x0000000709100000|  0%| F|  |TAMS 0x0000000709000000, 0x0000000709000000| Untracked 
|   5|0x0000000709100000, 0x0000000709100000, 0x0000000709200000|  0%| F|  |TAMS 0x0000000709100000, 0x0000000709100000| Untracked 
|   6|0x0000000709200000, 0x0000000709200000, 0x0000000709300000|  0%| F|  |TAMS 0x0000000709200000, 0x0000000709200000| Untracked 
|   7|0x0000000709300000, 0x0000000709300000, 0x0000000709400000|  0%| F|  |TAMS 0x0000000709300000, 0x0000000709300000| Untracked 
|   8|0x0000000709400000, 0x0000000709400000, 0x0000000709500000|  0%| F|  |TAMS 0x0000000709400000, 0x0000000709400000| Untracked 
|   9|0x0000000709500000, 0x0000000709500000, 0x0000000709600000|  0%| F|  |TAMS 0x0000000709500000, 0x0000000709500000| Untracked 
|  10|0x0000000709600000, 0x0000000709600000, 0x0000000709700000|  0%| F|  |TAMS 0x0000000709600000, 0x0000000709600000| Untracked 
|  11|0x0000000709700000, 0x0000000709700000, 0x0000000709800000|  0%| F|  |TAMS 0x0000000709700000, 0x0000000709700000| Untracked 
|  12|0x0000000709800000, 0x0000000709800000, 0x0000000709900000|  0%| F|  |TAMS 0x0000000709800000, 0x0000000709800000| Untracked 
|  13|0x0000000709900000, 0x0000000709900000, 0x0000000709a00000|  0%| F|  |TAMS 0x0000000709900000, 0x0000000709900000| Untracked 
|  14|0x0000000709a00000, 0x0000000709a00000, 0x0000000709b00000|  0%| F|  |TAMS 0x0000000709a00000, 0x0000000709a00000| Untracked 
|  15|0x0000000709b00000, 0x0000000709b00000, 0x0000000709c00000|  0%| F|  |TAMS 0x0000000709b00000, 0x0000000709b00000| Untracked 
|  16|0x0000000709c00000, 0x0000000709c00000, 0x0000000709d00000|  0%| F|  |TAMS 0x0000000709c00000, 0x0000000709c00000| Untracked 
|  17|0x0000000709d00000, 0x0000000709d00000, 0x0000000709e00000|  0%| F|  |TAMS 0x0000000709d00000, 0x0000000709d00000| Untracked 
|  18|0x0000000709e00000, 0x0000000709e00000, 0x0000000709f00000|  0%| F|  |TAMS 0x0000000709e00000, 0x0000000709e00000| Untracked 
|  19|0x0000000709f00000, 0x0000000709f00000, 0x000000070a000000|  0%| F|  |TAMS 0x0000000709f00000, 0x0000000709f00000| Untracked 
|  20|0x000000070a000000, 0x000000070a000000, 0x000000070a100000|  0%| F|  |TAMS 0x000000070a000000, 0x000000070a000000| Untracked 
|  21|0x000000070a100000, 0x000000070a100000, 0x000000070a200000|  0%| F|  |TAMS 0x000000070a100000, 0x000000070a100000| Untracked 
|  22|0x000000070a200000, 0x000000070a200000, 0x000000070a300000|  0%| F|  |TAMS 0x000000070a200000, 0x000000070a200000| Untracked 
|  23|0x000000070a300000, 0x000000070a300000, 0x000000070a400000|  0%| F|  |TAMS 0x000000070a300000, 0x000000070a300000| Untracked 
|  24|0x000000070a400000, 0x000000070a400000, 0x000000070a500000|  0%| F|  |TAMS 0x000000070a400000, 0x000000070a400000| Untracked 
|  25|0x000000070a500000, 0x000000070a500000, 0x000000070a600000|  0%| F|  |TAMS 0x000000070a500000, 0x000000070a500000| Untracked 
|  26|0x000000070a600000, 0x000000070a600000, 0x000000070a700000|  0%| F|  |TAMS 0x000000070a600000, 0x000000070a600000| Untracked 
|  27|0x000000070a700000, 0x000000070a700000, 0x000000070a800000|  0%| F|  |TAMS 0x000000070a700000, 0x000000070a700000| Untracked 
|  28|0x000000070a800000, 0x000000070a800000, 0x000000070a900000|  0%| F|  |TAMS 0x000000070a800000, 0x000000070a800000| Untracked 
|  29|0x000000070a900000, 0x000000070a900000, 0x000000070aa00000|  0%| F|  |TAMS 0x000000070a900000, 0x000000070a900000| Untracked 
|  30|0x000000070aa00000, 0x000000070aa00000, 0x000000070ab00000|  0%| F|  |TAMS 0x000000070aa00000, 0x000000070aa00000| Untracked 
|  31|0x000000070ab00000, 0x000000070ab00000, 0x000000070ac00000|  0%| F|  |TAMS 0x000000070ab00000, 0x000000070ab00000| Untracked 
|  32|0x000000070ac00000, 0x000000070ac00000, 0x000000070ad00000|  0%| F|  |TAMS 0x000000070ac00000, 0x000000070ac00000| Untracked 
|  33|0x000000070ad00000, 0x000000070ad00000, 0x000000070ae00000|  0%| F|  |TAMS 0x000000070ad00000, 0x000000070ad00000| Untracked 
|  34|0x000000070ae00000, 0x000000070ae00000, 0x000000070af00000|  0%| F|  |TAMS 0x000000070ae00000, 0x000000070ae00000| Untracked 
|  35|0x000000070af00000, 0x000000070af00000, 0x000000070b000000|  0%| F|  |TAMS 0x000000070af00000, 0x000000070af00000| Untracked 
|  36|0x000000070b000000, 0x000000070b000000, 0x000000070b100000|  0%| F|  |TAMS 0x000000070b000000, 0x000000070b000000| Untracked 
|  37|0x000000070b100000, 0x000000070b100000, 0x000000070b200000|  0%| F|  |TAMS 0x000000070b100000, 0x000000070b100000| Untracked 
|  38|0x000000070b200000, 0x000000070b200000, 0x000000070b300000|  0%| F|  |TAMS 0x000000070b200000, 0x000000070b200000| Untracked 
|  39|0x000000070b300000, 0x000000070b300000, 0x000000070b400000|  0%| F|  |TAMS 0x000000070b300000, 0x000000070b300000| Untracked 
|  40|0x000000070b400000, 0x000000070b400000, 0x000000070b500000|  0%| F|  |TAMS 0x000000070b400000, 0x000000070b400000| Untracked 
|  41|0x000000070b500000, 0x000000070b500000, 0x000000070b600000|  0%| F|  |TAMS 0x000000070b500000, 0x000000070b500000| Untracked 
|  42|0x000000070b600000, 0x000000070b600000, 0x000000070b700000|  0%| F|  |TAMS 0x000000070b600000, 0x000000070b600000| Untracked 
|  43|0x000000070b700000, 0x000000070b700000, 0x000000070b800000|  0%| F|  |TAMS 0x000000070b700000, 0x000000070b700000| Untracked 
|  44|0x000000070b800000, 0x000000070b800000, 0x000000070b900000|  0%| F|  |TAMS 0x000000070b800000, 0x000000070b800000| Untracked 
|  45|0x000000070b900000, 0x000000070b900000, 0x000000070ba00000|  0%| F|  |TAMS 0x000000070b900000, 0x000000070b900000| Untracked 
|  46|0x000000070ba00000, 0x000000070ba00000, 0x000000070bb00000|  0%| F|  |TAMS 0x000000070ba00000, 0x000000070ba00000| Untracked 
|  47|0x000000070bb00000, 0x000000070bb00000, 0x000000070bc00000|  0%| F|  |TAMS 0x000000070bb00000, 0x000000070bb00000| Untracked 
|  48|0x000000070bc00000, 0x000000070bc00000, 0x000000070bd00000|  0%| F|  |TAMS 0x000000070bc00000, 0x000000070bc00000| Untracked 
|  49|0x000000070bd00000, 0x000000070bd00000, 0x000000070be00000|  0%| F|  |TAMS 0x000000070bd00000, 0x000000070bd00000| Untracked 
|  50|0x000000070be00000, 0x000000070be00000, 0x000000070bf00000|  0%| F|  |TAMS 0x000000070be00000, 0x000000070be00000| Untracked 
|  51|0x000000070bf00000, 0x000000070bf00000, 0x000000070c000000|  0%| F|  |TAMS 0x000000070bf00000, 0x000000070bf00000| Untracked 
|  52|0x000000070c000000, 0x000000070c000000, 0x000000070c100000|  0%| F|  |TAMS 0x000000070c000000, 0x000000070c000000| Untracked 
|  53|0x000000070c100000, 0x000000070c100000, 0x000000070c200000|  0%| F|  |TAMS 0x000000070c100000, 0x000000070c100000| Untracked 
|  54|0x000000070c200000, 0x000000070c200000, 0x000000070c300000|  0%| F|  |TAMS 0x000000070c200000, 0x000000070c200000| Untracked 
|  55|0x000000070c300000, 0x000000070c300000, 0x000000070c400000|  0%| F|  |TAMS 0x000000070c300000, 0x000000070c300000| Untracked 
|  56|0x000000070c400000, 0x000000070c400000, 0x000000070c500000|  0%| F|  |TAMS 0x000000070c400000, 0x000000070c400000| Untracked 
|  57|0x000000070c500000, 0x000000070c500000, 0x000000070c600000|  0%| F|  |TAMS 0x000000070c500000, 0x000000070c500000| Untracked 
|  58|0x000000070c600000, 0x000000070c600000, 0x000000070c700000|  0%| F|  |TAMS 0x000000070c600000, 0x000000070c600000| Untracked 
|  59|0x000000070c700000, 0x000000070c700000, 0x000000070c800000|  0%| F|  |TAMS 0x000000070c700000, 0x000000070c700000| Untracked 
|  60|0x000000070c800000, 0x000000070c800000, 0x000000070c900000|  0%| F|  |TAMS 0x000000070c800000, 0x000000070c800000| Untracked 
|  61|0x000000070c900000, 0x000000070c900000, 0x000000070ca00000|  0%| F|  |TAMS 0x000000070c900000, 0x000000070c900000| Untracked 
|  62|0x000000070ca00000, 0x000000070ca00000, 0x000000070cb00000|  0%| F|  |TAMS 0x000000070ca00000, 0x000000070ca00000| Untracked 
|  63|0x000000070cb00000, 0x000000070cb00000, 0x000000070cc00000|  0%| F|  |TAMS 0x000000070cb00000, 0x000000070cb00000| Untracked 
|  64|0x000000070cc00000, 0x000000070cc00000, 0x000000070cd00000|  0%| F|  |TAMS 0x000000070cc00000, 0x000000070cc00000| Untracked 
|  65|0x000000070cd00000, 0x000000070cd00000, 0x000000070ce00000|  0%| F|  |TAMS 0x000000070cd00000, 0x000000070cd00000| Untracked 
|  66|0x000000070ce00000, 0x000000070ce00000, 0x000000070cf00000|  0%| F|  |TAMS 0x000000070ce00000, 0x000000070ce00000| Untracked 
|  67|0x000000070cf00000, 0x000000070cf00000, 0x000000070d000000|  0%| F|  |TAMS 0x000000070cf00000, 0x000000070cf00000| Untracked 
|  68|0x000000070d000000, 0x000000070d000000, 0x000000070d100000|  0%| F|  |TAMS 0x000000070d000000, 0x000000070d000000| Untracked 
|  69|0x000000070d100000, 0x000000070d100000, 0x000000070d200000|  0%| F|  |TAMS 0x000000070d100000, 0x000000070d100000| Untracked 
|  70|0x000000070d200000, 0x000000070d200000, 0x000000070d300000|  0%| F|  |TAMS 0x000000070d200000, 0x000000070d200000| Untracked 
|  71|0x000000070d300000, 0x000000070d300000, 0x000000070d400000|  0%| F|  |TAMS 0x000000070d300000, 0x000000070d300000| Untracked 
|  72|0x000000070d400000, 0x000000070d400000, 0x000000070d500000|  0%| F|  |TAMS 0x000000070d400000, 0x000000070d400000| Untracked 
|  73|0x000000070d500000, 0x000000070d500000, 0x000000070d600000|  0%| F|  |TAMS 0x000000070d500000, 0x000000070d500000| Untracked 
|  74|0x000000070d600000, 0x000000070d600000, 0x000000070d700000|  0%| F|  |TAMS 0x000000070d600000, 0x000000070d600000| Untracked 
|  75|0x000000070d700000, 0x000000070d700000, 0x000000070d800000|  0%| F|  |TAMS 0x000000070d700000, 0x000000070d700000| Untracked 
|  76|0x000000070d800000, 0x000000070d800000, 0x000000070d900000|  0%| F|  |TAMS 0x000000070d800000, 0x000000070d800000| Untracked 
|  77|0x000000070d900000, 0x000000070d900000, 0x000000070da00000|  0%| F|  |TAMS 0x000000070d900000, 0x000000070d900000| Untracked 
|  78|0x000000070da00000, 0x000000070da00000, 0x000000070db00000|  0%| F|  |TAMS 0x000000070da00000, 0x000000070da00000| Untracked 
|  79|0x000000070db00000, 0x000000070db00000, 0x000000070dc00000|  0%| F|  |TAMS 0x000000070db00000, 0x000000070db00000| Untracked 
|  80|0x000000070dc00000, 0x000000070dc00000, 0x000000070dd00000|  0%| F|  |TAMS 0x000000070dc00000, 0x000000070dc00000| Untracked 
|  81|0x000000070dd00000, 0x000000070dd00000, 0x000000070de00000|  0%| F|  |TAMS 0x000000070dd00000, 0x000000070dd00000| Untracked 
|  82|0x000000070de00000, 0x000000070de00000, 0x000000070df00000|  0%| F|  |TAMS 0x000000070de00000, 0x000000070de00000| Untracked 
|  83|0x000000070df00000, 0x000000070df00000, 0x000000070e000000|  0%| F|  |TAMS 0x000000070df00000, 0x000000070df00000| Untracked 
|  84|0x000000070e000000, 0x000000070e000000, 0x000000070e100000|  0%| F|  |TAMS 0x000000070e000000, 0x000000070e000000| Untracked 
|  85|0x000000070e100000, 0x000000070e100000, 0x000000070e200000|  0%| F|  |TAMS 0x000000070e100000, 0x000000070e100000| Untracked 
|  86|0x000000070e200000, 0x000000070e200000, 0x000000070e300000|  0%| F|  |TAMS 0x000000070e200000, 0x000000070e200000| Untracked 
|  87|0x000000070e300000, 0x000000070e300000, 0x000000070e400000|  0%| F|  |TAMS 0x000000070e300000, 0x000000070e300000| Untracked 
|  88|0x000000070e400000, 0x000000070e400000, 0x000000070e500000|  0%| F|  |TAMS 0x000000070e400000, 0x000000070e400000| Untracked 
|  89|0x000000070e500000, 0x000000070e500000, 0x000000070e600000|  0%| F|  |TAMS 0x000000070e500000, 0x000000070e500000| Untracked 
|  90|0x000000070e600000, 0x000000070e600000, 0x000000070e700000|  0%| F|  |TAMS 0x000000070e600000, 0x000000070e600000| Untracked 
|  91|0x000000070e700000, 0x000000070e700000, 0x000000070e800000|  0%| F|  |TAMS 0x000000070e700000, 0x000000070e700000| Untracked 
|  92|0x000000070e800000, 0x000000070e800000, 0x000000070e900000|  0%| F|  |TAMS 0x000000070e800000, 0x000000070e800000| Untracked 
|  93|0x000000070e900000, 0x000000070e900000, 0x000000070ea00000|  0%| F|  |TAMS 0x000000070e900000, 0x000000070e900000| Untracked 
|  94|0x000000070ea00000, 0x000000070ea00000, 0x000000070eb00000|  0%| F|  |TAMS 0x000000070ea00000, 0x000000070ea00000| Untracked 
|  95|0x000000070eb00000, 0x000000070eb00000, 0x000000070ec00000|  0%| F|  |TAMS 0x000000070eb00000, 0x000000070eb00000| Untracked 
|  96|0x000000070ec00000, 0x000000070ec00000, 0x000000070ed00000|  0%| F|  |TAMS 0x000000070ec00000, 0x000000070ec00000| Untracked 
|  97|0x000000070ed00000, 0x000000070ed00000, 0x000000070ee00000|  0%| F|  |TAMS 0x000000070ed00000, 0x000000070ed00000| Untracked 
|  98|0x000000070ee00000, 0x000000070ee00000, 0x000000070ef00000|  0%| F|  |TAMS 0x000000070ee00000, 0x000000070ee00000| Untracked 
|  99|0x000000070ef00000, 0x000000070ef00000, 0x000000070f000000|  0%| F|  |TAMS 0x000000070ef00000, 0x000000070ef00000| Untracked 
| 100|0x000000070f000000, 0x000000070f000000, 0x000000070f100000|  0%| F|  |TAMS 0x000000070f000000, 0x000000070f000000| Untracked 
| 101|0x000000070f100000, 0x000000070f100000, 0x000000070f200000|  0%| F|  |TAMS 0x000000070f100000, 0x000000070f100000| Untracked 
| 102|0x000000070f200000, 0x000000070f200000, 0x000000070f300000|  0%| F|  |TAMS 0x000000070f200000, 0x000000070f200000| Untracked 
| 103|0x000000070f300000, 0x000000070f300000, 0x000000070f400000|  0%| F|  |TAMS 0x000000070f300000, 0x000000070f300000| Untracked 
| 104|0x000000070f400000, 0x000000070f400000, 0x000000070f500000|  0%| F|  |TAMS 0x000000070f400000, 0x000000070f400000| Untracked 
| 105|0x000000070f500000, 0x000000070f500000, 0x000000070f600000|  0%| F|  |TAMS 0x000000070f500000, 0x000000070f500000| Untracked 
| 106|0x000000070f600000, 0x000000070f600000, 0x000000070f700000|  0%| F|  |TAMS 0x000000070f600000, 0x000000070f600000| Untracked 
| 107|0x000000070f700000, 0x000000070f700000, 0x000000070f800000|  0%| F|  |TAMS 0x000000070f700000, 0x000000070f700000| Untracked 
| 108|0x000000070f800000, 0x000000070f800000, 0x000000070f900000|  0%| F|  |TAMS 0x000000070f800000, 0x000000070f800000| Untracked 
| 109|0x000000070f900000, 0x000000070f900000, 0x000000070fa00000|  0%| F|  |TAMS 0x000000070f900000, 0x000000070f900000| Untracked 
| 110|0x000000070fa00000, 0x000000070fa00000, 0x000000070fb00000|  0%| F|  |TAMS 0x000000070fa00000, 0x000000070fa00000| Untracked 
| 111|0x000000070fb00000, 0x000000070fb00000, 0x000000070fc00000|  0%| F|  |TAMS 0x000000070fb00000, 0x000000070fb00000| Untracked 
| 112|0x000000070fc00000, 0x000000070fc00000, 0x000000070fd00000|  0%| F|  |TAMS 0x000000070fc00000, 0x000000070fc00000| Untracked 
| 113|0x000000070fd00000, 0x000000070fd00000, 0x000000070fe00000|  0%| F|  |TAMS 0x000000070fd00000, 0x000000070fd00000| Untracked 
| 114|0x000000070fe00000, 0x000000070fe00000, 0x000000070ff00000|  0%| F|  |TAMS 0x000000070fe00000, 0x000000070fe00000| Untracked 
| 115|0x000000070ff00000, 0x000000070ff00000, 0x0000000710000000|  0%| F|  |TAMS 0x000000070ff00000, 0x000000070ff00000| Untracked 
| 116|0x0000000710000000, 0x0000000710000000, 0x0000000710100000|  0%| F|  |TAMS 0x0000000710000000, 0x0000000710000000| Untracked 
| 117|0x0000000710100000, 0x0000000710100000, 0x0000000710200000|  0%| F|  |TAMS 0x0000000710100000, 0x0000000710100000| Untracked 
| 118|0x0000000710200000, 0x0000000710200000, 0x0000000710300000|  0%| F|  |TAMS 0x0000000710200000, 0x0000000710200000| Untracked 
| 119|0x0000000710300000, 0x0000000710300000, 0x0000000710400000|  0%| F|  |TAMS 0x0000000710300000, 0x0000000710300000| Untracked 
| 120|0x0000000710400000, 0x0000000710400000, 0x0000000710500000|  0%| F|  |TAMS 0x0000000710400000, 0x0000000710400000| Untracked 
| 121|0x0000000710500000, 0x0000000710500000, 0x0000000710600000|  0%| F|  |TAMS 0x0000000710500000, 0x0000000710500000| Untracked 
| 122|0x0000000710600000, 0x0000000710600000, 0x0000000710700000|  0%| F|  |TAMS 0x0000000710600000, 0x0000000710600000| Untracked 
| 123|0x0000000710700000, 0x0000000710700000, 0x0000000710800000|  0%| F|  |TAMS 0x0000000710700000, 0x0000000710700000| Untracked 
| 124|0x0000000710800000, 0x0000000710800000, 0x0000000710900000|  0%| F|  |TAMS 0x0000000710800000, 0x0000000710800000| Untracked 
| 125|0x0000000710900000, 0x0000000710900000, 0x0000000710a00000|  0%| F|  |TAMS 0x0000000710900000, 0x0000000710900000| Untracked 
| 126|0x0000000710a00000, 0x0000000710a00000, 0x0000000710b00000|  0%| F|  |TAMS 0x0000000710a00000, 0x0000000710a00000| Untracked 
| 127|0x0000000710b00000, 0x0000000710b00000, 0x0000000710c00000|  0%| F|  |TAMS 0x0000000710b00000, 0x0000000710b00000| Untracked 
| 128|0x0000000710c00000, 0x0000000710c00000, 0x0000000710d00000|  0%| F|  |TAMS 0x0000000710c00000, 0x0000000710c00000| Untracked 
| 129|0x0000000710d00000, 0x0000000710d00000, 0x0000000710e00000|  0%| F|  |TAMS 0x0000000710d00000, 0x0000000710d00000| Untracked 
| 130|0x0000000710e00000, 0x0000000710e00000, 0x0000000710f00000|  0%| F|  |TAMS 0x0000000710e00000, 0x0000000710e00000| Untracked 
| 131|0x0000000710f00000, 0x0000000710f00000, 0x0000000711000000|  0%| F|  |TAMS 0x0000000710f00000, 0x0000000710f00000| Untracked 
| 132|0x0000000711000000, 0x0000000711000000, 0x0000000711100000|  0%| F|  |TAMS 0x0000000711000000, 0x0000000711000000| Untracked 
| 133|0x0000000711100000, 0x0000000711100000, 0x0000000711200000|  0%| F|  |TAMS 0x0000000711100000, 0x0000000711100000| Untracked 
| 134|0x0000000711200000, 0x0000000711200000, 0x0000000711300000|  0%| F|  |TAMS 0x0000000711200000, 0x0000000711200000| Untracked 
| 135|0x0000000711300000, 0x0000000711300000, 0x0000000711400000|  0%| F|  |TAMS 0x0000000711300000, 0x0000000711300000| Untracked 
| 136|0x0000000711400000, 0x0000000711400000, 0x0000000711500000|  0%| F|  |TAMS 0x0000000711400000, 0x0000000711400000| Untracked 
| 137|0x0000000711500000, 0x0000000711500000, 0x0000000711600000|  0%| F|  |TAMS 0x0000000711500000, 0x0000000711500000| Untracked 
| 138|0x0000000711600000, 0x0000000711600000, 0x0000000711700000|  0%| F|  |TAMS 0x0000000711600000, 0x0000000711600000| Untracked 
| 139|0x0000000711700000, 0x0000000711700000, 0x0000000711800000|  0%| F|  |TAMS 0x0000000711700000, 0x0000000711700000| Untracked 
| 140|0x0000000711800000, 0x0000000711800000, 0x0000000711900000|  0%| F|  |TAMS 0x0000000711800000, 0x0000000711800000| Untracked 
| 141|0x0000000711900000, 0x0000000711900000, 0x0000000711a00000|  0%| F|  |TAMS 0x0000000711900000, 0x0000000711900000| Untracked 
| 142|0x0000000711a00000, 0x0000000711a00000, 0x0000000711b00000|  0%| F|  |TAMS 0x0000000711a00000, 0x0000000711a00000| Untracked 
| 143|0x0000000711b00000, 0x0000000711b00000, 0x0000000711c00000|  0%| F|  |TAMS 0x0000000711b00000, 0x0000000711b00000| Untracked 
| 144|0x0000000711c00000, 0x0000000711c00000, 0x0000000711d00000|  0%| F|  |TAMS 0x0000000711c00000, 0x0000000711c00000| Untracked 
| 145|0x0000000711d00000, 0x0000000711d00000, 0x0000000711e00000|  0%| F|  |TAMS 0x0000000711d00000, 0x0000000711d00000| Untracked 
| 146|0x0000000711e00000, 0x0000000711e00000, 0x0000000711f00000|  0%| F|  |TAMS 0x0000000711e00000, 0x0000000711e00000| Untracked 
| 147|0x0000000711f00000, 0x0000000711f00000, 0x0000000712000000|  0%| F|  |TAMS 0x0000000711f00000, 0x0000000711f00000| Untracked 
| 148|0x0000000712000000, 0x0000000712000000, 0x0000000712100000|  0%| F|  |TAMS 0x0000000712000000, 0x0000000712000000| Untracked 
| 149|0x0000000712100000, 0x0000000712100000, 0x0000000712200000|  0%| F|  |TAMS 0x0000000712100000, 0x0000000712100000| Untracked 
| 150|0x0000000712200000, 0x0000000712200000, 0x0000000712300000|  0%| F|  |TAMS 0x0000000712200000, 0x0000000712200000| Untracked 
| 151|0x0000000712300000, 0x0000000712300000, 0x0000000712400000|  0%| F|  |TAMS 0x0000000712300000, 0x0000000712300000| Untracked 
| 152|0x0000000712400000, 0x0000000712400000, 0x0000000712500000|  0%| F|  |TAMS 0x0000000712400000, 0x0000000712400000| Untracked 
| 153|0x0000000712500000, 0x0000000712500000, 0x0000000712600000|  0%| F|  |TAMS 0x0000000712500000, 0x0000000712500000| Untracked 
| 154|0x0000000712600000, 0x0000000712600000, 0x0000000712700000|  0%| F|  |TAMS 0x0000000712600000, 0x0000000712600000| Untracked 
| 155|0x0000000712700000, 0x0000000712700000, 0x0000000712800000|  0%| F|  |TAMS 0x0000000712700000, 0x0000000712700000| Untracked 
| 156|0x0000000712800000, 0x0000000712800000, 0x0000000712900000|  0%| F|  |TAMS 0x0000000712800000, 0x0000000712800000| Untracked 
| 157|0x0000000712900000, 0x0000000712900000, 0x0000000712a00000|  0%| F|  |TAMS 0x0000000712900000, 0x0000000712900000| Untracked 
| 158|0x0000000712a00000, 0x0000000712a00000, 0x0000000712b00000|  0%| F|  |TAMS 0x0000000712a00000, 0x0000000712a00000| Untracked 
| 159|0x0000000712b00000, 0x0000000712b00000, 0x0000000712c00000|  0%| F|  |TAMS 0x0000000712b00000, 0x0000000712b00000| Untracked 
| 160|0x0000000712c00000, 0x0000000712c00000, 0x0000000712d00000|  0%| F|  |TAMS 0x0000000712c00000, 0x0000000712c00000| Untracked 
| 161|0x0000000712d00000, 0x0000000712d00000, 0x0000000712e00000|  0%| F|  |TAMS 0x0000000712d00000, 0x0000000712d00000| Untracked 
| 162|0x0000000712e00000, 0x0000000712e00000, 0x0000000712f00000|  0%| F|  |TAMS 0x0000000712e00000, 0x0000000712e00000| Untracked 
| 163|0x0000000712f00000, 0x0000000712f00000, 0x0000000713000000|  0%| F|  |TAMS 0x0000000712f00000, 0x0000000712f00000| Untracked 
| 164|0x0000000713000000, 0x0000000713000000, 0x0000000713100000|  0%| F|  |TAMS 0x0000000713000000, 0x0000000713000000| Untracked 
| 165|0x0000000713100000, 0x0000000713100000, 0x0000000713200000|  0%| F|  |TAMS 0x0000000713100000, 0x0000000713100000| Untracked 
| 166|0x0000000713200000, 0x0000000713200000, 0x0000000713300000|  0%| F|  |TAMS 0x0000000713200000, 0x0000000713200000| Untracked 
| 167|0x0000000713300000, 0x0000000713300000, 0x0000000713400000|  0%| F|  |TAMS 0x0000000713300000, 0x0000000713300000| Untracked 
| 168|0x0000000713400000, 0x0000000713400000, 0x0000000713500000|  0%| F|  |TAMS 0x0000000713400000, 0x0000000713400000| Untracked 
| 169|0x0000000713500000, 0x0000000713500000, 0x0000000713600000|  0%| F|  |TAMS 0x0000000713500000, 0x0000000713500000| Untracked 
| 170|0x0000000713600000, 0x0000000713600000, 0x0000000713700000|  0%| F|  |TAMS 0x0000000713600000, 0x0000000713600000| Untracked 
| 171|0x0000000713700000, 0x0000000713700000, 0x0000000713800000|  0%| F|  |TAMS 0x0000000713700000, 0x0000000713700000| Untracked 
| 172|0x0000000713800000, 0x0000000713800000, 0x0000000713900000|  0%| F|  |TAMS 0x0000000713800000, 0x0000000713800000| Untracked 
| 173|0x0000000713900000, 0x0000000713900000, 0x0000000713a00000|  0%| F|  |TAMS 0x0000000713900000, 0x0000000713900000| Untracked 
| 174|0x0000000713a00000, 0x0000000713a00000, 0x0000000713b00000|  0%| F|  |TAMS 0x0000000713a00000, 0x0000000713a00000| Untracked 
| 175|0x0000000713b00000, 0x0000000713b00000, 0x0000000713c00000|  0%| F|  |TAMS 0x0000000713b00000, 0x0000000713b00000| Untracked 
| 176|0x0000000713c00000, 0x0000000713c00000, 0x0000000713d00000|  0%| F|  |TAMS 0x0000000713c00000, 0x0000000713c00000| Untracked 
| 177|0x0000000713d00000, 0x0000000713d00000, 0x0000000713e00000|  0%| F|  |TAMS 0x0000000713d00000, 0x0000000713d00000| Untracked 
| 178|0x0000000713e00000, 0x0000000713e00000, 0x0000000713f00000|  0%| F|  |TAMS 0x0000000713e00000, 0x0000000713e00000| Untracked 
| 179|0x0000000713f00000, 0x0000000713f00000, 0x0000000714000000|  0%| F|  |TAMS 0x0000000713f00000, 0x0000000713f00000| Untracked 
| 180|0x0000000714000000, 0x0000000714000000, 0x0000000714100000|  0%| F|  |TAMS 0x0000000714000000, 0x0000000714000000| Untracked 
| 181|0x0000000714100000, 0x0000000714100000, 0x0000000714200000|  0%| F|  |TAMS 0x0000000714100000, 0x0000000714100000| Untracked 
| 182|0x0000000714200000, 0x0000000714200000, 0x0000000714300000|  0%| F|  |TAMS 0x0000000714200000, 0x0000000714200000| Untracked 
| 183|0x0000000714300000, 0x0000000714300000, 0x0000000714400000|  0%| F|  |TAMS 0x0000000714300000, 0x0000000714300000| Untracked 
| 184|0x0000000714400000, 0x0000000714400000, 0x0000000714500000|  0%| F|  |TAMS 0x0000000714400000, 0x0000000714400000| Untracked 
| 185|0x0000000714500000, 0x0000000714500000, 0x0000000714600000|  0%| F|  |TAMS 0x0000000714500000, 0x0000000714500000| Untracked 
| 186|0x0000000714600000, 0x0000000714600000, 0x0000000714700000|  0%| F|  |TAMS 0x0000000714600000, 0x0000000714600000| Untracked 
| 187|0x0000000714700000, 0x0000000714700000, 0x0000000714800000|  0%| F|  |TAMS 0x0000000714700000, 0x0000000714700000| Untracked 
| 188|0x0000000714800000, 0x0000000714800000, 0x0000000714900000|  0%| F|  |TAMS 0x0000000714800000, 0x0000000714800000| Untracked 
| 189|0x0000000714900000, 0x0000000714900000, 0x0000000714a00000|  0%| F|  |TAMS 0x0000000714900000, 0x0000000714900000| Untracked 
| 190|0x0000000714a00000, 0x0000000714a00000, 0x0000000714b00000|  0%| F|  |TAMS 0x0000000714a00000, 0x0000000714a00000| Untracked 
| 191|0x0000000714b00000, 0x0000000714b00000, 0x0000000714c00000|  0%| F|  |TAMS 0x0000000714b00000, 0x0000000714b00000| Untracked 
| 192|0x0000000714c00000, 0x0000000714c00000, 0x0000000714d00000|  0%| F|  |TAMS 0x0000000714c00000, 0x0000000714c00000| Untracked 
| 193|0x0000000714d00000, 0x0000000714d00000, 0x0000000714e00000|  0%| F|  |TAMS 0x0000000714d00000, 0x0000000714d00000| Untracked 
| 194|0x0000000714e00000, 0x0000000714e00000, 0x0000000714f00000|  0%| F|  |TAMS 0x0000000714e00000, 0x0000000714e00000| Untracked 
| 195|0x0000000714f00000, 0x0000000714f00000, 0x0000000715000000|  0%| F|  |TAMS 0x0000000714f00000, 0x0000000714f00000| Untracked 
| 196|0x0000000715000000, 0x0000000715000000, 0x0000000715100000|  0%| F|  |TAMS 0x0000000715000000, 0x0000000715000000| Untracked 
| 197|0x0000000715100000, 0x0000000715100000, 0x0000000715200000|  0%| F|  |TAMS 0x0000000715100000, 0x0000000715100000| Untracked 
| 198|0x0000000715200000, 0x0000000715200000, 0x0000000715300000|  0%| F|  |TAMS 0x0000000715200000, 0x0000000715200000| Untracked 
| 199|0x0000000715300000, 0x0000000715300000, 0x0000000715400000|  0%| F|  |TAMS 0x0000000715300000, 0x0000000715300000| Untracked 
| 200|0x0000000715400000, 0x0000000715400000, 0x0000000715500000|  0%| F|  |TAMS 0x0000000715400000, 0x0000000715400000| Untracked 
| 201|0x0000000715500000, 0x0000000715500000, 0x0000000715600000|  0%| F|  |TAMS 0x0000000715500000, 0x0000000715500000| Untracked 
| 202|0x0000000715600000, 0x0000000715600000, 0x0000000715700000|  0%| F|  |TAMS 0x0000000715600000, 0x0000000715600000| Untracked 
| 203|0x0000000715700000, 0x0000000715700000, 0x0000000715800000|  0%| F|  |TAMS 0x0000000715700000, 0x0000000715700000| Untracked 
| 204|0x0000000715800000, 0x0000000715800000, 0x0000000715900000|  0%| F|  |TAMS 0x0000000715800000, 0x0000000715800000| Untracked 
| 205|0x0000000715900000, 0x0000000715900000, 0x0000000715a00000|  0%| F|  |TAMS 0x0000000715900000, 0x0000000715900000| Untracked 
| 206|0x0000000715a00000, 0x0000000715a00000, 0x0000000715b00000|  0%| F|  |TAMS 0x0000000715a00000, 0x0000000715a00000| Untracked 
| 207|0x0000000715b00000, 0x0000000715b00000, 0x0000000715c00000|  0%| F|  |TAMS 0x0000000715b00000, 0x0000000715b00000| Untracked 
| 208|0x0000000715c00000, 0x0000000715c00000, 0x0000000715d00000|  0%| F|  |TAMS 0x0000000715c00000, 0x0000000715c00000| Untracked 
| 209|0x0000000715d00000, 0x0000000715d00000, 0x0000000715e00000|  0%| F|  |TAMS 0x0000000715d00000, 0x0000000715d00000| Untracked 
| 210|0x0000000715e00000, 0x0000000715e00000, 0x0000000715f00000|  0%| F|  |TAMS 0x0000000715e00000, 0x0000000715e00000| Untracked 
| 211|0x0000000715f00000, 0x0000000715f00000, 0x0000000716000000|  0%| F|  |TAMS 0x0000000715f00000, 0x0000000715f00000| Untracked 
| 212|0x0000000716000000, 0x0000000716000000, 0x0000000716100000|  0%| F|  |TAMS 0x0000000716000000, 0x0000000716000000| Untracked 
| 213|0x0000000716100000, 0x0000000716100000, 0x0000000716200000|  0%| F|  |TAMS 0x0000000716100000, 0x0000000716100000| Untracked 
| 214|0x0000000716200000, 0x0000000716200000, 0x0000000716300000|  0%| F|  |TAMS 0x0000000716200000, 0x0000000716200000| Untracked 
| 215|0x0000000716300000, 0x0000000716300000, 0x0000000716400000|  0%| F|  |TAMS 0x0000000716300000, 0x0000000716300000| Untracked 
| 216|0x0000000716400000, 0x0000000716400000, 0x0000000716500000|  0%| F|  |TAMS 0x0000000716400000, 0x0000000716400000| Untracked 
| 217|0x0000000716500000, 0x0000000716500000, 0x0000000716600000|  0%| F|  |TAMS 0x0000000716500000, 0x0000000716500000| Untracked 
| 218|0x0000000716600000, 0x0000000716600000, 0x0000000716700000|  0%| F|  |TAMS 0x0000000716600000, 0x0000000716600000| Untracked 
| 219|0x0000000716700000, 0x0000000716700000, 0x0000000716800000|  0%| F|  |TAMS 0x0000000716700000, 0x0000000716700000| Untracked 
| 220|0x0000000716800000, 0x0000000716800000, 0x0000000716900000|  0%| F|  |TAMS 0x0000000716800000, 0x0000000716800000| Untracked 
| 221|0x0000000716900000, 0x0000000716900000, 0x0000000716a00000|  0%| F|  |TAMS 0x0000000716900000, 0x0000000716900000| Untracked 
| 222|0x0000000716a00000, 0x0000000716a00000, 0x0000000716b00000|  0%| F|  |TAMS 0x0000000716a00000, 0x0000000716a00000| Untracked 
| 223|0x0000000716b00000, 0x0000000716b00000, 0x0000000716c00000|  0%| F|  |TAMS 0x0000000716b00000, 0x0000000716b00000| Untracked 
| 224|0x0000000716c00000, 0x0000000716c00000, 0x0000000716d00000|  0%| F|  |TAMS 0x0000000716c00000, 0x0000000716c00000| Untracked 
| 225|0x0000000716d00000, 0x0000000716df6458, 0x0000000716e00000| 96%| E|  |TAMS 0x0000000716d00000, 0x0000000716d00000| Complete 
| 226|0x0000000716e00000, 0x0000000716f00000, 0x0000000716f00000|100%| E|CS|TAMS 0x0000000716e00000, 0x0000000716e00000| Complete 
| 227|0x0000000716f00000, 0x0000000717000000, 0x0000000717000000|100%| E|CS|TAMS 0x0000000716f00000, 0x0000000716f00000| Complete 
| 228|0x0000000717000000, 0x0000000717100000, 0x0000000717100000|100%| E|CS|TAMS 0x0000000717000000, 0x0000000717000000| Complete 
| 229|0x0000000717100000, 0x0000000717200000, 0x0000000717200000|100%| E|CS|TAMS 0x0000000717100000, 0x0000000717100000| Complete 
| 230|0x0000000717200000, 0x0000000717300000, 0x0000000717300000|100%| E|CS|TAMS 0x0000000717200000, 0x0000000717200000| Complete 
| 231|0x0000000717300000, 0x0000000717400000, 0x0000000717400000|100%| E|CS|TAMS 0x0000000717300000, 0x0000000717300000| Complete 
| 232|0x0000000717400000, 0x0000000717500000, 0x0000000717500000|100%| E|CS|TAMS 0x0000000717400000, 0x0000000717400000| Complete 
| 233|0x0000000717500000, 0x0000000717600000, 0x0000000717600000|100%| E|CS|TAMS 0x0000000717500000, 0x0000000717500000| Complete 
| 234|0x0000000717600000, 0x0000000717700000, 0x0000000717700000|100%| E|CS|TAMS 0x0000000717600000, 0x0000000717600000| Complete 
| 235|0x0000000717700000, 0x0000000717800000, 0x0000000717800000|100%| E|CS|TAMS 0x0000000717700000, 0x0000000717700000| Complete 
| 236|0x0000000717800000, 0x0000000717900000, 0x0000000717900000|100%| E|CS|TAMS 0x0000000717800000, 0x0000000717800000| Complete 
| 237|0x0000000717900000, 0x0000000717a00000, 0x0000000717a00000|100%| E|CS|TAMS 0x0000000717900000, 0x0000000717900000| Complete 
| 238|0x0000000717a00000, 0x0000000717b00000, 0x0000000717b00000|100%| E|CS|TAMS 0x0000000717a00000, 0x0000000717a00000| Complete 
| 239|0x0000000717b00000, 0x0000000717c00000, 0x0000000717c00000|100%| E|CS|TAMS 0x0000000717b00000, 0x0000000717b00000| Complete 
| 240|0x0000000717c00000, 0x0000000717d00000, 0x0000000717d00000|100%| E|CS|TAMS 0x0000000717c00000, 0x0000000717c00000| Complete 
| 241|0x0000000717d00000, 0x0000000717e00000, 0x0000000717e00000|100%| E|CS|TAMS 0x0000000717d00000, 0x0000000717d00000| Complete 
| 242|0x0000000717e00000, 0x0000000717f00000, 0x0000000717f00000|100%| E|  |TAMS 0x0000000717e00000, 0x0000000717e00000| Complete 
| 243|0x0000000717f00000, 0x0000000718000000, 0x0000000718000000|100%| E|CS|TAMS 0x0000000717f00000, 0x0000000717f00000| Complete 
| 244|0x0000000718000000, 0x0000000718100000, 0x0000000718100000|100%| E|CS|TAMS 0x0000000718000000, 0x0000000718000000| Complete 
| 245|0x0000000718100000, 0x0000000718200000, 0x0000000718200000|100%| E|CS|TAMS 0x0000000718100000, 0x0000000718100000| Complete 
| 246|0x0000000718200000, 0x0000000718300000, 0x0000000718300000|100%| E|CS|TAMS 0x0000000718200000, 0x0000000718200000| Complete 
| 247|0x0000000718300000, 0x0000000718400000, 0x0000000718400000|100%| E|CS|TAMS 0x0000000718300000, 0x0000000718300000| Complete 
|2930|0x00000007bfe00000, 0x00000007bfe48000, 0x00000007bff00000| 28%|OA|  |TAMS 0x00000007bfe00000, 0x00000007bfe00000| Untracked 
|2931|0x00000007bff00000, 0x00000007bff6c000, 0x00000007c0000000| 42%|CA|  |TAMS 0x00000007bff00000, 0x00000007bff00000| Untracked 

Card table byte_map: [0x000073d21d67c000,0x000073d21de36000] _byte_map_base: 0x000073d219e36000

Marking Bits (Prev, Next): (CMBitMap*) 0x000073d21807d198, (CMBitMap*) 0x000073d21807d1d0
 Prev Bits: [0x000073d1f8230000, 0x000073d1fc000000)
 Next Bits: [0x000073d1f4460000, 0x000073d1f8230000)

Polling page: 0x000073d2211ed000

Metaspace:

Usage:
  Non-class:      6.07 MB capacity,     3.74 MB ( 62%) used,     2.32 MB ( 38%) free+waste,     9.75 KB ( <1%) overhead. 
      Class:    712.00 KB capacity,   422.23 KB ( 59%) used,   284.95 KB ( 40%) free+waste,     4.81 KB ( <1%) overhead. 
       Both:      6.77 MB capacity,     4.16 MB ( 61%) used,     2.59 MB ( 38%) free+waste,    14.56 KB ( <1%) overhead. 

Virtual space:
  Non-class space:        8.00 MB reserved,       6.25 MB ( 78%) committed 
      Class space:        1.00 GB reserved,     768.00 KB ( <1%) committed 
             Both:        1.01 GB reserved,       7.00 MB ( <1%) committed 

Chunk freelists:
   Non-Class:  56.00 KB
       Class:  0 bytes
        Both:  56.00 KB

MaxMetaspaceSize: unlimited
CompressedClassSpaceSize: 1.00 GB
Initial GC threshold: 20.80 MB
Current GC threshold: 20.80 MB
CDS: on

CodeHeap 'non-profiled nmethods': size=119172Kb used=342Kb max_used=342Kb free=118830Kb
 bounds [0x000073d20819f000, 0x000073d20840f000, 0x000073d20f600000]
CodeHeap 'profiled nmethods': size=119168Kb used=2772Kb max_used=2772Kb free=116395Kb
 bounds [0x000073d200d3f000, 0x000073d200fff000, 0x000073d20819f000]
CodeHeap 'non-nmethods': size=7420Kb used=2837Kb max_used=2866Kb free=4582Kb
 bounds [0x000073d200600000, 0x000073d2008d0000, 0x000073d200d3f000]
 total_blobs=1660 nmethods=1249 adapters=322
 compilation: enabled
              stopped_count=0, restarted_count=0
 full_count=0

Compilation events (20 events):
Event: 0.252 Thread 0x000073d1c0174000 1235       3       java.util.HashSet::contains (9 bytes)
Event: 0.252 Thread 0x000073d1c0174000 nmethod 1235 0x000073d200fdb990 code [0x000073d200fdbb80, 0x000073d200fdbfd0]
Event: 0.253 Thread 0x000073d1c82a2800 1237       3       java.util.regex.Matcher::group (112 bytes)
Event: 0.253 Thread 0x000073d2181fa000 1240       3       java.util.regex.Pattern::sequence (645 bytes)
Event: 0.253 Thread 0x000073d1c4096000 1241       3       java.util.regex.Pattern::atom (422 bytes)
Event: 0.253 Thread 0x000073d1c0174000 1244       3       java.util.regex.Pattern::expr (142 bytes)
Event: 0.253 Thread 0x000073d1c82a2800 nmethod 1237 0x000073d200fdc110 code [0x000073d200fdc3e0, 0x000073d200fdd160]
Event: 0.253 Thread 0x000073d1c82a2800 1238       3       java.util.regex.Pattern::compile (10 bytes)
Event: 0.253 Thread 0x000073d1c82a2800 nmethod 1238 0x000073d200fdd610 code [0x000073d200fdd7c0, 0x000073d200fdd960]
Event: 0.253 Thread 0x000073d1c82a2800 1239   !   3       java.util.regex.Pattern::<init> (144 bytes)
Event: 0.254 Thread 0x000073d1a4003800 1247       4       java.lang.String::checkIndex (46 bytes)
Event: 0.254 Thread 0x000073d1c0174000 nmethod 1244 0x000073d200fdda10 code [0x000073d200fddca0, 0x000073d200fde7f0]
Event: 0.254 Thread 0x000073d1c0174000 1248       3       java.util.regex.Pattern::escape (1323 bytes)
Event: 0.254 Thread 0x000073d1c017a800 1249       4       java.lang.String::codePointAt (50 bytes)
Event: 0.254 Thread 0x000073d1a4003800 nmethod 1247 0x000073d2081f3110 code [0x000073d2081f32a0, 0x000073d2081f3318]
Event: 0.254 Thread 0x000073d1c4096000 nmethod 1241 0x000073d200fdec10 code [0x000073d200fdefc0, 0x000073d200fe09d0]
Event: 0.254 Thread 0x000073d1c4096000 1242   !   3       java.util.regex.Pattern::matcher (44 bytes)
Event: 0.254 Thread 0x000073d1c82a2800 nmethod 1239 0x000073d200fe1210 code [0x000073d200fe1560, 0x000073d200fe2990]
Event: 0.254 Thread 0x000073d1c82a2800 1243       3       java.util.regex.Matcher::<init> (95 bytes)
Event: 0.254 Thread 0x000073d1a4003800 1250       4       java.util.regex.Matcher::search (154 bytes)

GC Heap History (0 events):
No events

Deoptimization events (20 events):
Event: 0.204 Thread 0x000073d218015000 DEOPT PACKING pc=0x000073d2081e1aa0 sp=0x000073d220dfe650
Event: 0.204 Thread 0x000073d218015000 DEOPT UNPACKING pc=0x000073d200649ea5 sp=0x000073d220dfe580 mode 2
Event: 0.206 Thread 0x000073d218015000 DEOPT PACKING pc=0x000073d200e93965 sp=0x000073d220dfe3f0
Event: 0.206 Thread 0x000073d218015000 DEOPT UNPACKING pc=0x000073d20064a64a sp=0x000073d220dfd870 mode 0
Event: 0.206 Thread 0x000073d218015000 Uncommon trap: trap_request=0xffffff4d fr.pc=0x000073d2081e294c relative=0x00000000000006cc
Event: 0.206 Thread 0x000073d218015000 Uncommon trap: reason=unstable_if action=reinterpret pc=0x000073d2081e294c method=java.util.HashMap.putVal(ILjava/lang/Object;Ljava/lang/Object;ZZ)Ljava/lang/Object; @ 109 c2
Event: 0.206 Thread 0x000073d218015000 DEOPT PACKING pc=0x000073d2081e294c sp=0x000073d220dfe590
Event: 0.206 Thread 0x000073d218015000 DEOPT UNPACKING pc=0x000073d200649ea5 sp=0x000073d220dfe518 mode 2
Event: 0.230 Thread 0x000073d218015000 DEOPT PACKING pc=0x000073d200f72695 sp=0x000073d220dfe620
Event: 0.230 Thread 0x000073d218015000 DEOPT UNPACKING pc=0x000073d20064a64a sp=0x000073d220dfdb18 mode 0
Event: 0.232 Thread 0x000073d218015000 Uncommon trap: trap_request=0xffffff4d fr.pc=0x000073d2081efa18 relative=0x0000000000000078
Event: 0.232 Thread 0x000073d218015000 Uncommon trap: reason=unstable_if action=reinterpret pc=0x000073d2081efa18 method=java.lang.Integer.equals(Ljava/lang/Object;)Z @ 18 c2
Event: 0.232 Thread 0x000073d218015000 DEOPT PACKING pc=0x000073d2081efa18 sp=0x000073d220dfe700
Event: 0.232 Thread 0x000073d218015000 DEOPT UNPACKING pc=0x000073d200649ea5 sp=0x000073d220dfe6b8 mode 2
Event: 0.233 Thread 0x000073d218015000 DEOPT PACKING pc=0x000073d200f72695 sp=0x000073d220dfe620
Event: 0.233 Thread 0x000073d218015000 DEOPT UNPACKING pc=0x000073d20064a64a sp=0x000073d220dfdb18 mode 0
Event: 0.236 Thread 0x000073d218015000 DEOPT PACKING pc=0x000073d200f72695 sp=0x000073d220dfe620
Event: 0.236 Thread 0x000073d218015000 DEOPT UNPACKING pc=0x000073d20064a64a sp=0x000073d220dfdb18 mode 0
Event: 0.239 Thread 0x000073d218015000 DEOPT PACKING pc=0x000073d200f72695 sp=0x000073d220dfe0f0
Event: 0.239 Thread 0x000073d218015000 DEOPT UNPACKING pc=0x000073d20064a64a sp=0x000073d220dfd5e8 mode 0

Classes redefined (0 events):
No events

Internal exceptions (20 events):
Event: 0.036 Thread 0x000073d218015000 Exception <a 'java/security/PrivilegedActionException'{0x000000071823deb8}> (0x000000071823deb8) thrown at [./src/hotspot/share/prims/jvm.cpp, line 1304]
Event: 0.036 Thread 0x000073d218015000 Exception <a 'java/security/PrivilegedActionException'{0x000000071823e188}> (0x000000071823e188) thrown at [./src/hotspot/share/prims/jvm.cpp, line 1304]
Event: 0.036 Thread 0x000073d218015000 Exception <a 'java/security/PrivilegedActionException'{0x000000071823eda0}> (0x000000071823eda0) thrown at [./src/hotspot/share/prims/jvm.cpp, line 1304]
Event: 0.036 Thread 0x000073d218015000 Exception <a 'java/security/PrivilegedActionException'{0x000000071823f070}> (0x000000071823f070) thrown at [./src/hotspot/share/prims/jvm.cpp, line 1304]
Event: 0.036 Thread 0x000073d218015000 Exception <a 'java/security/PrivilegedActionException'{0x000000071823fc88}> (0x000000071823fc88) thrown at [./src/hotspot/share/prims/jvm.cpp, line 1304]
Event: 0.036 Thread 0x000073d218015000 Exception <a 'java/security/PrivilegedActionException'{0x000000071823ff58}> (0x000000071823ff58) thrown at [./src/hotspot/share/prims/jvm.cpp, line 1304]
Event: 0.036 Thread 0x000073d218015000 Exception <a 'java/security/PrivilegedActionException'{0x0000000718240b88}> (0x0000000718240b88) thrown at [./src/hotspot/share/prims/jvm.cpp, line 1304]
Event: 0.036 Thread 0x000073d218015000 Exception <a 'java/security/PrivilegedActionException'{0x0000000718240e58}> (0x0000000718240e58) thrown at [./src/hotspot/share/prims/jvm.cpp, line 1304]
Event: 0.036 Thread 0x000073d218015000 Exception <a 'java/security/PrivilegedActionException'{0x0000000718241a88}> (0x0000000718241a88) thrown at [./src/hotspot/share/prims/jvm.cpp, line 1304]
Event: 0.036 Thread 0x000073d218015000 Exception <a 'java/security/PrivilegedActionException'{0x0000000718241d58}> (0x0000000718241d58) thrown at [./src/hotspot/share/prims/jvm.cpp, line 1304]
Event: 0.036 Thread 0x000073d218015000 Exception <a 'java/security/PrivilegedActionException'{0x0000000718242988}> (0x0000000718242988) thrown at [./src/hotspot/share/prims/jvm.cpp, line 1304]
Event: 0.036 Thread 0x000073d218015000 Exception <a 'java/security/PrivilegedActionException'{0x0000000718242c58}> (0x0000000718242c58) thrown at [./src/hotspot/share/prims/jvm.cpp, line 1304]
Event: 0.036 Thread 0x000073d218015000 Exception <a 'java/security/PrivilegedActionException'{0x0000000718243870}> (0x0000000718243870) thrown at [./src/hotspot/share/prims/jvm.cpp, line 1304]
Event: 0.036 Thread 0x000073d218015000 Exception <a 'java/security/PrivilegedActionException'{0x0000000718243b40}> (0x0000000718243b40) thrown at [./src/hotspot/share/prims/jvm.cpp, line 1304]
Event: 0.036 Thread 0x000073d218015000 Exception <a 'java/security/PrivilegedActionException'{0x0000000718244770}> (0x0000000718244770) thrown at [./src/hotspot/share/prims/jvm.cpp, line 1304]
Event: 0.036 Thread 0x000073d218015000 Exception <a 'java/security/PrivilegedActionException'{0x0000000718244a40}> (0x0000000718244a40) thrown at [./src/hotspot/share/prims/jvm.cpp, line 1304]
Event: 0.135 Thread 0x000073d218015000 Exception <a 'java/lang/NoSuchMethodError'{0x0000000717d9bf08}: 'int java.lang.invoke.DirectMethodHandle$Holder.invokeStaticInit(java.lang.Object, java.lang.Object, java.lang.Object, java.lang.Object)'> (0x0000000717d9bf08) thrown at [./src/hotspot/share/interpreter/linkResolver.cpp, line 772]
Event: 0.136 Thread 0x000073d218015000 Exception <a 'java/lang/IncompatibleClassChangeError'{0x0000000717da6070}: Found class java.lang.Object, but interface was expected> (0x0000000717da6070) thrown at [./src/hotspot/share/interpreter/linkResolver.cpp, line 839]
Event: 0.136 Thread 0x000073d218015000 Exception <a 'java/lang/NoSuchMethodError'{0x0000000717da92c0}: 'void java.lang.invoke.DirectMethodHandle$Holder.invokeStaticInit(java.lang.Object, java.lang.Object)'> (0x0000000717da92c0) thrown at [./src/hotspot/share/interpreter/linkResolver.cpp, line 772]
Event: 0.137 Thread 0x000073d218015000 Exception <a 'java/lang/NoSuchMethodError'{0x0000000717daecf8}: 'int java.lang.invoke.DirectMethodHandle$Holder.invokeStaticInit(java.lang.Object, java.lang.Object)'> (0x0000000717daecf8) thrown at [./src/hotspot/share/interpreter/linkResolver.cpp, line 772]

Events (20 events):
Event: 0.193 loading class java/util/stream/ReduceOps$1ReducingSink
Event: 0.193 loading class java/util/stream/ReduceOps$1ReducingSink done
Event: 0.194 loading class com/example/loop_stored_element
Event: 0.194 loading class com/example/loop_stored_element done
Event: 0.195 loading class com/example/LLVMIROptimization
Event: 0.195 loading class com/example/LLVMIROptimization done
Event: 0.196 loading class com/example/LLVMIRToRiscv
Event: 0.196 loading class com/example/LLVMIRToRiscv done
Event: 0.197 loading class com/example/RegisterAllocator
Event: 0.197 loading class com/example/RegisterAllocator done
Event: 0.197 loading class com/example/AsmBuilder
Event: 0.197 loading class com/example/AsmBuilder done
Event: 0.199 loading class com/example/ConstPropValueHolder
Event: 0.199 loading class com/example/ConstPropValueHolder done
Event: 0.199 loading class com/example/ConstPropValueHolder$Kind
Event: 0.199 loading class com/example/ConstPropValueHolder$Kind done
Event: 0.209 loading class com/example/array_variable
Event: 0.209 loading class com/example/array_variable done
Event: 0.224 Thread 0x000073d1a4003800 Thread added: 0x000073d1a4003800
Event: 0.224 Protecting memory [0x000073d1ec3f9000,0x000073d1ec3fd000] with protection modes 0


Dynamic libraries:
708c00000-718400000 rw-p 00000000 00:00 0 
718400000-7bfe00000 ---p 00000000 00:00 0 
7bfe00000-7bfe48000 rw-p 00b14000 08:30 134337                           /usr/lib/jvm/java-11-openjdk-amd64/lib/server/classes.jsa
7bfe48000-7bff00000 rw-p 00000000 00:00 0 
7bff00000-7bff6c000 rw-p 00aa8000 08:30 134337                           /usr/lib/jvm/java-11-openjdk-amd64/lib/server/classes.jsa
7bff6c000-7c0000000 rw-p 00000000 00:00 0 
7c0000000-800000000 ---p 00000000 00:00 0 
800000000-800002000 rwxp 00001000 08:30 134337                           /usr/lib/jvm/java-11-openjdk-amd64/lib/server/classes.jsa
800002000-8003ce000 rw-p 00003000 08:30 134337                           /usr/lib/jvm/java-11-openjdk-amd64/lib/server/classes.jsa
8003ce000-800aa6000 r--p 003cf000 08:30 134337                           /usr/lib/jvm/java-11-openjdk-amd64/lib/server/classes.jsa
800aa6000-800aa7000 rw-p 00aa7000 08:30 134337                           /usr/lib/jvm/java-11-openjdk-amd64/lib/server/classes.jsa
840000000-8400c0000 rw-p 00000000 00:00 0 
8400c0000-880000000 ---p 00000000 00:00 0 
56ce34524000-56ce34525000 r--p 00000000 08:30 134745                     /usr/lib/jvm/java-11-openjdk-amd64/bin/java
56ce34525000-56ce34526000 r-xp 00001000 08:30 134745                     /usr/lib/jvm/java-11-openjdk-amd64/bin/java
56ce34526000-56ce34527000 r--p 00002000 08:30 134745                     /usr/lib/jvm/java-11-openjdk-amd64/bin/java
56ce34527000-56ce34528000 r--p 00002000 08:30 134745                     /usr/lib/jvm/java-11-openjdk-amd64/bin/java
56ce34528000-56ce34529000 rw-p 00003000 08:30 134745                     /usr/lib/jvm/java-11-openjdk-amd64/bin/java
56ce35553000-56ce35574000 rw-p 00000000 00:00 0                          [heap]
73d198000000-73d19819c000 rw-p 00000000 00:00 0 
73d19819c000-73d19c000000 ---p 00000000 00:00 0 
73d19c708000-73d19d400000 rw-p 00000000 00:00 0 
73d19d400000-73d19dd26000 r--p 00000000 08:30 204242                     /home/crz/.javacpp/cache/llvm-13.0.1-1.5.7-linux-x86_64.jar/org/bytedeco/llvm/linux-x86_64/libLLVM-13.so
73d19dd26000-73d1a16e9000 r-xp 00926000 08:30 204242                     /home/crz/.javacpp/cache/llvm-13.0.1-1.5.7-linux-x86_64.jar/org/bytedeco/llvm/linux-x86_64/libLLVM-13.so
73d1a16e9000-73d1a393e000 r--p 042e9000 08:30 204242                     /home/crz/.javacpp/cache/llvm-13.0.1-1.5.7-linux-x86_64.jar/org/bytedeco/llvm/linux-x86_64/libLLVM-13.so
73d1a393e000-73d1a3e53000 r--p 0653d000 08:30 204242                     /home/crz/.javacpp/cache/llvm-13.0.1-1.5.7-linux-x86_64.jar/org/bytedeco/llvm/linux-x86_64/libLLVM-13.so
73d1a3e53000-73d1a3e5e000 rw-p 06a52000 08:30 204242                     /home/crz/.javacpp/cache/llvm-13.0.1-1.5.7-linux-x86_64.jar/org/bytedeco/llvm/linux-x86_64/libLLVM-13.so
73d1a3e5e000-73d1a3ed4000 rw-p 00000000 00:00 0 
73d1a4000000-73d1a42a6000 rw-p 00000000 00:00 0 
73d1a42a6000-73d1a8000000 ---p 00000000 00:00 0 
73d1a8000000-73d1a8021000 rw-p 00000000 00:00 0 
73d1a8021000-73d1ac000000 ---p 00000000 00:00 0 
73d1ac000000-73d1ac119000 rw-p 00000000 00:00 0 
73d1ac119000-73d1b0000000 ---p 00000000 00:00 0 
73d1b0000000-73d1b0034000 rw-p 00000000 00:00 0 
73d1b0034000-73d1b4000000 ---p 00000000 00:00 0 
73d1b4000000-73d1b4021000 rw-p 00000000 00:00 0 
73d1b4021000-73d1b8000000 ---p 00000000 00:00 0 
73d1b8000000-73d1b8021000 rw-p 00000000 00:00 0 
73d1b8021000-73d1bc000000 ---p 00000000 00:00 0 
73d1bc000000-73d1bc021000 rw-p 00000000 00:00 0 
73d1bc021000-73d1c0000000 ---p 00000000 00:00 0 
73d1c0000000-73d1c0181000 rw-p 00000000 00:00 0 
73d1c0181000-73d1c4000000 ---p 00000000 00:00 0 
73d1c4000000-73d1c44d0000 rw-p 00000000 00:00 0 
73d1c44d0000-73d1c8000000 ---p 00000000 00:00 0 
73d1c8000000-73d1c848c000 rw-p 00000000 00:00 0 
73d1c848c000-73d1cc000000 ---p 00000000 00:00 0 
73d1cc000000-73d1cc021000 rw-p 00000000 00:00 0 
73d1cc021000-73d1d0000000 ---p 00000000 00:00 0 
73d1d0000000-73d1d0021000 rw-p 00000000 00:00 0 
73d1d0021000-73d1d4000000 ---p 00000000 00:00 0 
73d1d4000000-73d1d4021000 rw-p 00000000 00:00 0 
73d1d4021000-73d1d8000000 ---p 00000000 00:00 0 
73d1d8000000-73d1d8021000 rw-p 00000000 00:00 0 
73d1d8021000-73d1dc000000 ---p 00000000 00:00 0 
73d1dc000000-73d1dc021000 rw-p 00000000 00:00 0 
73d1dc021000-73d1e0000000 ---p 00000000 00:00 0 
73d1e0000000-73d1e0021000 rw-p 00000000 00:00 0 
73d1e0021000-73d1e4000000 ---p 00000000 00:00 0 
73d1e4000000-73d1e4021000 rw-p 00000000 00:00 0 
73d1e4021000-73d1e8000000 ---p 00000000 00:00 0 
73d1e8000000-73d1e8021000 rw-p 00000000 00:00 0 
73d1e8021000-73d1ec000000 ---p 00000000 00:00 0 
73d1ec06f000-73d1ec3f9000 rw-p 00000000 00:00 0 
73d1ec3f9000-73d1ec3fd000 ---p 00000000 00:00 0 
73d1ec3fd000-73d1ec4f9000 rw-p 00000000 00:00 0 
73d1ec4f9000-73d1ec55e000 r--p 00000000 08:30 204256                     /home/crz/.javacpp/cache/llvm-13.0.1-1.5.7-linux-x86_64.jar/org/bytedeco/llvm/linux-x86_64/libjniLLVM.so
73d1ec55e000-73d1ec5cc000 r-xp 00065000 08:30 204256                     /home/crz/.javacpp/cache/llvm-13.0.1-1.5.7-linux-x86_64.jar/org/bytedeco/llvm/linux-x86_64/libjniLLVM.so
73d1ec5cc000-73d1ec5f7000 r--p 000d3000 08:30 204256                     /home/crz/.javacpp/cache/llvm-13.0.1-1.5.7-linux-x86_64.jar/org/bytedeco/llvm/linux-x86_64/libjniLLVM.so
73d1ec5f7000-73d1ec5fa000 r--p 000fd000 08:30 204256                     /home/crz/.javacpp/cache/llvm-13.0.1-1.5.7-linux-x86_64.jar/org/bytedeco/llvm/linux-x86_64/libjniLLVM.so
73d1ec5fa000-73d1ec5fd000 rw-p 00100000 08:30 204256                     /home/crz/.javacpp/cache/llvm-13.0.1-1.5.7-linux-x86_64.jar/org/bytedeco/llvm/linux-x86_64/libjniLLVM.so
73d1ec5fd000-73d1ec5ff000 rw-p 00000000 00:00 0 
73d1ec5ff000-73d1ec603000 ---p 00000000 00:00 0 
73d1ec603000-73d1ec6ff000 rw-p 00000000 00:00 0 
73d1ec6ff000-73d1ec703000 ---p 00000000 00:00 0 
73d1ec703000-73d1ec7ff000 rw-p 00000000 00:00 0 
73d1ec7ff000-73d1ec803000 ---p 00000000 00:00 0 
73d1ec803000-73d1ec8ff000 rw-p 00000000 00:00 0 
73d1ec8ff000-73d1ec903000 ---p 00000000 00:00 0 
73d1ec903000-73d1ec9ff000 rw-p 00000000 00:00 0 
73d1ec9ff000-73d1eca03000 ---p 00000000 00:00 0 
73d1eca03000-73d1ecaff000 rw-p 00000000 00:00 0 
73d1ecaff000-73d1ecb00000 ---p 00000000 00:00 0 
73d1ecb00000-73d1ecc00000 rw-p 00000000 00:00 0 
73d1ecc00000-73d1ecc04000 ---p 00000000 00:00 0 
73d1ecc04000-73d1ecd00000 rw-p 00000000 00:00 0 
73d1ecd00000-73d1ecd04000 ---p 00000000 00:00 0 
73d1ecd04000-73d1ece00000 rw-p 00000000 00:00 0 
73d1ece00000-73d1ece04000 ---p 00000000 00:00 0 
73d1ece04000-73d1ecf00000 rw-p 00000000 00:00 0 
73d1ecf00000-73d1ecf04000 ---p 00000000 00:00 0 
73d1ecf04000-73d1ed000000 rw-p 00000000 00:00 0 
73d1ed000000-73d1ed004000 ---p 00000000 00:00 0 
73d1ed004000-73d1ed100000 rw-p 00000000 00:00 0 
73d1ed100000-73d1ed104000 ---p 00000000 00:00 0 
73d1ed104000-73d1ed200000 rw-p 00000000 00:00 0 
73d1ed200000-73d1ed7ed000 r--p 00000000 08:30 2460                       /usr/lib/locale/locale-archive
73d1ed800000-73d1ede40000 rw-p 00000000 00:00 0 
73d1ede40000-73d1ee000000 ---p 00000000 00:00 0 
73d1ee000000-73d1f0000000 rw-p 00000000 00:00 0 
73d1f0000000-73d1f0021000 rw-p 00000000 00:00 0 
73d1f0021000-73d1f4000000 ---p 00000000 00:00 0 
73d1f405e000-73d1f4062000 ---p 00000000 00:00 0 
73d1f4062000-73d1f415e000 rw-p 00000000 00:00 0 
73d1f415e000-73d1f4162000 ---p 00000000 00:00 0 
73d1f4162000-73d1f425e000 rw-p 00000000 00:00 0 
73d1f425e000-73d1f425f000 ---p 00000000 00:00 0 
73d1f425f000-73d1f435f000 rw-p 00000000 00:00 0 
73d1f435f000-73d1f4360000 ---p 00000000 00:00 0 
73d1f4360000-73d1f4840000 rw-p 00000000 00:00 0 
73d1f4840000-73d1f7228000 ---p 00000000 00:00 0 
73d1f7228000-73d1f7230000 rw-p 00000000 00:00 0 
73d1f7230000-73d1f8230000 ---p 00000000 00:00 0 
73d1f8230000-73d1f8610000 rw-p 00000000 00:00 0 
73d1f8610000-73d1faff8000 ---p 00000000 00:00 0 
73d1faff8000-73d1fb000000 rw-p 00000000 00:00 0 
73d1fb000000-73d1fc000000 ---p 00000000 00:00 0 
73d1fc000000-73d1fc021000 rw-p 00000000 00:00 0 
73d1fc021000-73d200000000 ---p 00000000 00:00 0 
73d2000d7000-73d2000de000 r--p 00000000 08:30 204245                     /home/crz/.javacpp/cache/llvm-13.0.1-1.5.7-linux-x86_64.jar/org/bytedeco/llvm/linux-x86_64/libLTO.so.13
73d2000de000-73d2000e6000 r-xp 00007000 08:30 204245                     /home/crz/.javacpp/cache/llvm-13.0.1-1.5.7-linux-x86_64.jar/org/bytedeco/llvm/linux-x86_64/libLTO.so.13
73d2000e6000-73d2000e8000 r--p 0000f000 08:30 204245                     /home/crz/.javacpp/cache/llvm-13.0.1-1.5.7-linux-x86_64.jar/org/bytedeco/llvm/linux-x86_64/libLTO.so.13
73d2000e8000-73d2000e9000 r--p 00010000 08:30 204245                     /home/crz/.javacpp/cache/llvm-13.0.1-1.5.7-linux-x86_64.jar/org/bytedeco/llvm/linux-x86_64/libLTO.so.13
73d2000e9000-73d2000ea000 rw-p 00011000 08:30 204245                     /home/crz/.javacpp/cache/llvm-13.0.1-1.5.7-linux-x86_64.jar/org/bytedeco/llvm/linux-x86_64/libLTO.so.13
73d2000ea000-73d2000ee000 r--p 00000000 08:30 204229                     /home/crz/.javacpp/cache/javacpp-1.5.7-linux-x86_64.jar/org/bytedeco/javacpp/linux-x86_64/libjnijavacpp.so
73d2000ee000-73d2000f5000 r-xp 00004000 08:30 204229                     /home/crz/.javacpp/cache/javacpp-1.5.7-linux-x86_64.jar/org/bytedeco/javacpp/linux-x86_64/libjnijavacpp.so
73d2000f5000-73d2000f9000 r--p 0000b000 08:30 204229                     /home/crz/.javacpp/cache/javacpp-1.5.7-linux-x86_64.jar/org/bytedeco/javacpp/linux-x86_64/libjnijavacpp.so
73d2000f9000-73d2000fa000 r--p 0000e000 08:30 204229                     /home/crz/.javacpp/cache/javacpp-1.5.7-linux-x86_64.jar/org/bytedeco/javacpp/linux-x86_64/libjnijavacpp.so
73d2000fa000-73d2000fb000 rw-p 0000f000 08:30 204229                     /home/crz/.javacpp/cache/javacpp-1.5.7-linux-x86_64.jar/org/bytedeco/javacpp/linux-x86_64/libjnijavacpp.so
73d2000fb000-73d2000fc000 ---p 00000000 00:00 0 
73d2000fc000-73d200600000 rw-p 00000000 00:00 0 
73d200600000-73d2008d0000 rwxp 00000000 00:00 0 
73d2008d0000-73d200d3f000 ---p 00000000 00:00 0 
73d200d3f000-73d200fff000 rwxp 00000000 00:00 0 
73d200fff000-73d20819f000 ---p 00000000 00:00 0 
73d20819f000-73d20840f000 rwxp 00000000 00:00 0 
73d20840f000-73d20f600000 ---p 00000000 00:00 0 
73d20f600000-73d217e41000 r--s 00000000 08:30 134824                     /usr/lib/jvm/java-11-openjdk-amd64/lib/modules
73d217e4d000-73d218000000 rw-p 00000000 00:00 0 
73d218000000-73d2184bf000 rw-p 00000000 00:00 0 
73d2184bf000-73d21c000000 ---p 00000000 00:00 0 
73d21c003000-73d21c007000 r--p 00000000 08:30 134814                     /usr/lib/jvm/java-11-openjdk-amd64/lib/libnet.so
73d21c007000-73d21c015000 r-xp 00004000 08:30 134814                     /usr/lib/jvm/java-11-openjdk-amd64/lib/libnet.so
73d21c015000-73d21c019000 r--p 00012000 08:30 134814                     /usr/lib/jvm/java-11-openjdk-amd64/lib/libnet.so
73d21c019000-73d21c01a000 r--p 00015000 08:30 134814                     /usr/lib/jvm/java-11-openjdk-amd64/lib/libnet.so
73d21c01a000-73d21c01b000 rw-p 00016000 08:30 134814                     /usr/lib/jvm/java-11-openjdk-amd64/lib/libnet.so
73d21c01b000-73d21cac9000 rw-p 00000000 00:00 0 
73d21cac9000-73d21caca000 ---p 00000000 00:00 0 
73d21caca000-73d21cbca000 rw-p 00000000 00:00 0 
73d21cbca000-73d21cbcb000 ---p 00000000 00:00 0 
73d21cbcb000-73d21cf3e000 rw-p 00000000 00:00 0 
73d21cf3e000-73d21d47b000 ---p 00000000 00:00 0 
73d21d47b000-73d21d47c000 rw-p 00000000 00:00 0 
73d21d47c000-73d21d67c000 ---p 00000000 00:00 0 
73d21d67c000-73d21d6f8000 rw-p 00000000 00:00 0 
73d21d6f8000-73d21dc35000 ---p 00000000 00:00 0 
73d21dc35000-73d21dc36000 rw-p 00000000 00:00 0 
73d21dc36000-73d21de36000 ---p 00000000 00:00 0 
73d21de36000-73d21deb2000 rw-p 00000000 00:00 0 
73d21deb2000-73d21e3ef000 ---p 00000000 00:00 0 
73d21e3ef000-73d21e3f0000 rw-p 00000000 00:00 0 
73d21e3f0000-73d21e5f0000 ---p 00000000 00:00 0 
73d21e5f0000-73d21f4ff000 rw-p 00000000 00:00 0 
73d21f4ff000-73d21f500000 ---p 00000000 00:00 0 
73d21f500000-73d21f600000 rw-p 00000000 00:00 0 
73d21f600000-73d21f69a000 r--p 00000000 08:30 6947                       /usr/lib/x86_64-linux-gnu/libstdc++.so.6.0.30
73d21f69a000-73d21f7ab000 r-xp 0009a000 08:30 6947                       /usr/lib/x86_64-linux-gnu/libstdc++.so.6.0.30
73d21f7ab000-73d21f81a000 r--p 001ab000 08:30 6947                       /usr/lib/x86_64-linux-gnu/libstdc++.so.6.0.30
73d21f81a000-73d21f81b000 ---p 0021a000 08:30 6947                       /usr/lib/x86_64-linux-gnu/libstdc++.so.6.0.30
73d21f81b000-73d21f826000 r--p 0021a000 08:30 6947                       /usr/lib/x86_64-linux-gnu/libstdc++.so.6.0.30
73d21f826000-73d21f829000 rw-p 00225000 08:30 6947                       /usr/lib/x86_64-linux-gnu/libstdc++.so.6.0.30
73d21f829000-73d21f82c000 rw-p 00000000 00:00 0 
73d21f82e000-73d21f833000 rw-p 00000000 00:00 0 
73d21f833000-73d21f917000 ---p 00000000 00:00 0 
73d21f917000-73d21f91d000 rw-p 00000000 00:00 0 
73d21f91d000-73d21fa00000 ---p 00000000 00:00 0 
73d21fa00000-73d21fc83000 r--p 00000000 08:30 134827                     /usr/lib/jvm/java-11-openjdk-amd64/lib/server/libjvm.so
73d21fc83000-73d22092e000 r-xp 00283000 08:30 134827                     /usr/lib/jvm/java-11-openjdk-amd64/lib/server/libjvm.so
73d22092e000-73d220b8a000 r--p 00f2e000 08:30 134827                     /usr/lib/jvm/java-11-openjdk-amd64/lib/server/libjvm.so
73d220b8a000-73d220c4e000 r--p 01189000 08:30 134827                     /usr/lib/jvm/java-11-openjdk-amd64/lib/server/libjvm.so
73d220c4e000-73d220c89000 rw-p 0124d000 08:30 134827                     /usr/lib/jvm/java-11-openjdk-amd64/lib/server/libjvm.so
73d220c89000-73d220ce0000 rw-p 00000000 00:00 0 
73d220ce0000-73d220ce7000 r--s 00000000 08:30 126817                     /usr/lib/x86_64-linux-gnu/gconv/gconv-modules.cache
73d220ce7000-73d220ce8000 r--p 00000000 08:30 204251                     /home/crz/.javacpp/cache/llvm-13.0.1-1.5.7-linux-x86_64.jar/org/bytedeco/llvm/linux-x86_64/libRemarks.so.13
73d220ce8000-73d220ce9000 r-xp 00001000 08:30 204251                     /home/crz/.javacpp/cache/llvm-13.0.1-1.5.7-linux-x86_64.jar/org/bytedeco/llvm/linux-x86_64/libRemarks.so.13
73d220ce9000-73d220cea000 r--p 00002000 08:30 204251                     /home/crz/.javacpp/cache/llvm-13.0.1-1.5.7-linux-x86_64.jar/org/bytedeco/llvm/linux-x86_64/libRemarks.so.13
73d220cea000-73d220ceb000 r--p 00002000 08:30 204251                     /home/crz/.javacpp/cache/llvm-13.0.1-1.5.7-linux-x86_64.jar/org/bytedeco/llvm/linux-x86_64/libRemarks.so.13
73d220ceb000-73d220cec000 rw-p 00003000 08:30 204251                     /home/crz/.javacpp/cache/llvm-13.0.1-1.5.7-linux-x86_64.jar/org/bytedeco/llvm/linux-x86_64/libRemarks.so.13
73d220cec000-73d220cf3000 r--p 00000000 08:30 134815                     /usr/lib/jvm/java-11-openjdk-amd64/lib/libnio.so
73d220cf3000-73d220cfb000 r-xp 00007000 08:30 134815                     /usr/lib/jvm/java-11-openjdk-amd64/lib/libnio.so
73d220cfb000-73d220cfe000 r--p 0000f000 08:30 134815                     /usr/lib/jvm/java-11-openjdk-amd64/lib/libnio.so
73d220cfe000-73d220cff000 r--p 00011000 08:30 134815                     /usr/lib/jvm/java-11-openjdk-amd64/lib/libnio.so
73d220cff000-73d220d00000 rw-p 00012000 08:30 134815                     /usr/lib/jvm/java-11-openjdk-amd64/lib/libnio.so
73d220d00000-73d220d04000 ---p 00000000 00:00 0 
73d220d04000-73d220e00000 rw-p 00000000 00:00 0 
73d220e00000-73d220e28000 r--p 00000000 08:30 94024                      /usr/lib/x86_64-linux-gnu/libc.so.6
73d220e28000-73d220fbd000 r-xp 00028000 08:30 94024                      /usr/lib/x86_64-linux-gnu/libc.so.6
73d220fbd000-73d221015000 r--p 001bd000 08:30 94024                      /usr/lib/x86_64-linux-gnu/libc.so.6
73d221015000-73d221016000 ---p 00215000 08:30 94024                      /usr/lib/x86_64-linux-gnu/libc.so.6
73d221016000-73d22101a000 r--p 00215000 08:30 94024                      /usr/lib/x86_64-linux-gnu/libc.so.6
73d22101a000-73d22101c000 rw-p 00219000 08:30 94024                      /usr/lib/x86_64-linux-gnu/libc.so.6
73d22101c000-73d221029000 rw-p 00000000 00:00 0 
73d22102b000-73d22102c000 r--p 00000000 08:30 94026                      /usr/lib/x86_64-linux-gnu/libdl.so.2
73d22102c000-73d22102d000 r-xp 00001000 08:30 94026                      /usr/lib/x86_64-linux-gnu/libdl.so.2
73d22102d000-73d22102e000 r--p 00002000 08:30 94026                      /usr/lib/x86_64-linux-gnu/libdl.so.2
73d22102e000-73d22102f000 r--p 00002000 08:30 94026                      /usr/lib/x86_64-linux-gnu/libdl.so.2
73d22102f000-73d221030000 rw-p 00003000 08:30 94026                      /usr/lib/x86_64-linux-gnu/libdl.so.2
73d221030000-73d221031000 r--p 00000000 08:30 94037                      /usr/lib/x86_64-linux-gnu/libpthread.so.0
73d221031000-73d221032000 r-xp 00001000 08:30 94037                      /usr/lib/x86_64-linux-gnu/libpthread.so.0
73d221032000-73d221033000 r--p 00002000 08:30 94037                      /usr/lib/x86_64-linux-gnu/libpthread.so.0
73d221033000-73d221034000 r--p 00002000 08:30 94037                      /usr/lib/x86_64-linux-gnu/libpthread.so.0
73d221034000-73d221035000 rw-p 00003000 08:30 94037                      /usr/lib/x86_64-linux-gnu/libpthread.so.0
73d221035000-73d22105c000 rw-p 00000000 00:00 0 
73d22105c000-73d221065000 ---p 00000000 00:00 0 
73d221065000-73d221067000 r--p 00000000 08:30 134823                     /usr/lib/jvm/java-11-openjdk-amd64/lib/libzip.so
73d221067000-73d22106c000 r-xp 00002000 08:30 134823                     /usr/lib/jvm/java-11-openjdk-amd64/lib/libzip.so
73d22106c000-73d22106e000 r--p 00007000 08:30 134823                     /usr/lib/jvm/java-11-openjdk-amd64/lib/libzip.so
73d22106e000-73d22106f000 r--p 00008000 08:30 134823                     /usr/lib/jvm/java-11-openjdk-amd64/lib/libzip.so
73d22106f000-73d221070000 rw-p 00009000 08:30 134823                     /usr/lib/jvm/java-11-openjdk-amd64/lib/libzip.so
73d221070000-73d221078000 rw-s 00000000 08:30 297045                     /tmp/hsperfdata_crz/17080
73d221078000-73d22107a000 r--p 00000000 08:30 134806                     /usr/lib/jvm/java-11-openjdk-amd64/lib/libjimage.so
73d22107a000-73d22107d000 r-xp 00002000 08:30 134806                     /usr/lib/jvm/java-11-openjdk-amd64/lib/libjimage.so
73d22107d000-73d22107e000 r--p 00005000 08:30 134806                     /usr/lib/jvm/java-11-openjdk-amd64/lib/libjimage.so
73d22107e000-73d22107f000 ---p 00006000 08:30 134806                     /usr/lib/jvm/java-11-openjdk-amd64/lib/libjimage.so
73d22107f000-73d221080000 r--p 00006000 08:30 134806                     /usr/lib/jvm/java-11-openjdk-amd64/lib/libjimage.so
73d221080000-73d221081000 rw-p 00007000 08:30 134806                     /usr/lib/jvm/java-11-openjdk-amd64/lib/libjimage.so
73d221081000-73d22108f000 r--p 00000000 08:30 134803                     /usr/lib/jvm/java-11-openjdk-amd64/lib/libjava.so
73d22108f000-73d2210a5000 r-xp 0000e000 08:30 134803                     /usr/lib/jvm/java-11-openjdk-amd64/lib/libjava.so
73d2210a5000-73d2210ac000 r--p 00024000 08:30 134803                     /usr/lib/jvm/java-11-openjdk-amd64/lib/libjava.so
73d2210ac000-73d2210ad000 r--p 0002a000 08:30 134803                     /usr/lib/jvm/java-11-openjdk-amd64/lib/libjava.so
73d2210ad000-73d2210ae000 rw-p 0002b000 08:30 134803                     /usr/lib/jvm/java-11-openjdk-amd64/lib/libjava.so
73d2210ae000-73d2210af000 rw-p 00000000 00:00 0 
73d2210af000-73d2210b0000 r--p 00000000 08:30 94039                      /usr/lib/x86_64-linux-gnu/librt.so.1
73d2210b0000-73d2210b1000 r-xp 00001000 08:30 94039                      /usr/lib/x86_64-linux-gnu/librt.so.1
73d2210b1000-73d2210b2000 r--p 00002000 08:30 94039                      /usr/lib/x86_64-linux-gnu/librt.so.1
73d2210b2000-73d2210b3000 r--p 00002000 08:30 94039                      /usr/lib/x86_64-linux-gnu/librt.so.1
73d2210b3000-73d2210b4000 rw-p 00003000 08:30 94039                      /usr/lib/x86_64-linux-gnu/librt.so.1
73d2210b4000-73d2210b7000 r--p 00000000 08:30 6709                       /usr/lib/x86_64-linux-gnu/libgcc_s.so.1
73d2210b7000-73d2210ce000 r-xp 00003000 08:30 6709                       /usr/lib/x86_64-linux-gnu/libgcc_s.so.1
73d2210ce000-73d2210d2000 r--p 0001a000 08:30 6709                       /usr/lib/x86_64-linux-gnu/libgcc_s.so.1
73d2210d2000-73d2210d3000 r--p 0001d000 08:30 6709                       /usr/lib/x86_64-linux-gnu/libgcc_s.so.1
73d2210d3000-73d2210d4000 rw-p 0001e000 08:30 6709                       /usr/lib/x86_64-linux-gnu/libgcc_s.so.1
73d2210d4000-73d2210e2000 r--p 00000000 08:30 94027                      /usr/lib/x86_64-linux-gnu/libm.so.6
73d2210e2000-73d22115e000 r-xp 0000e000 08:30 94027                      /usr/lib/x86_64-linux-gnu/libm.so.6
73d22115e000-73d2211b9000 r--p 0008a000 08:30 94027                      /usr/lib/x86_64-linux-gnu/libm.so.6
73d2211b9000-73d2211ba000 r--p 000e4000 08:30 94027                      /usr/lib/x86_64-linux-gnu/libm.so.6
73d2211ba000-73d2211bb000 rw-p 000e5000 08:30 94027                      /usr/lib/x86_64-linux-gnu/libm.so.6
73d2211bb000-73d2211be000 rw-p 00000000 00:00 0 
73d2211be000-73d2211c1000 r--p 00000000 08:30 134788                     /usr/lib/jvm/java-11-openjdk-amd64/lib/jli/libjli.so
73d2211c1000-73d2211cb000 r-xp 00003000 08:30 134788                     /usr/lib/jvm/java-11-openjdk-amd64/lib/jli/libjli.so
73d2211cb000-73d2211ce000 r--p 0000d000 08:30 134788                     /usr/lib/jvm/java-11-openjdk-amd64/lib/jli/libjli.so
73d2211ce000-73d2211cf000 ---p 00010000 08:30 134788                     /usr/lib/jvm/java-11-openjdk-amd64/lib/jli/libjli.so
73d2211cf000-73d2211d0000 r--p 00010000 08:30 134788                     /usr/lib/jvm/java-11-openjdk-amd64/lib/jli/libjli.so
73d2211d0000-73d2211d1000 rw-p 00011000 08:30 134788                     /usr/lib/jvm/java-11-openjdk-amd64/lib/jli/libjli.so
73d2211d1000-73d2211d3000 r--p 00000000 08:30 6997                       /usr/lib/x86_64-linux-gnu/libz.so.1.2.11
73d2211d3000-73d2211e4000 r-xp 00002000 08:30 6997                       /usr/lib/x86_64-linux-gnu/libz.so.1.2.11
73d2211e4000-73d2211ea000 r--p 00013000 08:30 6997                       /usr/lib/x86_64-linux-gnu/libz.so.1.2.11
73d2211ea000-73d2211eb000 ---p 00019000 08:30 6997                       /usr/lib/x86_64-linux-gnu/libz.so.1.2.11
73d2211eb000-73d2211ec000 r--p 00019000 08:30 6997                       /usr/lib/x86_64-linux-gnu/libz.so.1.2.11
73d2211ec000-73d2211ed000 rw-p 0001a000 08:30 6997                       /usr/lib/x86_64-linux-gnu/libz.so.1.2.11
73d2211ed000-73d2211ee000 ---p 00000000 00:00 0 
73d2211ee000-73d2211ef000 r--p 00000000 00:00 0 
73d2211ef000-73d2211f4000 r--p 00000000 08:30 134822                     /usr/lib/jvm/java-11-openjdk-amd64/lib/libverify.so
73d2211f4000-73d2211fb000 r-xp 00005000 08:30 134822                     /usr/lib/jvm/java-11-openjdk-amd64/lib/libverify.so
73d2211fb000-73d2211fd000 r--p 0000c000 08:30 134822                     /usr/lib/jvm/java-11-openjdk-amd64/lib/libverify.so
73d2211fd000-73d2211ff000 r--p 0000d000 08:30 134822                     /usr/lib/jvm/java-11-openjdk-amd64/lib/libverify.so
73d2211ff000-73d221200000 rw-p 0000f000 08:30 134822                     /usr/lib/jvm/java-11-openjdk-amd64/lib/libverify.so
73d221200000-73d221202000 rw-p 00000000 00:00 0 
73d221202000-73d221204000 r--p 00000000 08:30 94020                      /usr/lib/x86_64-linux-gnu/ld-linux-x86-64.so.2
73d221204000-73d22122e000 r-xp 00002000 08:30 94020                      /usr/lib/x86_64-linux-gnu/ld-linux-x86-64.so.2
73d22122e000-73d221239000 r--p 0002c000 08:30 94020                      /usr/lib/x86_64-linux-gnu/ld-linux-x86-64.so.2
73d22123a000-73d22123c000 r--p 00037000 08:30 94020                      /usr/lib/x86_64-linux-gnu/ld-linux-x86-64.so.2
73d22123c000-73d22123e000 rw-p 00039000 08:30 94020                      /usr/lib/x86_64-linux-gnu/ld-linux-x86-64.so.2
7ffdc3698000-7ffdc36ba000 rw-p 00000000 00:00 0                          [stack]
7ffdc36c6000-7ffdc36ca000 r--p 00000000 00:00 0                          [vvar]
7ffdc36ca000-7ffdc36cc000 r-xp 00000000 00:00 0                          [vdso]


VM Arguments:
java_command: com.example.Main tests/develop_test/01backpack.sysy tests/develop_test/01backpack.ll
java_class_path (initial): ./classes:/usr/local/lib/antlr-4.9.1-complete.jar:/usr/local/lib/llvm-13.0.1-1.5.7.jar:/usr/local/lib/llvm-13.0.1-1.5.7-linux-x86_64.jar:/usr/local/lib/llvm-platform-13.0.1-1.5.7.jar:/usr/local/lib/javacpp-1.5.7-linux-x86_64.jar:/usr/local/lib/javacpp-1.5.7.jar
Launcher Type: SUN_STANDARD

[Global flags]
     intx CICompilerCount                          = 12                                        {product} {ergonomic}
     uint ConcGCThreads                            = 4                                         {product} {ergonomic}
     uint G1ConcRefinementThreads                  = 15                                        {product} {ergonomic}
   size_t G1HeapRegionSize                         = 1048576                                   {product} {ergonomic}
    uintx GCDrainStackTargetSize                   = 64                                        {product} {ergonomic}
   size_t InitialHeapSize                          = 260046848                                 {product} {ergonomic}
   size_t MarkStackSize                            = 4194304                                   {product} {ergonomic}
   size_t MaxHeapSize                              = 4148166656                                {product} {ergonomic}
   size_t MaxNewSize                               = 2488270848                                {product} {ergonomic}
   size_t MinHeapDeltaBytes                        = 1048576                                   {product} {ergonomic}
    uintx NonNMethodCodeHeapSize                   = 7594288                                {pd product} {ergonomic}
    uintx NonProfiledCodeHeapSize                  = 122031976                              {pd product} {ergonomic}
    uintx ProfiledCodeHeapSize                     = 122031976                              {pd product} {ergonomic}
    uintx ReservedCodeCacheSize                    = 251658240                              {pd product} {ergonomic}
     bool SegmentedCodeCache                       = true                                      {product} {ergonomic}
     bool UseCompressedClassPointers               = true                                 {lp64_product} {ergonomic}
     bool UseCompressedOops                        = true                                 {lp64_product} {ergonomic}
     bool UseG1GC                                  = true                                      {product} {ergonomic}

Logging:
Log output configuration:
 #0: stdout all=warning uptime,level,tags
 #1: stderr all=off uptime,level,tags

Environment Variables:
CLASSPATH=/usr/local/lib/antlr-4.9.1-complete.jar:/usr/local/lib/llvm-13.0.1-1.5.7.jar:/usr/local/lib/llvm-13.0.1-1.5.7-linux-x86_64.jar:/usr/local/lib/llvm-platform-13.0.1-1.5.7.jar:/usr/local/lib/javacpp-1.5.7-linux-x86_64.jar:/usr/local/lib/javacpp-1.5.7.jar
PATH=/home/crz/.local/bin:/home/crz/.cargo/bin:/home/crz/.local/bin:~/my_script:/usr/local/sbin:/usr/local/bin:/usr/sbin:/usr/bin:/sbin:/bin:/usr/games:/usr/local/games:/usr/lib/wsl/lib:/mnt/c/Program Files/Java/jdk-21/bin:/mnt/c/Program Files/Common Files/Oracle/Java/javapath:/mnt/e/vmware/bin/:/mnt/c/Program Files (x86)/Common Files/Oracle/Java/java8path:/mnt/c/Program Files (x86)/Common Files/Oracle/Java/javapath:/mnt/c/Windows/system32:/mnt/c/Windows:/mnt/c/Windows/System32/Wbem:/mnt/c/Windows/System32/WindowsPowerShell/v1.0/:/mnt/c/Windows/System32/OpenSSH/:/mnt/c/Users/crz/Downloads/winlibs-x86_64-posix-seh-gcc-12.3.0-llvm-16.0.4-mingw-w64ucrt-11.0.0-r1.zip/mingw64/bin:/mnt/d/mingw64/bin:/mnt/d/Git/cmd:/mnt/c/Program Files/dotnet/:/mnt/e/SDL-CPLproj/SDL2/mingw(CLion+VSC)/SDL2-2.26.0-allinone/x86_64-w64-mingw32/bin:/mnt/c/Program Files/Cloudflare/Cloudflare WARP/:/mnt/c/Users/crz/AppData/Local/Programs/Python/Python311/Lib/site-packages/pyecharts:/mnt/c/Program Files/MATLAB/R2023a/runtime/win64:/mnt/c/Program Files/MATLAB/R2023a/bin:/mnt/c/Program Files/gs/gs10.03.1/bin:/mnt/e/:/mnt/e/bitvise-ssh:/mnt/d/:/mnt/c/ProgramData/chocolatey/bin:/mnt/c/Program Files/MySQL/MySQL Server 8.0/bin:/mnt/c/Program Files/MySQL/MySQL Shell 8.0/bin/:/mnt/e/anaconda3:/mnt/e/anaconda3/Library/mingw-w64/bin:/mnt/e/anaconda3/Library/usr/bin:/mnt/e/anaconda3/Library/bin:/mnt/e/anaconda3/Scripts:/mnt/c/Users/crz/AppData/Local/Microsoft/WindowsApps:/mnt/c/Users/crz/Downloads/winlibs-x86_64-posix-seh-gcc-12.3.0-llvm-16.0.4-mingw-w64ucrt-11.0.0-r1.zip/mingw64/bin:/mnt/d/mingw64/bin:/mnt/e/Microsoft VS Code/bin:/mnt/e/CLion 2022.3/bin:/mnt/c/Users/crz/AppData/Local/JetBrains/Toolbox/scripts:/mnt/d/PyCharm 2023.3.4/bin:/mnt/d/IntelliJ IDEA 2023.3.4/bin:/mnt/c/Users/crz/anaconda3/Lib/site-packages:/mnt/d/texlive/2024/bin/windows:/mnt/c/Users/crz/AppData/Roaming/npm:/mnt/d/:/mnt/d/WebStorm 2024.3.2.1/bin:/snap/bin:/mnt/c/Users/crz/AppData/Local/Programs/Microsoft VS Code/bin:/mnt/e/Microsoft\ V
SHELL=/bin/bash
DISPLAY=:0.0
HOSTTYPE=x86_64
LANG=en_US.UTF-8
LC_ALL=en_US.UTF-8
TERM=xterm-256color

Signal Handlers:
SIGSEGV: [libjvm.so+0xebbd40], sa_mask[0]=11111111011111111101111111111110, sa_flags=SA_RESTART|SA_SIGINFO
SIGBUS: [libjvm.so+0xebbd40], sa_mask[0]=11111111011111111101111111111110, sa_flags=SA_RESTART|SA_SIGINFO
SIGFPE: [libjvm.so+0xebbd40], sa_mask[0]=11111111011111111101111111111110, sa_flags=SA_RESTART|SA_SIGINFO
SIGPIPE: [libjvm.so+0xbfe040], sa_mask[0]=11111111011111111101111111111110, sa_flags=SA_RESTART|SA_SIGINFO
SIGXFSZ: [libjvm.so+0xbfe040], sa_mask[0]=11111111011111111101111111111110, sa_flags=SA_RESTART|SA_SIGINFO
SIGILL: [libjvm.so+0xebbd40], sa_mask[0]=11111111011111111101111111111110, sa_flags=SA_RESTART|SA_SIGINFO
SIGUSR2: [libjvm.so+0xbfdee0], sa_mask[0]=00000000000000000000000000000000, sa_flags=SA_RESTART|SA_SIGINFO
SIGHUP: [libjvm.so+0xbfe6a0], sa_mask[0]=11111111011111111101111111111110, sa_flags=SA_RESTART|SA_SIGINFO
SIGINT: [libjvm.so+0xbfe6a0], sa_mask[0]=11111111011111111101111111111110, sa_flags=SA_RESTART|SA_SIGINFO
SIGTERM: [libjvm.so+0xbfe6a0], sa_mask[0]=11111111011111111101111111111110, sa_flags=SA_RESTART|SA_SIGINFO
SIGQUIT: [libjvm.so+0xbfe6a0], sa_mask[0]=11111111011111111101111111111110, sa_flags=SA_RESTART|SA_SIGINFO


---------------  S Y S T E M  ---------------

OS:DISTRIB_ID=Ubuntu
DISTRIB_RELEASE=22.04
DISTRIB_CODENAME=jammy
DISTRIB_DESCRIPTION="Ubuntu 22.04.5 LTS"
uname:Linux 6.6.87.2-microsoft-standard-WSL2 #1 SMP PREEMPT_DYNAMIC Thu Jun  5 18:30:46 UTC 2025 x86_64
OS uptime: 0 days 4:22 hours
libc:glibc 2.35 NPTL 2.35 
rlimit (soft/hard): STACK 8192k/infinity , CORE 0k/infinity , NPROC 63245/63245 , NOFILE 1048576/1048576 , AS infinity/infinity , CPU infinity/infinity , DATA infinity/infinity , FSIZE infinity/infinity , MEMLOCK 65536k/65536k
load average:3.69 4.54 2.87

/proc/meminfo:
MemTotal:       16200872 kB
MemFree:        10144172 kB
MemAvailable:   12835012 kB
Buffers:          103828 kB
Cached:          2656808 kB
SwapCached:            0 kB
Active:          1082732 kB
Inactive:        4351480 kB
Active(anon):       2800 kB
Inactive(anon):  2712696 kB
Active(file):    1079932 kB
Inactive(file):  1638784 kB
Unevictable:           0 kB
Mlocked:               0 kB
SwapTotal:       4194304 kB
SwapFree:        4194304 kB
Dirty:                44 kB
Writeback:             0 kB
AnonPages:       2673928 kB
Mapped:          1029392 kB
Shmem:             41920 kB
KReclaimable:     219932 kB
Slab:             327280 kB
SReclaimable:     219932 kB
SUnreclaim:       107348 kB
KernelStack:       10800 kB
PageTables:        18568 kB
SecPageTables:         0 kB
NFS_Unstable:          0 kB
Bounce:                0 kB
WritebackTmp:          0 kB
CommitLimit:    12294740 kB
Committed_AS:    5495040 kB
VmallocTotal:   34359738367 kB
VmallocUsed:       39988 kB
VmallocChunk:          0 kB
Percpu:            14112 kB
HardwareCorrupted:     0 kB
AnonHugePages:         0 kB
ShmemHugePages:        0 kB
ShmemPmdMapped:        0 kB
FileHugePages:         0 kB
FilePmdMapped:         0 kB
Unaccepted:            0 kB
HugePages_Total:       0
HugePages_Free:        0
HugePages_Rsvd:        0
HugePages_Surp:        0
Hugepagesize:       2048 kB
Hugetlb:               0 kB
DirectMap4k:      119808 kB
DirectMap2M:    10188800 kB
DirectMap1G:    14680064 kB

/sys/kernel/mm/transparent_hugepage/enabled:
always [madvise] never
/sys/kernel/mm/transparent_hugepage/defrag (defrag/compaction efforts parameter):
always defer defer+madvise [madvise] never

Process Memory:
Virtual Size: 7347408K (peak: 15576112K)
Resident Set Size: 139464K (peak: 139800K) (anon: 81224K, file: 58240K, shmem: 0K)
Swapped out: 0K
C-Heap outstanding allocations: 67238K, retained: 5205K
glibc malloc tunables: (default)

/proc/sys/kernel/threads-max (system-wide limit on the number of threads):
126491
/proc/sys/vm/max_map_count (maximum number of memory map areas a process may have):
65530
/proc/sys/kernel/pid_max (system-wide limit on number of process identifiers):
4194304

container (cgroup) information:
container_type: cgroupv2
cpu_cpuset_cpus: not supported
cpu_memory_nodes: not supported
active_processor_count: 20
cpu_quota: not supported
cpu_period: not supported
cpu_shares: not supported
memory_limit_in_bytes: not supported
memory_and_swap_limit_in_bytes: not supported
memory_soft_limit_in_bytes: not supported
memory_usage_in_bytes: not supported
memory_max_usage_in_bytes: not supported
memory_swap_current_in_bytes: not supported
memory_swap_max_limit_in_bytes: not supported
maximum number of tasks: not supported
current number of tasks: not supported

Hyper-V virtualization detected
Steal ticks since vm start: 0
Steal ticks percentage since vm start:  0.000

CPU:total 20 (initial active 20) (16 cores per cpu, 2 threads per core) family 6 model 186 stepping 2 microcode 0xffffffff, cmov, cx8, fxsr, mmx, sse, sse2, sse3, ssse3, sse4.1, sse4.2, popcnt, avx, avx2, aes, clmul, erms, 3dnowpref, lzcnt, ht, tsc, tscinvbit, bmi1, bmi2, adx, sha, fma
CPU Model and flags from /proc/cpuinfo:
model name	: 13th Gen Intel(R) Core(TM) i9-13900H
flags		: fpu vme de pse tsc msr pae mce cx8 apic sep mtrr pge mca cmov pat pse36 clflush mmx fxsr sse sse2 ss ht syscall nx pdpe1gb rdtscp lm constant_tsc rep_good nopl xtopology tsc_reliable nonstop_tsc cpuid tsc_known_freq pni pclmulqdq vmx ssse3 fma cx16 pcid sse4_1 sse4_2 x2apic movbe popcnt tsc_deadline_timer aes xsave avx f16c rdrand hypervisor lahf_lm abm 3dnowprefetch ssbd ibrs ibpb stibp ibrs_enhanced tpr_shadow ept vpid ept_ad fsgsbase tsc_adjust bmi1 avx2 smep bmi2 erms invpcid rdseed adx smap clflushopt clwb sha_ni xsaveopt xsavec xgetbv1 xsaves avx_vnni vnmi umip waitpkg gfni vaes vpclmulqdq rdpid movdiri movdir64b fsrm md_clear serialize flush_l1d arch_capabilities
Online cpus:
0-19
Offline cpus:

BIOS frequency limitation:
<Not Available>
Frequency switch latency (ns):
<Not Available>
Available cpu frequencies:
<Not Available>
Current governor:
<Not Available>
Core performance/turbo boost:
<Not Available>

Memory: 4k page, physical 16200872k(10144172k free), swap 4194304k(4194304k free)

vm_info: OpenJDK 64-Bit Server VM (11.0.27+6-post-Ubuntu-0ubuntu122.04) for linux-amd64 JRE (11.0.27+6-post-Ubuntu-0ubuntu122.04), built on Apr 21 2025 05:59:45 by "unknown" with gcc 11.4.0

END.
