#
# A fatal error has been detected by the Java Runtime Environment:
#
#  SIGSEGV (0xb) at pc=0x00007e21c5f9e33d, pid=33572, tid=33573
#
# JRE version: OpenJDK Runtime Environment (11.0.27+6) (build 11.0.27+6-post-Ubuntu-0ubuntu122.04)
# Java VM: OpenJDK 64-Bit Server VM (11.0.27+6-post-Ubuntu-0ubuntu122.04, mixed mode, sharing, tiered, compressed oops, g1 gc, linux-amd64)
# Problematic frame:
# C  [libLLVM-13.so+0xb9e33d]  getModuleFromVal(llvm::Value const*)+0x3d
#
# Core dump will be written. Default location: Core dumps may be processed with "/wsl-capture-crash %t %E %p %s" (or dumping to /home/crz/compilers/Lab/core.33572)
#
# If you would like to submit a bug report, please visit:
#   https://bugs.launchpad.net/ubuntu/+source/openjdk-lts
# The crash happened outside the Java Virtual Machine in native code.
# See problematic frame for where to report the bug.
#

---------------  S U M M A R Y ------------

Command Line: com.example.Main tests/develop_test/gloabl_array_test.sysy tests/develop_test/gloabl_array_test.ll

Host: 13th Gen Intel(R) Core(TM) i9-13900H, 20 cores, 15G, Ubuntu 22.04.5 LTS
Time: Mon Jul 14 16:50:04 2025 CST elapsed time: 0.183057 seconds (0d 0h 0m 0s)

---------------  T H R E A D  ---------------

Current thread (0x00007e2244015000):  JavaThread "main" [_thread_in_native, id=33573, stack(0x00007e224b300000,0x00007e224b400000)]

Stack: [0x00007e224b300000,0x00007e224b400000],  sp=0x00007e224b3fe250,  free space=1016k
Native frames: (J=compiled Java code, A=aot compiled Java code, j=interpreted, Vv=VM code, C=native code)
C  [libLLVM-13.so+0xb9e33d]  getModuleFromVal(llvm::Value const*)+0x3d
V  [libjvm.so+0xb80520]  Metaspace::allocate(ClassLoaderData*, unsigned long, MetaspaceObj::Type, Thread*)+0x60

Java frames: (J=compiled Java code, j=interpreted, Vv=VM code)
j  org.bytedeco.llvm.global.LLVM.LLVMPrintValueToString(Lorg/bytedeco/llvm/LLVM/LLVMValueRef;)Lorg/bytedeco/javacpp/BytePointer;+0
j  com.example.LLVMIRToRiscv.flattenConstantToList(Lorg/bytedeco/llvm/LLVM/LLVMValueRef;Lorg/bytedeco/llvm/LLVM/LLVMTypeRef;Ljava/util/List;)V+89
j  com.example.LLVMIRToRiscv.flattenConstantToList(Lorg/bytedeco/llvm/LLVM/LLVMValueRef;Lorg/bytedeco/llvm/LLVM/LLVMTypeRef;Ljava/util/List;)V+147
j  com.example.LLVMIRToRiscv.flattenConstantToList(Lorg/bytedeco/llvm/LLVM/LLVMValueRef;Lorg/bytedeco/llvm/LLVM/LLVMTypeRef;Ljava/util/List;)V+147
j  com.example.LLVMIRToRiscv.flattenConstantToList(Lorg/bytedeco/llvm/LLVM/LLVMValueRef;Lorg/bytedeco/llvm/LLVM/LLVMTypeRef;Ljava/util/List;)V+147
j  com.example.LLVMIRToRiscv.emitGlobalVariables()V+96
j  com.example.LLVMIRToRiscv.to_riscv()V+1
j  com.example.Main.main([Ljava/lang/String;)V+316
v  ~StubRoutines::call_stub

siginfo: si_signo: 11 (SIGSEGV), si_code: 128 (SI_KERNEL), si_addr: 0x0000000000000000

Register to memory mapping:

RAX=0x00000000000000a8 is an unknown value
RBX=0x00007e2249e2b600: _ZNSs4_Rep20_S_empty_rep_storageE+0x0000000000000000 in /lib/x86_64-linux-gnu/libstdc++.so.6 at 0x00007e2249c00000
RCX=0x0 is NULL
RDX=0x0 is NULL
RSP=0x00007e224b3fe250 is pointing into the stack for thread: 0x00007e2244015000
RBP=0x00007e224b3fe260 is pointing into the stack for thread: 0x00007e2244015000
RSI=0x00007e224b3fe2f0 is pointing into the stack for thread: 0x00007e2244015000
RDI=0x00007e2244484690 points into unknown readable memory: 0x00007e224446d600 | 00 d6 46 44 22 7e 00 00
R8 =0x00007e2244484690 points into unknown readable memory: 0x00007e224446d600 | 00 d6 46 44 22 7e 00 00
R9 =0x0000000717844ea8 is an oop: org.bytedeco.llvm.LLVM.LLVMValueRef 
{0x0000000717844ea8} - klass: 'org/bytedeco/llvm/LLVM/LLVMValueRef'
 - ---- fields (total size 6 words):
 - private 'deallocator' 'Lorg/bytedeco/javacpp/Pointer$Deallocator;' @12  NULL (0)
 - protected 'address' 'J' @16  138685639575184 (44484690 7e22)
 - protected 'position' 'J' @24  0 (0 0)
 - protected 'limit' 'J' @32  0 (0 0)
 - protected 'capacity' 'J' @40  0 (0 0)
R10=0x00007e21c54d3000: <offset 0x00000000000d3000> in /home/crz/.javacpp/cache/llvm-13.0.1-1.5.7-linux-x86_64.jar/org/bytedeco/llvm/linux-x86_64/libLLVM-13.so at 0x00007e21c5400000
R11=0x00007e21c6022fb0: LLVMPrintValueToString+0x0000000000000000 in /home/crz/.javacpp/cache/llvm-13.0.1-1.5.7-linux-x86_64.jar/org/bytedeco/llvm/linux-x86_64/libLLVM-13.so at 0x00007e21c5400000
R12=0x9c03076c61765f74 is an unknown value
R13=0x00007e221c5f6670 is pointing into metadata
R14=0x00007e224b3fe408 is pointing into the stack for thread: 0x00007e2244015000
R15=0x00007e2244015000 is a thread


Registers:
RAX=0x00000000000000a8, RBX=0x00007e2249e2b600, RCX=0x0000000000000000, RDX=0x0000000000000000
RSP=0x00007e224b3fe250, RBP=0x00007e224b3fe260, RSI=0x00007e224b3fe2f0, RDI=0x00007e2244484690
R8 =0x00007e2244484690, R9 =0x0000000717844ea8, R10=0x00007e21c54d3000, R11=0x00007e21c6022fb0
R12=0x9c03076c61765f74, R13=0x00007e221c5f6670, R14=0x00007e224b3fe408, R15=0x00007e2244015000
RIP=0x00007e21c5f9e33d, EFLAGS=0x0000000000010286, CSGSFS=0x002b000000000033, ERR=0x0000000000000000
  TRAPNO=0x000000000000000d

Top of Stack: (sp=0x00007e224b3fe250)
0x00007e224b3fe250:   00007e224b3fe2f0 00007e21c5fb6512
0x00007e224b3fe260:   00007e224b3fe2c0 00007e224ab80520
0x00007e224b3fe270:   00000000000000b8 00007e224b3fe350
0x00007e224b3fe280:   00007e224b3fe3c0 00007e224a871850 

Instructions: (pc=0x00007e21c5f9e33d)
0x00007e21c5f9e23d:   ae 66 90 48 8d 35 31 96 75 03 e8 d4 93 d8 ff eb
0x00007e21c5f9e24d:   9e 66 90 48 8d 35 b0 a3 75 03 e8 c4 93 d8 ff eb
0x00007e21c5f9e25d:   8e 66 90 48 8d 35 1e 96 75 03 e8 b4 93 d8 ff e9
0x00007e21c5f9e26d:   7b ff ff ff 0f 1f 80 00 00 00 00 48 8d 35 0f 96
0x00007e21c5f9e27d:   75 03 e8 9c 93 d8 ff e9 63 ff ff ff 0f 1f 80 00
0x00007e21c5f9e28d:   00 00 00 48 8d 35 64 ea 8a 03 e8 84 93 d8 ff e9
0x00007e21c5f9e29d:   4b ff ff ff 0f 1f 80 00 00 00 00 48 8d 35 0c ed
0x00007e21c5f9e2ad:   7a 03 e8 6c 93 d8 ff e9 33 ff ff ff 0f 1f 80 00
0x00007e21c5f9e2bd:   00 00 00 48 83 3d e8 2f eb 05 00 74 16 b8 ff ff
0x00007e21c5f9e2cd:   ff ff f0 0f c1 47 10 85 c0 7e 15 c3 0f 1f 80 00
0x00007e21c5f9e2dd:   00 00 00 8b 47 10 8d 50 ff 89 57 10 85 c0 7f eb
0x00007e21c5f9e2ed:   e9 7e 8f d8 ff 66 2e 0f 1f 84 00 00 00 00 00 0f
0x00007e21c5f9e2fd:   1f 40 00 41 54 0f b6 47 10 3c 13 75 16 4c 8b 67
0x00007e21c5f9e30d:   18 4d 85 e4 74 05 4d 8b 64 24 28 4c 89 e0 41 5c
0x00007e21c5f9e31d:   c3 66 90 3c 14 75 0c 4c 8b 67 38 4d 85 e4 75 e6
0x00007e21c5f9e32d:   eb e9 90 3c 19 76 1c 4c 8b 67 28 4d 85 e4 74 db
0x00007e21c5f9e33d:   4d 8b 64 24 38 4d 85 e4 75 cc eb cf 0f 1f 80 00
0x00007e21c5f9e34d:   00 00 00 3c 03 77 06 4c 8b 67 28 eb be 45 31 e4
0x00007e21c5f9e35d:   3c 15 75 b7 4c 8b 67 08 4d 85 e4 75 10 eb ac 0f
0x00007e21c5f9e36d:   1f 40 00 4d 8b 64 24 08 4d 85 e4 74 9e 49 8b 7c
0x00007e21c5f9e37d:   24 18 80 7f 10 19 76 eb e8 76 ff ff ff 48 85 c0
0x00007e21c5f9e38d:   74 e1 49 89 c4 eb 84 66 2e 0f 1f 84 00 00 00 00
0x00007e21c5f9e39d:   00 66 90 48 85 ff 74 7b 41 54 55 48 89 fd 53 48
0x00007e21c5f9e3ad:   8b 77 f8 48 c1 e6 05 48 8d 1c 37 48 39 df 74 4d
0x00007e21c5f9e3bd:   e8 2e a6 ec ff 48 83 eb 20 49 89 c4 eb 1a 0f 1f
0x00007e21c5f9e3cd:   44 00 00 48 8d 7b 08 e8 37 b2 ec ff 48 8d 43 e0
0x00007e21c5f9e3dd:   48 39 eb 74 20 48 89 c3 4c 39 63 08 75 e5 48 8b
0x00007e21c5f9e3ed:   7b 10 48 85 ff 74 e5 e8 a7 ff ff ff 48 8d 43 e0
0x00007e21c5f9e3fd:   48 39 eb 75 e0 48 8b 75 f8 48 c1 e6 05 5b 48 8d
0x00007e21c5f9e40d:   7d f8 48 83 c6 08 5d 41 5c e9 85 5a 74 03 0f 1f
0x00007e21c5f9e41d:   44 00 00 c3 66 2e 0f 1f 84 00 00 00 00 00 0f 1f
0x00007e21c5f9e42d:   44 00 00 48 8b 05 39 3a eb 05 41 54 55 53 8b 97 


Stack slot to memory mapping:
stack at sp + 0 slots: 0x00007e224b3fe2f0 is pointing into the stack for thread: 0x00007e2244015000
stack at sp + 1 slots: 0x00007e21c5fb6512: _ZNK4llvm5Value5printERNS_11raw_ostreamEb+0x0000000000000092 in /home/crz/.javacpp/cache/llvm-13.0.1-1.5.7-linux-x86_64.jar/org/bytedeco/llvm/linux-x86_64/libLLVM-13.so at 0x00007e21c5400000
stack at sp + 2 slots: 0x00007e224b3fe2c0 is pointing into the stack for thread: 0x00007e2244015000
stack at sp + 3 slots: 0x00007e224ab80520: <offset 0x0000000000b80520> in /usr/lib/jvm/java-11-openjdk-amd64/lib/server/libjvm.so at 0x00007e224a000000
stack at sp + 4 slots: 0x00000000000000b8 is an unknown value
stack at sp + 5 slots: 0x00007e224b3fe350 is pointing into the stack for thread: 0x00007e2244015000
stack at sp + 6 slots: 0x00007e224b3fe3c0 is pointing into the stack for thread: 0x00007e2244015000
stack at sp + 7 slots: 0x00007e224a871850: <offset 0x0000000000871850> in /usr/lib/jvm/java-11-openjdk-amd64/lib/server/libjvm.so at 0x00007e224a000000


---------------  P R O C E S S  ---------------

Threads class SMR info:
_java_thread_list=0x00007e21d4009af0, length=13, elements={
0x00007e2244015000, 0x00007e22441ec000, 0x00007e22441ee000, 0x00007e22441f3800,
0x00007e22441f5800, 0x00007e22441f8000, 0x00007e22441fa000, 0x00007e22441fc000,
0x00007e21f005c000, 0x00007e224422f000, 0x00007e21f026c800, 0x00007e22443ec800,
0x00007e21d4008000
}

Java Threads: ( => current thread )
=>0x00007e2244015000 JavaThread "main" [_thread_in_native, id=33573, stack(0x00007e224b300000,0x00007e224b400000)]
  0x00007e22441ec000 JavaThread "Reference Handler" daemon [_thread_blocked, id=33580, stack(0x00007e220fdff000,0x00007e220feff000)]
  0x00007e22441ee000 JavaThread "Finalizer" daemon [_thread_blocked, id=33581, stack(0x00007e220fcff000,0x00007e220fdff000)]
  0x00007e22441f3800 JavaThread "Signal Dispatcher" daemon [_thread_blocked, id=33582, stack(0x00007e220fbff000,0x00007e220fcff000)]
  0x00007e22441f5800 JavaThread "Service Thread" daemon [_thread_blocked, id=33583, stack(0x00007e220f500000,0x00007e220f600000)]
  0x00007e22441f8000 JavaThread "C2 CompilerThread0" daemon [_thread_blocked, id=33584, stack(0x00007e220f400000,0x00007e220f500000)]
  0x00007e22441fa000 JavaThread "C1 CompilerThread0" daemon [_thread_blocked, id=33585, stack(0x00007e220f300000,0x00007e220f400000)]
  0x00007e22441fc000 JavaThread "Sweeper thread" daemon [_thread_blocked, id=33586, stack(0x00007e220f200000,0x00007e220f300000)]
  0x00007e21f005c000 JavaThread "C1 CompilerThread1" daemon [_thread_blocked, id=33587, stack(0x00007e220f100000,0x00007e220f200000)]
  0x00007e224422f000 JavaThread "Common-Cleaner" daemon [_thread_blocked, id=33589, stack(0x00007e220eeff000,0x00007e220efff000)]
  0x00007e21f026c800 JavaThread "C1 CompilerThread2" daemon [_thread_blocked, id=33590, stack(0x00007e220edff000,0x00007e220eeff000)]
  0x00007e22443ec800 JavaThread "JavaCPP Deallocator" daemon [_thread_blocked, id=33591, stack(0x00007e220ecff000,0x00007e220edff000)]
  0x00007e21d4008000 JavaThread "C2 CompilerThread1" daemon [_thread_blocked, id=33592, stack(0x00007e220ebff000,0x00007e220ecff000)]

Other Threads:
  0x00007e22441e9000 VMThread "VM Thread" [stack: 0x00007e220ff00000,0x00007e2210000000] [id=33579]
  0x00007e224422c800 WatcherThread [stack: 0x00007e220f000000,0x00007e220f100000] [id=33588]
  0x00007e224402f800 GCTaskThread "GC Thread#0" [stack: 0x00007e2249a17000,0x00007e2249b17000] [id=33574]
  0x00007e224408d800 ConcurrentGCThread "G1 Main Marker" [stack: 0x00007e2248056000,0x00007e2248156000] [id=33575]
  0x00007e224408f800 ConcurrentGCThread "G1 Conc#0" [stack: 0x00007e2243f00000,0x00007e2244000000] [id=33576]
  0x00007e22441aa800 ConcurrentGCThread "G1 Refine#0" [stack: 0x00007e221c9e2000,0x00007e221cae2000] [id=33577]
  0x00007e22441ac800 ConcurrentGCThread "G1 Young RemSet Sampling" [stack: 0x00007e221c8e1000,0x00007e221c9e1000] [id=33578]

Threads with active compile tasks:

VM state:not at safepoint (normal execution)

VM Mutex/Monitor currently owned by a thread: None

Heap address: 0x0000000708c00000, size: 3956 MB, Compressed Oops mode: Zero based, Oop shift amount: 3
Narrow klass base: 0x0000000800000000, Narrow klass shift: 3
Compressed class space size: 1073741824 Address: 0x0000000840000000

Heap:
 garbage-first heap   total 256000K, used 11984K [0x0000000708c00000, 0x0000000800000000)
  region size 1024K, 12 young (12288K), 0 survivors (0K)
 Metaspace       used 3973K, capacity 6765K, committed 6912K, reserved 1056768K
  class space    used 412K, capacity 701K, committed 768K, reserved 1048576K
Heap Regions: E=young(eden), S=young(survivor), O=old, HS=humongous(starts), HC=humongous(continues), CS=collection set, F=free, A=archive, TAMS=top-at-mark-start (previous, next)
|   0|0x0000000708c00000, 0x0000000708c00000, 0x0000000708d00000|  0%| F|  |TAMS 0x0000000708c00000, 0x0000000708c00000| Untracked 
|   1|0x0000000708d00000, 0x0000000708d00000, 0x0000000708e00000|  0%| F|  |TAMS 0x0000000708d00000, 0x0000000708d00000| Untracked 
|   2|0x0000000708e00000, 0x0000000708e00000, 0x0000000708f00000|  0%| F|  |TAMS 0x0000000708e00000, 0x0000000708e00000| Untracked 
|   3|0x0000000708f00000, 0x0000000708f00000, 0x0000000709000000|  0%| F|  |TAMS 0x0000000708f00000, 0x0000000708f00000| Untracked 
|   4|0x0000000709000000, 0x0000000709000000, 0x0000000709100000|  0%| F|  |TAMS 0x0000000709000000, 0x0000000709000000| Untracked 
|   5|0x0000000709100000, 0x0000000709100000, 0x0000000709200000|  0%| F|  |TAMS 0x0000000709100000, 0x0000000709100000| Untracked 
|   6|0x0000000709200000, 0x0000000709200000, 0x0000000709300000|  0%| F|  |TAMS 0x0000000709200000, 0x0000000709200000| Untracked 
|   7|0x0000000709300000, 0x0000000709300000, 0x0000000709400000|  0%| F|  |TAMS 0x0000000709300000, 0x0000000709300000| Untracked 
|   8|0x0000000709400000, 0x0000000709400000, 0x0000000709500000|  0%| F|  |TAMS 0x0000000709400000, 0x0000000709400000| Untracked 
|   9|0x0000000709500000, 0x0000000709500000, 0x0000000709600000|  0%| F|  |TAMS 0x0000000709500000, 0x0000000709500000| Untracked 
|  10|0x0000000709600000, 0x0000000709600000, 0x0000000709700000|  0%| F|  |TAMS 0x0000000709600000, 0x0000000709600000| Untracked 
|  11|0x0000000709700000, 0x0000000709700000, 0x0000000709800000|  0%| F|  |TAMS 0x0000000709700000, 0x0000000709700000| Untracked 
|  12|0x0000000709800000, 0x0000000709800000, 0x0000000709900000|  0%| F|  |TAMS 0x0000000709800000, 0x0000000709800000| Untracked 
|  13|0x0000000709900000, 0x0000000709900000, 0x0000000709a00000|  0%| F|  |TAMS 0x0000000709900000, 0x0000000709900000| Untracked 
|  14|0x0000000709a00000, 0x0000000709a00000, 0x0000000709b00000|  0%| F|  |TAMS 0x0000000709a00000, 0x0000000709a00000| Untracked 
|  15|0x0000000709b00000, 0x0000000709b00000, 0x0000000709c00000|  0%| F|  |TAMS 0x0000000709b00000, 0x0000000709b00000| Untracked 
|  16|0x0000000709c00000, 0x0000000709c00000, 0x0000000709d00000|  0%| F|  |TAMS 0x0000000709c00000, 0x0000000709c00000| Untracked 
|  17|0x0000000709d00000, 0x0000000709d00000, 0x0000000709e00000|  0%| F|  |TAMS 0x0000000709d00000, 0x0000000709d00000| Untracked 
|  18|0x0000000709e00000, 0x0000000709e00000, 0x0000000709f00000|  0%| F|  |TAMS 0x0000000709e00000, 0x0000000709e00000| Untracked 
|  19|0x0000000709f00000, 0x0000000709f00000, 0x000000070a000000|  0%| F|  |TAMS 0x0000000709f00000, 0x0000000709f00000| Untracked 
|  20|0x000000070a000000, 0x000000070a000000, 0x000000070a100000|  0%| F|  |TAMS 0x000000070a000000, 0x000000070a000000| Untracked 
|  21|0x000000070a100000, 0x000000070a100000, 0x000000070a200000|  0%| F|  |TAMS 0x000000070a100000, 0x000000070a100000| Untracked 
|  22|0x000000070a200000, 0x000000070a200000, 0x000000070a300000|  0%| F|  |TAMS 0x000000070a200000, 0x000000070a200000| Untracked 
|  23|0x000000070a300000, 0x000000070a300000, 0x000000070a400000|  0%| F|  |TAMS 0x000000070a300000, 0x000000070a300000| Untracked 
|  24|0x000000070a400000, 0x000000070a400000, 0x000000070a500000|  0%| F|  |TAMS 0x000000070a400000, 0x000000070a400000| Untracked 
|  25|0x000000070a500000, 0x000000070a500000, 0x000000070a600000|  0%| F|  |TAMS 0x000000070a500000, 0x000000070a500000| Untracked 
|  26|0x000000070a600000, 0x000000070a600000, 0x000000070a700000|  0%| F|  |TAMS 0x000000070a600000, 0x000000070a600000| Untracked 
|  27|0x000000070a700000, 0x000000070a700000, 0x000000070a800000|  0%| F|  |TAMS 0x000000070a700000, 0x000000070a700000| Untracked 
|  28|0x000000070a800000, 0x000000070a800000, 0x000000070a900000|  0%| F|  |TAMS 0x000000070a800000, 0x000000070a800000| Untracked 
|  29|0x000000070a900000, 0x000000070a900000, 0x000000070aa00000|  0%| F|  |TAMS 0x000000070a900000, 0x000000070a900000| Untracked 
|  30|0x000000070aa00000, 0x000000070aa00000, 0x000000070ab00000|  0%| F|  |TAMS 0x000000070aa00000, 0x000000070aa00000| Untracked 
|  31|0x000000070ab00000, 0x000000070ab00000, 0x000000070ac00000|  0%| F|  |TAMS 0x000000070ab00000, 0x000000070ab00000| Untracked 
|  32|0x000000070ac00000, 0x000000070ac00000, 0x000000070ad00000|  0%| F|  |TAMS 0x000000070ac00000, 0x000000070ac00000| Untracked 
|  33|0x000000070ad00000, 0x000000070ad00000, 0x000000070ae00000|  0%| F|  |TAMS 0x000000070ad00000, 0x000000070ad00000| Untracked 
|  34|0x000000070ae00000, 0x000000070ae00000, 0x000000070af00000|  0%| F|  |TAMS 0x000000070ae00000, 0x000000070ae00000| Untracked 
|  35|0x000000070af00000, 0x000000070af00000, 0x000000070b000000|  0%| F|  |TAMS 0x000000070af00000, 0x000000070af00000| Untracked 
|  36|0x000000070b000000, 0x000000070b000000, 0x000000070b100000|  0%| F|  |TAMS 0x000000070b000000, 0x000000070b000000| Untracked 
|  37|0x000000070b100000, 0x000000070b100000, 0x000000070b200000|  0%| F|  |TAMS 0x000000070b100000, 0x000000070b100000| Untracked 
|  38|0x000000070b200000, 0x000000070b200000, 0x000000070b300000|  0%| F|  |TAMS 0x000000070b200000, 0x000000070b200000| Untracked 
|  39|0x000000070b300000, 0x000000070b300000, 0x000000070b400000|  0%| F|  |TAMS 0x000000070b300000, 0x000000070b300000| Untracked 
|  40|0x000000070b400000, 0x000000070b400000, 0x000000070b500000|  0%| F|  |TAMS 0x000000070b400000, 0x000000070b400000| Untracked 
|  41|0x000000070b500000, 0x000000070b500000, 0x000000070b600000|  0%| F|  |TAMS 0x000000070b500000, 0x000000070b500000| Untracked 
|  42|0x000000070b600000, 0x000000070b600000, 0x000000070b700000|  0%| F|  |TAMS 0x000000070b600000, 0x000000070b600000| Untracked 
|  43|0x000000070b700000, 0x000000070b700000, 0x000000070b800000|  0%| F|  |TAMS 0x000000070b700000, 0x000000070b700000| Untracked 
|  44|0x000000070b800000, 0x000000070b800000, 0x000000070b900000|  0%| F|  |TAMS 0x000000070b800000, 0x000000070b800000| Untracked 
|  45|0x000000070b900000, 0x000000070b900000, 0x000000070ba00000|  0%| F|  |TAMS 0x000000070b900000, 0x000000070b900000| Untracked 
|  46|0x000000070ba00000, 0x000000070ba00000, 0x000000070bb00000|  0%| F|  |TAMS 0x000000070ba00000, 0x000000070ba00000| Untracked 
|  47|0x000000070bb00000, 0x000000070bb00000, 0x000000070bc00000|  0%| F|  |TAMS 0x000000070bb00000, 0x000000070bb00000| Untracked 
|  48|0x000000070bc00000, 0x000000070bc00000, 0x000000070bd00000|  0%| F|  |TAMS 0x000000070bc00000, 0x000000070bc00000| Untracked 
|  49|0x000000070bd00000, 0x000000070bd00000, 0x000000070be00000|  0%| F|  |TAMS 0x000000070bd00000, 0x000000070bd00000| Untracked 
|  50|0x000000070be00000, 0x000000070be00000, 0x000000070bf00000|  0%| F|  |TAMS 0x000000070be00000, 0x000000070be00000| Untracked 
|  51|0x000000070bf00000, 0x000000070bf00000, 0x000000070c000000|  0%| F|  |TAMS 0x000000070bf00000, 0x000000070bf00000| Untracked 
|  52|0x000000070c000000, 0x000000070c000000, 0x000000070c100000|  0%| F|  |TAMS 0x000000070c000000, 0x000000070c000000| Untracked 
|  53|0x000000070c100000, 0x000000070c100000, 0x000000070c200000|  0%| F|  |TAMS 0x000000070c100000, 0x000000070c100000| Untracked 
|  54|0x000000070c200000, 0x000000070c200000, 0x000000070c300000|  0%| F|  |TAMS 0x000000070c200000, 0x000000070c200000| Untracked 
|  55|0x000000070c300000, 0x000000070c300000, 0x000000070c400000|  0%| F|  |TAMS 0x000000070c300000, 0x000000070c300000| Untracked 
|  56|0x000000070c400000, 0x000000070c400000, 0x000000070c500000|  0%| F|  |TAMS 0x000000070c400000, 0x000000070c400000| Untracked 
|  57|0x000000070c500000, 0x000000070c500000, 0x000000070c600000|  0%| F|  |TAMS 0x000000070c500000, 0x000000070c500000| Untracked 
|  58|0x000000070c600000, 0x000000070c600000, 0x000000070c700000|  0%| F|  |TAMS 0x000000070c600000, 0x000000070c600000| Untracked 
|  59|0x000000070c700000, 0x000000070c700000, 0x000000070c800000|  0%| F|  |TAMS 0x000000070c700000, 0x000000070c700000| Untracked 
|  60|0x000000070c800000, 0x000000070c800000, 0x000000070c900000|  0%| F|  |TAMS 0x000000070c800000, 0x000000070c800000| Untracked 
|  61|0x000000070c900000, 0x000000070c900000, 0x000000070ca00000|  0%| F|  |TAMS 0x000000070c900000, 0x000000070c900000| Untracked 
|  62|0x000000070ca00000, 0x000000070ca00000, 0x000000070cb00000|  0%| F|  |TAMS 0x000000070ca00000, 0x000000070ca00000| Untracked 
|  63|0x000000070cb00000, 0x000000070cb00000, 0x000000070cc00000|  0%| F|  |TAMS 0x000000070cb00000, 0x000000070cb00000| Untracked 
|  64|0x000000070cc00000, 0x000000070cc00000, 0x000000070cd00000|  0%| F|  |TAMS 0x000000070cc00000, 0x000000070cc00000| Untracked 
|  65|0x000000070cd00000, 0x000000070cd00000, 0x000000070ce00000|  0%| F|  |TAMS 0x000000070cd00000, 0x000000070cd00000| Untracked 
|  66|0x000000070ce00000, 0x000000070ce00000, 0x000000070cf00000|  0%| F|  |TAMS 0x000000070ce00000, 0x000000070ce00000| Untracked 
|  67|0x000000070cf00000, 0x000000070cf00000, 0x000000070d000000|  0%| F|  |TAMS 0x000000070cf00000, 0x000000070cf00000| Untracked 
|  68|0x000000070d000000, 0x000000070d000000, 0x000000070d100000|  0%| F|  |TAMS 0x000000070d000000, 0x000000070d000000| Untracked 
|  69|0x000000070d100000, 0x000000070d100000, 0x000000070d200000|  0%| F|  |TAMS 0x000000070d100000, 0x000000070d100000| Untracked 
|  70|0x000000070d200000, 0x000000070d200000, 0x000000070d300000|  0%| F|  |TAMS 0x000000070d200000, 0x000000070d200000| Untracked 
|  71|0x000000070d300000, 0x000000070d300000, 0x000000070d400000|  0%| F|  |TAMS 0x000000070d300000, 0x000000070d300000| Untracked 
|  72|0x000000070d400000, 0x000000070d400000, 0x000000070d500000|  0%| F|  |TAMS 0x000000070d400000, 0x000000070d400000| Untracked 
|  73|0x000000070d500000, 0x000000070d500000, 0x000000070d600000|  0%| F|  |TAMS 0x000000070d500000, 0x000000070d500000| Untracked 
|  74|0x000000070d600000, 0x000000070d600000, 0x000000070d700000|  0%| F|  |TAMS 0x000000070d600000, 0x000000070d600000| Untracked 
|  75|0x000000070d700000, 0x000000070d700000, 0x000000070d800000|  0%| F|  |TAMS 0x000000070d700000, 0x000000070d700000| Untracked 
|  76|0x000000070d800000, 0x000000070d800000, 0x000000070d900000|  0%| F|  |TAMS 0x000000070d800000, 0x000000070d800000| Untracked 
|  77|0x000000070d900000, 0x000000070d900000, 0x000000070da00000|  0%| F|  |TAMS 0x000000070d900000, 0x000000070d900000| Untracked 
|  78|0x000000070da00000, 0x000000070da00000, 0x000000070db00000|  0%| F|  |TAMS 0x000000070da00000, 0x000000070da00000| Untracked 
|  79|0x000000070db00000, 0x000000070db00000, 0x000000070dc00000|  0%| F|  |TAMS 0x000000070db00000, 0x000000070db00000| Untracked 
|  80|0x000000070dc00000, 0x000000070dc00000, 0x000000070dd00000|  0%| F|  |TAMS 0x000000070dc00000, 0x000000070dc00000| Untracked 
|  81|0x000000070dd00000, 0x000000070dd00000, 0x000000070de00000|  0%| F|  |TAMS 0x000000070dd00000, 0x000000070dd00000| Untracked 
|  82|0x000000070de00000, 0x000000070de00000, 0x000000070df00000|  0%| F|  |TAMS 0x000000070de00000, 0x000000070de00000| Untracked 
|  83|0x000000070df00000, 0x000000070df00000, 0x000000070e000000|  0%| F|  |TAMS 0x000000070df00000, 0x000000070df00000| Untracked 
|  84|0x000000070e000000, 0x000000070e000000, 0x000000070e100000|  0%| F|  |TAMS 0x000000070e000000, 0x000000070e000000| Untracked 
|  85|0x000000070e100000, 0x000000070e100000, 0x000000070e200000|  0%| F|  |TAMS 0x000000070e100000, 0x000000070e100000| Untracked 
|  86|0x000000070e200000, 0x000000070e200000, 0x000000070e300000|  0%| F|  |TAMS 0x000000070e200000, 0x000000070e200000| Untracked 
|  87|0x000000070e300000, 0x000000070e300000, 0x000000070e400000|  0%| F|  |TAMS 0x000000070e300000, 0x000000070e300000| Untracked 
|  88|0x000000070e400000, 0x000000070e400000, 0x000000070e500000|  0%| F|  |TAMS 0x000000070e400000, 0x000000070e400000| Untracked 
|  89|0x000000070e500000, 0x000000070e500000, 0x000000070e600000|  0%| F|  |TAMS 0x000000070e500000, 0x000000070e500000| Untracked 
|  90|0x000000070e600000, 0x000000070e600000, 0x000000070e700000|  0%| F|  |TAMS 0x000000070e600000, 0x000000070e600000| Untracked 
|  91|0x000000070e700000, 0x000000070e700000, 0x000000070e800000|  0%| F|  |TAMS 0x000000070e700000, 0x000000070e700000| Untracked 
|  92|0x000000070e800000, 0x000000070e800000, 0x000000070e900000|  0%| F|  |TAMS 0x000000070e800000, 0x000000070e800000| Untracked 
|  93|0x000000070e900000, 0x000000070e900000, 0x000000070ea00000|  0%| F|  |TAMS 0x000000070e900000, 0x000000070e900000| Untracked 
|  94|0x000000070ea00000, 0x000000070ea00000, 0x000000070eb00000|  0%| F|  |TAMS 0x000000070ea00000, 0x000000070ea00000| Untracked 
|  95|0x000000070eb00000, 0x000000070eb00000, 0x000000070ec00000|  0%| F|  |TAMS 0x000000070eb00000, 0x000000070eb00000| Untracked 
|  96|0x000000070ec00000, 0x000000070ec00000, 0x000000070ed00000|  0%| F|  |TAMS 0x000000070ec00000, 0x000000070ec00000| Untracked 
|  97|0x000000070ed00000, 0x000000070ed00000, 0x000000070ee00000|  0%| F|  |TAMS 0x000000070ed00000, 0x000000070ed00000| Untracked 
|  98|0x000000070ee00000, 0x000000070ee00000, 0x000000070ef00000|  0%| F|  |TAMS 0x000000070ee00000, 0x000000070ee00000| Untracked 
|  99|0x000000070ef00000, 0x000000070ef00000, 0x000000070f000000|  0%| F|  |TAMS 0x000000070ef00000, 0x000000070ef00000| Untracked 
| 100|0x000000070f000000, 0x000000070f000000, 0x000000070f100000|  0%| F|  |TAMS 0x000000070f000000, 0x000000070f000000| Untracked 
| 101|0x000000070f100000, 0x000000070f100000, 0x000000070f200000|  0%| F|  |TAMS 0x000000070f100000, 0x000000070f100000| Untracked 
| 102|0x000000070f200000, 0x000000070f200000, 0x000000070f300000|  0%| F|  |TAMS 0x000000070f200000, 0x000000070f200000| Untracked 
| 103|0x000000070f300000, 0x000000070f300000, 0x000000070f400000|  0%| F|  |TAMS 0x000000070f300000, 0x000000070f300000| Untracked 
| 104|0x000000070f400000, 0x000000070f400000, 0x000000070f500000|  0%| F|  |TAMS 0x000000070f400000, 0x000000070f400000| Untracked 
| 105|0x000000070f500000, 0x000000070f500000, 0x000000070f600000|  0%| F|  |TAMS 0x000000070f500000, 0x000000070f500000| Untracked 
| 106|0x000000070f600000, 0x000000070f600000, 0x000000070f700000|  0%| F|  |TAMS 0x000000070f600000, 0x000000070f600000| Untracked 
| 107|0x000000070f700000, 0x000000070f700000, 0x000000070f800000|  0%| F|  |TAMS 0x000000070f700000, 0x000000070f700000| Untracked 
| 108|0x000000070f800000, 0x000000070f800000, 0x000000070f900000|  0%| F|  |TAMS 0x000000070f800000, 0x000000070f800000| Untracked 
| 109|0x000000070f900000, 0x000000070f900000, 0x000000070fa00000|  0%| F|  |TAMS 0x000000070f900000, 0x000000070f900000| Untracked 
| 110|0x000000070fa00000, 0x000000070fa00000, 0x000000070fb00000|  0%| F|  |TAMS 0x000000070fa00000, 0x000000070fa00000| Untracked 
| 111|0x000000070fb00000, 0x000000070fb00000, 0x000000070fc00000|  0%| F|  |TAMS 0x000000070fb00000, 0x000000070fb00000| Untracked 
| 112|0x000000070fc00000, 0x000000070fc00000, 0x000000070fd00000|  0%| F|  |TAMS 0x000000070fc00000, 0x000000070fc00000| Untracked 
| 113|0x000000070fd00000, 0x000000070fd00000, 0x000000070fe00000|  0%| F|  |TAMS 0x000000070fd00000, 0x000000070fd00000| Untracked 
| 114|0x000000070fe00000, 0x000000070fe00000, 0x000000070ff00000|  0%| F|  |TAMS 0x000000070fe00000, 0x000000070fe00000| Untracked 
| 115|0x000000070ff00000, 0x000000070ff00000, 0x0000000710000000|  0%| F|  |TAMS 0x000000070ff00000, 0x000000070ff00000| Untracked 
| 116|0x0000000710000000, 0x0000000710000000, 0x0000000710100000|  0%| F|  |TAMS 0x0000000710000000, 0x0000000710000000| Untracked 
| 117|0x0000000710100000, 0x0000000710100000, 0x0000000710200000|  0%| F|  |TAMS 0x0000000710100000, 0x0000000710100000| Untracked 
| 118|0x0000000710200000, 0x0000000710200000, 0x0000000710300000|  0%| F|  |TAMS 0x0000000710200000, 0x0000000710200000| Untracked 
| 119|0x0000000710300000, 0x0000000710300000, 0x0000000710400000|  0%| F|  |TAMS 0x0000000710300000, 0x0000000710300000| Untracked 
| 120|0x0000000710400000, 0x0000000710400000, 0x0000000710500000|  0%| F|  |TAMS 0x0000000710400000, 0x0000000710400000| Untracked 
| 121|0x0000000710500000, 0x0000000710500000, 0x0000000710600000|  0%| F|  |TAMS 0x0000000710500000, 0x0000000710500000| Untracked 
| 122|0x0000000710600000, 0x0000000710600000, 0x0000000710700000|  0%| F|  |TAMS 0x0000000710600000, 0x0000000710600000| Untracked 
| 123|0x0000000710700000, 0x0000000710700000, 0x0000000710800000|  0%| F|  |TAMS 0x0000000710700000, 0x0000000710700000| Untracked 
| 124|0x0000000710800000, 0x0000000710800000, 0x0000000710900000|  0%| F|  |TAMS 0x0000000710800000, 0x0000000710800000| Untracked 
| 125|0x0000000710900000, 0x0000000710900000, 0x0000000710a00000|  0%| F|  |TAMS 0x0000000710900000, 0x0000000710900000| Untracked 
| 126|0x0000000710a00000, 0x0000000710a00000, 0x0000000710b00000|  0%| F|  |TAMS 0x0000000710a00000, 0x0000000710a00000| Untracked 
| 127|0x0000000710b00000, 0x0000000710b00000, 0x0000000710c00000|  0%| F|  |TAMS 0x0000000710b00000, 0x0000000710b00000| Untracked 
| 128|0x0000000710c00000, 0x0000000710c00000, 0x0000000710d00000|  0%| F|  |TAMS 0x0000000710c00000, 0x0000000710c00000| Untracked 
| 129|0x0000000710d00000, 0x0000000710d00000, 0x0000000710e00000|  0%| F|  |TAMS 0x0000000710d00000, 0x0000000710d00000| Untracked 
| 130|0x0000000710e00000, 0x0000000710e00000, 0x0000000710f00000|  0%| F|  |TAMS 0x0000000710e00000, 0x0000000710e00000| Untracked 
| 131|0x0000000710f00000, 0x0000000710f00000, 0x0000000711000000|  0%| F|  |TAMS 0x0000000710f00000, 0x0000000710f00000| Untracked 
| 132|0x0000000711000000, 0x0000000711000000, 0x0000000711100000|  0%| F|  |TAMS 0x0000000711000000, 0x0000000711000000| Untracked 
| 133|0x0000000711100000, 0x0000000711100000, 0x0000000711200000|  0%| F|  |TAMS 0x0000000711100000, 0x0000000711100000| Untracked 
| 134|0x0000000711200000, 0x0000000711200000, 0x0000000711300000|  0%| F|  |TAMS 0x0000000711200000, 0x0000000711200000| Untracked 
| 135|0x0000000711300000, 0x0000000711300000, 0x0000000711400000|  0%| F|  |TAMS 0x0000000711300000, 0x0000000711300000| Untracked 
| 136|0x0000000711400000, 0x0000000711400000, 0x0000000711500000|  0%| F|  |TAMS 0x0000000711400000, 0x0000000711400000| Untracked 
| 137|0x0000000711500000, 0x0000000711500000, 0x0000000711600000|  0%| F|  |TAMS 0x0000000711500000, 0x0000000711500000| Untracked 
| 138|0x0000000711600000, 0x0000000711600000, 0x0000000711700000|  0%| F|  |TAMS 0x0000000711600000, 0x0000000711600000| Untracked 
| 139|0x0000000711700000, 0x0000000711700000, 0x0000000711800000|  0%| F|  |TAMS 0x0000000711700000, 0x0000000711700000| Untracked 
| 140|0x0000000711800000, 0x0000000711800000, 0x0000000711900000|  0%| F|  |TAMS 0x0000000711800000, 0x0000000711800000| Untracked 
| 141|0x0000000711900000, 0x0000000711900000, 0x0000000711a00000|  0%| F|  |TAMS 0x0000000711900000, 0x0000000711900000| Untracked 
| 142|0x0000000711a00000, 0x0000000711a00000, 0x0000000711b00000|  0%| F|  |TAMS 0x0000000711a00000, 0x0000000711a00000| Untracked 
| 143|0x0000000711b00000, 0x0000000711b00000, 0x0000000711c00000|  0%| F|  |TAMS 0x0000000711b00000, 0x0000000711b00000| Untracked 
| 144|0x0000000711c00000, 0x0000000711c00000, 0x0000000711d00000|  0%| F|  |TAMS 0x0000000711c00000, 0x0000000711c00000| Untracked 
| 145|0x0000000711d00000, 0x0000000711d00000, 0x0000000711e00000|  0%| F|  |TAMS 0x0000000711d00000, 0x0000000711d00000| Untracked 
| 146|0x0000000711e00000, 0x0000000711e00000, 0x0000000711f00000|  0%| F|  |TAMS 0x0000000711e00000, 0x0000000711e00000| Untracked 
| 147|0x0000000711f00000, 0x0000000711f00000, 0x0000000712000000|  0%| F|  |TAMS 0x0000000711f00000, 0x0000000711f00000| Untracked 
| 148|0x0000000712000000, 0x0000000712000000, 0x0000000712100000|  0%| F|  |TAMS 0x0000000712000000, 0x0000000712000000| Untracked 
| 149|0x0000000712100000, 0x0000000712100000, 0x0000000712200000|  0%| F|  |TAMS 0x0000000712100000, 0x0000000712100000| Untracked 
| 150|0x0000000712200000, 0x0000000712200000, 0x0000000712300000|  0%| F|  |TAMS 0x0000000712200000, 0x0000000712200000| Untracked 
| 151|0x0000000712300000, 0x0000000712300000, 0x0000000712400000|  0%| F|  |TAMS 0x0000000712300000, 0x0000000712300000| Untracked 
| 152|0x0000000712400000, 0x0000000712400000, 0x0000000712500000|  0%| F|  |TAMS 0x0000000712400000, 0x0000000712400000| Untracked 
| 153|0x0000000712500000, 0x0000000712500000, 0x0000000712600000|  0%| F|  |TAMS 0x0000000712500000, 0x0000000712500000| Untracked 
| 154|0x0000000712600000, 0x0000000712600000, 0x0000000712700000|  0%| F|  |TAMS 0x0000000712600000, 0x0000000712600000| Untracked 
| 155|0x0000000712700000, 0x0000000712700000, 0x0000000712800000|  0%| F|  |TAMS 0x0000000712700000, 0x0000000712700000| Untracked 
| 156|0x0000000712800000, 0x0000000712800000, 0x0000000712900000|  0%| F|  |TAMS 0x0000000712800000, 0x0000000712800000| Untracked 
| 157|0x0000000712900000, 0x0000000712900000, 0x0000000712a00000|  0%| F|  |TAMS 0x0000000712900000, 0x0000000712900000| Untracked 
| 158|0x0000000712a00000, 0x0000000712a00000, 0x0000000712b00000|  0%| F|  |TAMS 0x0000000712a00000, 0x0000000712a00000| Untracked 
| 159|0x0000000712b00000, 0x0000000712b00000, 0x0000000712c00000|  0%| F|  |TAMS 0x0000000712b00000, 0x0000000712b00000| Untracked 
| 160|0x0000000712c00000, 0x0000000712c00000, 0x0000000712d00000|  0%| F|  |TAMS 0x0000000712c00000, 0x0000000712c00000| Untracked 
| 161|0x0000000712d00000, 0x0000000712d00000, 0x0000000712e00000|  0%| F|  |TAMS 0x0000000712d00000, 0x0000000712d00000| Untracked 
| 162|0x0000000712e00000, 0x0000000712e00000, 0x0000000712f00000|  0%| F|  |TAMS 0x0000000712e00000, 0x0000000712e00000| Untracked 
| 163|0x0000000712f00000, 0x0000000712f00000, 0x0000000713000000|  0%| F|  |TAMS 0x0000000712f00000, 0x0000000712f00000| Untracked 
| 164|0x0000000713000000, 0x0000000713000000, 0x0000000713100000|  0%| F|  |TAMS 0x0000000713000000, 0x0000000713000000| Untracked 
| 165|0x0000000713100000, 0x0000000713100000, 0x0000000713200000|  0%| F|  |TAMS 0x0000000713100000, 0x0000000713100000| Untracked 
| 166|0x0000000713200000, 0x0000000713200000, 0x0000000713300000|  0%| F|  |TAMS 0x0000000713200000, 0x0000000713200000| Untracked 
| 167|0x0000000713300000, 0x0000000713300000, 0x0000000713400000|  0%| F|  |TAMS 0x0000000713300000, 0x0000000713300000| Untracked 
| 168|0x0000000713400000, 0x0000000713400000, 0x0000000713500000|  0%| F|  |TAMS 0x0000000713400000, 0x0000000713400000| Untracked 
| 169|0x0000000713500000, 0x0000000713500000, 0x0000000713600000|  0%| F|  |TAMS 0x0000000713500000, 0x0000000713500000| Untracked 
| 170|0x0000000713600000, 0x0000000713600000, 0x0000000713700000|  0%| F|  |TAMS 0x0000000713600000, 0x0000000713600000| Untracked 
| 171|0x0000000713700000, 0x0000000713700000, 0x0000000713800000|  0%| F|  |TAMS 0x0000000713700000, 0x0000000713700000| Untracked 
| 172|0x0000000713800000, 0x0000000713800000, 0x0000000713900000|  0%| F|  |TAMS 0x0000000713800000, 0x0000000713800000| Untracked 
| 173|0x0000000713900000, 0x0000000713900000, 0x0000000713a00000|  0%| F|  |TAMS 0x0000000713900000, 0x0000000713900000| Untracked 
| 174|0x0000000713a00000, 0x0000000713a00000, 0x0000000713b00000|  0%| F|  |TAMS 0x0000000713a00000, 0x0000000713a00000| Untracked 
| 175|0x0000000713b00000, 0x0000000713b00000, 0x0000000713c00000|  0%| F|  |TAMS 0x0000000713b00000, 0x0000000713b00000| Untracked 
| 176|0x0000000713c00000, 0x0000000713c00000, 0x0000000713d00000|  0%| F|  |TAMS 0x0000000713c00000, 0x0000000713c00000| Untracked 
| 177|0x0000000713d00000, 0x0000000713d00000, 0x0000000713e00000|  0%| F|  |TAMS 0x0000000713d00000, 0x0000000713d00000| Untracked 
| 178|0x0000000713e00000, 0x0000000713e00000, 0x0000000713f00000|  0%| F|  |TAMS 0x0000000713e00000, 0x0000000713e00000| Untracked 
| 179|0x0000000713f00000, 0x0000000713f00000, 0x0000000714000000|  0%| F|  |TAMS 0x0000000713f00000, 0x0000000713f00000| Untracked 
| 180|0x0000000714000000, 0x0000000714000000, 0x0000000714100000|  0%| F|  |TAMS 0x0000000714000000, 0x0000000714000000| Untracked 
| 181|0x0000000714100000, 0x0000000714100000, 0x0000000714200000|  0%| F|  |TAMS 0x0000000714100000, 0x0000000714100000| Untracked 
| 182|0x0000000714200000, 0x0000000714200000, 0x0000000714300000|  0%| F|  |TAMS 0x0000000714200000, 0x0000000714200000| Untracked 
| 183|0x0000000714300000, 0x0000000714300000, 0x0000000714400000|  0%| F|  |TAMS 0x0000000714300000, 0x0000000714300000| Untracked 
| 184|0x0000000714400000, 0x0000000714400000, 0x0000000714500000|  0%| F|  |TAMS 0x0000000714400000, 0x0000000714400000| Untracked 
| 185|0x0000000714500000, 0x0000000714500000, 0x0000000714600000|  0%| F|  |TAMS 0x0000000714500000, 0x0000000714500000| Untracked 
| 186|0x0000000714600000, 0x0000000714600000, 0x0000000714700000|  0%| F|  |TAMS 0x0000000714600000, 0x0000000714600000| Untracked 
| 187|0x0000000714700000, 0x0000000714700000, 0x0000000714800000|  0%| F|  |TAMS 0x0000000714700000, 0x0000000714700000| Untracked 
| 188|0x0000000714800000, 0x0000000714800000, 0x0000000714900000|  0%| F|  |TAMS 0x0000000714800000, 0x0000000714800000| Untracked 
| 189|0x0000000714900000, 0x0000000714900000, 0x0000000714a00000|  0%| F|  |TAMS 0x0000000714900000, 0x0000000714900000| Untracked 
| 190|0x0000000714a00000, 0x0000000714a00000, 0x0000000714b00000|  0%| F|  |TAMS 0x0000000714a00000, 0x0000000714a00000| Untracked 
| 191|0x0000000714b00000, 0x0000000714b00000, 0x0000000714c00000|  0%| F|  |TAMS 0x0000000714b00000, 0x0000000714b00000| Untracked 
| 192|0x0000000714c00000, 0x0000000714c00000, 0x0000000714d00000|  0%| F|  |TAMS 0x0000000714c00000, 0x0000000714c00000| Untracked 
| 193|0x0000000714d00000, 0x0000000714d00000, 0x0000000714e00000|  0%| F|  |TAMS 0x0000000714d00000, 0x0000000714d00000| Untracked 
| 194|0x0000000714e00000, 0x0000000714e00000, 0x0000000714f00000|  0%| F|  |TAMS 0x0000000714e00000, 0x0000000714e00000| Untracked 
| 195|0x0000000714f00000, 0x0000000714f00000, 0x0000000715000000|  0%| F|  |TAMS 0x0000000714f00000, 0x0000000714f00000| Untracked 
| 196|0x0000000715000000, 0x0000000715000000, 0x0000000715100000|  0%| F|  |TAMS 0x0000000715000000, 0x0000000715000000| Untracked 
| 197|0x0000000715100000, 0x0000000715100000, 0x0000000715200000|  0%| F|  |TAMS 0x0000000715100000, 0x0000000715100000| Untracked 
| 198|0x0000000715200000, 0x0000000715200000, 0x0000000715300000|  0%| F|  |TAMS 0x0000000715200000, 0x0000000715200000| Untracked 
| 199|0x0000000715300000, 0x0000000715300000, 0x0000000715400000|  0%| F|  |TAMS 0x0000000715300000, 0x0000000715300000| Untracked 
| 200|0x0000000715400000, 0x0000000715400000, 0x0000000715500000|  0%| F|  |TAMS 0x0000000715400000, 0x0000000715400000| Untracked 
| 201|0x0000000715500000, 0x0000000715500000, 0x0000000715600000|  0%| F|  |TAMS 0x0000000715500000, 0x0000000715500000| Untracked 
| 202|0x0000000715600000, 0x0000000715600000, 0x0000000715700000|  0%| F|  |TAMS 0x0000000715600000, 0x0000000715600000| Untracked 
| 203|0x0000000715700000, 0x0000000715700000, 0x0000000715800000|  0%| F|  |TAMS 0x0000000715700000, 0x0000000715700000| Untracked 
| 204|0x0000000715800000, 0x0000000715800000, 0x0000000715900000|  0%| F|  |TAMS 0x0000000715800000, 0x0000000715800000| Untracked 
| 205|0x0000000715900000, 0x0000000715900000, 0x0000000715a00000|  0%| F|  |TAMS 0x0000000715900000, 0x0000000715900000| Untracked 
| 206|0x0000000715a00000, 0x0000000715a00000, 0x0000000715b00000|  0%| F|  |TAMS 0x0000000715a00000, 0x0000000715a00000| Untracked 
| 207|0x0000000715b00000, 0x0000000715b00000, 0x0000000715c00000|  0%| F|  |TAMS 0x0000000715b00000, 0x0000000715b00000| Untracked 
| 208|0x0000000715c00000, 0x0000000715c00000, 0x0000000715d00000|  0%| F|  |TAMS 0x0000000715c00000, 0x0000000715c00000| Untracked 
| 209|0x0000000715d00000, 0x0000000715d00000, 0x0000000715e00000|  0%| F|  |TAMS 0x0000000715d00000, 0x0000000715d00000| Untracked 
| 210|0x0000000715e00000, 0x0000000715e00000, 0x0000000715f00000|  0%| F|  |TAMS 0x0000000715e00000, 0x0000000715e00000| Untracked 
| 211|0x0000000715f00000, 0x0000000715f00000, 0x0000000716000000|  0%| F|  |TAMS 0x0000000715f00000, 0x0000000715f00000| Untracked 
| 212|0x0000000716000000, 0x0000000716000000, 0x0000000716100000|  0%| F|  |TAMS 0x0000000716000000, 0x0000000716000000| Untracked 
| 213|0x0000000716100000, 0x0000000716100000, 0x0000000716200000|  0%| F|  |TAMS 0x0000000716100000, 0x0000000716100000| Untracked 
| 214|0x0000000716200000, 0x0000000716200000, 0x0000000716300000|  0%| F|  |TAMS 0x0000000716200000, 0x0000000716200000| Untracked 
| 215|0x0000000716300000, 0x0000000716300000, 0x0000000716400000|  0%| F|  |TAMS 0x0000000716300000, 0x0000000716300000| Untracked 
| 216|0x0000000716400000, 0x0000000716400000, 0x0000000716500000|  0%| F|  |TAMS 0x0000000716400000, 0x0000000716400000| Untracked 
| 217|0x0000000716500000, 0x0000000716500000, 0x0000000716600000|  0%| F|  |TAMS 0x0000000716500000, 0x0000000716500000| Untracked 
| 218|0x0000000716600000, 0x0000000716600000, 0x0000000716700000|  0%| F|  |TAMS 0x0000000716600000, 0x0000000716600000| Untracked 
| 219|0x0000000716700000, 0x0000000716700000, 0x0000000716800000|  0%| F|  |TAMS 0x0000000716700000, 0x0000000716700000| Untracked 
| 220|0x0000000716800000, 0x0000000716800000, 0x0000000716900000|  0%| F|  |TAMS 0x0000000716800000, 0x0000000716800000| Untracked 
| 221|0x0000000716900000, 0x0000000716900000, 0x0000000716a00000|  0%| F|  |TAMS 0x0000000716900000, 0x0000000716900000| Untracked 
| 222|0x0000000716a00000, 0x0000000716a00000, 0x0000000716b00000|  0%| F|  |TAMS 0x0000000716a00000, 0x0000000716a00000| Untracked 
| 223|0x0000000716b00000, 0x0000000716b00000, 0x0000000716c00000|  0%| F|  |TAMS 0x0000000716b00000, 0x0000000716b00000| Untracked 
| 224|0x0000000716c00000, 0x0000000716c00000, 0x0000000716d00000|  0%| F|  |TAMS 0x0000000716c00000, 0x0000000716c00000| Untracked 
| 225|0x0000000716d00000, 0x0000000716d00000, 0x0000000716e00000|  0%| F|  |TAMS 0x0000000716d00000, 0x0000000716d00000| Untracked 
| 226|0x0000000716e00000, 0x0000000716e00000, 0x0000000716f00000|  0%| F|  |TAMS 0x0000000716e00000, 0x0000000716e00000| Untracked 
| 227|0x0000000716f00000, 0x0000000716f00000, 0x0000000717000000|  0%| F|  |TAMS 0x0000000716f00000, 0x0000000716f00000| Untracked 
| 228|0x0000000717000000, 0x0000000717000000, 0x0000000717100000|  0%| F|  |TAMS 0x0000000717000000, 0x0000000717000000| Untracked 
| 229|0x0000000717100000, 0x0000000717100000, 0x0000000717200000|  0%| F|  |TAMS 0x0000000717100000, 0x0000000717100000| Untracked 
| 230|0x0000000717200000, 0x0000000717200000, 0x0000000717300000|  0%| F|  |TAMS 0x0000000717200000, 0x0000000717200000| Untracked 
| 231|0x0000000717300000, 0x0000000717300000, 0x0000000717400000|  0%| F|  |TAMS 0x0000000717300000, 0x0000000717300000| Untracked 
| 232|0x0000000717400000, 0x0000000717400000, 0x0000000717500000|  0%| F|  |TAMS 0x0000000717400000, 0x0000000717400000| Untracked 
| 233|0x0000000717500000, 0x0000000717500000, 0x0000000717600000|  0%| F|  |TAMS 0x0000000717500000, 0x0000000717500000| Untracked 
| 234|0x0000000717600000, 0x0000000717600000, 0x0000000717700000|  0%| F|  |TAMS 0x0000000717600000, 0x0000000717600000| Untracked 
| 235|0x0000000717700000, 0x0000000717700000, 0x0000000717800000|  0%| F|  |TAMS 0x0000000717700000, 0x0000000717700000| Untracked 
| 236|0x0000000717800000, 0x000000071787b630, 0x0000000717900000| 48%| E|  |TAMS 0x0000000717800000, 0x0000000717800000| Complete 
| 237|0x0000000717900000, 0x0000000717a00000, 0x0000000717a00000|100%| E|CS|TAMS 0x0000000717900000, 0x0000000717900000| Complete 
| 238|0x0000000717a00000, 0x0000000717b00000, 0x0000000717b00000|100%| E|CS|TAMS 0x0000000717a00000, 0x0000000717a00000| Complete 
| 239|0x0000000717b00000, 0x0000000717c00000, 0x0000000717c00000|100%| E|CS|TAMS 0x0000000717b00000, 0x0000000717b00000| Complete 
| 240|0x0000000717c00000, 0x0000000717d00000, 0x0000000717d00000|100%| E|CS|TAMS 0x0000000717c00000, 0x0000000717c00000| Complete 
| 241|0x0000000717d00000, 0x0000000717e00000, 0x0000000717e00000|100%| E|CS|TAMS 0x0000000717d00000, 0x0000000717d00000| Complete 
| 242|0x0000000717e00000, 0x0000000717f00000, 0x0000000717f00000|100%| E|CS|TAMS 0x0000000717e00000, 0x0000000717e00000| Complete 
| 243|0x0000000717f00000, 0x0000000718000000, 0x0000000718000000|100%| E|CS|TAMS 0x0000000717f00000, 0x0000000717f00000| Complete 
| 244|0x0000000718000000, 0x0000000718100000, 0x0000000718100000|100%| E|CS|TAMS 0x0000000718000000, 0x0000000718000000| Complete 
| 245|0x0000000718100000, 0x0000000718200000, 0x0000000718200000|100%| E|CS|TAMS 0x0000000718100000, 0x0000000718100000| Complete 
| 246|0x0000000718200000, 0x0000000718300000, 0x0000000718300000|100%| E|CS|TAMS 0x0000000718200000, 0x0000000718200000| Complete 
| 247|0x0000000718300000, 0x0000000718400000, 0x0000000718400000|100%| E|CS|TAMS 0x0000000718300000, 0x0000000718300000| Complete 
|2930|0x00000007bfe00000, 0x00000007bfe48000, 0x00000007bff00000| 28%|OA|  |TAMS 0x00000007bfe00000, 0x00000007bfe00000| Untracked 
|2931|0x00000007bff00000, 0x00000007bff6c000, 0x00000007c0000000| 42%|CA|  |TAMS 0x00000007bff00000, 0x00000007bff00000| Untracked 

Card table byte_map: [0x00007e2227846000,0x00007e2228000000] _byte_map_base: 0x00007e2224000000

Marking Bits (Prev, Next): (CMBitMap*) 0x00007e224407d1b8, (CMBitMap*) 0x00007e224407d1f0
 Prev Bits: [0x00007e22232bc000, 0x00007e222708c000)
 Next Bits: [0x00007e221f4ec000, 0x00007e22232bc000)

Polling page: 0x00007e224b799000

Metaspace:

Usage:
  Non-class:      5.92 MB capacity,     3.48 MB ( 59%) used,     2.44 MB ( 41%) free+waste,     8.12 KB ( <1%) overhead. 
      Class:    701.00 KB capacity,   412.49 KB ( 59%) used,   284.38 KB ( 41%) free+waste,     4.12 KB ( <1%) overhead. 
       Both:      6.61 MB capacity,     3.88 MB ( 59%) used,     2.71 MB ( 41%) free+waste,    12.25 KB ( <1%) overhead. 

Virtual space:
  Non-class space:        8.00 MB reserved,       6.00 MB ( 75%) committed 
      Class space:        1.00 GB reserved,     768.00 KB ( <1%) committed 
             Both:        1.01 GB reserved,       6.75 MB ( <1%) committed 

Chunk freelists:
   Non-Class:  16.00 KB
       Class:  3.00 KB
        Both:  19.00 KB

MaxMetaspaceSize: unlimited
CompressedClassSpaceSize: 1.00 GB
Initial GC threshold: 20.80 MB
Current GC threshold: 20.80 MB
CDS: on

CodeHeap 'non-profiled nmethods': size=119172Kb used=247Kb max_used=247Kb free=118924Kb
 bounds [0x00007e223419f000, 0x00007e223440f000, 0x00007e223b600000]
CodeHeap 'profiled nmethods': size=119168Kb used=1990Kb max_used=1990Kb free=117178Kb
 bounds [0x00007e222cd3f000, 0x00007e222cfaf000, 0x00007e223419f000]
CodeHeap 'non-nmethods': size=7420Kb used=2274Kb max_used=2300Kb free=5145Kb
 bounds [0x00007e222c600000, 0x00007e222c870000, 0x00007e222cd3f000]
 total_blobs=1448 nmethods=1039 adapters=321
 compilation: enabled
              stopped_count=0, restarted_count=0
 full_count=0

Compilation events (20 events):
Event: 0.174 Thread 0x00007e21f026c800 nmethod 1028 0x00007e222cf27090 code [0x00007e222cf27280, 0x00007e222cf275f0]
Event: 0.174 Thread 0x00007e21f026c800 1031       3       java.lang.invoke.MemberName::isPrivate (8 bytes)
Event: 0.174 Thread 0x00007e21f026c800 nmethod 1031 0x00007e222cf27790 code [0x00007e222cf27940, 0x00007e222cf27b10]
Event: 0.174 Thread 0x00007e21f026c800 1035       3       java.lang.invoke.LambdaForm::lastUseIndex (76 bytes)
Event: 0.174 Thread 0x00007e21f005c000 nmethod 1026 0x00007e222cf27c10 code [0x00007e222cf27f00, 0x00007e222cf28e80]
Event: 0.174 Thread 0x00007e21f005c000 1032       3       java.lang.reflect.Modifier::isPrivate (12 bytes)
Event: 0.174 Thread 0x00007e21f005c000 nmethod 1032 0x00007e222cf29310 code [0x00007e222cf294c0, 0x00007e222cf295f0]
Event: 0.174 Thread 0x00007e21f005c000 1033       3       java.lang.invoke.InvokerBytecodeGenerator::emitStaticInvoke (258 bytes)
Event: 0.174 Thread 0x00007e21f026c800 nmethod 1035 0x00007e222cf29690 code [0x00007e222cf29860, 0x00007e222cf29b80]
Event: 0.174 Thread 0x00007e21f026c800 1034       3       java.lang.invoke.LambdaFormBuffer::ownedCount (7 bytes)
Event: 0.175 Thread 0x00007e21f026c800 nmethod 1034 0x00007e222cf29d10 code [0x00007e222cf29ec0, 0x00007e222cf29fd0]
Event: 0.175 Thread 0x00007e21f026c800 1037       3       java.lang.invoke.LambdaForm$Name::newIndex (16 bytes)
Event: 0.175 Thread 0x00007e21f026c800 nmethod 1037 0x00007e222cf2a090 code [0x00007e222cf2a260, 0x00007e222cf2a4e0]
Event: 0.175 Thread 0x00007e22441f8000 1036       4       java.util.ImmutableCollections$ListN::get (7 bytes)
Event: 0.175 Thread 0x00007e22441f8000 nmethod 1036 0x00007e22341dc190 code [0x00007e22341dc320, 0x00007e22341dc3d8]
Event: 0.175 Thread 0x00007e21f005c000 nmethod 1033 0x00007e222cf2a590 code [0x00007e222cf2a8a0, 0x00007e222cf2b760]
Event: 0.175 Thread 0x00007e21f005c000 1038       3       jdk.internal.org.objectweb.asm.Frame::pop (45 bytes)
Event: 0.175 Thread 0x00007e21f026c800 1039       3       jdk.internal.org.objectweb.asm.Frame::set (65 bytes)
Event: 0.175 Thread 0x00007e21f005c000 nmethod 1038 0x00007e222cf2bd10 code [0x00007e222cf2bec0, 0x00007e222cf2c050]
Event: 0.175 Thread 0x00007e21f026c800 nmethod 1039 0x00007e222cf2c110 code [0x00007e222cf2c300, 0x00007e222cf2c860]

GC Heap History (0 events):
No events

Deoptimization events (20 events):
Event: 0.119 Thread 0x00007e2244015000 Uncommon trap: trap_request=0xffffffbe fr.pc=0x00007e22341ae8cc relative=0x000000000000040c
Event: 0.119 Thread 0x00007e2244015000 Uncommon trap: reason=profile_predicate action=maybe_recompile pc=0x00007e22341ae8cc method=java.lang.StringLatin1.indexOf([BI[BII)I @ 18 c2
Event: 0.119 Thread 0x00007e2244015000 DEOPT PACKING pc=0x00007e22341ae8cc sp=0x00007e224b3fd020
Event: 0.119 Thread 0x00007e2244015000 DEOPT UNPACKING pc=0x00007e222c649ea5 sp=0x00007e224b3fcfa0 mode 2
Event: 0.119 Thread 0x00007e2244015000 Uncommon trap: trap_request=0xffffffbe fr.pc=0x00007e22341ae8cc relative=0x000000000000040c
Event: 0.119 Thread 0x00007e2244015000 Uncommon trap: reason=profile_predicate action=maybe_recompile pc=0x00007e22341ae8cc method=java.lang.StringLatin1.indexOf([BI[BII)I @ 18 c2
Event: 0.119 Thread 0x00007e2244015000 DEOPT PACKING pc=0x00007e22341ae8cc sp=0x00007e224b3fd020
Event: 0.119 Thread 0x00007e2244015000 DEOPT UNPACKING pc=0x00007e222c649ea5 sp=0x00007e224b3fcfa0 mode 2
Event: 0.135 Thread 0x00007e2244015000 Uncommon trap: trap_request=0xffffff4d fr.pc=0x00007e22341cbed0 relative=0x0000000000000410
Event: 0.135 Thread 0x00007e2244015000 Uncommon trap: reason=unstable_if action=reinterpret pc=0x00007e22341cbed0 method=java.lang.StringLatin1.indexOf([BI[BII)I @ 91 c2
Event: 0.135 Thread 0x00007e2244015000 DEOPT PACKING pc=0x00007e22341cbed0 sp=0x00007e224b3fcfc0
Event: 0.135 Thread 0x00007e2244015000 DEOPT UNPACKING pc=0x00007e222c649ea5 sp=0x00007e224b3fcf40 mode 2
Event: 0.151 Thread 0x00007e2244015000 DEOPT PACKING pc=0x00007e222ce72662 sp=0x00007e224b3fd510
Event: 0.151 Thread 0x00007e2244015000 DEOPT UNPACKING pc=0x00007e222c64a64a sp=0x00007e224b3fc9a8 mode 0
Event: 0.151 Thread 0x00007e2244015000 DEOPT PACKING pc=0x00007e222cd656cf sp=0x00007e224b3fd4f0
Event: 0.151 Thread 0x00007e2244015000 DEOPT UNPACKING pc=0x00007e222c64a64a sp=0x00007e224b3fc998 mode 0
Event: 0.152 Thread 0x00007e2244015000 DEOPT PACKING pc=0x00007e222cd656cf sp=0x00007e224b3fd5f0
Event: 0.152 Thread 0x00007e2244015000 DEOPT UNPACKING pc=0x00007e222c64a64a sp=0x00007e224b3fca98 mode 0
Event: 0.152 Thread 0x00007e2244015000 DEOPT PACKING pc=0x00007e222cd656cf sp=0x00007e224b3fd5f0
Event: 0.152 Thread 0x00007e2244015000 DEOPT UNPACKING pc=0x00007e222c64a64a sp=0x00007e224b3fca98 mode 0

Classes redefined (0 events):
No events

Internal exceptions (20 events):
Event: 0.031 Thread 0x00007e2244015000 Exception <a 'java/security/PrivilegedActionException'{0x000000071823dd70}> (0x000000071823dd70) thrown at [./src/hotspot/share/prims/jvm.cpp, line 1304]
Event: 0.031 Thread 0x00007e2244015000 Exception <a 'java/security/PrivilegedActionException'{0x000000071823e040}> (0x000000071823e040) thrown at [./src/hotspot/share/prims/jvm.cpp, line 1304]
Event: 0.031 Thread 0x00007e2244015000 Exception <a 'java/security/PrivilegedActionException'{0x000000071823ec58}> (0x000000071823ec58) thrown at [./src/hotspot/share/prims/jvm.cpp, line 1304]
Event: 0.031 Thread 0x00007e2244015000 Exception <a 'java/security/PrivilegedActionException'{0x000000071823ef28}> (0x000000071823ef28) thrown at [./src/hotspot/share/prims/jvm.cpp, line 1304]
Event: 0.031 Thread 0x00007e2244015000 Exception <a 'java/security/PrivilegedActionException'{0x000000071823fb40}> (0x000000071823fb40) thrown at [./src/hotspot/share/prims/jvm.cpp, line 1304]
Event: 0.031 Thread 0x00007e2244015000 Exception <a 'java/security/PrivilegedActionException'{0x000000071823fe10}> (0x000000071823fe10) thrown at [./src/hotspot/share/prims/jvm.cpp, line 1304]
Event: 0.031 Thread 0x00007e2244015000 Exception <a 'java/security/PrivilegedActionException'{0x0000000718240a40}> (0x0000000718240a40) thrown at [./src/hotspot/share/prims/jvm.cpp, line 1304]
Event: 0.031 Thread 0x00007e2244015000 Exception <a 'java/security/PrivilegedActionException'{0x0000000718240d10}> (0x0000000718240d10) thrown at [./src/hotspot/share/prims/jvm.cpp, line 1304]
Event: 0.031 Thread 0x00007e2244015000 Exception <a 'java/security/PrivilegedActionException'{0x0000000718241940}> (0x0000000718241940) thrown at [./src/hotspot/share/prims/jvm.cpp, line 1304]
Event: 0.031 Thread 0x00007e2244015000 Exception <a 'java/security/PrivilegedActionException'{0x0000000718241c10}> (0x0000000718241c10) thrown at [./src/hotspot/share/prims/jvm.cpp, line 1304]
Event: 0.031 Thread 0x00007e2244015000 Exception <a 'java/security/PrivilegedActionException'{0x0000000718242840}> (0x0000000718242840) thrown at [./src/hotspot/share/prims/jvm.cpp, line 1304]
Event: 0.031 Thread 0x00007e2244015000 Exception <a 'java/security/PrivilegedActionException'{0x0000000718242b10}> (0x0000000718242b10) thrown at [./src/hotspot/share/prims/jvm.cpp, line 1304]
Event: 0.031 Thread 0x00007e2244015000 Exception <a 'java/security/PrivilegedActionException'{0x0000000718243728}> (0x0000000718243728) thrown at [./src/hotspot/share/prims/jvm.cpp, line 1304]
Event: 0.031 Thread 0x00007e2244015000 Exception <a 'java/security/PrivilegedActionException'{0x00000007182439f8}> (0x00000007182439f8) thrown at [./src/hotspot/share/prims/jvm.cpp, line 1304]
Event: 0.031 Thread 0x00007e2244015000 Exception <a 'java/security/PrivilegedActionException'{0x0000000718244628}> (0x0000000718244628) thrown at [./src/hotspot/share/prims/jvm.cpp, line 1304]
Event: 0.031 Thread 0x00007e2244015000 Exception <a 'java/security/PrivilegedActionException'{0x00000007182448f8}> (0x00000007182448f8) thrown at [./src/hotspot/share/prims/jvm.cpp, line 1304]
Event: 0.115 Thread 0x00007e2244015000 Exception <a 'java/lang/NoSuchMethodError'{0x0000000717df2ff0}: 'int java.lang.invoke.DirectMethodHandle$Holder.invokeStaticInit(java.lang.Object, java.lang.Object, java.lang.Object, java.lang.Object)'> (0x0000000717df2ff0) thrown at [./src/hotspot/share/interpreter/linkResolver.cpp, line 772]
Event: 0.115 Thread 0x00007e2244015000 Exception <a 'java/lang/IncompatibleClassChangeError'{0x0000000717dfd158}: Found class java.lang.Object, but interface was expected> (0x0000000717dfd158) thrown at [./src/hotspot/share/interpreter/linkResolver.cpp, line 839]
Event: 0.116 Thread 0x00007e2244015000 Exception <a 'java/lang/NoSuchMethodError'{0x0000000717c00878}: 'void java.lang.invoke.DirectMethodHandle$Holder.invokeStaticInit(java.lang.Object, java.lang.Object)'> (0x0000000717c00878) thrown at [./src/hotspot/share/interpreter/linkResolver.cpp, line 772]
Event: 0.116 Thread 0x00007e2244015000 Exception <a 'java/lang/NoSuchMethodError'{0x0000000717c062b0}: 'int java.lang.invoke.DirectMethodHandle$Holder.invokeStaticInit(java.lang.Object, java.lang.Object)'> (0x0000000717c062b0) thrown at [./src/hotspot/share/interpreter/linkResolver.cpp, line 772]

Events (20 events):
Event: 0.166 loading class org/bytedeco/llvm/LLVM/LLVMUseRef
Event: 0.166 loading class org/bytedeco/llvm/LLVM/LLVMUseRef done
Event: 0.167 loading class com/example/IRGenerationVisitor
Event: 0.167 loading class com/example/IRGenerationVisitor done
Event: 0.168 loading class java/util/stream/ReduceOps$1
Event: 0.168 loading class java/util/stream/ReduceOps$1 done
Event: 0.168 loading class java/util/stream/ReduceOps$1ReducingSink
Event: 0.168 loading class java/util/stream/ReduceOps$1ReducingSink done
Event: 0.169 loading class org/bytedeco/javacpp/PointerScope
Event: 0.169 loading class org/bytedeco/javacpp/PointerScope done
Event: 0.170 loading class org/bytedeco/javacpp/PointerScope$1
Event: 0.170 loading class org/bytedeco/javacpp/PointerScope$1 done
Event: 0.171 loading class com/example/loop_stored_element
Event: 0.171 loading class com/example/loop_stored_element done
Event: 0.172 loading class com/example/LLVMIRToRiscv
Event: 0.172 loading class com/example/LLVMIRToRiscv done
Event: 0.173 loading class com/example/RegisterAllocator
Event: 0.173 loading class com/example/RegisterAllocator done
Event: 0.173 loading class com/example/AsmBuilder
Event: 0.173 loading class com/example/AsmBuilder done


Dynamic libraries:
708c00000-718400000 rw-p 00000000 00:00 0 
718400000-7bfe00000 ---p 00000000 00:00 0 
7bfe00000-7bfe48000 rw-p 00b14000 08:30 134337                           /usr/lib/jvm/java-11-openjdk-amd64/lib/server/classes.jsa
7bfe48000-7bff00000 rw-p 00000000 00:00 0 
7bff00000-7bff6c000 rw-p 00aa8000 08:30 134337                           /usr/lib/jvm/java-11-openjdk-amd64/lib/server/classes.jsa
7bff6c000-7c0000000 rw-p 00000000 00:00 0 
7c0000000-800000000 ---p 00000000 00:00 0 
800000000-800002000 rwxp 00001000 08:30 134337                           /usr/lib/jvm/java-11-openjdk-amd64/lib/server/classes.jsa
800002000-8003ce000 rw-p 00003000 08:30 134337                           /usr/lib/jvm/java-11-openjdk-amd64/lib/server/classes.jsa
8003ce000-800aa6000 r--p 003cf000 08:30 134337                           /usr/lib/jvm/java-11-openjdk-amd64/lib/server/classes.jsa
800aa6000-800aa7000 rw-p 00aa7000 08:30 134337                           /usr/lib/jvm/java-11-openjdk-amd64/lib/server/classes.jsa
840000000-8400c0000 rw-p 00000000 00:00 0 
8400c0000-880000000 ---p 00000000 00:00 0 
63779ce04000-63779ce05000 r--p 00000000 08:30 134745                     /usr/lib/jvm/java-11-openjdk-amd64/bin/java
63779ce05000-63779ce06000 r-xp 00001000 08:30 134745                     /usr/lib/jvm/java-11-openjdk-amd64/bin/java
63779ce06000-63779ce07000 r--p 00002000 08:30 134745                     /usr/lib/jvm/java-11-openjdk-amd64/bin/java
63779ce07000-63779ce08000 r--p 00002000 08:30 134745                     /usr/lib/jvm/java-11-openjdk-amd64/bin/java
63779ce08000-63779ce09000 rw-p 00003000 08:30 134745                     /usr/lib/jvm/java-11-openjdk-amd64/bin/java
6377c8541000-6377c8562000 rw-p 00000000 00:00 0                          [heap]
7e21c5400000-7e21c5d26000 r--p 00000000 08:30 204242                     /home/crz/.javacpp/cache/llvm-13.0.1-1.5.7-linux-x86_64.jar/org/bytedeco/llvm/linux-x86_64/libLLVM-13.so
7e21c5d26000-7e21c96e9000 r-xp 00926000 08:30 204242                     /home/crz/.javacpp/cache/llvm-13.0.1-1.5.7-linux-x86_64.jar/org/bytedeco/llvm/linux-x86_64/libLLVM-13.so
7e21c96e9000-7e21cb93e000 r--p 042e9000 08:30 204242                     /home/crz/.javacpp/cache/llvm-13.0.1-1.5.7-linux-x86_64.jar/org/bytedeco/llvm/linux-x86_64/libLLVM-13.so
7e21cb93e000-7e21cbe53000 r--p 0653d000 08:30 204242                     /home/crz/.javacpp/cache/llvm-13.0.1-1.5.7-linux-x86_64.jar/org/bytedeco/llvm/linux-x86_64/libLLVM-13.so
7e21cbe53000-7e21cbe5e000 rw-p 06a52000 08:30 204242                     /home/crz/.javacpp/cache/llvm-13.0.1-1.5.7-linux-x86_64.jar/org/bytedeco/llvm/linux-x86_64/libLLVM-13.so
7e21cbe5e000-7e21cbed4000 rw-p 00000000 00:00 0 
7e21cc000000-7e21cc049000 rw-p 00000000 00:00 0 
7e21cc049000-7e21d0000000 ---p 00000000 00:00 0 
7e21d4000000-7e21d4021000 rw-p 00000000 00:00 0 
7e21d4021000-7e21d8000000 ---p 00000000 00:00 0 
7e21d8000000-7e21d8021000 rw-p 00000000 00:00 0 
7e21d8021000-7e21dc000000 ---p 00000000 00:00 0 
7e21dc000000-7e21dc021000 rw-p 00000000 00:00 0 
7e21dc021000-7e21e0000000 ---p 00000000 00:00 0 
7e21e0000000-7e21e0021000 rw-p 00000000 00:00 0 
7e21e0021000-7e21e4000000 ---p 00000000 00:00 0 
7e21e4000000-7e21e4021000 rw-p 00000000 00:00 0 
7e21e4021000-7e21e8000000 ---p 00000000 00:00 0 
7e21e8000000-7e21e815c000 rw-p 00000000 00:00 0 
7e21e815c000-7e21ec000000 ---p 00000000 00:00 0 
7e21ec000000-7e21ec2e7000 rw-p 00000000 00:00 0 
7e21ec2e7000-7e21f0000000 ---p 00000000 00:00 0 
7e21f0000000-7e21f0279000 rw-p 00000000 00:00 0 
7e21f0279000-7e21f4000000 ---p 00000000 00:00 0 
7e21f4000000-7e21f4021000 rw-p 00000000 00:00 0 
7e21f4021000-7e21f8000000 ---p 00000000 00:00 0 
7e21f8000000-7e21f8021000 rw-p 00000000 00:00 0 
7e21f8021000-7e21fc000000 ---p 00000000 00:00 0 
7e21fc000000-7e21fc021000 rw-p 00000000 00:00 0 
7e21fc021000-7e2200000000 ---p 00000000 00:00 0 
7e2200000000-7e2200021000 rw-p 00000000 00:00 0 
7e2200021000-7e2204000000 ---p 00000000 00:00 0 
7e2204000000-7e2204021000 rw-p 00000000 00:00 0 
7e2204021000-7e2208000000 ---p 00000000 00:00 0 
7e2208000000-7e2208021000 rw-p 00000000 00:00 0 
7e2208021000-7e220c000000 ---p 00000000 00:00 0 
7e220d7aa000-7e220eaf9000 rw-p 00000000 00:00 0 
7e220eaf9000-7e220eb5e000 r--p 00000000 08:30 204256                     /home/crz/.javacpp/cache/llvm-13.0.1-1.5.7-linux-x86_64.jar/org/bytedeco/llvm/linux-x86_64/libjniLLVM.so
7e220eb5e000-7e220ebcc000 r-xp 00065000 08:30 204256                     /home/crz/.javacpp/cache/llvm-13.0.1-1.5.7-linux-x86_64.jar/org/bytedeco/llvm/linux-x86_64/libjniLLVM.so
7e220ebcc000-7e220ebf7000 r--p 000d3000 08:30 204256                     /home/crz/.javacpp/cache/llvm-13.0.1-1.5.7-linux-x86_64.jar/org/bytedeco/llvm/linux-x86_64/libjniLLVM.so
7e220ebf7000-7e220ebfa000 r--p 000fd000 08:30 204256                     /home/crz/.javacpp/cache/llvm-13.0.1-1.5.7-linux-x86_64.jar/org/bytedeco/llvm/linux-x86_64/libjniLLVM.so
7e220ebfa000-7e220ebfd000 rw-p 00100000 08:30 204256                     /home/crz/.javacpp/cache/llvm-13.0.1-1.5.7-linux-x86_64.jar/org/bytedeco/llvm/linux-x86_64/libjniLLVM.so
7e220ebfd000-7e220ebff000 rw-p 00000000 00:00 0 
7e220ebff000-7e220ec03000 ---p 00000000 00:00 0 
7e220ec03000-7e220ecff000 rw-p 00000000 00:00 0 
7e220ecff000-7e220ed03000 ---p 00000000 00:00 0 
7e220ed03000-7e220edff000 rw-p 00000000 00:00 0 
7e220edff000-7e220ee03000 ---p 00000000 00:00 0 
7e220ee03000-7e220eeff000 rw-p 00000000 00:00 0 
7e220eeff000-7e220ef03000 ---p 00000000 00:00 0 
7e220ef03000-7e220efff000 rw-p 00000000 00:00 0 
7e220efff000-7e220f000000 ---p 00000000 00:00 0 
7e220f000000-7e220f100000 rw-p 00000000 00:00 0 
7e220f100000-7e220f104000 ---p 00000000 00:00 0 
7e220f104000-7e220f200000 rw-p 00000000 00:00 0 
7e220f200000-7e220f204000 ---p 00000000 00:00 0 
7e220f204000-7e220f300000 rw-p 00000000 00:00 0 
7e220f300000-7e220f304000 ---p 00000000 00:00 0 
7e220f304000-7e220f400000 rw-p 00000000 00:00 0 
7e220f400000-7e220f404000 ---p 00000000 00:00 0 
7e220f404000-7e220f500000 rw-p 00000000 00:00 0 
7e220f500000-7e220f504000 ---p 00000000 00:00 0 
7e220f504000-7e220f600000 rw-p 00000000 00:00 0 
7e220f600000-7e220fbed000 r--p 00000000 08:30 2460                       /usr/lib/locale/locale-archive
7e220fbff000-7e220fc03000 ---p 00000000 00:00 0 
7e220fc03000-7e220fcff000 rw-p 00000000 00:00 0 
7e220fcff000-7e220fd03000 ---p 00000000 00:00 0 
7e220fd03000-7e220fdff000 rw-p 00000000 00:00 0 
7e220fdff000-7e220fe03000 ---p 00000000 00:00 0 
7e220fe03000-7e220feff000 rw-p 00000000 00:00 0 
7e220feff000-7e220ff00000 ---p 00000000 00:00 0 
7e220ff00000-7e2210000000 rw-p 00000000 00:00 0 
7e2210000000-7e2210021000 rw-p 00000000 00:00 0 
7e2210021000-7e2214000000 ---p 00000000 00:00 0 
7e2214000000-7e2214021000 rw-p 00000000 00:00 0 
7e2214021000-7e2218000000 ---p 00000000 00:00 0 
7e2218000000-7e2218021000 rw-p 00000000 00:00 0 
7e2218021000-7e221c000000 ---p 00000000 00:00 0 
7e221c0e0000-7e221c6e0000 rw-p 00000000 00:00 0 
7e221c6e0000-7e221c8e0000 ---p 00000000 00:00 0 
7e221c8e0000-7e221c8e1000 ---p 00000000 00:00 0 
7e221c8e1000-7e221c9e1000 rw-p 00000000 00:00 0 
7e221c9e1000-7e221c9e2000 ---p 00000000 00:00 0 
7e221c9e2000-7e221f8cc000 rw-p 00000000 00:00 0 
7e221f8cc000-7e22222b4000 ---p 00000000 00:00 0 
7e22222b4000-7e22222bc000 rw-p 00000000 00:00 0 
7e22222bc000-7e22232bc000 ---p 00000000 00:00 0 
7e22232bc000-7e222369c000 rw-p 00000000 00:00 0 
7e222369c000-7e2226084000 ---p 00000000 00:00 0 
7e2226084000-7e222608c000 rw-p 00000000 00:00 0 
7e222608c000-7e222708c000 ---p 00000000 00:00 0 
7e222708c000-7e2227108000 rw-p 00000000 00:00 0 
7e2227108000-7e2227645000 ---p 00000000 00:00 0 
7e2227645000-7e2227646000 rw-p 00000000 00:00 0 
7e2227646000-7e2227846000 ---p 00000000 00:00 0 
7e2227846000-7e22278c2000 rw-p 00000000 00:00 0 
7e22278c2000-7e2227dff000 ---p 00000000 00:00 0 
7e2227dff000-7e2227e00000 rw-p 00000000 00:00 0 
7e2227e00000-7e2228000000 ---p 00000000 00:00 0 
7e2228000000-7e2228021000 rw-p 00000000 00:00 0 
7e2228021000-7e222c000000 ---p 00000000 00:00 0 
7e222c014000-7e222c600000 rw-p 00000000 00:00 0 
7e222c600000-7e222c870000 rwxp 00000000 00:00 0 
7e222c870000-7e222cd3f000 ---p 00000000 00:00 0 
7e222cd3f000-7e222cfaf000 rwxp 00000000 00:00 0 
7e222cfaf000-7e223419f000 ---p 00000000 00:00 0 
7e223419f000-7e223440f000 rwxp 00000000 00:00 0 
7e223440f000-7e223b600000 ---p 00000000 00:00 0 
7e223b600000-7e2243e41000 r--s 00000000 08:30 134824                     /usr/lib/jvm/java-11-openjdk-amd64/lib/modules
7e2243e4e000-7e2243e55000 r--s 00000000 08:30 126817                     /usr/lib/x86_64-linux-gnu/gconv/gconv-modules.cache
7e2243e55000-7e2243e56000 r--p 00000000 08:30 204251                     /home/crz/.javacpp/cache/llvm-13.0.1-1.5.7-linux-x86_64.jar/org/bytedeco/llvm/linux-x86_64/libRemarks.so.13
7e2243e56000-7e2243e57000 r-xp 00001000 08:30 204251                     /home/crz/.javacpp/cache/llvm-13.0.1-1.5.7-linux-x86_64.jar/org/bytedeco/llvm/linux-x86_64/libRemarks.so.13
7e2243e57000-7e2243e58000 r--p 00002000 08:30 204251                     /home/crz/.javacpp/cache/llvm-13.0.1-1.5.7-linux-x86_64.jar/org/bytedeco/llvm/linux-x86_64/libRemarks.so.13
7e2243e58000-7e2243e59000 r--p 00002000 08:30 204251                     /home/crz/.javacpp/cache/llvm-13.0.1-1.5.7-linux-x86_64.jar/org/bytedeco/llvm/linux-x86_64/libRemarks.so.13
7e2243e59000-7e2243e5a000 rw-p 00003000 08:30 204251                     /home/crz/.javacpp/cache/llvm-13.0.1-1.5.7-linux-x86_64.jar/org/bytedeco/llvm/linux-x86_64/libRemarks.so.13
7e2243e5a000-7e2243e61000 r--p 00000000 08:30 204245                     /home/crz/.javacpp/cache/llvm-13.0.1-1.5.7-linux-x86_64.jar/org/bytedeco/llvm/linux-x86_64/libLTO.so.13
7e2243e61000-7e2243e69000 r-xp 00007000 08:30 204245                     /home/crz/.javacpp/cache/llvm-13.0.1-1.5.7-linux-x86_64.jar/org/bytedeco/llvm/linux-x86_64/libLTO.so.13
7e2243e69000-7e2243e6b000 r--p 0000f000 08:30 204245                     /home/crz/.javacpp/cache/llvm-13.0.1-1.5.7-linux-x86_64.jar/org/bytedeco/llvm/linux-x86_64/libLTO.so.13
7e2243e6b000-7e2243e6c000 r--p 00010000 08:30 204245                     /home/crz/.javacpp/cache/llvm-13.0.1-1.5.7-linux-x86_64.jar/org/bytedeco/llvm/linux-x86_64/libLTO.so.13
7e2243e6c000-7e2243e6d000 rw-p 00011000 08:30 204245                     /home/crz/.javacpp/cache/llvm-13.0.1-1.5.7-linux-x86_64.jar/org/bytedeco/llvm/linux-x86_64/libLTO.so.13
7e2243e6d000-7e2243e71000 r--p 00000000 08:30 204229                     /home/crz/.javacpp/cache/javacpp-1.5.7-linux-x86_64.jar/org/bytedeco/javacpp/linux-x86_64/libjnijavacpp.so
7e2243e71000-7e2243e78000 r-xp 00004000 08:30 204229                     /home/crz/.javacpp/cache/javacpp-1.5.7-linux-x86_64.jar/org/bytedeco/javacpp/linux-x86_64/libjnijavacpp.so
7e2243e78000-7e2243e7c000 r--p 0000b000 08:30 204229                     /home/crz/.javacpp/cache/javacpp-1.5.7-linux-x86_64.jar/org/bytedeco/javacpp/linux-x86_64/libjnijavacpp.so
7e2243e7c000-7e2243e7d000 r--p 0000e000 08:30 204229                     /home/crz/.javacpp/cache/javacpp-1.5.7-linux-x86_64.jar/org/bytedeco/javacpp/linux-x86_64/libjnijavacpp.so
7e2243e7d000-7e2243e7e000 rw-p 0000f000 08:30 204229                     /home/crz/.javacpp/cache/javacpp-1.5.7-linux-x86_64.jar/org/bytedeco/javacpp/linux-x86_64/libjnijavacpp.so
7e2243e7e000-7e2243eff000 rw-p 00000000 00:00 0 
7e2243eff000-7e2243f00000 ---p 00000000 00:00 0 
7e2243f00000-7e2244000000 rw-p 00000000 00:00 0 
7e2244000000-7e224449e000 rw-p 00000000 00:00 0 
7e224449e000-7e2248000000 ---p 00000000 00:00 0 
7e2248002000-7e2248003000 r--p 00000000 08:30 94026                      /usr/lib/x86_64-linux-gnu/libdl.so.2
7e2248003000-7e2248004000 r-xp 00001000 08:30 94026                      /usr/lib/x86_64-linux-gnu/libdl.so.2
7e2248004000-7e2248005000 r--p 00002000 08:30 94026                      /usr/lib/x86_64-linux-gnu/libdl.so.2
7e2248005000-7e2248006000 r--p 00002000 08:30 94026                      /usr/lib/x86_64-linux-gnu/libdl.so.2
7e2248006000-7e2248007000 rw-p 00003000 08:30 94026                      /usr/lib/x86_64-linux-gnu/libdl.so.2
7e2248007000-7e2248008000 r--p 00000000 08:30 94037                      /usr/lib/x86_64-linux-gnu/libpthread.so.0
7e2248008000-7e2248009000 r-xp 00001000 08:30 94037                      /usr/lib/x86_64-linux-gnu/libpthread.so.0
7e2248009000-7e224800a000 r--p 00002000 08:30 94037                      /usr/lib/x86_64-linux-gnu/libpthread.so.0
7e224800a000-7e224800b000 r--p 00002000 08:30 94037                      /usr/lib/x86_64-linux-gnu/libpthread.so.0
7e224800b000-7e224800c000 rw-p 00003000 08:30 94037                      /usr/lib/x86_64-linux-gnu/libpthread.so.0
7e224800c000-7e224803d000 rw-p 00000000 00:00 0 
7e224803d000-7e2248041000 r--p 00000000 08:30 134814                     /usr/lib/jvm/java-11-openjdk-amd64/lib/libnet.so
7e2248041000-7e224804f000 r-xp 00004000 08:30 134814                     /usr/lib/jvm/java-11-openjdk-amd64/lib/libnet.so
7e224804f000-7e2248053000 r--p 00012000 08:30 134814                     /usr/lib/jvm/java-11-openjdk-amd64/lib/libnet.so
7e2248053000-7e2248054000 r--p 00015000 08:30 134814                     /usr/lib/jvm/java-11-openjdk-amd64/lib/libnet.so
7e2248054000-7e2248055000 rw-p 00016000 08:30 134814                     /usr/lib/jvm/java-11-openjdk-amd64/lib/libnet.so
7e2248055000-7e2248056000 ---p 00000000 00:00 0 
7e2248056000-7e22483c9000 rw-p 00000000 00:00 0 
7e22483c9000-7e2248906000 ---p 00000000 00:00 0 
7e2248906000-7e2248907000 rw-p 00000000 00:00 0 
7e2248907000-7e2248b07000 ---p 00000000 00:00 0 
7e2248b07000-7e2249a16000 rw-p 00000000 00:00 0 
7e2249a16000-7e2249a17000 ---p 00000000 00:00 0 
7e2249a17000-7e2249b1c000 rw-p 00000000 00:00 0 
7e2249b1c000-7e2249c00000 ---p 00000000 00:00 0 
7e2249c00000-7e2249c9a000 r--p 00000000 08:30 6947                       /usr/lib/x86_64-linux-gnu/libstdc++.so.6.0.30
7e2249c9a000-7e2249dab000 r-xp 0009a000 08:30 6947                       /usr/lib/x86_64-linux-gnu/libstdc++.so.6.0.30
7e2249dab000-7e2249e1a000 r--p 001ab000 08:30 6947                       /usr/lib/x86_64-linux-gnu/libstdc++.so.6.0.30
7e2249e1a000-7e2249e1b000 ---p 0021a000 08:30 6947                       /usr/lib/x86_64-linux-gnu/libstdc++.so.6.0.30
7e2249e1b000-7e2249e26000 r--p 0021a000 08:30 6947                       /usr/lib/x86_64-linux-gnu/libstdc++.so.6.0.30
7e2249e26000-7e2249e29000 rw-p 00225000 08:30 6947                       /usr/lib/x86_64-linux-gnu/libstdc++.so.6.0.30
7e2249e29000-7e2249e2c000 rw-p 00000000 00:00 0 
7e2249e2f000-7e2249e36000 r--p 00000000 08:30 134815                     /usr/lib/jvm/java-11-openjdk-amd64/lib/libnio.so
7e2249e36000-7e2249e3e000 r-xp 00007000 08:30 134815                     /usr/lib/jvm/java-11-openjdk-amd64/lib/libnio.so
7e2249e3e000-7e2249e41000 r--p 0000f000 08:30 134815                     /usr/lib/jvm/java-11-openjdk-amd64/lib/libnio.so
7e2249e41000-7e2249e42000 r--p 00011000 08:30 134815                     /usr/lib/jvm/java-11-openjdk-amd64/lib/libnio.so
7e2249e42000-7e2249e43000 rw-p 00012000 08:30 134815                     /usr/lib/jvm/java-11-openjdk-amd64/lib/libnio.so
7e2249e43000-7e2249f0d000 rw-p 00000000 00:00 0 
7e2249f0d000-7e2249ff1000 ---p 00000000 00:00 0 
7e2249ff1000-7e2249ff6000 rw-p 00000000 00:00 0 
7e2249ff6000-7e224a000000 ---p 00000000 00:00 0 
7e224a000000-7e224a283000 r--p 00000000 08:30 134827                     /usr/lib/jvm/java-11-openjdk-amd64/lib/server/libjvm.so
7e224a283000-7e224af2e000 r-xp 00283000 08:30 134827                     /usr/lib/jvm/java-11-openjdk-amd64/lib/server/libjvm.so
7e224af2e000-7e224b18a000 r--p 00f2e000 08:30 134827                     /usr/lib/jvm/java-11-openjdk-amd64/lib/server/libjvm.so
7e224b18a000-7e224b24e000 r--p 01189000 08:30 134827                     /usr/lib/jvm/java-11-openjdk-amd64/lib/server/libjvm.so
7e224b24e000-7e224b289000 rw-p 0124d000 08:30 134827                     /usr/lib/jvm/java-11-openjdk-amd64/lib/server/libjvm.so
7e224b289000-7e224b2e0000 rw-p 00000000 00:00 0 
7e224b2e4000-7e224b2e6000 r--p 00000000 08:30 134823                     /usr/lib/jvm/java-11-openjdk-amd64/lib/libzip.so
7e224b2e6000-7e224b2eb000 r-xp 00002000 08:30 134823                     /usr/lib/jvm/java-11-openjdk-amd64/lib/libzip.so
7e224b2eb000-7e224b2ed000 r--p 00007000 08:30 134823                     /usr/lib/jvm/java-11-openjdk-amd64/lib/libzip.so
7e224b2ed000-7e224b2ee000 r--p 00008000 08:30 134823                     /usr/lib/jvm/java-11-openjdk-amd64/lib/libzip.so
7e224b2ee000-7e224b2ef000 rw-p 00009000 08:30 134823                     /usr/lib/jvm/java-11-openjdk-amd64/lib/libzip.so
7e224b2ef000-7e224b2f7000 rw-s 00000000 08:30 295493                     /tmp/hsperfdata_crz/33572
7e224b2f7000-7e224b2f9000 r--p 00000000 08:30 134806                     /usr/lib/jvm/java-11-openjdk-amd64/lib/libjimage.so
7e224b2f9000-7e224b2fc000 r-xp 00002000 08:30 134806                     /usr/lib/jvm/java-11-openjdk-amd64/lib/libjimage.so
7e224b2fc000-7e224b2fd000 r--p 00005000 08:30 134806                     /usr/lib/jvm/java-11-openjdk-amd64/lib/libjimage.so
7e224b2fd000-7e224b2fe000 ---p 00006000 08:30 134806                     /usr/lib/jvm/java-11-openjdk-amd64/lib/libjimage.so
7e224b2fe000-7e224b2ff000 r--p 00006000 08:30 134806                     /usr/lib/jvm/java-11-openjdk-amd64/lib/libjimage.so
7e224b2ff000-7e224b300000 rw-p 00007000 08:30 134806                     /usr/lib/jvm/java-11-openjdk-amd64/lib/libjimage.so
7e224b300000-7e224b304000 ---p 00000000 00:00 0 
7e224b304000-7e224b400000 rw-p 00000000 00:00 0 
7e224b400000-7e224b428000 r--p 00000000 08:30 94024                      /usr/lib/x86_64-linux-gnu/libc.so.6
7e224b428000-7e224b5bd000 r-xp 00028000 08:30 94024                      /usr/lib/x86_64-linux-gnu/libc.so.6
7e224b5bd000-7e224b615000 r--p 001bd000 08:30 94024                      /usr/lib/x86_64-linux-gnu/libc.so.6
7e224b615000-7e224b616000 ---p 00215000 08:30 94024                      /usr/lib/x86_64-linux-gnu/libc.so.6
7e224b616000-7e224b61a000 r--p 00215000 08:30 94024                      /usr/lib/x86_64-linux-gnu/libc.so.6
7e224b61a000-7e224b61c000 rw-p 00219000 08:30 94024                      /usr/lib/x86_64-linux-gnu/libc.so.6
7e224b61c000-7e224b629000 rw-p 00000000 00:00 0 
7e224b62d000-7e224b63b000 r--p 00000000 08:30 134803                     /usr/lib/jvm/java-11-openjdk-amd64/lib/libjava.so
7e224b63b000-7e224b651000 r-xp 0000e000 08:30 134803                     /usr/lib/jvm/java-11-openjdk-amd64/lib/libjava.so
7e224b651000-7e224b658000 r--p 00024000 08:30 134803                     /usr/lib/jvm/java-11-openjdk-amd64/lib/libjava.so
7e224b658000-7e224b659000 r--p 0002a000 08:30 134803                     /usr/lib/jvm/java-11-openjdk-amd64/lib/libjava.so
7e224b659000-7e224b65a000 rw-p 0002b000 08:30 134803                     /usr/lib/jvm/java-11-openjdk-amd64/lib/libjava.so
7e224b65a000-7e224b65b000 rw-p 00000000 00:00 0 
7e224b65b000-7e224b65c000 r--p 00000000 08:30 94039                      /usr/lib/x86_64-linux-gnu/librt.so.1
7e224b65c000-7e224b65d000 r-xp 00001000 08:30 94039                      /usr/lib/x86_64-linux-gnu/librt.so.1
7e224b65d000-7e224b65e000 r--p 00002000 08:30 94039                      /usr/lib/x86_64-linux-gnu/librt.so.1
7e224b65e000-7e224b65f000 r--p 00002000 08:30 94039                      /usr/lib/x86_64-linux-gnu/librt.so.1
7e224b65f000-7e224b660000 rw-p 00003000 08:30 94039                      /usr/lib/x86_64-linux-gnu/librt.so.1
7e224b660000-7e224b663000 r--p 00000000 08:30 6709                       /usr/lib/x86_64-linux-gnu/libgcc_s.so.1
7e224b663000-7e224b67a000 r-xp 00003000 08:30 6709                       /usr/lib/x86_64-linux-gnu/libgcc_s.so.1
7e224b67a000-7e224b67e000 r--p 0001a000 08:30 6709                       /usr/lib/x86_64-linux-gnu/libgcc_s.so.1
7e224b67e000-7e224b67f000 r--p 0001d000 08:30 6709                       /usr/lib/x86_64-linux-gnu/libgcc_s.so.1
7e224b67f000-7e224b680000 rw-p 0001e000 08:30 6709                       /usr/lib/x86_64-linux-gnu/libgcc_s.so.1
7e224b680000-7e224b68e000 r--p 00000000 08:30 94027                      /usr/lib/x86_64-linux-gnu/libm.so.6
7e224b68e000-7e224b70a000 r-xp 0000e000 08:30 94027                      /usr/lib/x86_64-linux-gnu/libm.so.6
7e224b70a000-7e224b765000 r--p 0008a000 08:30 94027                      /usr/lib/x86_64-linux-gnu/libm.so.6
7e224b765000-7e224b766000 r--p 000e4000 08:30 94027                      /usr/lib/x86_64-linux-gnu/libm.so.6
7e224b766000-7e224b767000 rw-p 000e5000 08:30 94027                      /usr/lib/x86_64-linux-gnu/libm.so.6
7e224b767000-7e224b76a000 rw-p 00000000 00:00 0 
7e224b76a000-7e224b76d000 r--p 00000000 08:30 134788                     /usr/lib/jvm/java-11-openjdk-amd64/lib/jli/libjli.so
7e224b76d000-7e224b777000 r-xp 00003000 08:30 134788                     /usr/lib/jvm/java-11-openjdk-amd64/lib/jli/libjli.so
7e224b777000-7e224b77a000 r--p 0000d000 08:30 134788                     /usr/lib/jvm/java-11-openjdk-amd64/lib/jli/libjli.so
7e224b77a000-7e224b77b000 ---p 00010000 08:30 134788                     /usr/lib/jvm/java-11-openjdk-amd64/lib/jli/libjli.so
7e224b77b000-7e224b77c000 r--p 00010000 08:30 134788                     /usr/lib/jvm/java-11-openjdk-amd64/lib/jli/libjli.so
7e224b77c000-7e224b77d000 rw-p 00011000 08:30 134788                     /usr/lib/jvm/java-11-openjdk-amd64/lib/jli/libjli.so
7e224b77d000-7e224b77f000 r--p 00000000 08:30 6997                       /usr/lib/x86_64-linux-gnu/libz.so.1.2.11
7e224b77f000-7e224b790000 r-xp 00002000 08:30 6997                       /usr/lib/x86_64-linux-gnu/libz.so.1.2.11
7e224b790000-7e224b796000 r--p 00013000 08:30 6997                       /usr/lib/x86_64-linux-gnu/libz.so.1.2.11
7e224b796000-7e224b797000 ---p 00019000 08:30 6997                       /usr/lib/x86_64-linux-gnu/libz.so.1.2.11
7e224b797000-7e224b798000 r--p 00019000 08:30 6997                       /usr/lib/x86_64-linux-gnu/libz.so.1.2.11
7e224b798000-7e224b799000 rw-p 0001a000 08:30 6997                       /usr/lib/x86_64-linux-gnu/libz.so.1.2.11
7e224b799000-7e224b79a000 ---p 00000000 00:00 0 
7e224b79a000-7e224b79b000 r--p 00000000 00:00 0 
7e224b79b000-7e224b7a0000 r--p 00000000 08:30 134822                     /usr/lib/jvm/java-11-openjdk-amd64/lib/libverify.so
7e224b7a0000-7e224b7a7000 r-xp 00005000 08:30 134822                     /usr/lib/jvm/java-11-openjdk-amd64/lib/libverify.so
7e224b7a7000-7e224b7a9000 r--p 0000c000 08:30 134822                     /usr/lib/jvm/java-11-openjdk-amd64/lib/libverify.so
7e224b7a9000-7e224b7ab000 r--p 0000d000 08:30 134822                     /usr/lib/jvm/java-11-openjdk-amd64/lib/libverify.so
7e224b7ab000-7e224b7ac000 rw-p 0000f000 08:30 134822                     /usr/lib/jvm/java-11-openjdk-amd64/lib/libverify.so
7e224b7ac000-7e224b7ae000 rw-p 00000000 00:00 0 
7e224b7ae000-7e224b7b0000 r--p 00000000 08:30 94020                      /usr/lib/x86_64-linux-gnu/ld-linux-x86-64.so.2
7e224b7b0000-7e224b7da000 r-xp 00002000 08:30 94020                      /usr/lib/x86_64-linux-gnu/ld-linux-x86-64.so.2
7e224b7da000-7e224b7e5000 r--p 0002c000 08:30 94020                      /usr/lib/x86_64-linux-gnu/ld-linux-x86-64.so.2
7e224b7e6000-7e224b7e8000 r--p 00037000 08:30 94020                      /usr/lib/x86_64-linux-gnu/ld-linux-x86-64.so.2
7e224b7e8000-7e224b7ea000 rw-p 00039000 08:30 94020                      /usr/lib/x86_64-linux-gnu/ld-linux-x86-64.so.2
7ffc0b8e8000-7ffc0b90a000 rw-p 00000000 00:00 0                          [stack]
7ffc0b9a9000-7ffc0b9ad000 r--p 00000000 00:00 0                          [vvar]
7ffc0b9ad000-7ffc0b9af000 r-xp 00000000 00:00 0                          [vdso]


VM Arguments:
java_command: com.example.Main tests/develop_test/gloabl_array_test.sysy tests/develop_test/gloabl_array_test.ll
java_class_path (initial): ./classes:/usr/local/lib/antlr-4.9.1-complete.jar:/usr/local/lib/llvm-13.0.1-1.5.7.jar:/usr/local/lib/llvm-13.0.1-1.5.7-linux-x86_64.jar:/usr/local/lib/llvm-platform-13.0.1-1.5.7.jar:/usr/local/lib/javacpp-1.5.7-linux-x86_64.jar:/usr/local/lib/javacpp-1.5.7.jar
Launcher Type: SUN_STANDARD

[Global flags]
     intx CICompilerCount                          = 12                                        {product} {ergonomic}
     uint ConcGCThreads                            = 4                                         {product} {ergonomic}
     uint G1ConcRefinementThreads                  = 15                                        {product} {ergonomic}
   size_t G1HeapRegionSize                         = 1048576                                   {product} {ergonomic}
    uintx GCDrainStackTargetSize                   = 64                                        {product} {ergonomic}
   size_t InitialHeapSize                          = 260046848                                 {product} {ergonomic}
   size_t MarkStackSize                            = 4194304                                   {product} {ergonomic}
   size_t MaxHeapSize                              = 4148166656                                {product} {ergonomic}
   size_t MaxNewSize                               = 2488270848                                {product} {ergonomic}
   size_t MinHeapDeltaBytes                        = 1048576                                   {product} {ergonomic}
    uintx NonNMethodCodeHeapSize                   = 7594288                                {pd product} {ergonomic}
    uintx NonProfiledCodeHeapSize                  = 122031976                              {pd product} {ergonomic}
    uintx ProfiledCodeHeapSize                     = 122031976                              {pd product} {ergonomic}
    uintx ReservedCodeCacheSize                    = 251658240                              {pd product} {ergonomic}
     bool SegmentedCodeCache                       = true                                      {product} {ergonomic}
     bool UseCompressedClassPointers               = true                                 {lp64_product} {ergonomic}
     bool UseCompressedOops                        = true                                 {lp64_product} {ergonomic}
     bool UseG1GC                                  = true                                      {product} {ergonomic}

Logging:
Log output configuration:
 #0: stdout all=warning uptime,level,tags
 #1: stderr all=off uptime,level,tags

Environment Variables:
CLASSPATH=/usr/local/lib/antlr-4.9.1-complete.jar:/usr/local/lib/llvm-13.0.1-1.5.7.jar:/usr/local/lib/llvm-13.0.1-1.5.7-linux-x86_64.jar:/usr/local/lib/llvm-platform-13.0.1-1.5.7.jar:/usr/local/lib/javacpp-1.5.7-linux-x86_64.jar:/usr/local/lib/javacpp-1.5.7.jar
PATH=/home/crz/.local/bin:/home/crz/.cargo/bin:/home/crz/.local/bin:~/my_script:/usr/local/sbin:/usr/local/bin:/usr/sbin:/usr/bin:/sbin:/bin:/usr/games:/usr/local/games:/usr/lib/wsl/lib:/mnt/c/Program Files/Java/jdk-21/bin:/mnt/c/Program Files/Common Files/Oracle/Java/javapath:/mnt/e/vmware/bin/:/mnt/c/Program Files (x86)/Common Files/Oracle/Java/java8path:/mnt/c/Program Files (x86)/Common Files/Oracle/Java/javapath:/mnt/c/Windows/system32:/mnt/c/Windows:/mnt/c/Windows/System32/Wbem:/mnt/c/Windows/System32/WindowsPowerShell/v1.0/:/mnt/c/Windows/System32/OpenSSH/:/mnt/c/Users/crz/Downloads/winlibs-x86_64-posix-seh-gcc-12.3.0-llvm-16.0.4-mingw-w64ucrt-11.0.0-r1.zip/mingw64/bin:/mnt/d/mingw64/bin:/mnt/d/Git/cmd:/mnt/c/Program Files/dotnet/:/mnt/e/SDL-CPLproj/SDL2/mingw(CLion+VSC)/SDL2-2.26.0-allinone/x86_64-w64-mingw32/bin:/mnt/c/Program Files/Cloudflare/Cloudflare WARP/:/mnt/c/Users/crz/AppData/Local/Programs/Python/Python311/Lib/site-packages/pyecharts:/mnt/c/Program Files/MATLAB/R2023a/runtime/win64:/mnt/c/Program Files/MATLAB/R2023a/bin:/mnt/c/Program Files/gs/gs10.03.1/bin:/mnt/e/:/mnt/e/bitvise-ssh:/mnt/d/:/mnt/c/ProgramData/chocolatey/bin:/mnt/c/Program Files/MySQL/MySQL Server 8.0/bin:/mnt/c/Program Files/MySQL/MySQL Shell 8.0/bin/:/mnt/e/anaconda3:/mnt/e/anaconda3/Library/mingw-w64/bin:/mnt/e/anaconda3/Library/usr/bin:/mnt/e/anaconda3/Library/bin:/mnt/e/anaconda3/Scripts:/mnt/c/Users/crz/AppData/Local/Microsoft/WindowsApps:/mnt/c/Users/crz/Downloads/winlibs-x86_64-posix-seh-gcc-12.3.0-llvm-16.0.4-mingw-w64ucrt-11.0.0-r1.zip/mingw64/bin:/mnt/d/mingw64/bin:/mnt/e/Microsoft VS Code/bin:/mnt/e/CLion 2022.3/bin:/mnt/c/Users/crz/AppData/Local/JetBrains/Toolbox/scripts:/mnt/d/PyCharm 2023.3.4/bin:/mnt/d/IntelliJ IDEA 2023.3.4/bin:/mnt/c/Users/crz/anaconda3/Lib/site-packages:/mnt/d/texlive/2024/bin/windows:/mnt/c/Users/crz/AppData/Roaming/npm:/mnt/d/:/mnt/d/WebStorm 2024.3.2.1/bin:/snap/bin:/mnt/c/Users/crz/AppData/Local/Programs/Microsoft VS Code/bin:/mnt/e/Microsoft\ V
SHELL=/bin/bash
DISPLAY=:0.0
HOSTTYPE=x86_64
LANG=en_US.UTF-8
LC_ALL=en_US.UTF-8
TERM=xterm-256color

Signal Handlers:
SIGSEGV: [libjvm.so+0xebbd40], sa_mask[0]=11111111011111111101111111111110, sa_flags=SA_RESTART|SA_SIGINFO
SIGBUS: [libjvm.so+0xebbd40], sa_mask[0]=11111111011111111101111111111110, sa_flags=SA_RESTART|SA_SIGINFO
SIGFPE: [libjvm.so+0xebbd40], sa_mask[0]=11111111011111111101111111111110, sa_flags=SA_RESTART|SA_SIGINFO
SIGPIPE: [libjvm.so+0xbfe040], sa_mask[0]=11111111011111111101111111111110, sa_flags=SA_RESTART|SA_SIGINFO
SIGXFSZ: [libjvm.so+0xbfe040], sa_mask[0]=11111111011111111101111111111110, sa_flags=SA_RESTART|SA_SIGINFO
SIGILL: [libjvm.so+0xebbd40], sa_mask[0]=11111111011111111101111111111110, sa_flags=SA_RESTART|SA_SIGINFO
SIGUSR2: [libjvm.so+0xbfdee0], sa_mask[0]=00000000000000000000000000000000, sa_flags=SA_RESTART|SA_SIGINFO
SIGHUP: [libjvm.so+0xbfe6a0], sa_mask[0]=11111111011111111101111111111110, sa_flags=SA_RESTART|SA_SIGINFO
SIGINT: [libjvm.so+0xbfe6a0], sa_mask[0]=11111111011111111101111111111110, sa_flags=SA_RESTART|SA_SIGINFO
SIGTERM: [libjvm.so+0xbfe6a0], sa_mask[0]=11111111011111111101111111111110, sa_flags=SA_RESTART|SA_SIGINFO
SIGQUIT: [libjvm.so+0xbfe6a0], sa_mask[0]=11111111011111111101111111111110, sa_flags=SA_RESTART|SA_SIGINFO


---------------  S Y S T E M  ---------------

OS:DISTRIB_ID=Ubuntu
DISTRIB_RELEASE=22.04
DISTRIB_CODENAME=jammy
DISTRIB_DESCRIPTION="Ubuntu 22.04.5 LTS"
uname:Linux 6.6.87.2-microsoft-standard-WSL2 #1 SMP PREEMPT_DYNAMIC Thu Jun  5 18:30:46 UTC 2025 x86_64
OS uptime: 0 days 8:13 hours
libc:glibc 2.35 NPTL 2.35 
rlimit (soft/hard): STACK 8192k/infinity , CORE 0k/infinity , NPROC 63245/63245 , NOFILE 1048576/1048576 , AS infinity/infinity , CPU infinity/infinity , DATA infinity/infinity , FSIZE infinity/infinity , MEMLOCK 65536k/65536k
load average:3.67 1.76 1.11

/proc/meminfo:
MemTotal:       16200880 kB
MemFree:        10273376 kB
MemAvailable:   11744392 kB
Buffers:           24696 kB
Cached:          1593344 kB
SwapCached:            0 kB
Active:           581012 kB
Inactive:        4781548 kB
Active(anon):       2800 kB
Inactive(anon):  3784356 kB
Active(file):     578212 kB
Inactive(file):   997192 kB
Unevictable:           0 kB
Mlocked:               0 kB
SwapTotal:       4194304 kB
SwapFree:        4194304 kB
Dirty:               160 kB
Writeback:            56 kB
AnonPages:       3744664 kB
Mapped:          1108552 kB
Shmem:             42620 kB
KReclaimable:     143420 kB
Slab:             265508 kB
SReclaimable:     143420 kB
SUnreclaim:       122088 kB
KernelStack:       13456 kB
PageTables:        23536 kB
SecPageTables:         0 kB
NFS_Unstable:          0 kB
Bounce:                0 kB
WritebackTmp:          0 kB
CommitLimit:    12294744 kB
Committed_AS:    7342816 kB
VmallocTotal:   34359738367 kB
VmallocUsed:       42692 kB
VmallocChunk:          0 kB
Percpu:            14688 kB
HardwareCorrupted:     0 kB
AnonHugePages:         0 kB
ShmemHugePages:        0 kB
ShmemPmdMapped:        0 kB
FileHugePages:         0 kB
FilePmdMapped:         0 kB
Unaccepted:            0 kB
HugePages_Total:       0
HugePages_Free:        0
HugePages_Rsvd:        0
HugePages_Surp:        0
Hugepagesize:       2048 kB
Hugetlb:               0 kB
DirectMap4k:      130048 kB
DirectMap2M:     8081408 kB
DirectMap1G:    16777216 kB

/sys/kernel/mm/transparent_hugepage/enabled:
always [madvise] never
/sys/kernel/mm/transparent_hugepage/defrag (defrag/compaction efforts parameter):
always defer defer+madvise [madvise] never

Process Memory:
Virtual Size: 7218080K (peak: 15576112K)
Resident Set Size: 121280K (peak: 121280K) (anon: 62880K, file: 58400K, shmem: 0K)
Swapped out: 0K
C-Heap outstanding allocations: 64125K, retained: 2962K
glibc malloc tunables: (default)

/proc/sys/kernel/threads-max (system-wide limit on the number of threads):
126491
/proc/sys/vm/max_map_count (maximum number of memory map areas a process may have):
65530
/proc/sys/kernel/pid_max (system-wide limit on number of process identifiers):
4194304

container (cgroup) information:
container_type: cgroupv2
cpu_cpuset_cpus: not supported
cpu_memory_nodes: not supported
active_processor_count: 20
cpu_quota: not supported
cpu_period: not supported
cpu_shares: not supported
memory_limit_in_bytes: not supported
memory_and_swap_limit_in_bytes: not supported
memory_soft_limit_in_bytes: not supported
memory_usage_in_bytes: not supported
memory_max_usage_in_bytes: not supported
memory_swap_current_in_bytes: not supported
memory_swap_max_limit_in_bytes: not supported
maximum number of tasks: not supported
current number of tasks: not supported

Hyper-V virtualization detected
Steal ticks since vm start: 0
Steal ticks percentage since vm start:  0.000

CPU:total 20 (initial active 20) (16 cores per cpu, 2 threads per core) family 6 model 186 stepping 2 microcode 0xffffffff, cmov, cx8, fxsr, mmx, sse, sse2, sse3, ssse3, sse4.1, sse4.2, popcnt, avx, avx2, aes, clmul, erms, 3dnowpref, lzcnt, ht, tsc, tscinvbit, bmi1, bmi2, adx, sha, fma
CPU Model and flags from /proc/cpuinfo:
model name	: 13th Gen Intel(R) Core(TM) i9-13900H
flags		: fpu vme de pse tsc msr pae mce cx8 apic sep mtrr pge mca cmov pat pse36 clflush mmx fxsr sse sse2 ss ht syscall nx pdpe1gb rdtscp lm constant_tsc rep_good nopl xtopology tsc_reliable nonstop_tsc cpuid tsc_known_freq pni pclmulqdq vmx ssse3 fma cx16 pcid sse4_1 sse4_2 x2apic movbe popcnt tsc_deadline_timer aes xsave avx f16c rdrand hypervisor lahf_lm abm 3dnowprefetch ssbd ibrs ibpb stibp ibrs_enhanced tpr_shadow ept vpid ept_ad fsgsbase tsc_adjust bmi1 avx2 smep bmi2 erms invpcid rdseed adx smap clflushopt clwb sha_ni xsaveopt xsavec xgetbv1 xsaves avx_vnni vnmi umip waitpkg gfni vaes vpclmulqdq rdpid movdiri movdir64b fsrm md_clear serialize flush_l1d arch_capabilities
Online cpus:
0-19
Offline cpus:

BIOS frequency limitation:
<Not Available>
Frequency switch latency (ns):
<Not Available>
Available cpu frequencies:
<Not Available>
Current governor:
<Not Available>
Core performance/turbo boost:
<Not Available>

Memory: 4k page, physical 16200880k(10273376k free), swap 4194304k(4194304k free)

vm_info: OpenJDK 64-Bit Server VM (11.0.27+6-post-Ubuntu-0ubuntu122.04) for linux-amd64 JRE (11.0.27+6-post-Ubuntu-0ubuntu122.04), built on Apr 21 2025 05:59:45 by "unknown" with gcc 11.4.0

END.
