#
# A fatal error has been detected by the Java Runtime Environment:
#
#  SIGSEGV (0xb) at pc=0x00007bc7fa162288, pid=17702, tid=17703
#
# JRE version: OpenJDK Runtime Environment (11.0.27+6) (build 11.0.27+6-post-Ubuntu-0ubuntu122.04)
# Java VM: OpenJDK 64-Bit Server VM (11.0.27+6-post-Ubuntu-0ubuntu122.04, mixed mode, sharing, tiered, compressed oops, g1 gc, linux-amd64)
# Problematic frame:
# C  [libLLVM-13.so+0xd62288]  llvm::Value::setNameImpl(llvm::Twine const&)+0x18
#
# Core dump will be written. Default location: Core dumps may be processed with "/wsl-capture-crash %t %E %p %s" (or dumping to /home/crz/compilers/Lab/core.17702)
#
# If you would like to submit a bug report, please visit:
#   https://bugs.launchpad.net/ubuntu/+source/openjdk-lts
# The crash happened outside the Java Virtual Machine in native code.
# See problematic frame for where to report the bug.
#

---------------  S U M M A R Y ------------

Command Line: Main tests/develop_test/1.sysy

Host: 13th Gen Intel(R) Core(TM) i9-13900H, 20 cores, 15G, Ubuntu 22.04.5 LTS
Time: Thu Jul  3 15:50:34 2025 CST elapsed time: 0.151889 seconds (0d 0h 0m 0s)

---------------  T H R E A D  ---------------

Current thread (0x00007bc878015000):  JavaThread "main" [_thread_in_native, id=17703, stack(0x00007bc87e700000,0x00007bc87e800000)]

Stack: [0x00007bc87e700000,0x00007bc87e800000],  sp=0x00007bc87e7fe220,  free space=1016k
Native frames: (J=compiled Java code, A=aot compiled Java code, j=interpreted, Vv=VM code, C=native code)
C  [libLLVM-13.so+0xd62288]  llvm::Value::setNameImpl(llvm::Twine const&)+0x18

Java frames: (J=compiled Java code, j=interpreted, Vv=VM code)
j  org.bytedeco.llvm.global.LLVM.LLVMSetValueName(Lorg/bytedeco/llvm/LLVM/LLVMValueRef;Ljava/lang/String;)V+0
j  IRGenerationVisitor.visitFuncDef(LSysYParser$FuncDefContext;)Lorg/bytedeco/llvm/LLVM/LLVMValueRef;+287
j  IRGenerationVisitor.visitCompUnit(LSysYParser$CompUnitContext;)Lorg/bytedeco/llvm/LLVM/LLVMValueRef;+60
j  IRGenerationVisitor.visitCompUnit(LSysYParser$CompUnitContext;)Ljava/lang/Object;+2
j  SysYParser$CompUnitContext.accept(Lorg/antlr/v4/runtime/tree/ParseTreeVisitor;)Ljava/lang/Object;+12
j  IRGenerationVisitor.visit(Lorg/antlr/v4/runtime/tree/ParseTree;)Lorg/bytedeco/llvm/LLVM/LLVMValueRef;+8
j  IRGenerationVisitor.visitProgram(LSysYParser$ProgramContext;)Lorg/bytedeco/llvm/LLVM/LLVMValueRef;+5
j  IRGenerationVisitor.visitProgram(LSysYParser$ProgramContext;)Ljava/lang/Object;+2
j  SysYParser$ProgramContext.accept(Lorg/antlr/v4/runtime/tree/ParseTreeVisitor;)Ljava/lang/Object;+12
j  IRGenerationVisitor.visit(Lorg/antlr/v4/runtime/tree/ParseTree;)Lorg/bytedeco/llvm/LLVM/LLVMValueRef;+8
j  Main.main([Ljava/lang/String;)V+202
v  ~StubRoutines::call_stub

siginfo: si_signo: 11 (SIGSEGV), si_code: 1 (SEGV_MAPERR), si_addr: 0x00000000000000e5

Register to memory mapping:

RAX=0x00000000000000e5 is an unknown value
RBX={method} {0x00007bc84bb0caf0} 'LLVMSetValueName' '(Lorg/bytedeco/llvm/LLVM/LLVMValueRef;Ljava/lang/String;)V' in 'org/bytedeco/llvm/global/LLVM'
RCX=0x0000000076677261 is an unknown value
RDX=0x0000000000000004 is an unknown value
RSP=0x00007bc87e7fe220 is pointing into the stack for thread: 0x00007bc878015000
RBP=0x00007bc8784a5338 points into unknown readable memory: 0x00000000000000e5 | e5 00 00 00 00 00 00 00
RSI=0x00007bc87e7fe390 is pointing into the stack for thread: 0x00007bc878015000
RDI=0x00007bc8784a5338 points into unknown readable memory: 0x00000000000000e5 | e5 00 00 00 00 00 00 00
R8 =0x0000000717985b18 points into unknown readable memory: 0x0000000076677261 | 61 72 67 76 00 00 00 00
R9 =0x00007bc87e7fe240 is pointing into the stack for thread: 0x00007bc878015000
R10=0x00000000000003d8 is an unknown value
R11=0x0 is NULL
R12=0x00007bc87e7fe390 is pointing into the stack for thread: 0x00007bc878015000
R13=0x00007bc87e7fe468 is pointing into the stack for thread: 0x00007bc878015000
R14=0x00007bc87e7fe470 is pointing into the stack for thread: 0x00007bc878015000
R15=0x00007bc878015000 is a thread


Registers:
RAX=0x00000000000000e5, RBX=0x00007bc84bb0caf0, RCX=0x0000000076677261, RDX=0x0000000000000004
RSP=0x00007bc87e7fe220, RBP=0x00007bc8784a5338, RSI=0x00007bc87e7fe390, RDI=0x00007bc8784a5338
R8 =0x0000000717985b18, R9 =0x00007bc87e7fe240, R10=0x00000000000003d8, R11=0x0000000000000000
R12=0x00007bc87e7fe390, R13=0x00007bc87e7fe468, R14=0x00007bc87e7fe470, R15=0x00007bc878015000
RIP=0x00007bc7fa162288, EFLAGS=0x0000000000010202, CSGSFS=0x002b000000000033, ERR=0x0000000000000004
  TRAPNO=0x000000000000000e

Top of Stack: (sp=0x00007bc87e7fe220)
0x00007bc87e7fe220:   00007bc878015000 0000000000000000
0x00007bc87e7fe230:   00007bc87e64dfc0 00007bc87e7fe300
0x00007bc87e7fe240:   00007bc87e598b18 00007bc8780175f8
0x00007bc87e7fe250:   0000000078015000 00007bc80000000d 

Instructions: (pc=0x00007bc7fa162288)
0x00007bc7fa162188:   8b 00 8b 90 98 01 00 00 85 d2 74 3e 8d 72 ff 89
0x00007bc7fa162198:   d9 89 da 4c 8b 80 88 01 00 00 c1 ea 09 c1 e9 04
0x00007bc7fa1621a8:   31 d1 21 f1 89 ca 48 c1 e2 04 4c 01 c2 48 8b 3a
0x00007bc7fa1621b8:   48 39 fb 75 4b 48 c7 02 00 e0 ff ff 83 a8 90 01
0x00007bc7fa1621c8:   00 00 01 83 80 94 01 00 00 01 80 63 17 ef 48 83
0x00007bc7fa1621d8:   c4 10 5b c3 0f 1f 40 00 48 c1 e0 04 41 b8 01 00
0x00007bc7fa1621e8:   00 00 4c 89 c9 48 8d 34 07 48 89 e7 48 89 f2 e8
0x00007bc7fa1621f8:   b4 fd ff ff 48 8b 04 24 e9 5c ff ff ff 0f 1f 00
0x00007bc7fa162208:   ba 01 00 00 00 48 81 ff 00 f0 ff ff 74 bc 01 d1
0x00007bc7fa162218:   44 8d 4a 01 21 f1 89 ca 48 c1 e2 04 4c 01 c2 48
0x00007bc7fa162228:   8b 3a 48 39 fb 74 8e 44 89 ca eb d9 0f 1f 40 00
0x00007bc7fa162238:   be 01 00 00 00 48 81 fa 00 f0 ff ff 74 9a 01 f1
0x00007bc7fa162248:   44 8d 56 01 44 21 c1 89 ce 48 c1 e6 04 48 01 fe
0x00007bc7fa162258:   48 8b 16 48 39 d3 0f 84 db fe ff ff 44 89 d6 eb
0x00007bc7fa162268:   d4 0f 1f 80 00 00 00 00 41 56 41 55 41 54 49 89
0x00007bc7fa162278:   f4 55 48 89 fd 53 48 81 ec 30 01 00 00 48 8b 07
0x00007bc7fa162288:   48 8b 38 e8 c0 2f f7 ff 84 c0 74 0a 80 7d 10 03
0x00007bc7fa162298:   0f 87 81 00 00 00 41 0f b6 44 24 20 3c 01 0f 87
0x00007bc7fa1622a8:   84 00 00 00 0f b6 55 17 f6 c2 10 74 6a 66 0f 6f
0x00007bc7fa1622b8:   05 63 a8 58 03 48 8d 5c 24 28 41 80 7c 24 21 01
0x00007bc7fa1622c8:   48 89 5c 24 10 0f 11 44 24 18 75 7b 3c 01 0f 84
0x00007bc7fa1622d8:   8c 01 00 00 8d 50 fd 80 fa 02 77 6b 3c 04 0f 85
0x00007bc7fa1622e8:   64 01 00 00 49 8b 04 24 0f b6 55 17 4c 8b 20 4d
0x00007bc7fa1622f8:   8b 6c 24 e8 eb 6c 66 90 4d 85 ed 0f 85 97 01 00
0x00007bc7fa162308:   00 e8 d2 fd ff ff 66 90 48 8b 7c 24 10 48 39 df
0x00007bc7fa162318:   74 05 e8 c1 3f bc ff 48 81 c4 30 01 00 00 5b 5d
0x00007bc7fa162328:   41 5c 41 5d 41 5e c3 90 66 0f 6f 05 e8 a7 58 03
0x00007bc7fa162338:   48 8d 5c 24 28 41 80 7c 24 21 01 48 89 5c 24 10
0x00007bc7fa162348:   0f 11 44 24 18 74 8d 4c 89 e7 48 8d 74 24 10 e8
0x00007bc7fa162358:   b4 09 de ff 4c 8b 6c 24 18 4c 8b 64 24 10 0f b6
0x00007bc7fa162368:   55 17 31 c9 83 e2 10 48 8d 3d c9 a7 6c 03 0f 85
0x00007bc7fa162378:   bc 00 00 00 4c 39 e9 0f 84 8b 00 00 00 48 8d 74 


Stack slot to memory mapping:
stack at sp + 0 slots: 0x00007bc878015000 is a thread
stack at sp + 1 slots: 0x0 is NULL
stack at sp + 2 slots: 0x00007bc87e64dfc0: <offset 0x000000000124dfc0> in /usr/lib/jvm/java-11-openjdk-amd64/lib/server/libjvm.so at 0x00007bc87d400000
stack at sp + 3 slots: 0x00007bc87e7fe300 is pointing into the stack for thread: 0x00007bc878015000
stack at sp + 4 slots: 0x00007bc87e598b18: <offset 0x0000000001198b18> in /usr/lib/jvm/java-11-openjdk-amd64/lib/server/libjvm.so at 0x00007bc87d400000
stack at sp + 5 slots: 0x00007bc8780175f8 points into unknown readable memory: 0x0000000000000105 | 05 01 00 00 00 00 00 00
stack at sp + 6 slots: 0x0000000078015000 is an unknown value
stack at sp + 7 slots: 0x00007bc80000000d points into unknown readable memory: 00 00 00


---------------  P R O C E S S  ---------------

Threads class SMR info:
_java_thread_list=0x00007bc8200fa390, length=14, elements={
0x00007bc878015000, 0x00007bc8781ec000, 0x00007bc8781ee000, 0x00007bc8781f3800,
0x00007bc8781f5800, 0x00007bc8781f7800, 0x00007bc8781fa000, 0x00007bc8781fc000,
0x00007bc8200ad800, 0x00007bc87822f000, 0x00007bc8241dd800, 0x00007bc81c268000,
0x00007bc87840b000, 0x00007bc8200f8800
}

Java Threads: ( => current thread )
=>0x00007bc878015000 JavaThread "main" [_thread_in_native, id=17703, stack(0x00007bc87e700000,0x00007bc87e800000)]
  0x00007bc8781ec000 JavaThread "Reference Handler" daemon [_thread_blocked, id=17710, stack(0x00007bc84b37c000,0x00007bc84b47c000)]
  0x00007bc8781ee000 JavaThread "Finalizer" daemon [_thread_blocked, id=17711, stack(0x00007bc84b27c000,0x00007bc84b37c000)]
  0x00007bc8781f3800 JavaThread "Signal Dispatcher" daemon [_thread_blocked, id=17712, stack(0x00007bc84ab00000,0x00007bc84ac00000)]
  0x00007bc8781f5800 JavaThread "Service Thread" daemon [_thread_blocked, id=17713, stack(0x00007bc84aa00000,0x00007bc84ab00000)]
  0x00007bc8781f7800 JavaThread "C2 CompilerThread0" daemon [_thread_blocked, id=17714, stack(0x00007bc84a900000,0x00007bc84aa00000)]
  0x00007bc8781fa000 JavaThread "C1 CompilerThread0" daemon [_thread_blocked, id=17715, stack(0x00007bc84a800000,0x00007bc84a900000)]
  0x00007bc8781fc000 JavaThread "Sweeper thread" daemon [_thread_blocked, id=17716, stack(0x00007bc84a700000,0x00007bc84a800000)]
  0x00007bc8200ad800 JavaThread "C1 CompilerThread1" daemon [_thread_blocked, id=17717, stack(0x00007bc84a600000,0x00007bc84a700000)]
  0x00007bc87822f000 JavaThread "Common-Cleaner" daemon [_thread_blocked, id=17719, stack(0x00007bc84a3ff000,0x00007bc84a4ff000)]
  0x00007bc8241dd800 JavaThread "C1 CompilerThread2" daemon [_thread_blocked, id=17720, stack(0x00007bc84a2ff000,0x00007bc84a3ff000)]
  0x00007bc81c268000 JavaThread "C1 CompilerThread3" daemon [_thread_blocked, id=17721, stack(0x00007bc84a1ff000,0x00007bc84a2ff000)]
  0x00007bc87840b000 JavaThread "JavaCPP Deallocator" daemon [_thread_blocked, id=17722, stack(0x00007bc84a0ff000,0x00007bc84a1ff000)]
  0x00007bc8200f8800 JavaThread "C2 CompilerThread1" daemon [_thread_blocked, id=17723, stack(0x00007bc849fff000,0x00007bc84a0ff000)]

Other Threads:
  0x00007bc8781e9000 VMThread "VM Thread" [stack: 0x00007bc84b47d000,0x00007bc84b57d000] [id=17709]
  0x00007bc87822c800 WatcherThread [stack: 0x00007bc84a500000,0x00007bc84a600000] [id=17718]
  0x00007bc87802f800 GCTaskThread "GC Thread#0" [stack: 0x00007bc87ce17000,0x00007bc87cf17000] [id=17704]
  0x00007bc87808d800 ConcurrentGCThread "G1 Main Marker" [stack: 0x00007bc860309000,0x00007bc860409000] [id=17705]
  0x00007bc87808f800 ConcurrentGCThread "G1 Conc#0" [stack: 0x00007bc860208000,0x00007bc860308000] [id=17706]
  0x00007bc8781aa800 ConcurrentGCThread "G1 Refine#0" [stack: 0x00007bc84bf00000,0x00007bc84c000000] [id=17707]
  0x00007bc8781ac800 ConcurrentGCThread "G1 Young RemSet Sampling" [stack: 0x00007bc84bdff000,0x00007bc84beff000] [id=17708]

Threads with active compile tasks:

VM state:not at safepoint (normal execution)

VM Mutex/Monitor currently owned by a thread: None

Heap address: 0x0000000708c00000, size: 3956 MB, Compressed Oops mode: Zero based, Oop shift amount: 3
Narrow klass base: 0x0000000800000000, Narrow klass shift: 3
Compressed class space size: 1073741824 Address: 0x0000000840000000

Heap:
 garbage-first heap   total 256000K, used 9936K [0x0000000708c00000, 0x0000000800000000)
  region size 1024K, 11 young (11264K), 0 survivors (0K)
 Metaspace       used 3801K, capacity 6677K, committed 6912K, reserved 1056768K
  class space    used 403K, capacity 693K, committed 768K, reserved 1048576K
Heap Regions: E=young(eden), S=young(survivor), O=old, HS=humongous(starts), HC=humongous(continues), CS=collection set, F=free, A=archive, TAMS=top-at-mark-start (previous, next)
|   0|0x0000000708c00000, 0x0000000708c00000, 0x0000000708d00000|  0%| F|  |TAMS 0x0000000708c00000, 0x0000000708c00000| Untracked 
|   1|0x0000000708d00000, 0x0000000708d00000, 0x0000000708e00000|  0%| F|  |TAMS 0x0000000708d00000, 0x0000000708d00000| Untracked 
|   2|0x0000000708e00000, 0x0000000708e00000, 0x0000000708f00000|  0%| F|  |TAMS 0x0000000708e00000, 0x0000000708e00000| Untracked 
|   3|0x0000000708f00000, 0x0000000708f00000, 0x0000000709000000|  0%| F|  |TAMS 0x0000000708f00000, 0x0000000708f00000| Untracked 
|   4|0x0000000709000000, 0x0000000709000000, 0x0000000709100000|  0%| F|  |TAMS 0x0000000709000000, 0x0000000709000000| Untracked 
|   5|0x0000000709100000, 0x0000000709100000, 0x0000000709200000|  0%| F|  |TAMS 0x0000000709100000, 0x0000000709100000| Untracked 
|   6|0x0000000709200000, 0x0000000709200000, 0x0000000709300000|  0%| F|  |TAMS 0x0000000709200000, 0x0000000709200000| Untracked 
|   7|0x0000000709300000, 0x0000000709300000, 0x0000000709400000|  0%| F|  |TAMS 0x0000000709300000, 0x0000000709300000| Untracked 
|   8|0x0000000709400000, 0x0000000709400000, 0x0000000709500000|  0%| F|  |TAMS 0x0000000709400000, 0x0000000709400000| Untracked 
|   9|0x0000000709500000, 0x0000000709500000, 0x0000000709600000|  0%| F|  |TAMS 0x0000000709500000, 0x0000000709500000| Untracked 
|  10|0x0000000709600000, 0x0000000709600000, 0x0000000709700000|  0%| F|  |TAMS 0x0000000709600000, 0x0000000709600000| Untracked 
|  11|0x0000000709700000, 0x0000000709700000, 0x0000000709800000|  0%| F|  |TAMS 0x0000000709700000, 0x0000000709700000| Untracked 
|  12|0x0000000709800000, 0x0000000709800000, 0x0000000709900000|  0%| F|  |TAMS 0x0000000709800000, 0x0000000709800000| Untracked 
|  13|0x0000000709900000, 0x0000000709900000, 0x0000000709a00000|  0%| F|  |TAMS 0x0000000709900000, 0x0000000709900000| Untracked 
|  14|0x0000000709a00000, 0x0000000709a00000, 0x0000000709b00000|  0%| F|  |TAMS 0x0000000709a00000, 0x0000000709a00000| Untracked 
|  15|0x0000000709b00000, 0x0000000709b00000, 0x0000000709c00000|  0%| F|  |TAMS 0x0000000709b00000, 0x0000000709b00000| Untracked 
|  16|0x0000000709c00000, 0x0000000709c00000, 0x0000000709d00000|  0%| F|  |TAMS 0x0000000709c00000, 0x0000000709c00000| Untracked 
|  17|0x0000000709d00000, 0x0000000709d00000, 0x0000000709e00000|  0%| F|  |TAMS 0x0000000709d00000, 0x0000000709d00000| Untracked 
|  18|0x0000000709e00000, 0x0000000709e00000, 0x0000000709f00000|  0%| F|  |TAMS 0x0000000709e00000, 0x0000000709e00000| Untracked 
|  19|0x0000000709f00000, 0x0000000709f00000, 0x000000070a000000|  0%| F|  |TAMS 0x0000000709f00000, 0x0000000709f00000| Untracked 
|  20|0x000000070a000000, 0x000000070a000000, 0x000000070a100000|  0%| F|  |TAMS 0x000000070a000000, 0x000000070a000000| Untracked 
|  21|0x000000070a100000, 0x000000070a100000, 0x000000070a200000|  0%| F|  |TAMS 0x000000070a100000, 0x000000070a100000| Untracked 
|  22|0x000000070a200000, 0x000000070a200000, 0x000000070a300000|  0%| F|  |TAMS 0x000000070a200000, 0x000000070a200000| Untracked 
|  23|0x000000070a300000, 0x000000070a300000, 0x000000070a400000|  0%| F|  |TAMS 0x000000070a300000, 0x000000070a300000| Untracked 
|  24|0x000000070a400000, 0x000000070a400000, 0x000000070a500000|  0%| F|  |TAMS 0x000000070a400000, 0x000000070a400000| Untracked 
|  25|0x000000070a500000, 0x000000070a500000, 0x000000070a600000|  0%| F|  |TAMS 0x000000070a500000, 0x000000070a500000| Untracked 
|  26|0x000000070a600000, 0x000000070a600000, 0x000000070a700000|  0%| F|  |TAMS 0x000000070a600000, 0x000000070a600000| Untracked 
|  27|0x000000070a700000, 0x000000070a700000, 0x000000070a800000|  0%| F|  |TAMS 0x000000070a700000, 0x000000070a700000| Untracked 
|  28|0x000000070a800000, 0x000000070a800000, 0x000000070a900000|  0%| F|  |TAMS 0x000000070a800000, 0x000000070a800000| Untracked 
|  29|0x000000070a900000, 0x000000070a900000, 0x000000070aa00000|  0%| F|  |TAMS 0x000000070a900000, 0x000000070a900000| Untracked 
|  30|0x000000070aa00000, 0x000000070aa00000, 0x000000070ab00000|  0%| F|  |TAMS 0x000000070aa00000, 0x000000070aa00000| Untracked 
|  31|0x000000070ab00000, 0x000000070ab00000, 0x000000070ac00000|  0%| F|  |TAMS 0x000000070ab00000, 0x000000070ab00000| Untracked 
|  32|0x000000070ac00000, 0x000000070ac00000, 0x000000070ad00000|  0%| F|  |TAMS 0x000000070ac00000, 0x000000070ac00000| Untracked 
|  33|0x000000070ad00000, 0x000000070ad00000, 0x000000070ae00000|  0%| F|  |TAMS 0x000000070ad00000, 0x000000070ad00000| Untracked 
|  34|0x000000070ae00000, 0x000000070ae00000, 0x000000070af00000|  0%| F|  |TAMS 0x000000070ae00000, 0x000000070ae00000| Untracked 
|  35|0x000000070af00000, 0x000000070af00000, 0x000000070b000000|  0%| F|  |TAMS 0x000000070af00000, 0x000000070af00000| Untracked 
|  36|0x000000070b000000, 0x000000070b000000, 0x000000070b100000|  0%| F|  |TAMS 0x000000070b000000, 0x000000070b000000| Untracked 
|  37|0x000000070b100000, 0x000000070b100000, 0x000000070b200000|  0%| F|  |TAMS 0x000000070b100000, 0x000000070b100000| Untracked 
|  38|0x000000070b200000, 0x000000070b200000, 0x000000070b300000|  0%| F|  |TAMS 0x000000070b200000, 0x000000070b200000| Untracked 
|  39|0x000000070b300000, 0x000000070b300000, 0x000000070b400000|  0%| F|  |TAMS 0x000000070b300000, 0x000000070b300000| Untracked 
|  40|0x000000070b400000, 0x000000070b400000, 0x000000070b500000|  0%| F|  |TAMS 0x000000070b400000, 0x000000070b400000| Untracked 
|  41|0x000000070b500000, 0x000000070b500000, 0x000000070b600000|  0%| F|  |TAMS 0x000000070b500000, 0x000000070b500000| Untracked 
|  42|0x000000070b600000, 0x000000070b600000, 0x000000070b700000|  0%| F|  |TAMS 0x000000070b600000, 0x000000070b600000| Untracked 
|  43|0x000000070b700000, 0x000000070b700000, 0x000000070b800000|  0%| F|  |TAMS 0x000000070b700000, 0x000000070b700000| Untracked 
|  44|0x000000070b800000, 0x000000070b800000, 0x000000070b900000|  0%| F|  |TAMS 0x000000070b800000, 0x000000070b800000| Untracked 
|  45|0x000000070b900000, 0x000000070b900000, 0x000000070ba00000|  0%| F|  |TAMS 0x000000070b900000, 0x000000070b900000| Untracked 
|  46|0x000000070ba00000, 0x000000070ba00000, 0x000000070bb00000|  0%| F|  |TAMS 0x000000070ba00000, 0x000000070ba00000| Untracked 
|  47|0x000000070bb00000, 0x000000070bb00000, 0x000000070bc00000|  0%| F|  |TAMS 0x000000070bb00000, 0x000000070bb00000| Untracked 
|  48|0x000000070bc00000, 0x000000070bc00000, 0x000000070bd00000|  0%| F|  |TAMS 0x000000070bc00000, 0x000000070bc00000| Untracked 
|  49|0x000000070bd00000, 0x000000070bd00000, 0x000000070be00000|  0%| F|  |TAMS 0x000000070bd00000, 0x000000070bd00000| Untracked 
|  50|0x000000070be00000, 0x000000070be00000, 0x000000070bf00000|  0%| F|  |TAMS 0x000000070be00000, 0x000000070be00000| Untracked 
|  51|0x000000070bf00000, 0x000000070bf00000, 0x000000070c000000|  0%| F|  |TAMS 0x000000070bf00000, 0x000000070bf00000| Untracked 
|  52|0x000000070c000000, 0x000000070c000000, 0x000000070c100000|  0%| F|  |TAMS 0x000000070c000000, 0x000000070c000000| Untracked 
|  53|0x000000070c100000, 0x000000070c100000, 0x000000070c200000|  0%| F|  |TAMS 0x000000070c100000, 0x000000070c100000| Untracked 
|  54|0x000000070c200000, 0x000000070c200000, 0x000000070c300000|  0%| F|  |TAMS 0x000000070c200000, 0x000000070c200000| Untracked 
|  55|0x000000070c300000, 0x000000070c300000, 0x000000070c400000|  0%| F|  |TAMS 0x000000070c300000, 0x000000070c300000| Untracked 
|  56|0x000000070c400000, 0x000000070c400000, 0x000000070c500000|  0%| F|  |TAMS 0x000000070c400000, 0x000000070c400000| Untracked 
|  57|0x000000070c500000, 0x000000070c500000, 0x000000070c600000|  0%| F|  |TAMS 0x000000070c500000, 0x000000070c500000| Untracked 
|  58|0x000000070c600000, 0x000000070c600000, 0x000000070c700000|  0%| F|  |TAMS 0x000000070c600000, 0x000000070c600000| Untracked 
|  59|0x000000070c700000, 0x000000070c700000, 0x000000070c800000|  0%| F|  |TAMS 0x000000070c700000, 0x000000070c700000| Untracked 
|  60|0x000000070c800000, 0x000000070c800000, 0x000000070c900000|  0%| F|  |TAMS 0x000000070c800000, 0x000000070c800000| Untracked 
|  61|0x000000070c900000, 0x000000070c900000, 0x000000070ca00000|  0%| F|  |TAMS 0x000000070c900000, 0x000000070c900000| Untracked 
|  62|0x000000070ca00000, 0x000000070ca00000, 0x000000070cb00000|  0%| F|  |TAMS 0x000000070ca00000, 0x000000070ca00000| Untracked 
|  63|0x000000070cb00000, 0x000000070cb00000, 0x000000070cc00000|  0%| F|  |TAMS 0x000000070cb00000, 0x000000070cb00000| Untracked 
|  64|0x000000070cc00000, 0x000000070cc00000, 0x000000070cd00000|  0%| F|  |TAMS 0x000000070cc00000, 0x000000070cc00000| Untracked 
|  65|0x000000070cd00000, 0x000000070cd00000, 0x000000070ce00000|  0%| F|  |TAMS 0x000000070cd00000, 0x000000070cd00000| Untracked 
|  66|0x000000070ce00000, 0x000000070ce00000, 0x000000070cf00000|  0%| F|  |TAMS 0x000000070ce00000, 0x000000070ce00000| Untracked 
|  67|0x000000070cf00000, 0x000000070cf00000, 0x000000070d000000|  0%| F|  |TAMS 0x000000070cf00000, 0x000000070cf00000| Untracked 
|  68|0x000000070d000000, 0x000000070d000000, 0x000000070d100000|  0%| F|  |TAMS 0x000000070d000000, 0x000000070d000000| Untracked 
|  69|0x000000070d100000, 0x000000070d100000, 0x000000070d200000|  0%| F|  |TAMS 0x000000070d100000, 0x000000070d100000| Untracked 
|  70|0x000000070d200000, 0x000000070d200000, 0x000000070d300000|  0%| F|  |TAMS 0x000000070d200000, 0x000000070d200000| Untracked 
|  71|0x000000070d300000, 0x000000070d300000, 0x000000070d400000|  0%| F|  |TAMS 0x000000070d300000, 0x000000070d300000| Untracked 
|  72|0x000000070d400000, 0x000000070d400000, 0x000000070d500000|  0%| F|  |TAMS 0x000000070d400000, 0x000000070d400000| Untracked 
|  73|0x000000070d500000, 0x000000070d500000, 0x000000070d600000|  0%| F|  |TAMS 0x000000070d500000, 0x000000070d500000| Untracked 
|  74|0x000000070d600000, 0x000000070d600000, 0x000000070d700000|  0%| F|  |TAMS 0x000000070d600000, 0x000000070d600000| Untracked 
|  75|0x000000070d700000, 0x000000070d700000, 0x000000070d800000|  0%| F|  |TAMS 0x000000070d700000, 0x000000070d700000| Untracked 
|  76|0x000000070d800000, 0x000000070d800000, 0x000000070d900000|  0%| F|  |TAMS 0x000000070d800000, 0x000000070d800000| Untracked 
|  77|0x000000070d900000, 0x000000070d900000, 0x000000070da00000|  0%| F|  |TAMS 0x000000070d900000, 0x000000070d900000| Untracked 
|  78|0x000000070da00000, 0x000000070da00000, 0x000000070db00000|  0%| F|  |TAMS 0x000000070da00000, 0x000000070da00000| Untracked 
|  79|0x000000070db00000, 0x000000070db00000, 0x000000070dc00000|  0%| F|  |TAMS 0x000000070db00000, 0x000000070db00000| Untracked 
|  80|0x000000070dc00000, 0x000000070dc00000, 0x000000070dd00000|  0%| F|  |TAMS 0x000000070dc00000, 0x000000070dc00000| Untracked 
|  81|0x000000070dd00000, 0x000000070dd00000, 0x000000070de00000|  0%| F|  |TAMS 0x000000070dd00000, 0x000000070dd00000| Untracked 
|  82|0x000000070de00000, 0x000000070de00000, 0x000000070df00000|  0%| F|  |TAMS 0x000000070de00000, 0x000000070de00000| Untracked 
|  83|0x000000070df00000, 0x000000070df00000, 0x000000070e000000|  0%| F|  |TAMS 0x000000070df00000, 0x000000070df00000| Untracked 
|  84|0x000000070e000000, 0x000000070e000000, 0x000000070e100000|  0%| F|  |TAMS 0x000000070e000000, 0x000000070e000000| Untracked 
|  85|0x000000070e100000, 0x000000070e100000, 0x000000070e200000|  0%| F|  |TAMS 0x000000070e100000, 0x000000070e100000| Untracked 
|  86|0x000000070e200000, 0x000000070e200000, 0x000000070e300000|  0%| F|  |TAMS 0x000000070e200000, 0x000000070e200000| Untracked 
|  87|0x000000070e300000, 0x000000070e300000, 0x000000070e400000|  0%| F|  |TAMS 0x000000070e300000, 0x000000070e300000| Untracked 
|  88|0x000000070e400000, 0x000000070e400000, 0x000000070e500000|  0%| F|  |TAMS 0x000000070e400000, 0x000000070e400000| Untracked 
|  89|0x000000070e500000, 0x000000070e500000, 0x000000070e600000|  0%| F|  |TAMS 0x000000070e500000, 0x000000070e500000| Untracked 
|  90|0x000000070e600000, 0x000000070e600000, 0x000000070e700000|  0%| F|  |TAMS 0x000000070e600000, 0x000000070e600000| Untracked 
|  91|0x000000070e700000, 0x000000070e700000, 0x000000070e800000|  0%| F|  |TAMS 0x000000070e700000, 0x000000070e700000| Untracked 
|  92|0x000000070e800000, 0x000000070e800000, 0x000000070e900000|  0%| F|  |TAMS 0x000000070e800000, 0x000000070e800000| Untracked 
|  93|0x000000070e900000, 0x000000070e900000, 0x000000070ea00000|  0%| F|  |TAMS 0x000000070e900000, 0x000000070e900000| Untracked 
|  94|0x000000070ea00000, 0x000000070ea00000, 0x000000070eb00000|  0%| F|  |TAMS 0x000000070ea00000, 0x000000070ea00000| Untracked 
|  95|0x000000070eb00000, 0x000000070eb00000, 0x000000070ec00000|  0%| F|  |TAMS 0x000000070eb00000, 0x000000070eb00000| Untracked 
|  96|0x000000070ec00000, 0x000000070ec00000, 0x000000070ed00000|  0%| F|  |TAMS 0x000000070ec00000, 0x000000070ec00000| Untracked 
|  97|0x000000070ed00000, 0x000000070ed00000, 0x000000070ee00000|  0%| F|  |TAMS 0x000000070ed00000, 0x000000070ed00000| Untracked 
|  98|0x000000070ee00000, 0x000000070ee00000, 0x000000070ef00000|  0%| F|  |TAMS 0x000000070ee00000, 0x000000070ee00000| Untracked 
|  99|0x000000070ef00000, 0x000000070ef00000, 0x000000070f000000|  0%| F|  |TAMS 0x000000070ef00000, 0x000000070ef00000| Untracked 
| 100|0x000000070f000000, 0x000000070f000000, 0x000000070f100000|  0%| F|  |TAMS 0x000000070f000000, 0x000000070f000000| Untracked 
| 101|0x000000070f100000, 0x000000070f100000, 0x000000070f200000|  0%| F|  |TAMS 0x000000070f100000, 0x000000070f100000| Untracked 
| 102|0x000000070f200000, 0x000000070f200000, 0x000000070f300000|  0%| F|  |TAMS 0x000000070f200000, 0x000000070f200000| Untracked 
| 103|0x000000070f300000, 0x000000070f300000, 0x000000070f400000|  0%| F|  |TAMS 0x000000070f300000, 0x000000070f300000| Untracked 
| 104|0x000000070f400000, 0x000000070f400000, 0x000000070f500000|  0%| F|  |TAMS 0x000000070f400000, 0x000000070f400000| Untracked 
| 105|0x000000070f500000, 0x000000070f500000, 0x000000070f600000|  0%| F|  |TAMS 0x000000070f500000, 0x000000070f500000| Untracked 
| 106|0x000000070f600000, 0x000000070f600000, 0x000000070f700000|  0%| F|  |TAMS 0x000000070f600000, 0x000000070f600000| Untracked 
| 107|0x000000070f700000, 0x000000070f700000, 0x000000070f800000|  0%| F|  |TAMS 0x000000070f700000, 0x000000070f700000| Untracked 
| 108|0x000000070f800000, 0x000000070f800000, 0x000000070f900000|  0%| F|  |TAMS 0x000000070f800000, 0x000000070f800000| Untracked 
| 109|0x000000070f900000, 0x000000070f900000, 0x000000070fa00000|  0%| F|  |TAMS 0x000000070f900000, 0x000000070f900000| Untracked 
| 110|0x000000070fa00000, 0x000000070fa00000, 0x000000070fb00000|  0%| F|  |TAMS 0x000000070fa00000, 0x000000070fa00000| Untracked 
| 111|0x000000070fb00000, 0x000000070fb00000, 0x000000070fc00000|  0%| F|  |TAMS 0x000000070fb00000, 0x000000070fb00000| Untracked 
| 112|0x000000070fc00000, 0x000000070fc00000, 0x000000070fd00000|  0%| F|  |TAMS 0x000000070fc00000, 0x000000070fc00000| Untracked 
| 113|0x000000070fd00000, 0x000000070fd00000, 0x000000070fe00000|  0%| F|  |TAMS 0x000000070fd00000, 0x000000070fd00000| Untracked 
| 114|0x000000070fe00000, 0x000000070fe00000, 0x000000070ff00000|  0%| F|  |TAMS 0x000000070fe00000, 0x000000070fe00000| Untracked 
| 115|0x000000070ff00000, 0x000000070ff00000, 0x0000000710000000|  0%| F|  |TAMS 0x000000070ff00000, 0x000000070ff00000| Untracked 
| 116|0x0000000710000000, 0x0000000710000000, 0x0000000710100000|  0%| F|  |TAMS 0x0000000710000000, 0x0000000710000000| Untracked 
| 117|0x0000000710100000, 0x0000000710100000, 0x0000000710200000|  0%| F|  |TAMS 0x0000000710100000, 0x0000000710100000| Untracked 
| 118|0x0000000710200000, 0x0000000710200000, 0x0000000710300000|  0%| F|  |TAMS 0x0000000710200000, 0x0000000710200000| Untracked 
| 119|0x0000000710300000, 0x0000000710300000, 0x0000000710400000|  0%| F|  |TAMS 0x0000000710300000, 0x0000000710300000| Untracked 
| 120|0x0000000710400000, 0x0000000710400000, 0x0000000710500000|  0%| F|  |TAMS 0x0000000710400000, 0x0000000710400000| Untracked 
| 121|0x0000000710500000, 0x0000000710500000, 0x0000000710600000|  0%| F|  |TAMS 0x0000000710500000, 0x0000000710500000| Untracked 
| 122|0x0000000710600000, 0x0000000710600000, 0x0000000710700000|  0%| F|  |TAMS 0x0000000710600000, 0x0000000710600000| Untracked 
| 123|0x0000000710700000, 0x0000000710700000, 0x0000000710800000|  0%| F|  |TAMS 0x0000000710700000, 0x0000000710700000| Untracked 
| 124|0x0000000710800000, 0x0000000710800000, 0x0000000710900000|  0%| F|  |TAMS 0x0000000710800000, 0x0000000710800000| Untracked 
| 125|0x0000000710900000, 0x0000000710900000, 0x0000000710a00000|  0%| F|  |TAMS 0x0000000710900000, 0x0000000710900000| Untracked 
| 126|0x0000000710a00000, 0x0000000710a00000, 0x0000000710b00000|  0%| F|  |TAMS 0x0000000710a00000, 0x0000000710a00000| Untracked 
| 127|0x0000000710b00000, 0x0000000710b00000, 0x0000000710c00000|  0%| F|  |TAMS 0x0000000710b00000, 0x0000000710b00000| Untracked 
| 128|0x0000000710c00000, 0x0000000710c00000, 0x0000000710d00000|  0%| F|  |TAMS 0x0000000710c00000, 0x0000000710c00000| Untracked 
| 129|0x0000000710d00000, 0x0000000710d00000, 0x0000000710e00000|  0%| F|  |TAMS 0x0000000710d00000, 0x0000000710d00000| Untracked 
| 130|0x0000000710e00000, 0x0000000710e00000, 0x0000000710f00000|  0%| F|  |TAMS 0x0000000710e00000, 0x0000000710e00000| Untracked 
| 131|0x0000000710f00000, 0x0000000710f00000, 0x0000000711000000|  0%| F|  |TAMS 0x0000000710f00000, 0x0000000710f00000| Untracked 
| 132|0x0000000711000000, 0x0000000711000000, 0x0000000711100000|  0%| F|  |TAMS 0x0000000711000000, 0x0000000711000000| Untracked 
| 133|0x0000000711100000, 0x0000000711100000, 0x0000000711200000|  0%| F|  |TAMS 0x0000000711100000, 0x0000000711100000| Untracked 
| 134|0x0000000711200000, 0x0000000711200000, 0x0000000711300000|  0%| F|  |TAMS 0x0000000711200000, 0x0000000711200000| Untracked 
| 135|0x0000000711300000, 0x0000000711300000, 0x0000000711400000|  0%| F|  |TAMS 0x0000000711300000, 0x0000000711300000| Untracked 
| 136|0x0000000711400000, 0x0000000711400000, 0x0000000711500000|  0%| F|  |TAMS 0x0000000711400000, 0x0000000711400000| Untracked 
| 137|0x0000000711500000, 0x0000000711500000, 0x0000000711600000|  0%| F|  |TAMS 0x0000000711500000, 0x0000000711500000| Untracked 
| 138|0x0000000711600000, 0x0000000711600000, 0x0000000711700000|  0%| F|  |TAMS 0x0000000711600000, 0x0000000711600000| Untracked 
| 139|0x0000000711700000, 0x0000000711700000, 0x0000000711800000|  0%| F|  |TAMS 0x0000000711700000, 0x0000000711700000| Untracked 
| 140|0x0000000711800000, 0x0000000711800000, 0x0000000711900000|  0%| F|  |TAMS 0x0000000711800000, 0x0000000711800000| Untracked 
| 141|0x0000000711900000, 0x0000000711900000, 0x0000000711a00000|  0%| F|  |TAMS 0x0000000711900000, 0x0000000711900000| Untracked 
| 142|0x0000000711a00000, 0x0000000711a00000, 0x0000000711b00000|  0%| F|  |TAMS 0x0000000711a00000, 0x0000000711a00000| Untracked 
| 143|0x0000000711b00000, 0x0000000711b00000, 0x0000000711c00000|  0%| F|  |TAMS 0x0000000711b00000, 0x0000000711b00000| Untracked 
| 144|0x0000000711c00000, 0x0000000711c00000, 0x0000000711d00000|  0%| F|  |TAMS 0x0000000711c00000, 0x0000000711c00000| Untracked 
| 145|0x0000000711d00000, 0x0000000711d00000, 0x0000000711e00000|  0%| F|  |TAMS 0x0000000711d00000, 0x0000000711d00000| Untracked 
| 146|0x0000000711e00000, 0x0000000711e00000, 0x0000000711f00000|  0%| F|  |TAMS 0x0000000711e00000, 0x0000000711e00000| Untracked 
| 147|0x0000000711f00000, 0x0000000711f00000, 0x0000000712000000|  0%| F|  |TAMS 0x0000000711f00000, 0x0000000711f00000| Untracked 
| 148|0x0000000712000000, 0x0000000712000000, 0x0000000712100000|  0%| F|  |TAMS 0x0000000712000000, 0x0000000712000000| Untracked 
| 149|0x0000000712100000, 0x0000000712100000, 0x0000000712200000|  0%| F|  |TAMS 0x0000000712100000, 0x0000000712100000| Untracked 
| 150|0x0000000712200000, 0x0000000712200000, 0x0000000712300000|  0%| F|  |TAMS 0x0000000712200000, 0x0000000712200000| Untracked 
| 151|0x0000000712300000, 0x0000000712300000, 0x0000000712400000|  0%| F|  |TAMS 0x0000000712300000, 0x0000000712300000| Untracked 
| 152|0x0000000712400000, 0x0000000712400000, 0x0000000712500000|  0%| F|  |TAMS 0x0000000712400000, 0x0000000712400000| Untracked 
| 153|0x0000000712500000, 0x0000000712500000, 0x0000000712600000|  0%| F|  |TAMS 0x0000000712500000, 0x0000000712500000| Untracked 
| 154|0x0000000712600000, 0x0000000712600000, 0x0000000712700000|  0%| F|  |TAMS 0x0000000712600000, 0x0000000712600000| Untracked 
| 155|0x0000000712700000, 0x0000000712700000, 0x0000000712800000|  0%| F|  |TAMS 0x0000000712700000, 0x0000000712700000| Untracked 
| 156|0x0000000712800000, 0x0000000712800000, 0x0000000712900000|  0%| F|  |TAMS 0x0000000712800000, 0x0000000712800000| Untracked 
| 157|0x0000000712900000, 0x0000000712900000, 0x0000000712a00000|  0%| F|  |TAMS 0x0000000712900000, 0x0000000712900000| Untracked 
| 158|0x0000000712a00000, 0x0000000712a00000, 0x0000000712b00000|  0%| F|  |TAMS 0x0000000712a00000, 0x0000000712a00000| Untracked 
| 159|0x0000000712b00000, 0x0000000712b00000, 0x0000000712c00000|  0%| F|  |TAMS 0x0000000712b00000, 0x0000000712b00000| Untracked 
| 160|0x0000000712c00000, 0x0000000712c00000, 0x0000000712d00000|  0%| F|  |TAMS 0x0000000712c00000, 0x0000000712c00000| Untracked 
| 161|0x0000000712d00000, 0x0000000712d00000, 0x0000000712e00000|  0%| F|  |TAMS 0x0000000712d00000, 0x0000000712d00000| Untracked 
| 162|0x0000000712e00000, 0x0000000712e00000, 0x0000000712f00000|  0%| F|  |TAMS 0x0000000712e00000, 0x0000000712e00000| Untracked 
| 163|0x0000000712f00000, 0x0000000712f00000, 0x0000000713000000|  0%| F|  |TAMS 0x0000000712f00000, 0x0000000712f00000| Untracked 
| 164|0x0000000713000000, 0x0000000713000000, 0x0000000713100000|  0%| F|  |TAMS 0x0000000713000000, 0x0000000713000000| Untracked 
| 165|0x0000000713100000, 0x0000000713100000, 0x0000000713200000|  0%| F|  |TAMS 0x0000000713100000, 0x0000000713100000| Untracked 
| 166|0x0000000713200000, 0x0000000713200000, 0x0000000713300000|  0%| F|  |TAMS 0x0000000713200000, 0x0000000713200000| Untracked 
| 167|0x0000000713300000, 0x0000000713300000, 0x0000000713400000|  0%| F|  |TAMS 0x0000000713300000, 0x0000000713300000| Untracked 
| 168|0x0000000713400000, 0x0000000713400000, 0x0000000713500000|  0%| F|  |TAMS 0x0000000713400000, 0x0000000713400000| Untracked 
| 169|0x0000000713500000, 0x0000000713500000, 0x0000000713600000|  0%| F|  |TAMS 0x0000000713500000, 0x0000000713500000| Untracked 
| 170|0x0000000713600000, 0x0000000713600000, 0x0000000713700000|  0%| F|  |TAMS 0x0000000713600000, 0x0000000713600000| Untracked 
| 171|0x0000000713700000, 0x0000000713700000, 0x0000000713800000|  0%| F|  |TAMS 0x0000000713700000, 0x0000000713700000| Untracked 
| 172|0x0000000713800000, 0x0000000713800000, 0x0000000713900000|  0%| F|  |TAMS 0x0000000713800000, 0x0000000713800000| Untracked 
| 173|0x0000000713900000, 0x0000000713900000, 0x0000000713a00000|  0%| F|  |TAMS 0x0000000713900000, 0x0000000713900000| Untracked 
| 174|0x0000000713a00000, 0x0000000713a00000, 0x0000000713b00000|  0%| F|  |TAMS 0x0000000713a00000, 0x0000000713a00000| Untracked 
| 175|0x0000000713b00000, 0x0000000713b00000, 0x0000000713c00000|  0%| F|  |TAMS 0x0000000713b00000, 0x0000000713b00000| Untracked 
| 176|0x0000000713c00000, 0x0000000713c00000, 0x0000000713d00000|  0%| F|  |TAMS 0x0000000713c00000, 0x0000000713c00000| Untracked 
| 177|0x0000000713d00000, 0x0000000713d00000, 0x0000000713e00000|  0%| F|  |TAMS 0x0000000713d00000, 0x0000000713d00000| Untracked 
| 178|0x0000000713e00000, 0x0000000713e00000, 0x0000000713f00000|  0%| F|  |TAMS 0x0000000713e00000, 0x0000000713e00000| Untracked 
| 179|0x0000000713f00000, 0x0000000713f00000, 0x0000000714000000|  0%| F|  |TAMS 0x0000000713f00000, 0x0000000713f00000| Untracked 
| 180|0x0000000714000000, 0x0000000714000000, 0x0000000714100000|  0%| F|  |TAMS 0x0000000714000000, 0x0000000714000000| Untracked 
| 181|0x0000000714100000, 0x0000000714100000, 0x0000000714200000|  0%| F|  |TAMS 0x0000000714100000, 0x0000000714100000| Untracked 
| 182|0x0000000714200000, 0x0000000714200000, 0x0000000714300000|  0%| F|  |TAMS 0x0000000714200000, 0x0000000714200000| Untracked 
| 183|0x0000000714300000, 0x0000000714300000, 0x0000000714400000|  0%| F|  |TAMS 0x0000000714300000, 0x0000000714300000| Untracked 
| 184|0x0000000714400000, 0x0000000714400000, 0x0000000714500000|  0%| F|  |TAMS 0x0000000714400000, 0x0000000714400000| Untracked 
| 185|0x0000000714500000, 0x0000000714500000, 0x0000000714600000|  0%| F|  |TAMS 0x0000000714500000, 0x0000000714500000| Untracked 
| 186|0x0000000714600000, 0x0000000714600000, 0x0000000714700000|  0%| F|  |TAMS 0x0000000714600000, 0x0000000714600000| Untracked 
| 187|0x0000000714700000, 0x0000000714700000, 0x0000000714800000|  0%| F|  |TAMS 0x0000000714700000, 0x0000000714700000| Untracked 
| 188|0x0000000714800000, 0x0000000714800000, 0x0000000714900000|  0%| F|  |TAMS 0x0000000714800000, 0x0000000714800000| Untracked 
| 189|0x0000000714900000, 0x0000000714900000, 0x0000000714a00000|  0%| F|  |TAMS 0x0000000714900000, 0x0000000714900000| Untracked 
| 190|0x0000000714a00000, 0x0000000714a00000, 0x0000000714b00000|  0%| F|  |TAMS 0x0000000714a00000, 0x0000000714a00000| Untracked 
| 191|0x0000000714b00000, 0x0000000714b00000, 0x0000000714c00000|  0%| F|  |TAMS 0x0000000714b00000, 0x0000000714b00000| Untracked 
| 192|0x0000000714c00000, 0x0000000714c00000, 0x0000000714d00000|  0%| F|  |TAMS 0x0000000714c00000, 0x0000000714c00000| Untracked 
| 193|0x0000000714d00000, 0x0000000714d00000, 0x0000000714e00000|  0%| F|  |TAMS 0x0000000714d00000, 0x0000000714d00000| Untracked 
| 194|0x0000000714e00000, 0x0000000714e00000, 0x0000000714f00000|  0%| F|  |TAMS 0x0000000714e00000, 0x0000000714e00000| Untracked 
| 195|0x0000000714f00000, 0x0000000714f00000, 0x0000000715000000|  0%| F|  |TAMS 0x0000000714f00000, 0x0000000714f00000| Untracked 
| 196|0x0000000715000000, 0x0000000715000000, 0x0000000715100000|  0%| F|  |TAMS 0x0000000715000000, 0x0000000715000000| Untracked 
| 197|0x0000000715100000, 0x0000000715100000, 0x0000000715200000|  0%| F|  |TAMS 0x0000000715100000, 0x0000000715100000| Untracked 
| 198|0x0000000715200000, 0x0000000715200000, 0x0000000715300000|  0%| F|  |TAMS 0x0000000715200000, 0x0000000715200000| Untracked 
| 199|0x0000000715300000, 0x0000000715300000, 0x0000000715400000|  0%| F|  |TAMS 0x0000000715300000, 0x0000000715300000| Untracked 
| 200|0x0000000715400000, 0x0000000715400000, 0x0000000715500000|  0%| F|  |TAMS 0x0000000715400000, 0x0000000715400000| Untracked 
| 201|0x0000000715500000, 0x0000000715500000, 0x0000000715600000|  0%| F|  |TAMS 0x0000000715500000, 0x0000000715500000| Untracked 
| 202|0x0000000715600000, 0x0000000715600000, 0x0000000715700000|  0%| F|  |TAMS 0x0000000715600000, 0x0000000715600000| Untracked 
| 203|0x0000000715700000, 0x0000000715700000, 0x0000000715800000|  0%| F|  |TAMS 0x0000000715700000, 0x0000000715700000| Untracked 
| 204|0x0000000715800000, 0x0000000715800000, 0x0000000715900000|  0%| F|  |TAMS 0x0000000715800000, 0x0000000715800000| Untracked 
| 205|0x0000000715900000, 0x0000000715900000, 0x0000000715a00000|  0%| F|  |TAMS 0x0000000715900000, 0x0000000715900000| Untracked 
| 206|0x0000000715a00000, 0x0000000715a00000, 0x0000000715b00000|  0%| F|  |TAMS 0x0000000715a00000, 0x0000000715a00000| Untracked 
| 207|0x0000000715b00000, 0x0000000715b00000, 0x0000000715c00000|  0%| F|  |TAMS 0x0000000715b00000, 0x0000000715b00000| Untracked 
| 208|0x0000000715c00000, 0x0000000715c00000, 0x0000000715d00000|  0%| F|  |TAMS 0x0000000715c00000, 0x0000000715c00000| Untracked 
| 209|0x0000000715d00000, 0x0000000715d00000, 0x0000000715e00000|  0%| F|  |TAMS 0x0000000715d00000, 0x0000000715d00000| Untracked 
| 210|0x0000000715e00000, 0x0000000715e00000, 0x0000000715f00000|  0%| F|  |TAMS 0x0000000715e00000, 0x0000000715e00000| Untracked 
| 211|0x0000000715f00000, 0x0000000715f00000, 0x0000000716000000|  0%| F|  |TAMS 0x0000000715f00000, 0x0000000715f00000| Untracked 
| 212|0x0000000716000000, 0x0000000716000000, 0x0000000716100000|  0%| F|  |TAMS 0x0000000716000000, 0x0000000716000000| Untracked 
| 213|0x0000000716100000, 0x0000000716100000, 0x0000000716200000|  0%| F|  |TAMS 0x0000000716100000, 0x0000000716100000| Untracked 
| 214|0x0000000716200000, 0x0000000716200000, 0x0000000716300000|  0%| F|  |TAMS 0x0000000716200000, 0x0000000716200000| Untracked 
| 215|0x0000000716300000, 0x0000000716300000, 0x0000000716400000|  0%| F|  |TAMS 0x0000000716300000, 0x0000000716300000| Untracked 
| 216|0x0000000716400000, 0x0000000716400000, 0x0000000716500000|  0%| F|  |TAMS 0x0000000716400000, 0x0000000716400000| Untracked 
| 217|0x0000000716500000, 0x0000000716500000, 0x0000000716600000|  0%| F|  |TAMS 0x0000000716500000, 0x0000000716500000| Untracked 
| 218|0x0000000716600000, 0x0000000716600000, 0x0000000716700000|  0%| F|  |TAMS 0x0000000716600000, 0x0000000716600000| Untracked 
| 219|0x0000000716700000, 0x0000000716700000, 0x0000000716800000|  0%| F|  |TAMS 0x0000000716700000, 0x0000000716700000| Untracked 
| 220|0x0000000716800000, 0x0000000716800000, 0x0000000716900000|  0%| F|  |TAMS 0x0000000716800000, 0x0000000716800000| Untracked 
| 221|0x0000000716900000, 0x0000000716900000, 0x0000000716a00000|  0%| F|  |TAMS 0x0000000716900000, 0x0000000716900000| Untracked 
| 222|0x0000000716a00000, 0x0000000716a00000, 0x0000000716b00000|  0%| F|  |TAMS 0x0000000716a00000, 0x0000000716a00000| Untracked 
| 223|0x0000000716b00000, 0x0000000716b00000, 0x0000000716c00000|  0%| F|  |TAMS 0x0000000716b00000, 0x0000000716b00000| Untracked 
| 224|0x0000000716c00000, 0x0000000716c00000, 0x0000000716d00000|  0%| F|  |TAMS 0x0000000716c00000, 0x0000000716c00000| Untracked 
| 225|0x0000000716d00000, 0x0000000716d00000, 0x0000000716e00000|  0%| F|  |TAMS 0x0000000716d00000, 0x0000000716d00000| Untracked 
| 226|0x0000000716e00000, 0x0000000716e00000, 0x0000000716f00000|  0%| F|  |TAMS 0x0000000716e00000, 0x0000000716e00000| Untracked 
| 227|0x0000000716f00000, 0x0000000716f00000, 0x0000000717000000|  0%| F|  |TAMS 0x0000000716f00000, 0x0000000716f00000| Untracked 
| 228|0x0000000717000000, 0x0000000717000000, 0x0000000717100000|  0%| F|  |TAMS 0x0000000717000000, 0x0000000717000000| Untracked 
| 229|0x0000000717100000, 0x0000000717100000, 0x0000000717200000|  0%| F|  |TAMS 0x0000000717100000, 0x0000000717100000| Untracked 
| 230|0x0000000717200000, 0x0000000717200000, 0x0000000717300000|  0%| F|  |TAMS 0x0000000717200000, 0x0000000717200000| Untracked 
| 231|0x0000000717300000, 0x0000000717300000, 0x0000000717400000|  0%| F|  |TAMS 0x0000000717300000, 0x0000000717300000| Untracked 
| 232|0x0000000717400000, 0x0000000717400000, 0x0000000717500000|  0%| F|  |TAMS 0x0000000717400000, 0x0000000717400000| Untracked 
| 233|0x0000000717500000, 0x0000000717500000, 0x0000000717600000|  0%| F|  |TAMS 0x0000000717500000, 0x0000000717500000| Untracked 
| 234|0x0000000717600000, 0x0000000717600000, 0x0000000717700000|  0%| F|  |TAMS 0x0000000717600000, 0x0000000717600000| Untracked 
| 235|0x0000000717700000, 0x0000000717700000, 0x0000000717800000|  0%| F|  |TAMS 0x0000000717700000, 0x0000000717700000| Untracked 
| 236|0x0000000717800000, 0x0000000717800000, 0x0000000717900000|  0%| F|  |TAMS 0x0000000717800000, 0x0000000717800000| Untracked 
| 237|0x0000000717900000, 0x00000007179f64b8, 0x0000000717a00000| 96%| E|  |TAMS 0x0000000717900000, 0x0000000717900000| Complete 
| 238|0x0000000717a00000, 0x0000000717b00000, 0x0000000717b00000|100%| E|CS|TAMS 0x0000000717a00000, 0x0000000717a00000| Complete 
| 239|0x0000000717b00000, 0x0000000717c00000, 0x0000000717c00000|100%| E|CS|TAMS 0x0000000717b00000, 0x0000000717b00000| Complete 
| 240|0x0000000717c00000, 0x0000000717d00000, 0x0000000717d00000|100%| E|CS|TAMS 0x0000000717c00000, 0x0000000717c00000| Complete 
| 241|0x0000000717d00000, 0x0000000717e00000, 0x0000000717e00000|100%| E|CS|TAMS 0x0000000717d00000, 0x0000000717d00000| Complete 
| 242|0x0000000717e00000, 0x0000000717f00000, 0x0000000717f00000|100%| E|  |TAMS 0x0000000717e00000, 0x0000000717e00000| Complete 
| 243|0x0000000717f00000, 0x0000000718000000, 0x0000000718000000|100%| E|CS|TAMS 0x0000000717f00000, 0x0000000717f00000| Complete 
| 244|0x0000000718000000, 0x0000000718100000, 0x0000000718100000|100%| E|CS|TAMS 0x0000000718000000, 0x0000000718000000| Complete 
| 245|0x0000000718100000, 0x0000000718200000, 0x0000000718200000|100%| E|CS|TAMS 0x0000000718100000, 0x0000000718100000| Complete 
| 246|0x0000000718200000, 0x0000000718300000, 0x0000000718300000|100%| E|CS|TAMS 0x0000000718200000, 0x0000000718200000| Complete 
| 247|0x0000000718300000, 0x0000000718400000, 0x0000000718400000|100%| E|CS|TAMS 0x0000000718300000, 0x0000000718300000| Complete 
|2930|0x00000007bfe00000, 0x00000007bfe48000, 0x00000007bff00000| 28%|OA|  |TAMS 0x00000007bfe00000, 0x00000007bfe00000| Untracked 
|2931|0x00000007bff00000, 0x00000007bff6c000, 0x00000007c0000000| 42%|CA|  |TAMS 0x00000007bff00000, 0x00000007bff00000| Untracked 

Card table byte_map: [0x00007bc85b08c000,0x00007bc85b846000] _byte_map_base: 0x00007bc857846000

Marking Bits (Prev, Next): (CMBitMap*) 0x00007bc87807d138, (CMBitMap*) 0x00007bc87807d170
 Prev Bits: [0x00007bc856b02000, 0x00007bc85a8d2000)
 Next Bits: [0x00007bc852d32000, 0x00007bc856b02000)

Polling page: 0x00007bc87eb7f000

Metaspace:

Usage:
  Non-class:      5.84 MB capacity,     3.32 MB ( 57%) used,     2.52 MB ( 43%) free+waste,     7.06 KB ( <1%) overhead. 
      Class:    693.00 KB capacity,   403.15 KB ( 58%) used,   286.23 KB ( 41%) free+waste,     3.62 KB ( <1%) overhead. 
       Both:      6.52 MB capacity,     3.71 MB ( 57%) used,     2.80 MB ( 43%) free+waste,    10.69 KB ( <1%) overhead. 

Virtual space:
  Non-class space:        8.00 MB reserved,       6.00 MB ( 75%) committed 
      Class space:        1.00 GB reserved,     768.00 KB ( <1%) committed 
             Both:        1.01 GB reserved,       6.75 MB ( <1%) committed 

Chunk freelists:
   Non-Class:  40.00 KB
       Class:  11.00 KB
        Both:  51.00 KB

MaxMetaspaceSize: unlimited
CompressedClassSpaceSize: 1.00 GB
Initial GC threshold: 20.80 MB
Current GC threshold: 20.80 MB
CDS: on

CodeHeap 'non-profiled nmethods': size=119172Kb used=222Kb max_used=222Kb free=118949Kb
 bounds [0x00007bc86819f000, 0x00007bc86840f000, 0x00007bc86f600000]
CodeHeap 'profiled nmethods': size=119168Kb used=1751Kb max_used=1751Kb free=117416Kb
 bounds [0x00007bc860d3f000, 0x00007bc860faf000, 0x00007bc86819f000]
CodeHeap 'non-nmethods': size=7420Kb used=2837Kb max_used=2862Kb free=4582Kb
 bounds [0x00007bc860600000, 0x00007bc8608d0000, 0x00007bc860d3f000]
 total_blobs=1306 nmethods=897 adapters=320
 compilation: enabled
              stopped_count=0, restarted_count=0
 full_count=0

Compilation events (20 events):
Event: 0.150 Thread 0x00007bc8241dd800  888       3       java.lang.reflect.Method::getParameterCount (6 bytes)
Event: 0.150 Thread 0x00007bc8200ad800  889       3       java.util.ArrayList::indexOf (11 bytes)
Event: 0.150 Thread 0x00007bc81c268000 nmethod 890 0x00007bc860ef0690 code [0x00007bc860ef0880, 0x00007bc860ef0d20]
Event: 0.150 Thread 0x00007bc81c268000  891       3       java.util.Arrays::asList (9 bytes)
Event: 0.150 Thread 0x00007bc8200ad800 nmethod 889 0x00007bc860ef0f10 code [0x00007bc860ef10c0, 0x00007bc860ef1220]
Event: 0.150 Thread 0x00007bc8200ad800  892       3       java.util.Arrays$ArrayList::<init> (16 bytes)
Event: 0.150 Thread 0x00007bc8241dd800 nmethod 888 0x00007bc860ef1310 code [0x00007bc860ef14c0, 0x00007bc860ef15f0]
Event: 0.150 Thread 0x00007bc8241dd800  894       3       java.nio.charset.CoderResult::isUnderflow (13 bytes)
Event: 0.150 Thread 0x00007bc81c268000 nmethod 891 0x00007bc860ef1690 code [0x00007bc860ef1880, 0x00007bc860ef1d00]
Event: 0.150 Thread 0x00007bc81c268000  893       3       java.util.Arrays$ArrayList::iterator (12 bytes)
Event: 0.150 Thread 0x00007bc8241dd800 nmethod 894 0x00007bc860ef1e90 code [0x00007bc860ef2040, 0x00007bc860ef21b0]
Event: 0.150 Thread 0x00007bc8200ad800 nmethod 892 0x00007bc860ef2210 code [0x00007bc860ef2400, 0x00007bc860ef2800]
Event: 0.150 Thread 0x00007bc81c268000 nmethod 893 0x00007bc860ef2990 code [0x00007bc860ef2b60, 0x00007bc860ef2e10]
Event: 0.150 Thread 0x00007bc8781fa000 nmethod 887 0x00007bc860ef2f10 code [0x00007bc860ef3220, 0x00007bc860ef4380]
Event: 0.150 Thread 0x00007bc8200f8800  895       4       java.lang.Math::min (11 bytes)
Event: 0.151 Thread 0x00007bc8200f8800 nmethod 895 0x00007bc8681d6490 code [0x00007bc8681d6620, 0x00007bc8681d6678]
Event: 0.151 Thread 0x00007bc8241dd800  896       3       java.lang.invoke.LambdaForm::uncustomize (57 bytes)
Event: 0.151 Thread 0x00007bc8200ad800  897       1       java.lang.invoke.MethodTypeForm::basicType (5 bytes)
Event: 0.151 Thread 0x00007bc8200ad800 nmethod 897 0x00007bc8681d6790 code [0x00007bc8681d6940, 0x00007bc8681d6a10]
Event: 0.151 Thread 0x00007bc8241dd800 nmethod 896 0x00007bc860ef4910 code [0x00007bc860ef4ae0, 0x00007bc860ef4e00]

GC Heap History (0 events):
No events

Deoptimization events (20 events):
Event: 0.103 Thread 0x00007bc878015000 Uncommon trap: trap_request=0xffffffbe fr.pc=0x00007bc8681ae5c4 relative=0x0000000000000404
Event: 0.103 Thread 0x00007bc878015000 Uncommon trap: reason=profile_predicate action=maybe_recompile pc=0x00007bc8681ae5c4 method=java.lang.StringLatin1.indexOf([BI[BII)I @ 18 c2
Event: 0.103 Thread 0x00007bc878015000 DEOPT PACKING pc=0x00007bc8681ae5c4 sp=0x00007bc87e7fd000
Event: 0.103 Thread 0x00007bc878015000 DEOPT UNPACKING pc=0x00007bc860649ea5 sp=0x00007bc87e7fcf80 mode 2
Event: 0.103 Thread 0x00007bc878015000 Uncommon trap: trap_request=0xffffffbe fr.pc=0x00007bc8681ae5c4 relative=0x0000000000000404
Event: 0.103 Thread 0x00007bc878015000 Uncommon trap: reason=profile_predicate action=maybe_recompile pc=0x00007bc8681ae5c4 method=java.lang.StringLatin1.indexOf([BI[BII)I @ 18 c2
Event: 0.103 Thread 0x00007bc878015000 DEOPT PACKING pc=0x00007bc8681ae5c4 sp=0x00007bc87e7fd000
Event: 0.103 Thread 0x00007bc878015000 DEOPT UNPACKING pc=0x00007bc860649ea5 sp=0x00007bc87e7fcf80 mode 2
Event: 0.103 Thread 0x00007bc878015000 Uncommon trap: trap_request=0xffffffbe fr.pc=0x00007bc8681ae5c4 relative=0x0000000000000404
Event: 0.103 Thread 0x00007bc878015000 Uncommon trap: reason=profile_predicate action=maybe_recompile pc=0x00007bc8681ae5c4 method=java.lang.StringLatin1.indexOf([BI[BII)I @ 18 c2
Event: 0.103 Thread 0x00007bc878015000 DEOPT PACKING pc=0x00007bc8681ae5c4 sp=0x00007bc87e7fd000
Event: 0.103 Thread 0x00007bc878015000 DEOPT UNPACKING pc=0x00007bc860649ea5 sp=0x00007bc87e7fcf80 mode 2
Event: 0.106 Thread 0x00007bc878015000 DEOPT PACKING pc=0x00007bc860d92db0 sp=0x00007bc87e7fce90
Event: 0.106 Thread 0x00007bc878015000 DEOPT UNPACKING pc=0x00007bc86064a64a sp=0x00007bc87e7fc320 mode 0
Event: 0.123 Thread 0x00007bc878015000 DEOPT PACKING pc=0x00007bc860e3db62 sp=0x00007bc87e7fd670
Event: 0.124 Thread 0x00007bc878015000 DEOPT UNPACKING pc=0x00007bc86064a64a sp=0x00007bc87e7fcb08 mode 0
Event: 0.132 Thread 0x00007bc878015000 DEOPT PACKING pc=0x00007bc860d6564f sp=0x00007bc87e7fd4d0
Event: 0.132 Thread 0x00007bc878015000 DEOPT UNPACKING pc=0x00007bc86064a64a sp=0x00007bc87e7fc978 mode 0
Event: 0.133 Thread 0x00007bc878015000 DEOPT PACKING pc=0x00007bc860d6564f sp=0x00007bc87e7fd4f0
Event: 0.133 Thread 0x00007bc878015000 DEOPT UNPACKING pc=0x00007bc86064a64a sp=0x00007bc87e7fc998 mode 0

Classes redefined (0 events):
No events

Internal exceptions (20 events):
Event: 0.029 Thread 0x00007bc878015000 Exception <a 'java/security/PrivilegedActionException'{0x000000071823d8c8}> (0x000000071823d8c8) thrown at [./src/hotspot/share/prims/jvm.cpp, line 1304]
Event: 0.029 Thread 0x00007bc878015000 Exception <a 'java/security/PrivilegedActionException'{0x000000071823db98}> (0x000000071823db98) thrown at [./src/hotspot/share/prims/jvm.cpp, line 1304]
Event: 0.029 Thread 0x00007bc878015000 Exception <a 'java/security/PrivilegedActionException'{0x000000071823e7b0}> (0x000000071823e7b0) thrown at [./src/hotspot/share/prims/jvm.cpp, line 1304]
Event: 0.029 Thread 0x00007bc878015000 Exception <a 'java/security/PrivilegedActionException'{0x000000071823ea80}> (0x000000071823ea80) thrown at [./src/hotspot/share/prims/jvm.cpp, line 1304]
Event: 0.029 Thread 0x00007bc878015000 Exception <a 'java/security/PrivilegedActionException'{0x000000071823f698}> (0x000000071823f698) thrown at [./src/hotspot/share/prims/jvm.cpp, line 1304]
Event: 0.029 Thread 0x00007bc878015000 Exception <a 'java/security/PrivilegedActionException'{0x000000071823f968}> (0x000000071823f968) thrown at [./src/hotspot/share/prims/jvm.cpp, line 1304]
Event: 0.029 Thread 0x00007bc878015000 Exception <a 'java/security/PrivilegedActionException'{0x0000000718240598}> (0x0000000718240598) thrown at [./src/hotspot/share/prims/jvm.cpp, line 1304]
Event: 0.029 Thread 0x00007bc878015000 Exception <a 'java/security/PrivilegedActionException'{0x0000000718240868}> (0x0000000718240868) thrown at [./src/hotspot/share/prims/jvm.cpp, line 1304]
Event: 0.029 Thread 0x00007bc878015000 Exception <a 'java/security/PrivilegedActionException'{0x0000000718241498}> (0x0000000718241498) thrown at [./src/hotspot/share/prims/jvm.cpp, line 1304]
Event: 0.029 Thread 0x00007bc878015000 Exception <a 'java/security/PrivilegedActionException'{0x0000000718241768}> (0x0000000718241768) thrown at [./src/hotspot/share/prims/jvm.cpp, line 1304]
Event: 0.029 Thread 0x00007bc878015000 Exception <a 'java/security/PrivilegedActionException'{0x0000000718242398}> (0x0000000718242398) thrown at [./src/hotspot/share/prims/jvm.cpp, line 1304]
Event: 0.029 Thread 0x00007bc878015000 Exception <a 'java/security/PrivilegedActionException'{0x0000000718242668}> (0x0000000718242668) thrown at [./src/hotspot/share/prims/jvm.cpp, line 1304]
Event: 0.029 Thread 0x00007bc878015000 Exception <a 'java/security/PrivilegedActionException'{0x0000000718243280}> (0x0000000718243280) thrown at [./src/hotspot/share/prims/jvm.cpp, line 1304]
Event: 0.029 Thread 0x00007bc878015000 Exception <a 'java/security/PrivilegedActionException'{0x0000000718243550}> (0x0000000718243550) thrown at [./src/hotspot/share/prims/jvm.cpp, line 1304]
Event: 0.029 Thread 0x00007bc878015000 Exception <a 'java/security/PrivilegedActionException'{0x0000000718244180}> (0x0000000718244180) thrown at [./src/hotspot/share/prims/jvm.cpp, line 1304]
Event: 0.029 Thread 0x00007bc878015000 Exception <a 'java/security/PrivilegedActionException'{0x0000000718244450}> (0x0000000718244450) thrown at [./src/hotspot/share/prims/jvm.cpp, line 1304]
Event: 0.098 Thread 0x00007bc878015000 Exception <a 'java/lang/NoSuchMethodError'{0x0000000717d92198}: 'int java.lang.invoke.DirectMethodHandle$Holder.invokeStaticInit(java.lang.Object, java.lang.Object, java.lang.Object, java.lang.Object)'> (0x0000000717d92198) thrown at [./src/hotspot/share/interpreter/linkResolver.cpp, line 772]
Event: 0.099 Thread 0x00007bc878015000 Exception <a 'java/lang/IncompatibleClassChangeError'{0x0000000717d9c300}: Found class java.lang.Object, but interface was expected> (0x0000000717d9c300) thrown at [./src/hotspot/share/interpreter/linkResolver.cpp, line 839]
Event: 0.099 Thread 0x00007bc878015000 Exception <a 'java/lang/NoSuchMethodError'{0x0000000717d9f550}: 'void java.lang.invoke.DirectMethodHandle$Holder.invokeStaticInit(java.lang.Object, java.lang.Object)'> (0x0000000717d9f550) thrown at [./src/hotspot/share/interpreter/linkResolver.cpp, line 772]
Event: 0.100 Thread 0x00007bc878015000 Exception <a 'java/lang/NoSuchMethodError'{0x0000000717da4f68}: 'int java.lang.invoke.DirectMethodHandle$Holder.invokeStaticInit(java.lang.Object, java.lang.Object)'> (0x0000000717da4f68) thrown at [./src/hotspot/share/interpreter/linkResolver.cpp, line 772]

Events (20 events):
Event: 0.148 loading class org/bytedeco/llvm/LLVM/LLVMObjectFileRef
Event: 0.148 loading class org/bytedeco/llvm/LLVM/LLVMObjectFileRef done
Event: 0.148 loading class org/bytedeco/llvm/LLVM/LLVMTargetRef
Event: 0.148 loading class org/bytedeco/llvm/LLVM/LLVMTargetRef done
Event: 0.148 loading class org/bytedeco/llvm/LLVM/LLVMPassManagerBuilderRef
Event: 0.148 loading class org/bytedeco/llvm/LLVM/LLVMPassManagerBuilderRef done
Event: 0.148 loading class org/bytedeco/llvm/LLVM/LLVMPassBuilderOptionsRef
Event: 0.148 loading class org/bytedeco/llvm/LLVM/LLVMPassBuilderOptionsRef done
Event: 0.148 loading class org/bytedeco/llvm/LLVM/Pass
Event: 0.148 loading class org/bytedeco/llvm/LLVM/Pass done
Event: 0.148 loading class org/bytedeco/llvm/LLVM/LLVMNamedMDNodeRef
Event: 0.148 loading class org/bytedeco/llvm/LLVM/LLVMNamedMDNodeRef done
Event: 0.148 loading class org/bytedeco/llvm/LLVM/LLVMUseRef
Event: 0.148 loading class org/bytedeco/llvm/LLVM/LLVMUseRef done
Event: 0.148 loading class IRGenerationVisitor
Event: 0.148 loading class IRGenerationVisitor done
Event: 0.150 loading class org/bytedeco/javacpp/PointerScope
Event: 0.150 loading class org/bytedeco/javacpp/PointerScope done
Event: 0.150 loading class org/bytedeco/javacpp/PointerScope$1
Event: 0.150 loading class org/bytedeco/javacpp/PointerScope$1 done


Dynamic libraries:
708c00000-718400000 rw-p 00000000 00:00 0 
718400000-7bfe00000 ---p 00000000 00:00 0 
7bfe00000-7bfe48000 rw-p 00b14000 08:30 134337                           /usr/lib/jvm/java-11-openjdk-amd64/lib/server/classes.jsa
7bfe48000-7bff00000 rw-p 00000000 00:00 0 
7bff00000-7bff6c000 rw-p 00aa8000 08:30 134337                           /usr/lib/jvm/java-11-openjdk-amd64/lib/server/classes.jsa
7bff6c000-7c0000000 rw-p 00000000 00:00 0 
7c0000000-800000000 ---p 00000000 00:00 0 
800000000-800002000 rwxp 00001000 08:30 134337                           /usr/lib/jvm/java-11-openjdk-amd64/lib/server/classes.jsa
800002000-8003ce000 rw-p 00003000 08:30 134337                           /usr/lib/jvm/java-11-openjdk-amd64/lib/server/classes.jsa
8003ce000-800aa6000 r--p 003cf000 08:30 134337                           /usr/lib/jvm/java-11-openjdk-amd64/lib/server/classes.jsa
800aa6000-800aa7000 rw-p 00aa7000 08:30 134337                           /usr/lib/jvm/java-11-openjdk-amd64/lib/server/classes.jsa
840000000-8400c0000 rw-p 00000000 00:00 0 
8400c0000-880000000 ---p 00000000 00:00 0 
5ed6641d3000-5ed6641d4000 r--p 00000000 08:30 134745                     /usr/lib/jvm/java-11-openjdk-amd64/bin/java
5ed6641d4000-5ed6641d5000 r-xp 00001000 08:30 134745                     /usr/lib/jvm/java-11-openjdk-amd64/bin/java
5ed6641d5000-5ed6641d6000 r--p 00002000 08:30 134745                     /usr/lib/jvm/java-11-openjdk-amd64/bin/java
5ed6641d6000-5ed6641d7000 r--p 00002000 08:30 134745                     /usr/lib/jvm/java-11-openjdk-amd64/bin/java
5ed6641d7000-5ed6641d8000 rw-p 00003000 08:30 134745                     /usr/lib/jvm/java-11-openjdk-amd64/bin/java
5ed69ee6d000-5ed69ee8e000 rw-p 00000000 00:00 0                          [heap]
7bc7f9400000-7bc7f9d26000 r--p 00000000 08:30 204242                     /home/crz/.javacpp/cache/llvm-13.0.1-1.5.7-linux-x86_64.jar/org/bytedeco/llvm/linux-x86_64/libLLVM-13.so
7bc7f9d26000-7bc7fd6e9000 r-xp 00926000 08:30 204242                     /home/crz/.javacpp/cache/llvm-13.0.1-1.5.7-linux-x86_64.jar/org/bytedeco/llvm/linux-x86_64/libLLVM-13.so
7bc7fd6e9000-7bc7ff93e000 r--p 042e9000 08:30 204242                     /home/crz/.javacpp/cache/llvm-13.0.1-1.5.7-linux-x86_64.jar/org/bytedeco/llvm/linux-x86_64/libLLVM-13.so
7bc7ff93e000-7bc7ffe53000 r--p 0653d000 08:30 204242                     /home/crz/.javacpp/cache/llvm-13.0.1-1.5.7-linux-x86_64.jar/org/bytedeco/llvm/linux-x86_64/libLLVM-13.so
7bc7ffe53000-7bc7ffe5e000 rw-p 06a52000 08:30 204242                     /home/crz/.javacpp/cache/llvm-13.0.1-1.5.7-linux-x86_64.jar/org/bytedeco/llvm/linux-x86_64/libLLVM-13.so
7bc7ffe5e000-7bc7ffed4000 rw-p 00000000 00:00 0 
7bc800000000-7bc800021000 rw-p 00000000 00:00 0 
7bc800021000-7bc804000000 ---p 00000000 00:00 0 
7bc804000000-7bc804047000 rw-p 00000000 00:00 0 
7bc804047000-7bc808000000 ---p 00000000 00:00 0 
7bc808000000-7bc808021000 rw-p 00000000 00:00 0 
7bc808021000-7bc80c000000 ---p 00000000 00:00 0 
7bc80c000000-7bc80c021000 rw-p 00000000 00:00 0 
7bc80c021000-7bc810000000 ---p 00000000 00:00 0 
7bc810000000-7bc810021000 rw-p 00000000 00:00 0 
7bc810021000-7bc814000000 ---p 00000000 00:00 0 
7bc814000000-7bc814021000 rw-p 00000000 00:00 0 
7bc814021000-7bc818000000 ---p 00000000 00:00 0 
7bc818000000-7bc818021000 rw-p 00000000 00:00 0 
7bc818021000-7bc81c000000 ---p 00000000 00:00 0 
7bc81c000000-7bc81c275000 rw-p 00000000 00:00 0 
7bc81c275000-7bc820000000 ---p 00000000 00:00 0 
7bc820000000-7bc820269000 rw-p 00000000 00:00 0 
7bc820269000-7bc824000000 ---p 00000000 00:00 0 
7bc824000000-7bc8241e7000 rw-p 00000000 00:00 0 
7bc8241e7000-7bc828000000 ---p 00000000 00:00 0 
7bc828000000-7bc828021000 rw-p 00000000 00:00 0 
7bc828021000-7bc82c000000 ---p 00000000 00:00 0 
7bc82c000000-7bc82c021000 rw-p 00000000 00:00 0 
7bc82c021000-7bc830000000 ---p 00000000 00:00 0 
7bc830000000-7bc830021000 rw-p 00000000 00:00 0 
7bc830021000-7bc834000000 ---p 00000000 00:00 0 
7bc834000000-7bc834021000 rw-p 00000000 00:00 0 
7bc834021000-7bc838000000 ---p 00000000 00:00 0 
7bc838000000-7bc838021000 rw-p 00000000 00:00 0 
7bc838021000-7bc83c000000 ---p 00000000 00:00 0 
7bc83c000000-7bc83c021000 rw-p 00000000 00:00 0 
7bc83c021000-7bc840000000 ---p 00000000 00:00 0 
7bc840000000-7bc840021000 rw-p 00000000 00:00 0 
7bc840021000-7bc844000000 ---p 00000000 00:00 0 
7bc844000000-7bc844021000 rw-p 00000000 00:00 0 
7bc844021000-7bc848000000 ---p 00000000 00:00 0 
7bc849ef9000-7bc849f5e000 r--p 00000000 08:30 204256                     /home/crz/.javacpp/cache/llvm-13.0.1-1.5.7-linux-x86_64.jar/org/bytedeco/llvm/linux-x86_64/libjniLLVM.so
7bc849f5e000-7bc849fcc000 r-xp 00065000 08:30 204256                     /home/crz/.javacpp/cache/llvm-13.0.1-1.5.7-linux-x86_64.jar/org/bytedeco/llvm/linux-x86_64/libjniLLVM.so
7bc849fcc000-7bc849ff7000 r--p 000d3000 08:30 204256                     /home/crz/.javacpp/cache/llvm-13.0.1-1.5.7-linux-x86_64.jar/org/bytedeco/llvm/linux-x86_64/libjniLLVM.so
7bc849ff7000-7bc849ffa000 r--p 000fd000 08:30 204256                     /home/crz/.javacpp/cache/llvm-13.0.1-1.5.7-linux-x86_64.jar/org/bytedeco/llvm/linux-x86_64/libjniLLVM.so
7bc849ffa000-7bc849ffd000 rw-p 00100000 08:30 204256                     /home/crz/.javacpp/cache/llvm-13.0.1-1.5.7-linux-x86_64.jar/org/bytedeco/llvm/linux-x86_64/libjniLLVM.so
7bc849ffd000-7bc849fff000 rw-p 00000000 00:00 0 
7bc849fff000-7bc84a003000 ---p 00000000 00:00 0 
7bc84a003000-7bc84a0ff000 rw-p 00000000 00:00 0 
7bc84a0ff000-7bc84a103000 ---p 00000000 00:00 0 
7bc84a103000-7bc84a1ff000 rw-p 00000000 00:00 0 
7bc84a1ff000-7bc84a203000 ---p 00000000 00:00 0 
7bc84a203000-7bc84a2ff000 rw-p 00000000 00:00 0 
7bc84a2ff000-7bc84a303000 ---p 00000000 00:00 0 
7bc84a303000-7bc84a3ff000 rw-p 00000000 00:00 0 
7bc84a3ff000-7bc84a403000 ---p 00000000 00:00 0 
7bc84a403000-7bc84a4ff000 rw-p 00000000 00:00 0 
7bc84a4ff000-7bc84a500000 ---p 00000000 00:00 0 
7bc84a500000-7bc84a600000 rw-p 00000000 00:00 0 
7bc84a600000-7bc84a604000 ---p 00000000 00:00 0 
7bc84a604000-7bc84a700000 rw-p 00000000 00:00 0 
7bc84a700000-7bc84a704000 ---p 00000000 00:00 0 
7bc84a704000-7bc84a800000 rw-p 00000000 00:00 0 
7bc84a800000-7bc84a804000 ---p 00000000 00:00 0 
7bc84a804000-7bc84a900000 rw-p 00000000 00:00 0 
7bc84a900000-7bc84a904000 ---p 00000000 00:00 0 
7bc84a904000-7bc84aa00000 rw-p 00000000 00:00 0 
7bc84aa00000-7bc84aa04000 ---p 00000000 00:00 0 
7bc84aa04000-7bc84ab00000 rw-p 00000000 00:00 0 
7bc84ab00000-7bc84ab04000 ---p 00000000 00:00 0 
7bc84ab04000-7bc84ac00000 rw-p 00000000 00:00 0 
7bc84ac00000-7bc84b1ed000 r--p 00000000 08:30 2460                       /usr/lib/locale/locale-archive
7bc84b27c000-7bc84b280000 ---p 00000000 00:00 0 
7bc84b280000-7bc84b37c000 rw-p 00000000 00:00 0 
7bc84b37c000-7bc84b380000 ---p 00000000 00:00 0 
7bc84b380000-7bc84b47c000 rw-p 00000000 00:00 0 
7bc84b47c000-7bc84b47d000 ---p 00000000 00:00 0 
7bc84b47d000-7bc84bbfe000 rw-p 00000000 00:00 0 
7bc84bbfe000-7bc84bdfe000 ---p 00000000 00:00 0 
7bc84bdfe000-7bc84bdff000 ---p 00000000 00:00 0 
7bc84bdff000-7bc84beff000 rw-p 00000000 00:00 0 
7bc84beff000-7bc84bf00000 ---p 00000000 00:00 0 
7bc84bf00000-7bc84c000000 rw-p 00000000 00:00 0 
7bc84c000000-7bc84c021000 rw-p 00000000 00:00 0 
7bc84c021000-7bc850000000 ---p 00000000 00:00 0 
7bc850025000-7bc853112000 rw-p 00000000 00:00 0 
7bc853112000-7bc855afa000 ---p 00000000 00:00 0 
7bc855afa000-7bc855b02000 rw-p 00000000 00:00 0 
7bc855b02000-7bc856b02000 ---p 00000000 00:00 0 
7bc856b02000-7bc856ee2000 rw-p 00000000 00:00 0 
7bc856ee2000-7bc8598ca000 ---p 00000000 00:00 0 
7bc8598ca000-7bc8598d2000 rw-p 00000000 00:00 0 
7bc8598d2000-7bc85a8d2000 ---p 00000000 00:00 0 
7bc85a8d2000-7bc85a94e000 rw-p 00000000 00:00 0 
7bc85a94e000-7bc85ae8b000 ---p 00000000 00:00 0 
7bc85ae8b000-7bc85ae8c000 rw-p 00000000 00:00 0 
7bc85ae8c000-7bc85b08c000 ---p 00000000 00:00 0 
7bc85b08c000-7bc85b108000 rw-p 00000000 00:00 0 
7bc85b108000-7bc85b645000 ---p 00000000 00:00 0 
7bc85b645000-7bc85b646000 rw-p 00000000 00:00 0 
7bc85b646000-7bc85b846000 ---p 00000000 00:00 0 
7bc85b846000-7bc85b8c2000 rw-p 00000000 00:00 0 
7bc85b8c2000-7bc85bdff000 ---p 00000000 00:00 0 
7bc85bdff000-7bc85be00000 rw-p 00000000 00:00 0 
7bc85be00000-7bc85c000000 ---p 00000000 00:00 0 
7bc85c000000-7bc85c021000 rw-p 00000000 00:00 0 
7bc85c021000-7bc860000000 ---p 00000000 00:00 0 
7bc860005000-7bc860207000 rw-p 00000000 00:00 0 
7bc860207000-7bc860208000 ---p 00000000 00:00 0 
7bc860208000-7bc860308000 rw-p 00000000 00:00 0 
7bc860308000-7bc860309000 ---p 00000000 00:00 0 
7bc860309000-7bc860600000 rw-p 00000000 00:00 0 
7bc860600000-7bc8608d0000 rwxp 00000000 00:00 0 
7bc8608d0000-7bc860d3f000 ---p 00000000 00:00 0 
7bc860d3f000-7bc860faf000 rwxp 00000000 00:00 0 
7bc860faf000-7bc86819f000 ---p 00000000 00:00 0 
7bc86819f000-7bc86840f000 rwxp 00000000 00:00 0 
7bc86840f000-7bc86f600000 ---p 00000000 00:00 0 
7bc86f600000-7bc877e41000 r--s 00000000 08:30 134824                     /usr/lib/jvm/java-11-openjdk-amd64/lib/modules
7bc877e6c000-7bc877e73000 r--s 00000000 08:30 126817                     /usr/lib/x86_64-linux-gnu/gconv/gconv-modules.cache
7bc877e73000-7bc878000000 rw-p 00000000 00:00 0 
7bc878000000-7bc8784ae000 rw-p 00000000 00:00 0 
7bc8784ae000-7bc87c000000 ---p 00000000 00:00 0 
7bc87c003000-7bc87c004000 r--p 00000000 08:30 204251                     /home/crz/.javacpp/cache/llvm-13.0.1-1.5.7-linux-x86_64.jar/org/bytedeco/llvm/linux-x86_64/libRemarks.so.13
7bc87c004000-7bc87c005000 r-xp 00001000 08:30 204251                     /home/crz/.javacpp/cache/llvm-13.0.1-1.5.7-linux-x86_64.jar/org/bytedeco/llvm/linux-x86_64/libRemarks.so.13
7bc87c005000-7bc87c006000 r--p 00002000 08:30 204251                     /home/crz/.javacpp/cache/llvm-13.0.1-1.5.7-linux-x86_64.jar/org/bytedeco/llvm/linux-x86_64/libRemarks.so.13
7bc87c006000-7bc87c007000 r--p 00002000 08:30 204251                     /home/crz/.javacpp/cache/llvm-13.0.1-1.5.7-linux-x86_64.jar/org/bytedeco/llvm/linux-x86_64/libRemarks.so.13
7bc87c007000-7bc87c008000 rw-p 00003000 08:30 204251                     /home/crz/.javacpp/cache/llvm-13.0.1-1.5.7-linux-x86_64.jar/org/bytedeco/llvm/linux-x86_64/libRemarks.so.13
7bc87c008000-7bc87ce16000 rw-p 00000000 00:00 0 
7bc87ce16000-7bc87ce17000 ---p 00000000 00:00 0 
7bc87ce17000-7bc87cf1c000 rw-p 00000000 00:00 0 
7bc87cf1c000-7bc87d000000 ---p 00000000 00:00 0 
7bc87d000000-7bc87d09a000 r--p 00000000 08:30 6947                       /usr/lib/x86_64-linux-gnu/libstdc++.so.6.0.30
7bc87d09a000-7bc87d1ab000 r-xp 0009a000 08:30 6947                       /usr/lib/x86_64-linux-gnu/libstdc++.so.6.0.30
7bc87d1ab000-7bc87d21a000 r--p 001ab000 08:30 6947                       /usr/lib/x86_64-linux-gnu/libstdc++.so.6.0.30
7bc87d21a000-7bc87d21b000 ---p 0021a000 08:30 6947                       /usr/lib/x86_64-linux-gnu/libstdc++.so.6.0.30
7bc87d21b000-7bc87d226000 r--p 0021a000 08:30 6947                       /usr/lib/x86_64-linux-gnu/libstdc++.so.6.0.30
7bc87d226000-7bc87d229000 rw-p 00225000 08:30 6947                       /usr/lib/x86_64-linux-gnu/libstdc++.so.6.0.30
7bc87d229000-7bc87d22c000 rw-p 00000000 00:00 0 
7bc87d22f000-7bc87d236000 r--p 00000000 08:30 204245                     /home/crz/.javacpp/cache/llvm-13.0.1-1.5.7-linux-x86_64.jar/org/bytedeco/llvm/linux-x86_64/libLTO.so.13
7bc87d236000-7bc87d23e000 r-xp 00007000 08:30 204245                     /home/crz/.javacpp/cache/llvm-13.0.1-1.5.7-linux-x86_64.jar/org/bytedeco/llvm/linux-x86_64/libLTO.so.13
7bc87d23e000-7bc87d240000 r--p 0000f000 08:30 204245                     /home/crz/.javacpp/cache/llvm-13.0.1-1.5.7-linux-x86_64.jar/org/bytedeco/llvm/linux-x86_64/libLTO.so.13
7bc87d240000-7bc87d241000 r--p 00010000 08:30 204245                     /home/crz/.javacpp/cache/llvm-13.0.1-1.5.7-linux-x86_64.jar/org/bytedeco/llvm/linux-x86_64/libLTO.so.13
7bc87d241000-7bc87d242000 rw-p 00011000 08:30 204245                     /home/crz/.javacpp/cache/llvm-13.0.1-1.5.7-linux-x86_64.jar/org/bytedeco/llvm/linux-x86_64/libLTO.so.13
7bc87d242000-7bc87d246000 r--p 00000000 08:30 204229                     /home/crz/.javacpp/cache/javacpp-1.5.7-linux-x86_64.jar/org/bytedeco/javacpp/linux-x86_64/libjnijavacpp.so
7bc87d246000-7bc87d24d000 r-xp 00004000 08:30 204229                     /home/crz/.javacpp/cache/javacpp-1.5.7-linux-x86_64.jar/org/bytedeco/javacpp/linux-x86_64/libjnijavacpp.so
7bc87d24d000-7bc87d251000 r--p 0000b000 08:30 204229                     /home/crz/.javacpp/cache/javacpp-1.5.7-linux-x86_64.jar/org/bytedeco/javacpp/linux-x86_64/libjnijavacpp.so
7bc87d251000-7bc87d252000 r--p 0000e000 08:30 204229                     /home/crz/.javacpp/cache/javacpp-1.5.7-linux-x86_64.jar/org/bytedeco/javacpp/linux-x86_64/libjnijavacpp.so
7bc87d252000-7bc87d253000 rw-p 0000f000 08:30 204229                     /home/crz/.javacpp/cache/javacpp-1.5.7-linux-x86_64.jar/org/bytedeco/javacpp/linux-x86_64/libjnijavacpp.so
7bc87d253000-7bc87d257000 r--p 00000000 08:30 134814                     /usr/lib/jvm/java-11-openjdk-amd64/lib/libnet.so
7bc87d257000-7bc87d265000 r-xp 00004000 08:30 134814                     /usr/lib/jvm/java-11-openjdk-amd64/lib/libnet.so
7bc87d265000-7bc87d269000 r--p 00012000 08:30 134814                     /usr/lib/jvm/java-11-openjdk-amd64/lib/libnet.so
7bc87d269000-7bc87d26a000 r--p 00015000 08:30 134814                     /usr/lib/jvm/java-11-openjdk-amd64/lib/libnet.so
7bc87d26a000-7bc87d26b000 rw-p 00016000 08:30 134814                     /usr/lib/jvm/java-11-openjdk-amd64/lib/libnet.so
7bc87d26b000-7bc87d272000 r--p 00000000 08:30 134815                     /usr/lib/jvm/java-11-openjdk-amd64/lib/libnio.so
7bc87d272000-7bc87d27a000 r-xp 00007000 08:30 134815                     /usr/lib/jvm/java-11-openjdk-amd64/lib/libnio.so
7bc87d27a000-7bc87d27d000 r--p 0000f000 08:30 134815                     /usr/lib/jvm/java-11-openjdk-amd64/lib/libnio.so
7bc87d27d000-7bc87d27e000 r--p 00011000 08:30 134815                     /usr/lib/jvm/java-11-openjdk-amd64/lib/libnio.so
7bc87d27e000-7bc87d27f000 rw-p 00012000 08:30 134815                     /usr/lib/jvm/java-11-openjdk-amd64/lib/libnio.so
7bc87d27f000-7bc87d2ee000 rw-p 00000000 00:00 0 
7bc87d2ee000-7bc87d3d2000 ---p 00000000 00:00 0 
7bc87d3d2000-7bc87d3e0000 r--p 00000000 08:30 134803                     /usr/lib/jvm/java-11-openjdk-amd64/lib/libjava.so
7bc87d3e0000-7bc87d3f6000 r-xp 0000e000 08:30 134803                     /usr/lib/jvm/java-11-openjdk-amd64/lib/libjava.so
7bc87d3f6000-7bc87d3fd000 r--p 00024000 08:30 134803                     /usr/lib/jvm/java-11-openjdk-amd64/lib/libjava.so
7bc87d3fd000-7bc87d3fe000 r--p 0002a000 08:30 134803                     /usr/lib/jvm/java-11-openjdk-amd64/lib/libjava.so
7bc87d3fe000-7bc87d3ff000 rw-p 0002b000 08:30 134803                     /usr/lib/jvm/java-11-openjdk-amd64/lib/libjava.so
7bc87d3ff000-7bc87d400000 rw-p 00000000 00:00 0 
7bc87d400000-7bc87d683000 r--p 00000000 08:30 134827                     /usr/lib/jvm/java-11-openjdk-amd64/lib/server/libjvm.so
7bc87d683000-7bc87e32e000 r-xp 00283000 08:30 134827                     /usr/lib/jvm/java-11-openjdk-amd64/lib/server/libjvm.so
7bc87e32e000-7bc87e58a000 r--p 00f2e000 08:30 134827                     /usr/lib/jvm/java-11-openjdk-amd64/lib/server/libjvm.so
7bc87e58a000-7bc87e64e000 r--p 01189000 08:30 134827                     /usr/lib/jvm/java-11-openjdk-amd64/lib/server/libjvm.so
7bc87e64e000-7bc87e689000 rw-p 0124d000 08:30 134827                     /usr/lib/jvm/java-11-openjdk-amd64/lib/server/libjvm.so
7bc87e689000-7bc87e6e0000 rw-p 00000000 00:00 0 
7bc87e6e1000-7bc87e6e2000 r--p 00000000 08:30 94026                      /usr/lib/x86_64-linux-gnu/libdl.so.2
7bc87e6e2000-7bc87e6e3000 r-xp 00001000 08:30 94026                      /usr/lib/x86_64-linux-gnu/libdl.so.2
7bc87e6e3000-7bc87e6e4000 r--p 00002000 08:30 94026                      /usr/lib/x86_64-linux-gnu/libdl.so.2
7bc87e6e4000-7bc87e6e5000 r--p 00002000 08:30 94026                      /usr/lib/x86_64-linux-gnu/libdl.so.2
7bc87e6e5000-7bc87e6e6000 rw-p 00003000 08:30 94026                      /usr/lib/x86_64-linux-gnu/libdl.so.2
7bc87e6e6000-7bc87e6ec000 rw-p 00000000 00:00 0 
7bc87e6ec000-7bc87e6f5000 ---p 00000000 00:00 0 
7bc87e6f5000-7bc87e6f7000 r--p 00000000 08:30 134823                     /usr/lib/jvm/java-11-openjdk-amd64/lib/libzip.so
7bc87e6f7000-7bc87e6fc000 r-xp 00002000 08:30 134823                     /usr/lib/jvm/java-11-openjdk-amd64/lib/libzip.so
7bc87e6fc000-7bc87e6fe000 r--p 00007000 08:30 134823                     /usr/lib/jvm/java-11-openjdk-amd64/lib/libzip.so
7bc87e6fe000-7bc87e6ff000 r--p 00008000 08:30 134823                     /usr/lib/jvm/java-11-openjdk-amd64/lib/libzip.so
7bc87e6ff000-7bc87e700000 rw-p 00009000 08:30 134823                     /usr/lib/jvm/java-11-openjdk-amd64/lib/libzip.so
7bc87e700000-7bc87e704000 ---p 00000000 00:00 0 
7bc87e704000-7bc87e800000 rw-p 00000000 00:00 0 
7bc87e800000-7bc87e828000 r--p 00000000 08:30 94024                      /usr/lib/x86_64-linux-gnu/libc.so.6
7bc87e828000-7bc87e9bd000 r-xp 00028000 08:30 94024                      /usr/lib/x86_64-linux-gnu/libc.so.6
7bc87e9bd000-7bc87ea15000 r--p 001bd000 08:30 94024                      /usr/lib/x86_64-linux-gnu/libc.so.6
7bc87ea15000-7bc87ea16000 ---p 00215000 08:30 94024                      /usr/lib/x86_64-linux-gnu/libc.so.6
7bc87ea16000-7bc87ea1a000 r--p 00215000 08:30 94024                      /usr/lib/x86_64-linux-gnu/libc.so.6
7bc87ea1a000-7bc87ea1c000 rw-p 00219000 08:30 94024                      /usr/lib/x86_64-linux-gnu/libc.so.6
7bc87ea1c000-7bc87ea29000 rw-p 00000000 00:00 0 
7bc87ea2b000-7bc87ea2c000 r--p 00000000 08:30 94037                      /usr/lib/x86_64-linux-gnu/libpthread.so.0
7bc87ea2c000-7bc87ea2d000 r-xp 00001000 08:30 94037                      /usr/lib/x86_64-linux-gnu/libpthread.so.0
7bc87ea2d000-7bc87ea2e000 r--p 00002000 08:30 94037                      /usr/lib/x86_64-linux-gnu/libpthread.so.0
7bc87ea2e000-7bc87ea2f000 r--p 00002000 08:30 94037                      /usr/lib/x86_64-linux-gnu/libpthread.so.0
7bc87ea2f000-7bc87ea30000 rw-p 00003000 08:30 94037                      /usr/lib/x86_64-linux-gnu/libpthread.so.0
7bc87ea30000-7bc87ea38000 rw-s 00000000 08:30 292369                     /tmp/hsperfdata_crz/17702
7bc87ea38000-7bc87ea3a000 r--p 00000000 08:30 134806                     /usr/lib/jvm/java-11-openjdk-amd64/lib/libjimage.so
7bc87ea3a000-7bc87ea3d000 r-xp 00002000 08:30 134806                     /usr/lib/jvm/java-11-openjdk-amd64/lib/libjimage.so
7bc87ea3d000-7bc87ea3e000 r--p 00005000 08:30 134806                     /usr/lib/jvm/java-11-openjdk-amd64/lib/libjimage.so
7bc87ea3e000-7bc87ea3f000 ---p 00006000 08:30 134806                     /usr/lib/jvm/java-11-openjdk-amd64/lib/libjimage.so
7bc87ea3f000-7bc87ea40000 r--p 00006000 08:30 134806                     /usr/lib/jvm/java-11-openjdk-amd64/lib/libjimage.so
7bc87ea40000-7bc87ea41000 rw-p 00007000 08:30 134806                     /usr/lib/jvm/java-11-openjdk-amd64/lib/libjimage.so
7bc87ea41000-7bc87ea42000 r--p 00000000 08:30 94039                      /usr/lib/x86_64-linux-gnu/librt.so.1
7bc87ea42000-7bc87ea43000 r-xp 00001000 08:30 94039                      /usr/lib/x86_64-linux-gnu/librt.so.1
7bc87ea43000-7bc87ea44000 r--p 00002000 08:30 94039                      /usr/lib/x86_64-linux-gnu/librt.so.1
7bc87ea44000-7bc87ea45000 r--p 00002000 08:30 94039                      /usr/lib/x86_64-linux-gnu/librt.so.1
7bc87ea45000-7bc87ea46000 rw-p 00003000 08:30 94039                      /usr/lib/x86_64-linux-gnu/librt.so.1
7bc87ea46000-7bc87ea49000 r--p 00000000 08:30 6709                       /usr/lib/x86_64-linux-gnu/libgcc_s.so.1
7bc87ea49000-7bc87ea60000 r-xp 00003000 08:30 6709                       /usr/lib/x86_64-linux-gnu/libgcc_s.so.1
7bc87ea60000-7bc87ea64000 r--p 0001a000 08:30 6709                       /usr/lib/x86_64-linux-gnu/libgcc_s.so.1
7bc87ea64000-7bc87ea65000 r--p 0001d000 08:30 6709                       /usr/lib/x86_64-linux-gnu/libgcc_s.so.1
7bc87ea65000-7bc87ea66000 rw-p 0001e000 08:30 6709                       /usr/lib/x86_64-linux-gnu/libgcc_s.so.1
7bc87ea66000-7bc87ea74000 r--p 00000000 08:30 94027                      /usr/lib/x86_64-linux-gnu/libm.so.6
7bc87ea74000-7bc87eaf0000 r-xp 0000e000 08:30 94027                      /usr/lib/x86_64-linux-gnu/libm.so.6
7bc87eaf0000-7bc87eb4b000 r--p 0008a000 08:30 94027                      /usr/lib/x86_64-linux-gnu/libm.so.6
7bc87eb4b000-7bc87eb4c000 r--p 000e4000 08:30 94027                      /usr/lib/x86_64-linux-gnu/libm.so.6
7bc87eb4c000-7bc87eb4d000 rw-p 000e5000 08:30 94027                      /usr/lib/x86_64-linux-gnu/libm.so.6
7bc87eb4d000-7bc87eb50000 rw-p 00000000 00:00 0 
7bc87eb50000-7bc87eb53000 r--p 00000000 08:30 134788                     /usr/lib/jvm/java-11-openjdk-amd64/lib/jli/libjli.so
7bc87eb53000-7bc87eb5d000 r-xp 00003000 08:30 134788                     /usr/lib/jvm/java-11-openjdk-amd64/lib/jli/libjli.so
7bc87eb5d000-7bc87eb60000 r--p 0000d000 08:30 134788                     /usr/lib/jvm/java-11-openjdk-amd64/lib/jli/libjli.so
7bc87eb60000-7bc87eb61000 ---p 00010000 08:30 134788                     /usr/lib/jvm/java-11-openjdk-amd64/lib/jli/libjli.so
7bc87eb61000-7bc87eb62000 r--p 00010000 08:30 134788                     /usr/lib/jvm/java-11-openjdk-amd64/lib/jli/libjli.so
7bc87eb62000-7bc87eb63000 rw-p 00011000 08:30 134788                     /usr/lib/jvm/java-11-openjdk-amd64/lib/jli/libjli.so
7bc87eb63000-7bc87eb65000 r--p 00000000 08:30 6997                       /usr/lib/x86_64-linux-gnu/libz.so.1.2.11
7bc87eb65000-7bc87eb76000 r-xp 00002000 08:30 6997                       /usr/lib/x86_64-linux-gnu/libz.so.1.2.11
7bc87eb76000-7bc87eb7c000 r--p 00013000 08:30 6997                       /usr/lib/x86_64-linux-gnu/libz.so.1.2.11
7bc87eb7c000-7bc87eb7d000 ---p 00019000 08:30 6997                       /usr/lib/x86_64-linux-gnu/libz.so.1.2.11
7bc87eb7d000-7bc87eb7e000 r--p 00019000 08:30 6997                       /usr/lib/x86_64-linux-gnu/libz.so.1.2.11
7bc87eb7e000-7bc87eb7f000 rw-p 0001a000 08:30 6997                       /usr/lib/x86_64-linux-gnu/libz.so.1.2.11
7bc87eb7f000-7bc87eb80000 ---p 00000000 00:00 0 
7bc87eb80000-7bc87eb81000 r--p 00000000 00:00 0 
7bc87eb81000-7bc87eb86000 r--p 00000000 08:30 134822                     /usr/lib/jvm/java-11-openjdk-amd64/lib/libverify.so
7bc87eb86000-7bc87eb8d000 r-xp 00005000 08:30 134822                     /usr/lib/jvm/java-11-openjdk-amd64/lib/libverify.so
7bc87eb8d000-7bc87eb8f000 r--p 0000c000 08:30 134822                     /usr/lib/jvm/java-11-openjdk-amd64/lib/libverify.so
7bc87eb8f000-7bc87eb91000 r--p 0000d000 08:30 134822                     /usr/lib/jvm/java-11-openjdk-amd64/lib/libverify.so
7bc87eb91000-7bc87eb92000 rw-p 0000f000 08:30 134822                     /usr/lib/jvm/java-11-openjdk-amd64/lib/libverify.so
7bc87eb92000-7bc87eb94000 rw-p 00000000 00:00 0 
7bc87eb94000-7bc87eb96000 r--p 00000000 08:30 94020                      /usr/lib/x86_64-linux-gnu/ld-linux-x86-64.so.2
7bc87eb96000-7bc87ebc0000 r-xp 00002000 08:30 94020                      /usr/lib/x86_64-linux-gnu/ld-linux-x86-64.so.2
7bc87ebc0000-7bc87ebcb000 r--p 0002c000 08:30 94020                      /usr/lib/x86_64-linux-gnu/ld-linux-x86-64.so.2
7bc87ebcc000-7bc87ebce000 r--p 00037000 08:30 94020                      /usr/lib/x86_64-linux-gnu/ld-linux-x86-64.so.2
7bc87ebce000-7bc87ebd0000 rw-p 00039000 08:30 94020                      /usr/lib/x86_64-linux-gnu/ld-linux-x86-64.so.2
7fffa9960000-7fffa9982000 rw-p 00000000 00:00 0                          [stack]
7fffa9995000-7fffa9999000 r--p 00000000 00:00 0                          [vvar]
7fffa9999000-7fffa999b000 r-xp 00000000 00:00 0                          [vdso]


VM Arguments:
java_command: Main tests/develop_test/1.sysy
java_class_path (initial): ./classes:/usr/local/lib/antlr-4.9.1-complete.jar:/usr/local/lib/llvm-13.0.1-1.5.7.jar:/usr/local/lib/llvm-13.0.1-1.5.7-linux-x86_64.jar:/usr/local/lib/llvm-platform-13.0.1-1.5.7.jar:/usr/local/lib/javacpp-1.5.7-linux-x86_64.jar:/usr/local/lib/javacpp-1.5.7.jar
Launcher Type: SUN_STANDARD

[Global flags]
     intx CICompilerCount                          = 12                                        {product} {ergonomic}
     uint ConcGCThreads                            = 4                                         {product} {ergonomic}
     uint G1ConcRefinementThreads                  = 15                                        {product} {ergonomic}
   size_t G1HeapRegionSize                         = 1048576                                   {product} {ergonomic}
    uintx GCDrainStackTargetSize                   = 64                                        {product} {ergonomic}
   size_t InitialHeapSize                          = 260046848                                 {product} {ergonomic}
   size_t MarkStackSize                            = 4194304                                   {product} {ergonomic}
   size_t MaxHeapSize                              = 4148166656                                {product} {ergonomic}
   size_t MaxNewSize                               = 2488270848                                {product} {ergonomic}
   size_t MinHeapDeltaBytes                        = 1048576                                   {product} {ergonomic}
    uintx NonNMethodCodeHeapSize                   = 7594288                                {pd product} {ergonomic}
    uintx NonProfiledCodeHeapSize                  = 122031976                              {pd product} {ergonomic}
    uintx ProfiledCodeHeapSize                     = 122031976                              {pd product} {ergonomic}
    uintx ReservedCodeCacheSize                    = 251658240                              {pd product} {ergonomic}
     bool SegmentedCodeCache                       = true                                      {product} {ergonomic}
     bool UseCompressedClassPointers               = true                                 {lp64_product} {ergonomic}
     bool UseCompressedOops                        = true                                 {lp64_product} {ergonomic}
     bool UseG1GC                                  = true                                      {product} {ergonomic}

Logging:
Log output configuration:
 #0: stdout all=warning uptime,level,tags
 #1: stderr all=off uptime,level,tags

Environment Variables:
CLASSPATH=/usr/local/lib/antlr-4.9.1-complete.jar:/usr/local/lib/llvm-13.0.1-1.5.7.jar:/usr/local/lib/llvm-13.0.1-1.5.7-linux-x86_64.jar:/usr/local/lib/llvm-platform-13.0.1-1.5.7.jar:/usr/local/lib/javacpp-1.5.7-linux-x86_64.jar:/usr/local/lib/javacpp-1.5.7.jar
PATH=/home/crz/.local/bin:/home/crz/.cargo/bin:/home/crz/.local/bin:~/my_script:/usr/local/sbin:/usr/local/bin:/usr/sbin:/usr/bin:/sbin:/bin:/usr/games:/usr/local/games:/usr/lib/wsl/lib:/mnt/c/Program Files/Java/jdk-21/bin:/mnt/c/Program Files/Common Files/Oracle/Java/javapath:/mnt/e/vmware/bin/:/mnt/c/Program Files (x86)/Common Files/Oracle/Java/java8path:/mnt/c/Program Files (x86)/Common Files/Oracle/Java/javapath:/mnt/c/Windows/system32:/mnt/c/Windows:/mnt/c/Windows/System32/Wbem:/mnt/c/Windows/System32/WindowsPowerShell/v1.0/:/mnt/c/Windows/System32/OpenSSH/:/mnt/c/Users/crz/Downloads/winlibs-x86_64-posix-seh-gcc-12.3.0-llvm-16.0.4-mingw-w64ucrt-11.0.0-r1.zip/mingw64/bin:/mnt/d/mingw64/bin:/mnt/d/Git/cmd:/mnt/c/Program Files/dotnet/:/mnt/e/SDL-CPLproj/SDL2/mingw(CLion+VSC)/SDL2-2.26.0-allinone/x86_64-w64-mingw32/bin:/mnt/c/Program Files/Cloudflare/Cloudflare WARP/:/mnt/c/Users/crz/AppData/Local/Programs/Python/Python311/Lib/site-packages/pyecharts:/mnt/c/Program Files/MATLAB/R2023a/runtime/win64:/mnt/c/Program Files/MATLAB/R2023a/bin:/mnt/c/Program Files/gs/gs10.03.1/bin:/mnt/e/:/mnt/e/bitvise-ssh:/mnt/d/:/mnt/c/ProgramData/chocolatey/bin:/mnt/c/Program Files/MySQL/MySQL Server 8.0/bin:/mnt/c/Program Files/MySQL/MySQL Shell 8.0/bin/:/mnt/e/anaconda3:/mnt/e/anaconda3/Library/mingw-w64/bin:/mnt/e/anaconda3/Library/usr/bin:/mnt/e/anaconda3/Library/bin:/mnt/e/anaconda3/Scripts:/mnt/c/Users/crz/AppData/Local/Microsoft/WindowsApps:/mnt/e/Microsoft VS Code/bin:/mnt/e/CLion 2022.3/bin:/mnt/c/Users/crz/AppData/Local/JetBrains/Toolbox/scripts:/mnt/d/PyCharm 2023.3.4/bin:/mnt/d/IntelliJ IDEA 2023.3.4/bin:/mnt/c/Users/crz/anaconda3/Lib/site-packages:/mnt/d/texlive/2024/bin/windows:/mnt/c/Users/crz/AppData/Roaming/npm:/mnt/d/WebStorm 2024.3.2.1/bin:/snap/bin:/mnt/c/Users/crz/AppData/Local/Programs/Microsoft VS Code/bin:/mnt/e/Microsoft\ VS\ Code/bin
SHELL=/bin/bash
DISPLAY=:0.0
HOSTTYPE=x86_64
LANG=en_US.UTF-8
LC_ALL=en_US.UTF-8
TERM=xterm-256color

Signal Handlers:
SIGSEGV: [libjvm.so+0xebbd40], sa_mask[0]=11111111011111111101111111111110, sa_flags=SA_RESTART|SA_SIGINFO
SIGBUS: [libjvm.so+0xebbd40], sa_mask[0]=11111111011111111101111111111110, sa_flags=SA_RESTART|SA_SIGINFO
SIGFPE: [libjvm.so+0xebbd40], sa_mask[0]=11111111011111111101111111111110, sa_flags=SA_RESTART|SA_SIGINFO
SIGPIPE: [libjvm.so+0xbfe040], sa_mask[0]=11111111011111111101111111111110, sa_flags=SA_RESTART|SA_SIGINFO
SIGXFSZ: [libjvm.so+0xbfe040], sa_mask[0]=11111111011111111101111111111110, sa_flags=SA_RESTART|SA_SIGINFO
SIGILL: [libjvm.so+0xebbd40], sa_mask[0]=11111111011111111101111111111110, sa_flags=SA_RESTART|SA_SIGINFO
SIGUSR2: [libjvm.so+0xbfdee0], sa_mask[0]=00000000000000000000000000000000, sa_flags=SA_RESTART|SA_SIGINFO
SIGHUP: [libjvm.so+0xbfe6a0], sa_mask[0]=11111111011111111101111111111110, sa_flags=SA_RESTART|SA_SIGINFO
SIGINT: [libjvm.so+0xbfe6a0], sa_mask[0]=11111111011111111101111111111110, sa_flags=SA_RESTART|SA_SIGINFO
SIGTERM: [libjvm.so+0xbfe6a0], sa_mask[0]=11111111011111111101111111111110, sa_flags=SA_RESTART|SA_SIGINFO
SIGQUIT: [libjvm.so+0xbfe6a0], sa_mask[0]=11111111011111111101111111111110, sa_flags=SA_RESTART|SA_SIGINFO


---------------  S Y S T E M  ---------------

OS:DISTRIB_ID=Ubuntu
DISTRIB_RELEASE=22.04
DISTRIB_CODENAME=jammy
DISTRIB_DESCRIPTION="Ubuntu 22.04.5 LTS"
uname:Linux 6.6.87.2-microsoft-standard-WSL2 #1 SMP PREEMPT_DYNAMIC Thu Jun  5 18:30:46 UTC 2025 x86_64
OS uptime: 0 days 6:38 hours
libc:glibc 2.35 NPTL 2.35 
rlimit (soft/hard): STACK 8192k/infinity , CORE 0k/infinity , NPROC 63245/63245 , NOFILE 1048576/1048576 , AS infinity/infinity , CPU infinity/infinity , DATA infinity/infinity , FSIZE infinity/infinity , MEMLOCK 65536k/65536k
load average:1.53 0.73 0.57

/proc/meminfo:
MemTotal:       16200860 kB
MemFree:        11943104 kB
MemAvailable:   13079472 kB
Buffers:            5516 kB
Cached:          1304376 kB
SwapCached:            0 kB
Active:           149708 kB
Inactive:        3594324 kB
Active(anon):       2680 kB
Inactive(anon):  2474308 kB
Active(file):     147028 kB
Inactive(file):  1120016 kB
Unevictable:           0 kB
Mlocked:               0 kB
SwapTotal:       4194304 kB
SwapFree:        4194304 kB
Dirty:                36 kB
Writeback:             0 kB
AnonPages:       2434384 kB
Mapped:          1002548 kB
Shmem:             42848 kB
KReclaimable:     111884 kB
Slab:             219520 kB
SReclaimable:     111884 kB
SUnreclaim:       107636 kB
KernelStack:       10432 kB
PageTables:        17104 kB
SecPageTables:         0 kB
NFS_Unstable:          0 kB
Bounce:                0 kB
WritebackTmp:          0 kB
CommitLimit:    12294732 kB
Committed_AS:    4906400 kB
VmallocTotal:   34359738367 kB
VmallocUsed:       39732 kB
VmallocChunk:          0 kB
Percpu:            14784 kB
HardwareCorrupted:     0 kB
AnonHugePages:         0 kB
ShmemHugePages:        0 kB
ShmemPmdMapped:        0 kB
FileHugePages:         0 kB
FilePmdMapped:         0 kB
Unaccepted:            0 kB
HugePages_Total:       0
HugePages_Free:        0
HugePages_Rsvd:        0
HugePages_Surp:        0
Hugepagesize:       2048 kB
Hugetlb:               0 kB
DirectMap4k:      148480 kB
DirectMap2M:     8062976 kB
DirectMap1G:    16777216 kB

/sys/kernel/mm/transparent_hugepage/enabled:
always [madvise] never
/sys/kernel/mm/transparent_hugepage/defrag (defrag/compaction efforts parameter):
always defer defer+madvise [madvise] never

Process Memory:
Virtual Size: 7263944K (peak: 15576112K)
Resident Set Size: 98308K (peak: 98308K) (anon: 40960K, file: 57348K, shmem: 0K)
Swapped out: 0K
C-Heap outstanding allocations: 43496K, retained: 3107K
glibc malloc tunables: (default)

/proc/sys/kernel/threads-max (system-wide limit on the number of threads):
126490
/proc/sys/vm/max_map_count (maximum number of memory map areas a process may have):
65530
/proc/sys/kernel/pid_max (system-wide limit on number of process identifiers):
4194304

container (cgroup) information:
container_type: cgroupv2
cpu_cpuset_cpus: not supported
cpu_memory_nodes: not supported
active_processor_count: 20
cpu_quota: not supported
cpu_period: not supported
cpu_shares: not supported
memory_limit_in_bytes: not supported
memory_and_swap_limit_in_bytes: not supported
memory_soft_limit_in_bytes: not supported
memory_usage_in_bytes: not supported
memory_max_usage_in_bytes: not supported
memory_swap_current_in_bytes: not supported
memory_swap_max_limit_in_bytes: not supported
maximum number of tasks: not supported
current number of tasks: not supported

Hyper-V virtualization detected
Steal ticks since vm start: 0
Steal ticks percentage since vm start:  0.000

CPU:total 20 (initial active 20) (16 cores per cpu, 2 threads per core) family 6 model 186 stepping 2 microcode 0xffffffff, cmov, cx8, fxsr, mmx, sse, sse2, sse3, ssse3, sse4.1, sse4.2, popcnt, avx, avx2, aes, clmul, erms, 3dnowpref, lzcnt, ht, tsc, tscinvbit, bmi1, bmi2, adx, sha, fma
CPU Model and flags from /proc/cpuinfo:
model name	: 13th Gen Intel(R) Core(TM) i9-13900H
flags		: fpu vme de pse tsc msr pae mce cx8 apic sep mtrr pge mca cmov pat pse36 clflush mmx fxsr sse sse2 ss ht syscall nx pdpe1gb rdtscp lm constant_tsc rep_good nopl xtopology tsc_reliable nonstop_tsc cpuid tsc_known_freq pni pclmulqdq vmx ssse3 fma cx16 pcid sse4_1 sse4_2 x2apic movbe popcnt tsc_deadline_timer aes xsave avx f16c rdrand hypervisor lahf_lm abm 3dnowprefetch ssbd ibrs ibpb stibp ibrs_enhanced tpr_shadow ept vpid ept_ad fsgsbase tsc_adjust bmi1 avx2 smep bmi2 erms invpcid rdseed adx smap clflushopt clwb sha_ni xsaveopt xsavec xgetbv1 xsaves avx_vnni vnmi umip waitpkg gfni vaes vpclmulqdq rdpid movdiri movdir64b fsrm md_clear serialize flush_l1d arch_capabilities
Online cpus:
0-19
Offline cpus:

BIOS frequency limitation:
<Not Available>
Frequency switch latency (ns):
<Not Available>
Available cpu frequencies:
<Not Available>
Current governor:
<Not Available>
Core performance/turbo boost:
<Not Available>

Memory: 4k page, physical 16200860k(11943104k free), swap 4194304k(4194304k free)

vm_info: OpenJDK 64-Bit Server VM (11.0.27+6-post-Ubuntu-0ubuntu122.04) for linux-amd64 JRE (11.0.27+6-post-Ubuntu-0ubuntu122.04), built on Apr 21 2025 05:59:45 by "unknown" with gcc 11.4.0

END.
