#
# A fatal error has been detected by the Java Runtime Environment:
#
#  SIGSEGV (0xb) at pc=0x00007fbc1e1530e0, pid=4115, tid=4116
#
# JRE version: OpenJDK Runtime Environment (11.0.27+6) (build 11.0.27+6-post-Ubuntu-0ubuntu122.04)
# Java VM: OpenJDK 64-Bit Server VM (11.0.27+6-post-Ubuntu-0ubuntu122.04, mixed mode, sharing, tiered, compressed oops, g1 gc, linux-amd64)
# Problematic frame:
# C  [libLLVM-13.so+0xc270e0]  LLVMGetInstructionParent+0x0
#
# Core dump will be written. Default location: Core dumps may be processed with "/wsl-capture-crash %t %E %p %s" (or dumping to /home/crz/compilers/Lab/core.4115)
#
# If you would like to submit a bug report, please visit:
#   https://bugs.launchpad.net/ubuntu/+source/openjdk-lts
# The crash happened outside the Java Virtual Machine in native code.
# See problematic frame for where to report the bug.
#

---------------  S U M M A R Y ------------

Command Line: Main tests/lab6_test/lab4_IRTEST.sysy tests/lab6_test/lab4_IRTEST.ll

Host: 13th Gen Intel(R) Core(TM) i9-13900H, 20 cores, 15G, Ubuntu 22.04.5 LTS
Time: Wed May 21 20:38:05 2025 CST elapsed time: 0.156574 seconds (0d 0h 0m 0s)

---------------  T H R E A D  ---------------

Current thread (0x00007fbc90015800):  JavaThread "main" [_thread_in_native, id=4116, stack(0x00007fbc971e0000,0x00007fbc972e0000)]

Stack: [0x00007fbc971e0000,0x00007fbc972e0000],  sp=0x00007fbc972de698,  free space=1017k
Native frames: (J=compiled Java code, A=aot compiled Java code, j=interpreted, Vv=VM code, C=native code)
C  [libLLVM-13.so+0xc270e0]  LLVMGetInstructionParent+0x0

Java frames: (J=compiled Java code, j=interpreted, Vv=VM code)
j  org.bytedeco.llvm.global.LLVM.LLVMGetInstructionParent(Lorg/bytedeco/llvm/LLVM/LLVMValueRef;)Lorg/bytedeco/llvm/LLVM/LLVMBasicBlockRef;+0
j  LLVMIROptimization.remove_redundant_block()Z+233
j  LLVMIROptimization.elem_dead_code()V+187
j  Main.main([Ljava/lang/String;)V+191
v  ~StubRoutines::call_stub

siginfo: si_signo: 11 (SIGSEGV), si_code: 1 (SEGV_MAPERR), si_addr: 0x0000000000000028

Register to memory mapping:

RAX=0x00007fbc6422cfa0: Java_org_bytedeco_llvm_global_LLVM_LLVMGetInstructionParent+0x0000000000000000 in /home/crz/.javacpp/cache/llvm-13.0.1-1.5.7-linux-x86_64.jar/org/bytedeco/llvm/linux-x86_64/libjniLLVM.so at 0x00007fbc64188000
RBX={method} {0x00007fbc65adb048} 'LLVMGetInstructionParent' '(Lorg/bytedeco/llvm/LLVM/LLVMValueRef;)Lorg/bytedeco/llvm/LLVM/LLVMBasicBlockRef;' in 'org/bytedeco/llvm/global/LLVM'
RCX=0x0000000000000001 is an unknown value
RDX=0x0 is NULL
RSP=0x00007fbc972de698 is pointing into the stack for thread: 0x00007fbc90015800
RBP=0x00007fbc90015b50 points into unknown readable memory: 0x00007fbc98867b60 | 60 7b 86 98 bc 7f 00 00
RSI=0x00007fbc972de720 is pointing into the stack for thread: 0x00007fbc90015800
RDI=0x0 is NULL
R8 ={method} {0x00007fbc65adb048} 'LLVMGetInstructionParent' '(Lorg/bytedeco/llvm/LLVM/LLVMValueRef;)Lorg/bytedeco/llvm/LLVM/LLVMBasicBlockRef;' in 'org/bytedeco/llvm/global/LLVM'
R9 =0x0000000000000002 is an unknown value
R10=0x00007fbc1d579cc8: <offset 0x000000000004dcc8> in /home/crz/.javacpp/cache/llvm-13.0.1-1.5.7-linux-x86_64.jar/org/bytedeco/llvm/linux-x86_64/libLLVM-13.so at 0x00007fbc1d52c000
R11=0x00007fbc1e1530e0: LLVMGetInstructionParent+0x0000000000000000 in /home/crz/.javacpp/cache/llvm-13.0.1-1.5.7-linux-x86_64.jar/org/bytedeco/llvm/linux-x86_64/libLLVM-13.so at 0x00007fbc1d52c000
R12=0x0 is NULL
R13={method} {0x00007fbc65adb048} 'LLVMGetInstructionParent' '(Lorg/bytedeco/llvm/LLVM/LLVMValueRef;)Lorg/bytedeco/llvm/LLVM/LLVMBasicBlockRef;' in 'org/bytedeco/llvm/global/LLVM'
R14=0x00007fbc972de730 is pointing into the stack for thread: 0x00007fbc90015800
R15=0x00007fbc90015800 is a thread


Registers:
RAX=0x00007fbc6422cfa0, RBX=0x00007fbc65adb048, RCX=0x0000000000000001, RDX=0x0000000000000000
RSP=0x00007fbc972de698, RBP=0x00007fbc90015b50, RSI=0x00007fbc972de720, RDI=0x0000000000000000
R8 =0x00007fbc65adb048, R9 =0x0000000000000002, R10=0x00007fbc1d579cc8, R11=0x00007fbc1e1530e0
R12=0x0000000000000000, R13=0x00007fbc65adb048, R14=0x00007fbc972de730, R15=0x00007fbc90015800
RIP=0x00007fbc1e1530e0, EFLAGS=0x0000000000010202, CSGSFS=0x002b000000000033, ERR=0x0000000000000004
  TRAPNO=0x000000000000000e

Top of Stack: (sp=0x00007fbc972de698)
0x00007fbc972de698:   00007fbc6422cfcf 00007fbc972de710
0x00007fbc972de6a8:   0000000000000000 00007fbc65adb048
0x00007fbc972de6b8:   00007fbc787cea30 00007fbc787ce736
0x00007fbc972de6c8:   00007fbc972de6c8 00007fbc65adb048 

Instructions: (pc=0x00007fbc1e1530e0)
0x00007fbc1e152fe0:   00 e8 5a f2 cf ff 48 89 e2 49 89 d8 4c 89 e9 48
0x00007fbc1e152ff0:   89 ee 48 89 c7 49 89 c4 e8 93 81 fc ff 48 83 c4
0x00007fbc1e153000:   38 4c 89 e0 5b 5d 41 5c 41 5d c3 0f 1f 44 00 00
0x00007fbc1e153010:   41 55 41 54 49 89 f4 55 53 48 89 fb 48 83 ec 38
0x00007fbc1e153020:   48 8b 05 79 8a e3 05 48 85 c0 74 54 48 8b 2d 6d
0x00007fbc1e153030:   8a e3 05 b8 01 01 00 00 41 80 3c 24 00 66 89 44
0x00007fbc1e153040:   24 20 4c 8b 6b 38 74 09 4c 89 24 24 c6 44 24 20
0x00007fbc1e153050:   03 bf 40 00 00 00 e8 e5 f1 cf ff 48 89 e2 49 89
0x00007fbc1e153060:   d8 4c 89 e9 48 89 ee 48 89 c7 49 89 c4 e8 1e 81
0x00007fbc1e153070:   fc ff 48 83 c4 38 4c 89 e0 5b 5d 41 5c 41 5d c3
0x00007fbc1e153080:   48 8d 15 c9 9c ff ff 48 8d 35 a2 9c ff ff 48 8d
0x00007fbc1e153090:   3d 0b 8a e3 05 e8 66 df ec ff eb 90 0f 1f 40 00
0x00007fbc1e1530a0:   e9 3b 7f fc ff 66 2e 0f 1f 84 00 00 00 00 00 90
0x00007fbc1e1530b0:   e9 ab 7f fc ff 66 2e 0f 1f 84 00 00 00 00 00 90
0x00007fbc1e1530c0:   e9 8b 96 fc ff 66 2e 0f 1f 84 00 00 00 00 00 90
0x00007fbc1e1530d0:   e9 fb 95 fc ff 66 2e 0f 1f 84 00 00 00 00 00 90
0x00007fbc1e1530e0:   48 8b 47 28 c3 66 2e 0f 1f 84 00 00 00 00 00 90
0x00007fbc1e1530f0:   48 8b 47 30 48 83 c7 28 48 39 f8 74 13 48 85 c0
0x00007fbc1e153100:   74 0e 48 83 e8 18 c3 66 0f 1f 84 00 00 00 00 00
0x00007fbc1e153110:   31 c0 c3 66 2e 0f 1f 84 00 00 00 00 00 0f 1f 00
0x00007fbc1e153120:   48 8d 47 28 48 39 47 30 74 16 48 8b 47 28 48 8d
0x00007fbc1e153130:   50 e8 48 85 c0 48 0f 45 c2 c3 66 0f 1f 44 00 00
0x00007fbc1e153140:   31 c0 c3 66 2e 0f 1f 84 00 00 00 00 00 0f 1f 00
0x00007fbc1e153150:   48 85 ff 0f 84 98 0c d0 ff 48 8b 57 28 48 8b 47
0x00007fbc1e153160:   20 48 83 c2 28 48 39 d0 74 0e 48 85 c0 74 09 48
0x00007fbc1e153170:   83 e8 18 c3 0f 1f 40 00 31 c0 c3 0f 1f 44 00 00
0x00007fbc1e153180:   ba 00 00 00 00 48 8d 47 18 48 85 ff 48 0f 44 c2
0x00007fbc1e153190:   48 8b 57 28 48 39 42 30 74 16 48 8b 00 48 8d 50
0x00007fbc1e1531a0:   e8 48 85 c0 48 0f 45 c2 c3 0f 1f 80 00 00 00 00
0x00007fbc1e1531b0:   31 c0 c3 66 2e 0f 1f 84 00 00 00 00 00 0f 1f 00
0x00007fbc1e1531c0:   e9 4b 19 09 00 66 2e 0f 1f 84 00 00 00 00 00 90
0x00007fbc1e1531d0:   e9 6b 19 09 00 66 2e 0f 1f 84 00 00 00 00 00 90 


Stack slot to memory mapping:
stack at sp + 0 slots: 0x00007fbc6422cfcf: Java_org_bytedeco_llvm_global_LLVM_LLVMGetInstructionParent+0x000000000000002f in /home/crz/.javacpp/cache/llvm-13.0.1-1.5.7-linux-x86_64.jar/org/bytedeco/llvm/linux-x86_64/libjniLLVM.so at 0x00007fbc64188000
stack at sp + 1 slots: 0x00007fbc972de710 is pointing into the stack for thread: 0x00007fbc90015800
stack at sp + 2 slots: 0x0 is NULL
stack at sp + 3 slots: {method} {0x00007fbc65adb048} 'LLVMGetInstructionParent' '(Lorg/bytedeco/llvm/LLVM/LLVMValueRef;)Lorg/bytedeco/llvm/LLVM/LLVMBasicBlockRef;' in 'org/bytedeco/llvm/global/LLVM'
stack at sp + 4 slots: 0x00007fbc787cea30 is at code_begin+944 in an Interpreter codelet
method entry point (kind = native)  [0x00007fbc787ce680, 0x00007fbc787cf000]  2432 bytes
stack at sp + 5 slots: 0x00007fbc787ce736 is at code_begin+182 in an Interpreter codelet
method entry point (kind = native)  [0x00007fbc787ce680, 0x00007fbc787cf000]  2432 bytes
stack at sp + 6 slots: 0x00007fbc972de6c8 is pointing into the stack for thread: 0x00007fbc90015800
stack at sp + 7 slots: {method} {0x00007fbc65adb048} 'LLVMGetInstructionParent' '(Lorg/bytedeco/llvm/LLVM/LLVMValueRef;)Lorg/bytedeco/llvm/LLVM/LLVMBasicBlockRef;' in 'org/bytedeco/llvm/global/LLVM'


---------------  P R O C E S S  ---------------

Threads class SMR info:
_java_thread_list=0x00007fbc401c7c70, length=12, elements={
0x00007fbc90015800, 0x00007fbc901ec000, 0x00007fbc901ee800, 0x00007fbc901f4000,
0x00007fbc901f6000, 0x00007fbc901f8000, 0x00007fbc901fa000, 0x00007fbc901fc000,
0x00007fbc3c09e000, 0x00007fbc90237000, 0x00007fbc903bd800, 0x00007fbc401c6800
}

Java Threads: ( => current thread )
=>0x00007fbc90015800 JavaThread "main" [_thread_in_native, id=4116, stack(0x00007fbc971e0000,0x00007fbc972e0000)]
  0x00007fbc901ec000 JavaThread "Reference Handler" daemon [_thread_blocked, id=4123, stack(0x00007fbc6537c000,0x00007fbc6547c000)]
  0x00007fbc901ee800 JavaThread "Finalizer" daemon [_thread_blocked, id=4124, stack(0x00007fbc6527c000,0x00007fbc6537c000)]
  0x00007fbc901f4000 JavaThread "Signal Dispatcher" daemon [_thread_blocked, id=4125, stack(0x00007fbc64b8f000,0x00007fbc64c8f000)]
  0x00007fbc901f6000 JavaThread "Service Thread" daemon [_thread_blocked, id=4126, stack(0x00007fbc64a8f000,0x00007fbc64b8f000)]
  0x00007fbc901f8000 JavaThread "C2 CompilerThread0" daemon [_thread_blocked, id=4127, stack(0x00007fbc6498f000,0x00007fbc64a8f000)]
  0x00007fbc901fa000 JavaThread "C1 CompilerThread0" daemon [_thread_blocked, id=4128, stack(0x00007fbc6488f000,0x00007fbc6498f000)]
  0x00007fbc901fc000 JavaThread "Sweeper thread" daemon [_thread_blocked, id=4129, stack(0x00007fbc6478f000,0x00007fbc6488f000)]
  0x00007fbc3c09e000 JavaThread "C1 CompilerThread1" daemon [_thread_blocked, id=4130, stack(0x00007fbc6468f000,0x00007fbc6478f000)]
  0x00007fbc90237000 JavaThread "Common-Cleaner" daemon [_thread_blocked, id=4132, stack(0x00007fbc6448e000,0x00007fbc6458e000)]
  0x00007fbc903bd800 JavaThread "JavaCPP Deallocator" daemon [_thread_blocked, id=4133, stack(0x00007fbc6438e000,0x00007fbc6448e000)]
  0x00007fbc401c6800 JavaThread "C2 CompilerThread1" daemon [_thread_blocked, id=4134, stack(0x00007fbc6428e000,0x00007fbc6438e000)]

Other Threads:
  0x00007fbc901e9800 VMThread "VM Thread" [stack: 0x00007fbc6547d000,0x00007fbc6557d000] [id=4122]
  0x00007fbc90235000 WatcherThread [stack: 0x00007fbc6458f000,0x00007fbc6468f000] [id=4131]
  0x00007fbc9002f800 GCTaskThread "GC Thread#0" [stack: 0x00007fbc96eb0000,0x00007fbc96fb0000] [id=4117]
  0x00007fbc9008d800 ConcurrentGCThread "G1 Main Marker" [stack: 0x00007fbc94578000,0x00007fbc94678000] [id=4118]
  0x00007fbc9008f800 ConcurrentGCThread "G1 Conc#0" [stack: 0x00007fbc94477000,0x00007fbc94577000] [id=4119]
  0x00007fbc901ab000 ConcurrentGCThread "G1 Refine#0" [stack: 0x00007fbc65f00000,0x00007fbc66000000] [id=4120]
  0x00007fbc901ac800 ConcurrentGCThread "G1 Young RemSet Sampling" [stack: 0x00007fbc65dff000,0x00007fbc65eff000] [id=4121]

Threads with active compile tasks:

VM state:not at safepoint (normal execution)

VM Mutex/Monitor currently owned by a thread: None

Heap address: 0x0000000708a00000, size: 3958 MB, Compressed Oops mode: Zero based, Oop shift amount: 3
Narrow klass base: 0x0000000800000000, Narrow klass shift: 3
Compressed class space size: 1073741824 Address: 0x0000000840000000

Heap:
 garbage-first heap   total 256000K, used 9936K [0x0000000708a00000, 0x0000000800000000)
  region size 1024K, 10 young (10240K), 0 survivors (0K)
 Metaspace       used 3716K, capacity 6659K, committed 6912K, reserved 1056768K
  class space    used 395K, capacity 686K, committed 768K, reserved 1048576K
Heap Regions: E=young(eden), S=young(survivor), O=old, HS=humongous(starts), HC=humongous(continues), CS=collection set, F=free, A=archive, TAMS=top-at-mark-start (previous, next)
|   0|0x0000000708a00000, 0x0000000708a00000, 0x0000000708b00000|  0%| F|  |TAMS 0x0000000708a00000, 0x0000000708a00000| Untracked 
|   1|0x0000000708b00000, 0x0000000708b00000, 0x0000000708c00000|  0%| F|  |TAMS 0x0000000708b00000, 0x0000000708b00000| Untracked 
|   2|0x0000000708c00000, 0x0000000708c00000, 0x0000000708d00000|  0%| F|  |TAMS 0x0000000708c00000, 0x0000000708c00000| Untracked 
|   3|0x0000000708d00000, 0x0000000708d00000, 0x0000000708e00000|  0%| F|  |TAMS 0x0000000708d00000, 0x0000000708d00000| Untracked 
|   4|0x0000000708e00000, 0x0000000708e00000, 0x0000000708f00000|  0%| F|  |TAMS 0x0000000708e00000, 0x0000000708e00000| Untracked 
|   5|0x0000000708f00000, 0x0000000708f00000, 0x0000000709000000|  0%| F|  |TAMS 0x0000000708f00000, 0x0000000708f00000| Untracked 
|   6|0x0000000709000000, 0x0000000709000000, 0x0000000709100000|  0%| F|  |TAMS 0x0000000709000000, 0x0000000709000000| Untracked 
|   7|0x0000000709100000, 0x0000000709100000, 0x0000000709200000|  0%| F|  |TAMS 0x0000000709100000, 0x0000000709100000| Untracked 
|   8|0x0000000709200000, 0x0000000709200000, 0x0000000709300000|  0%| F|  |TAMS 0x0000000709200000, 0x0000000709200000| Untracked 
|   9|0x0000000709300000, 0x0000000709300000, 0x0000000709400000|  0%| F|  |TAMS 0x0000000709300000, 0x0000000709300000| Untracked 
|  10|0x0000000709400000, 0x0000000709400000, 0x0000000709500000|  0%| F|  |TAMS 0x0000000709400000, 0x0000000709400000| Untracked 
|  11|0x0000000709500000, 0x0000000709500000, 0x0000000709600000|  0%| F|  |TAMS 0x0000000709500000, 0x0000000709500000| Untracked 
|  12|0x0000000709600000, 0x0000000709600000, 0x0000000709700000|  0%| F|  |TAMS 0x0000000709600000, 0x0000000709600000| Untracked 
|  13|0x0000000709700000, 0x0000000709700000, 0x0000000709800000|  0%| F|  |TAMS 0x0000000709700000, 0x0000000709700000| Untracked 
|  14|0x0000000709800000, 0x0000000709800000, 0x0000000709900000|  0%| F|  |TAMS 0x0000000709800000, 0x0000000709800000| Untracked 
|  15|0x0000000709900000, 0x0000000709900000, 0x0000000709a00000|  0%| F|  |TAMS 0x0000000709900000, 0x0000000709900000| Untracked 
|  16|0x0000000709a00000, 0x0000000709a00000, 0x0000000709b00000|  0%| F|  |TAMS 0x0000000709a00000, 0x0000000709a00000| Untracked 
|  17|0x0000000709b00000, 0x0000000709b00000, 0x0000000709c00000|  0%| F|  |TAMS 0x0000000709b00000, 0x0000000709b00000| Untracked 
|  18|0x0000000709c00000, 0x0000000709c00000, 0x0000000709d00000|  0%| F|  |TAMS 0x0000000709c00000, 0x0000000709c00000| Untracked 
|  19|0x0000000709d00000, 0x0000000709d00000, 0x0000000709e00000|  0%| F|  |TAMS 0x0000000709d00000, 0x0000000709d00000| Untracked 
|  20|0x0000000709e00000, 0x0000000709e00000, 0x0000000709f00000|  0%| F|  |TAMS 0x0000000709e00000, 0x0000000709e00000| Untracked 
|  21|0x0000000709f00000, 0x0000000709f00000, 0x000000070a000000|  0%| F|  |TAMS 0x0000000709f00000, 0x0000000709f00000| Untracked 
|  22|0x000000070a000000, 0x000000070a000000, 0x000000070a100000|  0%| F|  |TAMS 0x000000070a000000, 0x000000070a000000| Untracked 
|  23|0x000000070a100000, 0x000000070a100000, 0x000000070a200000|  0%| F|  |TAMS 0x000000070a100000, 0x000000070a100000| Untracked 
|  24|0x000000070a200000, 0x000000070a200000, 0x000000070a300000|  0%| F|  |TAMS 0x000000070a200000, 0x000000070a200000| Untracked 
|  25|0x000000070a300000, 0x000000070a300000, 0x000000070a400000|  0%| F|  |TAMS 0x000000070a300000, 0x000000070a300000| Untracked 
|  26|0x000000070a400000, 0x000000070a400000, 0x000000070a500000|  0%| F|  |TAMS 0x000000070a400000, 0x000000070a400000| Untracked 
|  27|0x000000070a500000, 0x000000070a500000, 0x000000070a600000|  0%| F|  |TAMS 0x000000070a500000, 0x000000070a500000| Untracked 
|  28|0x000000070a600000, 0x000000070a600000, 0x000000070a700000|  0%| F|  |TAMS 0x000000070a600000, 0x000000070a600000| Untracked 
|  29|0x000000070a700000, 0x000000070a700000, 0x000000070a800000|  0%| F|  |TAMS 0x000000070a700000, 0x000000070a700000| Untracked 
|  30|0x000000070a800000, 0x000000070a800000, 0x000000070a900000|  0%| F|  |TAMS 0x000000070a800000, 0x000000070a800000| Untracked 
|  31|0x000000070a900000, 0x000000070a900000, 0x000000070aa00000|  0%| F|  |TAMS 0x000000070a900000, 0x000000070a900000| Untracked 
|  32|0x000000070aa00000, 0x000000070aa00000, 0x000000070ab00000|  0%| F|  |TAMS 0x000000070aa00000, 0x000000070aa00000| Untracked 
|  33|0x000000070ab00000, 0x000000070ab00000, 0x000000070ac00000|  0%| F|  |TAMS 0x000000070ab00000, 0x000000070ab00000| Untracked 
|  34|0x000000070ac00000, 0x000000070ac00000, 0x000000070ad00000|  0%| F|  |TAMS 0x000000070ac00000, 0x000000070ac00000| Untracked 
|  35|0x000000070ad00000, 0x000000070ad00000, 0x000000070ae00000|  0%| F|  |TAMS 0x000000070ad00000, 0x000000070ad00000| Untracked 
|  36|0x000000070ae00000, 0x000000070ae00000, 0x000000070af00000|  0%| F|  |TAMS 0x000000070ae00000, 0x000000070ae00000| Untracked 
|  37|0x000000070af00000, 0x000000070af00000, 0x000000070b000000|  0%| F|  |TAMS 0x000000070af00000, 0x000000070af00000| Untracked 
|  38|0x000000070b000000, 0x000000070b000000, 0x000000070b100000|  0%| F|  |TAMS 0x000000070b000000, 0x000000070b000000| Untracked 
|  39|0x000000070b100000, 0x000000070b100000, 0x000000070b200000|  0%| F|  |TAMS 0x000000070b100000, 0x000000070b100000| Untracked 
|  40|0x000000070b200000, 0x000000070b200000, 0x000000070b300000|  0%| F|  |TAMS 0x000000070b200000, 0x000000070b200000| Untracked 
|  41|0x000000070b300000, 0x000000070b300000, 0x000000070b400000|  0%| F|  |TAMS 0x000000070b300000, 0x000000070b300000| Untracked 
|  42|0x000000070b400000, 0x000000070b400000, 0x000000070b500000|  0%| F|  |TAMS 0x000000070b400000, 0x000000070b400000| Untracked 
|  43|0x000000070b500000, 0x000000070b500000, 0x000000070b600000|  0%| F|  |TAMS 0x000000070b500000, 0x000000070b500000| Untracked 
|  44|0x000000070b600000, 0x000000070b600000, 0x000000070b700000|  0%| F|  |TAMS 0x000000070b600000, 0x000000070b600000| Untracked 
|  45|0x000000070b700000, 0x000000070b700000, 0x000000070b800000|  0%| F|  |TAMS 0x000000070b700000, 0x000000070b700000| Untracked 
|  46|0x000000070b800000, 0x000000070b800000, 0x000000070b900000|  0%| F|  |TAMS 0x000000070b800000, 0x000000070b800000| Untracked 
|  47|0x000000070b900000, 0x000000070b900000, 0x000000070ba00000|  0%| F|  |TAMS 0x000000070b900000, 0x000000070b900000| Untracked 
|  48|0x000000070ba00000, 0x000000070ba00000, 0x000000070bb00000|  0%| F|  |TAMS 0x000000070ba00000, 0x000000070ba00000| Untracked 
|  49|0x000000070bb00000, 0x000000070bb00000, 0x000000070bc00000|  0%| F|  |TAMS 0x000000070bb00000, 0x000000070bb00000| Untracked 
|  50|0x000000070bc00000, 0x000000070bc00000, 0x000000070bd00000|  0%| F|  |TAMS 0x000000070bc00000, 0x000000070bc00000| Untracked 
|  51|0x000000070bd00000, 0x000000070bd00000, 0x000000070be00000|  0%| F|  |TAMS 0x000000070bd00000, 0x000000070bd00000| Untracked 
|  52|0x000000070be00000, 0x000000070be00000, 0x000000070bf00000|  0%| F|  |TAMS 0x000000070be00000, 0x000000070be00000| Untracked 
|  53|0x000000070bf00000, 0x000000070bf00000, 0x000000070c000000|  0%| F|  |TAMS 0x000000070bf00000, 0x000000070bf00000| Untracked 
|  54|0x000000070c000000, 0x000000070c000000, 0x000000070c100000|  0%| F|  |TAMS 0x000000070c000000, 0x000000070c000000| Untracked 
|  55|0x000000070c100000, 0x000000070c100000, 0x000000070c200000|  0%| F|  |TAMS 0x000000070c100000, 0x000000070c100000| Untracked 
|  56|0x000000070c200000, 0x000000070c200000, 0x000000070c300000|  0%| F|  |TAMS 0x000000070c200000, 0x000000070c200000| Untracked 
|  57|0x000000070c300000, 0x000000070c300000, 0x000000070c400000|  0%| F|  |TAMS 0x000000070c300000, 0x000000070c300000| Untracked 
|  58|0x000000070c400000, 0x000000070c400000, 0x000000070c500000|  0%| F|  |TAMS 0x000000070c400000, 0x000000070c400000| Untracked 
|  59|0x000000070c500000, 0x000000070c500000, 0x000000070c600000|  0%| F|  |TAMS 0x000000070c500000, 0x000000070c500000| Untracked 
|  60|0x000000070c600000, 0x000000070c600000, 0x000000070c700000|  0%| F|  |TAMS 0x000000070c600000, 0x000000070c600000| Untracked 
|  61|0x000000070c700000, 0x000000070c700000, 0x000000070c800000|  0%| F|  |TAMS 0x000000070c700000, 0x000000070c700000| Untracked 
|  62|0x000000070c800000, 0x000000070c800000, 0x000000070c900000|  0%| F|  |TAMS 0x000000070c800000, 0x000000070c800000| Untracked 
|  63|0x000000070c900000, 0x000000070c900000, 0x000000070ca00000|  0%| F|  |TAMS 0x000000070c900000, 0x000000070c900000| Untracked 
|  64|0x000000070ca00000, 0x000000070ca00000, 0x000000070cb00000|  0%| F|  |TAMS 0x000000070ca00000, 0x000000070ca00000| Untracked 
|  65|0x000000070cb00000, 0x000000070cb00000, 0x000000070cc00000|  0%| F|  |TAMS 0x000000070cb00000, 0x000000070cb00000| Untracked 
|  66|0x000000070cc00000, 0x000000070cc00000, 0x000000070cd00000|  0%| F|  |TAMS 0x000000070cc00000, 0x000000070cc00000| Untracked 
|  67|0x000000070cd00000, 0x000000070cd00000, 0x000000070ce00000|  0%| F|  |TAMS 0x000000070cd00000, 0x000000070cd00000| Untracked 
|  68|0x000000070ce00000, 0x000000070ce00000, 0x000000070cf00000|  0%| F|  |TAMS 0x000000070ce00000, 0x000000070ce00000| Untracked 
|  69|0x000000070cf00000, 0x000000070cf00000, 0x000000070d000000|  0%| F|  |TAMS 0x000000070cf00000, 0x000000070cf00000| Untracked 
|  70|0x000000070d000000, 0x000000070d000000, 0x000000070d100000|  0%| F|  |TAMS 0x000000070d000000, 0x000000070d000000| Untracked 
|  71|0x000000070d100000, 0x000000070d100000, 0x000000070d200000|  0%| F|  |TAMS 0x000000070d100000, 0x000000070d100000| Untracked 
|  72|0x000000070d200000, 0x000000070d200000, 0x000000070d300000|  0%| F|  |TAMS 0x000000070d200000, 0x000000070d200000| Untracked 
|  73|0x000000070d300000, 0x000000070d300000, 0x000000070d400000|  0%| F|  |TAMS 0x000000070d300000, 0x000000070d300000| Untracked 
|  74|0x000000070d400000, 0x000000070d400000, 0x000000070d500000|  0%| F|  |TAMS 0x000000070d400000, 0x000000070d400000| Untracked 
|  75|0x000000070d500000, 0x000000070d500000, 0x000000070d600000|  0%| F|  |TAMS 0x000000070d500000, 0x000000070d500000| Untracked 
|  76|0x000000070d600000, 0x000000070d600000, 0x000000070d700000|  0%| F|  |TAMS 0x000000070d600000, 0x000000070d600000| Untracked 
|  77|0x000000070d700000, 0x000000070d700000, 0x000000070d800000|  0%| F|  |TAMS 0x000000070d700000, 0x000000070d700000| Untracked 
|  78|0x000000070d800000, 0x000000070d800000, 0x000000070d900000|  0%| F|  |TAMS 0x000000070d800000, 0x000000070d800000| Untracked 
|  79|0x000000070d900000, 0x000000070d900000, 0x000000070da00000|  0%| F|  |TAMS 0x000000070d900000, 0x000000070d900000| Untracked 
|  80|0x000000070da00000, 0x000000070da00000, 0x000000070db00000|  0%| F|  |TAMS 0x000000070da00000, 0x000000070da00000| Untracked 
|  81|0x000000070db00000, 0x000000070db00000, 0x000000070dc00000|  0%| F|  |TAMS 0x000000070db00000, 0x000000070db00000| Untracked 
|  82|0x000000070dc00000, 0x000000070dc00000, 0x000000070dd00000|  0%| F|  |TAMS 0x000000070dc00000, 0x000000070dc00000| Untracked 
|  83|0x000000070dd00000, 0x000000070dd00000, 0x000000070de00000|  0%| F|  |TAMS 0x000000070dd00000, 0x000000070dd00000| Untracked 
|  84|0x000000070de00000, 0x000000070de00000, 0x000000070df00000|  0%| F|  |TAMS 0x000000070de00000, 0x000000070de00000| Untracked 
|  85|0x000000070df00000, 0x000000070df00000, 0x000000070e000000|  0%| F|  |TAMS 0x000000070df00000, 0x000000070df00000| Untracked 
|  86|0x000000070e000000, 0x000000070e000000, 0x000000070e100000|  0%| F|  |TAMS 0x000000070e000000, 0x000000070e000000| Untracked 
|  87|0x000000070e100000, 0x000000070e100000, 0x000000070e200000|  0%| F|  |TAMS 0x000000070e100000, 0x000000070e100000| Untracked 
|  88|0x000000070e200000, 0x000000070e200000, 0x000000070e300000|  0%| F|  |TAMS 0x000000070e200000, 0x000000070e200000| Untracked 
|  89|0x000000070e300000, 0x000000070e300000, 0x000000070e400000|  0%| F|  |TAMS 0x000000070e300000, 0x000000070e300000| Untracked 
|  90|0x000000070e400000, 0x000000070e400000, 0x000000070e500000|  0%| F|  |TAMS 0x000000070e400000, 0x000000070e400000| Untracked 
|  91|0x000000070e500000, 0x000000070e500000, 0x000000070e600000|  0%| F|  |TAMS 0x000000070e500000, 0x000000070e500000| Untracked 
|  92|0x000000070e600000, 0x000000070e600000, 0x000000070e700000|  0%| F|  |TAMS 0x000000070e600000, 0x000000070e600000| Untracked 
|  93|0x000000070e700000, 0x000000070e700000, 0x000000070e800000|  0%| F|  |TAMS 0x000000070e700000, 0x000000070e700000| Untracked 
|  94|0x000000070e800000, 0x000000070e800000, 0x000000070e900000|  0%| F|  |TAMS 0x000000070e800000, 0x000000070e800000| Untracked 
|  95|0x000000070e900000, 0x000000070e900000, 0x000000070ea00000|  0%| F|  |TAMS 0x000000070e900000, 0x000000070e900000| Untracked 
|  96|0x000000070ea00000, 0x000000070ea00000, 0x000000070eb00000|  0%| F|  |TAMS 0x000000070ea00000, 0x000000070ea00000| Untracked 
|  97|0x000000070eb00000, 0x000000070eb00000, 0x000000070ec00000|  0%| F|  |TAMS 0x000000070eb00000, 0x000000070eb00000| Untracked 
|  98|0x000000070ec00000, 0x000000070ec00000, 0x000000070ed00000|  0%| F|  |TAMS 0x000000070ec00000, 0x000000070ec00000| Untracked 
|  99|0x000000070ed00000, 0x000000070ed00000, 0x000000070ee00000|  0%| F|  |TAMS 0x000000070ed00000, 0x000000070ed00000| Untracked 
| 100|0x000000070ee00000, 0x000000070ee00000, 0x000000070ef00000|  0%| F|  |TAMS 0x000000070ee00000, 0x000000070ee00000| Untracked 
| 101|0x000000070ef00000, 0x000000070ef00000, 0x000000070f000000|  0%| F|  |TAMS 0x000000070ef00000, 0x000000070ef00000| Untracked 
| 102|0x000000070f000000, 0x000000070f000000, 0x000000070f100000|  0%| F|  |TAMS 0x000000070f000000, 0x000000070f000000| Untracked 
| 103|0x000000070f100000, 0x000000070f100000, 0x000000070f200000|  0%| F|  |TAMS 0x000000070f100000, 0x000000070f100000| Untracked 
| 104|0x000000070f200000, 0x000000070f200000, 0x000000070f300000|  0%| F|  |TAMS 0x000000070f200000, 0x000000070f200000| Untracked 
| 105|0x000000070f300000, 0x000000070f300000, 0x000000070f400000|  0%| F|  |TAMS 0x000000070f300000, 0x000000070f300000| Untracked 
| 106|0x000000070f400000, 0x000000070f400000, 0x000000070f500000|  0%| F|  |TAMS 0x000000070f400000, 0x000000070f400000| Untracked 
| 107|0x000000070f500000, 0x000000070f500000, 0x000000070f600000|  0%| F|  |TAMS 0x000000070f500000, 0x000000070f500000| Untracked 
| 108|0x000000070f600000, 0x000000070f600000, 0x000000070f700000|  0%| F|  |TAMS 0x000000070f600000, 0x000000070f600000| Untracked 
| 109|0x000000070f700000, 0x000000070f700000, 0x000000070f800000|  0%| F|  |TAMS 0x000000070f700000, 0x000000070f700000| Untracked 
| 110|0x000000070f800000, 0x000000070f800000, 0x000000070f900000|  0%| F|  |TAMS 0x000000070f800000, 0x000000070f800000| Untracked 
| 111|0x000000070f900000, 0x000000070f900000, 0x000000070fa00000|  0%| F|  |TAMS 0x000000070f900000, 0x000000070f900000| Untracked 
| 112|0x000000070fa00000, 0x000000070fa00000, 0x000000070fb00000|  0%| F|  |TAMS 0x000000070fa00000, 0x000000070fa00000| Untracked 
| 113|0x000000070fb00000, 0x000000070fb00000, 0x000000070fc00000|  0%| F|  |TAMS 0x000000070fb00000, 0x000000070fb00000| Untracked 
| 114|0x000000070fc00000, 0x000000070fc00000, 0x000000070fd00000|  0%| F|  |TAMS 0x000000070fc00000, 0x000000070fc00000| Untracked 
| 115|0x000000070fd00000, 0x000000070fd00000, 0x000000070fe00000|  0%| F|  |TAMS 0x000000070fd00000, 0x000000070fd00000| Untracked 
| 116|0x000000070fe00000, 0x000000070fe00000, 0x000000070ff00000|  0%| F|  |TAMS 0x000000070fe00000, 0x000000070fe00000| Untracked 
| 117|0x000000070ff00000, 0x000000070ff00000, 0x0000000710000000|  0%| F|  |TAMS 0x000000070ff00000, 0x000000070ff00000| Untracked 
| 118|0x0000000710000000, 0x0000000710000000, 0x0000000710100000|  0%| F|  |TAMS 0x0000000710000000, 0x0000000710000000| Untracked 
| 119|0x0000000710100000, 0x0000000710100000, 0x0000000710200000|  0%| F|  |TAMS 0x0000000710100000, 0x0000000710100000| Untracked 
| 120|0x0000000710200000, 0x0000000710200000, 0x0000000710300000|  0%| F|  |TAMS 0x0000000710200000, 0x0000000710200000| Untracked 
| 121|0x0000000710300000, 0x0000000710300000, 0x0000000710400000|  0%| F|  |TAMS 0x0000000710300000, 0x0000000710300000| Untracked 
| 122|0x0000000710400000, 0x0000000710400000, 0x0000000710500000|  0%| F|  |TAMS 0x0000000710400000, 0x0000000710400000| Untracked 
| 123|0x0000000710500000, 0x0000000710500000, 0x0000000710600000|  0%| F|  |TAMS 0x0000000710500000, 0x0000000710500000| Untracked 
| 124|0x0000000710600000, 0x0000000710600000, 0x0000000710700000|  0%| F|  |TAMS 0x0000000710600000, 0x0000000710600000| Untracked 
| 125|0x0000000710700000, 0x0000000710700000, 0x0000000710800000|  0%| F|  |TAMS 0x0000000710700000, 0x0000000710700000| Untracked 
| 126|0x0000000710800000, 0x0000000710800000, 0x0000000710900000|  0%| F|  |TAMS 0x0000000710800000, 0x0000000710800000| Untracked 
| 127|0x0000000710900000, 0x0000000710900000, 0x0000000710a00000|  0%| F|  |TAMS 0x0000000710900000, 0x0000000710900000| Untracked 
| 128|0x0000000710a00000, 0x0000000710a00000, 0x0000000710b00000|  0%| F|  |TAMS 0x0000000710a00000, 0x0000000710a00000| Untracked 
| 129|0x0000000710b00000, 0x0000000710b00000, 0x0000000710c00000|  0%| F|  |TAMS 0x0000000710b00000, 0x0000000710b00000| Untracked 
| 130|0x0000000710c00000, 0x0000000710c00000, 0x0000000710d00000|  0%| F|  |TAMS 0x0000000710c00000, 0x0000000710c00000| Untracked 
| 131|0x0000000710d00000, 0x0000000710d00000, 0x0000000710e00000|  0%| F|  |TAMS 0x0000000710d00000, 0x0000000710d00000| Untracked 
| 132|0x0000000710e00000, 0x0000000710e00000, 0x0000000710f00000|  0%| F|  |TAMS 0x0000000710e00000, 0x0000000710e00000| Untracked 
| 133|0x0000000710f00000, 0x0000000710f00000, 0x0000000711000000|  0%| F|  |TAMS 0x0000000710f00000, 0x0000000710f00000| Untracked 
| 134|0x0000000711000000, 0x0000000711000000, 0x0000000711100000|  0%| F|  |TAMS 0x0000000711000000, 0x0000000711000000| Untracked 
| 135|0x0000000711100000, 0x0000000711100000, 0x0000000711200000|  0%| F|  |TAMS 0x0000000711100000, 0x0000000711100000| Untracked 
| 136|0x0000000711200000, 0x0000000711200000, 0x0000000711300000|  0%| F|  |TAMS 0x0000000711200000, 0x0000000711200000| Untracked 
| 137|0x0000000711300000, 0x0000000711300000, 0x0000000711400000|  0%| F|  |TAMS 0x0000000711300000, 0x0000000711300000| Untracked 
| 138|0x0000000711400000, 0x0000000711400000, 0x0000000711500000|  0%| F|  |TAMS 0x0000000711400000, 0x0000000711400000| Untracked 
| 139|0x0000000711500000, 0x0000000711500000, 0x0000000711600000|  0%| F|  |TAMS 0x0000000711500000, 0x0000000711500000| Untracked 
| 140|0x0000000711600000, 0x0000000711600000, 0x0000000711700000|  0%| F|  |TAMS 0x0000000711600000, 0x0000000711600000| Untracked 
| 141|0x0000000711700000, 0x0000000711700000, 0x0000000711800000|  0%| F|  |TAMS 0x0000000711700000, 0x0000000711700000| Untracked 
| 142|0x0000000711800000, 0x0000000711800000, 0x0000000711900000|  0%| F|  |TAMS 0x0000000711800000, 0x0000000711800000| Untracked 
| 143|0x0000000711900000, 0x0000000711900000, 0x0000000711a00000|  0%| F|  |TAMS 0x0000000711900000, 0x0000000711900000| Untracked 
| 144|0x0000000711a00000, 0x0000000711a00000, 0x0000000711b00000|  0%| F|  |TAMS 0x0000000711a00000, 0x0000000711a00000| Untracked 
| 145|0x0000000711b00000, 0x0000000711b00000, 0x0000000711c00000|  0%| F|  |TAMS 0x0000000711b00000, 0x0000000711b00000| Untracked 
| 146|0x0000000711c00000, 0x0000000711c00000, 0x0000000711d00000|  0%| F|  |TAMS 0x0000000711c00000, 0x0000000711c00000| Untracked 
| 147|0x0000000711d00000, 0x0000000711d00000, 0x0000000711e00000|  0%| F|  |TAMS 0x0000000711d00000, 0x0000000711d00000| Untracked 
| 148|0x0000000711e00000, 0x0000000711e00000, 0x0000000711f00000|  0%| F|  |TAMS 0x0000000711e00000, 0x0000000711e00000| Untracked 
| 149|0x0000000711f00000, 0x0000000711f00000, 0x0000000712000000|  0%| F|  |TAMS 0x0000000711f00000, 0x0000000711f00000| Untracked 
| 150|0x0000000712000000, 0x0000000712000000, 0x0000000712100000|  0%| F|  |TAMS 0x0000000712000000, 0x0000000712000000| Untracked 
| 151|0x0000000712100000, 0x0000000712100000, 0x0000000712200000|  0%| F|  |TAMS 0x0000000712100000, 0x0000000712100000| Untracked 
| 152|0x0000000712200000, 0x0000000712200000, 0x0000000712300000|  0%| F|  |TAMS 0x0000000712200000, 0x0000000712200000| Untracked 
| 153|0x0000000712300000, 0x0000000712300000, 0x0000000712400000|  0%| F|  |TAMS 0x0000000712300000, 0x0000000712300000| Untracked 
| 154|0x0000000712400000, 0x0000000712400000, 0x0000000712500000|  0%| F|  |TAMS 0x0000000712400000, 0x0000000712400000| Untracked 
| 155|0x0000000712500000, 0x0000000712500000, 0x0000000712600000|  0%| F|  |TAMS 0x0000000712500000, 0x0000000712500000| Untracked 
| 156|0x0000000712600000, 0x0000000712600000, 0x0000000712700000|  0%| F|  |TAMS 0x0000000712600000, 0x0000000712600000| Untracked 
| 157|0x0000000712700000, 0x0000000712700000, 0x0000000712800000|  0%| F|  |TAMS 0x0000000712700000, 0x0000000712700000| Untracked 
| 158|0x0000000712800000, 0x0000000712800000, 0x0000000712900000|  0%| F|  |TAMS 0x0000000712800000, 0x0000000712800000| Untracked 
| 159|0x0000000712900000, 0x0000000712900000, 0x0000000712a00000|  0%| F|  |TAMS 0x0000000712900000, 0x0000000712900000| Untracked 
| 160|0x0000000712a00000, 0x0000000712a00000, 0x0000000712b00000|  0%| F|  |TAMS 0x0000000712a00000, 0x0000000712a00000| Untracked 
| 161|0x0000000712b00000, 0x0000000712b00000, 0x0000000712c00000|  0%| F|  |TAMS 0x0000000712b00000, 0x0000000712b00000| Untracked 
| 162|0x0000000712c00000, 0x0000000712c00000, 0x0000000712d00000|  0%| F|  |TAMS 0x0000000712c00000, 0x0000000712c00000| Untracked 
| 163|0x0000000712d00000, 0x0000000712d00000, 0x0000000712e00000|  0%| F|  |TAMS 0x0000000712d00000, 0x0000000712d00000| Untracked 
| 164|0x0000000712e00000, 0x0000000712e00000, 0x0000000712f00000|  0%| F|  |TAMS 0x0000000712e00000, 0x0000000712e00000| Untracked 
| 165|0x0000000712f00000, 0x0000000712f00000, 0x0000000713000000|  0%| F|  |TAMS 0x0000000712f00000, 0x0000000712f00000| Untracked 
| 166|0x0000000713000000, 0x0000000713000000, 0x0000000713100000|  0%| F|  |TAMS 0x0000000713000000, 0x0000000713000000| Untracked 
| 167|0x0000000713100000, 0x0000000713100000, 0x0000000713200000|  0%| F|  |TAMS 0x0000000713100000, 0x0000000713100000| Untracked 
| 168|0x0000000713200000, 0x0000000713200000, 0x0000000713300000|  0%| F|  |TAMS 0x0000000713200000, 0x0000000713200000| Untracked 
| 169|0x0000000713300000, 0x0000000713300000, 0x0000000713400000|  0%| F|  |TAMS 0x0000000713300000, 0x0000000713300000| Untracked 
| 170|0x0000000713400000, 0x0000000713400000, 0x0000000713500000|  0%| F|  |TAMS 0x0000000713400000, 0x0000000713400000| Untracked 
| 171|0x0000000713500000, 0x0000000713500000, 0x0000000713600000|  0%| F|  |TAMS 0x0000000713500000, 0x0000000713500000| Untracked 
| 172|0x0000000713600000, 0x0000000713600000, 0x0000000713700000|  0%| F|  |TAMS 0x0000000713600000, 0x0000000713600000| Untracked 
| 173|0x0000000713700000, 0x0000000713700000, 0x0000000713800000|  0%| F|  |TAMS 0x0000000713700000, 0x0000000713700000| Untracked 
| 174|0x0000000713800000, 0x0000000713800000, 0x0000000713900000|  0%| F|  |TAMS 0x0000000713800000, 0x0000000713800000| Untracked 
| 175|0x0000000713900000, 0x0000000713900000, 0x0000000713a00000|  0%| F|  |TAMS 0x0000000713900000, 0x0000000713900000| Untracked 
| 176|0x0000000713a00000, 0x0000000713a00000, 0x0000000713b00000|  0%| F|  |TAMS 0x0000000713a00000, 0x0000000713a00000| Untracked 
| 177|0x0000000713b00000, 0x0000000713b00000, 0x0000000713c00000|  0%| F|  |TAMS 0x0000000713b00000, 0x0000000713b00000| Untracked 
| 178|0x0000000713c00000, 0x0000000713c00000, 0x0000000713d00000|  0%| F|  |TAMS 0x0000000713c00000, 0x0000000713c00000| Untracked 
| 179|0x0000000713d00000, 0x0000000713d00000, 0x0000000713e00000|  0%| F|  |TAMS 0x0000000713d00000, 0x0000000713d00000| Untracked 
| 180|0x0000000713e00000, 0x0000000713e00000, 0x0000000713f00000|  0%| F|  |TAMS 0x0000000713e00000, 0x0000000713e00000| Untracked 
| 181|0x0000000713f00000, 0x0000000713f00000, 0x0000000714000000|  0%| F|  |TAMS 0x0000000713f00000, 0x0000000713f00000| Untracked 
| 182|0x0000000714000000, 0x0000000714000000, 0x0000000714100000|  0%| F|  |TAMS 0x0000000714000000, 0x0000000714000000| Untracked 
| 183|0x0000000714100000, 0x0000000714100000, 0x0000000714200000|  0%| F|  |TAMS 0x0000000714100000, 0x0000000714100000| Untracked 
| 184|0x0000000714200000, 0x0000000714200000, 0x0000000714300000|  0%| F|  |TAMS 0x0000000714200000, 0x0000000714200000| Untracked 
| 185|0x0000000714300000, 0x0000000714300000, 0x0000000714400000|  0%| F|  |TAMS 0x0000000714300000, 0x0000000714300000| Untracked 
| 186|0x0000000714400000, 0x0000000714400000, 0x0000000714500000|  0%| F|  |TAMS 0x0000000714400000, 0x0000000714400000| Untracked 
| 187|0x0000000714500000, 0x0000000714500000, 0x0000000714600000|  0%| F|  |TAMS 0x0000000714500000, 0x0000000714500000| Untracked 
| 188|0x0000000714600000, 0x0000000714600000, 0x0000000714700000|  0%| F|  |TAMS 0x0000000714600000, 0x0000000714600000| Untracked 
| 189|0x0000000714700000, 0x0000000714700000, 0x0000000714800000|  0%| F|  |TAMS 0x0000000714700000, 0x0000000714700000| Untracked 
| 190|0x0000000714800000, 0x0000000714800000, 0x0000000714900000|  0%| F|  |TAMS 0x0000000714800000, 0x0000000714800000| Untracked 
| 191|0x0000000714900000, 0x0000000714900000, 0x0000000714a00000|  0%| F|  |TAMS 0x0000000714900000, 0x0000000714900000| Untracked 
| 192|0x0000000714a00000, 0x0000000714a00000, 0x0000000714b00000|  0%| F|  |TAMS 0x0000000714a00000, 0x0000000714a00000| Untracked 
| 193|0x0000000714b00000, 0x0000000714b00000, 0x0000000714c00000|  0%| F|  |TAMS 0x0000000714b00000, 0x0000000714b00000| Untracked 
| 194|0x0000000714c00000, 0x0000000714c00000, 0x0000000714d00000|  0%| F|  |TAMS 0x0000000714c00000, 0x0000000714c00000| Untracked 
| 195|0x0000000714d00000, 0x0000000714d00000, 0x0000000714e00000|  0%| F|  |TAMS 0x0000000714d00000, 0x0000000714d00000| Untracked 
| 196|0x0000000714e00000, 0x0000000714e00000, 0x0000000714f00000|  0%| F|  |TAMS 0x0000000714e00000, 0x0000000714e00000| Untracked 
| 197|0x0000000714f00000, 0x0000000714f00000, 0x0000000715000000|  0%| F|  |TAMS 0x0000000714f00000, 0x0000000714f00000| Untracked 
| 198|0x0000000715000000, 0x0000000715000000, 0x0000000715100000|  0%| F|  |TAMS 0x0000000715000000, 0x0000000715000000| Untracked 
| 199|0x0000000715100000, 0x0000000715100000, 0x0000000715200000|  0%| F|  |TAMS 0x0000000715100000, 0x0000000715100000| Untracked 
| 200|0x0000000715200000, 0x0000000715200000, 0x0000000715300000|  0%| F|  |TAMS 0x0000000715200000, 0x0000000715200000| Untracked 
| 201|0x0000000715300000, 0x0000000715300000, 0x0000000715400000|  0%| F|  |TAMS 0x0000000715300000, 0x0000000715300000| Untracked 
| 202|0x0000000715400000, 0x0000000715400000, 0x0000000715500000|  0%| F|  |TAMS 0x0000000715400000, 0x0000000715400000| Untracked 
| 203|0x0000000715500000, 0x0000000715500000, 0x0000000715600000|  0%| F|  |TAMS 0x0000000715500000, 0x0000000715500000| Untracked 
| 204|0x0000000715600000, 0x0000000715600000, 0x0000000715700000|  0%| F|  |TAMS 0x0000000715600000, 0x0000000715600000| Untracked 
| 205|0x0000000715700000, 0x0000000715700000, 0x0000000715800000|  0%| F|  |TAMS 0x0000000715700000, 0x0000000715700000| Untracked 
| 206|0x0000000715800000, 0x0000000715800000, 0x0000000715900000|  0%| F|  |TAMS 0x0000000715800000, 0x0000000715800000| Untracked 
| 207|0x0000000715900000, 0x0000000715900000, 0x0000000715a00000|  0%| F|  |TAMS 0x0000000715900000, 0x0000000715900000| Untracked 
| 208|0x0000000715a00000, 0x0000000715a00000, 0x0000000715b00000|  0%| F|  |TAMS 0x0000000715a00000, 0x0000000715a00000| Untracked 
| 209|0x0000000715b00000, 0x0000000715b00000, 0x0000000715c00000|  0%| F|  |TAMS 0x0000000715b00000, 0x0000000715b00000| Untracked 
| 210|0x0000000715c00000, 0x0000000715c00000, 0x0000000715d00000|  0%| F|  |TAMS 0x0000000715c00000, 0x0000000715c00000| Untracked 
| 211|0x0000000715d00000, 0x0000000715d00000, 0x0000000715e00000|  0%| F|  |TAMS 0x0000000715d00000, 0x0000000715d00000| Untracked 
| 212|0x0000000715e00000, 0x0000000715e00000, 0x0000000715f00000|  0%| F|  |TAMS 0x0000000715e00000, 0x0000000715e00000| Untracked 
| 213|0x0000000715f00000, 0x0000000715f00000, 0x0000000716000000|  0%| F|  |TAMS 0x0000000715f00000, 0x0000000715f00000| Untracked 
| 214|0x0000000716000000, 0x0000000716000000, 0x0000000716100000|  0%| F|  |TAMS 0x0000000716000000, 0x0000000716000000| Untracked 
| 215|0x0000000716100000, 0x0000000716100000, 0x0000000716200000|  0%| F|  |TAMS 0x0000000716100000, 0x0000000716100000| Untracked 
| 216|0x0000000716200000, 0x0000000716200000, 0x0000000716300000|  0%| F|  |TAMS 0x0000000716200000, 0x0000000716200000| Untracked 
| 217|0x0000000716300000, 0x0000000716300000, 0x0000000716400000|  0%| F|  |TAMS 0x0000000716300000, 0x0000000716300000| Untracked 
| 218|0x0000000716400000, 0x0000000716400000, 0x0000000716500000|  0%| F|  |TAMS 0x0000000716400000, 0x0000000716400000| Untracked 
| 219|0x0000000716500000, 0x0000000716500000, 0x0000000716600000|  0%| F|  |TAMS 0x0000000716500000, 0x0000000716500000| Untracked 
| 220|0x0000000716600000, 0x0000000716600000, 0x0000000716700000|  0%| F|  |TAMS 0x0000000716600000, 0x0000000716600000| Untracked 
| 221|0x0000000716700000, 0x0000000716700000, 0x0000000716800000|  0%| F|  |TAMS 0x0000000716700000, 0x0000000716700000| Untracked 
| 222|0x0000000716800000, 0x0000000716800000, 0x0000000716900000|  0%| F|  |TAMS 0x0000000716800000, 0x0000000716800000| Untracked 
| 223|0x0000000716900000, 0x0000000716900000, 0x0000000716a00000|  0%| F|  |TAMS 0x0000000716900000, 0x0000000716900000| Untracked 
| 224|0x0000000716a00000, 0x0000000716a00000, 0x0000000716b00000|  0%| F|  |TAMS 0x0000000716a00000, 0x0000000716a00000| Untracked 
| 225|0x0000000716b00000, 0x0000000716b00000, 0x0000000716c00000|  0%| F|  |TAMS 0x0000000716b00000, 0x0000000716b00000| Untracked 
| 226|0x0000000716c00000, 0x0000000716c00000, 0x0000000716d00000|  0%| F|  |TAMS 0x0000000716c00000, 0x0000000716c00000| Untracked 
| 227|0x0000000716d00000, 0x0000000716d00000, 0x0000000716e00000|  0%| F|  |TAMS 0x0000000716d00000, 0x0000000716d00000| Untracked 
| 228|0x0000000716e00000, 0x0000000716e00000, 0x0000000716f00000|  0%| F|  |TAMS 0x0000000716e00000, 0x0000000716e00000| Untracked 
| 229|0x0000000716f00000, 0x0000000716f00000, 0x0000000717000000|  0%| F|  |TAMS 0x0000000716f00000, 0x0000000716f00000| Untracked 
| 230|0x0000000717000000, 0x0000000717000000, 0x0000000717100000|  0%| F|  |TAMS 0x0000000717000000, 0x0000000717000000| Untracked 
| 231|0x0000000717100000, 0x0000000717100000, 0x0000000717200000|  0%| F|  |TAMS 0x0000000717100000, 0x0000000717100000| Untracked 
| 232|0x0000000717200000, 0x0000000717200000, 0x0000000717300000|  0%| F|  |TAMS 0x0000000717200000, 0x0000000717200000| Untracked 
| 233|0x0000000717300000, 0x0000000717300000, 0x0000000717400000|  0%| F|  |TAMS 0x0000000717300000, 0x0000000717300000| Untracked 
| 234|0x0000000717400000, 0x0000000717400000, 0x0000000717500000|  0%| F|  |TAMS 0x0000000717400000, 0x0000000717400000| Untracked 
| 235|0x0000000717500000, 0x0000000717500000, 0x0000000717600000|  0%| F|  |TAMS 0x0000000717500000, 0x0000000717500000| Untracked 
| 236|0x0000000717600000, 0x0000000717600000, 0x0000000717700000|  0%| F|  |TAMS 0x0000000717600000, 0x0000000717600000| Untracked 
| 237|0x0000000717700000, 0x0000000717700000, 0x0000000717800000|  0%| F|  |TAMS 0x0000000717700000, 0x0000000717700000| Untracked 
| 238|0x0000000717800000, 0x0000000717900000, 0x0000000717900000|100%| E|  |TAMS 0x0000000717800000, 0x0000000717800000| Complete 
| 239|0x0000000717900000, 0x0000000717a00000, 0x0000000717a00000|100%| E|CS|TAMS 0x0000000717900000, 0x0000000717900000| Complete 
| 240|0x0000000717a00000, 0x0000000717b00000, 0x0000000717b00000|100%| E|CS|TAMS 0x0000000717a00000, 0x0000000717a00000| Complete 
| 241|0x0000000717b00000, 0x0000000717c00000, 0x0000000717c00000|100%| E|CS|TAMS 0x0000000717b00000, 0x0000000717b00000| Complete 
| 242|0x0000000717c00000, 0x0000000717d00000, 0x0000000717d00000|100%| E|CS|TAMS 0x0000000717c00000, 0x0000000717c00000| Complete 
| 243|0x0000000717d00000, 0x0000000717e00000, 0x0000000717e00000|100%| E|CS|TAMS 0x0000000717d00000, 0x0000000717d00000| Complete 
| 244|0x0000000717e00000, 0x0000000717f00000, 0x0000000717f00000|100%| E|CS|TAMS 0x0000000717e00000, 0x0000000717e00000| Complete 
| 245|0x0000000717f00000, 0x0000000718000000, 0x0000000718000000|100%| E|CS|TAMS 0x0000000717f00000, 0x0000000717f00000| Complete 
| 246|0x0000000718000000, 0x0000000718100000, 0x0000000718100000|100%| E|CS|TAMS 0x0000000718000000, 0x0000000718000000| Complete 
| 247|0x0000000718100000, 0x0000000718200000, 0x0000000718200000|100%| E|CS|TAMS 0x0000000718100000, 0x0000000718100000| Complete 
|2932|0x00000007bfe00000, 0x00000007bfe48000, 0x00000007bff00000| 28%|OA|  |TAMS 0x00000007bfe00000, 0x00000007bfe00000| Untracked 
|2933|0x00000007bff00000, 0x00000007bff6c000, 0x00000007c0000000| 42%|CA|  |TAMS 0x00000007bff00000, 0x00000007bff00000| Untracked 

Card table byte_map: [0x00007fbc9502a000,0x00007fbc957e5000] _byte_map_base: 0x00007fbc917e5000

Marking Bits (Prev, Next): (CMBitMap*) 0x00007fbc9007d488, (CMBitMap*) 0x00007fbc9007d4c0
 Prev Bits: [0x00007fbc70228000, 0x00007fbc74000000)
 Next Bits: [0x00007fbc6c450000, 0x00007fbc70228000)

Polling page: 0x00007fbc98b4e000

Metaspace:

Usage:
  Non-class:      5.83 MB capacity,     3.24 MB ( 56%) used,     2.58 MB ( 44%) free+waste,     6.38 KB ( <1%) overhead. 
      Class:    686.00 KB capacity,   395.51 KB ( 58%) used,   287.30 KB ( 42%) free+waste,     3.19 KB ( <1%) overhead. 
       Both:      6.50 MB capacity,     3.63 MB ( 56%) used,     2.86 MB ( 44%) free+waste,     9.56 KB ( <1%) overhead. 

Virtual space:
  Non-class space:        8.00 MB reserved,       6.00 MB ( 75%) committed 
      Class space:        1.00 GB reserved,     768.00 KB ( <1%) committed 
             Both:        1.01 GB reserved,       6.75 MB ( <1%) committed 

Chunk freelists:
   Non-Class:  51.00 KB
       Class:  0 bytes
        Both:  51.00 KB

MaxMetaspaceSize: unlimited
CompressedClassSpaceSize: 1.00 GB
Initial GC threshold: 20.80 MB
Current GC threshold: 20.80 MB
CDS: on

CodeHeap 'non-profiled nmethods': size=119172Kb used=217Kb max_used=217Kb free=118954Kb
 bounds [0x00007fbc8035e000, 0x00007fbc805ce000, 0x00007fbc877bf000]
CodeHeap 'profiled nmethods': size=119168Kb used=1584Kb max_used=1584Kb free=117583Kb
 bounds [0x00007fbc78efe000, 0x00007fbc7916e000, 0x00007fbc8035e000]
CodeHeap 'non-nmethods': size=7420Kb used=1708Kb max_used=1722Kb free=5711Kb
 bounds [0x00007fbc787bf000, 0x00007fbc78a2f000, 0x00007fbc78efe000]
 total_blobs=1240 nmethods=835 adapters=318
 compilation: enabled
              stopped_count=0, restarted_count=0
 full_count=0

Compilation events (20 events):
Event: 0.151 Thread 0x00007fbc901fa000 nmethod 821 0x00007fbc79084690 code [0x00007fbc79084860, 0x00007fbc79084bb0]
Event: 0.151 Thread 0x00007fbc901fa000  816       3       java.util.regex.Pattern::peek (26 bytes)
Event: 0.151 Thread 0x00007fbc901fa000 nmethod 816 0x00007fbc79084c90 code [0x00007fbc79084e60, 0x00007fbc790850e0]
Event: 0.151 Thread 0x00007fbc901fa000  813       3       java.lang.String::codePointAt (50 bytes)
Event: 0.151 Thread 0x00007fbc3c09e000  815       3       java.util.regex.Pattern::next (33 bytes)
Event: 0.152 Thread 0x00007fbc901fa000 nmethod 813 0x00007fbc79085210 code [0x00007fbc79085400, 0x00007fbc790857a0]
Event: 0.152 Thread 0x00007fbc901fa000  818       3       java.util.regex.Pattern$BmpCharProperty::match (55 bytes)
Event: 0.152 Thread 0x00007fbc3c09e000 nmethod 815 0x00007fbc79085990 code [0x00007fbc79085b60, 0x00007fbc79085de0]
Event: 0.152 Thread 0x00007fbc3c09e000  819       3       java.util.regex.Pattern$$Lambda$17/0x00000008400aa440::is (9 bytes)
Event: 0.152 Thread 0x00007fbc901fa000 nmethod 818 0x00007fbc79085f10 code [0x00007fbc79086100, 0x00007fbc790865c0]
Event: 0.152 Thread 0x00007fbc901fa000  817       3       java.lang.invoke.DirectMethodHandle::internalMemberName (8 bytes)
Event: 0.152 Thread 0x00007fbc3c09e000 nmethod 819 0x00007fbc79086710 code [0x00007fbc790868c0, 0x00007fbc79086a90]
Event: 0.152 Thread 0x00007fbc901fa000 nmethod 817 0x00007fbc79086b90 code [0x00007fbc79086d40, 0x00007fbc79086f30]
Event: 0.153 Thread 0x00007fbc3c09e000  822       3       java.util.regex.Pattern$$Lambda$20/0x00000008400ab040::is (13 bytes)
Event: 0.153 Thread 0x00007fbc3c09e000 nmethod 822 0x00007fbc79087010 code [0x00007fbc790871e0, 0x00007fbc79087450]
Event: 0.153 Thread 0x00007fbc3c09e000  823       3       java.util.regex.Pattern::lambda$Range$11 (7 bytes)
Event: 0.153 Thread 0x00007fbc3c09e000 nmethod 823 0x00007fbc79087590 code [0x00007fbc79087740, 0x00007fbc79087910]
Event: 0.153 Thread 0x00007fbc3c09e000  824       3       java.util.regex.Pattern::inRange (16 bytes)
Event: 0.153 Thread 0x00007fbc3c09e000 nmethod 824 0x00007fbc79087a10 code [0x00007fbc79087bc0, 0x00007fbc79087d30]
Event: 0.154 Thread 0x00007fbc901fa000  826       3       java.util.HashMap$EntryIterator::next (5 bytes)

GC Heap History (0 events):
No events

Deoptimization events (20 events):
Event: 0.105 Thread 0x00007fbc90015800 DEOPT PACKING pc=0x00007fbc78f24acf sp=0x00007fbc972dd500
Event: 0.105 Thread 0x00007fbc90015800 DEOPT UNPACKING pc=0x00007fbc7880964a sp=0x00007fbc972dc9a8 mode 0
Event: 0.106 Thread 0x00007fbc90015800 DEOPT PACKING pc=0x00007fbc78f24acf sp=0x00007fbc972dd500
Event: 0.106 Thread 0x00007fbc90015800 DEOPT UNPACKING pc=0x00007fbc7880964a sp=0x00007fbc972dc9a8 mode 0
Event: 0.129 Thread 0x00007fbc90015800 Uncommon trap: trap_request=0xffffffc6 fr.pc=0x00007fbc80385594 relative=0x00000000000003b4
Event: 0.129 Thread 0x00007fbc90015800 Uncommon trap: reason=bimorphic_or_optimized_type_check action=maybe_recompile pc=0x00007fbc80385594 method=java.util.HashMap.getNode(ILjava/lang/Object;)Ljava/util/HashMap$Node; @ 126 c2
Event: 0.129 Thread 0x00007fbc90015800 DEOPT PACKING pc=0x00007fbc80385594 sp=0x00007fbc972ddf60
Event: 0.129 Thread 0x00007fbc90015800 DEOPT UNPACKING pc=0x00007fbc78808ea5 sp=0x00007fbc972ddef8 mode 2
Event: 0.132 Thread 0x00007fbc90015800 Uncommon trap: trap_request=0xffffffc6 fr.pc=0x00007fbc80385594 relative=0x00000000000003b4
Event: 0.132 Thread 0x00007fbc90015800 Uncommon trap: reason=bimorphic_or_optimized_type_check action=maybe_recompile pc=0x00007fbc80385594 method=java.util.HashMap.getNode(ILjava/lang/Object;)Ljava/util/HashMap$Node; @ 126 c2
Event: 0.132 Thread 0x00007fbc90015800 DEOPT PACKING pc=0x00007fbc80385594 sp=0x00007fbc972de0e0
Event: 0.132 Thread 0x00007fbc90015800 DEOPT UNPACKING pc=0x00007fbc78808ea5 sp=0x00007fbc972de078 mode 2
Event: 0.133 Thread 0x00007fbc90015800 Uncommon trap: trap_request=0xffffffc6 fr.pc=0x00007fbc80385594 relative=0x00000000000003b4
Event: 0.133 Thread 0x00007fbc90015800 Uncommon trap: reason=bimorphic_or_optimized_type_check action=maybe_recompile pc=0x00007fbc80385594 method=java.util.HashMap.getNode(ILjava/lang/Object;)Ljava/util/HashMap$Node; @ 126 c2
Event: 0.133 Thread 0x00007fbc90015800 DEOPT PACKING pc=0x00007fbc80385594 sp=0x00007fbc972ddfa0
Event: 0.133 Thread 0x00007fbc90015800 DEOPT UNPACKING pc=0x00007fbc78808ea5 sp=0x00007fbc972ddf38 mode 2
Event: 0.133 Thread 0x00007fbc90015800 Uncommon trap: trap_request=0xffffffc6 fr.pc=0x00007fbc80385594 relative=0x00000000000003b4
Event: 0.133 Thread 0x00007fbc90015800 Uncommon trap: reason=bimorphic_or_optimized_type_check action=maybe_recompile pc=0x00007fbc80385594 method=java.util.HashMap.getNode(ILjava/lang/Object;)Ljava/util/HashMap$Node; @ 126 c2
Event: 0.133 Thread 0x00007fbc90015800 DEOPT PACKING pc=0x00007fbc80385594 sp=0x00007fbc972ddfa0
Event: 0.133 Thread 0x00007fbc90015800 DEOPT UNPACKING pc=0x00007fbc78808ea5 sp=0x00007fbc972ddf38 mode 2

Classes redefined (0 events):
No events

Internal exceptions (20 events):
Event: 0.031 Thread 0x00007fbc90015800 Exception <a 'java/security/PrivilegedActionException'{0x0000000718039d00}> (0x0000000718039d00) thrown at [./src/hotspot/share/prims/jvm.cpp, line 1304]
Event: 0.031 Thread 0x00007fbc90015800 Exception <a 'java/security/PrivilegedActionException'{0x0000000718039fd0}> (0x0000000718039fd0) thrown at [./src/hotspot/share/prims/jvm.cpp, line 1304]
Event: 0.031 Thread 0x00007fbc90015800 Exception <a 'java/security/PrivilegedActionException'{0x000000071803abe8}> (0x000000071803abe8) thrown at [./src/hotspot/share/prims/jvm.cpp, line 1304]
Event: 0.031 Thread 0x00007fbc90015800 Exception <a 'java/security/PrivilegedActionException'{0x000000071803aeb8}> (0x000000071803aeb8) thrown at [./src/hotspot/share/prims/jvm.cpp, line 1304]
Event: 0.031 Thread 0x00007fbc90015800 Exception <a 'java/security/PrivilegedActionException'{0x000000071803bad0}> (0x000000071803bad0) thrown at [./src/hotspot/share/prims/jvm.cpp, line 1304]
Event: 0.031 Thread 0x00007fbc90015800 Exception <a 'java/security/PrivilegedActionException'{0x000000071803bda0}> (0x000000071803bda0) thrown at [./src/hotspot/share/prims/jvm.cpp, line 1304]
Event: 0.031 Thread 0x00007fbc90015800 Exception <a 'java/security/PrivilegedActionException'{0x000000071803c9d0}> (0x000000071803c9d0) thrown at [./src/hotspot/share/prims/jvm.cpp, line 1304]
Event: 0.031 Thread 0x00007fbc90015800 Exception <a 'java/security/PrivilegedActionException'{0x000000071803cca0}> (0x000000071803cca0) thrown at [./src/hotspot/share/prims/jvm.cpp, line 1304]
Event: 0.031 Thread 0x00007fbc90015800 Exception <a 'java/security/PrivilegedActionException'{0x000000071803d8d0}> (0x000000071803d8d0) thrown at [./src/hotspot/share/prims/jvm.cpp, line 1304]
Event: 0.031 Thread 0x00007fbc90015800 Exception <a 'java/security/PrivilegedActionException'{0x000000071803dba0}> (0x000000071803dba0) thrown at [./src/hotspot/share/prims/jvm.cpp, line 1304]
Event: 0.031 Thread 0x00007fbc90015800 Exception <a 'java/security/PrivilegedActionException'{0x000000071803e7d0}> (0x000000071803e7d0) thrown at [./src/hotspot/share/prims/jvm.cpp, line 1304]
Event: 0.031 Thread 0x00007fbc90015800 Exception <a 'java/security/PrivilegedActionException'{0x000000071803eaa0}> (0x000000071803eaa0) thrown at [./src/hotspot/share/prims/jvm.cpp, line 1304]
Event: 0.031 Thread 0x00007fbc90015800 Exception <a 'java/security/PrivilegedActionException'{0x000000071803f6b8}> (0x000000071803f6b8) thrown at [./src/hotspot/share/prims/jvm.cpp, line 1304]
Event: 0.031 Thread 0x00007fbc90015800 Exception <a 'java/security/PrivilegedActionException'{0x000000071803f988}> (0x000000071803f988) thrown at [./src/hotspot/share/prims/jvm.cpp, line 1304]
Event: 0.031 Thread 0x00007fbc90015800 Exception <a 'java/security/PrivilegedActionException'{0x00000007180405b8}> (0x00000007180405b8) thrown at [./src/hotspot/share/prims/jvm.cpp, line 1304]
Event: 0.031 Thread 0x00007fbc90015800 Exception <a 'java/security/PrivilegedActionException'{0x0000000718040888}> (0x0000000718040888) thrown at [./src/hotspot/share/prims/jvm.cpp, line 1304]
Event: 0.072 Thread 0x00007fbc90015800 Exception <a 'java/lang/NoSuchMethodError'{0x0000000717dc7a50}: 'int java.lang.invoke.DirectMethodHandle$Holder.invokeStaticInit(java.lang.Object, java.lang.Object, java.lang.Object, java.lang.Object)'> (0x0000000717dc7a50) thrown at [./src/hotspot/share/interpreter/linkResolver.cpp, line 772]
Event: 0.073 Thread 0x00007fbc90015800 Exception <a 'java/lang/IncompatibleClassChangeError'{0x0000000717dd1f38}: Found class java.lang.Object, but interface was expected> (0x0000000717dd1f38) thrown at [./src/hotspot/share/interpreter/linkResolver.cpp, line 839]
Event: 0.073 Thread 0x00007fbc90015800 Exception <a 'java/lang/NoSuchMethodError'{0x0000000717dd5188}: 'void java.lang.invoke.DirectMethodHandle$Holder.invokeStaticInit(java.lang.Object, java.lang.Object)'> (0x0000000717dd5188) thrown at [./src/hotspot/share/interpreter/linkResolver.cpp, line 772]
Event: 0.074 Thread 0x00007fbc90015800 Exception <a 'java/lang/NoSuchMethodError'{0x0000000717ddb038}: 'int java.lang.invoke.DirectMethodHandle$Holder.invokeStaticInit(java.lang.Object, java.lang.Object)'> (0x0000000717ddb038) thrown at [./src/hotspot/share/interpreter/linkResolver.cpp, line 772]

Events (20 events):
Event: 0.144 loading class java/lang/invoke/BoundMethodHandle$Species_LLLLLLI
Event: 0.144 loading class java/lang/invoke/BoundMethodHandle$Species_LLLLLLI done
Event: 0.144 loading class java/lang/invoke/BoundMethodHandle$Species_LLLLLLII
Event: 0.145 loading class java/lang/invoke/BoundMethodHandle$Species_LLLLLLII done
Event: 0.145 loading class java/lang/invoke/BoundMethodHandle$Species_LLLLLLIIL
Event: 0.145 loading class java/lang/invoke/BoundMethodHandle$Species_LLLLLLIIL done
Event: 0.146 loading class semantic_check/Symbol
Event: 0.146 loading class semantic_check/Symbol done
Event: 0.148 loading class LLVMIRToRiscv
Event: 0.148 loading class LLVMIRToRiscv done
Event: 0.148 loading class RegisterAllocator
Event: 0.148 loading class RegisterAllocator done
Event: 0.148 loading class AsmBuilder
Event: 0.148 loading class AsmBuilder done
Event: 0.151 loading class LLVMIROptimization
Event: 0.151 loading class LLVMIROptimization done
Event: 0.152 loading class ConstPropValueHolder
Event: 0.152 loading class ConstPropValueHolder done
Event: 0.153 loading class ConstPropValueHolder$Kind
Event: 0.153 loading class ConstPropValueHolder$Kind done


Dynamic libraries:
708a00000-718200000 rw-p 00000000 00:00 0 
718200000-7bfe00000 ---p 00000000 00:00 0 
7bfe00000-7bfe48000 rw-p 00b14000 08:20 134337                           /usr/lib/jvm/java-11-openjdk-amd64/lib/server/classes.jsa
7bfe48000-7bff00000 rw-p 00000000 00:00 0 
7bff00000-7bff6c000 rw-p 00aa8000 08:20 134337                           /usr/lib/jvm/java-11-openjdk-amd64/lib/server/classes.jsa
7bff6c000-7c0000000 rw-p 00000000 00:00 0 
7c0000000-800000000 ---p 00000000 00:00 0 
800000000-800002000 rwxp 00001000 08:20 134337                           /usr/lib/jvm/java-11-openjdk-amd64/lib/server/classes.jsa
800002000-8003ce000 rw-p 00003000 08:20 134337                           /usr/lib/jvm/java-11-openjdk-amd64/lib/server/classes.jsa
8003ce000-800aa6000 r--p 003cf000 08:20 134337                           /usr/lib/jvm/java-11-openjdk-amd64/lib/server/classes.jsa
800aa6000-800aa7000 rw-p 00aa7000 08:20 134337                           /usr/lib/jvm/java-11-openjdk-amd64/lib/server/classes.jsa
840000000-8400c0000 rw-p 00000000 00:00 0 
8400c0000-880000000 ---p 00000000 00:00 0 
555cbfc4c000-555cbfc4d000 r--p 00000000 08:20 134745                     /usr/lib/jvm/java-11-openjdk-amd64/bin/java
555cbfc4d000-555cbfc4e000 r-xp 00001000 08:20 134745                     /usr/lib/jvm/java-11-openjdk-amd64/bin/java
555cbfc4e000-555cbfc4f000 r--p 00002000 08:20 134745                     /usr/lib/jvm/java-11-openjdk-amd64/bin/java
555cbfc4f000-555cbfc50000 r--p 00002000 08:20 134745                     /usr/lib/jvm/java-11-openjdk-amd64/bin/java
555cbfc50000-555cbfc51000 rw-p 00003000 08:20 134745                     /usr/lib/jvm/java-11-openjdk-amd64/bin/java
555cd094f000-555cd0970000 rw-p 00000000 00:00 0                          [heap]
7fbc1d52c000-7fbc1de52000 r--p 00000000 08:20 204242                     /home/crz/.javacpp/cache/llvm-13.0.1-1.5.7-linux-x86_64.jar/org/bytedeco/llvm/linux-x86_64/libLLVM-13.so
7fbc1de52000-7fbc21815000 r-xp 00926000 08:20 204242                     /home/crz/.javacpp/cache/llvm-13.0.1-1.5.7-linux-x86_64.jar/org/bytedeco/llvm/linux-x86_64/libLLVM-13.so
7fbc21815000-7fbc23a6a000 r--p 042e9000 08:20 204242                     /home/crz/.javacpp/cache/llvm-13.0.1-1.5.7-linux-x86_64.jar/org/bytedeco/llvm/linux-x86_64/libLLVM-13.so
7fbc23a6a000-7fbc23f7f000 r--p 0653d000 08:20 204242                     /home/crz/.javacpp/cache/llvm-13.0.1-1.5.7-linux-x86_64.jar/org/bytedeco/llvm/linux-x86_64/libLLVM-13.so
7fbc23f7f000-7fbc23f8a000 rw-p 06a52000 08:20 204242                     /home/crz/.javacpp/cache/llvm-13.0.1-1.5.7-linux-x86_64.jar/org/bytedeco/llvm/linux-x86_64/libLLVM-13.so
7fbc23f8a000-7fbc24000000 rw-p 00000000 00:00 0 
7fbc24000000-7fbc24021000 rw-p 00000000 00:00 0 
7fbc24021000-7fbc28000000 ---p 00000000 00:00 0 
7fbc28000000-7fbc2804a000 rw-p 00000000 00:00 0 
7fbc2804a000-7fbc2c000000 ---p 00000000 00:00 0 
7fbc2c000000-7fbc2c021000 rw-p 00000000 00:00 0 
7fbc2c021000-7fbc30000000 ---p 00000000 00:00 0 
7fbc30000000-7fbc30021000 rw-p 00000000 00:00 0 
7fbc30021000-7fbc34000000 ---p 00000000 00:00 0 
7fbc34000000-7fbc34021000 rw-p 00000000 00:00 0 
7fbc34021000-7fbc38000000 ---p 00000000 00:00 0 
7fbc38000000-7fbc3820d000 rw-p 00000000 00:00 0 
7fbc3820d000-7fbc3c000000 ---p 00000000 00:00 0 
7fbc3c000000-7fbc3c2dc000 rw-p 00000000 00:00 0 
7fbc3c2dc000-7fbc40000000 ---p 00000000 00:00 0 
7fbc40000000-7fbc401d1000 rw-p 00000000 00:00 0 
7fbc401d1000-7fbc44000000 ---p 00000000 00:00 0 
7fbc44000000-7fbc44021000 rw-p 00000000 00:00 0 
7fbc44021000-7fbc48000000 ---p 00000000 00:00 0 
7fbc48000000-7fbc48021000 rw-p 00000000 00:00 0 
7fbc48021000-7fbc4c000000 ---p 00000000 00:00 0 
7fbc4c000000-7fbc4c021000 rw-p 00000000 00:00 0 
7fbc4c021000-7fbc50000000 ---p 00000000 00:00 0 
7fbc50000000-7fbc50021000 rw-p 00000000 00:00 0 
7fbc50021000-7fbc54000000 ---p 00000000 00:00 0 
7fbc54000000-7fbc54021000 rw-p 00000000 00:00 0 
7fbc54021000-7fbc58000000 ---p 00000000 00:00 0 
7fbc58000000-7fbc58021000 rw-p 00000000 00:00 0 
7fbc58021000-7fbc5c000000 ---p 00000000 00:00 0 
7fbc5c000000-7fbc5c021000 rw-p 00000000 00:00 0 
7fbc5c021000-7fbc60000000 ---p 00000000 00:00 0 
7fbc60000000-7fbc60021000 rw-p 00000000 00:00 0 
7fbc60021000-7fbc64000000 ---p 00000000 00:00 0 
7fbc64188000-7fbc641ed000 r--p 00000000 08:20 204256                     /home/crz/.javacpp/cache/llvm-13.0.1-1.5.7-linux-x86_64.jar/org/bytedeco/llvm/linux-x86_64/libjniLLVM.so
7fbc641ed000-7fbc6425b000 r-xp 00065000 08:20 204256                     /home/crz/.javacpp/cache/llvm-13.0.1-1.5.7-linux-x86_64.jar/org/bytedeco/llvm/linux-x86_64/libjniLLVM.so
7fbc6425b000-7fbc64286000 r--p 000d3000 08:20 204256                     /home/crz/.javacpp/cache/llvm-13.0.1-1.5.7-linux-x86_64.jar/org/bytedeco/llvm/linux-x86_64/libjniLLVM.so
7fbc64286000-7fbc64289000 r--p 000fd000 08:20 204256                     /home/crz/.javacpp/cache/llvm-13.0.1-1.5.7-linux-x86_64.jar/org/bytedeco/llvm/linux-x86_64/libjniLLVM.so
7fbc64289000-7fbc6428c000 rw-p 00100000 08:20 204256                     /home/crz/.javacpp/cache/llvm-13.0.1-1.5.7-linux-x86_64.jar/org/bytedeco/llvm/linux-x86_64/libjniLLVM.so
7fbc6428c000-7fbc6428e000 rw-p 00000000 00:00 0 
7fbc6428e000-7fbc64292000 ---p 00000000 00:00 0 
7fbc64292000-7fbc6438e000 rw-p 00000000 00:00 0 
7fbc6438e000-7fbc64392000 ---p 00000000 00:00 0 
7fbc64392000-7fbc6448e000 rw-p 00000000 00:00 0 
7fbc6448e000-7fbc64492000 ---p 00000000 00:00 0 
7fbc64492000-7fbc6458e000 rw-p 00000000 00:00 0 
7fbc6458e000-7fbc6458f000 ---p 00000000 00:00 0 
7fbc6458f000-7fbc6468f000 rw-p 00000000 00:00 0 
7fbc6468f000-7fbc64693000 ---p 00000000 00:00 0 
7fbc64693000-7fbc6478f000 rw-p 00000000 00:00 0 
7fbc6478f000-7fbc64793000 ---p 00000000 00:00 0 
7fbc64793000-7fbc6488f000 rw-p 00000000 00:00 0 
7fbc6488f000-7fbc64893000 ---p 00000000 00:00 0 
7fbc64893000-7fbc6498f000 rw-p 00000000 00:00 0 
7fbc6498f000-7fbc64993000 ---p 00000000 00:00 0 
7fbc64993000-7fbc64a8f000 rw-p 00000000 00:00 0 
7fbc64a8f000-7fbc64a93000 ---p 00000000 00:00 0 
7fbc64a93000-7fbc64b8f000 rw-p 00000000 00:00 0 
7fbc64b8f000-7fbc64b93000 ---p 00000000 00:00 0 
7fbc64b93000-7fbc64c8f000 rw-p 00000000 00:00 0 
7fbc64c8f000-7fbc6527c000 r--p 00000000 08:20 13349                      /usr/lib/locale/locale-archive
7fbc6527c000-7fbc65280000 ---p 00000000 00:00 0 
7fbc65280000-7fbc6537c000 rw-p 00000000 00:00 0 
7fbc6537c000-7fbc65380000 ---p 00000000 00:00 0 
7fbc65380000-7fbc6547c000 rw-p 00000000 00:00 0 
7fbc6547c000-7fbc6547d000 ---p 00000000 00:00 0 
7fbc6547d000-7fbc65bfe000 rw-p 00000000 00:00 0 
7fbc65bfe000-7fbc65dfe000 ---p 00000000 00:00 0 
7fbc65dfe000-7fbc65dff000 ---p 00000000 00:00 0 
7fbc65dff000-7fbc65eff000 rw-p 00000000 00:00 0 
7fbc65eff000-7fbc65f00000 ---p 00000000 00:00 0 
7fbc65f00000-7fbc68000000 rw-p 00000000 00:00 0 
7fbc68000000-7fbc68021000 rw-p 00000000 00:00 0 
7fbc68021000-7fbc6c000000 ---p 00000000 00:00 0 
7fbc6c017000-7fbc6c01e000 r--s 00000000 08:20 126784                     /usr/lib/x86_64-linux-gnu/gconv/gconv-modules.cache
7fbc6c01e000-7fbc6c01f000 r--p 00000000 08:20 204251                     /home/crz/.javacpp/cache/llvm-13.0.1-1.5.7-linux-x86_64.jar/org/bytedeco/llvm/linux-x86_64/libRemarks.so.13
7fbc6c01f000-7fbc6c020000 r-xp 00001000 08:20 204251                     /home/crz/.javacpp/cache/llvm-13.0.1-1.5.7-linux-x86_64.jar/org/bytedeco/llvm/linux-x86_64/libRemarks.so.13
7fbc6c020000-7fbc6c021000 r--p 00002000 08:20 204251                     /home/crz/.javacpp/cache/llvm-13.0.1-1.5.7-linux-x86_64.jar/org/bytedeco/llvm/linux-x86_64/libRemarks.so.13
7fbc6c021000-7fbc6c022000 r--p 00002000 08:20 204251                     /home/crz/.javacpp/cache/llvm-13.0.1-1.5.7-linux-x86_64.jar/org/bytedeco/llvm/linux-x86_64/libRemarks.so.13
7fbc6c022000-7fbc6c023000 rw-p 00003000 08:20 204251                     /home/crz/.javacpp/cache/llvm-13.0.1-1.5.7-linux-x86_64.jar/org/bytedeco/llvm/linux-x86_64/libRemarks.so.13
7fbc6c023000-7fbc6c024000 r--p 00000000 08:20 104103                     /usr/lib/x86_64-linux-gnu/libdl.so.2
7fbc6c024000-7fbc6c025000 r-xp 00001000 08:20 104103                     /usr/lib/x86_64-linux-gnu/libdl.so.2
7fbc6c025000-7fbc6c026000 r--p 00002000 08:20 104103                     /usr/lib/x86_64-linux-gnu/libdl.so.2
7fbc6c026000-7fbc6c027000 r--p 00002000 08:20 104103                     /usr/lib/x86_64-linux-gnu/libdl.so.2
7fbc6c027000-7fbc6c028000 rw-p 00003000 08:20 104103                     /usr/lib/x86_64-linux-gnu/libdl.so.2
7fbc6c028000-7fbc6c02f000 r--p 00000000 08:20 204245                     /home/crz/.javacpp/cache/llvm-13.0.1-1.5.7-linux-x86_64.jar/org/bytedeco/llvm/linux-x86_64/libLTO.so.13
7fbc6c02f000-7fbc6c037000 r-xp 00007000 08:20 204245                     /home/crz/.javacpp/cache/llvm-13.0.1-1.5.7-linux-x86_64.jar/org/bytedeco/llvm/linux-x86_64/libLTO.so.13
7fbc6c037000-7fbc6c039000 r--p 0000f000 08:20 204245                     /home/crz/.javacpp/cache/llvm-13.0.1-1.5.7-linux-x86_64.jar/org/bytedeco/llvm/linux-x86_64/libLTO.so.13
7fbc6c039000-7fbc6c03a000 r--p 00010000 08:20 204245                     /home/crz/.javacpp/cache/llvm-13.0.1-1.5.7-linux-x86_64.jar/org/bytedeco/llvm/linux-x86_64/libLTO.so.13
7fbc6c03a000-7fbc6c03b000 rw-p 00011000 08:20 204245                     /home/crz/.javacpp/cache/llvm-13.0.1-1.5.7-linux-x86_64.jar/org/bytedeco/llvm/linux-x86_64/libLTO.so.13
7fbc6c03b000-7fbc6c03f000 r--p 00000000 08:20 204229                     /home/crz/.javacpp/cache/javacpp-1.5.7-linux-x86_64.jar/org/bytedeco/javacpp/linux-x86_64/libjnijavacpp.so
7fbc6c03f000-7fbc6c046000 r-xp 00004000 08:20 204229                     /home/crz/.javacpp/cache/javacpp-1.5.7-linux-x86_64.jar/org/bytedeco/javacpp/linux-x86_64/libjnijavacpp.so
7fbc6c046000-7fbc6c04a000 r--p 0000b000 08:20 204229                     /home/crz/.javacpp/cache/javacpp-1.5.7-linux-x86_64.jar/org/bytedeco/javacpp/linux-x86_64/libjnijavacpp.so
7fbc6c04a000-7fbc6c04b000 r--p 0000e000 08:20 204229                     /home/crz/.javacpp/cache/javacpp-1.5.7-linux-x86_64.jar/org/bytedeco/javacpp/linux-x86_64/libjnijavacpp.so
7fbc6c04b000-7fbc6c04c000 rw-p 0000f000 08:20 204229                     /home/crz/.javacpp/cache/javacpp-1.5.7-linux-x86_64.jar/org/bytedeco/javacpp/linux-x86_64/libjnijavacpp.so
7fbc6c04c000-7fbc6c830000 rw-p 00000000 00:00 0 
7fbc6c830000-7fbc6f220000 ---p 00000000 00:00 0 
7fbc6f220000-7fbc6f228000 rw-p 00000000 00:00 0 
7fbc6f228000-7fbc70228000 ---p 00000000 00:00 0 
7fbc70228000-7fbc70608000 rw-p 00000000 00:00 0 
7fbc70608000-7fbc72ff8000 ---p 00000000 00:00 0 
7fbc72ff8000-7fbc73000000 rw-p 00000000 00:00 0 
7fbc73000000-7fbc74000000 ---p 00000000 00:00 0 
7fbc74000000-7fbc74021000 rw-p 00000000 00:00 0 
7fbc74021000-7fbc78000000 ---p 00000000 00:00 0 
7fbc78000000-7fbc78031000 rw-p 00000000 00:00 0 
7fbc78031000-7fbc78035000 r--p 00000000 08:20 134814                     /usr/lib/jvm/java-11-openjdk-amd64/lib/libnet.so
7fbc78035000-7fbc78043000 r-xp 00004000 08:20 134814                     /usr/lib/jvm/java-11-openjdk-amd64/lib/libnet.so
7fbc78043000-7fbc78047000 r--p 00012000 08:20 134814                     /usr/lib/jvm/java-11-openjdk-amd64/lib/libnet.so
7fbc78047000-7fbc78048000 r--p 00015000 08:20 134814                     /usr/lib/jvm/java-11-openjdk-amd64/lib/libnet.so
7fbc78048000-7fbc78049000 rw-p 00016000 08:20 134814                     /usr/lib/jvm/java-11-openjdk-amd64/lib/libnet.so
7fbc78049000-7fbc78050000 r--p 00000000 08:20 134815                     /usr/lib/jvm/java-11-openjdk-amd64/lib/libnio.so
7fbc78050000-7fbc78058000 r-xp 00007000 08:20 134815                     /usr/lib/jvm/java-11-openjdk-amd64/lib/libnio.so
7fbc78058000-7fbc7805b000 r--p 0000f000 08:20 134815                     /usr/lib/jvm/java-11-openjdk-amd64/lib/libnio.so
7fbc7805b000-7fbc7805c000 r--p 00011000 08:20 134815                     /usr/lib/jvm/java-11-openjdk-amd64/lib/libnio.so
7fbc7805c000-7fbc7805d000 rw-p 00012000 08:20 134815                     /usr/lib/jvm/java-11-openjdk-amd64/lib/libnio.so
7fbc7805d000-7fbc787bf000 rw-p 00000000 00:00 0 
7fbc787bf000-7fbc78a2f000 rwxp 00000000 00:00 0 
7fbc78a2f000-7fbc78efe000 ---p 00000000 00:00 0 
7fbc78efe000-7fbc7916e000 rwxp 00000000 00:00 0 
7fbc7916e000-7fbc8035e000 ---p 00000000 00:00 0 
7fbc8035e000-7fbc805ce000 rwxp 00000000 00:00 0 
7fbc805ce000-7fbc877bf000 ---p 00000000 00:00 0 
7fbc877bf000-7fbc90000000 r--s 00000000 08:20 134824                     /usr/lib/jvm/java-11-openjdk-amd64/lib/modules
7fbc90000000-7fbc90476000 rw-p 00000000 00:00 0 
7fbc90476000-7fbc94000000 ---p 00000000 00:00 0 
7fbc94003000-7fbc94004000 r--p 00000000 08:20 104244                     /usr/lib/x86_64-linux-gnu/libpthread.so.0
7fbc94004000-7fbc94005000 r-xp 00001000 08:20 104244                     /usr/lib/x86_64-linux-gnu/libpthread.so.0
7fbc94005000-7fbc94006000 r--p 00002000 08:20 104244                     /usr/lib/x86_64-linux-gnu/libpthread.so.0
7fbc94006000-7fbc94007000 r--p 00002000 08:20 104244                     /usr/lib/x86_64-linux-gnu/libpthread.so.0
7fbc94007000-7fbc94008000 rw-p 00003000 08:20 104244                     /usr/lib/x86_64-linux-gnu/libpthread.so.0
7fbc94008000-7fbc94476000 rw-p 00000000 00:00 0 
7fbc94476000-7fbc94477000 ---p 00000000 00:00 0 
7fbc94477000-7fbc94577000 rw-p 00000000 00:00 0 
7fbc94577000-7fbc94578000 ---p 00000000 00:00 0 
7fbc94578000-7fbc948eb000 rw-p 00000000 00:00 0 
7fbc948eb000-7fbc94e29000 ---p 00000000 00:00 0 
7fbc94e29000-7fbc94e2a000 rw-p 00000000 00:00 0 
7fbc94e2a000-7fbc9502a000 ---p 00000000 00:00 0 
7fbc9502a000-7fbc950a6000 rw-p 00000000 00:00 0 
7fbc950a6000-7fbc955e4000 ---p 00000000 00:00 0 
7fbc955e4000-7fbc955e5000 rw-p 00000000 00:00 0 
7fbc955e5000-7fbc957e5000 ---p 00000000 00:00 0 
7fbc957e5000-7fbc95861000 rw-p 00000000 00:00 0 
7fbc95861000-7fbc95d9f000 ---p 00000000 00:00 0 
7fbc95d9f000-7fbc95da0000 rw-p 00000000 00:00 0 
7fbc95da0000-7fbc95fa0000 ---p 00000000 00:00 0 
7fbc95fa0000-7fbc96eaf000 rw-p 00000000 00:00 0 
7fbc96eaf000-7fbc96eb0000 ---p 00000000 00:00 0 
7fbc96eb0000-7fbc96fb5000 rw-p 00000000 00:00 0 
7fbc96fb5000-7fbc97099000 ---p 00000000 00:00 0 
7fbc97099000-7fbc9709e000 rw-p 00000000 00:00 0 
7fbc9709e000-7fbc97182000 ---p 00000000 00:00 0 
7fbc97182000-7fbc97187000 rw-p 00000000 00:00 0 
7fbc97187000-7fbc97191000 ---p 00000000 00:00 0 
7fbc97191000-7fbc97193000 r--p 00000000 08:20 134823                     /usr/lib/jvm/java-11-openjdk-amd64/lib/libzip.so
7fbc97193000-7fbc97198000 r-xp 00002000 08:20 134823                     /usr/lib/jvm/java-11-openjdk-amd64/lib/libzip.so
7fbc97198000-7fbc9719a000 r--p 00007000 08:20 134823                     /usr/lib/jvm/java-11-openjdk-amd64/lib/libzip.so
7fbc9719a000-7fbc9719b000 r--p 00008000 08:20 134823                     /usr/lib/jvm/java-11-openjdk-amd64/lib/libzip.so
7fbc9719b000-7fbc9719c000 rw-p 00009000 08:20 134823                     /usr/lib/jvm/java-11-openjdk-amd64/lib/libzip.so
7fbc9719c000-7fbc971a4000 rw-s 00000000 08:20 157723                     /tmp/hsperfdata_crz/4115
7fbc971a4000-7fbc971a6000 r--p 00000000 08:20 134806                     /usr/lib/jvm/java-11-openjdk-amd64/lib/libjimage.so
7fbc971a6000-7fbc971a9000 r-xp 00002000 08:20 134806                     /usr/lib/jvm/java-11-openjdk-amd64/lib/libjimage.so
7fbc971a9000-7fbc971aa000 r--p 00005000 08:20 134806                     /usr/lib/jvm/java-11-openjdk-amd64/lib/libjimage.so
7fbc971aa000-7fbc971ab000 ---p 00006000 08:20 134806                     /usr/lib/jvm/java-11-openjdk-amd64/lib/libjimage.so
7fbc971ab000-7fbc971ac000 r--p 00006000 08:20 134806                     /usr/lib/jvm/java-11-openjdk-amd64/lib/libjimage.so
7fbc971ac000-7fbc971ad000 rw-p 00007000 08:20 134806                     /usr/lib/jvm/java-11-openjdk-amd64/lib/libjimage.so
7fbc971ad000-7fbc971bb000 r--p 00000000 08:20 134803                     /usr/lib/jvm/java-11-openjdk-amd64/lib/libjava.so
7fbc971bb000-7fbc971d1000 r-xp 0000e000 08:20 134803                     /usr/lib/jvm/java-11-openjdk-amd64/lib/libjava.so
7fbc971d1000-7fbc971d8000 r--p 00024000 08:20 134803                     /usr/lib/jvm/java-11-openjdk-amd64/lib/libjava.so
7fbc971d8000-7fbc971d9000 r--p 0002a000 08:20 134803                     /usr/lib/jvm/java-11-openjdk-amd64/lib/libjava.so
7fbc971d9000-7fbc971da000 rw-p 0002b000 08:20 134803                     /usr/lib/jvm/java-11-openjdk-amd64/lib/libjava.so
7fbc971da000-7fbc971db000 rw-p 00000000 00:00 0 
7fbc971db000-7fbc971dc000 r--p 00000000 08:20 105137                     /usr/lib/x86_64-linux-gnu/librt.so.1
7fbc971dc000-7fbc971dd000 r-xp 00001000 08:20 105137                     /usr/lib/x86_64-linux-gnu/librt.so.1
7fbc971dd000-7fbc971de000 r--p 00002000 08:20 105137                     /usr/lib/x86_64-linux-gnu/librt.so.1
7fbc971de000-7fbc971df000 r--p 00002000 08:20 105137                     /usr/lib/x86_64-linux-gnu/librt.so.1
7fbc971df000-7fbc971e0000 rw-p 00003000 08:20 105137                     /usr/lib/x86_64-linux-gnu/librt.so.1
7fbc971e0000-7fbc971e4000 ---p 00000000 00:00 0 
7fbc971e4000-7fbc972e0000 rw-p 00000000 00:00 0 
7fbc972e0000-7fbc972e3000 r--p 00000000 08:20 6709                       /usr/lib/x86_64-linux-gnu/libgcc_s.so.1
7fbc972e3000-7fbc972fa000 r-xp 00003000 08:20 6709                       /usr/lib/x86_64-linux-gnu/libgcc_s.so.1
7fbc972fa000-7fbc972fe000 r--p 0001a000 08:20 6709                       /usr/lib/x86_64-linux-gnu/libgcc_s.so.1
7fbc972fe000-7fbc972ff000 r--p 0001d000 08:20 6709                       /usr/lib/x86_64-linux-gnu/libgcc_s.so.1
7fbc972ff000-7fbc97300000 rw-p 0001e000 08:20 6709                       /usr/lib/x86_64-linux-gnu/libgcc_s.so.1
7fbc97300000-7fbc9730e000 r--p 00000000 08:20 104109                     /usr/lib/x86_64-linux-gnu/libm.so.6
7fbc9730e000-7fbc9738a000 r-xp 0000e000 08:20 104109                     /usr/lib/x86_64-linux-gnu/libm.so.6
7fbc9738a000-7fbc973e5000 r--p 0008a000 08:20 104109                     /usr/lib/x86_64-linux-gnu/libm.so.6
7fbc973e5000-7fbc973e6000 r--p 000e4000 08:20 104109                     /usr/lib/x86_64-linux-gnu/libm.so.6
7fbc973e6000-7fbc973e7000 rw-p 000e5000 08:20 104109                     /usr/lib/x86_64-linux-gnu/libm.so.6
7fbc973e7000-7fbc97481000 r--p 00000000 08:20 6947                       /usr/lib/x86_64-linux-gnu/libstdc++.so.6.0.30
7fbc97481000-7fbc97592000 r-xp 0009a000 08:20 6947                       /usr/lib/x86_64-linux-gnu/libstdc++.so.6.0.30
7fbc97592000-7fbc97601000 r--p 001ab000 08:20 6947                       /usr/lib/x86_64-linux-gnu/libstdc++.so.6.0.30
7fbc97601000-7fbc97602000 ---p 0021a000 08:20 6947                       /usr/lib/x86_64-linux-gnu/libstdc++.so.6.0.30
7fbc97602000-7fbc9760d000 r--p 0021a000 08:20 6947                       /usr/lib/x86_64-linux-gnu/libstdc++.so.6.0.30
7fbc9760d000-7fbc97610000 rw-p 00225000 08:20 6947                       /usr/lib/x86_64-linux-gnu/libstdc++.so.6.0.30
7fbc97610000-7fbc97613000 rw-p 00000000 00:00 0 
7fbc97613000-7fbc97896000 r--p 00000000 08:20 134827                     /usr/lib/jvm/java-11-openjdk-amd64/lib/server/libjvm.so
7fbc97896000-7fbc98541000 r-xp 00283000 08:20 134827                     /usr/lib/jvm/java-11-openjdk-amd64/lib/server/libjvm.so
7fbc98541000-7fbc9879d000 r--p 00f2e000 08:20 134827                     /usr/lib/jvm/java-11-openjdk-amd64/lib/server/libjvm.so
7fbc9879d000-7fbc98861000 r--p 01189000 08:20 134827                     /usr/lib/jvm/java-11-openjdk-amd64/lib/server/libjvm.so
7fbc98861000-7fbc9889c000 rw-p 0124d000 08:20 134827                     /usr/lib/jvm/java-11-openjdk-amd64/lib/server/libjvm.so
7fbc9889c000-7fbc988f6000 rw-p 00000000 00:00 0 
7fbc988f6000-7fbc9891e000 r--p 00000000 08:20 104085                     /usr/lib/x86_64-linux-gnu/libc.so.6
7fbc9891e000-7fbc98ab3000 r-xp 00028000 08:20 104085                     /usr/lib/x86_64-linux-gnu/libc.so.6
7fbc98ab3000-7fbc98b0b000 r--p 001bd000 08:20 104085                     /usr/lib/x86_64-linux-gnu/libc.so.6
7fbc98b0b000-7fbc98b0c000 ---p 00215000 08:20 104085                     /usr/lib/x86_64-linux-gnu/libc.so.6
7fbc98b0c000-7fbc98b10000 r--p 00215000 08:20 104085                     /usr/lib/x86_64-linux-gnu/libc.so.6
7fbc98b10000-7fbc98b12000 rw-p 00219000 08:20 104085                     /usr/lib/x86_64-linux-gnu/libc.so.6
7fbc98b12000-7fbc98b1f000 rw-p 00000000 00:00 0 
7fbc98b1f000-7fbc98b22000 r--p 00000000 08:20 134788                     /usr/lib/jvm/java-11-openjdk-amd64/lib/jli/libjli.so
7fbc98b22000-7fbc98b2c000 r-xp 00003000 08:20 134788                     /usr/lib/jvm/java-11-openjdk-amd64/lib/jli/libjli.so
7fbc98b2c000-7fbc98b2f000 r--p 0000d000 08:20 134788                     /usr/lib/jvm/java-11-openjdk-amd64/lib/jli/libjli.so
7fbc98b2f000-7fbc98b30000 ---p 00010000 08:20 134788                     /usr/lib/jvm/java-11-openjdk-amd64/lib/jli/libjli.so
7fbc98b30000-7fbc98b31000 r--p 00010000 08:20 134788                     /usr/lib/jvm/java-11-openjdk-amd64/lib/jli/libjli.so
7fbc98b31000-7fbc98b32000 rw-p 00011000 08:20 134788                     /usr/lib/jvm/java-11-openjdk-amd64/lib/jli/libjli.so
7fbc98b32000-7fbc98b34000 r--p 00000000 08:20 6997                       /usr/lib/x86_64-linux-gnu/libz.so.1.2.11
7fbc98b34000-7fbc98b45000 r-xp 00002000 08:20 6997                       /usr/lib/x86_64-linux-gnu/libz.so.1.2.11
7fbc98b45000-7fbc98b4b000 r--p 00013000 08:20 6997                       /usr/lib/x86_64-linux-gnu/libz.so.1.2.11
7fbc98b4b000-7fbc98b4c000 ---p 00019000 08:20 6997                       /usr/lib/x86_64-linux-gnu/libz.so.1.2.11
7fbc98b4c000-7fbc98b4d000 r--p 00019000 08:20 6997                       /usr/lib/x86_64-linux-gnu/libz.so.1.2.11
7fbc98b4d000-7fbc98b4e000 rw-p 0001a000 08:20 6997                       /usr/lib/x86_64-linux-gnu/libz.so.1.2.11
7fbc98b4e000-7fbc98b4f000 ---p 00000000 00:00 0 
7fbc98b4f000-7fbc98b50000 r--p 00000000 00:00 0 
7fbc98b50000-7fbc98b55000 r--p 00000000 08:20 134822                     /usr/lib/jvm/java-11-openjdk-amd64/lib/libverify.so
7fbc98b55000-7fbc98b5c000 r-xp 00005000 08:20 134822                     /usr/lib/jvm/java-11-openjdk-amd64/lib/libverify.so
7fbc98b5c000-7fbc98b5e000 r--p 0000c000 08:20 134822                     /usr/lib/jvm/java-11-openjdk-amd64/lib/libverify.so
7fbc98b5e000-7fbc98b60000 r--p 0000d000 08:20 134822                     /usr/lib/jvm/java-11-openjdk-amd64/lib/libverify.so
7fbc98b60000-7fbc98b61000 rw-p 0000f000 08:20 134822                     /usr/lib/jvm/java-11-openjdk-amd64/lib/libverify.so
7fbc98b61000-7fbc98b63000 rw-p 00000000 00:00 0 
7fbc98b63000-7fbc98b65000 r--p 00000000 08:20 104061                     /usr/lib/x86_64-linux-gnu/ld-linux-x86-64.so.2
7fbc98b65000-7fbc98b8f000 r-xp 00002000 08:20 104061                     /usr/lib/x86_64-linux-gnu/ld-linux-x86-64.so.2
7fbc98b8f000-7fbc98b9a000 r--p 0002c000 08:20 104061                     /usr/lib/x86_64-linux-gnu/ld-linux-x86-64.so.2
7fbc98b9b000-7fbc98b9d000 r--p 00037000 08:20 104061                     /usr/lib/x86_64-linux-gnu/ld-linux-x86-64.so.2
7fbc98b9d000-7fbc98b9f000 rw-p 00039000 08:20 104061                     /usr/lib/x86_64-linux-gnu/ld-linux-x86-64.so.2
7ffcf17ed000-7ffcf180f000 rw-p 00000000 00:00 0                          [stack]
7ffcf185e000-7ffcf1862000 r--p 00000000 00:00 0                          [vvar]
7ffcf1862000-7ffcf1864000 r-xp 00000000 00:00 0                          [vdso]


VM Arguments:
java_command: Main tests/lab6_test/lab4_IRTEST.sysy tests/lab6_test/lab4_IRTEST.ll
java_class_path (initial): ./classes:/usr/local/lib/antlr-4.9.1-complete.jar:/usr/local/lib/llvm-13.0.1-1.5.7.jar:/usr/local/lib/llvm-13.0.1-1.5.7-linux-x86_64.jar:/usr/local/lib/llvm-platform-13.0.1-1.5.7.jar:/usr/local/lib/javacpp-1.5.7-linux-x86_64.jar:/usr/local/lib/javacpp-1.5.7.jar
Launcher Type: SUN_STANDARD

[Global flags]
     intx CICompilerCount                          = 12                                        {product} {ergonomic}
     uint ConcGCThreads                            = 4                                         {product} {ergonomic}
     uint G1ConcRefinementThreads                  = 15                                        {product} {ergonomic}
   size_t G1HeapRegionSize                         = 1048576                                   {product} {ergonomic}
    uintx GCDrainStackTargetSize                   = 64                                        {product} {ergonomic}
   size_t InitialHeapSize                          = 260046848                                 {product} {ergonomic}
   size_t MarkStackSize                            = 4194304                                   {product} {ergonomic}
   size_t MaxHeapSize                              = 4150263808                                {product} {ergonomic}
   size_t MaxNewSize                               = 2489319424                                {product} {ergonomic}
   size_t MinHeapDeltaBytes                        = 1048576                                   {product} {ergonomic}
    uintx NonNMethodCodeHeapSize                   = 7594288                                {pd product} {ergonomic}
    uintx NonProfiledCodeHeapSize                  = 122031976                              {pd product} {ergonomic}
    uintx ProfiledCodeHeapSize                     = 122031976                              {pd product} {ergonomic}
    uintx ReservedCodeCacheSize                    = 251658240                              {pd product} {ergonomic}
     bool SegmentedCodeCache                       = true                                      {product} {ergonomic}
     bool UseCompressedClassPointers               = true                                 {lp64_product} {ergonomic}
     bool UseCompressedOops                        = true                                 {lp64_product} {ergonomic}
     bool UseG1GC                                  = true                                      {product} {ergonomic}

Logging:
Log output configuration:
 #0: stdout all=warning uptime,level,tags
 #1: stderr all=off uptime,level,tags

Environment Variables:
CLASSPATH=/usr/local/lib/antlr-4.9.1-complete.jar:/usr/local/lib/llvm-13.0.1-1.5.7.jar:/usr/local/lib/llvm-13.0.1-1.5.7-linux-x86_64.jar:/usr/local/lib/llvm-platform-13.0.1-1.5.7.jar:/usr/local/lib/javacpp-1.5.7-linux-x86_64.jar:/usr/local/lib/javacpp-1.5.7.jar
PATH=/home/crz/.local/bin:/home/crz/.cargo/bin:/home/crz/.local/bin:~/my_script:/usr/local/sbin:/usr/local/bin:/usr/sbin:/usr/bin:/sbin:/bin:/usr/games:/usr/local/games:/usr/lib/wsl/lib:/mnt/c/Program Files/Java/jdk-21/bin:/mnt/c/Program Files/Common Files/Oracle/Java/javapath:/mnt/e/vmware/bin/:/mnt/c/Program Files (x86)/Common Files/Oracle/Java/java8path:/mnt/c/Program Files (x86)/Common Files/Oracle/Java/javapath:/mnt/c/Windows/system32:/mnt/c/Windows:/mnt/c/Windows/System32/Wbem:/mnt/c/Windows/System32/WindowsPowerShell/v1.0/:/mnt/c/Windows/System32/OpenSSH/:/mnt/c/Users/crz/Downloads/winlibs-x86_64-posix-seh-gcc-12.3.0-llvm-16.0.4-mingw-w64ucrt-11.0.0-r1.zip/mingw64/bin:/mnt/d/mingw64/bin:/mnt/d/Git/cmd:/mnt/c/Program Files/dotnet/:/mnt/e/SDL-CPLproj/SDL2/mingw(CLion+VSC)/SDL2-2.26.0-allinone/x86_64-w64-mingw32/bin:/mnt/c/Program Files/Cloudflare/Cloudflare WARP/:/mnt/c/Users/crz/AppData/Local/Programs/Python/Python311/Lib/site-packages/pyecharts:/mnt/c/Program Files/MATLAB/R2023a/runtime/win64:/mnt/c/Program Files/MATLAB/R2023a/bin:/mnt/c/Program Files/gs/gs10.03.1/bin:/mnt/e/:/mnt/e/bitvise-ssh:/mnt/d/:/mnt/c/ProgramData/chocolatey/bin:/mnt/c/Program Files/MySQL/MySQL Server 8.0/bin:/mnt/c/Program Files/MySQL/MySQL Shell 8.0/bin/:/mnt/e/anaconda3:/mnt/e/anaconda3/Library/mingw-w64/bin:/mnt/e/anaconda3/Library/usr/bin:/mnt/e/anaconda3/Library/bin:/mnt/e/anaconda3/Scripts:/mnt/c/Users/crz/AppData/Local/Microsoft/WindowsApps:/mnt/c/Users/crz/Downloads/winlibs-x86_64-posix-seh-gcc-12.3.0-llvm-16.0.4-mingw-w64ucrt-11.0.0-r1.zip/mingw64/bin:/mnt/d/mingw64/bin:/mnt/e/Microsoft VS Code/bin:/mnt/e/CLion 2022.3/bin:/mnt/c/Users/crz/AppData/Local/JetBrains/Toolbox/scripts:/mnt/d/PyCharm 2023.3.4/bin:/mnt/d/IntelliJ IDEA 2023.3.4/bin:/mnt/c/Users/crz/anaconda3/Lib/site-packages:/mnt/d/texlive/2024/bin/windows:/mnt/c/Users/crz/AppData/Roaming/npm:/mnt/d/:/mnt/d/WebStorm 2024.3.2.1/bin:/snap/bin:/mnt/c/Users/crz/AppData/Local/Programs/Microsoft VS Code/bin:/mnt/e/Microsoft\ V
SHELL=/bin/bash
DISPLAY=:0.0
HOSTTYPE=x86_64
LANG=en_US.UTF-8
LC_ALL=en_US.UTF-8
TERM=xterm-256color

Signal Handlers:
SIGSEGV: [libjvm.so+0xebbd40], sa_mask[0]=11111111011111111101111111111110, sa_flags=SA_RESTART|SA_SIGINFO
SIGBUS: [libjvm.so+0xebbd40], sa_mask[0]=11111111011111111101111111111110, sa_flags=SA_RESTART|SA_SIGINFO
SIGFPE: [libjvm.so+0xebbd40], sa_mask[0]=11111111011111111101111111111110, sa_flags=SA_RESTART|SA_SIGINFO
SIGPIPE: [libjvm.so+0xbfe040], sa_mask[0]=11111111011111111101111111111110, sa_flags=SA_RESTART|SA_SIGINFO
SIGXFSZ: [libjvm.so+0xbfe040], sa_mask[0]=11111111011111111101111111111110, sa_flags=SA_RESTART|SA_SIGINFO
SIGILL: [libjvm.so+0xebbd40], sa_mask[0]=11111111011111111101111111111110, sa_flags=SA_RESTART|SA_SIGINFO
SIGUSR2: [libjvm.so+0xbfdee0], sa_mask[0]=00000000000000000000000000000000, sa_flags=SA_RESTART|SA_SIGINFO
SIGHUP: [libjvm.so+0xbfe6a0], sa_mask[0]=11111111011111111101111111111110, sa_flags=SA_RESTART|SA_SIGINFO
SIGINT: [libjvm.so+0xbfe6a0], sa_mask[0]=11111111011111111101111111111110, sa_flags=SA_RESTART|SA_SIGINFO
SIGTERM: [libjvm.so+0xbfe6a0], sa_mask[0]=11111111011111111101111111111110, sa_flags=SA_RESTART|SA_SIGINFO
SIGQUIT: [libjvm.so+0xbfe6a0], sa_mask[0]=11111111011111111101111111111110, sa_flags=SA_RESTART|SA_SIGINFO


---------------  S Y S T E M  ---------------

OS:DISTRIB_ID=Ubuntu
DISTRIB_RELEASE=22.04
DISTRIB_CODENAME=jammy
DISTRIB_DESCRIPTION="Ubuntu 22.04.5 LTS"
uname:Linux 5.15.167.4-microsoft-standard-WSL2 #1 SMP Tue Nov 5 00:21:55 UTC 2024 x86_64
OS uptime: 0 days 2:21 hours
libc:glibc 2.35 NPTL 2.35 
rlimit (soft/hard): STACK 8192k/infinity , CORE 0k/infinity , NPROC 63270/63270 , NOFILE 1048576/1048576 , AS infinity/infinity , CPU infinity/infinity , DATA infinity/infinity , FSIZE infinity/infinity , MEMLOCK 65536k/65536k
load average:4.76 2.01 1.09

/proc/meminfo:
MemTotal:       16204140 kB
MemFree:        12282908 kB
MemAvailable:   13460996 kB
Buffers:           16000 kB
Cached:          1418772 kB
SwapCached:            0 kB
Active:           455752 kB
Inactive:        3021184 kB
Active(anon):       2440 kB
Inactive(anon):  2081240 kB
Active(file):     453312 kB
Inactive(file):   939944 kB
Unevictable:           0 kB
Mlocked:               0 kB
SwapTotal:       4194304 kB
SwapFree:        4194304 kB
Dirty:                12 kB
Writeback:             0 kB
AnonPages:       1954132 kB
Mapped:          1001264 kB
Shmem:             41516 kB
KReclaimable:      65140 kB
Slab:             152900 kB
SReclaimable:      65140 kB
SUnreclaim:        87760 kB
KernelStack:       10296 kB
PageTables:        16340 kB
NFS_Unstable:          0 kB
Bounce:                0 kB
WritebackTmp:          0 kB
CommitLimit:    12296372 kB
Committed_AS:    4415624 kB
VmallocTotal:   34359738367 kB
VmallocUsed:       33584 kB
VmallocChunk:          0 kB
Percpu:            14976 kB
AnonHugePages:   1411072 kB
ShmemHugePages:        0 kB
ShmemPmdMapped:        0 kB
FileHugePages:         0 kB
FilePmdMapped:         0 kB
HugePages_Total:       0
HugePages_Free:        0
HugePages_Rsvd:        0
HugePages_Surp:        0
Hugepagesize:       2048 kB
Hugetlb:               0 kB
DirectMap4k:      130048 kB
DirectMap2M:     8081408 kB
DirectMap1G:    16777216 kB

/sys/kernel/mm/transparent_hugepage/enabled:
[always] madvise never
/sys/kernel/mm/transparent_hugepage/defrag (defrag/compaction efforts parameter):
always defer defer+madvise [madvise] never

Process Memory:
Virtual Size: 7132948K (peak: 15578236K)
Resident Set Size: 102660K (peak: 102660K) (anon: 45076K, file: 57584K, shmem: 0K)
Swapped out: 0K
C-Heap outstanding allocations: 43197K, retained: 2886K
glibc malloc tunables: (default)

/proc/sys/kernel/threads-max (system-wide limit on the number of threads):
126540
/proc/sys/vm/max_map_count (maximum number of memory map areas a process may have):
65530
/proc/sys/kernel/pid_max (system-wide limit on number of process identifiers):
4194304

container (cgroup) information:
container_type: cgroupv1
cpu_cpuset_cpus: 0-19
cpu_memory_nodes: 0
active_processor_count: 20
cpu_quota: no quota
cpu_period: 100000
cpu_shares: no shares
memory_limit_in_bytes: unlimited
memory_and_swap_limit_in_bytes: unlimited
memory_soft_limit_in_bytes: unlimited
memory_usage_in_bytes: 3389488 k
memory_max_usage_in_bytes: 3536884 k
kernel_memory_limit_in_bytes: unlimited
kernel_memory_usage_in_bytes: 60560 k
kernel_memory_max_usage_in_bytes: 82692 k
maximum number of tasks: not supported
current number of tasks: not supported

Hyper-V virtualization detected
Steal ticks since vm start: 0
Steal ticks percentage since vm start:  0.000

CPU:total 20 (initial active 20) (16 cores per cpu, 2 threads per core) family 6 model 186 stepping 2 microcode 0xffffffff, cmov, cx8, fxsr, mmx, sse, sse2, sse3, ssse3, sse4.1, sse4.2, popcnt, avx, avx2, aes, clmul, erms, 3dnowpref, lzcnt, ht, tsc, tscinvbit, bmi1, bmi2, adx, sha, fma
CPU Model and flags from /proc/cpuinfo:
model name	: 13th Gen Intel(R) Core(TM) i9-13900H
flags		: fpu vme de pse tsc msr pae mce cx8 apic sep mtrr pge mca cmov pat pse36 clflush mmx fxsr sse sse2 ss ht syscall nx pdpe1gb rdtscp lm constant_tsc rep_good nopl xtopology tsc_reliable nonstop_tsc cpuid pni pclmulqdq vmx ssse3 fma cx16 pcid sse4_1 sse4_2 x2apic movbe popcnt tsc_deadline_timer aes xsave avx f16c rdrand hypervisor lahf_lm abm 3dnowprefetch invpcid_single ssbd ibrs ibpb stibp ibrs_enhanced tpr_shadow vnmi ept vpid ept_ad fsgsbase tsc_adjust bmi1 avx2 smep bmi2 erms invpcid rdseed adx smap clflushopt clwb sha_ni xsaveopt xsavec xgetbv1 xsaves avx_vnni umip waitpkg gfni vaes vpclmulqdq rdpid movdiri movdir64b fsrm md_clear serialize flush_l1d arch_capabilities
Online cpus:
0-19
Offline cpus:

BIOS frequency limitation:
<Not Available>
Frequency switch latency (ns):
<Not Available>
Available cpu frequencies:
<Not Available>
Current governor:
<Not Available>
Core performance/turbo boost:
<Not Available>

Memory: 4k page, physical 16204140k(12282908k free), swap 4194304k(4194304k free)

vm_info: OpenJDK 64-Bit Server VM (11.0.27+6-post-Ubuntu-0ubuntu122.04) for linux-amd64 JRE (11.0.27+6-post-Ubuntu-0ubuntu122.04), built on Apr 21 2025 05:59:45 by "unknown" with gcc 11.4.0

END.
