#
# A fatal error has been detected by the Java Runtime Environment:
#
#  SIGSEGV (0xb) at pc=0x000071883e162af8, pid=14048, tid=14049
#
# JRE version: OpenJDK Runtime Environment (11.0.27+6) (build 11.0.27+6-post-Ubuntu-0ubuntu122.04)
# Java VM: OpenJDK 64-Bit Server VM (11.0.27+6-post-Ubuntu-0ubuntu122.04, mixed mode, sharing, tiered, compressed oops, g1 gc, linux-amd64)
# Problematic frame:
# C  [libLLVM-13.so+0xd62af8]  llvm::Value::getName() const+0xb8
#
# Core dump will be written. Default location: Core dumps may be processed with "/wsl-capture-crash %t %E %p %s" (or dumping to /home/crz/compilers/Lab/core.14048)
#
# If you would like to submit a bug report, please visit:
#   https://bugs.launchpad.net/ubuntu/+source/openjdk-lts
# The crash happened outside the Java Virtual Machine in native code.
# See problematic frame for where to report the bug.
#

---------------  S U M M A R Y ------------

Command Line: com.example.Main tests/develop_test/01backpack.sysy tests/develop_test/01backpack.ll

Host: 13th Gen Intel(R) Core(TM) i9-13900H, 20 cores, 15G, Ubuntu 22.04.5 LTS
Time: Tue Jul 15 21:40:05 2025 CST elapsed time: 0.228848 seconds (0d 0h 0m 0s)

---------------  T H R E A D  ---------------

Current thread (0x00007188c0015000):  JavaThread "main" [_thread_in_native, id=14049, stack(0x00007188c82e0000,0x00007188c83e0000)]

Stack: [0x00007188c82e0000,0x00007188c83e0000],  sp=0x00007188c83ddfd0,  free space=1015k
Native frames: (J=compiled Java code, A=aot compiled Java code, j=interpreted, Vv=VM code, C=native code)
C  [libLLVM-13.so+0xd62af8]  llvm::Value::getName() const+0xb8

Java frames: (J=compiled Java code, j=interpreted, Vv=VM code)
j  org.bytedeco.llvm.global.LLVM.LLVMPrintValueToString(Lorg/bytedeco/llvm/LLVM/LLVMValueRef;)Lorg/bytedeco/javacpp/BytePointer;+0
j  com.example.LLVMIROptimization.buildgraph(Lorg/bytedeco/llvm/LLVM/LLVMValueRef;)V+273
j  com.example.LLVMIROptimization.elem_dead_code(Lorg/bytedeco/llvm/LLVM/LLVMValueRef;)Z+4
j  com.example.Main.main([Ljava/lang/String;)V+329
v  ~StubRoutines::call_stub

siginfo: si_signo: 11 (SIGSEGV), si_code: 1 (SEGV_MAPERR), si_addr: 0x00000000000000c5

Register to memory mapping:

RAX=0x00000000000000d5 is an unknown value
RBX=0x0000000000000001 is an unknown value
RCX=0x00007188c0472798 points into unknown readable memory: 0x00007188c04882a0 | a0 82 48 c0 88 71 00 00
RDX=0x00000000000000c5 is an unknown value
RSP=0x00007188c83ddfd0 is pointing into the stack for thread: 0x00007188c0015000
RBP=0x00007188c83de0e0 is pointing into the stack for thread: 0x00007188c0015000
RSI=0x00007188c04892a0 points into unknown readable memory: 0x0000000000000000 | 00 00 00 00 00 00 00 00
RDI=0x00007188c83ddfd0 is pointing into the stack for thread: 0x00007188c0015000
R8 =0x0000000000000001 is an unknown value
R9 =0x00007188c0472798 points into unknown readable memory: 0x00007188c04882a0 | a0 82 48 c0 88 71 00 00
R10=0x00000000000000ff is an unknown value
R11=0x0000000000000002 is an unknown value
R12=0x0000000000000001 is an unknown value
R13=0x0000000000000004 is an unknown value
R14=0x00007188c83de160 is pointing into the stack for thread: 0x00007188c0015000
R15=0x00007188c048c0b0 points into unknown readable memory: 0x00007188c0475c00 | 00 5c 47 c0 88 71 00 00


Registers:
RAX=0x00000000000000d5, RBX=0x0000000000000001, RCX=0x00007188c0472798, RDX=0x00000000000000c5
RSP=0x00007188c83ddfd0, RBP=0x00007188c83de0e0, RSI=0x00007188c04892a0, RDI=0x00007188c83ddfd0
R8 =0x0000000000000001, R9 =0x00007188c0472798, R10=0x00000000000000ff, R11=0x0000000000000002
R12=0x0000000000000001, R13=0x0000000000000004, R14=0x00007188c83de160, R15=0x00007188c048c0b0
RIP=0x000071883e162af8, EFLAGS=0x0000000000010202, CSGSFS=0x002b000000000033, ERR=0x0000000000000004
  TRAPNO=0x000000000000000e

Top of Stack: (sp=0x00007188c83ddfd0)
0x00007188c83ddfd0:   00007188c04892a0 00007188c04892a0
0x00007188c83ddfe0:   0000000000000001 000071883dfa13f5
0x00007188c83ddff0:   0000000000000001 00007188c83de2c0
0x00007188c83de000:   0000000000000001 000071883dfb25d8 

Instructions: (pc=0x000071883e162af8)
0x000071883e1629f8:   48 bc ff eb b7 48 83 3d ab e8 ce 05 00 74 23 83
0x000071883e162a08:   ca ff f0 0f c1 50 f8 85 d2 7f ae 48 8d 74 24 0f
0x000071883e162a18:   e8 53 48 bc ff eb a2 8b 50 f8 8d 4a ff 89 48 f8
0x000071883e162a28:   eb c3 8b 50 f8 8d 4a ff 89 48 f8 eb da 66 2e 0f
0x000071883e162a38:   1f 84 00 00 00 00 00 90 f6 47 17 10 75 0a 48 8d
0x000071883e162a48:   05 f2 a0 6c 03 31 d2 c3 48 83 ec 18 48 8b 07 48
0x000071883e162a58:   8b 00 48 8b 08 8b 81 98 01 00 00 4c 8b 81 88 01
0x000071883e162a68:   00 00 4c 8d 89 88 01 00 00 85 c0 74 5b 89 f9 89
0x000071883e162a78:   fa 44 8d 50 ff c1 ea 09 c1 e9 04 31 d1 44 21 d1
0x000071883e162a88:   89 ce 48 c1 e6 04 4c 01 c6 48 8b 16 48 39 d7 75
0x000071883e162a98:   67 89 c2 48 89 e7 4c 89 c9 48 89 d0 48 c1 e0 04
0x000071883e162aa8:   49 8d 14 00 41 b8 01 00 00 00 e8 f9 f4 ff ff 48
0x000071883e162ab8:   8b 04 24 48 8b 50 08 48 8d 42 10 48 8b 12 48 83
0x000071883e162ac8:   c4 18 c3 0f 1f 44 00 00 48 c1 e0 04 48 89 e7 4c
0x000071883e162ad8:   89 c9 49 8d 34 00 41 b8 01 00 00 00 48 89 f2 e8
0x000071883e162ae8:   c4 f4 ff ff 48 8b 04 24 48 8b 50 08 48 8d 42 10
0x000071883e162af8:   48 8b 12 48 83 c4 18 c3 be 01 00 00 00 48 81 fa
0x000071883e162b08:   00 f0 ff ff 74 c2 01 f1 44 8d 5e 01 44 21 d1 89
0x000071883e162b18:   ce 48 c1 e6 04 4c 01 c6 48 8b 16 48 39 d7 0f 84
0x000071883e162b28:   6d ff ff ff 44 89 de eb d4 66 2e 0f 1f 84 00 00
0x000071883e162b38:   00 00 00 0f 1f 44 00 00 66 48 0f 6e c6 66 48 0f
0x000071883e162b48:   6e ca 66 0f 6c c1 0f 11 07 45 84 c0 75 29 48 39
0x000071883e162b58:   d6 74 24 0f 1f 44 00 00 48 8b 06 48 3d 00 f0 ff
0x000071883e162b68:   ff 74 08 48 3d 00 e0 ff ff 75 0c 48 83 c6 10 48
0x000071883e162b78:   89 37 48 39 f2 75 e1 c3 41 57 41 56 41 55 41 54
0x000071883e162b88:   55 53 48 89 fb 48 83 ec 38 4c 8b 67 10 49 8b 04
0x000071883e162b98:   24 48 8b 00 48 8b 28 4c 8b ad 08 09 00 00 44 8b
0x000071883e162ba8:   bd 18 09 00 00 41 f6 44 24 11 01 0f 85 67 01 00
0x000071883e162bb8:   00 45 85 ff 0f 84 fb 01 00 00 45 89 e6 44 89 e0
0x000071883e162bc8:   41 8d 77 ff c1 e8 09 41 c1 ee 04 41 31 c6 44 89
0x000071883e162bd8:   f1 21 f1 89 c8 48 c1 e0 04 4c 01 e8 48 8b 10 49
0x000071883e162be8:   39 d4 0f 85 7c 03 00 00 48 8b 50 08 4c 89 ee 48 


Stack slot to memory mapping:
stack at sp + 0 slots: 0x00007188c04892a0 points into unknown readable memory: 0x0000000000000000 | 00 00 00 00 00 00 00 00
stack at sp + 1 slots: 0x00007188c04892a0 points into unknown readable memory: 0x0000000000000000 | 00 00 00 00 00 00 00 00
stack at sp + 2 slots: 0x0000000000000001 is an unknown value
stack at sp + 3 slots: 0x000071883dfa13f5: <offset 0x0000000000ba13f5> in /home/crz/.javacpp/cache/llvm-13.0.1-1.5.7-linux-x86_64.jar/org/bytedeco/llvm/linux-x86_64/libLLVM-13.so at 0x000071883d400000
stack at sp + 4 slots: 0x0000000000000001 is an unknown value
stack at sp + 5 slots: 0x00007188c83de2c0 is pointing into the stack for thread: 0x00007188c0015000
stack at sp + 6 slots: 0x0000000000000001 is an unknown value
stack at sp + 7 slots: 0x000071883dfb25d8: <offset 0x0000000000bb25d8> in /home/crz/.javacpp/cache/llvm-13.0.1-1.5.7-linux-x86_64.jar/org/bytedeco/llvm/linux-x86_64/libLLVM-13.so at 0x000071883d400000


---------------  P R O C E S S  ---------------

Threads class SMR info:
_java_thread_list=0x000071884c0077a0, length=15, elements={
0x00007188c0015000, 0x00007188c01ec000, 0x00007188c01ee000, 0x00007188c01f3800,
0x00007188c01f5800, 0x00007188c01f8000, 0x00007188c01fa000, 0x00007188c01fc000,
0x000071887007c000, 0x00007188c022f000, 0x0000718870315000, 0x0000718870317000,
0x00007188c03db800, 0x000071887031d800, 0x000071884c006000
}

Java Threads: ( => current thread )
=>0x00007188c0015000 JavaThread "main" [_thread_in_native, id=14049, stack(0x00007188c82e0000,0x00007188c83e0000)]
  0x00007188c01ec000 JavaThread "Reference Handler" daemon [_thread_blocked, id=14056, stack(0x0000718894df7000,0x0000718894ef7000)]
  0x00007188c01ee000 JavaThread "Finalizer" daemon [_thread_blocked, id=14057, stack(0x0000718894cf7000,0x0000718894df7000)]
  0x00007188c01f3800 JavaThread "Signal Dispatcher" daemon [_thread_blocked, id=14058, stack(0x0000718894bf7000,0x0000718894cf7000)]
  0x00007188c01f5800 JavaThread "Service Thread" daemon [_thread_blocked, id=14059, stack(0x0000718894500000,0x0000718894600000)]
  0x00007188c01f8000 JavaThread "C2 CompilerThread0" daemon [_thread_blocked, id=14060, stack(0x0000718894400000,0x0000718894500000)]
  0x00007188c01fa000 JavaThread "C1 CompilerThread0" daemon [_thread_blocked, id=14061, stack(0x0000718894300000,0x0000718894400000)]
  0x00007188c01fc000 JavaThread "Sweeper thread" daemon [_thread_blocked, id=14062, stack(0x0000718894200000,0x0000718894300000)]
  0x000071887007c000 JavaThread "C1 CompilerThread1" daemon [_thread_blocked, id=14063, stack(0x0000718894100000,0x0000718894200000)]
  0x00007188c022f000 JavaThread "Common-Cleaner" daemon [_thread_blocked, id=14065, stack(0x0000718894000000,0x0000718894100000)]
  0x0000718870315000 JavaThread "C1 CompilerThread2" daemon [_thread_blocked, id=14066, stack(0x0000718863dff000,0x0000718863eff000)]
  0x0000718870317000 JavaThread "C1 CompilerThread3" daemon [_thread_blocked, id=14067, stack(0x0000718863cff000,0x0000718863dff000)]
  0x00007188c03db800 JavaThread "JavaCPP Deallocator" daemon [_thread_blocked, id=14068, stack(0x0000718863bff000,0x0000718863cff000)]
  0x000071887031d800 JavaThread "C2 CompilerThread1" daemon [_thread_blocked, id=14069, stack(0x0000718863aff000,0x0000718863bff000)]
  0x000071884c006000 JavaThread "C2 CompilerThread2" daemon [_thread_blocked, id=14070, stack(0x00007188639ff000,0x0000718863aff000)]

Other Threads:
  0x00007188c01e9000 VMThread "VM Thread" [stack: 0x0000718894ef8000,0x0000718894ff8000] [id=14055]
  0x00007188c022c800 WatcherThread [stack: 0x0000718863f00000,0x0000718864000000] [id=14064]
  0x00007188c002f800 GCTaskThread "GC Thread#0" [stack: 0x00007188c6a17000,0x00007188c6b17000] [id=14050]
  0x00007188c008d800 ConcurrentGCThread "G1 Main Marker" [stack: 0x00007188c40e2000,0x00007188c41e2000] [id=14051]
  0x00007188c008f800 ConcurrentGCThread "G1 Conc#0" [stack: 0x00007188bff00000,0x00007188c0000000] [id=14052]
  0x00007188c01aa800 ConcurrentGCThread "G1 Refine#0" [stack: 0x00007188958fa000,0x00007188959fa000] [id=14053]
  0x00007188c01ac800 ConcurrentGCThread "G1 Young RemSet Sampling" [stack: 0x00007188957f9000,0x00007188958f9000] [id=14054]

Threads with active compile tasks:

VM state:not at safepoint (normal execution)

VM Mutex/Monitor currently owned by a thread: None

Heap address: 0x0000000708c00000, size: 3956 MB, Compressed Oops mode: Zero based, Oop shift amount: 3
Narrow klass base: 0x0000000800000000, Narrow klass shift: 3
Compressed class space size: 1073741824 Address: 0x0000000840000000

Heap:
 garbage-first heap   total 256000K, used 22224K [0x0000000708c00000, 0x0000000800000000)
  region size 1024K, 23 young (23552K), 0 survivors (0K)
 Metaspace       used 4265K, capacity 6937K, committed 7168K, reserved 1056768K
  class space    used 424K, capacity 715K, committed 768K, reserved 1048576K
Heap Regions: E=young(eden), S=young(survivor), O=old, HS=humongous(starts), HC=humongous(continues), CS=collection set, F=free, A=archive, TAMS=top-at-mark-start (previous, next)
|   0|0x0000000708c00000, 0x0000000708c00000, 0x0000000708d00000|  0%| F|  |TAMS 0x0000000708c00000, 0x0000000708c00000| Untracked 
|   1|0x0000000708d00000, 0x0000000708d00000, 0x0000000708e00000|  0%| F|  |TAMS 0x0000000708d00000, 0x0000000708d00000| Untracked 
|   2|0x0000000708e00000, 0x0000000708e00000, 0x0000000708f00000|  0%| F|  |TAMS 0x0000000708e00000, 0x0000000708e00000| Untracked 
|   3|0x0000000708f00000, 0x0000000708f00000, 0x0000000709000000|  0%| F|  |TAMS 0x0000000708f00000, 0x0000000708f00000| Untracked 
|   4|0x0000000709000000, 0x0000000709000000, 0x0000000709100000|  0%| F|  |TAMS 0x0000000709000000, 0x0000000709000000| Untracked 
|   5|0x0000000709100000, 0x0000000709100000, 0x0000000709200000|  0%| F|  |TAMS 0x0000000709100000, 0x0000000709100000| Untracked 
|   6|0x0000000709200000, 0x0000000709200000, 0x0000000709300000|  0%| F|  |TAMS 0x0000000709200000, 0x0000000709200000| Untracked 
|   7|0x0000000709300000, 0x0000000709300000, 0x0000000709400000|  0%| F|  |TAMS 0x0000000709300000, 0x0000000709300000| Untracked 
|   8|0x0000000709400000, 0x0000000709400000, 0x0000000709500000|  0%| F|  |TAMS 0x0000000709400000, 0x0000000709400000| Untracked 
|   9|0x0000000709500000, 0x0000000709500000, 0x0000000709600000|  0%| F|  |TAMS 0x0000000709500000, 0x0000000709500000| Untracked 
|  10|0x0000000709600000, 0x0000000709600000, 0x0000000709700000|  0%| F|  |TAMS 0x0000000709600000, 0x0000000709600000| Untracked 
|  11|0x0000000709700000, 0x0000000709700000, 0x0000000709800000|  0%| F|  |TAMS 0x0000000709700000, 0x0000000709700000| Untracked 
|  12|0x0000000709800000, 0x0000000709800000, 0x0000000709900000|  0%| F|  |TAMS 0x0000000709800000, 0x0000000709800000| Untracked 
|  13|0x0000000709900000, 0x0000000709900000, 0x0000000709a00000|  0%| F|  |TAMS 0x0000000709900000, 0x0000000709900000| Untracked 
|  14|0x0000000709a00000, 0x0000000709a00000, 0x0000000709b00000|  0%| F|  |TAMS 0x0000000709a00000, 0x0000000709a00000| Untracked 
|  15|0x0000000709b00000, 0x0000000709b00000, 0x0000000709c00000|  0%| F|  |TAMS 0x0000000709b00000, 0x0000000709b00000| Untracked 
|  16|0x0000000709c00000, 0x0000000709c00000, 0x0000000709d00000|  0%| F|  |TAMS 0x0000000709c00000, 0x0000000709c00000| Untracked 
|  17|0x0000000709d00000, 0x0000000709d00000, 0x0000000709e00000|  0%| F|  |TAMS 0x0000000709d00000, 0x0000000709d00000| Untracked 
|  18|0x0000000709e00000, 0x0000000709e00000, 0x0000000709f00000|  0%| F|  |TAMS 0x0000000709e00000, 0x0000000709e00000| Untracked 
|  19|0x0000000709f00000, 0x0000000709f00000, 0x000000070a000000|  0%| F|  |TAMS 0x0000000709f00000, 0x0000000709f00000| Untracked 
|  20|0x000000070a000000, 0x000000070a000000, 0x000000070a100000|  0%| F|  |TAMS 0x000000070a000000, 0x000000070a000000| Untracked 
|  21|0x000000070a100000, 0x000000070a100000, 0x000000070a200000|  0%| F|  |TAMS 0x000000070a100000, 0x000000070a100000| Untracked 
|  22|0x000000070a200000, 0x000000070a200000, 0x000000070a300000|  0%| F|  |TAMS 0x000000070a200000, 0x000000070a200000| Untracked 
|  23|0x000000070a300000, 0x000000070a300000, 0x000000070a400000|  0%| F|  |TAMS 0x000000070a300000, 0x000000070a300000| Untracked 
|  24|0x000000070a400000, 0x000000070a400000, 0x000000070a500000|  0%| F|  |TAMS 0x000000070a400000, 0x000000070a400000| Untracked 
|  25|0x000000070a500000, 0x000000070a500000, 0x000000070a600000|  0%| F|  |TAMS 0x000000070a500000, 0x000000070a500000| Untracked 
|  26|0x000000070a600000, 0x000000070a600000, 0x000000070a700000|  0%| F|  |TAMS 0x000000070a600000, 0x000000070a600000| Untracked 
|  27|0x000000070a700000, 0x000000070a700000, 0x000000070a800000|  0%| F|  |TAMS 0x000000070a700000, 0x000000070a700000| Untracked 
|  28|0x000000070a800000, 0x000000070a800000, 0x000000070a900000|  0%| F|  |TAMS 0x000000070a800000, 0x000000070a800000| Untracked 
|  29|0x000000070a900000, 0x000000070a900000, 0x000000070aa00000|  0%| F|  |TAMS 0x000000070a900000, 0x000000070a900000| Untracked 
|  30|0x000000070aa00000, 0x000000070aa00000, 0x000000070ab00000|  0%| F|  |TAMS 0x000000070aa00000, 0x000000070aa00000| Untracked 
|  31|0x000000070ab00000, 0x000000070ab00000, 0x000000070ac00000|  0%| F|  |TAMS 0x000000070ab00000, 0x000000070ab00000| Untracked 
|  32|0x000000070ac00000, 0x000000070ac00000, 0x000000070ad00000|  0%| F|  |TAMS 0x000000070ac00000, 0x000000070ac00000| Untracked 
|  33|0x000000070ad00000, 0x000000070ad00000, 0x000000070ae00000|  0%| F|  |TAMS 0x000000070ad00000, 0x000000070ad00000| Untracked 
|  34|0x000000070ae00000, 0x000000070ae00000, 0x000000070af00000|  0%| F|  |TAMS 0x000000070ae00000, 0x000000070ae00000| Untracked 
|  35|0x000000070af00000, 0x000000070af00000, 0x000000070b000000|  0%| F|  |TAMS 0x000000070af00000, 0x000000070af00000| Untracked 
|  36|0x000000070b000000, 0x000000070b000000, 0x000000070b100000|  0%| F|  |TAMS 0x000000070b000000, 0x000000070b000000| Untracked 
|  37|0x000000070b100000, 0x000000070b100000, 0x000000070b200000|  0%| F|  |TAMS 0x000000070b100000, 0x000000070b100000| Untracked 
|  38|0x000000070b200000, 0x000000070b200000, 0x000000070b300000|  0%| F|  |TAMS 0x000000070b200000, 0x000000070b200000| Untracked 
|  39|0x000000070b300000, 0x000000070b300000, 0x000000070b400000|  0%| F|  |TAMS 0x000000070b300000, 0x000000070b300000| Untracked 
|  40|0x000000070b400000, 0x000000070b400000, 0x000000070b500000|  0%| F|  |TAMS 0x000000070b400000, 0x000000070b400000| Untracked 
|  41|0x000000070b500000, 0x000000070b500000, 0x000000070b600000|  0%| F|  |TAMS 0x000000070b500000, 0x000000070b500000| Untracked 
|  42|0x000000070b600000, 0x000000070b600000, 0x000000070b700000|  0%| F|  |TAMS 0x000000070b600000, 0x000000070b600000| Untracked 
|  43|0x000000070b700000, 0x000000070b700000, 0x000000070b800000|  0%| F|  |TAMS 0x000000070b700000, 0x000000070b700000| Untracked 
|  44|0x000000070b800000, 0x000000070b800000, 0x000000070b900000|  0%| F|  |TAMS 0x000000070b800000, 0x000000070b800000| Untracked 
|  45|0x000000070b900000, 0x000000070b900000, 0x000000070ba00000|  0%| F|  |TAMS 0x000000070b900000, 0x000000070b900000| Untracked 
|  46|0x000000070ba00000, 0x000000070ba00000, 0x000000070bb00000|  0%| F|  |TAMS 0x000000070ba00000, 0x000000070ba00000| Untracked 
|  47|0x000000070bb00000, 0x000000070bb00000, 0x000000070bc00000|  0%| F|  |TAMS 0x000000070bb00000, 0x000000070bb00000| Untracked 
|  48|0x000000070bc00000, 0x000000070bc00000, 0x000000070bd00000|  0%| F|  |TAMS 0x000000070bc00000, 0x000000070bc00000| Untracked 
|  49|0x000000070bd00000, 0x000000070bd00000, 0x000000070be00000|  0%| F|  |TAMS 0x000000070bd00000, 0x000000070bd00000| Untracked 
|  50|0x000000070be00000, 0x000000070be00000, 0x000000070bf00000|  0%| F|  |TAMS 0x000000070be00000, 0x000000070be00000| Untracked 
|  51|0x000000070bf00000, 0x000000070bf00000, 0x000000070c000000|  0%| F|  |TAMS 0x000000070bf00000, 0x000000070bf00000| Untracked 
|  52|0x000000070c000000, 0x000000070c000000, 0x000000070c100000|  0%| F|  |TAMS 0x000000070c000000, 0x000000070c000000| Untracked 
|  53|0x000000070c100000, 0x000000070c100000, 0x000000070c200000|  0%| F|  |TAMS 0x000000070c100000, 0x000000070c100000| Untracked 
|  54|0x000000070c200000, 0x000000070c200000, 0x000000070c300000|  0%| F|  |TAMS 0x000000070c200000, 0x000000070c200000| Untracked 
|  55|0x000000070c300000, 0x000000070c300000, 0x000000070c400000|  0%| F|  |TAMS 0x000000070c300000, 0x000000070c300000| Untracked 
|  56|0x000000070c400000, 0x000000070c400000, 0x000000070c500000|  0%| F|  |TAMS 0x000000070c400000, 0x000000070c400000| Untracked 
|  57|0x000000070c500000, 0x000000070c500000, 0x000000070c600000|  0%| F|  |TAMS 0x000000070c500000, 0x000000070c500000| Untracked 
|  58|0x000000070c600000, 0x000000070c600000, 0x000000070c700000|  0%| F|  |TAMS 0x000000070c600000, 0x000000070c600000| Untracked 
|  59|0x000000070c700000, 0x000000070c700000, 0x000000070c800000|  0%| F|  |TAMS 0x000000070c700000, 0x000000070c700000| Untracked 
|  60|0x000000070c800000, 0x000000070c800000, 0x000000070c900000|  0%| F|  |TAMS 0x000000070c800000, 0x000000070c800000| Untracked 
|  61|0x000000070c900000, 0x000000070c900000, 0x000000070ca00000|  0%| F|  |TAMS 0x000000070c900000, 0x000000070c900000| Untracked 
|  62|0x000000070ca00000, 0x000000070ca00000, 0x000000070cb00000|  0%| F|  |TAMS 0x000000070ca00000, 0x000000070ca00000| Untracked 
|  63|0x000000070cb00000, 0x000000070cb00000, 0x000000070cc00000|  0%| F|  |TAMS 0x000000070cb00000, 0x000000070cb00000| Untracked 
|  64|0x000000070cc00000, 0x000000070cc00000, 0x000000070cd00000|  0%| F|  |TAMS 0x000000070cc00000, 0x000000070cc00000| Untracked 
|  65|0x000000070cd00000, 0x000000070cd00000, 0x000000070ce00000|  0%| F|  |TAMS 0x000000070cd00000, 0x000000070cd00000| Untracked 
|  66|0x000000070ce00000, 0x000000070ce00000, 0x000000070cf00000|  0%| F|  |TAMS 0x000000070ce00000, 0x000000070ce00000| Untracked 
|  67|0x000000070cf00000, 0x000000070cf00000, 0x000000070d000000|  0%| F|  |TAMS 0x000000070cf00000, 0x000000070cf00000| Untracked 
|  68|0x000000070d000000, 0x000000070d000000, 0x000000070d100000|  0%| F|  |TAMS 0x000000070d000000, 0x000000070d000000| Untracked 
|  69|0x000000070d100000, 0x000000070d100000, 0x000000070d200000|  0%| F|  |TAMS 0x000000070d100000, 0x000000070d100000| Untracked 
|  70|0x000000070d200000, 0x000000070d200000, 0x000000070d300000|  0%| F|  |TAMS 0x000000070d200000, 0x000000070d200000| Untracked 
|  71|0x000000070d300000, 0x000000070d300000, 0x000000070d400000|  0%| F|  |TAMS 0x000000070d300000, 0x000000070d300000| Untracked 
|  72|0x000000070d400000, 0x000000070d400000, 0x000000070d500000|  0%| F|  |TAMS 0x000000070d400000, 0x000000070d400000| Untracked 
|  73|0x000000070d500000, 0x000000070d500000, 0x000000070d600000|  0%| F|  |TAMS 0x000000070d500000, 0x000000070d500000| Untracked 
|  74|0x000000070d600000, 0x000000070d600000, 0x000000070d700000|  0%| F|  |TAMS 0x000000070d600000, 0x000000070d600000| Untracked 
|  75|0x000000070d700000, 0x000000070d700000, 0x000000070d800000|  0%| F|  |TAMS 0x000000070d700000, 0x000000070d700000| Untracked 
|  76|0x000000070d800000, 0x000000070d800000, 0x000000070d900000|  0%| F|  |TAMS 0x000000070d800000, 0x000000070d800000| Untracked 
|  77|0x000000070d900000, 0x000000070d900000, 0x000000070da00000|  0%| F|  |TAMS 0x000000070d900000, 0x000000070d900000| Untracked 
|  78|0x000000070da00000, 0x000000070da00000, 0x000000070db00000|  0%| F|  |TAMS 0x000000070da00000, 0x000000070da00000| Untracked 
|  79|0x000000070db00000, 0x000000070db00000, 0x000000070dc00000|  0%| F|  |TAMS 0x000000070db00000, 0x000000070db00000| Untracked 
|  80|0x000000070dc00000, 0x000000070dc00000, 0x000000070dd00000|  0%| F|  |TAMS 0x000000070dc00000, 0x000000070dc00000| Untracked 
|  81|0x000000070dd00000, 0x000000070dd00000, 0x000000070de00000|  0%| F|  |TAMS 0x000000070dd00000, 0x000000070dd00000| Untracked 
|  82|0x000000070de00000, 0x000000070de00000, 0x000000070df00000|  0%| F|  |TAMS 0x000000070de00000, 0x000000070de00000| Untracked 
|  83|0x000000070df00000, 0x000000070df00000, 0x000000070e000000|  0%| F|  |TAMS 0x000000070df00000, 0x000000070df00000| Untracked 
|  84|0x000000070e000000, 0x000000070e000000, 0x000000070e100000|  0%| F|  |TAMS 0x000000070e000000, 0x000000070e000000| Untracked 
|  85|0x000000070e100000, 0x000000070e100000, 0x000000070e200000|  0%| F|  |TAMS 0x000000070e100000, 0x000000070e100000| Untracked 
|  86|0x000000070e200000, 0x000000070e200000, 0x000000070e300000|  0%| F|  |TAMS 0x000000070e200000, 0x000000070e200000| Untracked 
|  87|0x000000070e300000, 0x000000070e300000, 0x000000070e400000|  0%| F|  |TAMS 0x000000070e300000, 0x000000070e300000| Untracked 
|  88|0x000000070e400000, 0x000000070e400000, 0x000000070e500000|  0%| F|  |TAMS 0x000000070e400000, 0x000000070e400000| Untracked 
|  89|0x000000070e500000, 0x000000070e500000, 0x000000070e600000|  0%| F|  |TAMS 0x000000070e500000, 0x000000070e500000| Untracked 
|  90|0x000000070e600000, 0x000000070e600000, 0x000000070e700000|  0%| F|  |TAMS 0x000000070e600000, 0x000000070e600000| Untracked 
|  91|0x000000070e700000, 0x000000070e700000, 0x000000070e800000|  0%| F|  |TAMS 0x000000070e700000, 0x000000070e700000| Untracked 
|  92|0x000000070e800000, 0x000000070e800000, 0x000000070e900000|  0%| F|  |TAMS 0x000000070e800000, 0x000000070e800000| Untracked 
|  93|0x000000070e900000, 0x000000070e900000, 0x000000070ea00000|  0%| F|  |TAMS 0x000000070e900000, 0x000000070e900000| Untracked 
|  94|0x000000070ea00000, 0x000000070ea00000, 0x000000070eb00000|  0%| F|  |TAMS 0x000000070ea00000, 0x000000070ea00000| Untracked 
|  95|0x000000070eb00000, 0x000000070eb00000, 0x000000070ec00000|  0%| F|  |TAMS 0x000000070eb00000, 0x000000070eb00000| Untracked 
|  96|0x000000070ec00000, 0x000000070ec00000, 0x000000070ed00000|  0%| F|  |TAMS 0x000000070ec00000, 0x000000070ec00000| Untracked 
|  97|0x000000070ed00000, 0x000000070ed00000, 0x000000070ee00000|  0%| F|  |TAMS 0x000000070ed00000, 0x000000070ed00000| Untracked 
|  98|0x000000070ee00000, 0x000000070ee00000, 0x000000070ef00000|  0%| F|  |TAMS 0x000000070ee00000, 0x000000070ee00000| Untracked 
|  99|0x000000070ef00000, 0x000000070ef00000, 0x000000070f000000|  0%| F|  |TAMS 0x000000070ef00000, 0x000000070ef00000| Untracked 
| 100|0x000000070f000000, 0x000000070f000000, 0x000000070f100000|  0%| F|  |TAMS 0x000000070f000000, 0x000000070f000000| Untracked 
| 101|0x000000070f100000, 0x000000070f100000, 0x000000070f200000|  0%| F|  |TAMS 0x000000070f100000, 0x000000070f100000| Untracked 
| 102|0x000000070f200000, 0x000000070f200000, 0x000000070f300000|  0%| F|  |TAMS 0x000000070f200000, 0x000000070f200000| Untracked 
| 103|0x000000070f300000, 0x000000070f300000, 0x000000070f400000|  0%| F|  |TAMS 0x000000070f300000, 0x000000070f300000| Untracked 
| 104|0x000000070f400000, 0x000000070f400000, 0x000000070f500000|  0%| F|  |TAMS 0x000000070f400000, 0x000000070f400000| Untracked 
| 105|0x000000070f500000, 0x000000070f500000, 0x000000070f600000|  0%| F|  |TAMS 0x000000070f500000, 0x000000070f500000| Untracked 
| 106|0x000000070f600000, 0x000000070f600000, 0x000000070f700000|  0%| F|  |TAMS 0x000000070f600000, 0x000000070f600000| Untracked 
| 107|0x000000070f700000, 0x000000070f700000, 0x000000070f800000|  0%| F|  |TAMS 0x000000070f700000, 0x000000070f700000| Untracked 
| 108|0x000000070f800000, 0x000000070f800000, 0x000000070f900000|  0%| F|  |TAMS 0x000000070f800000, 0x000000070f800000| Untracked 
| 109|0x000000070f900000, 0x000000070f900000, 0x000000070fa00000|  0%| F|  |TAMS 0x000000070f900000, 0x000000070f900000| Untracked 
| 110|0x000000070fa00000, 0x000000070fa00000, 0x000000070fb00000|  0%| F|  |TAMS 0x000000070fa00000, 0x000000070fa00000| Untracked 
| 111|0x000000070fb00000, 0x000000070fb00000, 0x000000070fc00000|  0%| F|  |TAMS 0x000000070fb00000, 0x000000070fb00000| Untracked 
| 112|0x000000070fc00000, 0x000000070fc00000, 0x000000070fd00000|  0%| F|  |TAMS 0x000000070fc00000, 0x000000070fc00000| Untracked 
| 113|0x000000070fd00000, 0x000000070fd00000, 0x000000070fe00000|  0%| F|  |TAMS 0x000000070fd00000, 0x000000070fd00000| Untracked 
| 114|0x000000070fe00000, 0x000000070fe00000, 0x000000070ff00000|  0%| F|  |TAMS 0x000000070fe00000, 0x000000070fe00000| Untracked 
| 115|0x000000070ff00000, 0x000000070ff00000, 0x0000000710000000|  0%| F|  |TAMS 0x000000070ff00000, 0x000000070ff00000| Untracked 
| 116|0x0000000710000000, 0x0000000710000000, 0x0000000710100000|  0%| F|  |TAMS 0x0000000710000000, 0x0000000710000000| Untracked 
| 117|0x0000000710100000, 0x0000000710100000, 0x0000000710200000|  0%| F|  |TAMS 0x0000000710100000, 0x0000000710100000| Untracked 
| 118|0x0000000710200000, 0x0000000710200000, 0x0000000710300000|  0%| F|  |TAMS 0x0000000710200000, 0x0000000710200000| Untracked 
| 119|0x0000000710300000, 0x0000000710300000, 0x0000000710400000|  0%| F|  |TAMS 0x0000000710300000, 0x0000000710300000| Untracked 
| 120|0x0000000710400000, 0x0000000710400000, 0x0000000710500000|  0%| F|  |TAMS 0x0000000710400000, 0x0000000710400000| Untracked 
| 121|0x0000000710500000, 0x0000000710500000, 0x0000000710600000|  0%| F|  |TAMS 0x0000000710500000, 0x0000000710500000| Untracked 
| 122|0x0000000710600000, 0x0000000710600000, 0x0000000710700000|  0%| F|  |TAMS 0x0000000710600000, 0x0000000710600000| Untracked 
| 123|0x0000000710700000, 0x0000000710700000, 0x0000000710800000|  0%| F|  |TAMS 0x0000000710700000, 0x0000000710700000| Untracked 
| 124|0x0000000710800000, 0x0000000710800000, 0x0000000710900000|  0%| F|  |TAMS 0x0000000710800000, 0x0000000710800000| Untracked 
| 125|0x0000000710900000, 0x0000000710900000, 0x0000000710a00000|  0%| F|  |TAMS 0x0000000710900000, 0x0000000710900000| Untracked 
| 126|0x0000000710a00000, 0x0000000710a00000, 0x0000000710b00000|  0%| F|  |TAMS 0x0000000710a00000, 0x0000000710a00000| Untracked 
| 127|0x0000000710b00000, 0x0000000710b00000, 0x0000000710c00000|  0%| F|  |TAMS 0x0000000710b00000, 0x0000000710b00000| Untracked 
| 128|0x0000000710c00000, 0x0000000710c00000, 0x0000000710d00000|  0%| F|  |TAMS 0x0000000710c00000, 0x0000000710c00000| Untracked 
| 129|0x0000000710d00000, 0x0000000710d00000, 0x0000000710e00000|  0%| F|  |TAMS 0x0000000710d00000, 0x0000000710d00000| Untracked 
| 130|0x0000000710e00000, 0x0000000710e00000, 0x0000000710f00000|  0%| F|  |TAMS 0x0000000710e00000, 0x0000000710e00000| Untracked 
| 131|0x0000000710f00000, 0x0000000710f00000, 0x0000000711000000|  0%| F|  |TAMS 0x0000000710f00000, 0x0000000710f00000| Untracked 
| 132|0x0000000711000000, 0x0000000711000000, 0x0000000711100000|  0%| F|  |TAMS 0x0000000711000000, 0x0000000711000000| Untracked 
| 133|0x0000000711100000, 0x0000000711100000, 0x0000000711200000|  0%| F|  |TAMS 0x0000000711100000, 0x0000000711100000| Untracked 
| 134|0x0000000711200000, 0x0000000711200000, 0x0000000711300000|  0%| F|  |TAMS 0x0000000711200000, 0x0000000711200000| Untracked 
| 135|0x0000000711300000, 0x0000000711300000, 0x0000000711400000|  0%| F|  |TAMS 0x0000000711300000, 0x0000000711300000| Untracked 
| 136|0x0000000711400000, 0x0000000711400000, 0x0000000711500000|  0%| F|  |TAMS 0x0000000711400000, 0x0000000711400000| Untracked 
| 137|0x0000000711500000, 0x0000000711500000, 0x0000000711600000|  0%| F|  |TAMS 0x0000000711500000, 0x0000000711500000| Untracked 
| 138|0x0000000711600000, 0x0000000711600000, 0x0000000711700000|  0%| F|  |TAMS 0x0000000711600000, 0x0000000711600000| Untracked 
| 139|0x0000000711700000, 0x0000000711700000, 0x0000000711800000|  0%| F|  |TAMS 0x0000000711700000, 0x0000000711700000| Untracked 
| 140|0x0000000711800000, 0x0000000711800000, 0x0000000711900000|  0%| F|  |TAMS 0x0000000711800000, 0x0000000711800000| Untracked 
| 141|0x0000000711900000, 0x0000000711900000, 0x0000000711a00000|  0%| F|  |TAMS 0x0000000711900000, 0x0000000711900000| Untracked 
| 142|0x0000000711a00000, 0x0000000711a00000, 0x0000000711b00000|  0%| F|  |TAMS 0x0000000711a00000, 0x0000000711a00000| Untracked 
| 143|0x0000000711b00000, 0x0000000711b00000, 0x0000000711c00000|  0%| F|  |TAMS 0x0000000711b00000, 0x0000000711b00000| Untracked 
| 144|0x0000000711c00000, 0x0000000711c00000, 0x0000000711d00000|  0%| F|  |TAMS 0x0000000711c00000, 0x0000000711c00000| Untracked 
| 145|0x0000000711d00000, 0x0000000711d00000, 0x0000000711e00000|  0%| F|  |TAMS 0x0000000711d00000, 0x0000000711d00000| Untracked 
| 146|0x0000000711e00000, 0x0000000711e00000, 0x0000000711f00000|  0%| F|  |TAMS 0x0000000711e00000, 0x0000000711e00000| Untracked 
| 147|0x0000000711f00000, 0x0000000711f00000, 0x0000000712000000|  0%| F|  |TAMS 0x0000000711f00000, 0x0000000711f00000| Untracked 
| 148|0x0000000712000000, 0x0000000712000000, 0x0000000712100000|  0%| F|  |TAMS 0x0000000712000000, 0x0000000712000000| Untracked 
| 149|0x0000000712100000, 0x0000000712100000, 0x0000000712200000|  0%| F|  |TAMS 0x0000000712100000, 0x0000000712100000| Untracked 
| 150|0x0000000712200000, 0x0000000712200000, 0x0000000712300000|  0%| F|  |TAMS 0x0000000712200000, 0x0000000712200000| Untracked 
| 151|0x0000000712300000, 0x0000000712300000, 0x0000000712400000|  0%| F|  |TAMS 0x0000000712300000, 0x0000000712300000| Untracked 
| 152|0x0000000712400000, 0x0000000712400000, 0x0000000712500000|  0%| F|  |TAMS 0x0000000712400000, 0x0000000712400000| Untracked 
| 153|0x0000000712500000, 0x0000000712500000, 0x0000000712600000|  0%| F|  |TAMS 0x0000000712500000, 0x0000000712500000| Untracked 
| 154|0x0000000712600000, 0x0000000712600000, 0x0000000712700000|  0%| F|  |TAMS 0x0000000712600000, 0x0000000712600000| Untracked 
| 155|0x0000000712700000, 0x0000000712700000, 0x0000000712800000|  0%| F|  |TAMS 0x0000000712700000, 0x0000000712700000| Untracked 
| 156|0x0000000712800000, 0x0000000712800000, 0x0000000712900000|  0%| F|  |TAMS 0x0000000712800000, 0x0000000712800000| Untracked 
| 157|0x0000000712900000, 0x0000000712900000, 0x0000000712a00000|  0%| F|  |TAMS 0x0000000712900000, 0x0000000712900000| Untracked 
| 158|0x0000000712a00000, 0x0000000712a00000, 0x0000000712b00000|  0%| F|  |TAMS 0x0000000712a00000, 0x0000000712a00000| Untracked 
| 159|0x0000000712b00000, 0x0000000712b00000, 0x0000000712c00000|  0%| F|  |TAMS 0x0000000712b00000, 0x0000000712b00000| Untracked 
| 160|0x0000000712c00000, 0x0000000712c00000, 0x0000000712d00000|  0%| F|  |TAMS 0x0000000712c00000, 0x0000000712c00000| Untracked 
| 161|0x0000000712d00000, 0x0000000712d00000, 0x0000000712e00000|  0%| F|  |TAMS 0x0000000712d00000, 0x0000000712d00000| Untracked 
| 162|0x0000000712e00000, 0x0000000712e00000, 0x0000000712f00000|  0%| F|  |TAMS 0x0000000712e00000, 0x0000000712e00000| Untracked 
| 163|0x0000000712f00000, 0x0000000712f00000, 0x0000000713000000|  0%| F|  |TAMS 0x0000000712f00000, 0x0000000712f00000| Untracked 
| 164|0x0000000713000000, 0x0000000713000000, 0x0000000713100000|  0%| F|  |TAMS 0x0000000713000000, 0x0000000713000000| Untracked 
| 165|0x0000000713100000, 0x0000000713100000, 0x0000000713200000|  0%| F|  |TAMS 0x0000000713100000, 0x0000000713100000| Untracked 
| 166|0x0000000713200000, 0x0000000713200000, 0x0000000713300000|  0%| F|  |TAMS 0x0000000713200000, 0x0000000713200000| Untracked 
| 167|0x0000000713300000, 0x0000000713300000, 0x0000000713400000|  0%| F|  |TAMS 0x0000000713300000, 0x0000000713300000| Untracked 
| 168|0x0000000713400000, 0x0000000713400000, 0x0000000713500000|  0%| F|  |TAMS 0x0000000713400000, 0x0000000713400000| Untracked 
| 169|0x0000000713500000, 0x0000000713500000, 0x0000000713600000|  0%| F|  |TAMS 0x0000000713500000, 0x0000000713500000| Untracked 
| 170|0x0000000713600000, 0x0000000713600000, 0x0000000713700000|  0%| F|  |TAMS 0x0000000713600000, 0x0000000713600000| Untracked 
| 171|0x0000000713700000, 0x0000000713700000, 0x0000000713800000|  0%| F|  |TAMS 0x0000000713700000, 0x0000000713700000| Untracked 
| 172|0x0000000713800000, 0x0000000713800000, 0x0000000713900000|  0%| F|  |TAMS 0x0000000713800000, 0x0000000713800000| Untracked 
| 173|0x0000000713900000, 0x0000000713900000, 0x0000000713a00000|  0%| F|  |TAMS 0x0000000713900000, 0x0000000713900000| Untracked 
| 174|0x0000000713a00000, 0x0000000713a00000, 0x0000000713b00000|  0%| F|  |TAMS 0x0000000713a00000, 0x0000000713a00000| Untracked 
| 175|0x0000000713b00000, 0x0000000713b00000, 0x0000000713c00000|  0%| F|  |TAMS 0x0000000713b00000, 0x0000000713b00000| Untracked 
| 176|0x0000000713c00000, 0x0000000713c00000, 0x0000000713d00000|  0%| F|  |TAMS 0x0000000713c00000, 0x0000000713c00000| Untracked 
| 177|0x0000000713d00000, 0x0000000713d00000, 0x0000000713e00000|  0%| F|  |TAMS 0x0000000713d00000, 0x0000000713d00000| Untracked 
| 178|0x0000000713e00000, 0x0000000713e00000, 0x0000000713f00000|  0%| F|  |TAMS 0x0000000713e00000, 0x0000000713e00000| Untracked 
| 179|0x0000000713f00000, 0x0000000713f00000, 0x0000000714000000|  0%| F|  |TAMS 0x0000000713f00000, 0x0000000713f00000| Untracked 
| 180|0x0000000714000000, 0x0000000714000000, 0x0000000714100000|  0%| F|  |TAMS 0x0000000714000000, 0x0000000714000000| Untracked 
| 181|0x0000000714100000, 0x0000000714100000, 0x0000000714200000|  0%| F|  |TAMS 0x0000000714100000, 0x0000000714100000| Untracked 
| 182|0x0000000714200000, 0x0000000714200000, 0x0000000714300000|  0%| F|  |TAMS 0x0000000714200000, 0x0000000714200000| Untracked 
| 183|0x0000000714300000, 0x0000000714300000, 0x0000000714400000|  0%| F|  |TAMS 0x0000000714300000, 0x0000000714300000| Untracked 
| 184|0x0000000714400000, 0x0000000714400000, 0x0000000714500000|  0%| F|  |TAMS 0x0000000714400000, 0x0000000714400000| Untracked 
| 185|0x0000000714500000, 0x0000000714500000, 0x0000000714600000|  0%| F|  |TAMS 0x0000000714500000, 0x0000000714500000| Untracked 
| 186|0x0000000714600000, 0x0000000714600000, 0x0000000714700000|  0%| F|  |TAMS 0x0000000714600000, 0x0000000714600000| Untracked 
| 187|0x0000000714700000, 0x0000000714700000, 0x0000000714800000|  0%| F|  |TAMS 0x0000000714700000, 0x0000000714700000| Untracked 
| 188|0x0000000714800000, 0x0000000714800000, 0x0000000714900000|  0%| F|  |TAMS 0x0000000714800000, 0x0000000714800000| Untracked 
| 189|0x0000000714900000, 0x0000000714900000, 0x0000000714a00000|  0%| F|  |TAMS 0x0000000714900000, 0x0000000714900000| Untracked 
| 190|0x0000000714a00000, 0x0000000714a00000, 0x0000000714b00000|  0%| F|  |TAMS 0x0000000714a00000, 0x0000000714a00000| Untracked 
| 191|0x0000000714b00000, 0x0000000714b00000, 0x0000000714c00000|  0%| F|  |TAMS 0x0000000714b00000, 0x0000000714b00000| Untracked 
| 192|0x0000000714c00000, 0x0000000714c00000, 0x0000000714d00000|  0%| F|  |TAMS 0x0000000714c00000, 0x0000000714c00000| Untracked 
| 193|0x0000000714d00000, 0x0000000714d00000, 0x0000000714e00000|  0%| F|  |TAMS 0x0000000714d00000, 0x0000000714d00000| Untracked 
| 194|0x0000000714e00000, 0x0000000714e00000, 0x0000000714f00000|  0%| F|  |TAMS 0x0000000714e00000, 0x0000000714e00000| Untracked 
| 195|0x0000000714f00000, 0x0000000714f00000, 0x0000000715000000|  0%| F|  |TAMS 0x0000000714f00000, 0x0000000714f00000| Untracked 
| 196|0x0000000715000000, 0x0000000715000000, 0x0000000715100000|  0%| F|  |TAMS 0x0000000715000000, 0x0000000715000000| Untracked 
| 197|0x0000000715100000, 0x0000000715100000, 0x0000000715200000|  0%| F|  |TAMS 0x0000000715100000, 0x0000000715100000| Untracked 
| 198|0x0000000715200000, 0x0000000715200000, 0x0000000715300000|  0%| F|  |TAMS 0x0000000715200000, 0x0000000715200000| Untracked 
| 199|0x0000000715300000, 0x0000000715300000, 0x0000000715400000|  0%| F|  |TAMS 0x0000000715300000, 0x0000000715300000| Untracked 
| 200|0x0000000715400000, 0x0000000715400000, 0x0000000715500000|  0%| F|  |TAMS 0x0000000715400000, 0x0000000715400000| Untracked 
| 201|0x0000000715500000, 0x0000000715500000, 0x0000000715600000|  0%| F|  |TAMS 0x0000000715500000, 0x0000000715500000| Untracked 
| 202|0x0000000715600000, 0x0000000715600000, 0x0000000715700000|  0%| F|  |TAMS 0x0000000715600000, 0x0000000715600000| Untracked 
| 203|0x0000000715700000, 0x0000000715700000, 0x0000000715800000|  0%| F|  |TAMS 0x0000000715700000, 0x0000000715700000| Untracked 
| 204|0x0000000715800000, 0x0000000715800000, 0x0000000715900000|  0%| F|  |TAMS 0x0000000715800000, 0x0000000715800000| Untracked 
| 205|0x0000000715900000, 0x0000000715900000, 0x0000000715a00000|  0%| F|  |TAMS 0x0000000715900000, 0x0000000715900000| Untracked 
| 206|0x0000000715a00000, 0x0000000715a00000, 0x0000000715b00000|  0%| F|  |TAMS 0x0000000715a00000, 0x0000000715a00000| Untracked 
| 207|0x0000000715b00000, 0x0000000715b00000, 0x0000000715c00000|  0%| F|  |TAMS 0x0000000715b00000, 0x0000000715b00000| Untracked 
| 208|0x0000000715c00000, 0x0000000715c00000, 0x0000000715d00000|  0%| F|  |TAMS 0x0000000715c00000, 0x0000000715c00000| Untracked 
| 209|0x0000000715d00000, 0x0000000715d00000, 0x0000000715e00000|  0%| F|  |TAMS 0x0000000715d00000, 0x0000000715d00000| Untracked 
| 210|0x0000000715e00000, 0x0000000715e00000, 0x0000000715f00000|  0%| F|  |TAMS 0x0000000715e00000, 0x0000000715e00000| Untracked 
| 211|0x0000000715f00000, 0x0000000715f00000, 0x0000000716000000|  0%| F|  |TAMS 0x0000000715f00000, 0x0000000715f00000| Untracked 
| 212|0x0000000716000000, 0x0000000716000000, 0x0000000716100000|  0%| F|  |TAMS 0x0000000716000000, 0x0000000716000000| Untracked 
| 213|0x0000000716100000, 0x0000000716100000, 0x0000000716200000|  0%| F|  |TAMS 0x0000000716100000, 0x0000000716100000| Untracked 
| 214|0x0000000716200000, 0x0000000716200000, 0x0000000716300000|  0%| F|  |TAMS 0x0000000716200000, 0x0000000716200000| Untracked 
| 215|0x0000000716300000, 0x0000000716300000, 0x0000000716400000|  0%| F|  |TAMS 0x0000000716300000, 0x0000000716300000| Untracked 
| 216|0x0000000716400000, 0x0000000716400000, 0x0000000716500000|  0%| F|  |TAMS 0x0000000716400000, 0x0000000716400000| Untracked 
| 217|0x0000000716500000, 0x0000000716500000, 0x0000000716600000|  0%| F|  |TAMS 0x0000000716500000, 0x0000000716500000| Untracked 
| 218|0x0000000716600000, 0x0000000716600000, 0x0000000716700000|  0%| F|  |TAMS 0x0000000716600000, 0x0000000716600000| Untracked 
| 219|0x0000000716700000, 0x0000000716700000, 0x0000000716800000|  0%| F|  |TAMS 0x0000000716700000, 0x0000000716700000| Untracked 
| 220|0x0000000716800000, 0x0000000716800000, 0x0000000716900000|  0%| F|  |TAMS 0x0000000716800000, 0x0000000716800000| Untracked 
| 221|0x0000000716900000, 0x0000000716900000, 0x0000000716a00000|  0%| F|  |TAMS 0x0000000716900000, 0x0000000716900000| Untracked 
| 222|0x0000000716a00000, 0x0000000716a00000, 0x0000000716b00000|  0%| F|  |TAMS 0x0000000716a00000, 0x0000000716a00000| Untracked 
| 223|0x0000000716b00000, 0x0000000716b00000, 0x0000000716c00000|  0%| F|  |TAMS 0x0000000716b00000, 0x0000000716b00000| Untracked 
| 224|0x0000000716c00000, 0x0000000716c00000, 0x0000000716d00000|  0%| F|  |TAMS 0x0000000716c00000, 0x0000000716c00000| Untracked 
| 225|0x0000000716d00000, 0x0000000716df6470, 0x0000000716e00000| 96%| E|  |TAMS 0x0000000716d00000, 0x0000000716d00000| Complete 
| 226|0x0000000716e00000, 0x0000000716f00000, 0x0000000716f00000|100%| E|CS|TAMS 0x0000000716e00000, 0x0000000716e00000| Complete 
| 227|0x0000000716f00000, 0x0000000717000000, 0x0000000717000000|100%| E|CS|TAMS 0x0000000716f00000, 0x0000000716f00000| Complete 
| 228|0x0000000717000000, 0x0000000717100000, 0x0000000717100000|100%| E|CS|TAMS 0x0000000717000000, 0x0000000717000000| Complete 
| 229|0x0000000717100000, 0x0000000717200000, 0x0000000717200000|100%| E|CS|TAMS 0x0000000717100000, 0x0000000717100000| Complete 
| 230|0x0000000717200000, 0x0000000717300000, 0x0000000717300000|100%| E|CS|TAMS 0x0000000717200000, 0x0000000717200000| Complete 
| 231|0x0000000717300000, 0x0000000717400000, 0x0000000717400000|100%| E|CS|TAMS 0x0000000717300000, 0x0000000717300000| Complete 
| 232|0x0000000717400000, 0x0000000717500000, 0x0000000717500000|100%| E|CS|TAMS 0x0000000717400000, 0x0000000717400000| Complete 
| 233|0x0000000717500000, 0x0000000717600000, 0x0000000717600000|100%| E|CS|TAMS 0x0000000717500000, 0x0000000717500000| Complete 
| 234|0x0000000717600000, 0x0000000717700000, 0x0000000717700000|100%| E|CS|TAMS 0x0000000717600000, 0x0000000717600000| Complete 
| 235|0x0000000717700000, 0x0000000717800000, 0x0000000717800000|100%| E|CS|TAMS 0x0000000717700000, 0x0000000717700000| Complete 
| 236|0x0000000717800000, 0x0000000717900000, 0x0000000717900000|100%| E|CS|TAMS 0x0000000717800000, 0x0000000717800000| Complete 
| 237|0x0000000717900000, 0x0000000717a00000, 0x0000000717a00000|100%| E|CS|TAMS 0x0000000717900000, 0x0000000717900000| Complete 
| 238|0x0000000717a00000, 0x0000000717b00000, 0x0000000717b00000|100%| E|CS|TAMS 0x0000000717a00000, 0x0000000717a00000| Complete 
| 239|0x0000000717b00000, 0x0000000717c00000, 0x0000000717c00000|100%| E|CS|TAMS 0x0000000717b00000, 0x0000000717b00000| Complete 
| 240|0x0000000717c00000, 0x0000000717d00000, 0x0000000717d00000|100%| E|CS|TAMS 0x0000000717c00000, 0x0000000717c00000| Complete 
| 241|0x0000000717d00000, 0x0000000717e00000, 0x0000000717e00000|100%| E|CS|TAMS 0x0000000717d00000, 0x0000000717d00000| Complete 
| 242|0x0000000717e00000, 0x0000000717f00000, 0x0000000717f00000|100%| E|  |TAMS 0x0000000717e00000, 0x0000000717e00000| Complete 
| 243|0x0000000717f00000, 0x0000000718000000, 0x0000000718000000|100%| E|CS|TAMS 0x0000000717f00000, 0x0000000717f00000| Complete 
| 244|0x0000000718000000, 0x0000000718100000, 0x0000000718100000|100%| E|CS|TAMS 0x0000000718000000, 0x0000000718000000| Complete 
| 245|0x0000000718100000, 0x0000000718200000, 0x0000000718200000|100%| E|CS|TAMS 0x0000000718100000, 0x0000000718100000| Complete 
| 246|0x0000000718200000, 0x0000000718300000, 0x0000000718300000|100%| E|CS|TAMS 0x0000000718200000, 0x0000000718200000| Complete 
| 247|0x0000000718300000, 0x0000000718400000, 0x0000000718400000|100%| E|CS|TAMS 0x0000000718300000, 0x0000000718300000| Complete 
|2930|0x00000007bfe00000, 0x00000007bfe48000, 0x00000007bff00000| 28%|OA|  |TAMS 0x00000007bfe00000, 0x00000007bfe00000| Untracked 
|2931|0x00000007bff00000, 0x00000007bff6c000, 0x00000007c0000000| 42%|CA|  |TAMS 0x00000007bff00000, 0x00000007bff00000| Untracked 

Card table byte_map: [0x00007188c4b93000,0x00007188c534d000] _byte_map_base: 0x00007188c134d000

Marking Bits (Prev, Next): (CMBitMap*) 0x00007188c007d198, (CMBitMap*) 0x00007188c007d1d0
 Prev Bits: [0x00007188a0230000, 0x00007188a4000000)
 Next Bits: [0x000071889c460000, 0x00007188a0230000)

Polling page: 0x00007188c875d000

Metaspace:

Usage:
  Non-class:      6.08 MB capacity,     3.75 MB ( 62%) used,     2.32 MB ( 38%) free+waste,    10.12 KB ( <1%) overhead. 
      Class:    715.00 KB capacity,   424.43 KB ( 59%) used,   285.57 KB ( 40%) free+waste,     5.00 KB ( <1%) overhead. 
       Both:      6.77 MB capacity,     4.17 MB ( 61%) used,     2.59 MB ( 38%) free+waste,    15.12 KB ( <1%) overhead. 

Virtual space:
  Non-class space:        8.00 MB reserved,       6.25 MB ( 78%) committed 
      Class space:        1.00 GB reserved,     768.00 KB ( <1%) committed 
             Both:        1.01 GB reserved,       7.00 MB ( <1%) committed 

Chunk freelists:
   Non-Class:  18.00 KB
       Class:  0 bytes
        Both:  18.00 KB

MaxMetaspaceSize: unlimited
CompressedClassSpaceSize: 1.00 GB
Initial GC threshold: 20.80 MB
Current GC threshold: 20.80 MB
CDS: on

CodeHeap 'non-profiled nmethods': size=119172Kb used=341Kb max_used=341Kb free=118830Kb
 bounds [0x00007188b019f000, 0x00007188b040f000, 0x00007188b7600000]
CodeHeap 'profiled nmethods': size=119168Kb used=2796Kb max_used=2796Kb free=116371Kb
 bounds [0x00007188a8d3f000, 0x00007188a8fff000, 0x00007188b019f000]
CodeHeap 'non-nmethods': size=7420Kb used=2838Kb max_used=2864Kb free=4581Kb
 bounds [0x00007188a8600000, 0x00007188a88d0000, 0x00007188a8d3f000]
 total_blobs=1669 nmethods=1258 adapters=322
 compilation: enabled
              stopped_count=0, restarted_count=0
 full_count=0

Compilation events (20 events):
Event: 0.209 Thread 0x00007188c01fa000 nmethod 1238 0x00007188a8fb7810 code [0x00007188a8fb7ae0, 0x00007188a8fb8d80]
Event: 0.209 Thread 0x00007188c01f8000 nmethod 1240 0x00007188b01f3410 code [0x00007188b01f35c0, 0x00007188b01f36d8]
Event: 0.209 Thread 0x000071887007c000 1241       3       com.example.LLVMIROptimization::getConstValue (83 bytes)
Event: 0.210 Thread 0x000071887007c000 nmethod 1241 0x00007188a8fb9310 code [0x00007188a8fb95c0, 0x00007188a8fba110]
Event: 0.222 Thread 0x0000718870317000 1243       3       java.io.BufferedWriter::newLine (8 bytes)
Event: 0.222 Thread 0x00007188c01fa000 1244       3       java.lang.System::lineSeparator (4 bytes)
Event: 0.222 Thread 0x0000718870317000 nmethod 1243 0x00007188a8fba510 code [0x00007188a8fba700, 0x00007188a8fbaaa0]
Event: 0.222 Thread 0x00007188c01fa000 nmethod 1244 0x00007188a8fbac10 code [0x00007188a8fbadc0, 0x00007188a8fbaeb0]
Event: 0.225 Thread 0x0000718870317000 1246       3       java.util.HashMap::removeNode (291 bytes)
Event: 0.225 Thread 0x000071887007c000 1247       3       java.util.HashMap::afterNodeRemoval (1 bytes)
Event: 0.225 Thread 0x000071887007c000 nmethod 1247 0x00007188a8fbaf10 code [0x00007188a8fbb0c0, 0x00007188a8fbb1d0]
Event: 0.225 Thread 0x00007188c01fa000 1248       3       java.util.HashSet::contains (9 bytes)
Event: 0.225 Thread 0x0000718870317000 nmethod 1246 0x00007188a8fbb290 code [0x00007188a8fbb560, 0x00007188a8fbca50]
Event: 0.225 Thread 0x00007188c01fa000 nmethod 1248 0x00007188a8fbd010 code [0x00007188a8fbd200, 0x00007188a8fbd650]
Event: 0.226 Thread 0x000071887007c000 1250       3       java.util.HashMap$TreeNode::rotateRight (91 bytes)
Event: 0.226 Thread 0x0000718870315000 nmethod 1239 0x00007188a8fbd790 code [0x00007188a8fc0f60, 0x00007188a8fe5ed0]
Event: 0.226 Thread 0x0000718870315000 1251       3       java.util.HashMap$TreeNode::treeify (221 bytes)
Event: 0.226 Thread 0x000071887007c000 nmethod 1250 0x00007188a8ff3710 code [0x00007188a8ff38e0, 0x00007188a8ff3df0]
Event: 0.226 Thread 0x000071887007c000 1252       3       java.lang.invoke.Invokers$Holder::linkToTargetMethod (9 bytes)
Event: 0.227 Thread 0x000071887007c000 nmethod 1252 0x00007188a8ff3f10 code [0x00007188a8ff40e0, 0x00007188a8ff4410]

GC Heap History (0 events):
No events

Deoptimization events (20 events):
Event: 0.173 Thread 0x00007188c0015000 DEOPT PACKING pc=0x00007188b01e2820 sp=0x00007188c83de650
Event: 0.173 Thread 0x00007188c0015000 DEOPT UNPACKING pc=0x00007188a8649ea5 sp=0x00007188c83de580 mode 2
Event: 0.173 Thread 0x00007188c0015000 Uncommon trap: trap_request=0xffffff4d fr.pc=0x00007188b01cfb08 relative=0x00000000000001c8
Event: 0.173 Thread 0x00007188c0015000 Uncommon trap: reason=unstable_if action=reinterpret pc=0x00007188b01cfb08 method=java.util.HashMap.getNode(ILjava/lang/Object;)Ljava/util/HashMap$Node; @ 84 c2
Event: 0.173 Thread 0x00007188c0015000 DEOPT PACKING pc=0x00007188b01cfb08 sp=0x00007188c83de5d0
Event: 0.173 Thread 0x00007188c0015000 DEOPT UNPACKING pc=0x00007188a8649ea5 sp=0x00007188c83de578 mode 2
Event: 0.175 Thread 0x00007188c0015000 Uncommon trap: trap_request=0xffffff4d fr.pc=0x00007188b01e41cc relative=0x00000000000006cc
Event: 0.175 Thread 0x00007188c0015000 Uncommon trap: reason=unstable_if action=reinterpret pc=0x00007188b01e41cc method=java.util.HashMap.putVal(ILjava/lang/Object;Ljava/lang/Object;ZZ)Ljava/lang/Object; @ 109 c2
Event: 0.175 Thread 0x00007188c0015000 DEOPT PACKING pc=0x00007188b01e41cc sp=0x00007188c83de590
Event: 0.175 Thread 0x00007188c0015000 DEOPT UNPACKING pc=0x00007188a8649ea5 sp=0x00007188c83de518 mode 2
Event: 0.200 Thread 0x00007188c0015000 DEOPT PACKING pc=0x00007188a8f74195 sp=0x00007188c83de620
Event: 0.200 Thread 0x00007188c0015000 DEOPT UNPACKING pc=0x00007188a864a64a sp=0x00007188c83ddb18 mode 0
Event: 0.203 Thread 0x00007188c0015000 DEOPT PACKING pc=0x00007188a8f74195 sp=0x00007188c83de620
Event: 0.203 Thread 0x00007188c0015000 DEOPT UNPACKING pc=0x00007188a864a64a sp=0x00007188c83ddb18 mode 0
Event: 0.204 Thread 0x00007188c0015000 Uncommon trap: trap_request=0xffffff4d fr.pc=0x00007188b01ee498 relative=0x0000000000000078
Event: 0.204 Thread 0x00007188c0015000 Uncommon trap: reason=unstable_if action=reinterpret pc=0x00007188b01ee498 method=java.lang.Integer.equals(Ljava/lang/Object;)Z @ 18 c2
Event: 0.204 Thread 0x00007188c0015000 DEOPT PACKING pc=0x00007188b01ee498 sp=0x00007188c83de700
Event: 0.204 Thread 0x00007188c0015000 DEOPT UNPACKING pc=0x00007188a8649ea5 sp=0x00007188c83de6b8 mode 2
Event: 0.206 Thread 0x00007188c0015000 DEOPT PACKING pc=0x00007188a8f74195 sp=0x00007188c83de620
Event: 0.206 Thread 0x00007188c0015000 DEOPT UNPACKING pc=0x00007188a864a64a sp=0x00007188c83ddb18 mode 0

Classes redefined (0 events):
No events

Internal exceptions (20 events):
Event: 0.030 Thread 0x00007188c0015000 Exception <a 'java/security/PrivilegedActionException'{0x000000071823df60}> (0x000000071823df60) thrown at [./src/hotspot/share/prims/jvm.cpp, line 1304]
Event: 0.030 Thread 0x00007188c0015000 Exception <a 'java/security/PrivilegedActionException'{0x000000071823e230}> (0x000000071823e230) thrown at [./src/hotspot/share/prims/jvm.cpp, line 1304]
Event: 0.030 Thread 0x00007188c0015000 Exception <a 'java/security/PrivilegedActionException'{0x000000071823ee48}> (0x000000071823ee48) thrown at [./src/hotspot/share/prims/jvm.cpp, line 1304]
Event: 0.030 Thread 0x00007188c0015000 Exception <a 'java/security/PrivilegedActionException'{0x000000071823f118}> (0x000000071823f118) thrown at [./src/hotspot/share/prims/jvm.cpp, line 1304]
Event: 0.030 Thread 0x00007188c0015000 Exception <a 'java/security/PrivilegedActionException'{0x000000071823fd30}> (0x000000071823fd30) thrown at [./src/hotspot/share/prims/jvm.cpp, line 1304]
Event: 0.030 Thread 0x00007188c0015000 Exception <a 'java/security/PrivilegedActionException'{0x0000000718240000}> (0x0000000718240000) thrown at [./src/hotspot/share/prims/jvm.cpp, line 1304]
Event: 0.030 Thread 0x00007188c0015000 Exception <a 'java/security/PrivilegedActionException'{0x0000000718240c30}> (0x0000000718240c30) thrown at [./src/hotspot/share/prims/jvm.cpp, line 1304]
Event: 0.030 Thread 0x00007188c0015000 Exception <a 'java/security/PrivilegedActionException'{0x0000000718240f00}> (0x0000000718240f00) thrown at [./src/hotspot/share/prims/jvm.cpp, line 1304]
Event: 0.030 Thread 0x00007188c0015000 Exception <a 'java/security/PrivilegedActionException'{0x0000000718241b30}> (0x0000000718241b30) thrown at [./src/hotspot/share/prims/jvm.cpp, line 1304]
Event: 0.030 Thread 0x00007188c0015000 Exception <a 'java/security/PrivilegedActionException'{0x0000000718241e00}> (0x0000000718241e00) thrown at [./src/hotspot/share/prims/jvm.cpp, line 1304]
Event: 0.030 Thread 0x00007188c0015000 Exception <a 'java/security/PrivilegedActionException'{0x0000000718242a30}> (0x0000000718242a30) thrown at [./src/hotspot/share/prims/jvm.cpp, line 1304]
Event: 0.030 Thread 0x00007188c0015000 Exception <a 'java/security/PrivilegedActionException'{0x0000000718242d00}> (0x0000000718242d00) thrown at [./src/hotspot/share/prims/jvm.cpp, line 1304]
Event: 0.030 Thread 0x00007188c0015000 Exception <a 'java/security/PrivilegedActionException'{0x0000000718243918}> (0x0000000718243918) thrown at [./src/hotspot/share/prims/jvm.cpp, line 1304]
Event: 0.030 Thread 0x00007188c0015000 Exception <a 'java/security/PrivilegedActionException'{0x0000000718243be8}> (0x0000000718243be8) thrown at [./src/hotspot/share/prims/jvm.cpp, line 1304]
Event: 0.030 Thread 0x00007188c0015000 Exception <a 'java/security/PrivilegedActionException'{0x0000000718244818}> (0x0000000718244818) thrown at [./src/hotspot/share/prims/jvm.cpp, line 1304]
Event: 0.030 Thread 0x00007188c0015000 Exception <a 'java/security/PrivilegedActionException'{0x0000000718244ae8}> (0x0000000718244ae8) thrown at [./src/hotspot/share/prims/jvm.cpp, line 1304]
Event: 0.108 Thread 0x00007188c0015000 Exception <a 'java/lang/NoSuchMethodError'{0x0000000717d9bf08}: 'int java.lang.invoke.DirectMethodHandle$Holder.invokeStaticInit(java.lang.Object, java.lang.Object, java.lang.Object, java.lang.Object)'> (0x0000000717d9bf08) thrown at [./src/hotspot/share/interpreter/linkResolver.cpp, line 772]
Event: 0.109 Thread 0x00007188c0015000 Exception <a 'java/lang/IncompatibleClassChangeError'{0x0000000717da6070}: Found class java.lang.Object, but interface was expected> (0x0000000717da6070) thrown at [./src/hotspot/share/interpreter/linkResolver.cpp, line 839]
Event: 0.109 Thread 0x00007188c0015000 Exception <a 'java/lang/NoSuchMethodError'{0x0000000717da92c0}: 'void java.lang.invoke.DirectMethodHandle$Holder.invokeStaticInit(java.lang.Object, java.lang.Object)'> (0x0000000717da92c0) thrown at [./src/hotspot/share/interpreter/linkResolver.cpp, line 772]
Event: 0.110 Thread 0x00007188c0015000 Exception <a 'java/lang/NoSuchMethodError'{0x0000000717daecd8}: 'int java.lang.invoke.DirectMethodHandle$Holder.invokeStaticInit(java.lang.Object, java.lang.Object)'> (0x0000000717daecd8) thrown at [./src/hotspot/share/interpreter/linkResolver.cpp, line 772]

Events (20 events):
Event: 0.165 loading class com/example/loop_stored_element
Event: 0.165 loading class com/example/loop_stored_element done
Event: 0.165 loading class com/example/LLVMIROptimization
Event: 0.165 loading class com/example/LLVMIROptimization done
Event: 0.167 loading class com/example/LLVMIRToRiscv
Event: 0.167 loading class com/example/LLVMIRToRiscv done
Event: 0.167 loading class com/example/RegisterAllocator
Event: 0.167 loading class com/example/RegisterAllocator done
Event: 0.167 loading class com/example/AsmBuilder
Event: 0.167 loading class com/example/AsmBuilder done
Event: 0.169 loading class com/example/ConstPropValueHolder
Event: 0.169 loading class com/example/ConstPropValueHolder done
Event: 0.169 loading class com/example/ConstPropValueHolder$Kind
Event: 0.169 loading class com/example/ConstPropValueHolder$Kind done
Event: 0.172 loading class org/bytedeco/llvm/LLVM/LLVMValueRef
Event: 0.172 loading class org/bytedeco/llvm/LLVM/LLVMValueRef done
Event: 0.179 loading class com/example/array_variable
Event: 0.179 loading class com/example/array_variable done
Event: 0.189 loading class com/example/ConstPropValueHolder$1
Event: 0.189 loading class com/example/ConstPropValueHolder$1 done


Dynamic libraries:
708c00000-718400000 rw-p 00000000 00:00 0 
718400000-7bfe00000 ---p 00000000 00:00 0 
7bfe00000-7bfe48000 rw-p 00b14000 08:30 134337                           /usr/lib/jvm/java-11-openjdk-amd64/lib/server/classes.jsa
7bfe48000-7bff00000 rw-p 00000000 00:00 0 
7bff00000-7bff6c000 rw-p 00aa8000 08:30 134337                           /usr/lib/jvm/java-11-openjdk-amd64/lib/server/classes.jsa
7bff6c000-7c0000000 rw-p 00000000 00:00 0 
7c0000000-800000000 ---p 00000000 00:00 0 
800000000-800002000 rwxp 00001000 08:30 134337                           /usr/lib/jvm/java-11-openjdk-amd64/lib/server/classes.jsa
800002000-8003ce000 rw-p 00003000 08:30 134337                           /usr/lib/jvm/java-11-openjdk-amd64/lib/server/classes.jsa
8003ce000-800aa6000 r--p 003cf000 08:30 134337                           /usr/lib/jvm/java-11-openjdk-amd64/lib/server/classes.jsa
800aa6000-800aa7000 rw-p 00aa7000 08:30 134337                           /usr/lib/jvm/java-11-openjdk-amd64/lib/server/classes.jsa
840000000-8400c0000 rw-p 00000000 00:00 0 
8400c0000-880000000 ---p 00000000 00:00 0 
63add0a4a000-63add0a4b000 r--p 00000000 08:30 134745                     /usr/lib/jvm/java-11-openjdk-amd64/bin/java
63add0a4b000-63add0a4c000 r-xp 00001000 08:30 134745                     /usr/lib/jvm/java-11-openjdk-amd64/bin/java
63add0a4c000-63add0a4d000 r--p 00002000 08:30 134745                     /usr/lib/jvm/java-11-openjdk-amd64/bin/java
63add0a4d000-63add0a4e000 r--p 00002000 08:30 134745                     /usr/lib/jvm/java-11-openjdk-amd64/bin/java
63add0a4e000-63add0a4f000 rw-p 00003000 08:30 134745                     /usr/lib/jvm/java-11-openjdk-amd64/bin/java
63ae106c1000-63ae106e2000 rw-p 00000000 00:00 0                          [heap]
71883d400000-71883dd26000 r--p 00000000 08:30 204242                     /home/crz/.javacpp/cache/llvm-13.0.1-1.5.7-linux-x86_64.jar/org/bytedeco/llvm/linux-x86_64/libLLVM-13.so
71883dd26000-7188416e9000 r-xp 00926000 08:30 204242                     /home/crz/.javacpp/cache/llvm-13.0.1-1.5.7-linux-x86_64.jar/org/bytedeco/llvm/linux-x86_64/libLLVM-13.so
7188416e9000-71884393e000 r--p 042e9000 08:30 204242                     /home/crz/.javacpp/cache/llvm-13.0.1-1.5.7-linux-x86_64.jar/org/bytedeco/llvm/linux-x86_64/libLLVM-13.so
71884393e000-718843e53000 r--p 0653d000 08:30 204242                     /home/crz/.javacpp/cache/llvm-13.0.1-1.5.7-linux-x86_64.jar/org/bytedeco/llvm/linux-x86_64/libLLVM-13.so
718843e53000-718843e5e000 rw-p 06a52000 08:30 204242                     /home/crz/.javacpp/cache/llvm-13.0.1-1.5.7-linux-x86_64.jar/org/bytedeco/llvm/linux-x86_64/libLLVM-13.so
718843e5e000-718843ed4000 rw-p 00000000 00:00 0 
718844000000-718844206000 rw-p 00000000 00:00 0 
718844206000-718848000000 ---p 00000000 00:00 0 
718848000000-7188480e3000 rw-p 00000000 00:00 0 
7188480e3000-71884c000000 ---p 00000000 00:00 0 
71884c000000-71884c2dc000 rw-p 00000000 00:00 0 
71884c2dc000-718850000000 ---p 00000000 00:00 0 
718850000000-718850021000 rw-p 00000000 00:00 0 
718850021000-718854000000 ---p 00000000 00:00 0 
718854000000-718854021000 rw-p 00000000 00:00 0 
718854021000-718858000000 ---p 00000000 00:00 0 
718858000000-718858295000 rw-p 00000000 00:00 0 
718858295000-71885c000000 ---p 00000000 00:00 0 
71885c000000-71885c021000 rw-p 00000000 00:00 0 
71885c021000-718860000000 ---p 00000000 00:00 0 
7188638f9000-71886395e000 r--p 00000000 08:30 204256                     /home/crz/.javacpp/cache/llvm-13.0.1-1.5.7-linux-x86_64.jar/org/bytedeco/llvm/linux-x86_64/libjniLLVM.so
71886395e000-7188639cc000 r-xp 00065000 08:30 204256                     /home/crz/.javacpp/cache/llvm-13.0.1-1.5.7-linux-x86_64.jar/org/bytedeco/llvm/linux-x86_64/libjniLLVM.so
7188639cc000-7188639f7000 r--p 000d3000 08:30 204256                     /home/crz/.javacpp/cache/llvm-13.0.1-1.5.7-linux-x86_64.jar/org/bytedeco/llvm/linux-x86_64/libjniLLVM.so
7188639f7000-7188639fa000 r--p 000fd000 08:30 204256                     /home/crz/.javacpp/cache/llvm-13.0.1-1.5.7-linux-x86_64.jar/org/bytedeco/llvm/linux-x86_64/libjniLLVM.so
7188639fa000-7188639fd000 rw-p 00100000 08:30 204256                     /home/crz/.javacpp/cache/llvm-13.0.1-1.5.7-linux-x86_64.jar/org/bytedeco/llvm/linux-x86_64/libjniLLVM.so
7188639fd000-7188639ff000 rw-p 00000000 00:00 0 
7188639ff000-718863a03000 ---p 00000000 00:00 0 
718863a03000-718863aff000 rw-p 00000000 00:00 0 
718863aff000-718863b03000 ---p 00000000 00:00 0 
718863b03000-718863bff000 rw-p 00000000 00:00 0 
718863bff000-718863c03000 ---p 00000000 00:00 0 
718863c03000-718863cff000 rw-p 00000000 00:00 0 
718863cff000-718863d03000 ---p 00000000 00:00 0 
718863d03000-718863dff000 rw-p 00000000 00:00 0 
718863dff000-718863e03000 ---p 00000000 00:00 0 
718863e03000-718863eff000 rw-p 00000000 00:00 0 
718863eff000-718863f00000 ---p 00000000 00:00 0 
718863f00000-718864000000 rw-p 00000000 00:00 0 
718864000000-718864021000 rw-p 00000000 00:00 0 
718864021000-718868000000 ---p 00000000 00:00 0 
718868000000-7188681e4000 rw-p 00000000 00:00 0 
7188681e4000-71886c000000 ---p 00000000 00:00 0 
71886c000000-71886c2a4000 rw-p 00000000 00:00 0 
71886c2a4000-718870000000 ---p 00000000 00:00 0 
718870000000-7188703b2000 rw-p 00000000 00:00 0 
7188703b2000-718874000000 ---p 00000000 00:00 0 
718874000000-718874021000 rw-p 00000000 00:00 0 
718874021000-718878000000 ---p 00000000 00:00 0 
718878000000-718878021000 rw-p 00000000 00:00 0 
718878021000-71887c000000 ---p 00000000 00:00 0 
71887c000000-71887c021000 rw-p 00000000 00:00 0 
71887c021000-718880000000 ---p 00000000 00:00 0 
718880000000-718880021000 rw-p 00000000 00:00 0 
718880021000-718884000000 ---p 00000000 00:00 0 
718884000000-718884021000 rw-p 00000000 00:00 0 
718884021000-718888000000 ---p 00000000 00:00 0 
718888000000-718888021000 rw-p 00000000 00:00 0 
718888021000-71888c000000 ---p 00000000 00:00 0 
71888c000000-71888c021000 rw-p 00000000 00:00 0 
71888c021000-718890000000 ---p 00000000 00:00 0 
718890000000-718890021000 rw-p 00000000 00:00 0 
718890021000-718894000000 ---p 00000000 00:00 0 
718894000000-718894004000 ---p 00000000 00:00 0 
718894004000-718894100000 rw-p 00000000 00:00 0 
718894100000-718894104000 ---p 00000000 00:00 0 
718894104000-718894200000 rw-p 00000000 00:00 0 
718894200000-718894204000 ---p 00000000 00:00 0 
718894204000-718894300000 rw-p 00000000 00:00 0 
718894300000-718894304000 ---p 00000000 00:00 0 
718894304000-718894400000 rw-p 00000000 00:00 0 
718894400000-718894404000 ---p 00000000 00:00 0 
718894404000-718894500000 rw-p 00000000 00:00 0 
718894500000-718894504000 ---p 00000000 00:00 0 
718894504000-718894600000 rw-p 00000000 00:00 0 
718894600000-718894bed000 r--p 00000000 08:30 2460                       /usr/lib/locale/locale-archive
718894bf7000-718894bfb000 ---p 00000000 00:00 0 
718894bfb000-718894cf7000 rw-p 00000000 00:00 0 
718894cf7000-718894cfb000 ---p 00000000 00:00 0 
718894cfb000-718894df7000 rw-p 00000000 00:00 0 
718894df7000-718894dfb000 ---p 00000000 00:00 0 
718894dfb000-718894ef7000 rw-p 00000000 00:00 0 
718894ef7000-718894ef8000 ---p 00000000 00:00 0 
718894ef8000-718895638000 rw-p 00000000 00:00 0 
718895638000-7188957f8000 ---p 00000000 00:00 0 
7188957f8000-7188957f9000 ---p 00000000 00:00 0 
7188957f9000-7188958f9000 rw-p 00000000 00:00 0 
7188958f9000-7188958fa000 ---p 00000000 00:00 0 
7188958fa000-718898000000 rw-p 00000000 00:00 0 
718898000000-718898021000 rw-p 00000000 00:00 0 
718898021000-71889c000000 ---p 00000000 00:00 0 
71889c05c000-71889c840000 rw-p 00000000 00:00 0 
71889c840000-71889f228000 ---p 00000000 00:00 0 
71889f228000-71889f230000 rw-p 00000000 00:00 0 
71889f230000-7188a0230000 ---p 00000000 00:00 0 
7188a0230000-7188a0610000 rw-p 00000000 00:00 0 
7188a0610000-7188a2ff8000 ---p 00000000 00:00 0 
7188a2ff8000-7188a3000000 rw-p 00000000 00:00 0 
7188a3000000-7188a4000000 ---p 00000000 00:00 0 
7188a4000000-7188a4021000 rw-p 00000000 00:00 0 
7188a4021000-7188a8000000 ---p 00000000 00:00 0 
7188a80fb000-7188a8600000 rw-p 00000000 00:00 0 
7188a8600000-7188a88d0000 rwxp 00000000 00:00 0 
7188a88d0000-7188a8d3f000 ---p 00000000 00:00 0 
7188a8d3f000-7188a8fff000 rwxp 00000000 00:00 0 
7188a8fff000-7188b019f000 ---p 00000000 00:00 0 
7188b019f000-7188b040f000 rwxp 00000000 00:00 0 
7188b040f000-7188b7600000 ---p 00000000 00:00 0 
7188b7600000-7188bfe41000 r--s 00000000 08:30 134824                     /usr/lib/jvm/java-11-openjdk-amd64/lib/modules
7188bfea3000-7188bfeaa000 r--s 00000000 08:30 126817                     /usr/lib/x86_64-linux-gnu/gconv/gconv-modules.cache
7188bfeaa000-7188bfeb1000 r--p 00000000 08:30 204245                     /home/crz/.javacpp/cache/llvm-13.0.1-1.5.7-linux-x86_64.jar/org/bytedeco/llvm/linux-x86_64/libLTO.so.13
7188bfeb1000-7188bfeb9000 r-xp 00007000 08:30 204245                     /home/crz/.javacpp/cache/llvm-13.0.1-1.5.7-linux-x86_64.jar/org/bytedeco/llvm/linux-x86_64/libLTO.so.13
7188bfeb9000-7188bfebb000 r--p 0000f000 08:30 204245                     /home/crz/.javacpp/cache/llvm-13.0.1-1.5.7-linux-x86_64.jar/org/bytedeco/llvm/linux-x86_64/libLTO.so.13
7188bfebb000-7188bfebc000 r--p 00010000 08:30 204245                     /home/crz/.javacpp/cache/llvm-13.0.1-1.5.7-linux-x86_64.jar/org/bytedeco/llvm/linux-x86_64/libLTO.so.13
7188bfebc000-7188bfebd000 rw-p 00011000 08:30 204245                     /home/crz/.javacpp/cache/llvm-13.0.1-1.5.7-linux-x86_64.jar/org/bytedeco/llvm/linux-x86_64/libLTO.so.13
7188bfebd000-7188bfec1000 r--p 00000000 08:30 204229                     /home/crz/.javacpp/cache/javacpp-1.5.7-linux-x86_64.jar/org/bytedeco/javacpp/linux-x86_64/libjnijavacpp.so
7188bfec1000-7188bfec8000 r-xp 00004000 08:30 204229                     /home/crz/.javacpp/cache/javacpp-1.5.7-linux-x86_64.jar/org/bytedeco/javacpp/linux-x86_64/libjnijavacpp.so
7188bfec8000-7188bfecc000 r--p 0000b000 08:30 204229                     /home/crz/.javacpp/cache/javacpp-1.5.7-linux-x86_64.jar/org/bytedeco/javacpp/linux-x86_64/libjnijavacpp.so
7188bfecc000-7188bfecd000 r--p 0000e000 08:30 204229                     /home/crz/.javacpp/cache/javacpp-1.5.7-linux-x86_64.jar/org/bytedeco/javacpp/linux-x86_64/libjnijavacpp.so
7188bfecd000-7188bfece000 rw-p 0000f000 08:30 204229                     /home/crz/.javacpp/cache/javacpp-1.5.7-linux-x86_64.jar/org/bytedeco/javacpp/linux-x86_64/libjnijavacpp.so
7188bfece000-7188bfeff000 rw-p 00000000 00:00 0 
7188bfeff000-7188bff00000 ---p 00000000 00:00 0 
7188bff00000-7188c0000000 rw-p 00000000 00:00 0 
7188c0000000-7188c04a1000 rw-p 00000000 00:00 0 
7188c04a1000-7188c4000000 ---p 00000000 00:00 0 
7188c4005000-7188c40e1000 rw-p 00000000 00:00 0 
7188c40e1000-7188c40e2000 ---p 00000000 00:00 0 
7188c40e2000-7188c4455000 rw-p 00000000 00:00 0 
7188c4455000-7188c4992000 ---p 00000000 00:00 0 
7188c4992000-7188c4993000 rw-p 00000000 00:00 0 
7188c4993000-7188c4b93000 ---p 00000000 00:00 0 
7188c4b93000-7188c4c0f000 rw-p 00000000 00:00 0 
7188c4c0f000-7188c514c000 ---p 00000000 00:00 0 
7188c514c000-7188c514d000 rw-p 00000000 00:00 0 
7188c514d000-7188c534d000 ---p 00000000 00:00 0 
7188c534d000-7188c53c9000 rw-p 00000000 00:00 0 
7188c53c9000-7188c5906000 ---p 00000000 00:00 0 
7188c5906000-7188c5907000 rw-p 00000000 00:00 0 
7188c5907000-7188c5b07000 ---p 00000000 00:00 0 
7188c5b07000-7188c6a16000 rw-p 00000000 00:00 0 
7188c6a16000-7188c6a17000 ---p 00000000 00:00 0 
7188c6a17000-7188c6b1c000 rw-p 00000000 00:00 0 
7188c6b1c000-7188c6c00000 ---p 00000000 00:00 0 
7188c6c00000-7188c6c9a000 r--p 00000000 08:30 6947                       /usr/lib/x86_64-linux-gnu/libstdc++.so.6.0.30
7188c6c9a000-7188c6dab000 r-xp 0009a000 08:30 6947                       /usr/lib/x86_64-linux-gnu/libstdc++.so.6.0.30
7188c6dab000-7188c6e1a000 r--p 001ab000 08:30 6947                       /usr/lib/x86_64-linux-gnu/libstdc++.so.6.0.30
7188c6e1a000-7188c6e1b000 ---p 0021a000 08:30 6947                       /usr/lib/x86_64-linux-gnu/libstdc++.so.6.0.30
7188c6e1b000-7188c6e26000 r--p 0021a000 08:30 6947                       /usr/lib/x86_64-linux-gnu/libstdc++.so.6.0.30
7188c6e26000-7188c6e29000 rw-p 00225000 08:30 6947                       /usr/lib/x86_64-linux-gnu/libstdc++.so.6.0.30
7188c6e29000-7188c6e2c000 rw-p 00000000 00:00 0 
7188c6e2f000-7188c6e30000 r--p 00000000 08:30 204251                     /home/crz/.javacpp/cache/llvm-13.0.1-1.5.7-linux-x86_64.jar/org/bytedeco/llvm/linux-x86_64/libRemarks.so.13
7188c6e30000-7188c6e31000 r-xp 00001000 08:30 204251                     /home/crz/.javacpp/cache/llvm-13.0.1-1.5.7-linux-x86_64.jar/org/bytedeco/llvm/linux-x86_64/libRemarks.so.13
7188c6e31000-7188c6e32000 r--p 00002000 08:30 204251                     /home/crz/.javacpp/cache/llvm-13.0.1-1.5.7-linux-x86_64.jar/org/bytedeco/llvm/linux-x86_64/libRemarks.so.13
7188c6e32000-7188c6e33000 r--p 00002000 08:30 204251                     /home/crz/.javacpp/cache/llvm-13.0.1-1.5.7-linux-x86_64.jar/org/bytedeco/llvm/linux-x86_64/libRemarks.so.13
7188c6e33000-7188c6e34000 rw-p 00003000 08:30 204251                     /home/crz/.javacpp/cache/llvm-13.0.1-1.5.7-linux-x86_64.jar/org/bytedeco/llvm/linux-x86_64/libRemarks.so.13
7188c6e34000-7188c6e35000 r--p 00000000 08:30 94026                      /usr/lib/x86_64-linux-gnu/libdl.so.2
7188c6e35000-7188c6e36000 r-xp 00001000 08:30 94026                      /usr/lib/x86_64-linux-gnu/libdl.so.2
7188c6e36000-7188c6e37000 r--p 00002000 08:30 94026                      /usr/lib/x86_64-linux-gnu/libdl.so.2
7188c6e37000-7188c6e38000 r--p 00002000 08:30 94026                      /usr/lib/x86_64-linux-gnu/libdl.so.2
7188c6e38000-7188c6e39000 rw-p 00003000 08:30 94026                      /usr/lib/x86_64-linux-gnu/libdl.so.2
7188c6e39000-7188c6e3d000 r--p 00000000 08:30 134814                     /usr/lib/jvm/java-11-openjdk-amd64/lib/libnet.so
7188c6e3d000-7188c6e4b000 r-xp 00004000 08:30 134814                     /usr/lib/jvm/java-11-openjdk-amd64/lib/libnet.so
7188c6e4b000-7188c6e4f000 r--p 00012000 08:30 134814                     /usr/lib/jvm/java-11-openjdk-amd64/lib/libnet.so
7188c6e4f000-7188c6e50000 r--p 00015000 08:30 134814                     /usr/lib/jvm/java-11-openjdk-amd64/lib/libnet.so
7188c6e50000-7188c6e51000 rw-p 00016000 08:30 134814                     /usr/lib/jvm/java-11-openjdk-amd64/lib/libnet.so
7188c6e51000-7188c6e58000 r--p 00000000 08:30 134815                     /usr/lib/jvm/java-11-openjdk-amd64/lib/libnio.so
7188c6e58000-7188c6e60000 r-xp 00007000 08:30 134815                     /usr/lib/jvm/java-11-openjdk-amd64/lib/libnio.so
7188c6e60000-7188c6e63000 r--p 0000f000 08:30 134815                     /usr/lib/jvm/java-11-openjdk-amd64/lib/libnio.so
7188c6e63000-7188c6e64000 r--p 00011000 08:30 134815                     /usr/lib/jvm/java-11-openjdk-amd64/lib/libnio.so
7188c6e64000-7188c6e65000 rw-p 00012000 08:30 134815                     /usr/lib/jvm/java-11-openjdk-amd64/lib/libnio.so
7188c6e65000-7188c6ed5000 rw-p 00000000 00:00 0 
7188c6ed5000-7188c6fb8000 ---p 00000000 00:00 0 
7188c6fb8000-7188c6fbe000 rw-p 00000000 00:00 0 
7188c6fbe000-7188c6fc7000 ---p 00000000 00:00 0 
7188c6fc7000-7188c6fc9000 r--p 00000000 08:30 134823                     /usr/lib/jvm/java-11-openjdk-amd64/lib/libzip.so
7188c6fc9000-7188c6fce000 r-xp 00002000 08:30 134823                     /usr/lib/jvm/java-11-openjdk-amd64/lib/libzip.so
7188c6fce000-7188c6fd0000 r--p 00007000 08:30 134823                     /usr/lib/jvm/java-11-openjdk-amd64/lib/libzip.so
7188c6fd0000-7188c6fd1000 r--p 00008000 08:30 134823                     /usr/lib/jvm/java-11-openjdk-amd64/lib/libzip.so
7188c6fd1000-7188c6fd2000 rw-p 00009000 08:30 134823                     /usr/lib/jvm/java-11-openjdk-amd64/lib/libzip.so
7188c6fd2000-7188c6fe0000 r--p 00000000 08:30 134803                     /usr/lib/jvm/java-11-openjdk-amd64/lib/libjava.so
7188c6fe0000-7188c6ff6000 r-xp 0000e000 08:30 134803                     /usr/lib/jvm/java-11-openjdk-amd64/lib/libjava.so
7188c6ff6000-7188c6ffd000 r--p 00024000 08:30 134803                     /usr/lib/jvm/java-11-openjdk-amd64/lib/libjava.so
7188c6ffd000-7188c6ffe000 r--p 0002a000 08:30 134803                     /usr/lib/jvm/java-11-openjdk-amd64/lib/libjava.so
7188c6ffe000-7188c6fff000 rw-p 0002b000 08:30 134803                     /usr/lib/jvm/java-11-openjdk-amd64/lib/libjava.so
7188c6fff000-7188c7000000 rw-p 00000000 00:00 0 
7188c7000000-7188c7283000 r--p 00000000 08:30 134827                     /usr/lib/jvm/java-11-openjdk-amd64/lib/server/libjvm.so
7188c7283000-7188c7f2e000 r-xp 00283000 08:30 134827                     /usr/lib/jvm/java-11-openjdk-amd64/lib/server/libjvm.so
7188c7f2e000-7188c818a000 r--p 00f2e000 08:30 134827                     /usr/lib/jvm/java-11-openjdk-amd64/lib/server/libjvm.so
7188c818a000-7188c824e000 r--p 01189000 08:30 134827                     /usr/lib/jvm/java-11-openjdk-amd64/lib/server/libjvm.so
7188c824e000-7188c8289000 rw-p 0124d000 08:30 134827                     /usr/lib/jvm/java-11-openjdk-amd64/lib/server/libjvm.so
7188c8289000-7188c82e0000 rw-p 00000000 00:00 0 
7188c82e0000-7188c82e4000 ---p 00000000 00:00 0 
7188c82e4000-7188c83e0000 rw-p 00000000 00:00 0 
7188c83e0000-7188c83e3000 r--p 00000000 08:30 6709                       /usr/lib/x86_64-linux-gnu/libgcc_s.so.1
7188c83e3000-7188c83fa000 r-xp 00003000 08:30 6709                       /usr/lib/x86_64-linux-gnu/libgcc_s.so.1
7188c83fa000-7188c83fe000 r--p 0001a000 08:30 6709                       /usr/lib/x86_64-linux-gnu/libgcc_s.so.1
7188c83fe000-7188c83ff000 r--p 0001d000 08:30 6709                       /usr/lib/x86_64-linux-gnu/libgcc_s.so.1
7188c83ff000-7188c8400000 rw-p 0001e000 08:30 6709                       /usr/lib/x86_64-linux-gnu/libgcc_s.so.1
7188c8400000-7188c8428000 r--p 00000000 08:30 94024                      /usr/lib/x86_64-linux-gnu/libc.so.6
7188c8428000-7188c85bd000 r-xp 00028000 08:30 94024                      /usr/lib/x86_64-linux-gnu/libc.so.6
7188c85bd000-7188c8615000 r--p 001bd000 08:30 94024                      /usr/lib/x86_64-linux-gnu/libc.so.6
7188c8615000-7188c8616000 ---p 00215000 08:30 94024                      /usr/lib/x86_64-linux-gnu/libc.so.6
7188c8616000-7188c861a000 r--p 00215000 08:30 94024                      /usr/lib/x86_64-linux-gnu/libc.so.6
7188c861a000-7188c861c000 rw-p 00219000 08:30 94024                      /usr/lib/x86_64-linux-gnu/libc.so.6
7188c861c000-7188c8629000 rw-p 00000000 00:00 0 
7188c8629000-7188c862a000 r--p 00000000 08:30 94037                      /usr/lib/x86_64-linux-gnu/libpthread.so.0
7188c862a000-7188c862b000 r-xp 00001000 08:30 94037                      /usr/lib/x86_64-linux-gnu/libpthread.so.0
7188c862b000-7188c862c000 r--p 00002000 08:30 94037                      /usr/lib/x86_64-linux-gnu/libpthread.so.0
7188c862c000-7188c862d000 r--p 00002000 08:30 94037                      /usr/lib/x86_64-linux-gnu/libpthread.so.0
7188c862d000-7188c862e000 rw-p 00003000 08:30 94037                      /usr/lib/x86_64-linux-gnu/libpthread.so.0
7188c862e000-7188c8636000 rw-s 00000000 08:30 310428                     /tmp/hsperfdata_crz/14048
7188c8636000-7188c8638000 r--p 00000000 08:30 134806                     /usr/lib/jvm/java-11-openjdk-amd64/lib/libjimage.so
7188c8638000-7188c863b000 r-xp 00002000 08:30 134806                     /usr/lib/jvm/java-11-openjdk-amd64/lib/libjimage.so
7188c863b000-7188c863c000 r--p 00005000 08:30 134806                     /usr/lib/jvm/java-11-openjdk-amd64/lib/libjimage.so
7188c863c000-7188c863d000 ---p 00006000 08:30 134806                     /usr/lib/jvm/java-11-openjdk-amd64/lib/libjimage.so
7188c863d000-7188c863e000 r--p 00006000 08:30 134806                     /usr/lib/jvm/java-11-openjdk-amd64/lib/libjimage.so
7188c863e000-7188c863f000 rw-p 00007000 08:30 134806                     /usr/lib/jvm/java-11-openjdk-amd64/lib/libjimage.so
7188c863f000-7188c8640000 r--p 00000000 08:30 94039                      /usr/lib/x86_64-linux-gnu/librt.so.1
7188c8640000-7188c8641000 r-xp 00001000 08:30 94039                      /usr/lib/x86_64-linux-gnu/librt.so.1
7188c8641000-7188c8642000 r--p 00002000 08:30 94039                      /usr/lib/x86_64-linux-gnu/librt.so.1
7188c8642000-7188c8643000 r--p 00002000 08:30 94039                      /usr/lib/x86_64-linux-gnu/librt.so.1
7188c8643000-7188c8644000 rw-p 00003000 08:30 94039                      /usr/lib/x86_64-linux-gnu/librt.so.1
7188c8644000-7188c8652000 r--p 00000000 08:30 94027                      /usr/lib/x86_64-linux-gnu/libm.so.6
7188c8652000-7188c86ce000 r-xp 0000e000 08:30 94027                      /usr/lib/x86_64-linux-gnu/libm.so.6
7188c86ce000-7188c8729000 r--p 0008a000 08:30 94027                      /usr/lib/x86_64-linux-gnu/libm.so.6
7188c8729000-7188c872a000 r--p 000e4000 08:30 94027                      /usr/lib/x86_64-linux-gnu/libm.so.6
7188c872a000-7188c872b000 rw-p 000e5000 08:30 94027                      /usr/lib/x86_64-linux-gnu/libm.so.6
7188c872b000-7188c872e000 rw-p 00000000 00:00 0 
7188c872e000-7188c8731000 r--p 00000000 08:30 134788                     /usr/lib/jvm/java-11-openjdk-amd64/lib/jli/libjli.so
7188c8731000-7188c873b000 r-xp 00003000 08:30 134788                     /usr/lib/jvm/java-11-openjdk-amd64/lib/jli/libjli.so
7188c873b000-7188c873e000 r--p 0000d000 08:30 134788                     /usr/lib/jvm/java-11-openjdk-amd64/lib/jli/libjli.so
7188c873e000-7188c873f000 ---p 00010000 08:30 134788                     /usr/lib/jvm/java-11-openjdk-amd64/lib/jli/libjli.so
7188c873f000-7188c8740000 r--p 00010000 08:30 134788                     /usr/lib/jvm/java-11-openjdk-amd64/lib/jli/libjli.so
7188c8740000-7188c8741000 rw-p 00011000 08:30 134788                     /usr/lib/jvm/java-11-openjdk-amd64/lib/jli/libjli.so
7188c8741000-7188c8743000 r--p 00000000 08:30 6997                       /usr/lib/x86_64-linux-gnu/libz.so.1.2.11
7188c8743000-7188c8754000 r-xp 00002000 08:30 6997                       /usr/lib/x86_64-linux-gnu/libz.so.1.2.11
7188c8754000-7188c875a000 r--p 00013000 08:30 6997                       /usr/lib/x86_64-linux-gnu/libz.so.1.2.11
7188c875a000-7188c875b000 ---p 00019000 08:30 6997                       /usr/lib/x86_64-linux-gnu/libz.so.1.2.11
7188c875b000-7188c875c000 r--p 00019000 08:30 6997                       /usr/lib/x86_64-linux-gnu/libz.so.1.2.11
7188c875c000-7188c875d000 rw-p 0001a000 08:30 6997                       /usr/lib/x86_64-linux-gnu/libz.so.1.2.11
7188c875d000-7188c875e000 ---p 00000000 00:00 0 
7188c875e000-7188c875f000 r--p 00000000 00:00 0 
7188c875f000-7188c8764000 r--p 00000000 08:30 134822                     /usr/lib/jvm/java-11-openjdk-amd64/lib/libverify.so
7188c8764000-7188c876b000 r-xp 00005000 08:30 134822                     /usr/lib/jvm/java-11-openjdk-amd64/lib/libverify.so
7188c876b000-7188c876d000 r--p 0000c000 08:30 134822                     /usr/lib/jvm/java-11-openjdk-amd64/lib/libverify.so
7188c876d000-7188c876f000 r--p 0000d000 08:30 134822                     /usr/lib/jvm/java-11-openjdk-amd64/lib/libverify.so
7188c876f000-7188c8770000 rw-p 0000f000 08:30 134822                     /usr/lib/jvm/java-11-openjdk-amd64/lib/libverify.so
7188c8770000-7188c8772000 rw-p 00000000 00:00 0 
7188c8772000-7188c8774000 r--p 00000000 08:30 94020                      /usr/lib/x86_64-linux-gnu/ld-linux-x86-64.so.2
7188c8774000-7188c879e000 r-xp 00002000 08:30 94020                      /usr/lib/x86_64-linux-gnu/ld-linux-x86-64.so.2
7188c879e000-7188c87a9000 r--p 0002c000 08:30 94020                      /usr/lib/x86_64-linux-gnu/ld-linux-x86-64.so.2
7188c87aa000-7188c87ac000 r--p 00037000 08:30 94020                      /usr/lib/x86_64-linux-gnu/ld-linux-x86-64.so.2
7188c87ac000-7188c87ae000 rw-p 00039000 08:30 94020                      /usr/lib/x86_64-linux-gnu/ld-linux-x86-64.so.2
7fff2362b000-7fff2364d000 rw-p 00000000 00:00 0                          [stack]
7fff236a2000-7fff236a6000 r--p 00000000 00:00 0                          [vvar]
7fff236a6000-7fff236a8000 r-xp 00000000 00:00 0                          [vdso]


VM Arguments:
java_command: com.example.Main tests/develop_test/01backpack.sysy tests/develop_test/01backpack.ll
java_class_path (initial): ./classes:/usr/local/lib/antlr-4.9.1-complete.jar:/usr/local/lib/llvm-13.0.1-1.5.7.jar:/usr/local/lib/llvm-13.0.1-1.5.7-linux-x86_64.jar:/usr/local/lib/llvm-platform-13.0.1-1.5.7.jar:/usr/local/lib/javacpp-1.5.7-linux-x86_64.jar:/usr/local/lib/javacpp-1.5.7.jar
Launcher Type: SUN_STANDARD

[Global flags]
     intx CICompilerCount                          = 12                                        {product} {ergonomic}
     uint ConcGCThreads                            = 4                                         {product} {ergonomic}
     uint G1ConcRefinementThreads                  = 15                                        {product} {ergonomic}
   size_t G1HeapRegionSize                         = 1048576                                   {product} {ergonomic}
    uintx GCDrainStackTargetSize                   = 64                                        {product} {ergonomic}
   size_t InitialHeapSize                          = 260046848                                 {product} {ergonomic}
   size_t MarkStackSize                            = 4194304                                   {product} {ergonomic}
   size_t MaxHeapSize                              = 4148166656                                {product} {ergonomic}
   size_t MaxNewSize                               = 2488270848                                {product} {ergonomic}
   size_t MinHeapDeltaBytes                        = 1048576                                   {product} {ergonomic}
    uintx NonNMethodCodeHeapSize                   = 7594288                                {pd product} {ergonomic}
    uintx NonProfiledCodeHeapSize                  = 122031976                              {pd product} {ergonomic}
    uintx ProfiledCodeHeapSize                     = 122031976                              {pd product} {ergonomic}
    uintx ReservedCodeCacheSize                    = 251658240                              {pd product} {ergonomic}
     bool SegmentedCodeCache                       = true                                      {product} {ergonomic}
     bool UseCompressedClassPointers               = true                                 {lp64_product} {ergonomic}
     bool UseCompressedOops                        = true                                 {lp64_product} {ergonomic}
     bool UseG1GC                                  = true                                      {product} {ergonomic}

Logging:
Log output configuration:
 #0: stdout all=warning uptime,level,tags
 #1: stderr all=off uptime,level,tags

Environment Variables:
CLASSPATH=/usr/local/lib/antlr-4.9.1-complete.jar:/usr/local/lib/llvm-13.0.1-1.5.7.jar:/usr/local/lib/llvm-13.0.1-1.5.7-linux-x86_64.jar:/usr/local/lib/llvm-platform-13.0.1-1.5.7.jar:/usr/local/lib/javacpp-1.5.7-linux-x86_64.jar:/usr/local/lib/javacpp-1.5.7.jar
PATH=/home/crz/.local/bin:/home/crz/.cargo/bin:/home/crz/.local/bin:~/my_script:/usr/local/sbin:/usr/local/bin:/usr/sbin:/usr/bin:/sbin:/bin:/usr/games:/usr/local/games:/usr/lib/wsl/lib:/mnt/c/Program Files/Java/jdk-21/bin:/mnt/c/Program Files/Common Files/Oracle/Java/javapath:/mnt/e/vmware/bin/:/mnt/c/Program Files (x86)/Common Files/Oracle/Java/java8path:/mnt/c/Program Files (x86)/Common Files/Oracle/Java/javapath:/mnt/c/Windows/system32:/mnt/c/Windows:/mnt/c/Windows/System32/Wbem:/mnt/c/Windows/System32/WindowsPowerShell/v1.0/:/mnt/c/Windows/System32/OpenSSH/:/mnt/c/Users/crz/Downloads/winlibs-x86_64-posix-seh-gcc-12.3.0-llvm-16.0.4-mingw-w64ucrt-11.0.0-r1.zip/mingw64/bin:/mnt/d/mingw64/bin:/mnt/d/Git/cmd:/mnt/c/Program Files/dotnet/:/mnt/e/SDL-CPLproj/SDL2/mingw(CLion+VSC)/SDL2-2.26.0-allinone/x86_64-w64-mingw32/bin:/mnt/c/Program Files/Cloudflare/Cloudflare WARP/:/mnt/c/Users/crz/AppData/Local/Programs/Python/Python311/Lib/site-packages/pyecharts:/mnt/c/Program Files/MATLAB/R2023a/runtime/win64:/mnt/c/Program Files/MATLAB/R2023a/bin:/mnt/c/Program Files/gs/gs10.03.1/bin:/mnt/e/:/mnt/e/bitvise-ssh:/mnt/d/:/mnt/c/ProgramData/chocolatey/bin:/mnt/c/Program Files/MySQL/MySQL Server 8.0/bin:/mnt/c/Program Files/MySQL/MySQL Shell 8.0/bin/:/mnt/e/anaconda3:/mnt/e/anaconda3/Library/mingw-w64/bin:/mnt/e/anaconda3/Library/usr/bin:/mnt/e/anaconda3/Library/bin:/mnt/e/anaconda3/Scripts:/mnt/c/Users/crz/AppData/Local/Microsoft/WindowsApps:/mnt/c/Users/crz/Downloads/winlibs-x86_64-posix-seh-gcc-12.3.0-llvm-16.0.4-mingw-w64ucrt-11.0.0-r1.zip/mingw64/bin:/mnt/d/mingw64/bin:/mnt/e/Microsoft VS Code/bin:/mnt/e/CLion 2022.3/bin:/mnt/c/Users/crz/AppData/Local/JetBrains/Toolbox/scripts:/mnt/d/PyCharm 2023.3.4/bin:/mnt/d/IntelliJ IDEA 2023.3.4/bin:/mnt/c/Users/crz/anaconda3/Lib/site-packages:/mnt/d/texlive/2024/bin/windows:/mnt/c/Users/crz/AppData/Roaming/npm:/mnt/d/:/mnt/d/WebStorm 2024.3.2.1/bin:/snap/bin:/mnt/c/Users/crz/AppData/Local/Programs/Microsoft VS Code/bin:/mnt/e/Microsoft\ V
SHELL=/bin/bash
DISPLAY=:0.0
HOSTTYPE=x86_64
LANG=en_US.UTF-8
LC_ALL=en_US.UTF-8
TERM=xterm-256color

Signal Handlers:
SIGSEGV: [libjvm.so+0xebbd40], sa_mask[0]=11111111011111111101111111111110, sa_flags=SA_RESTART|SA_SIGINFO
SIGBUS: [libjvm.so+0xebbd40], sa_mask[0]=11111111011111111101111111111110, sa_flags=SA_RESTART|SA_SIGINFO
SIGFPE: [libjvm.so+0xebbd40], sa_mask[0]=11111111011111111101111111111110, sa_flags=SA_RESTART|SA_SIGINFO
SIGPIPE: [libjvm.so+0xbfe040], sa_mask[0]=11111111011111111101111111111110, sa_flags=SA_RESTART|SA_SIGINFO
SIGXFSZ: [libjvm.so+0xbfe040], sa_mask[0]=11111111011111111101111111111110, sa_flags=SA_RESTART|SA_SIGINFO
SIGILL: [libjvm.so+0xebbd40], sa_mask[0]=11111111011111111101111111111110, sa_flags=SA_RESTART|SA_SIGINFO
SIGUSR2: [libjvm.so+0xbfdee0], sa_mask[0]=00000000000000000000000000000000, sa_flags=SA_RESTART|SA_SIGINFO
SIGHUP: [libjvm.so+0xbfe6a0], sa_mask[0]=11111111011111111101111111111110, sa_flags=SA_RESTART|SA_SIGINFO
SIGINT: [libjvm.so+0xbfe6a0], sa_mask[0]=11111111011111111101111111111110, sa_flags=SA_RESTART|SA_SIGINFO
SIGTERM: [libjvm.so+0xbfe6a0], sa_mask[0]=11111111011111111101111111111110, sa_flags=SA_RESTART|SA_SIGINFO
SIGQUIT: [libjvm.so+0xbfe6a0], sa_mask[0]=11111111011111111101111111111110, sa_flags=SA_RESTART|SA_SIGINFO


---------------  S Y S T E M  ---------------

OS:DISTRIB_ID=Ubuntu
DISTRIB_RELEASE=22.04
DISTRIB_CODENAME=jammy
DISTRIB_DESCRIPTION="Ubuntu 22.04.5 LTS"
uname:Linux 6.6.87.2-microsoft-standard-WSL2 #1 SMP PREEMPT_DYNAMIC Thu Jun  5 18:30:46 UTC 2025 x86_64
OS uptime: 0 days 4:11 hours
libc:glibc 2.35 NPTL 2.35 
rlimit (soft/hard): STACK 8192k/infinity , CORE 0k/infinity , NPROC 63245/63245 , NOFILE 1048576/1048576 , AS infinity/infinity , CPU infinity/infinity , DATA infinity/infinity , FSIZE infinity/infinity , MEMLOCK 65536k/65536k
load average:0.46 0.41 0.36

/proc/meminfo:
MemTotal:       16200872 kB
MemFree:        10484440 kB
MemAvailable:   12918252 kB
Buffers:          102456 kB
Cached:          2402444 kB
SwapCached:            0 kB
Active:           855712 kB
Inactive:        4241516 kB
Active(anon):       2784 kB
Inactive(anon):  2631460 kB
Active(file):     852928 kB
Inactive(file):  1610056 kB
Unevictable:           0 kB
Mlocked:               0 kB
SwapTotal:       4194304 kB
SwapFree:        4194304 kB
Dirty:                56 kB
Writeback:            96 kB
AnonPages:       2592796 kB
Mapped:          1026716 kB
Shmem:             41916 kB
KReclaimable:     218636 kB
Slab:             325236 kB
SReclaimable:     218636 kB
SUnreclaim:       106600 kB
KernelStack:       10512 kB
PageTables:        18164 kB
SecPageTables:         0 kB
NFS_Unstable:          0 kB
Bounce:                0 kB
WritebackTmp:          0 kB
CommitLimit:    12294740 kB
Committed_AS:    5439184 kB
VmallocTotal:   34359738367 kB
VmallocUsed:       39668 kB
VmallocChunk:          0 kB
Percpu:            14112 kB
HardwareCorrupted:     0 kB
AnonHugePages:         0 kB
ShmemHugePages:        0 kB
ShmemPmdMapped:        0 kB
FileHugePages:         0 kB
FilePmdMapped:         0 kB
Unaccepted:            0 kB
HugePages_Total:       0
HugePages_Free:        0
HugePages_Rsvd:        0
HugePages_Surp:        0
Hugepagesize:       2048 kB
Hugetlb:               0 kB
DirectMap4k:      119808 kB
DirectMap2M:    10188800 kB
DirectMap1G:    14680064 kB

/sys/kernel/mm/transparent_hugepage/enabled:
always [madvise] never
/sys/kernel/mm/transparent_hugepage/defrag (defrag/compaction efforts parameter):
always defer defer+madvise [madvise] never

Process Memory:
Virtual Size: 7330504K (peak: 15576112K)
Resident Set Size: 121492K (peak: 121492K) (anon: 64856K, file: 56636K, shmem: 0K)
Swapped out: 0K
C-Heap outstanding allocations: 51217K, retained: 4826K
glibc malloc tunables: (default)

/proc/sys/kernel/threads-max (system-wide limit on the number of threads):
126491
/proc/sys/vm/max_map_count (maximum number of memory map areas a process may have):
65530
/proc/sys/kernel/pid_max (system-wide limit on number of process identifiers):
4194304

container (cgroup) information:
container_type: cgroupv2
cpu_cpuset_cpus: not supported
cpu_memory_nodes: not supported
active_processor_count: 20
cpu_quota: not supported
cpu_period: not supported
cpu_shares: not supported
memory_limit_in_bytes: not supported
memory_and_swap_limit_in_bytes: not supported
memory_soft_limit_in_bytes: not supported
memory_usage_in_bytes: not supported
memory_max_usage_in_bytes: not supported
memory_swap_current_in_bytes: not supported
memory_swap_max_limit_in_bytes: not supported
maximum number of tasks: not supported
current number of tasks: not supported

Hyper-V virtualization detected
Steal ticks since vm start: 0
Steal ticks percentage since vm start:  0.000

CPU:total 20 (initial active 20) (16 cores per cpu, 2 threads per core) family 6 model 186 stepping 2 microcode 0xffffffff, cmov, cx8, fxsr, mmx, sse, sse2, sse3, ssse3, sse4.1, sse4.2, popcnt, avx, avx2, aes, clmul, erms, 3dnowpref, lzcnt, ht, tsc, tscinvbit, bmi1, bmi2, adx, sha, fma
CPU Model and flags from /proc/cpuinfo:
model name	: 13th Gen Intel(R) Core(TM) i9-13900H
flags		: fpu vme de pse tsc msr pae mce cx8 apic sep mtrr pge mca cmov pat pse36 clflush mmx fxsr sse sse2 ss ht syscall nx pdpe1gb rdtscp lm constant_tsc rep_good nopl xtopology tsc_reliable nonstop_tsc cpuid tsc_known_freq pni pclmulqdq vmx ssse3 fma cx16 pcid sse4_1 sse4_2 x2apic movbe popcnt tsc_deadline_timer aes xsave avx f16c rdrand hypervisor lahf_lm abm 3dnowprefetch ssbd ibrs ibpb stibp ibrs_enhanced tpr_shadow ept vpid ept_ad fsgsbase tsc_adjust bmi1 avx2 smep bmi2 erms invpcid rdseed adx smap clflushopt clwb sha_ni xsaveopt xsavec xgetbv1 xsaves avx_vnni vnmi umip waitpkg gfni vaes vpclmulqdq rdpid movdiri movdir64b fsrm md_clear serialize flush_l1d arch_capabilities
Online cpus:
0-19
Offline cpus:

BIOS frequency limitation:
<Not Available>
Frequency switch latency (ns):
<Not Available>
Available cpu frequencies:
<Not Available>
Current governor:
<Not Available>
Core performance/turbo boost:
<Not Available>

Memory: 4k page, physical 16200872k(10484440k free), swap 4194304k(4194304k free)

vm_info: OpenJDK 64-Bit Server VM (11.0.27+6-post-Ubuntu-0ubuntu122.04) for linux-amd64 JRE (11.0.27+6-post-Ubuntu-0ubuntu122.04), built on Apr 21 2025 05:59:45 by "unknown" with gcc 11.4.0

END.
