#
# A fatal error has been detected by the Java Runtime Environment:
#
#  SIGSEGV (0xb) at pc=0x00007faaf20d407e, pid=37292, tid=37293
#
# JRE version: OpenJDK Runtime Environment (11.0.27+6) (build 11.0.27+6-post-Ubuntu-0ubuntu122.04)
# Java VM: OpenJDK 64-Bit Server VM (11.0.27+6-post-Ubuntu-0ubuntu122.04, mixed mode, sharing, tiered, compressed oops, g1 gc, linux-amd64)
# Problematic frame:
# C  [libLLVM-13.so+0xba807e]  (anonymous namespace)::TypePrinting::print(llvm::Type*, llvm::raw_ostream&)+0x1e
#
# Core dump will be written. Default location: Core dumps may be processed with "/wsl-capture-crash %t %E %p %s" (or dumping to /home/crz/compilers/Lab/core.37292)
#
# If you would like to submit a bug report, please visit:
#   https://bugs.launchpad.net/ubuntu/+source/openjdk-lts
# The crash happened outside the Java Virtual Machine in native code.
# See problematic frame for where to report the bug.
#

---------------  S U M M A R Y ------------

Command Line: Main tests/lab6_test/aa_runtimeerror_test.sysy tests/lab6_test/aa_runtimeerror_test.ll

Host: 13th Gen Intel(R) Core(TM) i9-13900H, 20 cores, 15G, Ubuntu 22.04.5 LTS
Time: Thu May 22 13:46:13 2025 CST elapsed time: 0.219442 seconds (0d 0h 0m 0s)

---------------  T H R E A D  ---------------

Current thread (0x00007fab6c015800):  JavaThread "main" [_thread_in_native, id=37293, stack(0x00007fab726b6000,0x00007fab727b6000)]

Stack: [0x00007fab726b6000,0x00007fab727b6000],  sp=0x00007fab727b3f10,  free space=1015k
Native frames: (J=compiled Java code, A=aot compiled Java code, j=interpreted, Vv=VM code, C=native code)
C  [libLLVM-13.so+0xba807e]  (anonymous namespace)::TypePrinting::print(llvm::Type*, llvm::raw_ostream&)+0x1e

Java frames: (J=compiled Java code, j=interpreted, Vv=VM code)
J 1063  org.bytedeco.llvm.global.LLVM.LLVMPrintValueToString(Lorg/bytedeco/llvm/LLVM/LLVMValueRef;)Lorg/bytedeco/javacpp/BytePointer; (0 bytes) @ 0x00007fab5c3ae59f [0x00007fab5c3ae540+0x000000000000005f]
j  LLVMIROptimization.buildgraph()V+330
j  LLVMIROptimization.simplifySingleInstructionBlocks()Z+356
j  LLVMIROptimization.elem_dead_code()Z+225
j  Main.main([Ljava/lang/String;)V+219
v  ~StubRoutines::call_stub

siginfo: si_signo: 11 (SIGSEGV), si_code: 1 (SEGV_MAPERR), si_addr: 0x00007fac96f2f56b

Register to memory mapping:

RAX=0x00007fab727b4050 is pointing into the stack for thread: 0x00007fab6c015800
RBX=0x00007fab727b4230 is pointing into the stack for thread: 0x00007fab6c015800
RCX=0x00007faaf5821e2c: <offset 0x00000000042f5e2c> in /home/crz/.javacpp/cache/llvm-13.0.1-1.5.7-linux-x86_64.jar/org/bytedeco/llvm/linux-x86_64/libLLVM-13.so at 0x00007faaf152c000
RDX=0x00007faaf5823f30: <offset 0x00000000042f7f30> in /home/crz/.javacpp/cache/llvm-13.0.1-1.5.7-linux-x86_64.jar/org/bytedeco/llvm/linux-x86_64/libLLVM-13.so at 0x00007faaf152c000
RSP=0x00007fab727b3f10 is pointing into the stack for thread: 0x00007fab6c015800
RBP=0x00007fab727b4050 is pointing into the stack for thread: 0x00007fab6c015800
RSI=0x00007fac96f2f563 is an unknown value
RDI=0x00007fab727b4258 is pointing into the stack for thread: 0x00007fab6c015800
R8 =0x00007fab6c447000 points into unknown readable memory: 0x00007fac96f29ae7 | e7 9a f2 96 ac 7f 00 00
R9 =0x00007fab6c42fac8 points into unknown readable memory: 0x00007fab6c447a80 | 80 7a 44 6c ab 7f 00 00
R10=0x00000000000000ff is an unknown value
R11=0x608f3232d042f2b2 is an unknown value
R12=0x00007fac96f2f563 is an unknown value
R13=0x00007fab727b4258 is pointing into the stack for thread: 0x00007fab6c015800
R14=0x00007fab727b40d0 is pointing into the stack for thread: 0x00007fab6c015800
R15=0x00007fab6c443b40 points into unknown readable memory: 0x00007fab6c42ff28 | 28 ff 42 6c ab 7f 00 00


Registers:
RAX=0x00007fab727b4050, RBX=0x00007fab727b4230, RCX=0x00007faaf5821e2c, RDX=0x00007faaf5823f30
RSP=0x00007fab727b3f10, RBP=0x00007fab727b4050, RSI=0x00007fac96f2f563, RDI=0x00007fab727b4258
R8 =0x00007fab6c447000, R9 =0x00007fab6c42fac8, R10=0x00000000000000ff, R11=0x608f3232d042f2b2
R12=0x00007fac96f2f563, R13=0x00007fab727b4258, R14=0x00007fab727b40d0, R15=0x00007fab6c443b40
RIP=0x00007faaf20d407e, EFLAGS=0x0000000000010202, CSGSFS=0x002b000000000033, ERR=0x0000000000000004
  TRAPNO=0x000000000000000e

Top of Stack: (sp=0x00007fab727b3f10)
0x00007fab727b3f10:   00007fab727b40d0 00007f25f20d2ccd
0x00007fab727b3f20:   00007fab6c4300a8 00007fab727b4230
0x00007fab727b3f30:   00007fab6c443710 00007fab727b4258
0x00007fab727b3f40:   00007fab727b4230 00007fab727b40d0 

Instructions: (pc=0x00007faaf20d407e)
0x00007faaf20d3f7e:   4c 01 c8 48 8b 30 48 39 f5 0f 84 ff fe ff ff 48
0x00007faaf20d3f8e:   81 fe 00 f0 ff ff 74 86 4d 85 d2 75 0b 48 81 fe
0x00007faaf20d3f9e:   00 e0 ff ff 4c 0f 44 d0 44 01 da 41 8d 43 01 44
0x00007faaf20d3fae:   21 c2 89 44 24 14 89 d0 48 c1 e0 04 4c 01 c8 48
0x00007faaf20d3fbe:   8b 30 48 39 f5 0f 84 c3 fe ff ff 44 8b 5c 24 14
0x00007faaf20d3fce:   eb bd 4d 85 db 75 0b 48 81 ff 00 e0 ff ff 4c 0f
0x00007faaf20d3fde:   44 d8 8b 44 24 14 41 01 c0 8d 78 01 45 21 d0 41
0x00007faaf20d3fee:   89 f9 44 89 c0 48 c1 e0 04 48 03 44 24 18 48 8b
0x00007faaf20d3ffe:   38 48 39 fd 0f 84 f8 fd ff ff 44 89 4c 24 14 e9
0x00007faaf20d400e:   2f fe ff ff 41 89 7c 24 78 e9 84 fe ff ff 48 81
0x00007faaf20d401e:   fe 00 e0 ff ff 75 07 4d 85 d2 4c 0f 44 d0 44 01
0x00007faaf20d402e:   da 41 8d 43 01 44 21 c2 89 44 24 14 89 d0 48 c1
0x00007faaf20d403e:   e0 04 4c 01 c8 48 8b 30 48 39 f5 0f 84 3d fe ff
0x00007faaf20d404e:   ff 44 8b 5c 24 14 e9 b6 fe ff ff 0f 1f 80 00 00
0x00007faaf20d405e:   00 00 41 57 41 56 41 55 49 89 fd 41 54 49 89 f4
0x00007faaf20d406e:   55 48 89 d5 48 8d 15 b7 fe 74 03 53 48 83 ec 18
0x00007faaf20d407e:   0f b6 46 08 48 89 c1 48 63 04 82 48 01 d0 ff e0
0x00007faaf20d408e:   66 90 8b 5e 20 48 89 ef 48 8d 35 4b fe 86 03 80
0x00007faaf20d409e:   f9 13 75 0f e8 a9 e9 ee ff 48 8d 35 ca 87 74 03
0x00007faaf20d40ae:   48 89 ef e8 9a e9 ee ff 89 de 48 89 ef e8 10 79
0x00007faaf20d40be:   fc ff 48 8d 35 b7 87 74 03 48 89 c7 e8 81 e9 ee
0x00007faaf20d40ce:   ff 49 8b 74 24 18 48 89 ea 4c 89 ef e8 81 ff ff
0x00007faaf20d40de:   ff 48 8b 45 20 48 3b 45 18 0f 83 43 04 00 00 48
0x00007faaf20d40ee:   8d 50 01 48 89 55 20 c6 00 3e eb 15 66 0f 1f 44
0x00007faaf20d40fe:   00 00 48 8d 35 3a 79 7a 03 48 89 ef e8 41 e9 ee
0x00007faaf20d410e:   ff 48 83 c4 18 5b 5d 41 5c 41 5d 41 5e 41 5f c3
0x00007faaf20d411e:   66 90 48 8d 35 d6 fd 74 03 48 89 ef e8 21 e9 ee
0x00007faaf20d412e:   ff eb de 0f 1f 80 00 00 00 00 48 8d 35 ee 7b 8f
0x00007faaf20d413e:   04 48 89 ef e8 09 e9 ee ff eb c6 0f 1f 80 00 00
0x00007faaf20d414e:   00 00 48 8d 35 e4 7b 8f 04 48 89 ef e8 f1 e8 ee
0x00007faaf20d415e:   ff eb ae 0f 1f 80 00 00 00 00 48 8d 35 95 fd 74
0x00007faaf20d416e:   03 48 89 ef e8 d9 e8 ee ff eb 96 0f 1f 80 00 00 


Stack slot to memory mapping:
stack at sp + 0 slots: 0x00007fab727b40d0 is pointing into the stack for thread: 0x00007fab6c015800
stack at sp + 1 slots: 0x00007f25f20d2ccd is an unknown value
stack at sp + 2 slots: 0x00007fab6c4300a8 points into unknown readable memory: 0x00007fab6c41a600 | 00 a6 41 6c ab 7f 00 00
stack at sp + 3 slots: 0x00007fab727b4230 is pointing into the stack for thread: 0x00007fab6c015800
stack at sp + 4 slots: 0x00007fab6c443710 points into unknown readable memory: 0x00007fac96f2f563 | 63 f5 f2 96 ac 7f 00 00
stack at sp + 5 slots: 0x00007fab727b4258 is pointing into the stack for thread: 0x00007fab6c015800
stack at sp + 6 slots: 0x00007fab727b4230 is pointing into the stack for thread: 0x00007fab6c015800
stack at sp + 7 slots: 0x00007fab727b40d0 is pointing into the stack for thread: 0x00007fab6c015800


---------------  P R O C E S S  ---------------

Threads class SMR info:
_java_thread_list=0x00007fab1045b6a0, length=14, elements={
0x00007fab6c015800, 0x00007fab6c1ec000, 0x00007fab6c1ee800, 0x00007fab6c1f4000,
0x00007fab6c1f6000, 0x00007fab6c1f8000, 0x00007fab6c1fa000, 0x00007fab6c1fc000,
0x00007fab180a5800, 0x00007fab6c22f000, 0x00007fab6c395800, 0x00007fab10285000,
0x00007fab10287000, 0x00007fab1049e800
}

Java Threads: ( => current thread )
=>0x00007fab6c015800 JavaThread "main" [_thread_in_native, id=37293, stack(0x00007fab726b6000,0x00007fab727b6000)]
  0x00007fab6c1ec000 JavaThread "Reference Handler" daemon [_thread_blocked, id=37300, stack(0x00007fab408ef000,0x00007fab409ef000)]
  0x00007fab6c1ee800 JavaThread "Finalizer" daemon [_thread_blocked, id=37301, stack(0x00007fab407ef000,0x00007fab408ef000)]
  0x00007fab6c1f4000 JavaThread "Signal Dispatcher" daemon [_thread_blocked, id=37302, stack(0x00007fab40102000,0x00007fab40202000)]
  0x00007fab6c1f6000 JavaThread "Service Thread" daemon [_thread_blocked, id=37303, stack(0x00007fab40002000,0x00007fab40102000)]
  0x00007fab6c1f8000 JavaThread "C2 CompilerThread0" daemon [_thread_in_native, id=37304, stack(0x00007fab1ff00000,0x00007fab20000000)]
  0x00007fab6c1fa000 JavaThread "C1 CompilerThread0" daemon [_thread_blocked, id=37305, stack(0x00007fab1fe00000,0x00007fab1ff00000)]
  0x00007fab6c1fc000 JavaThread "Sweeper thread" daemon [_thread_blocked, id=37306, stack(0x00007fab1fd00000,0x00007fab1fe00000)]
  0x00007fab180a5800 JavaThread "C1 CompilerThread1" daemon [_thread_blocked, id=37307, stack(0x00007fab1fc00000,0x00007fab1fd00000)]
  0x00007fab6c22f000 JavaThread "Common-Cleaner" daemon [_thread_blocked, id=37309, stack(0x00007fab1f9ff000,0x00007fab1faff000)]
  0x00007fab6c395800 JavaThread "JavaCPP Deallocator" daemon [_thread_blocked, id=37310, stack(0x00007fab1f891000,0x00007fab1f991000)]
  0x00007fab10285000 JavaThread "C2 CompilerThread1" daemon [_thread_blocked, id=37311, stack(0x00007fab1f791000,0x00007fab1f891000)]
  0x00007fab10287000 JavaThread "C2 CompilerThread2" daemon [_thread_blocked, id=37312, stack(0x00007fab1f691000,0x00007fab1f791000)]
  0x00007fab1049e800 JavaThread "C1 CompilerThread2" daemon [_thread_blocked, id=37318, stack(0x00007fab1ef73000,0x00007fab1f073000)]

Other Threads:
  0x00007fab6c1e9800 VMThread "VM Thread" [stack: 0x00007fab409f0000,0x00007fab40af0000] [id=37299]
  0x00007fab6c22d000 WatcherThread [stack: 0x00007fab1fb00000,0x00007fab1fc00000] [id=37308]
  0x00007fab6c02f800 GCTaskThread "GC Thread#0" [stack: 0x00007fab72386000,0x00007fab72486000] [id=37294]
  0x00007fab34001000 GCTaskThread "GC Thread#1" [stack: 0x00007fab1f478000,0x00007fab1f578000] [id=37313]
  0x00007fab34002800 GCTaskThread "GC Thread#2" [stack: 0x00007fab1f377000,0x00007fab1f477000] [id=37314]
  0x00007fab34004000 GCTaskThread "GC Thread#3" [stack: 0x00007fab1f276000,0x00007fab1f376000] [id=37315]
  0x00007fab34006000 GCTaskThread "GC Thread#4" [stack: 0x00007fab1f175000,0x00007fab1f275000] [id=37316]
  0x00007fab34007800 GCTaskThread "GC Thread#5" [stack: 0x00007fab1f074000,0x00007fab1f174000] [id=37317]
  0x00007fab6c08d800 ConcurrentGCThread "G1 Main Marker" [stack: 0x00007fab70209000,0x00007fab70309000] [id=37295]
  0x00007fab6c08f800 ConcurrentGCThread "G1 Conc#0" [stack: 0x00007fab70108000,0x00007fab70208000] [id=37296]
  0x00007fab6c1ab000 ConcurrentGCThread "G1 Refine#0" [stack: 0x00007fab414f6000,0x00007fab415f6000] [id=37297]
  0x00007fab6c1ac800 ConcurrentGCThread "G1 Young RemSet Sampling" [stack: 0x00007fab413f5000,0x00007fab414f5000] [id=37298]

Threads with active compile tasks:
C2 CompilerThread0      221 1028 %     4       LLVMIROptimization::constprop @ 2089 (3369 bytes)

VM state:not at safepoint (normal execution)

VM Mutex/Monitor currently owned by a thread: None

Heap address: 0x0000000708a00000, size: 3958 MB, Compressed Oops mode: Zero based, Oop shift amount: 3
Narrow klass base: 0x0000000800000000, Narrow klass shift: 3
Compressed class space size: 1073741824 Address: 0x0000000840000000

Heap:
 garbage-first heap   total 256000K, used 7710K [0x0000000708a00000, 0x0000000800000000)
  region size 1024K, 8 young (8192K), 3 survivors (3072K)
 Metaspace       used 3940K, capacity 6735K, committed 6912K, reserved 1056768K
  class space    used 397K, capacity 688K, committed 768K, reserved 1048576K
Heap Regions: E=young(eden), S=young(survivor), O=old, HS=humongous(starts), HC=humongous(continues), CS=collection set, F=free, A=archive, TAMS=top-at-mark-start (previous, next)
|   0|0x0000000708a00000, 0x0000000708a00000, 0x0000000708b00000|  0%| F|  |TAMS 0x0000000708a00000, 0x0000000708a00000| Untracked 
|   1|0x0000000708b00000, 0x0000000708b00000, 0x0000000708c00000|  0%| F|  |TAMS 0x0000000708b00000, 0x0000000708b00000| Untracked 
|   2|0x0000000708c00000, 0x0000000708c00000, 0x0000000708d00000|  0%| F|  |TAMS 0x0000000708c00000, 0x0000000708c00000| Untracked 
|   3|0x0000000708d00000, 0x0000000708d00000, 0x0000000708e00000|  0%| F|  |TAMS 0x0000000708d00000, 0x0000000708d00000| Untracked 
|   4|0x0000000708e00000, 0x0000000708e00000, 0x0000000708f00000|  0%| F|  |TAMS 0x0000000708e00000, 0x0000000708e00000| Untracked 
|   5|0x0000000708f00000, 0x0000000708f00000, 0x0000000709000000|  0%| F|  |TAMS 0x0000000708f00000, 0x0000000708f00000| Untracked 
|   6|0x0000000709000000, 0x0000000709000000, 0x0000000709100000|  0%| F|  |TAMS 0x0000000709000000, 0x0000000709000000| Untracked 
|   7|0x0000000709100000, 0x0000000709100000, 0x0000000709200000|  0%| F|  |TAMS 0x0000000709100000, 0x0000000709100000| Untracked 
|   8|0x0000000709200000, 0x0000000709200000, 0x0000000709300000|  0%| F|  |TAMS 0x0000000709200000, 0x0000000709200000| Untracked 
|   9|0x0000000709300000, 0x0000000709300000, 0x0000000709400000|  0%| F|  |TAMS 0x0000000709300000, 0x0000000709300000| Untracked 
|  10|0x0000000709400000, 0x0000000709400000, 0x0000000709500000|  0%| F|  |TAMS 0x0000000709400000, 0x0000000709400000| Untracked 
|  11|0x0000000709500000, 0x0000000709500000, 0x0000000709600000|  0%| F|  |TAMS 0x0000000709500000, 0x0000000709500000| Untracked 
|  12|0x0000000709600000, 0x0000000709600000, 0x0000000709700000|  0%| F|  |TAMS 0x0000000709600000, 0x0000000709600000| Untracked 
|  13|0x0000000709700000, 0x0000000709700000, 0x0000000709800000|  0%| F|  |TAMS 0x0000000709700000, 0x0000000709700000| Untracked 
|  14|0x0000000709800000, 0x0000000709800000, 0x0000000709900000|  0%| F|  |TAMS 0x0000000709800000, 0x0000000709800000| Untracked 
|  15|0x0000000709900000, 0x0000000709900000, 0x0000000709a00000|  0%| F|  |TAMS 0x0000000709900000, 0x0000000709900000| Untracked 
|  16|0x0000000709a00000, 0x0000000709a00000, 0x0000000709b00000|  0%| F|  |TAMS 0x0000000709a00000, 0x0000000709a00000| Untracked 
|  17|0x0000000709b00000, 0x0000000709b00000, 0x0000000709c00000|  0%| F|  |TAMS 0x0000000709b00000, 0x0000000709b00000| Untracked 
|  18|0x0000000709c00000, 0x0000000709c00000, 0x0000000709d00000|  0%| F|  |TAMS 0x0000000709c00000, 0x0000000709c00000| Untracked 
|  19|0x0000000709d00000, 0x0000000709d00000, 0x0000000709e00000|  0%| F|  |TAMS 0x0000000709d00000, 0x0000000709d00000| Untracked 
|  20|0x0000000709e00000, 0x0000000709e00000, 0x0000000709f00000|  0%| F|  |TAMS 0x0000000709e00000, 0x0000000709e00000| Untracked 
|  21|0x0000000709f00000, 0x0000000709f00000, 0x000000070a000000|  0%| F|  |TAMS 0x0000000709f00000, 0x0000000709f00000| Untracked 
|  22|0x000000070a000000, 0x000000070a000000, 0x000000070a100000|  0%| F|  |TAMS 0x000000070a000000, 0x000000070a000000| Untracked 
|  23|0x000000070a100000, 0x000000070a100000, 0x000000070a200000|  0%| F|  |TAMS 0x000000070a100000, 0x000000070a100000| Untracked 
|  24|0x000000070a200000, 0x000000070a200000, 0x000000070a300000|  0%| F|  |TAMS 0x000000070a200000, 0x000000070a200000| Untracked 
|  25|0x000000070a300000, 0x000000070a300000, 0x000000070a400000|  0%| F|  |TAMS 0x000000070a300000, 0x000000070a300000| Untracked 
|  26|0x000000070a400000, 0x000000070a400000, 0x000000070a500000|  0%| F|  |TAMS 0x000000070a400000, 0x000000070a400000| Untracked 
|  27|0x000000070a500000, 0x000000070a500000, 0x000000070a600000|  0%| F|  |TAMS 0x000000070a500000, 0x000000070a500000| Untracked 
|  28|0x000000070a600000, 0x000000070a600000, 0x000000070a700000|  0%| F|  |TAMS 0x000000070a600000, 0x000000070a600000| Untracked 
|  29|0x000000070a700000, 0x000000070a700000, 0x000000070a800000|  0%| F|  |TAMS 0x000000070a700000, 0x000000070a700000| Untracked 
|  30|0x000000070a800000, 0x000000070a800000, 0x000000070a900000|  0%| F|  |TAMS 0x000000070a800000, 0x000000070a800000| Untracked 
|  31|0x000000070a900000, 0x000000070a900000, 0x000000070aa00000|  0%| F|  |TAMS 0x000000070a900000, 0x000000070a900000| Untracked 
|  32|0x000000070aa00000, 0x000000070aa00000, 0x000000070ab00000|  0%| F|  |TAMS 0x000000070aa00000, 0x000000070aa00000| Untracked 
|  33|0x000000070ab00000, 0x000000070ab00000, 0x000000070ac00000|  0%| F|  |TAMS 0x000000070ab00000, 0x000000070ab00000| Untracked 
|  34|0x000000070ac00000, 0x000000070ac00000, 0x000000070ad00000|  0%| F|  |TAMS 0x000000070ac00000, 0x000000070ac00000| Untracked 
|  35|0x000000070ad00000, 0x000000070ad00000, 0x000000070ae00000|  0%| F|  |TAMS 0x000000070ad00000, 0x000000070ad00000| Untracked 
|  36|0x000000070ae00000, 0x000000070ae00000, 0x000000070af00000|  0%| F|  |TAMS 0x000000070ae00000, 0x000000070ae00000| Untracked 
|  37|0x000000070af00000, 0x000000070af00000, 0x000000070b000000|  0%| F|  |TAMS 0x000000070af00000, 0x000000070af00000| Untracked 
|  38|0x000000070b000000, 0x000000070b000000, 0x000000070b100000|  0%| F|  |TAMS 0x000000070b000000, 0x000000070b000000| Untracked 
|  39|0x000000070b100000, 0x000000070b100000, 0x000000070b200000|  0%| F|  |TAMS 0x000000070b100000, 0x000000070b100000| Untracked 
|  40|0x000000070b200000, 0x000000070b200000, 0x000000070b300000|  0%| F|  |TAMS 0x000000070b200000, 0x000000070b200000| Untracked 
|  41|0x000000070b300000, 0x000000070b300000, 0x000000070b400000|  0%| F|  |TAMS 0x000000070b300000, 0x000000070b300000| Untracked 
|  42|0x000000070b400000, 0x000000070b400000, 0x000000070b500000|  0%| F|  |TAMS 0x000000070b400000, 0x000000070b400000| Untracked 
|  43|0x000000070b500000, 0x000000070b500000, 0x000000070b600000|  0%| F|  |TAMS 0x000000070b500000, 0x000000070b500000| Untracked 
|  44|0x000000070b600000, 0x000000070b600000, 0x000000070b700000|  0%| F|  |TAMS 0x000000070b600000, 0x000000070b600000| Untracked 
|  45|0x000000070b700000, 0x000000070b700000, 0x000000070b800000|  0%| F|  |TAMS 0x000000070b700000, 0x000000070b700000| Untracked 
|  46|0x000000070b800000, 0x000000070b800000, 0x000000070b900000|  0%| F|  |TAMS 0x000000070b800000, 0x000000070b800000| Untracked 
|  47|0x000000070b900000, 0x000000070b900000, 0x000000070ba00000|  0%| F|  |TAMS 0x000000070b900000, 0x000000070b900000| Untracked 
|  48|0x000000070ba00000, 0x000000070ba00000, 0x000000070bb00000|  0%| F|  |TAMS 0x000000070ba00000, 0x000000070ba00000| Untracked 
|  49|0x000000070bb00000, 0x000000070bb00000, 0x000000070bc00000|  0%| F|  |TAMS 0x000000070bb00000, 0x000000070bb00000| Untracked 
|  50|0x000000070bc00000, 0x000000070bc00000, 0x000000070bd00000|  0%| F|  |TAMS 0x000000070bc00000, 0x000000070bc00000| Untracked 
|  51|0x000000070bd00000, 0x000000070bd00000, 0x000000070be00000|  0%| F|  |TAMS 0x000000070bd00000, 0x000000070bd00000| Untracked 
|  52|0x000000070be00000, 0x000000070be00000, 0x000000070bf00000|  0%| F|  |TAMS 0x000000070be00000, 0x000000070be00000| Untracked 
|  53|0x000000070bf00000, 0x000000070bf00000, 0x000000070c000000|  0%| F|  |TAMS 0x000000070bf00000, 0x000000070bf00000| Untracked 
|  54|0x000000070c000000, 0x000000070c000000, 0x000000070c100000|  0%| F|  |TAMS 0x000000070c000000, 0x000000070c000000| Untracked 
|  55|0x000000070c100000, 0x000000070c100000, 0x000000070c200000|  0%| F|  |TAMS 0x000000070c100000, 0x000000070c100000| Untracked 
|  56|0x000000070c200000, 0x000000070c200000, 0x000000070c300000|  0%| F|  |TAMS 0x000000070c200000, 0x000000070c200000| Untracked 
|  57|0x000000070c300000, 0x000000070c300000, 0x000000070c400000|  0%| F|  |TAMS 0x000000070c300000, 0x000000070c300000| Untracked 
|  58|0x000000070c400000, 0x000000070c400000, 0x000000070c500000|  0%| F|  |TAMS 0x000000070c400000, 0x000000070c400000| Untracked 
|  59|0x000000070c500000, 0x000000070c500000, 0x000000070c600000|  0%| F|  |TAMS 0x000000070c500000, 0x000000070c500000| Untracked 
|  60|0x000000070c600000, 0x000000070c600000, 0x000000070c700000|  0%| F|  |TAMS 0x000000070c600000, 0x000000070c600000| Untracked 
|  61|0x000000070c700000, 0x000000070c700000, 0x000000070c800000|  0%| F|  |TAMS 0x000000070c700000, 0x000000070c700000| Untracked 
|  62|0x000000070c800000, 0x000000070c800000, 0x000000070c900000|  0%| F|  |TAMS 0x000000070c800000, 0x000000070c800000| Untracked 
|  63|0x000000070c900000, 0x000000070c900000, 0x000000070ca00000|  0%| F|  |TAMS 0x000000070c900000, 0x000000070c900000| Untracked 
|  64|0x000000070ca00000, 0x000000070ca00000, 0x000000070cb00000|  0%| F|  |TAMS 0x000000070ca00000, 0x000000070ca00000| Untracked 
|  65|0x000000070cb00000, 0x000000070cb00000, 0x000000070cc00000|  0%| F|  |TAMS 0x000000070cb00000, 0x000000070cb00000| Untracked 
|  66|0x000000070cc00000, 0x000000070cc00000, 0x000000070cd00000|  0%| F|  |TAMS 0x000000070cc00000, 0x000000070cc00000| Untracked 
|  67|0x000000070cd00000, 0x000000070cd00000, 0x000000070ce00000|  0%| F|  |TAMS 0x000000070cd00000, 0x000000070cd00000| Untracked 
|  68|0x000000070ce00000, 0x000000070ce00000, 0x000000070cf00000|  0%| F|  |TAMS 0x000000070ce00000, 0x000000070ce00000| Untracked 
|  69|0x000000070cf00000, 0x000000070cf00000, 0x000000070d000000|  0%| F|  |TAMS 0x000000070cf00000, 0x000000070cf00000| Untracked 
|  70|0x000000070d000000, 0x000000070d000000, 0x000000070d100000|  0%| F|  |TAMS 0x000000070d000000, 0x000000070d000000| Untracked 
|  71|0x000000070d100000, 0x000000070d100000, 0x000000070d200000|  0%| F|  |TAMS 0x000000070d100000, 0x000000070d100000| Untracked 
|  72|0x000000070d200000, 0x000000070d200000, 0x000000070d300000|  0%| F|  |TAMS 0x000000070d200000, 0x000000070d200000| Untracked 
|  73|0x000000070d300000, 0x000000070d300000, 0x000000070d400000|  0%| F|  |TAMS 0x000000070d300000, 0x000000070d300000| Untracked 
|  74|0x000000070d400000, 0x000000070d400000, 0x000000070d500000|  0%| F|  |TAMS 0x000000070d400000, 0x000000070d400000| Untracked 
|  75|0x000000070d500000, 0x000000070d500000, 0x000000070d600000|  0%| F|  |TAMS 0x000000070d500000, 0x000000070d500000| Untracked 
|  76|0x000000070d600000, 0x000000070d600000, 0x000000070d700000|  0%| F|  |TAMS 0x000000070d600000, 0x000000070d600000| Untracked 
|  77|0x000000070d700000, 0x000000070d700000, 0x000000070d800000|  0%| F|  |TAMS 0x000000070d700000, 0x000000070d700000| Untracked 
|  78|0x000000070d800000, 0x000000070d800000, 0x000000070d900000|  0%| F|  |TAMS 0x000000070d800000, 0x000000070d800000| Untracked 
|  79|0x000000070d900000, 0x000000070d900000, 0x000000070da00000|  0%| F|  |TAMS 0x000000070d900000, 0x000000070d900000| Untracked 
|  80|0x000000070da00000, 0x000000070da00000, 0x000000070db00000|  0%| F|  |TAMS 0x000000070da00000, 0x000000070da00000| Untracked 
|  81|0x000000070db00000, 0x000000070db00000, 0x000000070dc00000|  0%| F|  |TAMS 0x000000070db00000, 0x000000070db00000| Untracked 
|  82|0x000000070dc00000, 0x000000070dc00000, 0x000000070dd00000|  0%| F|  |TAMS 0x000000070dc00000, 0x000000070dc00000| Untracked 
|  83|0x000000070dd00000, 0x000000070dd00000, 0x000000070de00000|  0%| F|  |TAMS 0x000000070dd00000, 0x000000070dd00000| Untracked 
|  84|0x000000070de00000, 0x000000070de00000, 0x000000070df00000|  0%| F|  |TAMS 0x000000070de00000, 0x000000070de00000| Untracked 
|  85|0x000000070df00000, 0x000000070df00000, 0x000000070e000000|  0%| F|  |TAMS 0x000000070df00000, 0x000000070df00000| Untracked 
|  86|0x000000070e000000, 0x000000070e000000, 0x000000070e100000|  0%| F|  |TAMS 0x000000070e000000, 0x000000070e000000| Untracked 
|  87|0x000000070e100000, 0x000000070e100000, 0x000000070e200000|  0%| F|  |TAMS 0x000000070e100000, 0x000000070e100000| Untracked 
|  88|0x000000070e200000, 0x000000070e200000, 0x000000070e300000|  0%| F|  |TAMS 0x000000070e200000, 0x000000070e200000| Untracked 
|  89|0x000000070e300000, 0x000000070e300000, 0x000000070e400000|  0%| F|  |TAMS 0x000000070e300000, 0x000000070e300000| Untracked 
|  90|0x000000070e400000, 0x000000070e400000, 0x000000070e500000|  0%| F|  |TAMS 0x000000070e400000, 0x000000070e400000| Untracked 
|  91|0x000000070e500000, 0x000000070e500000, 0x000000070e600000|  0%| F|  |TAMS 0x000000070e500000, 0x000000070e500000| Untracked 
|  92|0x000000070e600000, 0x000000070e600000, 0x000000070e700000|  0%| F|  |TAMS 0x000000070e600000, 0x000000070e600000| Untracked 
|  93|0x000000070e700000, 0x000000070e700000, 0x000000070e800000|  0%| F|  |TAMS 0x000000070e700000, 0x000000070e700000| Untracked 
|  94|0x000000070e800000, 0x000000070e800000, 0x000000070e900000|  0%| F|  |TAMS 0x000000070e800000, 0x000000070e800000| Untracked 
|  95|0x000000070e900000, 0x000000070e900000, 0x000000070ea00000|  0%| F|  |TAMS 0x000000070e900000, 0x000000070e900000| Untracked 
|  96|0x000000070ea00000, 0x000000070ea00000, 0x000000070eb00000|  0%| F|  |TAMS 0x000000070ea00000, 0x000000070ea00000| Untracked 
|  97|0x000000070eb00000, 0x000000070eb00000, 0x000000070ec00000|  0%| F|  |TAMS 0x000000070eb00000, 0x000000070eb00000| Untracked 
|  98|0x000000070ec00000, 0x000000070ec00000, 0x000000070ed00000|  0%| F|  |TAMS 0x000000070ec00000, 0x000000070ec00000| Untracked 
|  99|0x000000070ed00000, 0x000000070ed00000, 0x000000070ee00000|  0%| F|  |TAMS 0x000000070ed00000, 0x000000070ed00000| Untracked 
| 100|0x000000070ee00000, 0x000000070ee00000, 0x000000070ef00000|  0%| F|  |TAMS 0x000000070ee00000, 0x000000070ee00000| Untracked 
| 101|0x000000070ef00000, 0x000000070ef00000, 0x000000070f000000|  0%| F|  |TAMS 0x000000070ef00000, 0x000000070ef00000| Untracked 
| 102|0x000000070f000000, 0x000000070f000000, 0x000000070f100000|  0%| F|  |TAMS 0x000000070f000000, 0x000000070f000000| Untracked 
| 103|0x000000070f100000, 0x000000070f100000, 0x000000070f200000|  0%| F|  |TAMS 0x000000070f100000, 0x000000070f100000| Untracked 
| 104|0x000000070f200000, 0x000000070f200000, 0x000000070f300000|  0%| F|  |TAMS 0x000000070f200000, 0x000000070f200000| Untracked 
| 105|0x000000070f300000, 0x000000070f300000, 0x000000070f400000|  0%| F|  |TAMS 0x000000070f300000, 0x000000070f300000| Untracked 
| 106|0x000000070f400000, 0x000000070f400000, 0x000000070f500000|  0%| F|  |TAMS 0x000000070f400000, 0x000000070f400000| Untracked 
| 107|0x000000070f500000, 0x000000070f500000, 0x000000070f600000|  0%| F|  |TAMS 0x000000070f500000, 0x000000070f500000| Untracked 
| 108|0x000000070f600000, 0x000000070f600000, 0x000000070f700000|  0%| F|  |TAMS 0x000000070f600000, 0x000000070f600000| Untracked 
| 109|0x000000070f700000, 0x000000070f700000, 0x000000070f800000|  0%| F|  |TAMS 0x000000070f700000, 0x000000070f700000| Untracked 
| 110|0x000000070f800000, 0x000000070f800000, 0x000000070f900000|  0%| F|  |TAMS 0x000000070f800000, 0x000000070f800000| Untracked 
| 111|0x000000070f900000, 0x000000070f900000, 0x000000070fa00000|  0%| F|  |TAMS 0x000000070f900000, 0x000000070f900000| Untracked 
| 112|0x000000070fa00000, 0x000000070fa00000, 0x000000070fb00000|  0%| F|  |TAMS 0x000000070fa00000, 0x000000070fa00000| Untracked 
| 113|0x000000070fb00000, 0x000000070fb00000, 0x000000070fc00000|  0%| F|  |TAMS 0x000000070fb00000, 0x000000070fb00000| Untracked 
| 114|0x000000070fc00000, 0x000000070fc00000, 0x000000070fd00000|  0%| F|  |TAMS 0x000000070fc00000, 0x000000070fc00000| Untracked 
| 115|0x000000070fd00000, 0x000000070fd00000, 0x000000070fe00000|  0%| F|  |TAMS 0x000000070fd00000, 0x000000070fd00000| Untracked 
| 116|0x000000070fe00000, 0x000000070fe00000, 0x000000070ff00000|  0%| F|  |TAMS 0x000000070fe00000, 0x000000070fe00000| Untracked 
| 117|0x000000070ff00000, 0x000000070ff00000, 0x0000000710000000|  0%| F|  |TAMS 0x000000070ff00000, 0x000000070ff00000| Untracked 
| 118|0x0000000710000000, 0x0000000710000000, 0x0000000710100000|  0%| F|  |TAMS 0x0000000710000000, 0x0000000710000000| Untracked 
| 119|0x0000000710100000, 0x0000000710100000, 0x0000000710200000|  0%| F|  |TAMS 0x0000000710100000, 0x0000000710100000| Untracked 
| 120|0x0000000710200000, 0x0000000710200000, 0x0000000710300000|  0%| F|  |TAMS 0x0000000710200000, 0x0000000710200000| Untracked 
| 121|0x0000000710300000, 0x0000000710300000, 0x0000000710400000|  0%| F|  |TAMS 0x0000000710300000, 0x0000000710300000| Untracked 
| 122|0x0000000710400000, 0x0000000710400000, 0x0000000710500000|  0%| F|  |TAMS 0x0000000710400000, 0x0000000710400000| Untracked 
| 123|0x0000000710500000, 0x0000000710500000, 0x0000000710600000|  0%| F|  |TAMS 0x0000000710500000, 0x0000000710500000| Untracked 
| 124|0x0000000710600000, 0x0000000710600000, 0x0000000710700000|  0%| F|  |TAMS 0x0000000710600000, 0x0000000710600000| Untracked 
| 125|0x0000000710700000, 0x0000000710700000, 0x0000000710800000|  0%| F|  |TAMS 0x0000000710700000, 0x0000000710700000| Untracked 
| 126|0x0000000710800000, 0x0000000710800000, 0x0000000710900000|  0%| F|  |TAMS 0x0000000710800000, 0x0000000710800000| Untracked 
| 127|0x0000000710900000, 0x0000000710900000, 0x0000000710a00000|  0%| F|  |TAMS 0x0000000710900000, 0x0000000710900000| Untracked 
| 128|0x0000000710a00000, 0x0000000710a00000, 0x0000000710b00000|  0%| F|  |TAMS 0x0000000710a00000, 0x0000000710a00000| Untracked 
| 129|0x0000000710b00000, 0x0000000710b00000, 0x0000000710c00000|  0%| F|  |TAMS 0x0000000710b00000, 0x0000000710b00000| Untracked 
| 130|0x0000000710c00000, 0x0000000710c00000, 0x0000000710d00000|  0%| F|  |TAMS 0x0000000710c00000, 0x0000000710c00000| Untracked 
| 131|0x0000000710d00000, 0x0000000710d00000, 0x0000000710e00000|  0%| F|  |TAMS 0x0000000710d00000, 0x0000000710d00000| Untracked 
| 132|0x0000000710e00000, 0x0000000710e00000, 0x0000000710f00000|  0%| F|  |TAMS 0x0000000710e00000, 0x0000000710e00000| Untracked 
| 133|0x0000000710f00000, 0x0000000710f00000, 0x0000000711000000|  0%| F|  |TAMS 0x0000000710f00000, 0x0000000710f00000| Untracked 
| 134|0x0000000711000000, 0x0000000711000000, 0x0000000711100000|  0%| F|  |TAMS 0x0000000711000000, 0x0000000711000000| Untracked 
| 135|0x0000000711100000, 0x0000000711100000, 0x0000000711200000|  0%| F|  |TAMS 0x0000000711100000, 0x0000000711100000| Untracked 
| 136|0x0000000711200000, 0x0000000711200000, 0x0000000711300000|  0%| F|  |TAMS 0x0000000711200000, 0x0000000711200000| Untracked 
| 137|0x0000000711300000, 0x0000000711300000, 0x0000000711400000|  0%| F|  |TAMS 0x0000000711300000, 0x0000000711300000| Untracked 
| 138|0x0000000711400000, 0x0000000711400000, 0x0000000711500000|  0%| F|  |TAMS 0x0000000711400000, 0x0000000711400000| Untracked 
| 139|0x0000000711500000, 0x0000000711500000, 0x0000000711600000|  0%| F|  |TAMS 0x0000000711500000, 0x0000000711500000| Untracked 
| 140|0x0000000711600000, 0x0000000711600000, 0x0000000711700000|  0%| F|  |TAMS 0x0000000711600000, 0x0000000711600000| Untracked 
| 141|0x0000000711700000, 0x0000000711700000, 0x0000000711800000|  0%| F|  |TAMS 0x0000000711700000, 0x0000000711700000| Untracked 
| 142|0x0000000711800000, 0x0000000711800000, 0x0000000711900000|  0%| F|  |TAMS 0x0000000711800000, 0x0000000711800000| Untracked 
| 143|0x0000000711900000, 0x0000000711900000, 0x0000000711a00000|  0%| F|  |TAMS 0x0000000711900000, 0x0000000711900000| Untracked 
| 144|0x0000000711a00000, 0x0000000711a00000, 0x0000000711b00000|  0%| F|  |TAMS 0x0000000711a00000, 0x0000000711a00000| Untracked 
| 145|0x0000000711b00000, 0x0000000711b00000, 0x0000000711c00000|  0%| F|  |TAMS 0x0000000711b00000, 0x0000000711b00000| Untracked 
| 146|0x0000000711c00000, 0x0000000711c00000, 0x0000000711d00000|  0%| F|  |TAMS 0x0000000711c00000, 0x0000000711c00000| Untracked 
| 147|0x0000000711d00000, 0x0000000711d00000, 0x0000000711e00000|  0%| F|  |TAMS 0x0000000711d00000, 0x0000000711d00000| Untracked 
| 148|0x0000000711e00000, 0x0000000711e00000, 0x0000000711f00000|  0%| F|  |TAMS 0x0000000711e00000, 0x0000000711e00000| Untracked 
| 149|0x0000000711f00000, 0x0000000711f00000, 0x0000000712000000|  0%| F|  |TAMS 0x0000000711f00000, 0x0000000711f00000| Untracked 
| 150|0x0000000712000000, 0x0000000712000000, 0x0000000712100000|  0%| F|  |TAMS 0x0000000712000000, 0x0000000712000000| Untracked 
| 151|0x0000000712100000, 0x0000000712100000, 0x0000000712200000|  0%| F|  |TAMS 0x0000000712100000, 0x0000000712100000| Untracked 
| 152|0x0000000712200000, 0x0000000712200000, 0x0000000712300000|  0%| F|  |TAMS 0x0000000712200000, 0x0000000712200000| Untracked 
| 153|0x0000000712300000, 0x0000000712300000, 0x0000000712400000|  0%| F|  |TAMS 0x0000000712300000, 0x0000000712300000| Untracked 
| 154|0x0000000712400000, 0x0000000712400000, 0x0000000712500000|  0%| F|  |TAMS 0x0000000712400000, 0x0000000712400000| Untracked 
| 155|0x0000000712500000, 0x0000000712500000, 0x0000000712600000|  0%| F|  |TAMS 0x0000000712500000, 0x0000000712500000| Untracked 
| 156|0x0000000712600000, 0x0000000712600000, 0x0000000712700000|  0%| F|  |TAMS 0x0000000712600000, 0x0000000712600000| Untracked 
| 157|0x0000000712700000, 0x0000000712700000, 0x0000000712800000|  0%| F|  |TAMS 0x0000000712700000, 0x0000000712700000| Untracked 
| 158|0x0000000712800000, 0x0000000712800000, 0x0000000712900000|  0%| F|  |TAMS 0x0000000712800000, 0x0000000712800000| Untracked 
| 159|0x0000000712900000, 0x0000000712900000, 0x0000000712a00000|  0%| F|  |TAMS 0x0000000712900000, 0x0000000712900000| Untracked 
| 160|0x0000000712a00000, 0x0000000712a00000, 0x0000000712b00000|  0%| F|  |TAMS 0x0000000712a00000, 0x0000000712a00000| Untracked 
| 161|0x0000000712b00000, 0x0000000712b00000, 0x0000000712c00000|  0%| F|  |TAMS 0x0000000712b00000, 0x0000000712b00000| Untracked 
| 162|0x0000000712c00000, 0x0000000712c00000, 0x0000000712d00000|  0%| F|  |TAMS 0x0000000712c00000, 0x0000000712c00000| Untracked 
| 163|0x0000000712d00000, 0x0000000712d00000, 0x0000000712e00000|  0%| F|  |TAMS 0x0000000712d00000, 0x0000000712d00000| Untracked 
| 164|0x0000000712e00000, 0x0000000712e00000, 0x0000000712f00000|  0%| F|  |TAMS 0x0000000712e00000, 0x0000000712e00000| Untracked 
| 165|0x0000000712f00000, 0x0000000712f00000, 0x0000000713000000|  0%| F|  |TAMS 0x0000000712f00000, 0x0000000712f00000| Untracked 
| 166|0x0000000713000000, 0x0000000713000000, 0x0000000713100000|  0%| F|  |TAMS 0x0000000713000000, 0x0000000713000000| Untracked 
| 167|0x0000000713100000, 0x0000000713100000, 0x0000000713200000|  0%| F|  |TAMS 0x0000000713100000, 0x0000000713100000| Untracked 
| 168|0x0000000713200000, 0x0000000713200000, 0x0000000713300000|  0%| F|  |TAMS 0x0000000713200000, 0x0000000713200000| Untracked 
| 169|0x0000000713300000, 0x0000000713300000, 0x0000000713400000|  0%| F|  |TAMS 0x0000000713300000, 0x0000000713300000| Untracked 
| 170|0x0000000713400000, 0x0000000713400000, 0x0000000713500000|  0%| F|  |TAMS 0x0000000713400000, 0x0000000713400000| Untracked 
| 171|0x0000000713500000, 0x0000000713500000, 0x0000000713600000|  0%| F|  |TAMS 0x0000000713500000, 0x0000000713500000| Untracked 
| 172|0x0000000713600000, 0x0000000713600000, 0x0000000713700000|  0%| F|  |TAMS 0x0000000713600000, 0x0000000713600000| Untracked 
| 173|0x0000000713700000, 0x0000000713700000, 0x0000000713800000|  0%| F|  |TAMS 0x0000000713700000, 0x0000000713700000| Untracked 
| 174|0x0000000713800000, 0x0000000713800000, 0x0000000713900000|  0%| F|  |TAMS 0x0000000713800000, 0x0000000713800000| Untracked 
| 175|0x0000000713900000, 0x0000000713900000, 0x0000000713a00000|  0%| F|  |TAMS 0x0000000713900000, 0x0000000713900000| Untracked 
| 176|0x0000000713a00000, 0x0000000713a00000, 0x0000000713b00000|  0%| F|  |TAMS 0x0000000713a00000, 0x0000000713a00000| Untracked 
| 177|0x0000000713b00000, 0x0000000713b00000, 0x0000000713c00000|  0%| F|  |TAMS 0x0000000713b00000, 0x0000000713b00000| Untracked 
| 178|0x0000000713c00000, 0x0000000713c00000, 0x0000000713d00000|  0%| F|  |TAMS 0x0000000713c00000, 0x0000000713c00000| Untracked 
| 179|0x0000000713d00000, 0x0000000713d00000, 0x0000000713e00000|  0%| F|  |TAMS 0x0000000713d00000, 0x0000000713d00000| Untracked 
| 180|0x0000000713e00000, 0x0000000713e00000, 0x0000000713f00000|  0%| F|  |TAMS 0x0000000713e00000, 0x0000000713e00000| Untracked 
| 181|0x0000000713f00000, 0x0000000713f00000, 0x0000000714000000|  0%| F|  |TAMS 0x0000000713f00000, 0x0000000713f00000| Untracked 
| 182|0x0000000714000000, 0x0000000714000000, 0x0000000714100000|  0%| F|  |TAMS 0x0000000714000000, 0x0000000714000000| Untracked 
| 183|0x0000000714100000, 0x0000000714100000, 0x0000000714200000|  0%| F|  |TAMS 0x0000000714100000, 0x0000000714100000| Untracked 
| 184|0x0000000714200000, 0x0000000714200000, 0x0000000714300000|  0%| F|  |TAMS 0x0000000714200000, 0x0000000714200000| Untracked 
| 185|0x0000000714300000, 0x0000000714300000, 0x0000000714400000|  0%| F|  |TAMS 0x0000000714300000, 0x0000000714300000| Untracked 
| 186|0x0000000714400000, 0x0000000714400000, 0x0000000714500000|  0%| F|  |TAMS 0x0000000714400000, 0x0000000714400000| Untracked 
| 187|0x0000000714500000, 0x0000000714500000, 0x0000000714600000|  0%| F|  |TAMS 0x0000000714500000, 0x0000000714500000| Untracked 
| 188|0x0000000714600000, 0x0000000714600000, 0x0000000714700000|  0%| F|  |TAMS 0x0000000714600000, 0x0000000714600000| Untracked 
| 189|0x0000000714700000, 0x0000000714700000, 0x0000000714800000|  0%| F|  |TAMS 0x0000000714700000, 0x0000000714700000| Untracked 
| 190|0x0000000714800000, 0x0000000714800000, 0x0000000714900000|  0%| F|  |TAMS 0x0000000714800000, 0x0000000714800000| Untracked 
| 191|0x0000000714900000, 0x0000000714900000, 0x0000000714a00000|  0%| F|  |TAMS 0x0000000714900000, 0x0000000714900000| Untracked 
| 192|0x0000000714a00000, 0x0000000714a00000, 0x0000000714b00000|  0%| F|  |TAMS 0x0000000714a00000, 0x0000000714a00000| Untracked 
| 193|0x0000000714b00000, 0x0000000714b00000, 0x0000000714c00000|  0%| F|  |TAMS 0x0000000714b00000, 0x0000000714b00000| Untracked 
| 194|0x0000000714c00000, 0x0000000714c00000, 0x0000000714d00000|  0%| F|  |TAMS 0x0000000714c00000, 0x0000000714c00000| Untracked 
| 195|0x0000000714d00000, 0x0000000714d00000, 0x0000000714e00000|  0%| F|  |TAMS 0x0000000714d00000, 0x0000000714d00000| Untracked 
| 196|0x0000000714e00000, 0x0000000714e00000, 0x0000000714f00000|  0%| F|  |TAMS 0x0000000714e00000, 0x0000000714e00000| Untracked 
| 197|0x0000000714f00000, 0x0000000714f00000, 0x0000000715000000|  0%| F|  |TAMS 0x0000000714f00000, 0x0000000714f00000| Untracked 
| 198|0x0000000715000000, 0x0000000715000000, 0x0000000715100000|  0%| F|  |TAMS 0x0000000715000000, 0x0000000715000000| Untracked 
| 199|0x0000000715100000, 0x0000000715100000, 0x0000000715200000|  0%| F|  |TAMS 0x0000000715100000, 0x0000000715100000| Untracked 
| 200|0x0000000715200000, 0x0000000715200000, 0x0000000715300000|  0%| F|  |TAMS 0x0000000715200000, 0x0000000715200000| Untracked 
| 201|0x0000000715300000, 0x0000000715300000, 0x0000000715400000|  0%| F|  |TAMS 0x0000000715300000, 0x0000000715300000| Untracked 
| 202|0x0000000715400000, 0x0000000715400000, 0x0000000715500000|  0%| F|  |TAMS 0x0000000715400000, 0x0000000715400000| Untracked 
| 203|0x0000000715500000, 0x0000000715500000, 0x0000000715600000|  0%| F|  |TAMS 0x0000000715500000, 0x0000000715500000| Untracked 
| 204|0x0000000715600000, 0x0000000715600000, 0x0000000715700000|  0%| F|  |TAMS 0x0000000715600000, 0x0000000715600000| Untracked 
| 205|0x0000000715700000, 0x0000000715700000, 0x0000000715800000|  0%| F|  |TAMS 0x0000000715700000, 0x0000000715700000| Untracked 
| 206|0x0000000715800000, 0x0000000715800000, 0x0000000715900000|  0%| F|  |TAMS 0x0000000715800000, 0x0000000715800000| Untracked 
| 207|0x0000000715900000, 0x0000000715900000, 0x0000000715a00000|  0%| F|  |TAMS 0x0000000715900000, 0x0000000715900000| Untracked 
| 208|0x0000000715a00000, 0x0000000715a00000, 0x0000000715b00000|  0%| F|  |TAMS 0x0000000715a00000, 0x0000000715a00000| Untracked 
| 209|0x0000000715b00000, 0x0000000715b00000, 0x0000000715c00000|  0%| F|  |TAMS 0x0000000715b00000, 0x0000000715b00000| Untracked 
| 210|0x0000000715c00000, 0x0000000715c00000, 0x0000000715d00000|  0%| F|  |TAMS 0x0000000715c00000, 0x0000000715c00000| Untracked 
| 211|0x0000000715d00000, 0x0000000715d00000, 0x0000000715e00000|  0%| F|  |TAMS 0x0000000715d00000, 0x0000000715d00000| Untracked 
| 212|0x0000000715e00000, 0x0000000715e00000, 0x0000000715f00000|  0%| F|  |TAMS 0x0000000715e00000, 0x0000000715e00000| Untracked 
| 213|0x0000000715f00000, 0x0000000715f00000, 0x0000000716000000|  0%| F|  |TAMS 0x0000000715f00000, 0x0000000715f00000| Untracked 
| 214|0x0000000716000000, 0x0000000716000000, 0x0000000716100000|  0%| F|  |TAMS 0x0000000716000000, 0x0000000716000000| Untracked 
| 215|0x0000000716100000, 0x0000000716100000, 0x0000000716200000|  0%| F|  |TAMS 0x0000000716100000, 0x0000000716100000| Untracked 
| 216|0x0000000716200000, 0x0000000716200000, 0x0000000716300000|  0%| F|  |TAMS 0x0000000716200000, 0x0000000716200000| Untracked 
| 217|0x0000000716300000, 0x0000000716300000, 0x0000000716400000|  0%| F|  |TAMS 0x0000000716300000, 0x0000000716300000| Untracked 
| 218|0x0000000716400000, 0x0000000716400000, 0x0000000716500000|  0%| F|  |TAMS 0x0000000716400000, 0x0000000716400000| Untracked 
| 219|0x0000000716500000, 0x0000000716500000, 0x0000000716600000|  0%| F|  |TAMS 0x0000000716500000, 0x0000000716500000| Untracked 
| 220|0x0000000716600000, 0x0000000716600000, 0x0000000716700000|  0%| F|  |TAMS 0x0000000716600000, 0x0000000716600000| Untracked 
| 221|0x0000000716700000, 0x00000007167d3950, 0x0000000716800000| 82%| S|CS|TAMS 0x0000000716700000, 0x0000000716700000| Complete 
| 222|0x0000000716800000, 0x0000000716900000, 0x0000000716900000|100%| S|CS|TAMS 0x0000000716800000, 0x0000000716800000| Complete 
| 223|0x0000000716900000, 0x0000000716a00000, 0x0000000716a00000|100%| S|CS|TAMS 0x0000000716900000, 0x0000000716900000| Complete 
| 224|0x0000000716a00000, 0x0000000716a00000, 0x0000000716b00000|  0%| F|  |TAMS 0x0000000716a00000, 0x0000000716a00000| Untracked 
| 225|0x0000000716b00000, 0x0000000716b00000, 0x0000000716c00000|  0%| F|  |TAMS 0x0000000716b00000, 0x0000000716b00000| Untracked 
| 226|0x0000000716c00000, 0x0000000716c00000, 0x0000000716d00000|  0%| F|  |TAMS 0x0000000716c00000, 0x0000000716c00000| Untracked 
| 227|0x0000000716d00000, 0x0000000716d00000, 0x0000000716e00000|  0%| F|  |TAMS 0x0000000716d00000, 0x0000000716d00000| Untracked 
| 228|0x0000000716e00000, 0x0000000716e00000, 0x0000000716f00000|  0%| F|  |TAMS 0x0000000716e00000, 0x0000000716e00000| Untracked 
| 229|0x0000000716f00000, 0x0000000716f00000, 0x0000000717000000|  0%| F|  |TAMS 0x0000000716f00000, 0x0000000716f00000| Untracked 
| 230|0x0000000717000000, 0x0000000717000000, 0x0000000717100000|  0%| F|  |TAMS 0x0000000717000000, 0x0000000717000000| Untracked 
| 231|0x0000000717100000, 0x0000000717100000, 0x0000000717200000|  0%| F|  |TAMS 0x0000000717100000, 0x0000000717100000| Untracked 
| 232|0x0000000717200000, 0x0000000717200000, 0x0000000717300000|  0%| F|  |TAMS 0x0000000717200000, 0x0000000717200000| Untracked 
| 233|0x0000000717300000, 0x0000000717300000, 0x0000000717400000|  0%| F|  |TAMS 0x0000000717300000, 0x0000000717300000| Untracked 
| 234|0x0000000717400000, 0x0000000717400000, 0x0000000717500000|  0%| F|  |TAMS 0x0000000717400000, 0x0000000717400000| Untracked 
| 235|0x0000000717500000, 0x0000000717500000, 0x0000000717600000|  0%| F|  |TAMS 0x0000000717500000, 0x0000000717500000| Untracked 
| 236|0x0000000717600000, 0x0000000717600000, 0x0000000717700000|  0%| F|  |TAMS 0x0000000717600000, 0x0000000717600000| Untracked 
| 237|0x0000000717700000, 0x0000000717700000, 0x0000000717800000|  0%| F|  |TAMS 0x0000000717700000, 0x0000000717700000| Untracked 
| 238|0x0000000717800000, 0x0000000717800000, 0x0000000717900000|  0%| F|  |TAMS 0x0000000717800000, 0x0000000717800000| Untracked 
| 239|0x0000000717900000, 0x0000000717900000, 0x0000000717a00000|  0%| F|  |TAMS 0x0000000717900000, 0x0000000717900000| Untracked 
| 240|0x0000000717a00000, 0x0000000717a00000, 0x0000000717b00000|  0%| F|  |TAMS 0x0000000717a00000, 0x0000000717a00000| Untracked 
| 241|0x0000000717b00000, 0x0000000717b00000, 0x0000000717c00000|  0%| F|  |TAMS 0x0000000717b00000, 0x0000000717b00000| Untracked 
| 242|0x0000000717c00000, 0x0000000717c00000, 0x0000000717d00000|  0%| F|  |TAMS 0x0000000717c00000, 0x0000000717c00000| Untracked 
| 243|0x0000000717d00000, 0x0000000717d80800, 0x0000000717e00000| 50%| E|  |TAMS 0x0000000717d00000, 0x0000000717d00000| Complete 
| 244|0x0000000717e00000, 0x0000000717f00000, 0x0000000717f00000|100%| E|CS|TAMS 0x0000000717e00000, 0x0000000717e00000| Complete 
| 245|0x0000000717f00000, 0x0000000718000000, 0x0000000718000000|100%| E|CS|TAMS 0x0000000717f00000, 0x0000000717f00000| Complete 
| 246|0x0000000718000000, 0x0000000718100000, 0x0000000718100000|100%| E|CS|TAMS 0x0000000718000000, 0x0000000718000000| Complete 
| 247|0x0000000718100000, 0x0000000718200000, 0x0000000718200000|100%| E|CS|TAMS 0x0000000718100000, 0x0000000718100000| Complete 
|2932|0x00000007bfe00000, 0x00000007bfe48000, 0x00000007bff00000| 28%|OA|  |TAMS 0x00000007bfe00000, 0x00000007bfe00000| Untracked 
|2933|0x00000007bff00000, 0x00000007bff6c000, 0x00000007c0000000| 42%|CA|  |TAMS 0x00000007bff00000, 0x00000007bff00000| Untracked 

Card table byte_map: [0x00007fab70500000,0x00007fab70cbb000] _byte_map_base: 0x00007fab6ccbb000

Marking Bits (Prev, Next): (CMBitMap*) 0x00007fab6c07d4a8, (CMBitMap*) 0x00007fab6c07d4e0
 Prev Bits: [0x00007fab4c228000, 0x00007fab50000000)
 Next Bits: [0x00007fab48450000, 0x00007fab4c228000)

Polling page: 0x00007fab74024000

Metaspace:

Usage:
  Non-class:      5.91 MB capacity,     3.46 MB ( 59%) used,     2.44 MB ( 41%) free+waste,     7.06 KB ( <1%) overhead. 
      Class:    688.00 KB capacity,   397.29 KB ( 58%) used,   287.40 KB ( 42%) free+waste,     3.31 KB ( <1%) overhead. 
       Both:      6.58 MB capacity,     3.85 MB ( 59%) used,     2.72 MB ( 41%) free+waste,    10.38 KB ( <1%) overhead. 

Virtual space:
  Non-class space:        8.00 MB reserved,       6.00 MB ( 75%) committed 
      Class space:        1.00 GB reserved,     768.00 KB ( <1%) committed 
             Both:        1.01 GB reserved,       6.75 MB ( <1%) committed 

Chunk freelists:
   Non-Class:  17.00 KB
       Class:  0 bytes
        Both:  17.00 KB

MaxMetaspaceSize: unlimited
CompressedClassSpaceSize: 1.00 GB
Initial GC threshold: 20.80 MB
Current GC threshold: 20.80 MB
CDS: on

CodeHeap 'non-profiled nmethods': size=119172Kb used=337Kb max_used=337Kb free=118834Kb
 bounds [0x00007fab5c35e000, 0x00007fab5c5ce000, 0x00007fab637bf000]
CodeHeap 'profiled nmethods': size=119168Kb used=2321Kb max_used=2321Kb free=116846Kb
 bounds [0x00007fab54efe000, 0x00007fab5516e000, 0x00007fab5c35e000]
CodeHeap 'non-nmethods': size=7420Kb used=2272Kb max_used=2286Kb free=5147Kb
 bounds [0x00007fab547bf000, 0x00007fab54a2f000, 0x00007fab54efe000]
 total_blobs=1489 nmethods=1083 adapters=318
 compilation: enabled
              stopped_count=0, restarted_count=0
 full_count=0

Compilation events (20 events):
Event: 0.199 Thread 0x00007fab180a5800 nmethod 1071 0x00007fab5c3af710 code [0x00007fab5c3af8c0, 0x00007fab5c3af990]
Event: 0.199 Thread 0x00007fab180a5800 1075       3       java.util.Collection::removeIf (51 bytes)
Event: 0.199 Thread 0x00007fab180a5800 nmethod 1075 0x00007fab55138190 code [0x00007fab551383c0, 0x00007fab55138bb0]
Event: 0.199 Thread 0x00007fab1049e800 nmethod 1066 0x00007fab55136910 code [0x00007fab55136c00, 0x00007fab55137c50]
Event: 0.199 Thread 0x00007fab180a5800 1076       3       java.util.HashMap::removeNode (291 bytes)
Event: 0.199 Thread 0x00007fab1049e800 1074       3       java.util.Objects::isNull (10 bytes)
Event: 0.199 Thread 0x00007fab1049e800 nmethod 1074 0x00007fab55138e10 code [0x00007fab55138fc0, 0x00007fab551390f0]
Event: 0.199 Thread 0x00007fab1049e800 1078       3       java.util.HashSet::iterator (13 bytes)
Event: 0.200 Thread 0x00007fab1049e800 nmethod 1078 0x00007fab55139190 code [0x00007fab55139360, 0x00007fab55139610]
Event: 0.200 Thread 0x00007fab1049e800 1080       3       java.util.HashMap$HashIterator::<init> (79 bytes)
Event: 0.200 Thread 0x00007fab1049e800 nmethod 1080 0x00007fab55139710 code [0x00007fab551398e0, 0x00007fab55139d30]
Event: 0.200 Thread 0x00007fab1049e800 1077       3       java.util.HashMap$KeySet::iterator (12 bytes)
Event: 0.200 Thread 0x00007fab1049e800 nmethod 1077 0x00007fab55139e90 code [0x00007fab5513a060, 0x00007fab5513a2e0]
Event: 0.200 Thread 0x00007fab1049e800 1081       3       LLVMIROptimization$$Lambda$23/0x00000008400abc40::test (8 bytes)
Event: 0.200 Thread 0x00007fab1049e800 nmethod 1081 0x00007fab5513a410 code [0x00007fab5513a5e0, 0x00007fab5513a8b0]
Event: 0.200 Thread 0x00007fab1049e800 1079       3       LLVMIROptimization$$Lambda$22/0x00000008400ab840::test (8 bytes)
Event: 0.200 Thread 0x00007fab1049e800 nmethod 1079 0x00007fab5513a990 code [0x00007fab5513ab60, 0x00007fab5513ae30]
Event: 0.200 Thread 0x00007fab1049e800 1082       3       java.util.ArrayList::contains (14 bytes)
Event: 0.200 Thread 0x00007fab1049e800 nmethod 1082 0x00007fab5513af10 code [0x00007fab5513b0e0, 0x00007fab5513b300]
Event: 0.200 Thread 0x00007fab180a5800 nmethod 1076 0x00007fab5513b410 code [0x00007fab5513b6e0, 0x00007fab5513cbd0]

GC Heap History (2 events):
Event: 0.182 GC heap before
{Heap before GC invocations=0 (full 0):
 garbage-first heap   total 256000K, used 25296K [0x0000000708a00000, 0x0000000800000000)
  region size 1024K, 24 young (24576K), 0 survivors (0K)
 Metaspace       used 3904K, capacity 6727K, committed 6912K, reserved 1056768K
  class space    used 396K, capacity 686K, committed 768K, reserved 1048576K
}
Event: 0.185 GC heap after
{Heap after GC invocations=1 (full 0):
 garbage-first heap   total 256000K, used 3614K [0x0000000708a00000, 0x0000000800000000)
  region size 1024K, 3 young (3072K), 3 survivors (3072K)
 Metaspace       used 3904K, capacity 6727K, committed 6912K, reserved 1056768K
  class space    used 396K, capacity 686K, committed 768K, reserved 1048576K
}

Deoptimization events (20 events):
Event: 0.198 Thread 0x00007fab6c015800 Uncommon trap: trap_request=0xffffff4d fr.pc=0x00007fab5c3a0e54 relative=0x00000000000000b4
Event: 0.198 Thread 0x00007fab6c015800 Uncommon trap: reason=unstable_if action=reinterpret pc=0x00007fab5c3a0e54 method=org.bytedeco.javacpp.Pointer.equals(Ljava/lang/Object;)Z @ 61 c2
Event: 0.198 Thread 0x00007fab6c015800 DEOPT PACKING pc=0x00007fab5c3a0e54 sp=0x00007fab727b46c0
Event: 0.198 Thread 0x00007fab6c015800 DEOPT UNPACKING pc=0x00007fab54808ea5 sp=0x00007fab727b4688 mode 2
Event: 0.198 Thread 0x00007fab6c015800 Uncommon trap: trap_request=0xffffff4d fr.pc=0x00007fab5c3af28c relative=0x000000000000044c
Event: 0.198 Thread 0x00007fab6c015800 Uncommon trap: reason=unstable_if action=reinterpret pc=0x00007fab5c3af28c method=java.util.HashMap.removeNode(ILjava/lang/Object;Ljava/lang/Object;ZZ)Ljava/util/HashMap$Node; @ 97 c2
Event: 0.198 Thread 0x00007fab6c015800 DEOPT PACKING pc=0x00007fab5c3af28c sp=0x00007fab727b4610
Event: 0.198 Thread 0x00007fab6c015800 DEOPT UNPACKING pc=0x00007fab54808ea5 sp=0x00007fab727b45a0 mode 2
Event: 0.199 Thread 0x00007fab6c015800 Uncommon trap: trap_request=0xffffff4d fr.pc=0x00007fab5c3ab57c relative=0x000000000000041c
Event: 0.199 Thread 0x00007fab6c015800 Uncommon trap: reason=unstable_if action=reinterpret pc=0x00007fab5c3ab57c method=java.util.HashMap$HashIterator.<init>(Ljava/util/HashMap;)V @ 45 c2
Event: 0.199 Thread 0x00007fab6c015800 DEOPT PACKING pc=0x00007fab5c3ab57c sp=0x00007fab727b46d0
Event: 0.199 Thread 0x00007fab6c015800 DEOPT UNPACKING pc=0x00007fab54808ea5 sp=0x00007fab727b4560 mode 2
Event: 0.199 Thread 0x00007fab6c015800 Uncommon trap: trap_request=0xffffff4d fr.pc=0x00007fab5c3a7e4c relative=0x000000000000028c
Event: 0.199 Thread 0x00007fab6c015800 Uncommon trap: reason=unstable_if action=reinterpret pc=0x00007fab5c3a7e4c method=java.util.HashMap$HashIterator.<init>(Ljava/util/HashMap;)V @ 45 c2
Event: 0.199 Thread 0x00007fab6c015800 DEOPT PACKING pc=0x00007fab5c3a7e4c sp=0x00007fab727b4670
Event: 0.199 Thread 0x00007fab6c015800 DEOPT UNPACKING pc=0x00007fab54808ea5 sp=0x00007fab727b4560 mode 2
Event: 0.199 Thread 0x00007fab6c015800 Uncommon trap: trap_request=0xffffff4d fr.pc=0x00007fab5c3a6714 relative=0x0000000000000374
Event: 0.199 Thread 0x00007fab6c015800 Uncommon trap: reason=unstable_if action=reinterpret pc=0x00007fab5c3a6714 method=java.util.HashMap$HashIterator.<init>(Ljava/util/HashMap;)V @ 45 c2
Event: 0.199 Thread 0x00007fab6c015800 DEOPT PACKING pc=0x00007fab5c3a6714 sp=0x00007fab727b44a0
Event: 0.199 Thread 0x00007fab6c015800 DEOPT UNPACKING pc=0x00007fab54808ea5 sp=0x00007fab727b4458 mode 2

Classes redefined (0 events):
No events

Internal exceptions (20 events):
Event: 0.023 Thread 0x00007fab6c015800 Exception <a 'java/security/PrivilegedActionException'{0x0000000718039ea0}> (0x0000000718039ea0) thrown at [./src/hotspot/share/prims/jvm.cpp, line 1304]
Event: 0.023 Thread 0x00007fab6c015800 Exception <a 'java/security/PrivilegedActionException'{0x000000071803a170}> (0x000000071803a170) thrown at [./src/hotspot/share/prims/jvm.cpp, line 1304]
Event: 0.023 Thread 0x00007fab6c015800 Exception <a 'java/security/PrivilegedActionException'{0x000000071803ad88}> (0x000000071803ad88) thrown at [./src/hotspot/share/prims/jvm.cpp, line 1304]
Event: 0.023 Thread 0x00007fab6c015800 Exception <a 'java/security/PrivilegedActionException'{0x000000071803b058}> (0x000000071803b058) thrown at [./src/hotspot/share/prims/jvm.cpp, line 1304]
Event: 0.023 Thread 0x00007fab6c015800 Exception <a 'java/security/PrivilegedActionException'{0x000000071803bc70}> (0x000000071803bc70) thrown at [./src/hotspot/share/prims/jvm.cpp, line 1304]
Event: 0.023 Thread 0x00007fab6c015800 Exception <a 'java/security/PrivilegedActionException'{0x000000071803bf40}> (0x000000071803bf40) thrown at [./src/hotspot/share/prims/jvm.cpp, line 1304]
Event: 0.023 Thread 0x00007fab6c015800 Exception <a 'java/security/PrivilegedActionException'{0x000000071803cb70}> (0x000000071803cb70) thrown at [./src/hotspot/share/prims/jvm.cpp, line 1304]
Event: 0.023 Thread 0x00007fab6c015800 Exception <a 'java/security/PrivilegedActionException'{0x000000071803ce40}> (0x000000071803ce40) thrown at [./src/hotspot/share/prims/jvm.cpp, line 1304]
Event: 0.023 Thread 0x00007fab6c015800 Exception <a 'java/security/PrivilegedActionException'{0x000000071803da70}> (0x000000071803da70) thrown at [./src/hotspot/share/prims/jvm.cpp, line 1304]
Event: 0.023 Thread 0x00007fab6c015800 Exception <a 'java/security/PrivilegedActionException'{0x000000071803dd40}> (0x000000071803dd40) thrown at [./src/hotspot/share/prims/jvm.cpp, line 1304]
Event: 0.024 Thread 0x00007fab6c015800 Exception <a 'java/security/PrivilegedActionException'{0x000000071803e970}> (0x000000071803e970) thrown at [./src/hotspot/share/prims/jvm.cpp, line 1304]
Event: 0.024 Thread 0x00007fab6c015800 Exception <a 'java/security/PrivilegedActionException'{0x000000071803ec40}> (0x000000071803ec40) thrown at [./src/hotspot/share/prims/jvm.cpp, line 1304]
Event: 0.024 Thread 0x00007fab6c015800 Exception <a 'java/security/PrivilegedActionException'{0x000000071803f858}> (0x000000071803f858) thrown at [./src/hotspot/share/prims/jvm.cpp, line 1304]
Event: 0.024 Thread 0x00007fab6c015800 Exception <a 'java/security/PrivilegedActionException'{0x000000071803fb28}> (0x000000071803fb28) thrown at [./src/hotspot/share/prims/jvm.cpp, line 1304]
Event: 0.024 Thread 0x00007fab6c015800 Exception <a 'java/security/PrivilegedActionException'{0x0000000718040758}> (0x0000000718040758) thrown at [./src/hotspot/share/prims/jvm.cpp, line 1304]
Event: 0.024 Thread 0x00007fab6c015800 Exception <a 'java/security/PrivilegedActionException'{0x0000000718040a28}> (0x0000000718040a28) thrown at [./src/hotspot/share/prims/jvm.cpp, line 1304]
Event: 0.061 Thread 0x00007fab6c015800 Exception <a 'java/lang/NoSuchMethodError'{0x0000000717dc7a50}: 'int java.lang.invoke.DirectMethodHandle$Holder.invokeStaticInit(java.lang.Object, java.lang.Object, java.lang.Object, java.lang.Object)'> (0x0000000717dc7a50) thrown at [./src/hotspot/share/interpreter/linkResolver.cpp, line 772]
Event: 0.062 Thread 0x00007fab6c015800 Exception <a 'java/lang/IncompatibleClassChangeError'{0x0000000717dd1f38}: Found class java.lang.Object, but interface was expected> (0x0000000717dd1f38) thrown at [./src/hotspot/share/interpreter/linkResolver.cpp, line 839]
Event: 0.062 Thread 0x00007fab6c015800 Exception <a 'java/lang/NoSuchMethodError'{0x0000000717dd5188}: 'void java.lang.invoke.DirectMethodHandle$Holder.invokeStaticInit(java.lang.Object, java.lang.Object)'> (0x0000000717dd5188) thrown at [./src/hotspot/share/interpreter/linkResolver.cpp, line 772]
Event: 0.063 Thread 0x00007fab6c015800 Exception <a 'java/lang/NoSuchMethodError'{0x0000000717ddae58}: 'int java.lang.invoke.DirectMethodHandle$Holder.invokeStaticInit(java.lang.Object, java.lang.Object)'> (0x0000000717ddae58) thrown at [./src/hotspot/share/interpreter/linkResolver.cpp, line 772]

Events (20 events):
Event: 0.134 loading class LLVMIROptimization
Event: 0.134 loading class LLVMIROptimization done
Event: 0.134 loading class ConstPropValueHolder
Event: 0.134 loading class ConstPropValueHolder done
Event: 0.134 loading class ConstPropValueHolder$Kind
Event: 0.134 loading class ConstPropValueHolder$Kind done
Event: 0.182 Executing VM operation: G1CollectForAllocation
Event: 0.185 Executing VM operation: G1CollectForAllocation done
Event: 0.185 Executing VM operation: RevokeBias
Event: 0.186 Executing VM operation: RevokeBias done
Event: 0.186 Executing VM operation: RevokeBias
Event: 0.186 Executing VM operation: RevokeBias done
Event: 0.186 Executing VM operation: RevokeBias
Event: 0.186 Executing VM operation: RevokeBias done
Event: 0.186 Executing VM operation: RevokeBias
Event: 0.186 Executing VM operation: RevokeBias done
Event: 0.197 Thread 0x00007fab1049e800 Thread added: 0x00007fab1049e800
Event: 0.197 Protecting memory [0x00007fab1ef73000,0x00007fab1ef77000] with protection modes 0
Event: 0.198 loading class org/bytedeco/llvm/LLVM/LLVMValueRef
Event: 0.198 loading class org/bytedeco/llvm/LLVM/LLVMValueRef done


Dynamic libraries:
708a00000-718200000 rw-p 00000000 00:00 0 
718200000-7bfe00000 ---p 00000000 00:00 0 
7bfe00000-7bfe48000 rw-p 00b14000 08:20 134337                           /usr/lib/jvm/java-11-openjdk-amd64/lib/server/classes.jsa
7bfe48000-7bff00000 rw-p 00000000 00:00 0 
7bff00000-7bff6c000 rw-p 00aa8000 08:20 134337                           /usr/lib/jvm/java-11-openjdk-amd64/lib/server/classes.jsa
7bff6c000-7c0000000 rw-p 00000000 00:00 0 
7c0000000-800000000 ---p 00000000 00:00 0 
800000000-800002000 rwxp 00001000 08:20 134337                           /usr/lib/jvm/java-11-openjdk-amd64/lib/server/classes.jsa
800002000-8003ce000 rw-p 00003000 08:20 134337                           /usr/lib/jvm/java-11-openjdk-amd64/lib/server/classes.jsa
8003ce000-800aa6000 r--p 003cf000 08:20 134337                           /usr/lib/jvm/java-11-openjdk-amd64/lib/server/classes.jsa
800aa6000-800aa7000 rw-p 00aa7000 08:20 134337                           /usr/lib/jvm/java-11-openjdk-amd64/lib/server/classes.jsa
840000000-8400c0000 rw-p 00000000 00:00 0 
8400c0000-880000000 ---p 00000000 00:00 0 
55ef3d501000-55ef3d502000 r--p 00000000 08:20 134745                     /usr/lib/jvm/java-11-openjdk-amd64/bin/java
55ef3d502000-55ef3d503000 r-xp 00001000 08:20 134745                     /usr/lib/jvm/java-11-openjdk-amd64/bin/java
55ef3d503000-55ef3d504000 r--p 00002000 08:20 134745                     /usr/lib/jvm/java-11-openjdk-amd64/bin/java
55ef3d504000-55ef3d505000 r--p 00002000 08:20 134745                     /usr/lib/jvm/java-11-openjdk-amd64/bin/java
55ef3d505000-55ef3d506000 rw-p 00003000 08:20 134745                     /usr/lib/jvm/java-11-openjdk-amd64/bin/java
55ef74d65000-55ef74d86000 rw-p 00000000 00:00 0                          [heap]
7faad4000000-7faad4021000 rw-p 00000000 00:00 0 
7faad4021000-7faad8000000 ---p 00000000 00:00 0 
7faadc000000-7faadc021000 rw-p 00000000 00:00 0 
7faadc021000-7faae0000000 ---p 00000000 00:00 0 
7faae0000000-7faae0021000 rw-p 00000000 00:00 0 
7faae0021000-7faae4000000 ---p 00000000 00:00 0 
7faae4000000-7faae4021000 rw-p 00000000 00:00 0 
7faae4021000-7faae8000000 ---p 00000000 00:00 0 
7faae8000000-7faae8021000 rw-p 00000000 00:00 0 
7faae8021000-7faaec000000 ---p 00000000 00:00 0 
7faaec000000-7faaec021000 rw-p 00000000 00:00 0 
7faaec021000-7faaf0000000 ---p 00000000 00:00 0 
7faaf152c000-7faaf1e52000 r--p 00000000 08:20 204242                     /home/crz/.javacpp/cache/llvm-13.0.1-1.5.7-linux-x86_64.jar/org/bytedeco/llvm/linux-x86_64/libLLVM-13.so
7faaf1e52000-7faaf5815000 r-xp 00926000 08:20 204242                     /home/crz/.javacpp/cache/llvm-13.0.1-1.5.7-linux-x86_64.jar/org/bytedeco/llvm/linux-x86_64/libLLVM-13.so
7faaf5815000-7faaf7a6a000 r--p 042e9000 08:20 204242                     /home/crz/.javacpp/cache/llvm-13.0.1-1.5.7-linux-x86_64.jar/org/bytedeco/llvm/linux-x86_64/libLLVM-13.so
7faaf7a6a000-7faaf7f7f000 r--p 0653d000 08:20 204242                     /home/crz/.javacpp/cache/llvm-13.0.1-1.5.7-linux-x86_64.jar/org/bytedeco/llvm/linux-x86_64/libLLVM-13.so
7faaf7f7f000-7faaf7f8a000 rw-p 06a52000 08:20 204242                     /home/crz/.javacpp/cache/llvm-13.0.1-1.5.7-linux-x86_64.jar/org/bytedeco/llvm/linux-x86_64/libLLVM-13.so
7faaf7f8a000-7faaf8000000 rw-p 00000000 00:00 0 
7faaf8000000-7faaf831f000 rw-p 00000000 00:00 0 
7faaf831f000-7faafc000000 ---p 00000000 00:00 0 
7faafc000000-7faafc1e0000 rw-p 00000000 00:00 0 
7faafc1e0000-7fab00000000 ---p 00000000 00:00 0 
7fab00000000-7fab00021000 rw-p 00000000 00:00 0 
7fab00021000-7fab04000000 ---p 00000000 00:00 0 
7fab04000000-7fab04021000 rw-p 00000000 00:00 0 
7fab04021000-7fab08000000 ---p 00000000 00:00 0 
7fab08000000-7fab08387000 rw-p 00000000 00:00 0 
7fab08387000-7fab0c000000 ---p 00000000 00:00 0 
7fab0c000000-7fab0c021000 rw-p 00000000 00:00 0 
7fab0c021000-7fab10000000 ---p 00000000 00:00 0 
7fab10000000-7fab1053d000 rw-p 00000000 00:00 0 
7fab1053d000-7fab14000000 ---p 00000000 00:00 0 
7fab14000000-7fab14021000 rw-p 00000000 00:00 0 
7fab14021000-7fab18000000 ---p 00000000 00:00 0 
7fab18000000-7fab18788000 rw-p 00000000 00:00 0 
7fab18788000-7fab1c000000 ---p 00000000 00:00 0 
7fab1deea000-7fab1def1000 r--s 00000000 08:20 126784                     /usr/lib/x86_64-linux-gnu/gconv/gconv-modules.cache
7fab1def1000-7fab1ef73000 rw-p 00000000 00:00 0 
7fab1ef73000-7fab1ef77000 ---p 00000000 00:00 0 
7fab1ef77000-7fab1f073000 rw-p 00000000 00:00 0 
7fab1f073000-7fab1f074000 ---p 00000000 00:00 0 
7fab1f074000-7fab1f174000 rw-p 00000000 00:00 0 
7fab1f174000-7fab1f175000 ---p 00000000 00:00 0 
7fab1f175000-7fab1f275000 rw-p 00000000 00:00 0 
7fab1f275000-7fab1f276000 ---p 00000000 00:00 0 
7fab1f276000-7fab1f376000 rw-p 00000000 00:00 0 
7fab1f376000-7fab1f377000 ---p 00000000 00:00 0 
7fab1f377000-7fab1f477000 rw-p 00000000 00:00 0 
7fab1f477000-7fab1f478000 ---p 00000000 00:00 0 
7fab1f478000-7fab1f578000 rw-p 00000000 00:00 0 
7fab1f578000-7fab1f5dd000 r--p 00000000 08:20 204256                     /home/crz/.javacpp/cache/llvm-13.0.1-1.5.7-linux-x86_64.jar/org/bytedeco/llvm/linux-x86_64/libjniLLVM.so
7fab1f5dd000-7fab1f64b000 r-xp 00065000 08:20 204256                     /home/crz/.javacpp/cache/llvm-13.0.1-1.5.7-linux-x86_64.jar/org/bytedeco/llvm/linux-x86_64/libjniLLVM.so
7fab1f64b000-7fab1f676000 r--p 000d3000 08:20 204256                     /home/crz/.javacpp/cache/llvm-13.0.1-1.5.7-linux-x86_64.jar/org/bytedeco/llvm/linux-x86_64/libjniLLVM.so
7fab1f676000-7fab1f679000 r--p 000fd000 08:20 204256                     /home/crz/.javacpp/cache/llvm-13.0.1-1.5.7-linux-x86_64.jar/org/bytedeco/llvm/linux-x86_64/libjniLLVM.so
7fab1f679000-7fab1f67c000 rw-p 00100000 08:20 204256                     /home/crz/.javacpp/cache/llvm-13.0.1-1.5.7-linux-x86_64.jar/org/bytedeco/llvm/linux-x86_64/libjniLLVM.so
7fab1f67c000-7fab1f67e000 rw-p 00000000 00:00 0 
7fab1f67e000-7fab1f685000 r--p 00000000 08:20 204245                     /home/crz/.javacpp/cache/llvm-13.0.1-1.5.7-linux-x86_64.jar/org/bytedeco/llvm/linux-x86_64/libLTO.so.13
7fab1f685000-7fab1f68d000 r-xp 00007000 08:20 204245                     /home/crz/.javacpp/cache/llvm-13.0.1-1.5.7-linux-x86_64.jar/org/bytedeco/llvm/linux-x86_64/libLTO.so.13
7fab1f68d000-7fab1f68f000 r--p 0000f000 08:20 204245                     /home/crz/.javacpp/cache/llvm-13.0.1-1.5.7-linux-x86_64.jar/org/bytedeco/llvm/linux-x86_64/libLTO.so.13
7fab1f68f000-7fab1f690000 r--p 00010000 08:20 204245                     /home/crz/.javacpp/cache/llvm-13.0.1-1.5.7-linux-x86_64.jar/org/bytedeco/llvm/linux-x86_64/libLTO.so.13
7fab1f690000-7fab1f691000 rw-p 00011000 08:20 204245                     /home/crz/.javacpp/cache/llvm-13.0.1-1.5.7-linux-x86_64.jar/org/bytedeco/llvm/linux-x86_64/libLTO.so.13
7fab1f691000-7fab1f695000 ---p 00000000 00:00 0 
7fab1f695000-7fab1f791000 rw-p 00000000 00:00 0 
7fab1f791000-7fab1f795000 ---p 00000000 00:00 0 
7fab1f795000-7fab1f891000 rw-p 00000000 00:00 0 
7fab1f891000-7fab1f895000 ---p 00000000 00:00 0 
7fab1f895000-7fab1f991000 rw-p 00000000 00:00 0 
7fab1f991000-7fab1f995000 r--p 00000000 08:20 204229                     /home/crz/.javacpp/cache/javacpp-1.5.7-linux-x86_64.jar/org/bytedeco/javacpp/linux-x86_64/libjnijavacpp.so
7fab1f995000-7fab1f99c000 r-xp 00004000 08:20 204229                     /home/crz/.javacpp/cache/javacpp-1.5.7-linux-x86_64.jar/org/bytedeco/javacpp/linux-x86_64/libjnijavacpp.so
7fab1f99c000-7fab1f9a0000 r--p 0000b000 08:20 204229                     /home/crz/.javacpp/cache/javacpp-1.5.7-linux-x86_64.jar/org/bytedeco/javacpp/linux-x86_64/libjnijavacpp.so
7fab1f9a0000-7fab1f9a1000 r--p 0000e000 08:20 204229                     /home/crz/.javacpp/cache/javacpp-1.5.7-linux-x86_64.jar/org/bytedeco/javacpp/linux-x86_64/libjnijavacpp.so
7fab1f9a1000-7fab1f9a2000 rw-p 0000f000 08:20 204229                     /home/crz/.javacpp/cache/javacpp-1.5.7-linux-x86_64.jar/org/bytedeco/javacpp/linux-x86_64/libjnijavacpp.so
7fab1f9a2000-7fab1f9d3000 rw-p 00000000 00:00 0 
7fab1f9d3000-7fab1f9d7000 r--p 00000000 08:20 134814                     /usr/lib/jvm/java-11-openjdk-amd64/lib/libnet.so
7fab1f9d7000-7fab1f9e5000 r-xp 00004000 08:20 134814                     /usr/lib/jvm/java-11-openjdk-amd64/lib/libnet.so
7fab1f9e5000-7fab1f9e9000 r--p 00012000 08:20 134814                     /usr/lib/jvm/java-11-openjdk-amd64/lib/libnet.so
7fab1f9e9000-7fab1f9ea000 r--p 00015000 08:20 134814                     /usr/lib/jvm/java-11-openjdk-amd64/lib/libnet.so
7fab1f9ea000-7fab1f9eb000 rw-p 00016000 08:20 134814                     /usr/lib/jvm/java-11-openjdk-amd64/lib/libnet.so
7fab1f9eb000-7fab1f9f2000 r--p 00000000 08:20 134815                     /usr/lib/jvm/java-11-openjdk-amd64/lib/libnio.so
7fab1f9f2000-7fab1f9fa000 r-xp 00007000 08:20 134815                     /usr/lib/jvm/java-11-openjdk-amd64/lib/libnio.so
7fab1f9fa000-7fab1f9fd000 r--p 0000f000 08:20 134815                     /usr/lib/jvm/java-11-openjdk-amd64/lib/libnio.so
7fab1f9fd000-7fab1f9fe000 r--p 00011000 08:20 134815                     /usr/lib/jvm/java-11-openjdk-amd64/lib/libnio.so
7fab1f9fe000-7fab1f9ff000 rw-p 00012000 08:20 134815                     /usr/lib/jvm/java-11-openjdk-amd64/lib/libnio.so
7fab1f9ff000-7fab1fa03000 ---p 00000000 00:00 0 
7fab1fa03000-7fab1faff000 rw-p 00000000 00:00 0 
7fab1faff000-7fab1fb00000 ---p 00000000 00:00 0 
7fab1fb00000-7fab1fc00000 rw-p 00000000 00:00 0 
7fab1fc00000-7fab1fc04000 ---p 00000000 00:00 0 
7fab1fc04000-7fab1fd00000 rw-p 00000000 00:00 0 
7fab1fd00000-7fab1fd04000 ---p 00000000 00:00 0 
7fab1fd04000-7fab1fe00000 rw-p 00000000 00:00 0 
7fab1fe00000-7fab1fe04000 ---p 00000000 00:00 0 
7fab1fe04000-7fab1ff00000 rw-p 00000000 00:00 0 
7fab1ff00000-7fab1ff04000 ---p 00000000 00:00 0 
7fab1ff04000-7fab20000000 rw-p 00000000 00:00 0 
7fab20000000-7fab20021000 rw-p 00000000 00:00 0 
7fab20021000-7fab24000000 ---p 00000000 00:00 0 
7fab24000000-7fab24021000 rw-p 00000000 00:00 0 
7fab24021000-7fab28000000 ---p 00000000 00:00 0 
7fab28000000-7fab28021000 rw-p 00000000 00:00 0 
7fab28021000-7fab2c000000 ---p 00000000 00:00 0 
7fab2c000000-7fab2c021000 rw-p 00000000 00:00 0 
7fab2c021000-7fab30000000 ---p 00000000 00:00 0 
7fab30000000-7fab30021000 rw-p 00000000 00:00 0 
7fab30021000-7fab34000000 ---p 00000000 00:00 0 
7fab34000000-7fab34021000 rw-p 00000000 00:00 0 
7fab34021000-7fab38000000 ---p 00000000 00:00 0 
7fab38000000-7fab38021000 rw-p 00000000 00:00 0 
7fab38021000-7fab3c000000 ---p 00000000 00:00 0 
7fab3c000000-7fab3c021000 rw-p 00000000 00:00 0 
7fab3c021000-7fab40000000 ---p 00000000 00:00 0 
7fab40002000-7fab40006000 ---p 00000000 00:00 0 
7fab40006000-7fab40102000 rw-p 00000000 00:00 0 
7fab40102000-7fab40106000 ---p 00000000 00:00 0 
7fab40106000-7fab40202000 rw-p 00000000 00:00 0 
7fab40202000-7fab407ef000 r--p 00000000 08:20 13349                      /usr/lib/locale/locale-archive
7fab407ef000-7fab407f3000 ---p 00000000 00:00 0 
7fab407f3000-7fab408ef000 rw-p 00000000 00:00 0 
7fab408ef000-7fab408f3000 ---p 00000000 00:00 0 
7fab408f3000-7fab409ef000 rw-p 00000000 00:00 0 
7fab409ef000-7fab409f0000 ---p 00000000 00:00 0 
7fab409f0000-7fab411f4000 rw-p 00000000 00:00 0 
7fab411f4000-7fab413f4000 ---p 00000000 00:00 0 
7fab413f4000-7fab413f5000 ---p 00000000 00:00 0 
7fab413f5000-7fab414f5000 rw-p 00000000 00:00 0 
7fab414f5000-7fab414f6000 ---p 00000000 00:00 0 
7fab414f6000-7fab44000000 rw-p 00000000 00:00 0 
7fab44000000-7fab44021000 rw-p 00000000 00:00 0 
7fab44021000-7fab48000000 ---p 00000000 00:00 0 
7fab48000000-7fab48001000 r--p 00000000 08:20 204251                     /home/crz/.javacpp/cache/llvm-13.0.1-1.5.7-linux-x86_64.jar/org/bytedeco/llvm/linux-x86_64/libRemarks.so.13
7fab48001000-7fab48002000 r-xp 00001000 08:20 204251                     /home/crz/.javacpp/cache/llvm-13.0.1-1.5.7-linux-x86_64.jar/org/bytedeco/llvm/linux-x86_64/libRemarks.so.13
7fab48002000-7fab48003000 r--p 00002000 08:20 204251                     /home/crz/.javacpp/cache/llvm-13.0.1-1.5.7-linux-x86_64.jar/org/bytedeco/llvm/linux-x86_64/libRemarks.so.13
7fab48003000-7fab48004000 r--p 00002000 08:20 204251                     /home/crz/.javacpp/cache/llvm-13.0.1-1.5.7-linux-x86_64.jar/org/bytedeco/llvm/linux-x86_64/libRemarks.so.13
7fab48004000-7fab48005000 rw-p 00003000 08:20 204251                     /home/crz/.javacpp/cache/llvm-13.0.1-1.5.7-linux-x86_64.jar/org/bytedeco/llvm/linux-x86_64/libRemarks.so.13
7fab48005000-7fab48006000 r--p 00000000 08:20 104103                     /usr/lib/x86_64-linux-gnu/libdl.so.2
7fab48006000-7fab48007000 r-xp 00001000 08:20 104103                     /usr/lib/x86_64-linux-gnu/libdl.so.2
7fab48007000-7fab48008000 r--p 00002000 08:20 104103                     /usr/lib/x86_64-linux-gnu/libdl.so.2
7fab48008000-7fab48009000 r--p 00002000 08:20 104103                     /usr/lib/x86_64-linux-gnu/libdl.so.2
7fab48009000-7fab4800a000 rw-p 00003000 08:20 104103                     /usr/lib/x86_64-linux-gnu/libdl.so.2
7fab4800a000-7fab48830000 rw-p 00000000 00:00 0 
7fab48830000-7fab4b220000 ---p 00000000 00:00 0 
7fab4b220000-7fab4b228000 rw-p 00000000 00:00 0 
7fab4b228000-7fab4c228000 ---p 00000000 00:00 0 
7fab4c228000-7fab4c608000 rw-p 00000000 00:00 0 
7fab4c608000-7fab4eff8000 ---p 00000000 00:00 0 
7fab4eff8000-7fab4f000000 rw-p 00000000 00:00 0 
7fab4f000000-7fab50000000 ---p 00000000 00:00 0 
7fab50000000-7fab50021000 rw-p 00000000 00:00 0 
7fab50021000-7fab54000000 ---p 00000000 00:00 0 
7fab54004000-7fab54080000 rw-p 00000000 00:00 0 
7fab54080000-7fab545be000 ---p 00000000 00:00 0 
7fab545be000-7fab545bf000 rw-p 00000000 00:00 0 
7fab545bf000-7fab547bf000 ---p 00000000 00:00 0 
7fab547bf000-7fab54a2f000 rwxp 00000000 00:00 0 
7fab54a2f000-7fab54efe000 ---p 00000000 00:00 0 
7fab54efe000-7fab5516e000 rwxp 00000000 00:00 0 
7fab5516e000-7fab5c35e000 ---p 00000000 00:00 0 
7fab5c35e000-7fab5c5ce000 rwxp 00000000 00:00 0 
7fab5c5ce000-7fab637bf000 ---p 00000000 00:00 0 
7fab637bf000-7fab6c000000 r--s 00000000 08:20 134824                     /usr/lib/jvm/java-11-openjdk-amd64/lib/modules
7fab6c000000-7fab6c460000 rw-p 00000000 00:00 0 
7fab6c460000-7fab70000000 ---p 00000000 00:00 0 
7fab70001000-7fab70002000 r--p 00000000 08:20 104244                     /usr/lib/x86_64-linux-gnu/libpthread.so.0
7fab70002000-7fab70003000 r-xp 00001000 08:20 104244                     /usr/lib/x86_64-linux-gnu/libpthread.so.0
7fab70003000-7fab70004000 r--p 00002000 08:20 104244                     /usr/lib/x86_64-linux-gnu/libpthread.so.0
7fab70004000-7fab70005000 r--p 00002000 08:20 104244                     /usr/lib/x86_64-linux-gnu/libpthread.so.0
7fab70005000-7fab70006000 rw-p 00003000 08:20 104244                     /usr/lib/x86_64-linux-gnu/libpthread.so.0
7fab70006000-7fab70107000 rw-p 00000000 00:00 0 
7fab70107000-7fab70108000 ---p 00000000 00:00 0 
7fab70108000-7fab70208000 rw-p 00000000 00:00 0 
7fab70208000-7fab70209000 ---p 00000000 00:00 0 
7fab70209000-7fab7057c000 rw-p 00000000 00:00 0 
7fab7057c000-7fab70aba000 ---p 00000000 00:00 0 
7fab70aba000-7fab70abb000 rw-p 00000000 00:00 0 
7fab70abb000-7fab70cbb000 ---p 00000000 00:00 0 
7fab70cbb000-7fab70d37000 rw-p 00000000 00:00 0 
7fab70d37000-7fab71275000 ---p 00000000 00:00 0 
7fab71275000-7fab71276000 rw-p 00000000 00:00 0 
7fab71276000-7fab71476000 ---p 00000000 00:00 0 
7fab71476000-7fab72385000 rw-p 00000000 00:00 0 
7fab72385000-7fab72386000 ---p 00000000 00:00 0 
7fab72386000-7fab7248b000 rw-p 00000000 00:00 0 
7fab7248b000-7fab7256f000 ---p 00000000 00:00 0 
7fab7256f000-7fab72574000 rw-p 00000000 00:00 0 
7fab72574000-7fab72658000 ---p 00000000 00:00 0 
7fab72658000-7fab7265d000 rw-p 00000000 00:00 0 
7fab7265d000-7fab72667000 ---p 00000000 00:00 0 
7fab72667000-7fab72669000 r--p 00000000 08:20 134823                     /usr/lib/jvm/java-11-openjdk-amd64/lib/libzip.so
7fab72669000-7fab7266e000 r-xp 00002000 08:20 134823                     /usr/lib/jvm/java-11-openjdk-amd64/lib/libzip.so
7fab7266e000-7fab72670000 r--p 00007000 08:20 134823                     /usr/lib/jvm/java-11-openjdk-amd64/lib/libzip.so
7fab72670000-7fab72671000 r--p 00008000 08:20 134823                     /usr/lib/jvm/java-11-openjdk-amd64/lib/libzip.so
7fab72671000-7fab72672000 rw-p 00009000 08:20 134823                     /usr/lib/jvm/java-11-openjdk-amd64/lib/libzip.so
7fab72672000-7fab7267a000 rw-s 00000000 08:20 157443                     /tmp/hsperfdata_crz/37292
7fab7267a000-7fab7267c000 r--p 00000000 08:20 134806                     /usr/lib/jvm/java-11-openjdk-amd64/lib/libjimage.so
7fab7267c000-7fab7267f000 r-xp 00002000 08:20 134806                     /usr/lib/jvm/java-11-openjdk-amd64/lib/libjimage.so
7fab7267f000-7fab72680000 r--p 00005000 08:20 134806                     /usr/lib/jvm/java-11-openjdk-amd64/lib/libjimage.so
7fab72680000-7fab72681000 ---p 00006000 08:20 134806                     /usr/lib/jvm/java-11-openjdk-amd64/lib/libjimage.so
7fab72681000-7fab72682000 r--p 00006000 08:20 134806                     /usr/lib/jvm/java-11-openjdk-amd64/lib/libjimage.so
7fab72682000-7fab72683000 rw-p 00007000 08:20 134806                     /usr/lib/jvm/java-11-openjdk-amd64/lib/libjimage.so
7fab72683000-7fab72691000 r--p 00000000 08:20 134803                     /usr/lib/jvm/java-11-openjdk-amd64/lib/libjava.so
7fab72691000-7fab726a7000 r-xp 0000e000 08:20 134803                     /usr/lib/jvm/java-11-openjdk-amd64/lib/libjava.so
7fab726a7000-7fab726ae000 r--p 00024000 08:20 134803                     /usr/lib/jvm/java-11-openjdk-amd64/lib/libjava.so
7fab726ae000-7fab726af000 r--p 0002a000 08:20 134803                     /usr/lib/jvm/java-11-openjdk-amd64/lib/libjava.so
7fab726af000-7fab726b0000 rw-p 0002b000 08:20 134803                     /usr/lib/jvm/java-11-openjdk-amd64/lib/libjava.so
7fab726b0000-7fab726b1000 rw-p 00000000 00:00 0 
7fab726b1000-7fab726b2000 r--p 00000000 08:20 105137                     /usr/lib/x86_64-linux-gnu/librt.so.1
7fab726b2000-7fab726b3000 r-xp 00001000 08:20 105137                     /usr/lib/x86_64-linux-gnu/librt.so.1
7fab726b3000-7fab726b4000 r--p 00002000 08:20 105137                     /usr/lib/x86_64-linux-gnu/librt.so.1
7fab726b4000-7fab726b5000 r--p 00002000 08:20 105137                     /usr/lib/x86_64-linux-gnu/librt.so.1
7fab726b5000-7fab726b6000 rw-p 00003000 08:20 105137                     /usr/lib/x86_64-linux-gnu/librt.so.1
7fab726b6000-7fab726ba000 ---p 00000000 00:00 0 
7fab726ba000-7fab727b6000 rw-p 00000000 00:00 0 
7fab727b6000-7fab727b9000 r--p 00000000 08:20 6709                       /usr/lib/x86_64-linux-gnu/libgcc_s.so.1
7fab727b9000-7fab727d0000 r-xp 00003000 08:20 6709                       /usr/lib/x86_64-linux-gnu/libgcc_s.so.1
7fab727d0000-7fab727d4000 r--p 0001a000 08:20 6709                       /usr/lib/x86_64-linux-gnu/libgcc_s.so.1
7fab727d4000-7fab727d5000 r--p 0001d000 08:20 6709                       /usr/lib/x86_64-linux-gnu/libgcc_s.so.1
7fab727d5000-7fab727d6000 rw-p 0001e000 08:20 6709                       /usr/lib/x86_64-linux-gnu/libgcc_s.so.1
7fab727d6000-7fab727e4000 r--p 00000000 08:20 104109                     /usr/lib/x86_64-linux-gnu/libm.so.6
7fab727e4000-7fab72860000 r-xp 0000e000 08:20 104109                     /usr/lib/x86_64-linux-gnu/libm.so.6
7fab72860000-7fab728bb000 r--p 0008a000 08:20 104109                     /usr/lib/x86_64-linux-gnu/libm.so.6
7fab728bb000-7fab728bc000 r--p 000e4000 08:20 104109                     /usr/lib/x86_64-linux-gnu/libm.so.6
7fab728bc000-7fab728bd000 rw-p 000e5000 08:20 104109                     /usr/lib/x86_64-linux-gnu/libm.so.6
7fab728bd000-7fab72957000 r--p 00000000 08:20 6947                       /usr/lib/x86_64-linux-gnu/libstdc++.so.6.0.30
7fab72957000-7fab72a68000 r-xp 0009a000 08:20 6947                       /usr/lib/x86_64-linux-gnu/libstdc++.so.6.0.30
7fab72a68000-7fab72ad7000 r--p 001ab000 08:20 6947                       /usr/lib/x86_64-linux-gnu/libstdc++.so.6.0.30
7fab72ad7000-7fab72ad8000 ---p 0021a000 08:20 6947                       /usr/lib/x86_64-linux-gnu/libstdc++.so.6.0.30
7fab72ad8000-7fab72ae3000 r--p 0021a000 08:20 6947                       /usr/lib/x86_64-linux-gnu/libstdc++.so.6.0.30
7fab72ae3000-7fab72ae6000 rw-p 00225000 08:20 6947                       /usr/lib/x86_64-linux-gnu/libstdc++.so.6.0.30
7fab72ae6000-7fab72ae9000 rw-p 00000000 00:00 0 
7fab72ae9000-7fab72d6c000 r--p 00000000 08:20 134827                     /usr/lib/jvm/java-11-openjdk-amd64/lib/server/libjvm.so
7fab72d6c000-7fab73a17000 r-xp 00283000 08:20 134827                     /usr/lib/jvm/java-11-openjdk-amd64/lib/server/libjvm.so
7fab73a17000-7fab73c73000 r--p 00f2e000 08:20 134827                     /usr/lib/jvm/java-11-openjdk-amd64/lib/server/libjvm.so
7fab73c73000-7fab73d37000 r--p 01189000 08:20 134827                     /usr/lib/jvm/java-11-openjdk-amd64/lib/server/libjvm.so
7fab73d37000-7fab73d72000 rw-p 0124d000 08:20 134827                     /usr/lib/jvm/java-11-openjdk-amd64/lib/server/libjvm.so
7fab73d72000-7fab73dcc000 rw-p 00000000 00:00 0 
7fab73dcc000-7fab73df4000 r--p 00000000 08:20 104085                     /usr/lib/x86_64-linux-gnu/libc.so.6
7fab73df4000-7fab73f89000 r-xp 00028000 08:20 104085                     /usr/lib/x86_64-linux-gnu/libc.so.6
7fab73f89000-7fab73fe1000 r--p 001bd000 08:20 104085                     /usr/lib/x86_64-linux-gnu/libc.so.6
7fab73fe1000-7fab73fe2000 ---p 00215000 08:20 104085                     /usr/lib/x86_64-linux-gnu/libc.so.6
7fab73fe2000-7fab73fe6000 r--p 00215000 08:20 104085                     /usr/lib/x86_64-linux-gnu/libc.so.6
7fab73fe6000-7fab73fe8000 rw-p 00219000 08:20 104085                     /usr/lib/x86_64-linux-gnu/libc.so.6
7fab73fe8000-7fab73ff5000 rw-p 00000000 00:00 0 
7fab73ff5000-7fab73ff8000 r--p 00000000 08:20 134788                     /usr/lib/jvm/java-11-openjdk-amd64/lib/jli/libjli.so
7fab73ff8000-7fab74002000 r-xp 00003000 08:20 134788                     /usr/lib/jvm/java-11-openjdk-amd64/lib/jli/libjli.so
7fab74002000-7fab74005000 r--p 0000d000 08:20 134788                     /usr/lib/jvm/java-11-openjdk-amd64/lib/jli/libjli.so
7fab74005000-7fab74006000 ---p 00010000 08:20 134788                     /usr/lib/jvm/java-11-openjdk-amd64/lib/jli/libjli.so
7fab74006000-7fab74007000 r--p 00010000 08:20 134788                     /usr/lib/jvm/java-11-openjdk-amd64/lib/jli/libjli.so
7fab74007000-7fab74008000 rw-p 00011000 08:20 134788                     /usr/lib/jvm/java-11-openjdk-amd64/lib/jli/libjli.so
7fab74008000-7fab7400a000 r--p 00000000 08:20 6997                       /usr/lib/x86_64-linux-gnu/libz.so.1.2.11
7fab7400a000-7fab7401b000 r-xp 00002000 08:20 6997                       /usr/lib/x86_64-linux-gnu/libz.so.1.2.11
7fab7401b000-7fab74021000 r--p 00013000 08:20 6997                       /usr/lib/x86_64-linux-gnu/libz.so.1.2.11
7fab74021000-7fab74022000 ---p 00019000 08:20 6997                       /usr/lib/x86_64-linux-gnu/libz.so.1.2.11
7fab74022000-7fab74023000 r--p 00019000 08:20 6997                       /usr/lib/x86_64-linux-gnu/libz.so.1.2.11
7fab74023000-7fab74024000 rw-p 0001a000 08:20 6997                       /usr/lib/x86_64-linux-gnu/libz.so.1.2.11
7fab74024000-7fab74025000 ---p 00000000 00:00 0 
7fab74025000-7fab74026000 r--p 00000000 00:00 0 
7fab74026000-7fab7402b000 r--p 00000000 08:20 134822                     /usr/lib/jvm/java-11-openjdk-amd64/lib/libverify.so
7fab7402b000-7fab74032000 r-xp 00005000 08:20 134822                     /usr/lib/jvm/java-11-openjdk-amd64/lib/libverify.so
7fab74032000-7fab74034000 r--p 0000c000 08:20 134822                     /usr/lib/jvm/java-11-openjdk-amd64/lib/libverify.so
7fab74034000-7fab74036000 r--p 0000d000 08:20 134822                     /usr/lib/jvm/java-11-openjdk-amd64/lib/libverify.so
7fab74036000-7fab74037000 rw-p 0000f000 08:20 134822                     /usr/lib/jvm/java-11-openjdk-amd64/lib/libverify.so
7fab74037000-7fab74039000 rw-p 00000000 00:00 0 
7fab74039000-7fab7403b000 r--p 00000000 08:20 104061                     /usr/lib/x86_64-linux-gnu/ld-linux-x86-64.so.2
7fab7403b000-7fab74065000 r-xp 00002000 08:20 104061                     /usr/lib/x86_64-linux-gnu/ld-linux-x86-64.so.2
7fab74065000-7fab74070000 r--p 0002c000 08:20 104061                     /usr/lib/x86_64-linux-gnu/ld-linux-x86-64.so.2
7fab74071000-7fab74073000 r--p 00037000 08:20 104061                     /usr/lib/x86_64-linux-gnu/ld-linux-x86-64.so.2
7fab74073000-7fab74075000 rw-p 00039000 08:20 104061                     /usr/lib/x86_64-linux-gnu/ld-linux-x86-64.so.2
7ffd8df32000-7ffd8df54000 rw-p 00000000 00:00 0                          [stack]
7ffd8df8b000-7ffd8df8f000 r--p 00000000 00:00 0                          [vvar]
7ffd8df8f000-7ffd8df91000 r-xp 00000000 00:00 0                          [vdso]


VM Arguments:
java_command: Main tests/lab6_test/aa_runtimeerror_test.sysy tests/lab6_test/aa_runtimeerror_test.ll
java_class_path (initial): ./classes:/usr/local/lib/antlr-4.9.1-complete.jar:/usr/local/lib/llvm-13.0.1-1.5.7.jar:/usr/local/lib/llvm-13.0.1-1.5.7-linux-x86_64.jar:/usr/local/lib/llvm-platform-13.0.1-1.5.7.jar:/usr/local/lib/javacpp-1.5.7-linux-x86_64.jar:/usr/local/lib/javacpp-1.5.7.jar
Launcher Type: SUN_STANDARD

[Global flags]
     intx CICompilerCount                          = 12                                        {product} {ergonomic}
     uint ConcGCThreads                            = 4                                         {product} {ergonomic}
     uint G1ConcRefinementThreads                  = 15                                        {product} {ergonomic}
   size_t G1HeapRegionSize                         = 1048576                                   {product} {ergonomic}
    uintx GCDrainStackTargetSize                   = 64                                        {product} {ergonomic}
   size_t InitialHeapSize                          = 260046848                                 {product} {ergonomic}
   size_t MarkStackSize                            = 4194304                                   {product} {ergonomic}
   size_t MaxHeapSize                              = 4150263808                                {product} {ergonomic}
   size_t MaxNewSize                               = 2489319424                                {product} {ergonomic}
   size_t MinHeapDeltaBytes                        = 1048576                                   {product} {ergonomic}
    uintx NonNMethodCodeHeapSize                   = 7594288                                {pd product} {ergonomic}
    uintx NonProfiledCodeHeapSize                  = 122031976                              {pd product} {ergonomic}
    uintx ProfiledCodeHeapSize                     = 122031976                              {pd product} {ergonomic}
    uintx ReservedCodeCacheSize                    = 251658240                              {pd product} {ergonomic}
     bool SegmentedCodeCache                       = true                                      {product} {ergonomic}
     bool UseCompressedClassPointers               = true                                 {lp64_product} {ergonomic}
     bool UseCompressedOops                        = true                                 {lp64_product} {ergonomic}
     bool UseG1GC                                  = true                                      {product} {ergonomic}

Logging:
Log output configuration:
 #0: stdout all=warning uptime,level,tags
 #1: stderr all=off uptime,level,tags

Environment Variables:
CLASSPATH=/usr/local/lib/antlr-4.9.1-complete.jar:/usr/local/lib/llvm-13.0.1-1.5.7.jar:/usr/local/lib/llvm-13.0.1-1.5.7-linux-x86_64.jar:/usr/local/lib/llvm-platform-13.0.1-1.5.7.jar:/usr/local/lib/javacpp-1.5.7-linux-x86_64.jar:/usr/local/lib/javacpp-1.5.7.jar
PATH=/home/crz/.local/bin:/home/crz/.cargo/bin:/home/crz/.local/bin:~/my_script:/usr/local/sbin:/usr/local/bin:/usr/sbin:/usr/bin:/sbin:/bin:/usr/games:/usr/local/games:/usr/lib/wsl/lib:/mnt/c/Program Files/Java/jdk-21/bin:/mnt/c/Program Files/Common Files/Oracle/Java/javapath:/mnt/e/vmware/bin/:/mnt/c/Program Files (x86)/Common Files/Oracle/Java/java8path:/mnt/c/Program Files (x86)/Common Files/Oracle/Java/javapath:/mnt/c/Windows/system32:/mnt/c/Windows:/mnt/c/Windows/System32/Wbem:/mnt/c/Windows/System32/WindowsPowerShell/v1.0/:/mnt/c/Windows/System32/OpenSSH/:/mnt/c/Users/crz/Downloads/winlibs-x86_64-posix-seh-gcc-12.3.0-llvm-16.0.4-mingw-w64ucrt-11.0.0-r1.zip/mingw64/bin:/mnt/d/mingw64/bin:/mnt/d/Git/cmd:/mnt/c/Program Files/dotnet/:/mnt/e/SDL-CPLproj/SDL2/mingw(CLion+VSC)/SDL2-2.26.0-allinone/x86_64-w64-mingw32/bin:/mnt/c/Program Files/Cloudflare/Cloudflare WARP/:/mnt/c/Users/crz/AppData/Local/Programs/Python/Python311/Lib/site-packages/pyecharts:/mnt/c/Program Files/MATLAB/R2023a/runtime/win64:/mnt/c/Program Files/MATLAB/R2023a/bin:/mnt/c/Program Files/gs/gs10.03.1/bin:/mnt/e/:/mnt/e/bitvise-ssh:/mnt/d/:/mnt/c/ProgramData/chocolatey/bin:/mnt/c/Program Files/MySQL/MySQL Server 8.0/bin:/mnt/c/Program Files/MySQL/MySQL Shell 8.0/bin/:/mnt/e/anaconda3:/mnt/e/anaconda3/Library/mingw-w64/bin:/mnt/e/anaconda3/Library/usr/bin:/mnt/e/anaconda3/Library/bin:/mnt/e/anaconda3/Scripts:/mnt/c/Users/crz/AppData/Local/Microsoft/WindowsApps:/mnt/c/Users/crz/Downloads/winlibs-x86_64-posix-seh-gcc-12.3.0-llvm-16.0.4-mingw-w64ucrt-11.0.0-r1.zip/mingw64/bin:/mnt/d/mingw64/bin:/mnt/e/Microsoft VS Code/bin:/mnt/e/CLion 2022.3/bin:/mnt/c/Users/crz/AppData/Local/JetBrains/Toolbox/scripts:/mnt/d/PyCharm 2023.3.4/bin:/mnt/d/IntelliJ IDEA 2023.3.4/bin:/mnt/c/Users/crz/anaconda3/Lib/site-packages:/mnt/d/texlive/2024/bin/windows:/mnt/c/Users/crz/AppData/Roaming/npm:/mnt/d/:/mnt/d/WebStorm 2024.3.2.1/bin:/snap/bin:/mnt/c/Users/crz/AppData/Local/Programs/Microsoft VS Code/bin:/mnt/e/Microsoft\ V
SHELL=/bin/bash
DISPLAY=:0.0
HOSTTYPE=x86_64
LANG=en_US.UTF-8
LC_ALL=en_US.UTF-8
TERM=xterm-256color

Signal Handlers:
SIGSEGV: [libjvm.so+0xebbd40], sa_mask[0]=11111111011111111101111111111110, sa_flags=SA_RESTART|SA_SIGINFO
SIGBUS: [libjvm.so+0xebbd40], sa_mask[0]=11111111011111111101111111111110, sa_flags=SA_RESTART|SA_SIGINFO
SIGFPE: [libjvm.so+0xebbd40], sa_mask[0]=11111111011111111101111111111110, sa_flags=SA_RESTART|SA_SIGINFO
SIGPIPE: [libjvm.so+0xbfe040], sa_mask[0]=11111111011111111101111111111110, sa_flags=SA_RESTART|SA_SIGINFO
SIGXFSZ: [libjvm.so+0xbfe040], sa_mask[0]=11111111011111111101111111111110, sa_flags=SA_RESTART|SA_SIGINFO
SIGILL: [libjvm.so+0xebbd40], sa_mask[0]=11111111011111111101111111111110, sa_flags=SA_RESTART|SA_SIGINFO
SIGUSR2: [libjvm.so+0xbfdee0], sa_mask[0]=00000000000000000000000000000000, sa_flags=SA_RESTART|SA_SIGINFO
SIGHUP: [libjvm.so+0xbfe6a0], sa_mask[0]=11111111011111111101111111111110, sa_flags=SA_RESTART|SA_SIGINFO
SIGINT: [libjvm.so+0xbfe6a0], sa_mask[0]=11111111011111111101111111111110, sa_flags=SA_RESTART|SA_SIGINFO
SIGTERM: [libjvm.so+0xbfe6a0], sa_mask[0]=11111111011111111101111111111110, sa_flags=SA_RESTART|SA_SIGINFO
SIGQUIT: [libjvm.so+0xbfe6a0], sa_mask[0]=11111111011111111101111111111110, sa_flags=SA_RESTART|SA_SIGINFO


---------------  S Y S T E M  ---------------

OS:DISTRIB_ID=Ubuntu
DISTRIB_RELEASE=22.04
DISTRIB_CODENAME=jammy
DISTRIB_DESCRIPTION="Ubuntu 22.04.5 LTS"
uname:Linux 5.15.167.4-microsoft-standard-WSL2 #1 SMP Tue Nov 5 00:21:55 UTC 2024 x86_64
OS uptime: 0 days 5:15 hours
libc:glibc 2.35 NPTL 2.35 
rlimit (soft/hard): STACK 8192k/infinity , CORE 0k/infinity , NPROC 63270/63270 , NOFILE 1048576/1048576 , AS infinity/infinity , CPU infinity/infinity , DATA infinity/infinity , FSIZE infinity/infinity , MEMLOCK 65536k/65536k
load average:0.42 0.49 0.50

/proc/meminfo:
MemTotal:       16204140 kB
MemFree:        11949288 kB
MemAvailable:   13055984 kB
Buffers:           22544 kB
Cached:          1340424 kB
SwapCached:            0 kB
Active:           287720 kB
Inactive:        3515916 kB
Active(anon):       2608 kB
Inactive(anon):  2480188 kB
Active(file):     285112 kB
Inactive(file):  1035728 kB
Unevictable:           0 kB
Mlocked:               0 kB
SwapTotal:       4194304 kB
SwapFree:        4194304 kB
Dirty:                48 kB
Writeback:             0 kB
AnonPages:       2342204 kB
Mapped:          1087436 kB
Shmem:             41804 kB
KReclaimable:      67188 kB
Slab:             156496 kB
SReclaimable:      67188 kB
SUnreclaim:        89308 kB
KernelStack:       10240 kB
PageTables:        17340 kB
NFS_Unstable:          0 kB
Bounce:                0 kB
WritebackTmp:          0 kB
CommitLimit:    12296372 kB
Committed_AS:    4781344 kB
VmallocTotal:   34359738367 kB
VmallocUsed:       33488 kB
VmallocChunk:          0 kB
Percpu:            15264 kB
AnonHugePages:   1738752 kB
ShmemHugePages:        0 kB
ShmemPmdMapped:        0 kB
FileHugePages:         0 kB
FilePmdMapped:         0 kB
HugePages_Total:       0
HugePages_Free:        0
HugePages_Rsvd:        0
HugePages_Surp:        0
Hugepagesize:       2048 kB
Hugetlb:               0 kB
DirectMap4k:      134144 kB
DirectMap2M:     9125888 kB
DirectMap1G:    15728640 kB

/sys/kernel/mm/transparent_hugepage/enabled:
[always] madvise never
/sys/kernel/mm/transparent_hugepage/defrag (defrag/compaction efforts parameter):
always defer defer+madvise [madvise] never

Process Memory:
Virtual Size: 7615792K (peak: 15578236K)
Resident Set Size: 151720K (peak: 151720K) (anon: 95320K, file: 56400K, shmem: 0K)
Swapped out: 0K
C-Heap outstanding allocations: 71512K, retained: 6799K
glibc malloc tunables: (default)

/proc/sys/kernel/threads-max (system-wide limit on the number of threads):
126540
/proc/sys/vm/max_map_count (maximum number of memory map areas a process may have):
65530
/proc/sys/kernel/pid_max (system-wide limit on number of process identifiers):
4194304

container (cgroup) information:
container_type: cgroupv1
cpu_cpuset_cpus: 0-19
cpu_memory_nodes: 0
active_processor_count: 20
cpu_quota: no quota
cpu_period: 100000
cpu_shares: no shares
memory_limit_in_bytes: unlimited
memory_and_swap_limit_in_bytes: unlimited
memory_soft_limit_in_bytes: unlimited
memory_usage_in_bytes: 3705644 k
memory_max_usage_in_bytes: 4034652 k
kernel_memory_limit_in_bytes: unlimited
kernel_memory_usage_in_bytes: 62472 k
kernel_memory_max_usage_in_bytes: 77900 k
maximum number of tasks: not supported
current number of tasks: not supported

Hyper-V virtualization detected
Steal ticks since vm start: 0
Steal ticks percentage since vm start:  0.000

CPU:total 20 (initial active 20) (16 cores per cpu, 2 threads per core) family 6 model 186 stepping 2 microcode 0xffffffff, cmov, cx8, fxsr, mmx, sse, sse2, sse3, ssse3, sse4.1, sse4.2, popcnt, avx, avx2, aes, clmul, erms, 3dnowpref, lzcnt, ht, tsc, tscinvbit, bmi1, bmi2, adx, sha, fma
CPU Model and flags from /proc/cpuinfo:
model name	: 13th Gen Intel(R) Core(TM) i9-13900H
flags		: fpu vme de pse tsc msr pae mce cx8 apic sep mtrr pge mca cmov pat pse36 clflush mmx fxsr sse sse2 ss ht syscall nx pdpe1gb rdtscp lm constant_tsc rep_good nopl xtopology tsc_reliable nonstop_tsc cpuid pni pclmulqdq vmx ssse3 fma cx16 pcid sse4_1 sse4_2 x2apic movbe popcnt tsc_deadline_timer aes xsave avx f16c rdrand hypervisor lahf_lm abm 3dnowprefetch invpcid_single ssbd ibrs ibpb stibp ibrs_enhanced tpr_shadow vnmi ept vpid ept_ad fsgsbase tsc_adjust bmi1 avx2 smep bmi2 erms invpcid rdseed adx smap clflushopt clwb sha_ni xsaveopt xsavec xgetbv1 xsaves avx_vnni umip waitpkg gfni vaes vpclmulqdq rdpid movdiri movdir64b fsrm md_clear serialize flush_l1d arch_capabilities
Online cpus:
0-19
Offline cpus:

BIOS frequency limitation:
<Not Available>
Frequency switch latency (ns):
<Not Available>
Available cpu frequencies:
<Not Available>
Current governor:
<Not Available>
Core performance/turbo boost:
<Not Available>

Memory: 4k page, physical 16204140k(11949288k free), swap 4194304k(4194304k free)

vm_info: OpenJDK 64-Bit Server VM (11.0.27+6-post-Ubuntu-0ubuntu122.04) for linux-amd64 JRE (11.0.27+6-post-Ubuntu-0ubuntu122.04), built on Apr 21 2025 05:59:45 by "unknown" with gcc 11.4.0

END.
