#
# A fatal error has been detected by the Java Runtime Environment:
#
#  SIGSEGV (0xb) at pc=0x00007d116e024ec0, pid=11621, tid=11622
#
# JRE version: OpenJDK Runtime Environment (11.0.27+6) (build 11.0.27+6-post-Ubuntu-0ubuntu122.04)
# Java VM: OpenJDK 64-Bit Server VM (11.0.27+6-post-Ubuntu-0ubuntu122.04, mixed mode, sharing, tiered, compressed oops, g1 gc, linux-amd64)
# Problematic frame:
# C  [libLLVM-13.so+0xc24ec0]  LLVMConstIntGetSExtValue+0x20
#
# Core dump will be written. Default location: Core dumps may be processed with "/wsl-capture-crash %t %E %p %s" (or dumping to /home/crz/compilers/Lab/core.11621)
#
# If you would like to submit a bug report, please visit:
#   https://bugs.launchpad.net/ubuntu/+source/openjdk-lts
# The crash happened outside the Java Virtual Machine in native code.
# See problematic frame for where to report the bug.
#

---------------  S U M M A R Y ------------

Command Line: Main tests/develop_test/01backpack.sysy tests/develop_test/01backpack.ll

Host: 13th Gen Intel(R) Core(TM) i9-13900H, 20 cores, 15G, Ubuntu 22.04.5 LTS
Time: Sat Jul 12 12:37:57 2025 CST elapsed time: 0.274828 seconds (0d 0h 0m 0s)

---------------  T H R E A D  ---------------

Current thread (0x00007d11ec015000):  JavaThread "main" [_thread_in_native, id=11622, stack(0x00007d11f0b00000,0x00007d11f0c00000)]

Stack: [0x00007d11f0b00000,0x00007d11f0c00000],  sp=0x00007d11f0bfe628,  free space=1017k
Native frames: (J=compiled Java code, A=aot compiled Java code, j=interpreted, Vv=VM code, C=native code)
C  [libLLVM-13.so+0xc24ec0]  LLVMConstIntGetSExtValue+0x20
j  LLVMIRToRiscv.emitGlobalVariables()V+50
j  LLVMIRToRiscv.to_riscv()V+1
j  Main.main([Ljava/lang/String;)V+316
v  ~StubRoutines::call_stub
V  [libjvm.so+0x878c93]  JavaCalls::call_helper(JavaValue*, methodHandle const&, JavaCallArguments*, Thread*)+0x373
V  [libjvm.so+0x902a21]  jni_invoke_static(JNIEnv_*, JavaValue*, _jobject*, JNICallType, _jmethodID*, JNI_ArgumentPusher*, Thread*) [clone .constprop.1]+0x341
V  [libjvm.so+0x905e68]  jni_CallStaticVoidMethod+0x168
C  [libjli.so+0x59f1]  JavaMain+0xd71
C  [libjli.so+0x99bd]  ThreadJavaMain+0xd

Java frames: (J=compiled Java code, j=interpreted, Vv=VM code)
j  org.bytedeco.llvm.global.LLVM.LLVMConstIntGetSExtValue(Lorg/bytedeco/llvm/LLVM/LLVMValueRef;)J+0
j  LLVMIRToRiscv.emitGlobalVariables()V+50
j  LLVMIRToRiscv.to_riscv()V+1
j  Main.main([Ljava/lang/String;)V+316
v  ~StubRoutines::call_stub

siginfo: si_signo: 11 (SIGSEGV), si_code: 1 (SEGV_MAPERR), si_addr: 0x0000000000000035

Register to memory mapping:

RAX=0x0000000000000035 is an unknown value
RBX={method} {0x00007d11bf11baf0} 'LLVMConstIntGetSExtValue' '(Lorg/bytedeco/llvm/LLVM/LLVMValueRef;)J' in 'org/bytedeco/llvm/global/LLVM'
RCX=0x0000000000000050 is an unknown value
RDX=0x0000000041544890 is an unknown value
RSP=0x00007d11f0bfe628 is pointing into the stack for thread: 0x00007d11ec015000
RBP=0x00007d11f0bfe688 is pointing into the stack for thread: 0x00007d11ec015000
RSI=0x00007d11f0bfe6a8 is pointing into the stack for thread: 0x00007d11ec015000
RDI=0x00007d11ec4927f0 points into unknown readable memory: 0x00007d11ec48c260 | 60 c2 48 ec 11 7d 00 00
R8 =0x00007d11ec015350 points into unknown readable memory: 0x00007d11f1e54b60 | 60 4b e5 f1 11 7d 00 00
R9 =0x00000007179fb178 is an oop: org.bytedeco.llvm.LLVM.LLVMValueRef 
{0x00000007179fb178} - klass: 'org/bytedeco/llvm/LLVM/LLVMValueRef'
 - ---- fields (total size 6 words):
 - private 'deallocator' 'Lorg/bytedeco/javacpp/Pointer$Deallocator;' @12  NULL (0)
 - protected 'address' 'J' @16  137515932133360 (ec4927f0 7d11)
 - protected 'position' 'J' @24  0 (0 0)
 - protected 'limit' 'J' @32  0 (0 0)
 - protected 'capacity' 'J' @40  0 (0 0)
R10=0x000000000000000c is an unknown value
R11=0x00007d11f1eb8ba4: <offset 0x00000000012b8ba4> in /usr/lib/jvm/java-11-openjdk-amd64/lib/server/libjvm.so at 0x00007d11f0c00000
R12=0x0 is NULL
R13={method} {0x00007d11bf11baf0} 'LLVMConstIntGetSExtValue' '(Lorg/bytedeco/llvm/LLVM/LLVMValueRef;)J' in 'org/bytedeco/llvm/global/LLVM'
R14=0x00007d11f0bfe6a8 is pointing into the stack for thread: 0x00007d11ec015000
R15=0x00007d11ec015000 is a thread


Registers:
RAX=0x0000000000000035, RBX=0x00007d11bf11baf0, RCX=0x0000000000000050, RDX=0x0000000041544890
RSP=0x00007d11f0bfe628, RBP=0x00007d11f0bfe688, RSI=0x00007d11f0bfe6a8, RDI=0x00007d11ec4927f0
R8 =0x00007d11ec015350, R9 =0x00000007179fb178, R10=0x000000000000000c, R11=0x00007d11f1eb8ba4
R12=0x0000000000000000, R13=0x00007d11bf11baf0, R14=0x00007d11f0bfe6a8, R15=0x00007d11ec015000
RIP=0x00007d116e024ec0, EFLAGS=0x0000000000010206, CSGSFS=0x002b000000000033, ERR=0x0000000000000004
  TRAPNO=0x000000000000000e

Top of Stack: (sp=0x00007d11f0bfe628)
0x00007d11f0bfe628:   00007d11d460fa30 00007d11d460a273
0x00007d11f0bfe638:   00000000000000b8 00007d11f0bfe640
0x00007d11f0bfe648:   0000000000000000 00007d11f0bfe6a8
0x00007d11f0bfe658:   00007d11bf1665a0 0000000000000000 

Instructions: (pc=0x00007d116e024ec0)
0x00007d116e024dc0:   48 8b 7c 24 10 48 85 ff 74 0f 48 89 44 24 08 e8
0x00007d116e024dd0:   bc 18 d0 ff 48 8b 44 24 08 48 83 c4 28 5b 5d c3
0x00007d116e024de0:   41 55 44 0f b6 ea 31 d2 41 54 49 89 fc 55 48 89
0x00007d116e024df0:   f5 48 85 f6 74 0b 48 89 f7 e8 e2 18 d0 ff 48 89
0x00007d116e024e00:   c2 44 89 e9 48 89 ee 4c 89 e7 5d 41 5c 41 5d e9
0x00007d116e024e10:   6c ba fe ff 66 2e 0f 1f 84 00 00 00 00 00 66 90
0x00007d116e024e20:   89 d2 0f b6 c9 e9 56 ba fe ff 66 0f 1f 44 00 00
0x00007d116e024e30:   e9 4b 80 ff ff 66 2e 0f 1f 84 00 00 00 00 00 90
0x00007d116e024e40:   41 54 31 d2 49 89 fc 55 48 89 f5 48 83 ec 08 48
0x00007d116e024e50:   85 f6 74 0b 48 89 f7 e8 84 18 d0 ff 48 89 c2 48
0x00007d116e024e60:   83 c4 08 48 89 ee 4c 89 e7 5d 41 5c e9 7f 7e ff
0x00007d116e024e70:   ff 66 2e 0f 1f 84 00 00 00 00 00 0f 1f 44 00 00
0x00007d116e024e80:   89 d2 e9 69 7e ff ff 66 0f 1f 84 00 00 00 00 00
0x00007d116e024e90:   83 7f 20 40 48 8b 47 18 76 03 48 8b 00 c3 66 90
0x00007d116e024ea0:   8b 57 20 48 8b 47 18 83 fa 40 77 14 b9 40 00 00
0x00007d116e024eb0:   00 29 d1 48 d3 e0 48 d3 f8 c3 66 0f 1f 44 00 00
0x00007d116e024ec0:   48 8b 00 c3 66 2e 0f 1f 84 00 00 00 00 00 66 90
0x00007d116e024ed0:   41 56 41 55 41 54 55 48 89 f5 53 48 83 ec 40 48
0x00007d116e024ee0:   8b 07 80 78 08 03 77 20 c7 06 00 00 00 00 48 83
0x00007d116e024ef0:   c7 18 e8 09 fc e4 ff 48 83 c4 40 5b 5d 41 5c 41
0x00007d116e024f00:   5d 41 5e c3 0f 1f 40 00 48 89 7c 24 08 4c 8d 74
0x00007d116e024f10:   24 28 e8 d9 3a e4 ff 48 8b 7c 24 08 49 89 c4 48
0x00007d116e024f20:   39 47 20 48 8d 77 20 4c 89 f7 0f 84 c8 00 00 00
0x00007d116e024f30:   e8 fb 45 e4 ff e8 76 3a e4 ff 4c 8d 6c 24 20 48
0x00007d116e024f40:   8d 4c 24 1f ba 01 00 00 00 4c 89 ef 48 89 c6 e8
0x00007d116e024f50:   1c f7 e4 ff 0f b6 44 24 1f 4c 89 ef 89 45 00 e8
0x00007d116e024f60:   9c fb e4 ff 4c 39 64 24 28 74 1d 4c 89 f7 f2 0f
0x00007d116e024f70:   11 44 24 08 e8 97 46 e4 ff f2 0f 10 44 24 08 e9
0x00007d116e024f80:   73 ff ff ff 0f 1f 40 00 48 8b 6c 24 30 48 85 ed
0x00007d116e024f90:   0f 84 61 ff ff ff 48 8b 75 f8 48 c1 e6 05 48 8d
0x00007d116e024fa0:   5c 35 00 48 39 dd 74 2e 0f 1f 84 00 00 00 00 00
0x00007d116e024fb0:   48 83 eb 20 f2 0f 11 44 24 08 48 8d 7b 08 e8 1d 


Stack slot to memory mapping:
stack at sp + 0 slots: 0x00007d11d460fa30 is at code_begin+944 in an Interpreter codelet
method entry point (kind = native)  [0x00007d11d460f680, 0x00007d11d4610000]  2432 bytes
stack at sp + 1 slots: 0x00007d11d460a273 is at code_begin+2355 in an Interpreter codelet
invoke return entry points  [0x00007d11d4609940, 0x00007d11d460a360]  2592 bytes
stack at sp + 2 slots: 0x00000000000000b8 is an unknown value
stack at sp + 3 slots: 0x00007d11f0bfe640 is pointing into the stack for thread: 0x00007d11ec015000
stack at sp + 4 slots: 0x0 is NULL
stack at sp + 5 slots: 0x00007d11f0bfe6a8 is pointing into the stack for thread: 0x00007d11ec015000
stack at sp + 6 slots: 0x00007d11bf1665a0 is pointing into metadata
stack at sp + 7 slots: 0x0 is NULL


---------------  P R O C E S S  ---------------

Threads class SMR info:
_java_thread_list=0x00007d119416c8a0, length=14, elements={
0x00007d11ec015000, 0x00007d11ec1ec000, 0x00007d11ec1ee000, 0x00007d11ec1f3800,
0x00007d11ec1f5800, 0x00007d11ec1f8000, 0x00007d11ec1fa000, 0x00007d11ec1fc000,
0x00007d1198064000, 0x00007d11ec22f000, 0x00007d11981b0000, 0x00007d11901e7800,
0x00007d11ec3f3000, 0x00007d1194209800
}

Java Threads: ( => current thread )
=>0x00007d11ec015000 JavaThread "main" [_thread_in_native, id=11622, stack(0x00007d11f0b00000,0x00007d11f0c00000)]
  0x00007d11ec1ec000 JavaThread "Reference Handler" daemon [_thread_blocked, id=11629, stack(0x00007d11be9f3000,0x00007d11beaf3000)]
  0x00007d11ec1ee000 JavaThread "Finalizer" daemon [_thread_blocked, id=11630, stack(0x00007d11be8f3000,0x00007d11be9f3000)]
  0x00007d11ec1f3800 JavaThread "Signal Dispatcher" daemon [_thread_blocked, id=11631, stack(0x00007d11be7f3000,0x00007d11be8f3000)]
  0x00007d11ec1f5800 JavaThread "Service Thread" daemon [_thread_blocked, id=11632, stack(0x00007d11be100000,0x00007d11be200000)]
  0x00007d11ec1f8000 JavaThread "C2 CompilerThread0" daemon [_thread_blocked, id=11633, stack(0x00007d11be000000,0x00007d11be100000)]
  0x00007d11ec1fa000 JavaThread "C1 CompilerThread0" daemon [_thread_blocked, id=11634, stack(0x00007d11bdf00000,0x00007d11be000000)]
  0x00007d11ec1fc000 JavaThread "Sweeper thread" daemon [_thread_blocked, id=11635, stack(0x00007d11bde00000,0x00007d11bdf00000)]
  0x00007d1198064000 JavaThread "C1 CompilerThread1" daemon [_thread_blocked, id=11636, stack(0x00007d11bdd00000,0x00007d11bde00000)]
  0x00007d11ec22f000 JavaThread "Common-Cleaner" daemon [_thread_blocked, id=11638, stack(0x00007d11bdaff000,0x00007d11bdbff000)]
  0x00007d11981b0000 JavaThread "C1 CompilerThread2" daemon [_thread_blocked, id=11639, stack(0x00007d11bd9ff000,0x00007d11bdaff000)]
  0x00007d11901e7800 JavaThread "C1 CompilerThread3" daemon [_thread_blocked, id=11640, stack(0x00007d11bd8ff000,0x00007d11bd9ff000)]
  0x00007d11ec3f3000 JavaThread "JavaCPP Deallocator" daemon [_thread_blocked, id=11641, stack(0x00007d11bd7ff000,0x00007d11bd8ff000)]
  0x00007d1194209800 JavaThread "C2 CompilerThread1" daemon [_thread_blocked, id=11642, stack(0x00007d11bd6ff000,0x00007d11bd7ff000)]

Other Threads:
  0x00007d11ec1e9000 VMThread "VM Thread" [stack: 0x00007d11beaf4000,0x00007d11bebf4000] [id=11628]
  0x00007d11ec22c800 WatcherThread [stack: 0x00007d11bdc00000,0x00007d11bdd00000] [id=11637]
  0x00007d11ec02f800 GCTaskThread "GC Thread#0" [stack: 0x00007d11f052e000,0x00007d11f062e000] [id=11623]
  0x00007d11ec08d800 ConcurrentGCThread "G1 Main Marker" [stack: 0x00007d11c6637000,0x00007d11c6737000] [id=11624]
  0x00007d11ec08f800 ConcurrentGCThread "G1 Conc#0" [stack: 0x00007d11c6536000,0x00007d11c6636000] [id=11625]
  0x00007d11ec1aa800 ConcurrentGCThread "G1 Refine#0" [stack: 0x00007d11bf4f6000,0x00007d11bf5f6000] [id=11626]
  0x00007d11ec1ac800 ConcurrentGCThread "G1 Young RemSet Sampling" [stack: 0x00007d11bf3f5000,0x00007d11bf4f5000] [id=11627]

Threads with active compile tasks:

VM state:not at safepoint (normal execution)

VM Mutex/Monitor currently owned by a thread: None

Heap address: 0x0000000708c00000, size: 3956 MB, Compressed Oops mode: Zero based, Oop shift amount: 3
Narrow klass base: 0x0000000800000000, Narrow klass shift: 3
Compressed class space size: 1073741824 Address: 0x0000000840000000

Heap:
 garbage-first heap   total 256000K, used 9936K [0x0000000708c00000, 0x0000000800000000)
  region size 1024K, 11 young (11264K), 0 survivors (0K)
 Metaspace       used 3999K, capacity 6779K, committed 6912K, reserved 1056768K
  class space    used 416K, capacity 707K, committed 768K, reserved 1048576K
Heap Regions: E=young(eden), S=young(survivor), O=old, HS=humongous(starts), HC=humongous(continues), CS=collection set, F=free, A=archive, TAMS=top-at-mark-start (previous, next)
|   0|0x0000000708c00000, 0x0000000708c00000, 0x0000000708d00000|  0%| F|  |TAMS 0x0000000708c00000, 0x0000000708c00000| Untracked 
|   1|0x0000000708d00000, 0x0000000708d00000, 0x0000000708e00000|  0%| F|  |TAMS 0x0000000708d00000, 0x0000000708d00000| Untracked 
|   2|0x0000000708e00000, 0x0000000708e00000, 0x0000000708f00000|  0%| F|  |TAMS 0x0000000708e00000, 0x0000000708e00000| Untracked 
|   3|0x0000000708f00000, 0x0000000708f00000, 0x0000000709000000|  0%| F|  |TAMS 0x0000000708f00000, 0x0000000708f00000| Untracked 
|   4|0x0000000709000000, 0x0000000709000000, 0x0000000709100000|  0%| F|  |TAMS 0x0000000709000000, 0x0000000709000000| Untracked 
|   5|0x0000000709100000, 0x0000000709100000, 0x0000000709200000|  0%| F|  |TAMS 0x0000000709100000, 0x0000000709100000| Untracked 
|   6|0x0000000709200000, 0x0000000709200000, 0x0000000709300000|  0%| F|  |TAMS 0x0000000709200000, 0x0000000709200000| Untracked 
|   7|0x0000000709300000, 0x0000000709300000, 0x0000000709400000|  0%| F|  |TAMS 0x0000000709300000, 0x0000000709300000| Untracked 
|   8|0x0000000709400000, 0x0000000709400000, 0x0000000709500000|  0%| F|  |TAMS 0x0000000709400000, 0x0000000709400000| Untracked 
|   9|0x0000000709500000, 0x0000000709500000, 0x0000000709600000|  0%| F|  |TAMS 0x0000000709500000, 0x0000000709500000| Untracked 
|  10|0x0000000709600000, 0x0000000709600000, 0x0000000709700000|  0%| F|  |TAMS 0x0000000709600000, 0x0000000709600000| Untracked 
|  11|0x0000000709700000, 0x0000000709700000, 0x0000000709800000|  0%| F|  |TAMS 0x0000000709700000, 0x0000000709700000| Untracked 
|  12|0x0000000709800000, 0x0000000709800000, 0x0000000709900000|  0%| F|  |TAMS 0x0000000709800000, 0x0000000709800000| Untracked 
|  13|0x0000000709900000, 0x0000000709900000, 0x0000000709a00000|  0%| F|  |TAMS 0x0000000709900000, 0x0000000709900000| Untracked 
|  14|0x0000000709a00000, 0x0000000709a00000, 0x0000000709b00000|  0%| F|  |TAMS 0x0000000709a00000, 0x0000000709a00000| Untracked 
|  15|0x0000000709b00000, 0x0000000709b00000, 0x0000000709c00000|  0%| F|  |TAMS 0x0000000709b00000, 0x0000000709b00000| Untracked 
|  16|0x0000000709c00000, 0x0000000709c00000, 0x0000000709d00000|  0%| F|  |TAMS 0x0000000709c00000, 0x0000000709c00000| Untracked 
|  17|0x0000000709d00000, 0x0000000709d00000, 0x0000000709e00000|  0%| F|  |TAMS 0x0000000709d00000, 0x0000000709d00000| Untracked 
|  18|0x0000000709e00000, 0x0000000709e00000, 0x0000000709f00000|  0%| F|  |TAMS 0x0000000709e00000, 0x0000000709e00000| Untracked 
|  19|0x0000000709f00000, 0x0000000709f00000, 0x000000070a000000|  0%| F|  |TAMS 0x0000000709f00000, 0x0000000709f00000| Untracked 
|  20|0x000000070a000000, 0x000000070a000000, 0x000000070a100000|  0%| F|  |TAMS 0x000000070a000000, 0x000000070a000000| Untracked 
|  21|0x000000070a100000, 0x000000070a100000, 0x000000070a200000|  0%| F|  |TAMS 0x000000070a100000, 0x000000070a100000| Untracked 
|  22|0x000000070a200000, 0x000000070a200000, 0x000000070a300000|  0%| F|  |TAMS 0x000000070a200000, 0x000000070a200000| Untracked 
|  23|0x000000070a300000, 0x000000070a300000, 0x000000070a400000|  0%| F|  |TAMS 0x000000070a300000, 0x000000070a300000| Untracked 
|  24|0x000000070a400000, 0x000000070a400000, 0x000000070a500000|  0%| F|  |TAMS 0x000000070a400000, 0x000000070a400000| Untracked 
|  25|0x000000070a500000, 0x000000070a500000, 0x000000070a600000|  0%| F|  |TAMS 0x000000070a500000, 0x000000070a500000| Untracked 
|  26|0x000000070a600000, 0x000000070a600000, 0x000000070a700000|  0%| F|  |TAMS 0x000000070a600000, 0x000000070a600000| Untracked 
|  27|0x000000070a700000, 0x000000070a700000, 0x000000070a800000|  0%| F|  |TAMS 0x000000070a700000, 0x000000070a700000| Untracked 
|  28|0x000000070a800000, 0x000000070a800000, 0x000000070a900000|  0%| F|  |TAMS 0x000000070a800000, 0x000000070a800000| Untracked 
|  29|0x000000070a900000, 0x000000070a900000, 0x000000070aa00000|  0%| F|  |TAMS 0x000000070a900000, 0x000000070a900000| Untracked 
|  30|0x000000070aa00000, 0x000000070aa00000, 0x000000070ab00000|  0%| F|  |TAMS 0x000000070aa00000, 0x000000070aa00000| Untracked 
|  31|0x000000070ab00000, 0x000000070ab00000, 0x000000070ac00000|  0%| F|  |TAMS 0x000000070ab00000, 0x000000070ab00000| Untracked 
|  32|0x000000070ac00000, 0x000000070ac00000, 0x000000070ad00000|  0%| F|  |TAMS 0x000000070ac00000, 0x000000070ac00000| Untracked 
|  33|0x000000070ad00000, 0x000000070ad00000, 0x000000070ae00000|  0%| F|  |TAMS 0x000000070ad00000, 0x000000070ad00000| Untracked 
|  34|0x000000070ae00000, 0x000000070ae00000, 0x000000070af00000|  0%| F|  |TAMS 0x000000070ae00000, 0x000000070ae00000| Untracked 
|  35|0x000000070af00000, 0x000000070af00000, 0x000000070b000000|  0%| F|  |TAMS 0x000000070af00000, 0x000000070af00000| Untracked 
|  36|0x000000070b000000, 0x000000070b000000, 0x000000070b100000|  0%| F|  |TAMS 0x000000070b000000, 0x000000070b000000| Untracked 
|  37|0x000000070b100000, 0x000000070b100000, 0x000000070b200000|  0%| F|  |TAMS 0x000000070b100000, 0x000000070b100000| Untracked 
|  38|0x000000070b200000, 0x000000070b200000, 0x000000070b300000|  0%| F|  |TAMS 0x000000070b200000, 0x000000070b200000| Untracked 
|  39|0x000000070b300000, 0x000000070b300000, 0x000000070b400000|  0%| F|  |TAMS 0x000000070b300000, 0x000000070b300000| Untracked 
|  40|0x000000070b400000, 0x000000070b400000, 0x000000070b500000|  0%| F|  |TAMS 0x000000070b400000, 0x000000070b400000| Untracked 
|  41|0x000000070b500000, 0x000000070b500000, 0x000000070b600000|  0%| F|  |TAMS 0x000000070b500000, 0x000000070b500000| Untracked 
|  42|0x000000070b600000, 0x000000070b600000, 0x000000070b700000|  0%| F|  |TAMS 0x000000070b600000, 0x000000070b600000| Untracked 
|  43|0x000000070b700000, 0x000000070b700000, 0x000000070b800000|  0%| F|  |TAMS 0x000000070b700000, 0x000000070b700000| Untracked 
|  44|0x000000070b800000, 0x000000070b800000, 0x000000070b900000|  0%| F|  |TAMS 0x000000070b800000, 0x000000070b800000| Untracked 
|  45|0x000000070b900000, 0x000000070b900000, 0x000000070ba00000|  0%| F|  |TAMS 0x000000070b900000, 0x000000070b900000| Untracked 
|  46|0x000000070ba00000, 0x000000070ba00000, 0x000000070bb00000|  0%| F|  |TAMS 0x000000070ba00000, 0x000000070ba00000| Untracked 
|  47|0x000000070bb00000, 0x000000070bb00000, 0x000000070bc00000|  0%| F|  |TAMS 0x000000070bb00000, 0x000000070bb00000| Untracked 
|  48|0x000000070bc00000, 0x000000070bc00000, 0x000000070bd00000|  0%| F|  |TAMS 0x000000070bc00000, 0x000000070bc00000| Untracked 
|  49|0x000000070bd00000, 0x000000070bd00000, 0x000000070be00000|  0%| F|  |TAMS 0x000000070bd00000, 0x000000070bd00000| Untracked 
|  50|0x000000070be00000, 0x000000070be00000, 0x000000070bf00000|  0%| F|  |TAMS 0x000000070be00000, 0x000000070be00000| Untracked 
|  51|0x000000070bf00000, 0x000000070bf00000, 0x000000070c000000|  0%| F|  |TAMS 0x000000070bf00000, 0x000000070bf00000| Untracked 
|  52|0x000000070c000000, 0x000000070c000000, 0x000000070c100000|  0%| F|  |TAMS 0x000000070c000000, 0x000000070c000000| Untracked 
|  53|0x000000070c100000, 0x000000070c100000, 0x000000070c200000|  0%| F|  |TAMS 0x000000070c100000, 0x000000070c100000| Untracked 
|  54|0x000000070c200000, 0x000000070c200000, 0x000000070c300000|  0%| F|  |TAMS 0x000000070c200000, 0x000000070c200000| Untracked 
|  55|0x000000070c300000, 0x000000070c300000, 0x000000070c400000|  0%| F|  |TAMS 0x000000070c300000, 0x000000070c300000| Untracked 
|  56|0x000000070c400000, 0x000000070c400000, 0x000000070c500000|  0%| F|  |TAMS 0x000000070c400000, 0x000000070c400000| Untracked 
|  57|0x000000070c500000, 0x000000070c500000, 0x000000070c600000|  0%| F|  |TAMS 0x000000070c500000, 0x000000070c500000| Untracked 
|  58|0x000000070c600000, 0x000000070c600000, 0x000000070c700000|  0%| F|  |TAMS 0x000000070c600000, 0x000000070c600000| Untracked 
|  59|0x000000070c700000, 0x000000070c700000, 0x000000070c800000|  0%| F|  |TAMS 0x000000070c700000, 0x000000070c700000| Untracked 
|  60|0x000000070c800000, 0x000000070c800000, 0x000000070c900000|  0%| F|  |TAMS 0x000000070c800000, 0x000000070c800000| Untracked 
|  61|0x000000070c900000, 0x000000070c900000, 0x000000070ca00000|  0%| F|  |TAMS 0x000000070c900000, 0x000000070c900000| Untracked 
|  62|0x000000070ca00000, 0x000000070ca00000, 0x000000070cb00000|  0%| F|  |TAMS 0x000000070ca00000, 0x000000070ca00000| Untracked 
|  63|0x000000070cb00000, 0x000000070cb00000, 0x000000070cc00000|  0%| F|  |TAMS 0x000000070cb00000, 0x000000070cb00000| Untracked 
|  64|0x000000070cc00000, 0x000000070cc00000, 0x000000070cd00000|  0%| F|  |TAMS 0x000000070cc00000, 0x000000070cc00000| Untracked 
|  65|0x000000070cd00000, 0x000000070cd00000, 0x000000070ce00000|  0%| F|  |TAMS 0x000000070cd00000, 0x000000070cd00000| Untracked 
|  66|0x000000070ce00000, 0x000000070ce00000, 0x000000070cf00000|  0%| F|  |TAMS 0x000000070ce00000, 0x000000070ce00000| Untracked 
|  67|0x000000070cf00000, 0x000000070cf00000, 0x000000070d000000|  0%| F|  |TAMS 0x000000070cf00000, 0x000000070cf00000| Untracked 
|  68|0x000000070d000000, 0x000000070d000000, 0x000000070d100000|  0%| F|  |TAMS 0x000000070d000000, 0x000000070d000000| Untracked 
|  69|0x000000070d100000, 0x000000070d100000, 0x000000070d200000|  0%| F|  |TAMS 0x000000070d100000, 0x000000070d100000| Untracked 
|  70|0x000000070d200000, 0x000000070d200000, 0x000000070d300000|  0%| F|  |TAMS 0x000000070d200000, 0x000000070d200000| Untracked 
|  71|0x000000070d300000, 0x000000070d300000, 0x000000070d400000|  0%| F|  |TAMS 0x000000070d300000, 0x000000070d300000| Untracked 
|  72|0x000000070d400000, 0x000000070d400000, 0x000000070d500000|  0%| F|  |TAMS 0x000000070d400000, 0x000000070d400000| Untracked 
|  73|0x000000070d500000, 0x000000070d500000, 0x000000070d600000|  0%| F|  |TAMS 0x000000070d500000, 0x000000070d500000| Untracked 
|  74|0x000000070d600000, 0x000000070d600000, 0x000000070d700000|  0%| F|  |TAMS 0x000000070d600000, 0x000000070d600000| Untracked 
|  75|0x000000070d700000, 0x000000070d700000, 0x000000070d800000|  0%| F|  |TAMS 0x000000070d700000, 0x000000070d700000| Untracked 
|  76|0x000000070d800000, 0x000000070d800000, 0x000000070d900000|  0%| F|  |TAMS 0x000000070d800000, 0x000000070d800000| Untracked 
|  77|0x000000070d900000, 0x000000070d900000, 0x000000070da00000|  0%| F|  |TAMS 0x000000070d900000, 0x000000070d900000| Untracked 
|  78|0x000000070da00000, 0x000000070da00000, 0x000000070db00000|  0%| F|  |TAMS 0x000000070da00000, 0x000000070da00000| Untracked 
|  79|0x000000070db00000, 0x000000070db00000, 0x000000070dc00000|  0%| F|  |TAMS 0x000000070db00000, 0x000000070db00000| Untracked 
|  80|0x000000070dc00000, 0x000000070dc00000, 0x000000070dd00000|  0%| F|  |TAMS 0x000000070dc00000, 0x000000070dc00000| Untracked 
|  81|0x000000070dd00000, 0x000000070dd00000, 0x000000070de00000|  0%| F|  |TAMS 0x000000070dd00000, 0x000000070dd00000| Untracked 
|  82|0x000000070de00000, 0x000000070de00000, 0x000000070df00000|  0%| F|  |TAMS 0x000000070de00000, 0x000000070de00000| Untracked 
|  83|0x000000070df00000, 0x000000070df00000, 0x000000070e000000|  0%| F|  |TAMS 0x000000070df00000, 0x000000070df00000| Untracked 
|  84|0x000000070e000000, 0x000000070e000000, 0x000000070e100000|  0%| F|  |TAMS 0x000000070e000000, 0x000000070e000000| Untracked 
|  85|0x000000070e100000, 0x000000070e100000, 0x000000070e200000|  0%| F|  |TAMS 0x000000070e100000, 0x000000070e100000| Untracked 
|  86|0x000000070e200000, 0x000000070e200000, 0x000000070e300000|  0%| F|  |TAMS 0x000000070e200000, 0x000000070e200000| Untracked 
|  87|0x000000070e300000, 0x000000070e300000, 0x000000070e400000|  0%| F|  |TAMS 0x000000070e300000, 0x000000070e300000| Untracked 
|  88|0x000000070e400000, 0x000000070e400000, 0x000000070e500000|  0%| F|  |TAMS 0x000000070e400000, 0x000000070e400000| Untracked 
|  89|0x000000070e500000, 0x000000070e500000, 0x000000070e600000|  0%| F|  |TAMS 0x000000070e500000, 0x000000070e500000| Untracked 
|  90|0x000000070e600000, 0x000000070e600000, 0x000000070e700000|  0%| F|  |TAMS 0x000000070e600000, 0x000000070e600000| Untracked 
|  91|0x000000070e700000, 0x000000070e700000, 0x000000070e800000|  0%| F|  |TAMS 0x000000070e700000, 0x000000070e700000| Untracked 
|  92|0x000000070e800000, 0x000000070e800000, 0x000000070e900000|  0%| F|  |TAMS 0x000000070e800000, 0x000000070e800000| Untracked 
|  93|0x000000070e900000, 0x000000070e900000, 0x000000070ea00000|  0%| F|  |TAMS 0x000000070e900000, 0x000000070e900000| Untracked 
|  94|0x000000070ea00000, 0x000000070ea00000, 0x000000070eb00000|  0%| F|  |TAMS 0x000000070ea00000, 0x000000070ea00000| Untracked 
|  95|0x000000070eb00000, 0x000000070eb00000, 0x000000070ec00000|  0%| F|  |TAMS 0x000000070eb00000, 0x000000070eb00000| Untracked 
|  96|0x000000070ec00000, 0x000000070ec00000, 0x000000070ed00000|  0%| F|  |TAMS 0x000000070ec00000, 0x000000070ec00000| Untracked 
|  97|0x000000070ed00000, 0x000000070ed00000, 0x000000070ee00000|  0%| F|  |TAMS 0x000000070ed00000, 0x000000070ed00000| Untracked 
|  98|0x000000070ee00000, 0x000000070ee00000, 0x000000070ef00000|  0%| F|  |TAMS 0x000000070ee00000, 0x000000070ee00000| Untracked 
|  99|0x000000070ef00000, 0x000000070ef00000, 0x000000070f000000|  0%| F|  |TAMS 0x000000070ef00000, 0x000000070ef00000| Untracked 
| 100|0x000000070f000000, 0x000000070f000000, 0x000000070f100000|  0%| F|  |TAMS 0x000000070f000000, 0x000000070f000000| Untracked 
| 101|0x000000070f100000, 0x000000070f100000, 0x000000070f200000|  0%| F|  |TAMS 0x000000070f100000, 0x000000070f100000| Untracked 
| 102|0x000000070f200000, 0x000000070f200000, 0x000000070f300000|  0%| F|  |TAMS 0x000000070f200000, 0x000000070f200000| Untracked 
| 103|0x000000070f300000, 0x000000070f300000, 0x000000070f400000|  0%| F|  |TAMS 0x000000070f300000, 0x000000070f300000| Untracked 
| 104|0x000000070f400000, 0x000000070f400000, 0x000000070f500000|  0%| F|  |TAMS 0x000000070f400000, 0x000000070f400000| Untracked 
| 105|0x000000070f500000, 0x000000070f500000, 0x000000070f600000|  0%| F|  |TAMS 0x000000070f500000, 0x000000070f500000| Untracked 
| 106|0x000000070f600000, 0x000000070f600000, 0x000000070f700000|  0%| F|  |TAMS 0x000000070f600000, 0x000000070f600000| Untracked 
| 107|0x000000070f700000, 0x000000070f700000, 0x000000070f800000|  0%| F|  |TAMS 0x000000070f700000, 0x000000070f700000| Untracked 
| 108|0x000000070f800000, 0x000000070f800000, 0x000000070f900000|  0%| F|  |TAMS 0x000000070f800000, 0x000000070f800000| Untracked 
| 109|0x000000070f900000, 0x000000070f900000, 0x000000070fa00000|  0%| F|  |TAMS 0x000000070f900000, 0x000000070f900000| Untracked 
| 110|0x000000070fa00000, 0x000000070fa00000, 0x000000070fb00000|  0%| F|  |TAMS 0x000000070fa00000, 0x000000070fa00000| Untracked 
| 111|0x000000070fb00000, 0x000000070fb00000, 0x000000070fc00000|  0%| F|  |TAMS 0x000000070fb00000, 0x000000070fb00000| Untracked 
| 112|0x000000070fc00000, 0x000000070fc00000, 0x000000070fd00000|  0%| F|  |TAMS 0x000000070fc00000, 0x000000070fc00000| Untracked 
| 113|0x000000070fd00000, 0x000000070fd00000, 0x000000070fe00000|  0%| F|  |TAMS 0x000000070fd00000, 0x000000070fd00000| Untracked 
| 114|0x000000070fe00000, 0x000000070fe00000, 0x000000070ff00000|  0%| F|  |TAMS 0x000000070fe00000, 0x000000070fe00000| Untracked 
| 115|0x000000070ff00000, 0x000000070ff00000, 0x0000000710000000|  0%| F|  |TAMS 0x000000070ff00000, 0x000000070ff00000| Untracked 
| 116|0x0000000710000000, 0x0000000710000000, 0x0000000710100000|  0%| F|  |TAMS 0x0000000710000000, 0x0000000710000000| Untracked 
| 117|0x0000000710100000, 0x0000000710100000, 0x0000000710200000|  0%| F|  |TAMS 0x0000000710100000, 0x0000000710100000| Untracked 
| 118|0x0000000710200000, 0x0000000710200000, 0x0000000710300000|  0%| F|  |TAMS 0x0000000710200000, 0x0000000710200000| Untracked 
| 119|0x0000000710300000, 0x0000000710300000, 0x0000000710400000|  0%| F|  |TAMS 0x0000000710300000, 0x0000000710300000| Untracked 
| 120|0x0000000710400000, 0x0000000710400000, 0x0000000710500000|  0%| F|  |TAMS 0x0000000710400000, 0x0000000710400000| Untracked 
| 121|0x0000000710500000, 0x0000000710500000, 0x0000000710600000|  0%| F|  |TAMS 0x0000000710500000, 0x0000000710500000| Untracked 
| 122|0x0000000710600000, 0x0000000710600000, 0x0000000710700000|  0%| F|  |TAMS 0x0000000710600000, 0x0000000710600000| Untracked 
| 123|0x0000000710700000, 0x0000000710700000, 0x0000000710800000|  0%| F|  |TAMS 0x0000000710700000, 0x0000000710700000| Untracked 
| 124|0x0000000710800000, 0x0000000710800000, 0x0000000710900000|  0%| F|  |TAMS 0x0000000710800000, 0x0000000710800000| Untracked 
| 125|0x0000000710900000, 0x0000000710900000, 0x0000000710a00000|  0%| F|  |TAMS 0x0000000710900000, 0x0000000710900000| Untracked 
| 126|0x0000000710a00000, 0x0000000710a00000, 0x0000000710b00000|  0%| F|  |TAMS 0x0000000710a00000, 0x0000000710a00000| Untracked 
| 127|0x0000000710b00000, 0x0000000710b00000, 0x0000000710c00000|  0%| F|  |TAMS 0x0000000710b00000, 0x0000000710b00000| Untracked 
| 128|0x0000000710c00000, 0x0000000710c00000, 0x0000000710d00000|  0%| F|  |TAMS 0x0000000710c00000, 0x0000000710c00000| Untracked 
| 129|0x0000000710d00000, 0x0000000710d00000, 0x0000000710e00000|  0%| F|  |TAMS 0x0000000710d00000, 0x0000000710d00000| Untracked 
| 130|0x0000000710e00000, 0x0000000710e00000, 0x0000000710f00000|  0%| F|  |TAMS 0x0000000710e00000, 0x0000000710e00000| Untracked 
| 131|0x0000000710f00000, 0x0000000710f00000, 0x0000000711000000|  0%| F|  |TAMS 0x0000000710f00000, 0x0000000710f00000| Untracked 
| 132|0x0000000711000000, 0x0000000711000000, 0x0000000711100000|  0%| F|  |TAMS 0x0000000711000000, 0x0000000711000000| Untracked 
| 133|0x0000000711100000, 0x0000000711100000, 0x0000000711200000|  0%| F|  |TAMS 0x0000000711100000, 0x0000000711100000| Untracked 
| 134|0x0000000711200000, 0x0000000711200000, 0x0000000711300000|  0%| F|  |TAMS 0x0000000711200000, 0x0000000711200000| Untracked 
| 135|0x0000000711300000, 0x0000000711300000, 0x0000000711400000|  0%| F|  |TAMS 0x0000000711300000, 0x0000000711300000| Untracked 
| 136|0x0000000711400000, 0x0000000711400000, 0x0000000711500000|  0%| F|  |TAMS 0x0000000711400000, 0x0000000711400000| Untracked 
| 137|0x0000000711500000, 0x0000000711500000, 0x0000000711600000|  0%| F|  |TAMS 0x0000000711500000, 0x0000000711500000| Untracked 
| 138|0x0000000711600000, 0x0000000711600000, 0x0000000711700000|  0%| F|  |TAMS 0x0000000711600000, 0x0000000711600000| Untracked 
| 139|0x0000000711700000, 0x0000000711700000, 0x0000000711800000|  0%| F|  |TAMS 0x0000000711700000, 0x0000000711700000| Untracked 
| 140|0x0000000711800000, 0x0000000711800000, 0x0000000711900000|  0%| F|  |TAMS 0x0000000711800000, 0x0000000711800000| Untracked 
| 141|0x0000000711900000, 0x0000000711900000, 0x0000000711a00000|  0%| F|  |TAMS 0x0000000711900000, 0x0000000711900000| Untracked 
| 142|0x0000000711a00000, 0x0000000711a00000, 0x0000000711b00000|  0%| F|  |TAMS 0x0000000711a00000, 0x0000000711a00000| Untracked 
| 143|0x0000000711b00000, 0x0000000711b00000, 0x0000000711c00000|  0%| F|  |TAMS 0x0000000711b00000, 0x0000000711b00000| Untracked 
| 144|0x0000000711c00000, 0x0000000711c00000, 0x0000000711d00000|  0%| F|  |TAMS 0x0000000711c00000, 0x0000000711c00000| Untracked 
| 145|0x0000000711d00000, 0x0000000711d00000, 0x0000000711e00000|  0%| F|  |TAMS 0x0000000711d00000, 0x0000000711d00000| Untracked 
| 146|0x0000000711e00000, 0x0000000711e00000, 0x0000000711f00000|  0%| F|  |TAMS 0x0000000711e00000, 0x0000000711e00000| Untracked 
| 147|0x0000000711f00000, 0x0000000711f00000, 0x0000000712000000|  0%| F|  |TAMS 0x0000000711f00000, 0x0000000711f00000| Untracked 
| 148|0x0000000712000000, 0x0000000712000000, 0x0000000712100000|  0%| F|  |TAMS 0x0000000712000000, 0x0000000712000000| Untracked 
| 149|0x0000000712100000, 0x0000000712100000, 0x0000000712200000|  0%| F|  |TAMS 0x0000000712100000, 0x0000000712100000| Untracked 
| 150|0x0000000712200000, 0x0000000712200000, 0x0000000712300000|  0%| F|  |TAMS 0x0000000712200000, 0x0000000712200000| Untracked 
| 151|0x0000000712300000, 0x0000000712300000, 0x0000000712400000|  0%| F|  |TAMS 0x0000000712300000, 0x0000000712300000| Untracked 
| 152|0x0000000712400000, 0x0000000712400000, 0x0000000712500000|  0%| F|  |TAMS 0x0000000712400000, 0x0000000712400000| Untracked 
| 153|0x0000000712500000, 0x0000000712500000, 0x0000000712600000|  0%| F|  |TAMS 0x0000000712500000, 0x0000000712500000| Untracked 
| 154|0x0000000712600000, 0x0000000712600000, 0x0000000712700000|  0%| F|  |TAMS 0x0000000712600000, 0x0000000712600000| Untracked 
| 155|0x0000000712700000, 0x0000000712700000, 0x0000000712800000|  0%| F|  |TAMS 0x0000000712700000, 0x0000000712700000| Untracked 
| 156|0x0000000712800000, 0x0000000712800000, 0x0000000712900000|  0%| F|  |TAMS 0x0000000712800000, 0x0000000712800000| Untracked 
| 157|0x0000000712900000, 0x0000000712900000, 0x0000000712a00000|  0%| F|  |TAMS 0x0000000712900000, 0x0000000712900000| Untracked 
| 158|0x0000000712a00000, 0x0000000712a00000, 0x0000000712b00000|  0%| F|  |TAMS 0x0000000712a00000, 0x0000000712a00000| Untracked 
| 159|0x0000000712b00000, 0x0000000712b00000, 0x0000000712c00000|  0%| F|  |TAMS 0x0000000712b00000, 0x0000000712b00000| Untracked 
| 160|0x0000000712c00000, 0x0000000712c00000, 0x0000000712d00000|  0%| F|  |TAMS 0x0000000712c00000, 0x0000000712c00000| Untracked 
| 161|0x0000000712d00000, 0x0000000712d00000, 0x0000000712e00000|  0%| F|  |TAMS 0x0000000712d00000, 0x0000000712d00000| Untracked 
| 162|0x0000000712e00000, 0x0000000712e00000, 0x0000000712f00000|  0%| F|  |TAMS 0x0000000712e00000, 0x0000000712e00000| Untracked 
| 163|0x0000000712f00000, 0x0000000712f00000, 0x0000000713000000|  0%| F|  |TAMS 0x0000000712f00000, 0x0000000712f00000| Untracked 
| 164|0x0000000713000000, 0x0000000713000000, 0x0000000713100000|  0%| F|  |TAMS 0x0000000713000000, 0x0000000713000000| Untracked 
| 165|0x0000000713100000, 0x0000000713100000, 0x0000000713200000|  0%| F|  |TAMS 0x0000000713100000, 0x0000000713100000| Untracked 
| 166|0x0000000713200000, 0x0000000713200000, 0x0000000713300000|  0%| F|  |TAMS 0x0000000713200000, 0x0000000713200000| Untracked 
| 167|0x0000000713300000, 0x0000000713300000, 0x0000000713400000|  0%| F|  |TAMS 0x0000000713300000, 0x0000000713300000| Untracked 
| 168|0x0000000713400000, 0x0000000713400000, 0x0000000713500000|  0%| F|  |TAMS 0x0000000713400000, 0x0000000713400000| Untracked 
| 169|0x0000000713500000, 0x0000000713500000, 0x0000000713600000|  0%| F|  |TAMS 0x0000000713500000, 0x0000000713500000| Untracked 
| 170|0x0000000713600000, 0x0000000713600000, 0x0000000713700000|  0%| F|  |TAMS 0x0000000713600000, 0x0000000713600000| Untracked 
| 171|0x0000000713700000, 0x0000000713700000, 0x0000000713800000|  0%| F|  |TAMS 0x0000000713700000, 0x0000000713700000| Untracked 
| 172|0x0000000713800000, 0x0000000713800000, 0x0000000713900000|  0%| F|  |TAMS 0x0000000713800000, 0x0000000713800000| Untracked 
| 173|0x0000000713900000, 0x0000000713900000, 0x0000000713a00000|  0%| F|  |TAMS 0x0000000713900000, 0x0000000713900000| Untracked 
| 174|0x0000000713a00000, 0x0000000713a00000, 0x0000000713b00000|  0%| F|  |TAMS 0x0000000713a00000, 0x0000000713a00000| Untracked 
| 175|0x0000000713b00000, 0x0000000713b00000, 0x0000000713c00000|  0%| F|  |TAMS 0x0000000713b00000, 0x0000000713b00000| Untracked 
| 176|0x0000000713c00000, 0x0000000713c00000, 0x0000000713d00000|  0%| F|  |TAMS 0x0000000713c00000, 0x0000000713c00000| Untracked 
| 177|0x0000000713d00000, 0x0000000713d00000, 0x0000000713e00000|  0%| F|  |TAMS 0x0000000713d00000, 0x0000000713d00000| Untracked 
| 178|0x0000000713e00000, 0x0000000713e00000, 0x0000000713f00000|  0%| F|  |TAMS 0x0000000713e00000, 0x0000000713e00000| Untracked 
| 179|0x0000000713f00000, 0x0000000713f00000, 0x0000000714000000|  0%| F|  |TAMS 0x0000000713f00000, 0x0000000713f00000| Untracked 
| 180|0x0000000714000000, 0x0000000714000000, 0x0000000714100000|  0%| F|  |TAMS 0x0000000714000000, 0x0000000714000000| Untracked 
| 181|0x0000000714100000, 0x0000000714100000, 0x0000000714200000|  0%| F|  |TAMS 0x0000000714100000, 0x0000000714100000| Untracked 
| 182|0x0000000714200000, 0x0000000714200000, 0x0000000714300000|  0%| F|  |TAMS 0x0000000714200000, 0x0000000714200000| Untracked 
| 183|0x0000000714300000, 0x0000000714300000, 0x0000000714400000|  0%| F|  |TAMS 0x0000000714300000, 0x0000000714300000| Untracked 
| 184|0x0000000714400000, 0x0000000714400000, 0x0000000714500000|  0%| F|  |TAMS 0x0000000714400000, 0x0000000714400000| Untracked 
| 185|0x0000000714500000, 0x0000000714500000, 0x0000000714600000|  0%| F|  |TAMS 0x0000000714500000, 0x0000000714500000| Untracked 
| 186|0x0000000714600000, 0x0000000714600000, 0x0000000714700000|  0%| F|  |TAMS 0x0000000714600000, 0x0000000714600000| Untracked 
| 187|0x0000000714700000, 0x0000000714700000, 0x0000000714800000|  0%| F|  |TAMS 0x0000000714700000, 0x0000000714700000| Untracked 
| 188|0x0000000714800000, 0x0000000714800000, 0x0000000714900000|  0%| F|  |TAMS 0x0000000714800000, 0x0000000714800000| Untracked 
| 189|0x0000000714900000, 0x0000000714900000, 0x0000000714a00000|  0%| F|  |TAMS 0x0000000714900000, 0x0000000714900000| Untracked 
| 190|0x0000000714a00000, 0x0000000714a00000, 0x0000000714b00000|  0%| F|  |TAMS 0x0000000714a00000, 0x0000000714a00000| Untracked 
| 191|0x0000000714b00000, 0x0000000714b00000, 0x0000000714c00000|  0%| F|  |TAMS 0x0000000714b00000, 0x0000000714b00000| Untracked 
| 192|0x0000000714c00000, 0x0000000714c00000, 0x0000000714d00000|  0%| F|  |TAMS 0x0000000714c00000, 0x0000000714c00000| Untracked 
| 193|0x0000000714d00000, 0x0000000714d00000, 0x0000000714e00000|  0%| F|  |TAMS 0x0000000714d00000, 0x0000000714d00000| Untracked 
| 194|0x0000000714e00000, 0x0000000714e00000, 0x0000000714f00000|  0%| F|  |TAMS 0x0000000714e00000, 0x0000000714e00000| Untracked 
| 195|0x0000000714f00000, 0x0000000714f00000, 0x0000000715000000|  0%| F|  |TAMS 0x0000000714f00000, 0x0000000714f00000| Untracked 
| 196|0x0000000715000000, 0x0000000715000000, 0x0000000715100000|  0%| F|  |TAMS 0x0000000715000000, 0x0000000715000000| Untracked 
| 197|0x0000000715100000, 0x0000000715100000, 0x0000000715200000|  0%| F|  |TAMS 0x0000000715100000, 0x0000000715100000| Untracked 
| 198|0x0000000715200000, 0x0000000715200000, 0x0000000715300000|  0%| F|  |TAMS 0x0000000715200000, 0x0000000715200000| Untracked 
| 199|0x0000000715300000, 0x0000000715300000, 0x0000000715400000|  0%| F|  |TAMS 0x0000000715300000, 0x0000000715300000| Untracked 
| 200|0x0000000715400000, 0x0000000715400000, 0x0000000715500000|  0%| F|  |TAMS 0x0000000715400000, 0x0000000715400000| Untracked 
| 201|0x0000000715500000, 0x0000000715500000, 0x0000000715600000|  0%| F|  |TAMS 0x0000000715500000, 0x0000000715500000| Untracked 
| 202|0x0000000715600000, 0x0000000715600000, 0x0000000715700000|  0%| F|  |TAMS 0x0000000715600000, 0x0000000715600000| Untracked 
| 203|0x0000000715700000, 0x0000000715700000, 0x0000000715800000|  0%| F|  |TAMS 0x0000000715700000, 0x0000000715700000| Untracked 
| 204|0x0000000715800000, 0x0000000715800000, 0x0000000715900000|  0%| F|  |TAMS 0x0000000715800000, 0x0000000715800000| Untracked 
| 205|0x0000000715900000, 0x0000000715900000, 0x0000000715a00000|  0%| F|  |TAMS 0x0000000715900000, 0x0000000715900000| Untracked 
| 206|0x0000000715a00000, 0x0000000715a00000, 0x0000000715b00000|  0%| F|  |TAMS 0x0000000715a00000, 0x0000000715a00000| Untracked 
| 207|0x0000000715b00000, 0x0000000715b00000, 0x0000000715c00000|  0%| F|  |TAMS 0x0000000715b00000, 0x0000000715b00000| Untracked 
| 208|0x0000000715c00000, 0x0000000715c00000, 0x0000000715d00000|  0%| F|  |TAMS 0x0000000715c00000, 0x0000000715c00000| Untracked 
| 209|0x0000000715d00000, 0x0000000715d00000, 0x0000000715e00000|  0%| F|  |TAMS 0x0000000715d00000, 0x0000000715d00000| Untracked 
| 210|0x0000000715e00000, 0x0000000715e00000, 0x0000000715f00000|  0%| F|  |TAMS 0x0000000715e00000, 0x0000000715e00000| Untracked 
| 211|0x0000000715f00000, 0x0000000715f00000, 0x0000000716000000|  0%| F|  |TAMS 0x0000000715f00000, 0x0000000715f00000| Untracked 
| 212|0x0000000716000000, 0x0000000716000000, 0x0000000716100000|  0%| F|  |TAMS 0x0000000716000000, 0x0000000716000000| Untracked 
| 213|0x0000000716100000, 0x0000000716100000, 0x0000000716200000|  0%| F|  |TAMS 0x0000000716100000, 0x0000000716100000| Untracked 
| 214|0x0000000716200000, 0x0000000716200000, 0x0000000716300000|  0%| F|  |TAMS 0x0000000716200000, 0x0000000716200000| Untracked 
| 215|0x0000000716300000, 0x0000000716300000, 0x0000000716400000|  0%| F|  |TAMS 0x0000000716300000, 0x0000000716300000| Untracked 
| 216|0x0000000716400000, 0x0000000716400000, 0x0000000716500000|  0%| F|  |TAMS 0x0000000716400000, 0x0000000716400000| Untracked 
| 217|0x0000000716500000, 0x0000000716500000, 0x0000000716600000|  0%| F|  |TAMS 0x0000000716500000, 0x0000000716500000| Untracked 
| 218|0x0000000716600000, 0x0000000716600000, 0x0000000716700000|  0%| F|  |TAMS 0x0000000716600000, 0x0000000716600000| Untracked 
| 219|0x0000000716700000, 0x0000000716700000, 0x0000000716800000|  0%| F|  |TAMS 0x0000000716700000, 0x0000000716700000| Untracked 
| 220|0x0000000716800000, 0x0000000716800000, 0x0000000716900000|  0%| F|  |TAMS 0x0000000716800000, 0x0000000716800000| Untracked 
| 221|0x0000000716900000, 0x0000000716900000, 0x0000000716a00000|  0%| F|  |TAMS 0x0000000716900000, 0x0000000716900000| Untracked 
| 222|0x0000000716a00000, 0x0000000716a00000, 0x0000000716b00000|  0%| F|  |TAMS 0x0000000716a00000, 0x0000000716a00000| Untracked 
| 223|0x0000000716b00000, 0x0000000716b00000, 0x0000000716c00000|  0%| F|  |TAMS 0x0000000716b00000, 0x0000000716b00000| Untracked 
| 224|0x0000000716c00000, 0x0000000716c00000, 0x0000000716d00000|  0%| F|  |TAMS 0x0000000716c00000, 0x0000000716c00000| Untracked 
| 225|0x0000000716d00000, 0x0000000716d00000, 0x0000000716e00000|  0%| F|  |TAMS 0x0000000716d00000, 0x0000000716d00000| Untracked 
| 226|0x0000000716e00000, 0x0000000716e00000, 0x0000000716f00000|  0%| F|  |TAMS 0x0000000716e00000, 0x0000000716e00000| Untracked 
| 227|0x0000000716f00000, 0x0000000716f00000, 0x0000000717000000|  0%| F|  |TAMS 0x0000000716f00000, 0x0000000716f00000| Untracked 
| 228|0x0000000717000000, 0x0000000717000000, 0x0000000717100000|  0%| F|  |TAMS 0x0000000717000000, 0x0000000717000000| Untracked 
| 229|0x0000000717100000, 0x0000000717100000, 0x0000000717200000|  0%| F|  |TAMS 0x0000000717100000, 0x0000000717100000| Untracked 
| 230|0x0000000717200000, 0x0000000717200000, 0x0000000717300000|  0%| F|  |TAMS 0x0000000717200000, 0x0000000717200000| Untracked 
| 231|0x0000000717300000, 0x0000000717300000, 0x0000000717400000|  0%| F|  |TAMS 0x0000000717300000, 0x0000000717300000| Untracked 
| 232|0x0000000717400000, 0x0000000717400000, 0x0000000717500000|  0%| F|  |TAMS 0x0000000717400000, 0x0000000717400000| Untracked 
| 233|0x0000000717500000, 0x0000000717500000, 0x0000000717600000|  0%| F|  |TAMS 0x0000000717500000, 0x0000000717500000| Untracked 
| 234|0x0000000717600000, 0x0000000717600000, 0x0000000717700000|  0%| F|  |TAMS 0x0000000717600000, 0x0000000717600000| Untracked 
| 235|0x0000000717700000, 0x0000000717700000, 0x0000000717800000|  0%| F|  |TAMS 0x0000000717700000, 0x0000000717700000| Untracked 
| 236|0x0000000717800000, 0x0000000717800000, 0x0000000717900000|  0%| F|  |TAMS 0x0000000717800000, 0x0000000717800000| Untracked 
| 237|0x0000000717900000, 0x0000000717a00000, 0x0000000717a00000|100%| E|  |TAMS 0x0000000717900000, 0x0000000717900000| Complete 
| 238|0x0000000717a00000, 0x0000000717b00000, 0x0000000717b00000|100%| E|CS|TAMS 0x0000000717a00000, 0x0000000717a00000| Complete 
| 239|0x0000000717b00000, 0x0000000717c00000, 0x0000000717c00000|100%| E|CS|TAMS 0x0000000717b00000, 0x0000000717b00000| Complete 
| 240|0x0000000717c00000, 0x0000000717d00000, 0x0000000717d00000|100%| E|CS|TAMS 0x0000000717c00000, 0x0000000717c00000| Complete 
| 241|0x0000000717d00000, 0x0000000717e00000, 0x0000000717e00000|100%| E|CS|TAMS 0x0000000717d00000, 0x0000000717d00000| Complete 
| 242|0x0000000717e00000, 0x0000000717f00000, 0x0000000717f00000|100%| E|  |TAMS 0x0000000717e00000, 0x0000000717e00000| Complete 
| 243|0x0000000717f00000, 0x0000000718000000, 0x0000000718000000|100%| E|CS|TAMS 0x0000000717f00000, 0x0000000717f00000| Complete 
| 244|0x0000000718000000, 0x0000000718100000, 0x0000000718100000|100%| E|CS|TAMS 0x0000000718000000, 0x0000000718000000| Complete 
| 245|0x0000000718100000, 0x0000000718200000, 0x0000000718200000|100%| E|CS|TAMS 0x0000000718100000, 0x0000000718100000| Complete 
| 246|0x0000000718200000, 0x0000000718300000, 0x0000000718300000|100%| E|CS|TAMS 0x0000000718200000, 0x0000000718200000| Complete 
| 247|0x0000000718300000, 0x0000000718400000, 0x0000000718400000|100%| E|CS|TAMS 0x0000000718300000, 0x0000000718300000| Complete 
|2930|0x00000007bfe00000, 0x00000007bfe48000, 0x00000007bff00000| 28%|OA|  |TAMS 0x00000007bfe00000, 0x00000007bfe00000| Untracked 
|2931|0x00000007bff00000, 0x00000007bff6c000, 0x00000007c0000000| 42%|CA|  |TAMS 0x00000007bff00000, 0x00000007bff00000| Untracked 

Card table byte_map: [0x00007d11cec88000,0x00007d11cf442000] _byte_map_base: 0x00007d11cb442000

Marking Bits (Prev, Next): (CMBitMap*) 0x00007d11ec07d198, (CMBitMap*) 0x00007d11ec07d1d0
 Prev Bits: [0x00007d11ca6fe000, 0x00007d11ce4ce000)
 Next Bits: [0x00007d11c692e000, 0x00007d11ca6fe000)

Polling page: 0x00007d11f22cc000

Metaspace:

Usage:
  Non-class:      5.93 MB capacity,     3.50 MB ( 59%) used,     2.42 MB ( 41%) free+waste,     8.62 KB ( <1%) overhead. 
      Class:    707.00 KB capacity,   416.34 KB ( 59%) used,   286.16 KB ( 40%) free+waste,     4.50 KB ( <1%) overhead. 
       Both:      6.62 MB capacity,     3.91 MB ( 59%) used,     2.70 MB ( 41%) free+waste,    13.12 KB ( <1%) overhead. 

Virtual space:
  Non-class space:        8.00 MB reserved,       6.00 MB ( 75%) committed 
      Class space:        1.00 GB reserved,     768.00 KB ( <1%) committed 
             Both:        1.01 GB reserved,       6.75 MB ( <1%) committed 

Chunk freelists:
   Non-Class:  0 bytes
       Class:  0 bytes
        Both:  0 bytes

MaxMetaspaceSize: unlimited
CompressedClassSpaceSize: 1.00 GB
Initial GC threshold: 20.80 MB
Current GC threshold: 20.80 MB
CDS: on

CodeHeap 'non-profiled nmethods': size=119172Kb used=261Kb max_used=261Kb free=118911Kb
 bounds [0x00007d11dc19f000, 0x00007d11dc40f000, 0x00007d11e3600000]
CodeHeap 'profiled nmethods': size=119168Kb used=2001Kb max_used=2001Kb free=117166Kb
 bounds [0x00007d11d4d3f000, 0x00007d11d4faf000, 0x00007d11dc19f000]
CodeHeap 'non-nmethods': size=7420Kb used=2838Kb max_used=2851Kb free=4581Kb
 bounds [0x00007d11d4600000, 0x00007d11d48d0000, 0x00007d11d4d3f000]
 total_blobs=1473 nmethods=1062 adapters=322
 compilation: enabled
              stopped_count=0, restarted_count=0
 full_count=0

Compilation events (20 events):
Event: 0.270 Thread 0x00007d11901e7800 1053       3       java.util.Collections::emptyList (4 bytes)
Event: 0.270 Thread 0x00007d11901e7800 nmethod 1053 0x00007d11d4f30290 code [0x00007d11d4f30440, 0x00007d11d4f30530]
Event: 0.270 Thread 0x00007d11ec1fa000 1054  s    1       java.util.Vector::size (5 bytes)
Event: 0.270 Thread 0x00007d11ec1fa000 nmethod 1054 0x00007d11dc1df090 code [0x00007d11dc1df240, 0x00007d11dc1df4b0]
Event: 0.270 Thread 0x00007d1198064000 1055       3       java.util.Vector::elementData (7 bytes)
Event: 0.270 Thread 0x00007d1198064000 nmethod 1055 0x00007d11d4f30590 code [0x00007d11d4f30740, 0x00007d11d4f30890]
Event: 0.270 Thread 0x00007d11901e7800 1056   !   3       java.nio.charset.Charset::defaultCharset (53 bytes)
Event: 0.270 Thread 0x00007d11981b0000 1057  s    3       java.util.Vector::get (23 bytes)
Event: 0.270 Thread 0x00007d1198064000 1058       3       SysYParser$ExpContext::lVal (11 bytes)
Event: 0.270 Thread 0x00007d1198064000 nmethod 1058 0x00007d11d4f30990 code [0x00007d11d4f30b60, 0x00007d11d4f31040]
Event: 0.270 Thread 0x00007d11981b0000 nmethod 1057 0x00007d11d4f31190 code [0x00007d11d4f31360, 0x00007d11d4f317e0]
Event: 0.270 Thread 0x00007d1198064000 1060       3       org.bytedeco.javacpp.Pointer::isNull (15 bytes)
Event: 0.270 Thread 0x00007d11ec1f8000 1059       4       java.util.ArrayList::add (25 bytes)
Event: 0.270 Thread 0x00007d1198064000 nmethod 1060 0x00007d11d4f31990 code [0x00007d11d4f31b40, 0x00007d11d4f31cb0]
Event: 0.270 Thread 0x00007d11901e7800 nmethod 1056 0x00007d11d4f31d90 code [0x00007d11d4f32040, 0x00007d11d4f32d30]
Event: 0.271 Thread 0x00007d1194209800 1061       4       java.lang.String::indexOf (7 bytes)
Event: 0.272 Thread 0x00007d1194209800 nmethod 1061 0x00007d11dc1df590 code [0x00007d11dc1df720, 0x00007d11dc1df8f8]
Event: 0.272 Thread 0x00007d11ec1f8000 nmethod 1059 0x00007d11dc1dfa90 code [0x00007d11dc1dfc40, 0x00007d11dc1e01b8]
Event: 0.273 Thread 0x00007d1198064000 1062       3       java.lang.reflect.Array::newInstance (6 bytes)
Event: 0.273 Thread 0x00007d1198064000 nmethod 1062 0x00007d11d4f33210 code [0x00007d11d4f333c0, 0x00007d11d4f334c0]

GC Heap History (0 events):
No events

Deoptimization events (20 events):
Event: 0.115 Thread 0x00007d11ec015000 Uncommon trap: trap_request=0xffffffbe fr.pc=0x00007d11dc1af1c4 relative=0x0000000000000404
Event: 0.115 Thread 0x00007d11ec015000 Uncommon trap: reason=profile_predicate action=maybe_recompile pc=0x00007d11dc1af1c4 method=java.lang.StringLatin1.indexOf([BI[BII)I @ 18 c2
Event: 0.115 Thread 0x00007d11ec015000 DEOPT PACKING pc=0x00007d11dc1af1c4 sp=0x00007d11f0bfd020
Event: 0.115 Thread 0x00007d11ec015000 DEOPT UNPACKING pc=0x00007d11d4649ea5 sp=0x00007d11f0bfcfa0 mode 2
Event: 0.115 Thread 0x00007d11ec015000 Uncommon trap: trap_request=0xffffffbe fr.pc=0x00007d11dc1af1c4 relative=0x0000000000000404
Event: 0.115 Thread 0x00007d11ec015000 Uncommon trap: reason=profile_predicate action=maybe_recompile pc=0x00007d11dc1af1c4 method=java.lang.StringLatin1.indexOf([BI[BII)I @ 18 c2
Event: 0.115 Thread 0x00007d11ec015000 DEOPT PACKING pc=0x00007d11dc1af1c4 sp=0x00007d11f0bfd020
Event: 0.115 Thread 0x00007d11ec015000 DEOPT UNPACKING pc=0x00007d11d4649ea5 sp=0x00007d11f0bfcfa0 mode 2
Event: 0.116 Thread 0x00007d11ec015000 DEOPT PACKING pc=0x00007d11d4d93bb0 sp=0x00007d11f0bfce90
Event: 0.116 Thread 0x00007d11ec015000 DEOPT UNPACKING pc=0x00007d11d464a64a sp=0x00007d11f0bfc320 mode 0
Event: 0.128 Thread 0x00007d11ec015000 Uncommon trap: trap_request=0xffffff4d fr.pc=0x00007d11dc1cd1d0 relative=0x0000000000000410
Event: 0.128 Thread 0x00007d11ec015000 Uncommon trap: reason=unstable_if action=reinterpret pc=0x00007d11dc1cd1d0 method=java.lang.StringLatin1.indexOf([BI[BII)I @ 91 c2
Event: 0.128 Thread 0x00007d11ec015000 DEOPT PACKING pc=0x00007d11dc1cd1d0 sp=0x00007d11f0bfcfc0
Event: 0.128 Thread 0x00007d11ec015000 DEOPT UNPACKING pc=0x00007d11d4649ea5 sp=0x00007d11f0bfcf40 mode 2
Event: 0.234 Thread 0x00007d11ec015000 DEOPT PACKING pc=0x00007d11d4e6bc62 sp=0x00007d11f0bfd510
Event: 0.234 Thread 0x00007d11ec015000 DEOPT UNPACKING pc=0x00007d11d464a64a sp=0x00007d11f0bfc9a8 mode 0
Event: 0.234 Thread 0x00007d11ec015000 DEOPT PACKING pc=0x00007d11d4d6564f sp=0x00007d11f0bfd4f0
Event: 0.234 Thread 0x00007d11ec015000 DEOPT UNPACKING pc=0x00007d11d464a64a sp=0x00007d11f0bfc998 mode 0
Event: 0.235 Thread 0x00007d11ec015000 DEOPT PACKING pc=0x00007d11d4d6564f sp=0x00007d11f0bfd510
Event: 0.235 Thread 0x00007d11ec015000 DEOPT UNPACKING pc=0x00007d11d464a64a sp=0x00007d11f0bfc9b8 mode 0

Classes redefined (0 events):
No events

Internal exceptions (20 events):
Event: 0.030 Thread 0x00007d11ec015000 Exception <a 'java/security/PrivilegedActionException'{0x000000071823d9d0}> (0x000000071823d9d0) thrown at [./src/hotspot/share/prims/jvm.cpp, line 1304]
Event: 0.030 Thread 0x00007d11ec015000 Exception <a 'java/security/PrivilegedActionException'{0x000000071823dca0}> (0x000000071823dca0) thrown at [./src/hotspot/share/prims/jvm.cpp, line 1304]
Event: 0.030 Thread 0x00007d11ec015000 Exception <a 'java/security/PrivilegedActionException'{0x000000071823e8b8}> (0x000000071823e8b8) thrown at [./src/hotspot/share/prims/jvm.cpp, line 1304]
Event: 0.030 Thread 0x00007d11ec015000 Exception <a 'java/security/PrivilegedActionException'{0x000000071823eb88}> (0x000000071823eb88) thrown at [./src/hotspot/share/prims/jvm.cpp, line 1304]
Event: 0.030 Thread 0x00007d11ec015000 Exception <a 'java/security/PrivilegedActionException'{0x000000071823f7a0}> (0x000000071823f7a0) thrown at [./src/hotspot/share/prims/jvm.cpp, line 1304]
Event: 0.030 Thread 0x00007d11ec015000 Exception <a 'java/security/PrivilegedActionException'{0x000000071823fa70}> (0x000000071823fa70) thrown at [./src/hotspot/share/prims/jvm.cpp, line 1304]
Event: 0.030 Thread 0x00007d11ec015000 Exception <a 'java/security/PrivilegedActionException'{0x00000007182406a0}> (0x00000007182406a0) thrown at [./src/hotspot/share/prims/jvm.cpp, line 1304]
Event: 0.030 Thread 0x00007d11ec015000 Exception <a 'java/security/PrivilegedActionException'{0x0000000718240970}> (0x0000000718240970) thrown at [./src/hotspot/share/prims/jvm.cpp, line 1304]
Event: 0.030 Thread 0x00007d11ec015000 Exception <a 'java/security/PrivilegedActionException'{0x00000007182415a0}> (0x00000007182415a0) thrown at [./src/hotspot/share/prims/jvm.cpp, line 1304]
Event: 0.030 Thread 0x00007d11ec015000 Exception <a 'java/security/PrivilegedActionException'{0x0000000718241870}> (0x0000000718241870) thrown at [./src/hotspot/share/prims/jvm.cpp, line 1304]
Event: 0.030 Thread 0x00007d11ec015000 Exception <a 'java/security/PrivilegedActionException'{0x00000007182424a0}> (0x00000007182424a0) thrown at [./src/hotspot/share/prims/jvm.cpp, line 1304]
Event: 0.030 Thread 0x00007d11ec015000 Exception <a 'java/security/PrivilegedActionException'{0x0000000718242770}> (0x0000000718242770) thrown at [./src/hotspot/share/prims/jvm.cpp, line 1304]
Event: 0.030 Thread 0x00007d11ec015000 Exception <a 'java/security/PrivilegedActionException'{0x0000000718243388}> (0x0000000718243388) thrown at [./src/hotspot/share/prims/jvm.cpp, line 1304]
Event: 0.030 Thread 0x00007d11ec015000 Exception <a 'java/security/PrivilegedActionException'{0x0000000718243658}> (0x0000000718243658) thrown at [./src/hotspot/share/prims/jvm.cpp, line 1304]
Event: 0.030 Thread 0x00007d11ec015000 Exception <a 'java/security/PrivilegedActionException'{0x0000000718244288}> (0x0000000718244288) thrown at [./src/hotspot/share/prims/jvm.cpp, line 1304]
Event: 0.030 Thread 0x00007d11ec015000 Exception <a 'java/security/PrivilegedActionException'{0x0000000718244558}> (0x0000000718244558) thrown at [./src/hotspot/share/prims/jvm.cpp, line 1304]
Event: 0.110 Thread 0x00007d11ec015000 Exception <a 'java/lang/NoSuchMethodError'{0x0000000717d8ba78}: 'int java.lang.invoke.DirectMethodHandle$Holder.invokeStaticInit(java.lang.Object, java.lang.Object, java.lang.Object, java.lang.Object)'> (0x0000000717d8ba78) thrown at [./src/hotspot/share/interpreter/linkResolver.cpp, line 772]
Event: 0.111 Thread 0x00007d11ec015000 Exception <a 'java/lang/IncompatibleClassChangeError'{0x0000000717d95be0}: Found class java.lang.Object, but interface was expected> (0x0000000717d95be0) thrown at [./src/hotspot/share/interpreter/linkResolver.cpp, line 839]
Event: 0.111 Thread 0x00007d11ec015000 Exception <a 'java/lang/NoSuchMethodError'{0x0000000717d98e30}: 'void java.lang.invoke.DirectMethodHandle$Holder.invokeStaticInit(java.lang.Object, java.lang.Object)'> (0x0000000717d98e30) thrown at [./src/hotspot/share/interpreter/linkResolver.cpp, line 772]
Event: 0.111 Thread 0x00007d11ec015000 Exception <a 'java/lang/NoSuchMethodError'{0x0000000717d9e8c8}: 'int java.lang.invoke.DirectMethodHandle$Holder.invokeStaticInit(java.lang.Object, java.lang.Object)'> (0x0000000717d9e8c8) thrown at [./src/hotspot/share/interpreter/linkResolver.cpp, line 772]

Events (20 events):
Event: 0.253 loading class org/bytedeco/llvm/LLVM/LLVMUseRef
Event: 0.253 loading class org/bytedeco/llvm/LLVM/LLVMUseRef done
Event: 0.261 loading class IRGenerationVisitor
Event: 0.261 loading class IRGenerationVisitor done
Event: 0.263 loading class org/bytedeco/javacpp/PointerScope
Event: 0.263 loading class org/bytedeco/javacpp/PointerScope done
Event: 0.264 loading class org/bytedeco/javacpp/PointerScope$1
Event: 0.264 loading class org/bytedeco/javacpp/PointerScope$1 done
Event: 0.268 loading class java/util/stream/ReduceOps$1
Event: 0.268 loading class java/util/stream/ReduceOps$1 done
Event: 0.268 loading class java/util/stream/ReduceOps$1ReducingSink
Event: 0.268 loading class java/util/stream/ReduceOps$1ReducingSink done
Event: 0.269 loading class loop_stored_element
Event: 0.269 loading class loop_stored_element done
Event: 0.272 loading class LLVMIRToRiscv
Event: 0.272 loading class LLVMIRToRiscv done
Event: 0.272 loading class RegisterAllocator
Event: 0.272 loading class RegisterAllocator done
Event: 0.273 loading class AsmBuilder
Event: 0.273 loading class AsmBuilder done


Dynamic libraries:
708c00000-718400000 rw-p 00000000 00:00 0 
718400000-7bfe00000 ---p 00000000 00:00 0 
7bfe00000-7bfe48000 rw-p 00b14000 08:30 134337                           /usr/lib/jvm/java-11-openjdk-amd64/lib/server/classes.jsa
7bfe48000-7bff00000 rw-p 00000000 00:00 0 
7bff00000-7bff6c000 rw-p 00aa8000 08:30 134337                           /usr/lib/jvm/java-11-openjdk-amd64/lib/server/classes.jsa
7bff6c000-7c0000000 rw-p 00000000 00:00 0 
7c0000000-800000000 ---p 00000000 00:00 0 
800000000-800002000 rwxp 00001000 08:30 134337                           /usr/lib/jvm/java-11-openjdk-amd64/lib/server/classes.jsa
800002000-8003ce000 rw-p 00003000 08:30 134337                           /usr/lib/jvm/java-11-openjdk-amd64/lib/server/classes.jsa
8003ce000-800aa6000 r--p 003cf000 08:30 134337                           /usr/lib/jvm/java-11-openjdk-amd64/lib/server/classes.jsa
800aa6000-800aa7000 rw-p 00aa7000 08:30 134337                           /usr/lib/jvm/java-11-openjdk-amd64/lib/server/classes.jsa
840000000-8400c0000 rw-p 00000000 00:00 0 
8400c0000-880000000 ---p 00000000 00:00 0 
64042b8bf000-64042b8c0000 r--p 00000000 08:30 134745                     /usr/lib/jvm/java-11-openjdk-amd64/bin/java
64042b8c0000-64042b8c1000 r-xp 00001000 08:30 134745                     /usr/lib/jvm/java-11-openjdk-amd64/bin/java
64042b8c1000-64042b8c2000 r--p 00002000 08:30 134745                     /usr/lib/jvm/java-11-openjdk-amd64/bin/java
64042b8c2000-64042b8c3000 r--p 00002000 08:30 134745                     /usr/lib/jvm/java-11-openjdk-amd64/bin/java
64042b8c3000-64042b8c4000 rw-p 00003000 08:30 134745                     /usr/lib/jvm/java-11-openjdk-amd64/bin/java
64044ab75000-64044ab96000 rw-p 00000000 00:00 0                          [heap]
7d116d400000-7d116dd26000 r--p 00000000 08:30 204242                     /home/crz/.javacpp/cache/llvm-13.0.1-1.5.7-linux-x86_64.jar/org/bytedeco/llvm/linux-x86_64/libLLVM-13.so
7d116dd26000-7d11716e9000 r-xp 00926000 08:30 204242                     /home/crz/.javacpp/cache/llvm-13.0.1-1.5.7-linux-x86_64.jar/org/bytedeco/llvm/linux-x86_64/libLLVM-13.so
7d11716e9000-7d117393e000 r--p 042e9000 08:30 204242                     /home/crz/.javacpp/cache/llvm-13.0.1-1.5.7-linux-x86_64.jar/org/bytedeco/llvm/linux-x86_64/libLLVM-13.so
7d117393e000-7d1173e53000 r--p 0653d000 08:30 204242                     /home/crz/.javacpp/cache/llvm-13.0.1-1.5.7-linux-x86_64.jar/org/bytedeco/llvm/linux-x86_64/libLLVM-13.so
7d1173e53000-7d1173e5e000 rw-p 06a52000 08:30 204242                     /home/crz/.javacpp/cache/llvm-13.0.1-1.5.7-linux-x86_64.jar/org/bytedeco/llvm/linux-x86_64/libLLVM-13.so
7d1173e5e000-7d1173ed4000 rw-p 00000000 00:00 0 
7d1174000000-7d1174021000 rw-p 00000000 00:00 0 
7d1174021000-7d1178000000 ---p 00000000 00:00 0 
7d1178000000-7d1178081000 rw-p 00000000 00:00 0 
7d1178081000-7d117c000000 ---p 00000000 00:00 0 
7d117c000000-7d117c021000 rw-p 00000000 00:00 0 
7d117c021000-7d1180000000 ---p 00000000 00:00 0 
7d1180000000-7d1180021000 rw-p 00000000 00:00 0 
7d1180021000-7d1184000000 ---p 00000000 00:00 0 
7d1184000000-7d1184021000 rw-p 00000000 00:00 0 
7d1184021000-7d1188000000 ---p 00000000 00:00 0 
7d1188000000-7d1188021000 rw-p 00000000 00:00 0 
7d1188021000-7d118c000000 ---p 00000000 00:00 0 
7d118c000000-7d118c021000 rw-p 00000000 00:00 0 
7d118c021000-7d1190000000 ---p 00000000 00:00 0 
7d1190000000-7d119020c000 rw-p 00000000 00:00 0 
7d119020c000-7d1194000000 ---p 00000000 00:00 0 
7d1194000000-7d11942c3000 rw-p 00000000 00:00 0 
7d11942c3000-7d1198000000 ---p 00000000 00:00 0 
7d1198000000-7d11981bb000 rw-p 00000000 00:00 0 
7d11981bb000-7d119c000000 ---p 00000000 00:00 0 
7d119c000000-7d119c021000 rw-p 00000000 00:00 0 
7d119c021000-7d11a0000000 ---p 00000000 00:00 0 
7d11a0000000-7d11a0021000 rw-p 00000000 00:00 0 
7d11a0021000-7d11a4000000 ---p 00000000 00:00 0 
7d11a4000000-7d11a4021000 rw-p 00000000 00:00 0 
7d11a4021000-7d11a8000000 ---p 00000000 00:00 0 
7d11a8000000-7d11a8021000 rw-p 00000000 00:00 0 
7d11a8021000-7d11ac000000 ---p 00000000 00:00 0 
7d11ac000000-7d11ac021000 rw-p 00000000 00:00 0 
7d11ac021000-7d11b0000000 ---p 00000000 00:00 0 
7d11b0000000-7d11b0021000 rw-p 00000000 00:00 0 
7d11b0021000-7d11b4000000 ---p 00000000 00:00 0 
7d11b4000000-7d11b4021000 rw-p 00000000 00:00 0 
7d11b4021000-7d11b8000000 ---p 00000000 00:00 0 
7d11b8000000-7d11b8021000 rw-p 00000000 00:00 0 
7d11b8021000-7d11bc000000 ---p 00000000 00:00 0 
7d11bd245000-7d11bd5f9000 rw-p 00000000 00:00 0 
7d11bd5f9000-7d11bd65e000 r--p 00000000 08:30 204256                     /home/crz/.javacpp/cache/llvm-13.0.1-1.5.7-linux-x86_64.jar/org/bytedeco/llvm/linux-x86_64/libjniLLVM.so
7d11bd65e000-7d11bd6cc000 r-xp 00065000 08:30 204256                     /home/crz/.javacpp/cache/llvm-13.0.1-1.5.7-linux-x86_64.jar/org/bytedeco/llvm/linux-x86_64/libjniLLVM.so
7d11bd6cc000-7d11bd6f7000 r--p 000d3000 08:30 204256                     /home/crz/.javacpp/cache/llvm-13.0.1-1.5.7-linux-x86_64.jar/org/bytedeco/llvm/linux-x86_64/libjniLLVM.so
7d11bd6f7000-7d11bd6fa000 r--p 000fd000 08:30 204256                     /home/crz/.javacpp/cache/llvm-13.0.1-1.5.7-linux-x86_64.jar/org/bytedeco/llvm/linux-x86_64/libjniLLVM.so
7d11bd6fa000-7d11bd6fd000 rw-p 00100000 08:30 204256                     /home/crz/.javacpp/cache/llvm-13.0.1-1.5.7-linux-x86_64.jar/org/bytedeco/llvm/linux-x86_64/libjniLLVM.so
7d11bd6fd000-7d11bd6ff000 rw-p 00000000 00:00 0 
7d11bd6ff000-7d11bd703000 ---p 00000000 00:00 0 
7d11bd703000-7d11bd7ff000 rw-p 00000000 00:00 0 
7d11bd7ff000-7d11bd803000 ---p 00000000 00:00 0 
7d11bd803000-7d11bd8ff000 rw-p 00000000 00:00 0 
7d11bd8ff000-7d11bd903000 ---p 00000000 00:00 0 
7d11bd903000-7d11bd9ff000 rw-p 00000000 00:00 0 
7d11bd9ff000-7d11bda03000 ---p 00000000 00:00 0 
7d11bda03000-7d11bdaff000 rw-p 00000000 00:00 0 
7d11bdaff000-7d11bdb03000 ---p 00000000 00:00 0 
7d11bdb03000-7d11bdbff000 rw-p 00000000 00:00 0 
7d11bdbff000-7d11bdc00000 ---p 00000000 00:00 0 
7d11bdc00000-7d11bdd00000 rw-p 00000000 00:00 0 
7d11bdd00000-7d11bdd04000 ---p 00000000 00:00 0 
7d11bdd04000-7d11bde00000 rw-p 00000000 00:00 0 
7d11bde00000-7d11bde04000 ---p 00000000 00:00 0 
7d11bde04000-7d11bdf00000 rw-p 00000000 00:00 0 
7d11bdf00000-7d11bdf04000 ---p 00000000 00:00 0 
7d11bdf04000-7d11be000000 rw-p 00000000 00:00 0 
7d11be000000-7d11be004000 ---p 00000000 00:00 0 
7d11be004000-7d11be100000 rw-p 00000000 00:00 0 
7d11be100000-7d11be104000 ---p 00000000 00:00 0 
7d11be104000-7d11be200000 rw-p 00000000 00:00 0 
7d11be200000-7d11be7ed000 r--p 00000000 08:30 2460                       /usr/lib/locale/locale-archive
7d11be7f3000-7d11be7f7000 ---p 00000000 00:00 0 
7d11be7f7000-7d11be8f3000 rw-p 00000000 00:00 0 
7d11be8f3000-7d11be8f7000 ---p 00000000 00:00 0 
7d11be8f7000-7d11be9f3000 rw-p 00000000 00:00 0 
7d11be9f3000-7d11be9f7000 ---p 00000000 00:00 0 
7d11be9f7000-7d11beaf3000 rw-p 00000000 00:00 0 
7d11beaf3000-7d11beaf4000 ---p 00000000 00:00 0 
7d11beaf4000-7d11bf1f4000 rw-p 00000000 00:00 0 
7d11bf1f4000-7d11bf3f4000 ---p 00000000 00:00 0 
7d11bf3f4000-7d11bf3f5000 ---p 00000000 00:00 0 
7d11bf3f5000-7d11bf4f5000 rw-p 00000000 00:00 0 
7d11bf4f5000-7d11bf4f6000 ---p 00000000 00:00 0 
7d11bf4f6000-7d11c0000000 rw-p 00000000 00:00 0 
7d11c0000000-7d11c0021000 rw-p 00000000 00:00 0 
7d11c0021000-7d11c4000000 ---p 00000000 00:00 0 
7d11c4030000-7d11c6535000 rw-p 00000000 00:00 0 
7d11c6535000-7d11c6536000 ---p 00000000 00:00 0 
7d11c6536000-7d11c6636000 rw-p 00000000 00:00 0 
7d11c6636000-7d11c6637000 ---p 00000000 00:00 0 
7d11c6637000-7d11c6d0e000 rw-p 00000000 00:00 0 
7d11c6d0e000-7d11c96f6000 ---p 00000000 00:00 0 
7d11c96f6000-7d11c96fe000 rw-p 00000000 00:00 0 
7d11c96fe000-7d11ca6fe000 ---p 00000000 00:00 0 
7d11ca6fe000-7d11caade000 rw-p 00000000 00:00 0 
7d11caade000-7d11cd4c6000 ---p 00000000 00:00 0 
7d11cd4c6000-7d11cd4ce000 rw-p 00000000 00:00 0 
7d11cd4ce000-7d11ce4ce000 ---p 00000000 00:00 0 
7d11ce4ce000-7d11ce54a000 rw-p 00000000 00:00 0 
7d11ce54a000-7d11cea87000 ---p 00000000 00:00 0 
7d11cea87000-7d11cea88000 rw-p 00000000 00:00 0 
7d11cea88000-7d11cec88000 ---p 00000000 00:00 0 
7d11cec88000-7d11ced04000 rw-p 00000000 00:00 0 
7d11ced04000-7d11cf241000 ---p 00000000 00:00 0 
7d11cf241000-7d11cf242000 rw-p 00000000 00:00 0 
7d11cf242000-7d11cf442000 ---p 00000000 00:00 0 
7d11cf442000-7d11cf4be000 rw-p 00000000 00:00 0 
7d11cf4be000-7d11cf9fb000 ---p 00000000 00:00 0 
7d11cf9fb000-7d11cf9fc000 rw-p 00000000 00:00 0 
7d11cf9fc000-7d11cfbfc000 ---p 00000000 00:00 0 
7d11cfbfc000-7d11d0000000 rw-p 00000000 00:00 0 
7d11d0000000-7d11d0021000 rw-p 00000000 00:00 0 
7d11d0021000-7d11d4000000 ---p 00000000 00:00 0 
7d11d40f4000-7d11d40fb000 r--s 00000000 08:30 126817                     /usr/lib/x86_64-linux-gnu/gconv/gconv-modules.cache
7d11d40fb000-7d11d4600000 rw-p 00000000 00:00 0 
7d11d4600000-7d11d48d0000 rwxp 00000000 00:00 0 
7d11d48d0000-7d11d4d3f000 ---p 00000000 00:00 0 
7d11d4d3f000-7d11d4faf000 rwxp 00000000 00:00 0 
7d11d4faf000-7d11dc19f000 ---p 00000000 00:00 0 
7d11dc19f000-7d11dc40f000 rwxp 00000000 00:00 0 
7d11dc40f000-7d11e3600000 ---p 00000000 00:00 0 
7d11e3600000-7d11ebe41000 r--s 00000000 08:30 134824                     /usr/lib/jvm/java-11-openjdk-amd64/lib/modules
7d11ebe43000-7d11ebe44000 r--p 00000000 08:30 204251                     /home/crz/.javacpp/cache/llvm-13.0.1-1.5.7-linux-x86_64.jar/org/bytedeco/llvm/linux-x86_64/libRemarks.so.13
7d11ebe44000-7d11ebe45000 r-xp 00001000 08:30 204251                     /home/crz/.javacpp/cache/llvm-13.0.1-1.5.7-linux-x86_64.jar/org/bytedeco/llvm/linux-x86_64/libRemarks.so.13
7d11ebe45000-7d11ebe46000 r--p 00002000 08:30 204251                     /home/crz/.javacpp/cache/llvm-13.0.1-1.5.7-linux-x86_64.jar/org/bytedeco/llvm/linux-x86_64/libRemarks.so.13
7d11ebe46000-7d11ebe47000 r--p 00002000 08:30 204251                     /home/crz/.javacpp/cache/llvm-13.0.1-1.5.7-linux-x86_64.jar/org/bytedeco/llvm/linux-x86_64/libRemarks.so.13
7d11ebe47000-7d11ebe48000 rw-p 00003000 08:30 204251                     /home/crz/.javacpp/cache/llvm-13.0.1-1.5.7-linux-x86_64.jar/org/bytedeco/llvm/linux-x86_64/libRemarks.so.13
7d11ebe48000-7d11ebe49000 r--p 00000000 08:30 94026                      /usr/lib/x86_64-linux-gnu/libdl.so.2
7d11ebe49000-7d11ebe4a000 r-xp 00001000 08:30 94026                      /usr/lib/x86_64-linux-gnu/libdl.so.2
7d11ebe4a000-7d11ebe4b000 r--p 00002000 08:30 94026                      /usr/lib/x86_64-linux-gnu/libdl.so.2
7d11ebe4b000-7d11ebe4c000 r--p 00002000 08:30 94026                      /usr/lib/x86_64-linux-gnu/libdl.so.2
7d11ebe4c000-7d11ebe4d000 rw-p 00003000 08:30 94026                      /usr/lib/x86_64-linux-gnu/libdl.so.2
7d11ebe4d000-7d11ec000000 rw-p 00000000 00:00 0 
7d11ec000000-7d11ec4b0000 rw-p 00000000 00:00 0 
7d11ec4b0000-7d11f0000000 ---p 00000000 00:00 0 
7d11f0004000-7d11f000b000 r--p 00000000 08:30 204245                     /home/crz/.javacpp/cache/llvm-13.0.1-1.5.7-linux-x86_64.jar/org/bytedeco/llvm/linux-x86_64/libLTO.so.13
7d11f000b000-7d11f0013000 r-xp 00007000 08:30 204245                     /home/crz/.javacpp/cache/llvm-13.0.1-1.5.7-linux-x86_64.jar/org/bytedeco/llvm/linux-x86_64/libLTO.so.13
7d11f0013000-7d11f0015000 r--p 0000f000 08:30 204245                     /home/crz/.javacpp/cache/llvm-13.0.1-1.5.7-linux-x86_64.jar/org/bytedeco/llvm/linux-x86_64/libLTO.so.13
7d11f0015000-7d11f0016000 r--p 00010000 08:30 204245                     /home/crz/.javacpp/cache/llvm-13.0.1-1.5.7-linux-x86_64.jar/org/bytedeco/llvm/linux-x86_64/libLTO.so.13
7d11f0016000-7d11f0017000 rw-p 00011000 08:30 204245                     /home/crz/.javacpp/cache/llvm-13.0.1-1.5.7-linux-x86_64.jar/org/bytedeco/llvm/linux-x86_64/libLTO.so.13
7d11f0017000-7d11f001b000 r--p 00000000 08:30 204229                     /home/crz/.javacpp/cache/javacpp-1.5.7-linux-x86_64.jar/org/bytedeco/javacpp/linux-x86_64/libjnijavacpp.so
7d11f001b000-7d11f0022000 r-xp 00004000 08:30 204229                     /home/crz/.javacpp/cache/javacpp-1.5.7-linux-x86_64.jar/org/bytedeco/javacpp/linux-x86_64/libjnijavacpp.so
7d11f0022000-7d11f0026000 r--p 0000b000 08:30 204229                     /home/crz/.javacpp/cache/javacpp-1.5.7-linux-x86_64.jar/org/bytedeco/javacpp/linux-x86_64/libjnijavacpp.so
7d11f0026000-7d11f0027000 r--p 0000e000 08:30 204229                     /home/crz/.javacpp/cache/javacpp-1.5.7-linux-x86_64.jar/org/bytedeco/javacpp/linux-x86_64/libjnijavacpp.so
7d11f0027000-7d11f0028000 rw-p 0000f000 08:30 204229                     /home/crz/.javacpp/cache/javacpp-1.5.7-linux-x86_64.jar/org/bytedeco/javacpp/linux-x86_64/libjnijavacpp.so
7d11f0028000-7d11f052d000 rw-p 00000000 00:00 0 
7d11f052d000-7d11f052e000 ---p 00000000 00:00 0 
7d11f052e000-7d11f0633000 rw-p 00000000 00:00 0 
7d11f0633000-7d11f0717000 ---p 00000000 00:00 0 
7d11f0717000-7d11f071c000 rw-p 00000000 00:00 0 
7d11f071c000-7d11f0800000 ---p 00000000 00:00 0 
7d11f0800000-7d11f089a000 r--p 00000000 08:30 6947                       /usr/lib/x86_64-linux-gnu/libstdc++.so.6.0.30
7d11f089a000-7d11f09ab000 r-xp 0009a000 08:30 6947                       /usr/lib/x86_64-linux-gnu/libstdc++.so.6.0.30
7d11f09ab000-7d11f0a1a000 r--p 001ab000 08:30 6947                       /usr/lib/x86_64-linux-gnu/libstdc++.so.6.0.30
7d11f0a1a000-7d11f0a1b000 ---p 0021a000 08:30 6947                       /usr/lib/x86_64-linux-gnu/libstdc++.so.6.0.30
7d11f0a1b000-7d11f0a26000 r--p 0021a000 08:30 6947                       /usr/lib/x86_64-linux-gnu/libstdc++.so.6.0.30
7d11f0a26000-7d11f0a29000 rw-p 00225000 08:30 6947                       /usr/lib/x86_64-linux-gnu/libstdc++.so.6.0.30
7d11f0a29000-7d11f0a2c000 rw-p 00000000 00:00 0 
7d11f0a30000-7d11f0a34000 r--p 00000000 08:30 134814                     /usr/lib/jvm/java-11-openjdk-amd64/lib/libnet.so
7d11f0a34000-7d11f0a42000 r-xp 00004000 08:30 134814                     /usr/lib/jvm/java-11-openjdk-amd64/lib/libnet.so
7d11f0a42000-7d11f0a46000 r--p 00012000 08:30 134814                     /usr/lib/jvm/java-11-openjdk-amd64/lib/libnet.so
7d11f0a46000-7d11f0a47000 r--p 00015000 08:30 134814                     /usr/lib/jvm/java-11-openjdk-amd64/lib/libnet.so
7d11f0a47000-7d11f0a48000 rw-p 00016000 08:30 134814                     /usr/lib/jvm/java-11-openjdk-amd64/lib/libnet.so
7d11f0a48000-7d11f0a4f000 r--p 00000000 08:30 134815                     /usr/lib/jvm/java-11-openjdk-amd64/lib/libnio.so
7d11f0a4f000-7d11f0a57000 r-xp 00007000 08:30 134815                     /usr/lib/jvm/java-11-openjdk-amd64/lib/libnio.so
7d11f0a57000-7d11f0a5a000 r--p 0000f000 08:30 134815                     /usr/lib/jvm/java-11-openjdk-amd64/lib/libnio.so
7d11f0a5a000-7d11f0a5b000 r--p 00011000 08:30 134815                     /usr/lib/jvm/java-11-openjdk-amd64/lib/libnio.so
7d11f0a5b000-7d11f0a5c000 rw-p 00012000 08:30 134815                     /usr/lib/jvm/java-11-openjdk-amd64/lib/libnio.so
7d11f0a5c000-7d11f0b00000 rw-p 00000000 00:00 0 
7d11f0b00000-7d11f0b04000 ---p 00000000 00:00 0 
7d11f0b04000-7d11f0c00000 rw-p 00000000 00:00 0 
7d11f0c00000-7d11f0e83000 r--p 00000000 08:30 134827                     /usr/lib/jvm/java-11-openjdk-amd64/lib/server/libjvm.so
7d11f0e83000-7d11f1b2e000 r-xp 00283000 08:30 134827                     /usr/lib/jvm/java-11-openjdk-amd64/lib/server/libjvm.so
7d11f1b2e000-7d11f1d8a000 r--p 00f2e000 08:30 134827                     /usr/lib/jvm/java-11-openjdk-amd64/lib/server/libjvm.so
7d11f1d8a000-7d11f1e4e000 r--p 01189000 08:30 134827                     /usr/lib/jvm/java-11-openjdk-amd64/lib/server/libjvm.so
7d11f1e4e000-7d11f1e89000 rw-p 0124d000 08:30 134827                     /usr/lib/jvm/java-11-openjdk-amd64/lib/server/libjvm.so
7d11f1e89000-7d11f1ee0000 rw-p 00000000 00:00 0 
7d11f1ee4000-7d11f1ee5000 r--p 00000000 08:30 94037                      /usr/lib/x86_64-linux-gnu/libpthread.so.0
7d11f1ee5000-7d11f1ee6000 r-xp 00001000 08:30 94037                      /usr/lib/x86_64-linux-gnu/libpthread.so.0
7d11f1ee6000-7d11f1ee7000 r--p 00002000 08:30 94037                      /usr/lib/x86_64-linux-gnu/libpthread.so.0
7d11f1ee7000-7d11f1ee8000 r--p 00002000 08:30 94037                      /usr/lib/x86_64-linux-gnu/libpthread.so.0
7d11f1ee8000-7d11f1ee9000 rw-p 00003000 08:30 94037                      /usr/lib/x86_64-linux-gnu/libpthread.so.0
7d11f1ee9000-7d11f1f10000 rw-p 00000000 00:00 0 
7d11f1f10000-7d11f1f19000 ---p 00000000 00:00 0 
7d11f1f19000-7d11f1f27000 r--p 00000000 08:30 94027                      /usr/lib/x86_64-linux-gnu/libm.so.6
7d11f1f27000-7d11f1fa3000 r-xp 0000e000 08:30 94027                      /usr/lib/x86_64-linux-gnu/libm.so.6
7d11f1fa3000-7d11f1ffe000 r--p 0008a000 08:30 94027                      /usr/lib/x86_64-linux-gnu/libm.so.6
7d11f1ffe000-7d11f1fff000 r--p 000e4000 08:30 94027                      /usr/lib/x86_64-linux-gnu/libm.so.6
7d11f1fff000-7d11f2000000 rw-p 000e5000 08:30 94027                      /usr/lib/x86_64-linux-gnu/libm.so.6
7d11f2000000-7d11f2028000 r--p 00000000 08:30 94024                      /usr/lib/x86_64-linux-gnu/libc.so.6
7d11f2028000-7d11f21bd000 r-xp 00028000 08:30 94024                      /usr/lib/x86_64-linux-gnu/libc.so.6
7d11f21bd000-7d11f2215000 r--p 001bd000 08:30 94024                      /usr/lib/x86_64-linux-gnu/libc.so.6
7d11f2215000-7d11f2216000 ---p 00215000 08:30 94024                      /usr/lib/x86_64-linux-gnu/libc.so.6
7d11f2216000-7d11f221a000 r--p 00215000 08:30 94024                      /usr/lib/x86_64-linux-gnu/libc.so.6
7d11f221a000-7d11f221c000 rw-p 00219000 08:30 94024                      /usr/lib/x86_64-linux-gnu/libc.so.6
7d11f221c000-7d11f2229000 rw-p 00000000 00:00 0 
7d11f222b000-7d11f222d000 r--p 00000000 08:30 134823                     /usr/lib/jvm/java-11-openjdk-amd64/lib/libzip.so
7d11f222d000-7d11f2232000 r-xp 00002000 08:30 134823                     /usr/lib/jvm/java-11-openjdk-amd64/lib/libzip.so
7d11f2232000-7d11f2234000 r--p 00007000 08:30 134823                     /usr/lib/jvm/java-11-openjdk-amd64/lib/libzip.so
7d11f2234000-7d11f2235000 r--p 00008000 08:30 134823                     /usr/lib/jvm/java-11-openjdk-amd64/lib/libzip.so
7d11f2235000-7d11f2236000 rw-p 00009000 08:30 134823                     /usr/lib/jvm/java-11-openjdk-amd64/lib/libzip.so
7d11f2236000-7d11f223e000 rw-s 00000000 08:30 139242                     /tmp/hsperfdata_crz/11621
7d11f223e000-7d11f2240000 r--p 00000000 08:30 134806                     /usr/lib/jvm/java-11-openjdk-amd64/lib/libjimage.so
7d11f2240000-7d11f2243000 r-xp 00002000 08:30 134806                     /usr/lib/jvm/java-11-openjdk-amd64/lib/libjimage.so
7d11f2243000-7d11f2244000 r--p 00005000 08:30 134806                     /usr/lib/jvm/java-11-openjdk-amd64/lib/libjimage.so
7d11f2244000-7d11f2245000 ---p 00006000 08:30 134806                     /usr/lib/jvm/java-11-openjdk-amd64/lib/libjimage.so
7d11f2245000-7d11f2246000 r--p 00006000 08:30 134806                     /usr/lib/jvm/java-11-openjdk-amd64/lib/libjimage.so
7d11f2246000-7d11f2247000 rw-p 00007000 08:30 134806                     /usr/lib/jvm/java-11-openjdk-amd64/lib/libjimage.so
7d11f2247000-7d11f2255000 r--p 00000000 08:30 134803                     /usr/lib/jvm/java-11-openjdk-amd64/lib/libjava.so
7d11f2255000-7d11f226b000 r-xp 0000e000 08:30 134803                     /usr/lib/jvm/java-11-openjdk-amd64/lib/libjava.so
7d11f226b000-7d11f2272000 r--p 00024000 08:30 134803                     /usr/lib/jvm/java-11-openjdk-amd64/lib/libjava.so
7d11f2272000-7d11f2273000 r--p 0002a000 08:30 134803                     /usr/lib/jvm/java-11-openjdk-amd64/lib/libjava.so
7d11f2273000-7d11f2274000 rw-p 0002b000 08:30 134803                     /usr/lib/jvm/java-11-openjdk-amd64/lib/libjava.so
7d11f2274000-7d11f2275000 rw-p 00000000 00:00 0 
7d11f2275000-7d11f2276000 r--p 00000000 08:30 94039                      /usr/lib/x86_64-linux-gnu/librt.so.1
7d11f2276000-7d11f2277000 r-xp 00001000 08:30 94039                      /usr/lib/x86_64-linux-gnu/librt.so.1
7d11f2277000-7d11f2278000 r--p 00002000 08:30 94039                      /usr/lib/x86_64-linux-gnu/librt.so.1
7d11f2278000-7d11f2279000 r--p 00002000 08:30 94039                      /usr/lib/x86_64-linux-gnu/librt.so.1
7d11f2279000-7d11f227a000 rw-p 00003000 08:30 94039                      /usr/lib/x86_64-linux-gnu/librt.so.1
7d11f227a000-7d11f227d000 r--p 00000000 08:30 6709                       /usr/lib/x86_64-linux-gnu/libgcc_s.so.1
7d11f227d000-7d11f2294000 r-xp 00003000 08:30 6709                       /usr/lib/x86_64-linux-gnu/libgcc_s.so.1
7d11f2294000-7d11f2298000 r--p 0001a000 08:30 6709                       /usr/lib/x86_64-linux-gnu/libgcc_s.so.1
7d11f2298000-7d11f2299000 r--p 0001d000 08:30 6709                       /usr/lib/x86_64-linux-gnu/libgcc_s.so.1
7d11f2299000-7d11f229a000 rw-p 0001e000 08:30 6709                       /usr/lib/x86_64-linux-gnu/libgcc_s.so.1
7d11f229a000-7d11f229d000 rw-p 00000000 00:00 0 
7d11f229d000-7d11f22a0000 r--p 00000000 08:30 134788                     /usr/lib/jvm/java-11-openjdk-amd64/lib/jli/libjli.so
7d11f22a0000-7d11f22aa000 r-xp 00003000 08:30 134788                     /usr/lib/jvm/java-11-openjdk-amd64/lib/jli/libjli.so
7d11f22aa000-7d11f22ad000 r--p 0000d000 08:30 134788                     /usr/lib/jvm/java-11-openjdk-amd64/lib/jli/libjli.so
7d11f22ad000-7d11f22ae000 ---p 00010000 08:30 134788                     /usr/lib/jvm/java-11-openjdk-amd64/lib/jli/libjli.so
7d11f22ae000-7d11f22af000 r--p 00010000 08:30 134788                     /usr/lib/jvm/java-11-openjdk-amd64/lib/jli/libjli.so
7d11f22af000-7d11f22b0000 rw-p 00011000 08:30 134788                     /usr/lib/jvm/java-11-openjdk-amd64/lib/jli/libjli.so
7d11f22b0000-7d11f22b2000 r--p 00000000 08:30 6997                       /usr/lib/x86_64-linux-gnu/libz.so.1.2.11
7d11f22b2000-7d11f22c3000 r-xp 00002000 08:30 6997                       /usr/lib/x86_64-linux-gnu/libz.so.1.2.11
7d11f22c3000-7d11f22c9000 r--p 00013000 08:30 6997                       /usr/lib/x86_64-linux-gnu/libz.so.1.2.11
7d11f22c9000-7d11f22ca000 ---p 00019000 08:30 6997                       /usr/lib/x86_64-linux-gnu/libz.so.1.2.11
7d11f22ca000-7d11f22cb000 r--p 00019000 08:30 6997                       /usr/lib/x86_64-linux-gnu/libz.so.1.2.11
7d11f22cb000-7d11f22cc000 rw-p 0001a000 08:30 6997                       /usr/lib/x86_64-linux-gnu/libz.so.1.2.11
7d11f22cc000-7d11f22cd000 ---p 00000000 00:00 0 
7d11f22cd000-7d11f22ce000 r--p 00000000 00:00 0 
7d11f22ce000-7d11f22d3000 r--p 00000000 08:30 134822                     /usr/lib/jvm/java-11-openjdk-amd64/lib/libverify.so
7d11f22d3000-7d11f22da000 r-xp 00005000 08:30 134822                     /usr/lib/jvm/java-11-openjdk-amd64/lib/libverify.so
7d11f22da000-7d11f22dc000 r--p 0000c000 08:30 134822                     /usr/lib/jvm/java-11-openjdk-amd64/lib/libverify.so
7d11f22dc000-7d11f22de000 r--p 0000d000 08:30 134822                     /usr/lib/jvm/java-11-openjdk-amd64/lib/libverify.so
7d11f22de000-7d11f22df000 rw-p 0000f000 08:30 134822                     /usr/lib/jvm/java-11-openjdk-amd64/lib/libverify.so
7d11f22df000-7d11f22e1000 rw-p 00000000 00:00 0 
7d11f22e1000-7d11f22e3000 r--p 00000000 08:30 94020                      /usr/lib/x86_64-linux-gnu/ld-linux-x86-64.so.2
7d11f22e3000-7d11f230d000 r-xp 00002000 08:30 94020                      /usr/lib/x86_64-linux-gnu/ld-linux-x86-64.so.2
7d11f230d000-7d11f2318000 r--p 0002c000 08:30 94020                      /usr/lib/x86_64-linux-gnu/ld-linux-x86-64.so.2
7d11f2319000-7d11f231b000 r--p 00037000 08:30 94020                      /usr/lib/x86_64-linux-gnu/ld-linux-x86-64.so.2
7d11f231b000-7d11f231d000 rw-p 00039000 08:30 94020                      /usr/lib/x86_64-linux-gnu/ld-linux-x86-64.so.2
7ffda3858000-7ffda387a000 rw-p 00000000 00:00 0                          [stack]
7ffda3963000-7ffda3967000 r--p 00000000 00:00 0                          [vvar]
7ffda3967000-7ffda3969000 r-xp 00000000 00:00 0                          [vdso]


VM Arguments:
java_command: Main tests/develop_test/01backpack.sysy tests/develop_test/01backpack.ll
java_class_path (initial): ./classes:/usr/local/lib/antlr-4.9.1-complete.jar:/usr/local/lib/llvm-13.0.1-1.5.7.jar:/usr/local/lib/llvm-13.0.1-1.5.7-linux-x86_64.jar:/usr/local/lib/llvm-platform-13.0.1-1.5.7.jar:/usr/local/lib/javacpp-1.5.7-linux-x86_64.jar:/usr/local/lib/javacpp-1.5.7.jar
Launcher Type: SUN_STANDARD

[Global flags]
     intx CICompilerCount                          = 12                                        {product} {ergonomic}
     uint ConcGCThreads                            = 4                                         {product} {ergonomic}
     uint G1ConcRefinementThreads                  = 15                                        {product} {ergonomic}
   size_t G1HeapRegionSize                         = 1048576                                   {product} {ergonomic}
    uintx GCDrainStackTargetSize                   = 64                                        {product} {ergonomic}
   size_t InitialHeapSize                          = 260046848                                 {product} {ergonomic}
   size_t MarkStackSize                            = 4194304                                   {product} {ergonomic}
   size_t MaxHeapSize                              = 4148166656                                {product} {ergonomic}
   size_t MaxNewSize                               = 2488270848                                {product} {ergonomic}
   size_t MinHeapDeltaBytes                        = 1048576                                   {product} {ergonomic}
    uintx NonNMethodCodeHeapSize                   = 7594288                                {pd product} {ergonomic}
    uintx NonProfiledCodeHeapSize                  = 122031976                              {pd product} {ergonomic}
    uintx ProfiledCodeHeapSize                     = 122031976                              {pd product} {ergonomic}
    uintx ReservedCodeCacheSize                    = 251658240                              {pd product} {ergonomic}
     bool SegmentedCodeCache                       = true                                      {product} {ergonomic}
     bool UseCompressedClassPointers               = true                                 {lp64_product} {ergonomic}
     bool UseCompressedOops                        = true                                 {lp64_product} {ergonomic}
     bool UseG1GC                                  = true                                      {product} {ergonomic}

Logging:
Log output configuration:
 #0: stdout all=warning uptime,level,tags
 #1: stderr all=off uptime,level,tags

Environment Variables:
CLASSPATH=/usr/local/lib/antlr-4.9.1-complete.jar:/usr/local/lib/llvm-13.0.1-1.5.7.jar:/usr/local/lib/llvm-13.0.1-1.5.7-linux-x86_64.jar:/usr/local/lib/llvm-platform-13.0.1-1.5.7.jar:/usr/local/lib/javacpp-1.5.7-linux-x86_64.jar:/usr/local/lib/javacpp-1.5.7.jar
PATH=/home/crz/.local/bin:/home/crz/.cargo/bin:/home/crz/.local/bin:~/my_script:/usr/local/sbin:/usr/local/bin:/usr/sbin:/usr/bin:/sbin:/bin:/usr/games:/usr/local/games:/usr/lib/wsl/lib:/mnt/c/Program Files/Java/jdk-21/bin:/mnt/c/Program Files/Common Files/Oracle/Java/javapath:/mnt/e/vmware/bin/:/mnt/c/Program Files (x86)/Common Files/Oracle/Java/java8path:/mnt/c/Program Files (x86)/Common Files/Oracle/Java/javapath:/mnt/c/Windows/system32:/mnt/c/Windows:/mnt/c/Windows/System32/Wbem:/mnt/c/Windows/System32/WindowsPowerShell/v1.0/:/mnt/c/Windows/System32/OpenSSH/:/mnt/c/Users/crz/Downloads/winlibs-x86_64-posix-seh-gcc-12.3.0-llvm-16.0.4-mingw-w64ucrt-11.0.0-r1.zip/mingw64/bin:/mnt/d/mingw64/bin:/mnt/d/Git/cmd:/mnt/c/Program Files/dotnet/:/mnt/e/SDL-CPLproj/SDL2/mingw(CLion+VSC)/SDL2-2.26.0-allinone/x86_64-w64-mingw32/bin:/mnt/c/Program Files/Cloudflare/Cloudflare WARP/:/mnt/c/Users/crz/AppData/Local/Programs/Python/Python311/Lib/site-packages/pyecharts:/mnt/c/Program Files/MATLAB/R2023a/runtime/win64:/mnt/c/Program Files/MATLAB/R2023a/bin:/mnt/c/Program Files/gs/gs10.03.1/bin:/mnt/e/:/mnt/e/bitvise-ssh:/mnt/d/:/mnt/c/ProgramData/chocolatey/bin:/mnt/c/Program Files/MySQL/MySQL Server 8.0/bin:/mnt/c/Program Files/MySQL/MySQL Shell 8.0/bin/:/mnt/e/anaconda3:/mnt/e/anaconda3/Library/mingw-w64/bin:/mnt/e/anaconda3/Library/usr/bin:/mnt/e/anaconda3/Library/bin:/mnt/e/anaconda3/Scripts:/mnt/c/Users/crz/AppData/Local/Microsoft/WindowsApps:/mnt/c/Users/crz/Downloads/winlibs-x86_64-posix-seh-gcc-12.3.0-llvm-16.0.4-mingw-w64ucrt-11.0.0-r1.zip/mingw64/bin:/mnt/d/mingw64/bin:/mnt/e/Microsoft VS Code/bin:/mnt/e/CLion 2022.3/bin:/mnt/c/Users/crz/AppData/Local/JetBrains/Toolbox/scripts:/mnt/d/PyCharm 2023.3.4/bin:/mnt/d/IntelliJ IDEA 2023.3.4/bin:/mnt/c/Users/crz/anaconda3/Lib/site-packages:/mnt/d/texlive/2024/bin/windows:/mnt/c/Users/crz/AppData/Roaming/npm:/mnt/d/:/mnt/d/WebStorm 2024.3.2.1/bin:/snap/bin:/mnt/c/Users/crz/AppData/Local/Programs/Microsoft VS Code/bin:/mnt/e/Microsoft\ V
SHELL=/bin/bash
DISPLAY=:0.0
HOSTTYPE=x86_64
LANG=en_US.UTF-8
LC_ALL=en_US.UTF-8
TERM=xterm-256color

Signal Handlers:
SIGSEGV: [libjvm.so+0xebbd40], sa_mask[0]=11111111011111111101111111111110, sa_flags=SA_RESTART|SA_SIGINFO
SIGBUS: [libjvm.so+0xebbd40], sa_mask[0]=11111111011111111101111111111110, sa_flags=SA_RESTART|SA_SIGINFO
SIGFPE: [libjvm.so+0xebbd40], sa_mask[0]=11111111011111111101111111111110, sa_flags=SA_RESTART|SA_SIGINFO
SIGPIPE: [libjvm.so+0xbfe040], sa_mask[0]=11111111011111111101111111111110, sa_flags=SA_RESTART|SA_SIGINFO
SIGXFSZ: [libjvm.so+0xbfe040], sa_mask[0]=11111111011111111101111111111110, sa_flags=SA_RESTART|SA_SIGINFO
SIGILL: [libjvm.so+0xebbd40], sa_mask[0]=11111111011111111101111111111110, sa_flags=SA_RESTART|SA_SIGINFO
SIGUSR2: [libjvm.so+0xbfdee0], sa_mask[0]=00000000000000000000000000000000, sa_flags=SA_RESTART|SA_SIGINFO
SIGHUP: [libjvm.so+0xbfe6a0], sa_mask[0]=11111111011111111101111111111110, sa_flags=SA_RESTART|SA_SIGINFO
SIGINT: [libjvm.so+0xbfe6a0], sa_mask[0]=11111111011111111101111111111110, sa_flags=SA_RESTART|SA_SIGINFO
SIGTERM: [libjvm.so+0xbfe6a0], sa_mask[0]=11111111011111111101111111111110, sa_flags=SA_RESTART|SA_SIGINFO
SIGQUIT: [libjvm.so+0xbfe6a0], sa_mask[0]=11111111011111111101111111111110, sa_flags=SA_RESTART|SA_SIGINFO


---------------  S Y S T E M  ---------------

OS:DISTRIB_ID=Ubuntu
DISTRIB_RELEASE=22.04
DISTRIB_CODENAME=jammy
DISTRIB_DESCRIPTION="Ubuntu 22.04.5 LTS"
uname:Linux 6.6.87.2-microsoft-standard-WSL2 #1 SMP PREEMPT_DYNAMIC Thu Jun  5 18:30:46 UTC 2025 x86_64
OS uptime: 0 days 4:07 hours
libc:glibc 2.35 NPTL 2.35 
rlimit (soft/hard): STACK 8192k/infinity , CORE 0k/infinity , NPROC 63245/63245 , NOFILE 1048576/1048576 , AS infinity/infinity , CPU infinity/infinity , DATA infinity/infinity , FSIZE infinity/infinity , MEMLOCK 65536k/65536k
load average:0.08 0.10 0.04

/proc/meminfo:
MemTotal:       16200872 kB
MemFree:        12424544 kB
MemAvailable:   13355844 kB
Buffers:           10176 kB
Cached:          1093832 kB
SwapCached:            0 kB
Active:           108760 kB
Inactive:        3162964 kB
Active(anon):       2668 kB
Inactive(anon):  2207516 kB
Active(file):     106092 kB
Inactive(file):   955448 kB
Unevictable:           0 kB
Mlocked:               0 kB
SwapTotal:       4194304 kB
SwapFree:        4194304 kB
Dirty:                68 kB
Writeback:             0 kB
AnonPages:       2168192 kB
Mapped:           995188 kB
Shmem:             42132 kB
KReclaimable:     112756 kB
Slab:             218012 kB
SReclaimable:     112756 kB
SUnreclaim:       105256 kB
KernelStack:       10448 kB
PageTables:        16516 kB
SecPageTables:         0 kB
NFS_Unstable:          0 kB
Bounce:                0 kB
WritebackTmp:          0 kB
CommitLimit:    12294740 kB
Committed_AS:    4659468 kB
VmallocTotal:   34359738367 kB
VmallocUsed:       39556 kB
VmallocChunk:          0 kB
Percpu:            14688 kB
HardwareCorrupted:     0 kB
AnonHugePages:         0 kB
ShmemHugePages:        0 kB
ShmemPmdMapped:        0 kB
FileHugePages:         0 kB
FilePmdMapped:         0 kB
Unaccepted:            0 kB
HugePages_Total:       0
HugePages_Free:        0
HugePages_Rsvd:        0
HugePages_Surp:        0
Hugepagesize:       2048 kB
Hugetlb:               0 kB
DirectMap4k:      132096 kB
DirectMap2M:    12273664 kB
DirectMap1G:    12582912 kB

/sys/kernel/mm/transparent_hugepage/enabled:
always [madvise] never
/sys/kernel/mm/transparent_hugepage/defrag (defrag/compaction efforts parameter):
always defer defer+madvise [madvise] never

Process Memory:
Virtual Size: 7267736K (peak: 15576112K)
Resident Set Size: 102408K (peak: 102408K) (anon: 46088K, file: 56320K, shmem: 0K)
Swapped out: 0K
C-Heap outstanding allocations: 47275K, retained: 2756K
glibc malloc tunables: (default)

/proc/sys/kernel/threads-max (system-wide limit on the number of threads):
126491
/proc/sys/vm/max_map_count (maximum number of memory map areas a process may have):
65530
/proc/sys/kernel/pid_max (system-wide limit on number of process identifiers):
4194304

container (cgroup) information:
container_type: cgroupv2
cpu_cpuset_cpus: not supported
cpu_memory_nodes: not supported
active_processor_count: 20
cpu_quota: not supported
cpu_period: not supported
cpu_shares: not supported
memory_limit_in_bytes: not supported
memory_and_swap_limit_in_bytes: not supported
memory_soft_limit_in_bytes: not supported
memory_usage_in_bytes: not supported
memory_max_usage_in_bytes: not supported
memory_swap_current_in_bytes: not supported
memory_swap_max_limit_in_bytes: not supported
maximum number of tasks: not supported
current number of tasks: not supported

Hyper-V virtualization detected
Steal ticks since vm start: 0
Steal ticks percentage since vm start:  0.000

CPU:total 20 (initial active 20) (16 cores per cpu, 2 threads per core) family 6 model 186 stepping 2 microcode 0xffffffff, cmov, cx8, fxsr, mmx, sse, sse2, sse3, ssse3, sse4.1, sse4.2, popcnt, avx, avx2, aes, clmul, erms, 3dnowpref, lzcnt, ht, tsc, tscinvbit, bmi1, bmi2, adx, sha, fma
CPU Model and flags from /proc/cpuinfo:
model name	: 13th Gen Intel(R) Core(TM) i9-13900H
flags		: fpu vme de pse tsc msr pae mce cx8 apic sep mtrr pge mca cmov pat pse36 clflush mmx fxsr sse sse2 ss ht syscall nx pdpe1gb rdtscp lm constant_tsc rep_good nopl xtopology tsc_reliable nonstop_tsc cpuid tsc_known_freq pni pclmulqdq vmx ssse3 fma cx16 pcid sse4_1 sse4_2 x2apic movbe popcnt tsc_deadline_timer aes xsave avx f16c rdrand hypervisor lahf_lm abm 3dnowprefetch ssbd ibrs ibpb stibp ibrs_enhanced tpr_shadow ept vpid ept_ad fsgsbase tsc_adjust bmi1 avx2 smep bmi2 erms invpcid rdseed adx smap clflushopt clwb sha_ni xsaveopt xsavec xgetbv1 xsaves avx_vnni vnmi umip waitpkg gfni vaes vpclmulqdq rdpid movdiri movdir64b fsrm md_clear serialize flush_l1d arch_capabilities
Online cpus:
0-19
Offline cpus:

BIOS frequency limitation:
<Not Available>
Frequency switch latency (ns):
<Not Available>
Available cpu frequencies:
<Not Available>
Current governor:
<Not Available>
Core performance/turbo boost:
<Not Available>

Memory: 4k page, physical 16200872k(12424544k free), swap 4194304k(4194304k free)

vm_info: OpenJDK 64-Bit Server VM (11.0.27+6-post-Ubuntu-0ubuntu122.04) for linux-amd64 JRE (11.0.27+6-post-Ubuntu-0ubuntu122.04), built on Apr 21 2025 05:59:45 by "unknown" with gcc 11.4.0

END.
