#
# A fatal error has been detected by the Java Runtime Environment:
#
#  SIGSEGV (0xb) at pc=0x00007f0c4214eec0, pid=74374, tid=74375
#
# JRE version: OpenJDK Runtime Environment (11.0.26+4) (build 11.0.26+4-post-Ubuntu-1ubuntu122.04)
# Java VM: OpenJDK 64-Bit Server VM (11.0.26+4-post-Ubuntu-1ubuntu122.04, mixed mode, sharing, tiered, compressed oops, g1 gc, linux-amd64)
# Problematic frame:
# C  [libLLVM-13.so+0xc22ec0]  LLVMTypeOf+0x0
#
# Core dump will be written. Default location: Core dumps may be processed with "/wsl-capture-crash %t %E %p %s" (or dumping to /home/crz/compilers/Lab/core.74374)
#
# If you would like to submit a bug report, please visit:
#   https://bugs.launchpad.net/ubuntu/+source/openjdk-lts
# The crash happened outside the Java Virtual Machine in native code.
# See problematic frame for where to report the bug.
#

---------------  S U M M A R Y ------------

Command Line: Main tests/IRtest_Lab4/aa_recursion_test.sysy tests/IRtest_Lab4/aa_recursion_test.ll

Host: 13th Gen Intel(R) Core(TM) i9-13900H, 20 cores, 15G, Ubuntu 22.04.5 LTS
Time: Mon Apr  7 10:43:54 2025 CST elapsed time: 0.167246 seconds (0d 0h 0m 0s)

---------------  T H R E A D  ---------------

Current thread (0x00007f0cb8015800):  JavaThread "main" [_thread_in_native, id=74375, stack(0x00007f0cbd1a1000,0x00007f0cbd2a1000)]

Stack: [0x00007f0cbd1a1000,0x00007f0cbd2a1000],  sp=0x00007f0cbd29ef08,  free space=1015k
Native frames: (J=compiled Java code, A=aot compiled Java code, j=interpreted, Vv=VM code, C=native code)
C  [libLLVM-13.so+0xc22ec0]  LLVMTypeOf+0x0

Java frames: (J=compiled Java code, j=interpreted, Vv=VM code)
j  org.bytedeco.llvm.global.LLVM.LLVMTypeOf(Lorg/bytedeco/llvm/LLVM/LLVMValueRef;)Lorg/bytedeco/llvm/LLVM/LLVMTypeRef;+0
j  IRGenerationVisitor.castToI32(Lorg/bytedeco/llvm/LLVM/LLVMValueRef;)Lorg/bytedeco/llvm/LLVM/LLVMValueRef;+1
j  IRGenerationVisitor.visitExp(LSysYParser$ExpContext;)Lorg/bytedeco/llvm/LLVM/LLVMValueRef;+794
j  IRGenerationVisitor.visitStmt(LSysYParser$StmtContext;)Lorg/bytedeco/llvm/LLVM/LLVMValueRef;+119
j  IRGenerationVisitor.visitStmt(LSysYParser$StmtContext;)Ljava/lang/Object;+2
j  SysYParser$StmtContext.accept(Lorg/antlr/v4/runtime/tree/ParseTreeVisitor;)Ljava/lang/Object;+12
j  IRGenerationVisitor.visit(Lorg/antlr/v4/runtime/tree/ParseTree;)Lorg/bytedeco/llvm/LLVM/LLVMValueRef;+8
j  IRGenerationVisitor.visitBlockItem(LSysYParser$BlockItemContext;)Lorg/bytedeco/llvm/LLVM/LLVMValueRef;+28
j  IRGenerationVisitor.visitBlockItem(LSysYParser$BlockItemContext;)Ljava/lang/Object;+2
j  SysYParser$BlockItemContext.accept(Lorg/antlr/v4/runtime/tree/ParseTreeVisitor;)Ljava/lang/Object;+12
j  IRGenerationVisitor.visit(Lorg/antlr/v4/runtime/tree/ParseTree;)Lorg/bytedeco/llvm/LLVM/LLVMValueRef;+8
j  IRGenerationVisitor.visit_block(LSysYParser$BlockContext;Ljava/util/List;)Ljava/lang/Void;+169
j  IRGenerationVisitor.visitFuncDef(LSysYParser$FuncDefContext;)Lorg/bytedeco/llvm/LLVM/LLVMValueRef;+357
j  IRGenerationVisitor.visitCompUnit(LSysYParser$CompUnitContext;)Lorg/bytedeco/llvm/LLVM/LLVMValueRef;+60
j  IRGenerationVisitor.visitCompUnit(LSysYParser$CompUnitContext;)Ljava/lang/Object;+2
j  SysYParser$CompUnitContext.accept(Lorg/antlr/v4/runtime/tree/ParseTreeVisitor;)Ljava/lang/Object;+12
j  IRGenerationVisitor.visit(Lorg/antlr/v4/runtime/tree/ParseTree;)Lorg/bytedeco/llvm/LLVM/LLVMValueRef;+8
j  IRGenerationVisitor.visitProgram(LSysYParser$ProgramContext;)Lorg/bytedeco/llvm/LLVM/LLVMValueRef;+5
j  IRGenerationVisitor.visitProgram(LSysYParser$ProgramContext;)Ljava/lang/Object;+2
j  SysYParser$ProgramContext.accept(Lorg/antlr/v4/runtime/tree/ParseTreeVisitor;)Ljava/lang/Object;+12
j  IRGenerationVisitor.visit(Lorg/antlr/v4/runtime/tree/ParseTree;)Lorg/bytedeco/llvm/LLVM/LLVMValueRef;+8
j  Main.main([Ljava/lang/String;)V+96
v  ~StubRoutines::call_stub

siginfo: si_signo: 11 (SIGSEGV), si_code: 1 (SEGV_MAPERR), si_addr: 0x0000000000000000

Register to memory mapping:

RAX=0x00007f0c8a1e58d0: Java_org_bytedeco_llvm_global_LLVM_LLVMTypeOf+0x0000000000000000 in /home/crz/.javacpp/cache/llvm-13.0.1-1.5.7-linux-x86_64.jar/org/bytedeco/llvm/linux-x86_64/libjniLLVM.so at 0x00007f0c8a123000
RBX={method} {0x00007f0c8bac5230} 'LLVMTypeOf' '(Lorg/bytedeco/llvm/LLVM/LLVMValueRef;)Lorg/bytedeco/llvm/LLVM/LLVMTypeRef;' in 'org/bytedeco/llvm/global/LLVM'
RCX=0x0000000000000098 is an unknown value
RDX=0x0 is NULL
RSP=0x00007f0cbd29ef08 is pointing into the stack for thread: 0x00007f0cb8015800
RBP=0x00007f0cb8015b50 points into unknown readable memory: 0x00007f0cbe828b60 | 60 8b 82 be 0c 7f 00 00
RSI=0x00007f0cbd29ef90 is pointing into the stack for thread: 0x00007f0cb8015800
RDI=0x0 is NULL
R8 =0x00007f0c8ba8a188 is pointing into metadata
R9 =0x0000000000000002 is an unknown value
R10=0x00007f0ca07d4a01 is at code_begin+897 in an Interpreter codelet
method entry point (kind = native)  [0x00007f0ca07d4680, 0x00007f0ca07d5000]  2432 bytes
R11=0x0000000717dd2d38 points into unknown readable memory: 0x00000016b3fc9e01 | 01 9e fc b3 16 00 00 00
R12=0x0 is NULL
R13={method} {0x00007f0c8bac5230} 'LLVMTypeOf' '(Lorg/bytedeco/llvm/LLVM/LLVMValueRef;)Lorg/bytedeco/llvm/LLVM/LLVMTypeRef;' in 'org/bytedeco/llvm/global/LLVM'
R14=0x00007f0cbd29efa0 is pointing into the stack for thread: 0x00007f0cb8015800
R15=0x00007f0cb8015800 is a thread


Registers:
RAX=0x00007f0c8a1e58d0, RBX=0x00007f0c8bac5230, RCX=0x0000000000000098, RDX=0x0000000000000000
RSP=0x00007f0cbd29ef08, RBP=0x00007f0cb8015b50, RSI=0x00007f0cbd29ef90, RDI=0x0000000000000000
R8 =0x00007f0c8ba8a188, R9 =0x0000000000000002, R10=0x00007f0ca07d4a01, R11=0x0000000717dd2d38
R12=0x0000000000000000, R13=0x00007f0c8bac5230, R14=0x00007f0cbd29efa0, R15=0x00007f0cb8015800
RIP=0x00007f0c4214eec0, EFLAGS=0x0000000000010246, CSGSFS=0x002b000000000033, ERR=0x0000000000000004
  TRAPNO=0x000000000000000e

Top of Stack: (sp=0x00007f0cbd29ef08)
0x00007f0cbd29ef08:   00007f0c8a1e58ff 00007f0cbd29ef80
0x00007f0cbd29ef18:   0000000000000000 00007f0c8bac5230
0x00007f0cbd29ef28:   00007f0ca07d4a30 000000071788d1b8
0x00007f0cbd29ef38:   00007f0cbd29ef38 0000000000000000 

Instructions: (pc=0x00007f0c4214eec0)
0x00007f0c4214edc0:   8b 47 08 c1 e8 08 c3 66 0f 1f 84 00 00 00 00 00
0x00007f0c4214edd0:   8b 47 20 c3 66 2e 0f 1f 84 00 00 00 00 00 66 90
0x00007f0c4214ede0:   e9 7b c2 12 00 66 2e 0f 1f 84 00 00 00 00 00 90
0x00007f0c4214edf0:   e9 7b c2 12 00 66 2e 0f 1f 84 00 00 00 00 00 90
0x00007f0c4214ee00:   e9 cb c2 12 00 66 2e 0f 1f 84 00 00 00 00 00 90
0x00007f0c4214ee10:   e9 ab c2 12 00 66 2e 0f 1f 84 00 00 00 00 00 90
0x00007f0c4214ee20:   48 8b 05 79 cc e3 05 48 85 c0 74 14 48 8b 3d 6d
0x00007f0c4214ee30:   cc e3 05 e9 28 c2 12 00 0f 1f 84 00 00 00 00 00
0x00007f0c4214ee40:   48 83 ec 08 48 8d 3d 55 cc e3 05 48 8d 15 fe de
0x00007f0c4214ee50:   ff ff 48 8d 35 d7 de ff ff e8 a2 21 ed ff 48 8b
0x00007f0c4214ee60:   3d 3b cc e3 05 48 83 c4 08 e9 f2 c1 12 00 66 90
0x00007f0c4214ee70:   48 8b 05 29 cc e3 05 48 85 c0 74 14 48 8b 3d 1d
0x00007f0c4214ee80:   cc e3 05 e9 e8 c1 12 00 0f 1f 84 00 00 00 00 00
0x00007f0c4214ee90:   48 83 ec 08 48 8d 3d 05 cc e3 05 48 8d 15 ae de
0x00007f0c4214eea0:   ff ff 48 8d 35 87 de ff ff e8 52 21 ed ff 48 8b
0x00007f0c4214eeb0:   3d eb cb e3 05 48 83 c4 08 e9 b2 c1 12 00 66 90
0x00007f0c4214eec0:   48 8b 07 c3 66 2e 0f 1f 84 00 00 00 00 00 66 90
0x00007f0c4214eed0:   0f b6 47 10 41 b8 18 00 00 00 3c 1a 77 0b 48 8d
0x00007f0c4214eee0:   15 9b a5 6d 03 44 8b 04 82 44 89 c0 c3 0f 1f 00
0x00007f0c4214eef0:   55 48 89 fd 53 48 89 f3 48 83 ec 08 e8 3f fb 13
0x00007f0c4214ef00:   00 48 89 ef 48 89 13 e8 34 fb 13 00 48 83 c4 08
0x00007f0c4214ef10:   5b 5d c3 66 2e 0f 1f 84 00 00 00 00 00 0f 1f 00
0x00007f0c4214ef20:   48 83 ec 38 b8 05 01 00 00 48 89 34 24 48 89 e6
0x00007f0c4214ef30:   66 89 44 24 20 48 89 54 24 08 e8 e1 f5 13 00 48
0x00007f0c4214ef40:   83 c4 38 c3 66 2e 0f 1f 84 00 00 00 00 00 66 90
0x00007f0c4214ef50:   48 83 ec 08 e8 e7 fa 13 00 48 83 c4 08 c3 66 90
0x00007f0c4214ef60:   48 83 ec 38 b8 01 01 00 00 80 3e 00 66 89 44 24
0x00007f0c4214ef70:   20 74 09 48 89 34 24 c6 44 24 20 03 48 89 e6 e8
0x00007f0c4214ef80:   9c f5 13 00 48 83 c4 38 c3 0f 1f 80 00 00 00 00
0x00007f0c4214ef90:   55 48 89 fd e8 07 45 f5 ff 48 89 ef ba 01 00 00
0x00007f0c4214efa0:   00 5d 48 89 c6 e9 d6 34 f9 ff 66 0f 1f 44 00 00
0x00007f0c4214efb0:   41 55 66 0f ef c0 31 c9 31 d2 41 54 31 f6 55 48 


Stack slot to memory mapping:
stack at sp + 0 slots: 0x00007f0c8a1e58ff: Java_org_bytedeco_llvm_global_LLVM_LLVMTypeOf+0x000000000000002f in /home/crz/.javacpp/cache/llvm-13.0.1-1.5.7-linux-x86_64.jar/org/bytedeco/llvm/linux-x86_64/libjniLLVM.so at 0x00007f0c8a123000
stack at sp + 1 slots: 0x00007f0cbd29ef80 is pointing into the stack for thread: 0x00007f0cb8015800
stack at sp + 2 slots: 0x0 is NULL
stack at sp + 3 slots: {method} {0x00007f0c8bac5230} 'LLVMTypeOf' '(Lorg/bytedeco/llvm/LLVM/LLVMValueRef;)Lorg/bytedeco/llvm/LLVM/LLVMTypeRef;' in 'org/bytedeco/llvm/global/LLVM'
stack at sp + 4 slots: 0x00007f0ca07d4a30 is at code_begin+944 in an Interpreter codelet
method entry point (kind = native)  [0x00007f0ca07d4680, 0x00007f0ca07d5000]  2432 bytes
stack at sp + 5 slots: 0x000000071788d1b8 is an oop: SysYParser$ExpContext 
{0x000000071788d1b8} - klass: 'SysYParser$ExpContext'
 - ---- fields (total size 5 words):
 - public 'invokingState' 'I' @12  241 (f1)
 - public 'parent' 'Lorg/antlr/v4/runtime/RuleContext;' @16  a 'SysYParser$ExpContext'{0x000000071788d128} (e2f11a25)
 - public strict 'children' 'Ljava/util/List;' @20  NULL (0)
 - public 'start' 'Lorg/antlr/v4/runtime/Token;' @24  a 'org/antlr/v4/runtime/CommonToken'{0x0000000717884e28} (e2f109c5)
 - public 'stop' 'Lorg/antlr/v4/runtime/Token;' @28  a 'org/antlr/v4/runtime/CommonToken'{0x0000000717882408} (e2f10481)
 - public 'exception' 'Lorg/antlr/v4/runtime/RecognitionException;' @32  a 'org/antlr/v4/runtime/InputMismatchException'{0x000000071788d210} (e2f11a42)
stack at sp + 6 slots: 0x00007f0cbd29ef38 is pointing into the stack for thread: 0x00007f0cb8015800
stack at sp + 7 slots: 0x0 is NULL


---------------  P R O C E S S  ---------------

Threads class SMR info:
_java_thread_list=0x00007f0c641df2f0, length=14, elements={
0x00007f0cb8015800, 0x00007f0cb81ec800, 0x00007f0cb81ee800, 0x00007f0cb81f4000,
0x00007f0cb81f6000, 0x00007f0cb81f8000, 0x00007f0cb81fa000, 0x00007f0cb81fc000,
0x00007f0c6009e000, 0x00007f0cb822f000, 0x00007f0c641d3000, 0x00007f0cb83c9000,
0x00007f0c5c26f800, 0x00007f0c641dd800
}

Java Threads: ( => current thread )
=>0x00007f0cb8015800 JavaThread "main" [_thread_in_native, id=74375, stack(0x00007f0cbd1a1000,0x00007f0cbd2a1000)]
  0x00007f0cb81ec800 JavaThread "Reference Handler" daemon [_thread_blocked, id=74382, stack(0x00007f0c8b37c000,0x00007f0c8b47c000)]
  0x00007f0cb81ee800 JavaThread "Finalizer" daemon [_thread_blocked, id=74383, stack(0x00007f0c8b27c000,0x00007f0c8b37c000)]
  0x00007f0cb81f4000 JavaThread "Signal Dispatcher" daemon [_thread_blocked, id=74384, stack(0x00007f0c8ab8f000,0x00007f0c8ac8f000)]
  0x00007f0cb81f6000 JavaThread "Service Thread" daemon [_thread_blocked, id=74385, stack(0x00007f0c8aa8f000,0x00007f0c8ab8f000)]
  0x00007f0cb81f8000 JavaThread "C2 CompilerThread0" daemon [_thread_blocked, id=74386, stack(0x00007f0c8a98f000,0x00007f0c8aa8f000)]
  0x00007f0cb81fa000 JavaThread "C1 CompilerThread0" daemon [_thread_blocked, id=74387, stack(0x00007f0c8a88f000,0x00007f0c8a98f000)]
  0x00007f0cb81fc000 JavaThread "Sweeper thread" daemon [_thread_blocked, id=74388, stack(0x00007f0c8a78f000,0x00007f0c8a88f000)]
  0x00007f0c6009e000 JavaThread "C1 CompilerThread1" daemon [_thread_blocked, id=74389, stack(0x00007f0c8a68f000,0x00007f0c8a78f000)]
  0x00007f0cb822f000 JavaThread "Common-Cleaner" daemon [_thread_blocked, id=74391, stack(0x00007f0c8a48e000,0x00007f0c8a58e000)]
  0x00007f0c641d3000 JavaThread "C2 CompilerThread1" daemon [_thread_blocked, id=74393, stack(0x00007f0c8a329000,0x00007f0c8a429000)]
  0x00007f0cb83c9000 JavaThread "JavaCPP Deallocator" daemon [_thread_blocked, id=74394, stack(0x00007f0c8a229000,0x00007f0c8a329000)]
  0x00007f0c5c26f800 JavaThread "C1 CompilerThread2" daemon [_thread_blocked, id=74395, stack(0x00007f0c8a023000,0x00007f0c8a123000)]
  0x00007f0c641dd800 JavaThread "C1 CompilerThread3" daemon [_thread_blocked, id=74396, stack(0x00007f0c89f23000,0x00007f0c8a023000)]

Other Threads:
  0x00007f0cb81e9800 VMThread "VM Thread" [stack: 0x00007f0c8b47d000,0x00007f0c8b57d000] [id=74381]
  0x00007f0cb822d000 WatcherThread [stack: 0x00007f0c8a58f000,0x00007f0c8a68f000] [id=74390]
  0x00007f0cb802f800 GCTaskThread "GC Thread#0" [stack: 0x00007f0cbce71000,0x00007f0cbcf71000] [id=74376]
  0x00007f0cb808d800 ConcurrentGCThread "G1 Main Marker" [stack: 0x00007f0ca03cd000,0x00007f0ca04cd000] [id=74377]
  0x00007f0cb808f800 ConcurrentGCThread "G1 Conc#0" [stack: 0x00007f0ca02cc000,0x00007f0ca03cc000] [id=74378]
  0x00007f0cb81ab000 ConcurrentGCThread "G1 Refine#0" [stack: 0x00007f0c8bf00000,0x00007f0c8c000000] [id=74379]
  0x00007f0cb81ac800 ConcurrentGCThread "G1 Young RemSet Sampling" [stack: 0x00007f0c8bdff000,0x00007f0c8beff000] [id=74380]

Threads with active compile tasks:

VM state:not at safepoint (normal execution)

VM Mutex/Monitor currently owned by a thread: None

Heap address: 0x0000000708a00000, size: 3958 MB, Compressed Oops mode: Zero based, Oop shift amount: 3
Narrow klass base: 0x0000000800000000, Narrow klass shift: 3
Compressed class space size: 1073741824 Address: 0x0000000840000000

Heap:
 garbage-first heap   total 256000K, used 9936K [0x0000000708a00000, 0x0000000800000000)
  region size 1024K, 11 young (11264K), 0 survivors (0K)
 Metaspace       used 3641K, capacity 6578K, committed 6912K, reserved 1056768K
  class space    used 389K, capacity 681K, committed 768K, reserved 1048576K
Heap Regions: E=young(eden), S=young(survivor), O=old, HS=humongous(starts), HC=humongous(continues), CS=collection set, F=free, A=archive, TAMS=top-at-mark-start (previous, next)
|   0|0x0000000708a00000, 0x0000000708a00000, 0x0000000708b00000|  0%| F|  |TAMS 0x0000000708a00000, 0x0000000708a00000| Untracked 
|   1|0x0000000708b00000, 0x0000000708b00000, 0x0000000708c00000|  0%| F|  |TAMS 0x0000000708b00000, 0x0000000708b00000| Untracked 
|   2|0x0000000708c00000, 0x0000000708c00000, 0x0000000708d00000|  0%| F|  |TAMS 0x0000000708c00000, 0x0000000708c00000| Untracked 
|   3|0x0000000708d00000, 0x0000000708d00000, 0x0000000708e00000|  0%| F|  |TAMS 0x0000000708d00000, 0x0000000708d00000| Untracked 
|   4|0x0000000708e00000, 0x0000000708e00000, 0x0000000708f00000|  0%| F|  |TAMS 0x0000000708e00000, 0x0000000708e00000| Untracked 
|   5|0x0000000708f00000, 0x0000000708f00000, 0x0000000709000000|  0%| F|  |TAMS 0x0000000708f00000, 0x0000000708f00000| Untracked 
|   6|0x0000000709000000, 0x0000000709000000, 0x0000000709100000|  0%| F|  |TAMS 0x0000000709000000, 0x0000000709000000| Untracked 
|   7|0x0000000709100000, 0x0000000709100000, 0x0000000709200000|  0%| F|  |TAMS 0x0000000709100000, 0x0000000709100000| Untracked 
|   8|0x0000000709200000, 0x0000000709200000, 0x0000000709300000|  0%| F|  |TAMS 0x0000000709200000, 0x0000000709200000| Untracked 
|   9|0x0000000709300000, 0x0000000709300000, 0x0000000709400000|  0%| F|  |TAMS 0x0000000709300000, 0x0000000709300000| Untracked 
|  10|0x0000000709400000, 0x0000000709400000, 0x0000000709500000|  0%| F|  |TAMS 0x0000000709400000, 0x0000000709400000| Untracked 
|  11|0x0000000709500000, 0x0000000709500000, 0x0000000709600000|  0%| F|  |TAMS 0x0000000709500000, 0x0000000709500000| Untracked 
|  12|0x0000000709600000, 0x0000000709600000, 0x0000000709700000|  0%| F|  |TAMS 0x0000000709600000, 0x0000000709600000| Untracked 
|  13|0x0000000709700000, 0x0000000709700000, 0x0000000709800000|  0%| F|  |TAMS 0x0000000709700000, 0x0000000709700000| Untracked 
|  14|0x0000000709800000, 0x0000000709800000, 0x0000000709900000|  0%| F|  |TAMS 0x0000000709800000, 0x0000000709800000| Untracked 
|  15|0x0000000709900000, 0x0000000709900000, 0x0000000709a00000|  0%| F|  |TAMS 0x0000000709900000, 0x0000000709900000| Untracked 
|  16|0x0000000709a00000, 0x0000000709a00000, 0x0000000709b00000|  0%| F|  |TAMS 0x0000000709a00000, 0x0000000709a00000| Untracked 
|  17|0x0000000709b00000, 0x0000000709b00000, 0x0000000709c00000|  0%| F|  |TAMS 0x0000000709b00000, 0x0000000709b00000| Untracked 
|  18|0x0000000709c00000, 0x0000000709c00000, 0x0000000709d00000|  0%| F|  |TAMS 0x0000000709c00000, 0x0000000709c00000| Untracked 
|  19|0x0000000709d00000, 0x0000000709d00000, 0x0000000709e00000|  0%| F|  |TAMS 0x0000000709d00000, 0x0000000709d00000| Untracked 
|  20|0x0000000709e00000, 0x0000000709e00000, 0x0000000709f00000|  0%| F|  |TAMS 0x0000000709e00000, 0x0000000709e00000| Untracked 
|  21|0x0000000709f00000, 0x0000000709f00000, 0x000000070a000000|  0%| F|  |TAMS 0x0000000709f00000, 0x0000000709f00000| Untracked 
|  22|0x000000070a000000, 0x000000070a000000, 0x000000070a100000|  0%| F|  |TAMS 0x000000070a000000, 0x000000070a000000| Untracked 
|  23|0x000000070a100000, 0x000000070a100000, 0x000000070a200000|  0%| F|  |TAMS 0x000000070a100000, 0x000000070a100000| Untracked 
|  24|0x000000070a200000, 0x000000070a200000, 0x000000070a300000|  0%| F|  |TAMS 0x000000070a200000, 0x000000070a200000| Untracked 
|  25|0x000000070a300000, 0x000000070a300000, 0x000000070a400000|  0%| F|  |TAMS 0x000000070a300000, 0x000000070a300000| Untracked 
|  26|0x000000070a400000, 0x000000070a400000, 0x000000070a500000|  0%| F|  |TAMS 0x000000070a400000, 0x000000070a400000| Untracked 
|  27|0x000000070a500000, 0x000000070a500000, 0x000000070a600000|  0%| F|  |TAMS 0x000000070a500000, 0x000000070a500000| Untracked 
|  28|0x000000070a600000, 0x000000070a600000, 0x000000070a700000|  0%| F|  |TAMS 0x000000070a600000, 0x000000070a600000| Untracked 
|  29|0x000000070a700000, 0x000000070a700000, 0x000000070a800000|  0%| F|  |TAMS 0x000000070a700000, 0x000000070a700000| Untracked 
|  30|0x000000070a800000, 0x000000070a800000, 0x000000070a900000|  0%| F|  |TAMS 0x000000070a800000, 0x000000070a800000| Untracked 
|  31|0x000000070a900000, 0x000000070a900000, 0x000000070aa00000|  0%| F|  |TAMS 0x000000070a900000, 0x000000070a900000| Untracked 
|  32|0x000000070aa00000, 0x000000070aa00000, 0x000000070ab00000|  0%| F|  |TAMS 0x000000070aa00000, 0x000000070aa00000| Untracked 
|  33|0x000000070ab00000, 0x000000070ab00000, 0x000000070ac00000|  0%| F|  |TAMS 0x000000070ab00000, 0x000000070ab00000| Untracked 
|  34|0x000000070ac00000, 0x000000070ac00000, 0x000000070ad00000|  0%| F|  |TAMS 0x000000070ac00000, 0x000000070ac00000| Untracked 
|  35|0x000000070ad00000, 0x000000070ad00000, 0x000000070ae00000|  0%| F|  |TAMS 0x000000070ad00000, 0x000000070ad00000| Untracked 
|  36|0x000000070ae00000, 0x000000070ae00000, 0x000000070af00000|  0%| F|  |TAMS 0x000000070ae00000, 0x000000070ae00000| Untracked 
|  37|0x000000070af00000, 0x000000070af00000, 0x000000070b000000|  0%| F|  |TAMS 0x000000070af00000, 0x000000070af00000| Untracked 
|  38|0x000000070b000000, 0x000000070b000000, 0x000000070b100000|  0%| F|  |TAMS 0x000000070b000000, 0x000000070b000000| Untracked 
|  39|0x000000070b100000, 0x000000070b100000, 0x000000070b200000|  0%| F|  |TAMS 0x000000070b100000, 0x000000070b100000| Untracked 
|  40|0x000000070b200000, 0x000000070b200000, 0x000000070b300000|  0%| F|  |TAMS 0x000000070b200000, 0x000000070b200000| Untracked 
|  41|0x000000070b300000, 0x000000070b300000, 0x000000070b400000|  0%| F|  |TAMS 0x000000070b300000, 0x000000070b300000| Untracked 
|  42|0x000000070b400000, 0x000000070b400000, 0x000000070b500000|  0%| F|  |TAMS 0x000000070b400000, 0x000000070b400000| Untracked 
|  43|0x000000070b500000, 0x000000070b500000, 0x000000070b600000|  0%| F|  |TAMS 0x000000070b500000, 0x000000070b500000| Untracked 
|  44|0x000000070b600000, 0x000000070b600000, 0x000000070b700000|  0%| F|  |TAMS 0x000000070b600000, 0x000000070b600000| Untracked 
|  45|0x000000070b700000, 0x000000070b700000, 0x000000070b800000|  0%| F|  |TAMS 0x000000070b700000, 0x000000070b700000| Untracked 
|  46|0x000000070b800000, 0x000000070b800000, 0x000000070b900000|  0%| F|  |TAMS 0x000000070b800000, 0x000000070b800000| Untracked 
|  47|0x000000070b900000, 0x000000070b900000, 0x000000070ba00000|  0%| F|  |TAMS 0x000000070b900000, 0x000000070b900000| Untracked 
|  48|0x000000070ba00000, 0x000000070ba00000, 0x000000070bb00000|  0%| F|  |TAMS 0x000000070ba00000, 0x000000070ba00000| Untracked 
|  49|0x000000070bb00000, 0x000000070bb00000, 0x000000070bc00000|  0%| F|  |TAMS 0x000000070bb00000, 0x000000070bb00000| Untracked 
|  50|0x000000070bc00000, 0x000000070bc00000, 0x000000070bd00000|  0%| F|  |TAMS 0x000000070bc00000, 0x000000070bc00000| Untracked 
|  51|0x000000070bd00000, 0x000000070bd00000, 0x000000070be00000|  0%| F|  |TAMS 0x000000070bd00000, 0x000000070bd00000| Untracked 
|  52|0x000000070be00000, 0x000000070be00000, 0x000000070bf00000|  0%| F|  |TAMS 0x000000070be00000, 0x000000070be00000| Untracked 
|  53|0x000000070bf00000, 0x000000070bf00000, 0x000000070c000000|  0%| F|  |TAMS 0x000000070bf00000, 0x000000070bf00000| Untracked 
|  54|0x000000070c000000, 0x000000070c000000, 0x000000070c100000|  0%| F|  |TAMS 0x000000070c000000, 0x000000070c000000| Untracked 
|  55|0x000000070c100000, 0x000000070c100000, 0x000000070c200000|  0%| F|  |TAMS 0x000000070c100000, 0x000000070c100000| Untracked 
|  56|0x000000070c200000, 0x000000070c200000, 0x000000070c300000|  0%| F|  |TAMS 0x000000070c200000, 0x000000070c200000| Untracked 
|  57|0x000000070c300000, 0x000000070c300000, 0x000000070c400000|  0%| F|  |TAMS 0x000000070c300000, 0x000000070c300000| Untracked 
|  58|0x000000070c400000, 0x000000070c400000, 0x000000070c500000|  0%| F|  |TAMS 0x000000070c400000, 0x000000070c400000| Untracked 
|  59|0x000000070c500000, 0x000000070c500000, 0x000000070c600000|  0%| F|  |TAMS 0x000000070c500000, 0x000000070c500000| Untracked 
|  60|0x000000070c600000, 0x000000070c600000, 0x000000070c700000|  0%| F|  |TAMS 0x000000070c600000, 0x000000070c600000| Untracked 
|  61|0x000000070c700000, 0x000000070c700000, 0x000000070c800000|  0%| F|  |TAMS 0x000000070c700000, 0x000000070c700000| Untracked 
|  62|0x000000070c800000, 0x000000070c800000, 0x000000070c900000|  0%| F|  |TAMS 0x000000070c800000, 0x000000070c800000| Untracked 
|  63|0x000000070c900000, 0x000000070c900000, 0x000000070ca00000|  0%| F|  |TAMS 0x000000070c900000, 0x000000070c900000| Untracked 
|  64|0x000000070ca00000, 0x000000070ca00000, 0x000000070cb00000|  0%| F|  |TAMS 0x000000070ca00000, 0x000000070ca00000| Untracked 
|  65|0x000000070cb00000, 0x000000070cb00000, 0x000000070cc00000|  0%| F|  |TAMS 0x000000070cb00000, 0x000000070cb00000| Untracked 
|  66|0x000000070cc00000, 0x000000070cc00000, 0x000000070cd00000|  0%| F|  |TAMS 0x000000070cc00000, 0x000000070cc00000| Untracked 
|  67|0x000000070cd00000, 0x000000070cd00000, 0x000000070ce00000|  0%| F|  |TAMS 0x000000070cd00000, 0x000000070cd00000| Untracked 
|  68|0x000000070ce00000, 0x000000070ce00000, 0x000000070cf00000|  0%| F|  |TAMS 0x000000070ce00000, 0x000000070ce00000| Untracked 
|  69|0x000000070cf00000, 0x000000070cf00000, 0x000000070d000000|  0%| F|  |TAMS 0x000000070cf00000, 0x000000070cf00000| Untracked 
|  70|0x000000070d000000, 0x000000070d000000, 0x000000070d100000|  0%| F|  |TAMS 0x000000070d000000, 0x000000070d000000| Untracked 
|  71|0x000000070d100000, 0x000000070d100000, 0x000000070d200000|  0%| F|  |TAMS 0x000000070d100000, 0x000000070d100000| Untracked 
|  72|0x000000070d200000, 0x000000070d200000, 0x000000070d300000|  0%| F|  |TAMS 0x000000070d200000, 0x000000070d200000| Untracked 
|  73|0x000000070d300000, 0x000000070d300000, 0x000000070d400000|  0%| F|  |TAMS 0x000000070d300000, 0x000000070d300000| Untracked 
|  74|0x000000070d400000, 0x000000070d400000, 0x000000070d500000|  0%| F|  |TAMS 0x000000070d400000, 0x000000070d400000| Untracked 
|  75|0x000000070d500000, 0x000000070d500000, 0x000000070d600000|  0%| F|  |TAMS 0x000000070d500000, 0x000000070d500000| Untracked 
|  76|0x000000070d600000, 0x000000070d600000, 0x000000070d700000|  0%| F|  |TAMS 0x000000070d600000, 0x000000070d600000| Untracked 
|  77|0x000000070d700000, 0x000000070d700000, 0x000000070d800000|  0%| F|  |TAMS 0x000000070d700000, 0x000000070d700000| Untracked 
|  78|0x000000070d800000, 0x000000070d800000, 0x000000070d900000|  0%| F|  |TAMS 0x000000070d800000, 0x000000070d800000| Untracked 
|  79|0x000000070d900000, 0x000000070d900000, 0x000000070da00000|  0%| F|  |TAMS 0x000000070d900000, 0x000000070d900000| Untracked 
|  80|0x000000070da00000, 0x000000070da00000, 0x000000070db00000|  0%| F|  |TAMS 0x000000070da00000, 0x000000070da00000| Untracked 
|  81|0x000000070db00000, 0x000000070db00000, 0x000000070dc00000|  0%| F|  |TAMS 0x000000070db00000, 0x000000070db00000| Untracked 
|  82|0x000000070dc00000, 0x000000070dc00000, 0x000000070dd00000|  0%| F|  |TAMS 0x000000070dc00000, 0x000000070dc00000| Untracked 
|  83|0x000000070dd00000, 0x000000070dd00000, 0x000000070de00000|  0%| F|  |TAMS 0x000000070dd00000, 0x000000070dd00000| Untracked 
|  84|0x000000070de00000, 0x000000070de00000, 0x000000070df00000|  0%| F|  |TAMS 0x000000070de00000, 0x000000070de00000| Untracked 
|  85|0x000000070df00000, 0x000000070df00000, 0x000000070e000000|  0%| F|  |TAMS 0x000000070df00000, 0x000000070df00000| Untracked 
|  86|0x000000070e000000, 0x000000070e000000, 0x000000070e100000|  0%| F|  |TAMS 0x000000070e000000, 0x000000070e000000| Untracked 
|  87|0x000000070e100000, 0x000000070e100000, 0x000000070e200000|  0%| F|  |TAMS 0x000000070e100000, 0x000000070e100000| Untracked 
|  88|0x000000070e200000, 0x000000070e200000, 0x000000070e300000|  0%| F|  |TAMS 0x000000070e200000, 0x000000070e200000| Untracked 
|  89|0x000000070e300000, 0x000000070e300000, 0x000000070e400000|  0%| F|  |TAMS 0x000000070e300000, 0x000000070e300000| Untracked 
|  90|0x000000070e400000, 0x000000070e400000, 0x000000070e500000|  0%| F|  |TAMS 0x000000070e400000, 0x000000070e400000| Untracked 
|  91|0x000000070e500000, 0x000000070e500000, 0x000000070e600000|  0%| F|  |TAMS 0x000000070e500000, 0x000000070e500000| Untracked 
|  92|0x000000070e600000, 0x000000070e600000, 0x000000070e700000|  0%| F|  |TAMS 0x000000070e600000, 0x000000070e600000| Untracked 
|  93|0x000000070e700000, 0x000000070e700000, 0x000000070e800000|  0%| F|  |TAMS 0x000000070e700000, 0x000000070e700000| Untracked 
|  94|0x000000070e800000, 0x000000070e800000, 0x000000070e900000|  0%| F|  |TAMS 0x000000070e800000, 0x000000070e800000| Untracked 
|  95|0x000000070e900000, 0x000000070e900000, 0x000000070ea00000|  0%| F|  |TAMS 0x000000070e900000, 0x000000070e900000| Untracked 
|  96|0x000000070ea00000, 0x000000070ea00000, 0x000000070eb00000|  0%| F|  |TAMS 0x000000070ea00000, 0x000000070ea00000| Untracked 
|  97|0x000000070eb00000, 0x000000070eb00000, 0x000000070ec00000|  0%| F|  |TAMS 0x000000070eb00000, 0x000000070eb00000| Untracked 
|  98|0x000000070ec00000, 0x000000070ec00000, 0x000000070ed00000|  0%| F|  |TAMS 0x000000070ec00000, 0x000000070ec00000| Untracked 
|  99|0x000000070ed00000, 0x000000070ed00000, 0x000000070ee00000|  0%| F|  |TAMS 0x000000070ed00000, 0x000000070ed00000| Untracked 
| 100|0x000000070ee00000, 0x000000070ee00000, 0x000000070ef00000|  0%| F|  |TAMS 0x000000070ee00000, 0x000000070ee00000| Untracked 
| 101|0x000000070ef00000, 0x000000070ef00000, 0x000000070f000000|  0%| F|  |TAMS 0x000000070ef00000, 0x000000070ef00000| Untracked 
| 102|0x000000070f000000, 0x000000070f000000, 0x000000070f100000|  0%| F|  |TAMS 0x000000070f000000, 0x000000070f000000| Untracked 
| 103|0x000000070f100000, 0x000000070f100000, 0x000000070f200000|  0%| F|  |TAMS 0x000000070f100000, 0x000000070f100000| Untracked 
| 104|0x000000070f200000, 0x000000070f200000, 0x000000070f300000|  0%| F|  |TAMS 0x000000070f200000, 0x000000070f200000| Untracked 
| 105|0x000000070f300000, 0x000000070f300000, 0x000000070f400000|  0%| F|  |TAMS 0x000000070f300000, 0x000000070f300000| Untracked 
| 106|0x000000070f400000, 0x000000070f400000, 0x000000070f500000|  0%| F|  |TAMS 0x000000070f400000, 0x000000070f400000| Untracked 
| 107|0x000000070f500000, 0x000000070f500000, 0x000000070f600000|  0%| F|  |TAMS 0x000000070f500000, 0x000000070f500000| Untracked 
| 108|0x000000070f600000, 0x000000070f600000, 0x000000070f700000|  0%| F|  |TAMS 0x000000070f600000, 0x000000070f600000| Untracked 
| 109|0x000000070f700000, 0x000000070f700000, 0x000000070f800000|  0%| F|  |TAMS 0x000000070f700000, 0x000000070f700000| Untracked 
| 110|0x000000070f800000, 0x000000070f800000, 0x000000070f900000|  0%| F|  |TAMS 0x000000070f800000, 0x000000070f800000| Untracked 
| 111|0x000000070f900000, 0x000000070f900000, 0x000000070fa00000|  0%| F|  |TAMS 0x000000070f900000, 0x000000070f900000| Untracked 
| 112|0x000000070fa00000, 0x000000070fa00000, 0x000000070fb00000|  0%| F|  |TAMS 0x000000070fa00000, 0x000000070fa00000| Untracked 
| 113|0x000000070fb00000, 0x000000070fb00000, 0x000000070fc00000|  0%| F|  |TAMS 0x000000070fb00000, 0x000000070fb00000| Untracked 
| 114|0x000000070fc00000, 0x000000070fc00000, 0x000000070fd00000|  0%| F|  |TAMS 0x000000070fc00000, 0x000000070fc00000| Untracked 
| 115|0x000000070fd00000, 0x000000070fd00000, 0x000000070fe00000|  0%| F|  |TAMS 0x000000070fd00000, 0x000000070fd00000| Untracked 
| 116|0x000000070fe00000, 0x000000070fe00000, 0x000000070ff00000|  0%| F|  |TAMS 0x000000070fe00000, 0x000000070fe00000| Untracked 
| 117|0x000000070ff00000, 0x000000070ff00000, 0x0000000710000000|  0%| F|  |TAMS 0x000000070ff00000, 0x000000070ff00000| Untracked 
| 118|0x0000000710000000, 0x0000000710000000, 0x0000000710100000|  0%| F|  |TAMS 0x0000000710000000, 0x0000000710000000| Untracked 
| 119|0x0000000710100000, 0x0000000710100000, 0x0000000710200000|  0%| F|  |TAMS 0x0000000710100000, 0x0000000710100000| Untracked 
| 120|0x0000000710200000, 0x0000000710200000, 0x0000000710300000|  0%| F|  |TAMS 0x0000000710200000, 0x0000000710200000| Untracked 
| 121|0x0000000710300000, 0x0000000710300000, 0x0000000710400000|  0%| F|  |TAMS 0x0000000710300000, 0x0000000710300000| Untracked 
| 122|0x0000000710400000, 0x0000000710400000, 0x0000000710500000|  0%| F|  |TAMS 0x0000000710400000, 0x0000000710400000| Untracked 
| 123|0x0000000710500000, 0x0000000710500000, 0x0000000710600000|  0%| F|  |TAMS 0x0000000710500000, 0x0000000710500000| Untracked 
| 124|0x0000000710600000, 0x0000000710600000, 0x0000000710700000|  0%| F|  |TAMS 0x0000000710600000, 0x0000000710600000| Untracked 
| 125|0x0000000710700000, 0x0000000710700000, 0x0000000710800000|  0%| F|  |TAMS 0x0000000710700000, 0x0000000710700000| Untracked 
| 126|0x0000000710800000, 0x0000000710800000, 0x0000000710900000|  0%| F|  |TAMS 0x0000000710800000, 0x0000000710800000| Untracked 
| 127|0x0000000710900000, 0x0000000710900000, 0x0000000710a00000|  0%| F|  |TAMS 0x0000000710900000, 0x0000000710900000| Untracked 
| 128|0x0000000710a00000, 0x0000000710a00000, 0x0000000710b00000|  0%| F|  |TAMS 0x0000000710a00000, 0x0000000710a00000| Untracked 
| 129|0x0000000710b00000, 0x0000000710b00000, 0x0000000710c00000|  0%| F|  |TAMS 0x0000000710b00000, 0x0000000710b00000| Untracked 
| 130|0x0000000710c00000, 0x0000000710c00000, 0x0000000710d00000|  0%| F|  |TAMS 0x0000000710c00000, 0x0000000710c00000| Untracked 
| 131|0x0000000710d00000, 0x0000000710d00000, 0x0000000710e00000|  0%| F|  |TAMS 0x0000000710d00000, 0x0000000710d00000| Untracked 
| 132|0x0000000710e00000, 0x0000000710e00000, 0x0000000710f00000|  0%| F|  |TAMS 0x0000000710e00000, 0x0000000710e00000| Untracked 
| 133|0x0000000710f00000, 0x0000000710f00000, 0x0000000711000000|  0%| F|  |TAMS 0x0000000710f00000, 0x0000000710f00000| Untracked 
| 134|0x0000000711000000, 0x0000000711000000, 0x0000000711100000|  0%| F|  |TAMS 0x0000000711000000, 0x0000000711000000| Untracked 
| 135|0x0000000711100000, 0x0000000711100000, 0x0000000711200000|  0%| F|  |TAMS 0x0000000711100000, 0x0000000711100000| Untracked 
| 136|0x0000000711200000, 0x0000000711200000, 0x0000000711300000|  0%| F|  |TAMS 0x0000000711200000, 0x0000000711200000| Untracked 
| 137|0x0000000711300000, 0x0000000711300000, 0x0000000711400000|  0%| F|  |TAMS 0x0000000711300000, 0x0000000711300000| Untracked 
| 138|0x0000000711400000, 0x0000000711400000, 0x0000000711500000|  0%| F|  |TAMS 0x0000000711400000, 0x0000000711400000| Untracked 
| 139|0x0000000711500000, 0x0000000711500000, 0x0000000711600000|  0%| F|  |TAMS 0x0000000711500000, 0x0000000711500000| Untracked 
| 140|0x0000000711600000, 0x0000000711600000, 0x0000000711700000|  0%| F|  |TAMS 0x0000000711600000, 0x0000000711600000| Untracked 
| 141|0x0000000711700000, 0x0000000711700000, 0x0000000711800000|  0%| F|  |TAMS 0x0000000711700000, 0x0000000711700000| Untracked 
| 142|0x0000000711800000, 0x0000000711800000, 0x0000000711900000|  0%| F|  |TAMS 0x0000000711800000, 0x0000000711800000| Untracked 
| 143|0x0000000711900000, 0x0000000711900000, 0x0000000711a00000|  0%| F|  |TAMS 0x0000000711900000, 0x0000000711900000| Untracked 
| 144|0x0000000711a00000, 0x0000000711a00000, 0x0000000711b00000|  0%| F|  |TAMS 0x0000000711a00000, 0x0000000711a00000| Untracked 
| 145|0x0000000711b00000, 0x0000000711b00000, 0x0000000711c00000|  0%| F|  |TAMS 0x0000000711b00000, 0x0000000711b00000| Untracked 
| 146|0x0000000711c00000, 0x0000000711c00000, 0x0000000711d00000|  0%| F|  |TAMS 0x0000000711c00000, 0x0000000711c00000| Untracked 
| 147|0x0000000711d00000, 0x0000000711d00000, 0x0000000711e00000|  0%| F|  |TAMS 0x0000000711d00000, 0x0000000711d00000| Untracked 
| 148|0x0000000711e00000, 0x0000000711e00000, 0x0000000711f00000|  0%| F|  |TAMS 0x0000000711e00000, 0x0000000711e00000| Untracked 
| 149|0x0000000711f00000, 0x0000000711f00000, 0x0000000712000000|  0%| F|  |TAMS 0x0000000711f00000, 0x0000000711f00000| Untracked 
| 150|0x0000000712000000, 0x0000000712000000, 0x0000000712100000|  0%| F|  |TAMS 0x0000000712000000, 0x0000000712000000| Untracked 
| 151|0x0000000712100000, 0x0000000712100000, 0x0000000712200000|  0%| F|  |TAMS 0x0000000712100000, 0x0000000712100000| Untracked 
| 152|0x0000000712200000, 0x0000000712200000, 0x0000000712300000|  0%| F|  |TAMS 0x0000000712200000, 0x0000000712200000| Untracked 
| 153|0x0000000712300000, 0x0000000712300000, 0x0000000712400000|  0%| F|  |TAMS 0x0000000712300000, 0x0000000712300000| Untracked 
| 154|0x0000000712400000, 0x0000000712400000, 0x0000000712500000|  0%| F|  |TAMS 0x0000000712400000, 0x0000000712400000| Untracked 
| 155|0x0000000712500000, 0x0000000712500000, 0x0000000712600000|  0%| F|  |TAMS 0x0000000712500000, 0x0000000712500000| Untracked 
| 156|0x0000000712600000, 0x0000000712600000, 0x0000000712700000|  0%| F|  |TAMS 0x0000000712600000, 0x0000000712600000| Untracked 
| 157|0x0000000712700000, 0x0000000712700000, 0x0000000712800000|  0%| F|  |TAMS 0x0000000712700000, 0x0000000712700000| Untracked 
| 158|0x0000000712800000, 0x0000000712800000, 0x0000000712900000|  0%| F|  |TAMS 0x0000000712800000, 0x0000000712800000| Untracked 
| 159|0x0000000712900000, 0x0000000712900000, 0x0000000712a00000|  0%| F|  |TAMS 0x0000000712900000, 0x0000000712900000| Untracked 
| 160|0x0000000712a00000, 0x0000000712a00000, 0x0000000712b00000|  0%| F|  |TAMS 0x0000000712a00000, 0x0000000712a00000| Untracked 
| 161|0x0000000712b00000, 0x0000000712b00000, 0x0000000712c00000|  0%| F|  |TAMS 0x0000000712b00000, 0x0000000712b00000| Untracked 
| 162|0x0000000712c00000, 0x0000000712c00000, 0x0000000712d00000|  0%| F|  |TAMS 0x0000000712c00000, 0x0000000712c00000| Untracked 
| 163|0x0000000712d00000, 0x0000000712d00000, 0x0000000712e00000|  0%| F|  |TAMS 0x0000000712d00000, 0x0000000712d00000| Untracked 
| 164|0x0000000712e00000, 0x0000000712e00000, 0x0000000712f00000|  0%| F|  |TAMS 0x0000000712e00000, 0x0000000712e00000| Untracked 
| 165|0x0000000712f00000, 0x0000000712f00000, 0x0000000713000000|  0%| F|  |TAMS 0x0000000712f00000, 0x0000000712f00000| Untracked 
| 166|0x0000000713000000, 0x0000000713000000, 0x0000000713100000|  0%| F|  |TAMS 0x0000000713000000, 0x0000000713000000| Untracked 
| 167|0x0000000713100000, 0x0000000713100000, 0x0000000713200000|  0%| F|  |TAMS 0x0000000713100000, 0x0000000713100000| Untracked 
| 168|0x0000000713200000, 0x0000000713200000, 0x0000000713300000|  0%| F|  |TAMS 0x0000000713200000, 0x0000000713200000| Untracked 
| 169|0x0000000713300000, 0x0000000713300000, 0x0000000713400000|  0%| F|  |TAMS 0x0000000713300000, 0x0000000713300000| Untracked 
| 170|0x0000000713400000, 0x0000000713400000, 0x0000000713500000|  0%| F|  |TAMS 0x0000000713400000, 0x0000000713400000| Untracked 
| 171|0x0000000713500000, 0x0000000713500000, 0x0000000713600000|  0%| F|  |TAMS 0x0000000713500000, 0x0000000713500000| Untracked 
| 172|0x0000000713600000, 0x0000000713600000, 0x0000000713700000|  0%| F|  |TAMS 0x0000000713600000, 0x0000000713600000| Untracked 
| 173|0x0000000713700000, 0x0000000713700000, 0x0000000713800000|  0%| F|  |TAMS 0x0000000713700000, 0x0000000713700000| Untracked 
| 174|0x0000000713800000, 0x0000000713800000, 0x0000000713900000|  0%| F|  |TAMS 0x0000000713800000, 0x0000000713800000| Untracked 
| 175|0x0000000713900000, 0x0000000713900000, 0x0000000713a00000|  0%| F|  |TAMS 0x0000000713900000, 0x0000000713900000| Untracked 
| 176|0x0000000713a00000, 0x0000000713a00000, 0x0000000713b00000|  0%| F|  |TAMS 0x0000000713a00000, 0x0000000713a00000| Untracked 
| 177|0x0000000713b00000, 0x0000000713b00000, 0x0000000713c00000|  0%| F|  |TAMS 0x0000000713b00000, 0x0000000713b00000| Untracked 
| 178|0x0000000713c00000, 0x0000000713c00000, 0x0000000713d00000|  0%| F|  |TAMS 0x0000000713c00000, 0x0000000713c00000| Untracked 
| 179|0x0000000713d00000, 0x0000000713d00000, 0x0000000713e00000|  0%| F|  |TAMS 0x0000000713d00000, 0x0000000713d00000| Untracked 
| 180|0x0000000713e00000, 0x0000000713e00000, 0x0000000713f00000|  0%| F|  |TAMS 0x0000000713e00000, 0x0000000713e00000| Untracked 
| 181|0x0000000713f00000, 0x0000000713f00000, 0x0000000714000000|  0%| F|  |TAMS 0x0000000713f00000, 0x0000000713f00000| Untracked 
| 182|0x0000000714000000, 0x0000000714000000, 0x0000000714100000|  0%| F|  |TAMS 0x0000000714000000, 0x0000000714000000| Untracked 
| 183|0x0000000714100000, 0x0000000714100000, 0x0000000714200000|  0%| F|  |TAMS 0x0000000714100000, 0x0000000714100000| Untracked 
| 184|0x0000000714200000, 0x0000000714200000, 0x0000000714300000|  0%| F|  |TAMS 0x0000000714200000, 0x0000000714200000| Untracked 
| 185|0x0000000714300000, 0x0000000714300000, 0x0000000714400000|  0%| F|  |TAMS 0x0000000714300000, 0x0000000714300000| Untracked 
| 186|0x0000000714400000, 0x0000000714400000, 0x0000000714500000|  0%| F|  |TAMS 0x0000000714400000, 0x0000000714400000| Untracked 
| 187|0x0000000714500000, 0x0000000714500000, 0x0000000714600000|  0%| F|  |TAMS 0x0000000714500000, 0x0000000714500000| Untracked 
| 188|0x0000000714600000, 0x0000000714600000, 0x0000000714700000|  0%| F|  |TAMS 0x0000000714600000, 0x0000000714600000| Untracked 
| 189|0x0000000714700000, 0x0000000714700000, 0x0000000714800000|  0%| F|  |TAMS 0x0000000714700000, 0x0000000714700000| Untracked 
| 190|0x0000000714800000, 0x0000000714800000, 0x0000000714900000|  0%| F|  |TAMS 0x0000000714800000, 0x0000000714800000| Untracked 
| 191|0x0000000714900000, 0x0000000714900000, 0x0000000714a00000|  0%| F|  |TAMS 0x0000000714900000, 0x0000000714900000| Untracked 
| 192|0x0000000714a00000, 0x0000000714a00000, 0x0000000714b00000|  0%| F|  |TAMS 0x0000000714a00000, 0x0000000714a00000| Untracked 
| 193|0x0000000714b00000, 0x0000000714b00000, 0x0000000714c00000|  0%| F|  |TAMS 0x0000000714b00000, 0x0000000714b00000| Untracked 
| 194|0x0000000714c00000, 0x0000000714c00000, 0x0000000714d00000|  0%| F|  |TAMS 0x0000000714c00000, 0x0000000714c00000| Untracked 
| 195|0x0000000714d00000, 0x0000000714d00000, 0x0000000714e00000|  0%| F|  |TAMS 0x0000000714d00000, 0x0000000714d00000| Untracked 
| 196|0x0000000714e00000, 0x0000000714e00000, 0x0000000714f00000|  0%| F|  |TAMS 0x0000000714e00000, 0x0000000714e00000| Untracked 
| 197|0x0000000714f00000, 0x0000000714f00000, 0x0000000715000000|  0%| F|  |TAMS 0x0000000714f00000, 0x0000000714f00000| Untracked 
| 198|0x0000000715000000, 0x0000000715000000, 0x0000000715100000|  0%| F|  |TAMS 0x0000000715000000, 0x0000000715000000| Untracked 
| 199|0x0000000715100000, 0x0000000715100000, 0x0000000715200000|  0%| F|  |TAMS 0x0000000715100000, 0x0000000715100000| Untracked 
| 200|0x0000000715200000, 0x0000000715200000, 0x0000000715300000|  0%| F|  |TAMS 0x0000000715200000, 0x0000000715200000| Untracked 
| 201|0x0000000715300000, 0x0000000715300000, 0x0000000715400000|  0%| F|  |TAMS 0x0000000715300000, 0x0000000715300000| Untracked 
| 202|0x0000000715400000, 0x0000000715400000, 0x0000000715500000|  0%| F|  |TAMS 0x0000000715400000, 0x0000000715400000| Untracked 
| 203|0x0000000715500000, 0x0000000715500000, 0x0000000715600000|  0%| F|  |TAMS 0x0000000715500000, 0x0000000715500000| Untracked 
| 204|0x0000000715600000, 0x0000000715600000, 0x0000000715700000|  0%| F|  |TAMS 0x0000000715600000, 0x0000000715600000| Untracked 
| 205|0x0000000715700000, 0x0000000715700000, 0x0000000715800000|  0%| F|  |TAMS 0x0000000715700000, 0x0000000715700000| Untracked 
| 206|0x0000000715800000, 0x0000000715800000, 0x0000000715900000|  0%| F|  |TAMS 0x0000000715800000, 0x0000000715800000| Untracked 
| 207|0x0000000715900000, 0x0000000715900000, 0x0000000715a00000|  0%| F|  |TAMS 0x0000000715900000, 0x0000000715900000| Untracked 
| 208|0x0000000715a00000, 0x0000000715a00000, 0x0000000715b00000|  0%| F|  |TAMS 0x0000000715a00000, 0x0000000715a00000| Untracked 
| 209|0x0000000715b00000, 0x0000000715b00000, 0x0000000715c00000|  0%| F|  |TAMS 0x0000000715b00000, 0x0000000715b00000| Untracked 
| 210|0x0000000715c00000, 0x0000000715c00000, 0x0000000715d00000|  0%| F|  |TAMS 0x0000000715c00000, 0x0000000715c00000| Untracked 
| 211|0x0000000715d00000, 0x0000000715d00000, 0x0000000715e00000|  0%| F|  |TAMS 0x0000000715d00000, 0x0000000715d00000| Untracked 
| 212|0x0000000715e00000, 0x0000000715e00000, 0x0000000715f00000|  0%| F|  |TAMS 0x0000000715e00000, 0x0000000715e00000| Untracked 
| 213|0x0000000715f00000, 0x0000000715f00000, 0x0000000716000000|  0%| F|  |TAMS 0x0000000715f00000, 0x0000000715f00000| Untracked 
| 214|0x0000000716000000, 0x0000000716000000, 0x0000000716100000|  0%| F|  |TAMS 0x0000000716000000, 0x0000000716000000| Untracked 
| 215|0x0000000716100000, 0x0000000716100000, 0x0000000716200000|  0%| F|  |TAMS 0x0000000716100000, 0x0000000716100000| Untracked 
| 216|0x0000000716200000, 0x0000000716200000, 0x0000000716300000|  0%| F|  |TAMS 0x0000000716200000, 0x0000000716200000| Untracked 
| 217|0x0000000716300000, 0x0000000716300000, 0x0000000716400000|  0%| F|  |TAMS 0x0000000716300000, 0x0000000716300000| Untracked 
| 218|0x0000000716400000, 0x0000000716400000, 0x0000000716500000|  0%| F|  |TAMS 0x0000000716400000, 0x0000000716400000| Untracked 
| 219|0x0000000716500000, 0x0000000716500000, 0x0000000716600000|  0%| F|  |TAMS 0x0000000716500000, 0x0000000716500000| Untracked 
| 220|0x0000000716600000, 0x0000000716600000, 0x0000000716700000|  0%| F|  |TAMS 0x0000000716600000, 0x0000000716600000| Untracked 
| 221|0x0000000716700000, 0x0000000716700000, 0x0000000716800000|  0%| F|  |TAMS 0x0000000716700000, 0x0000000716700000| Untracked 
| 222|0x0000000716800000, 0x0000000716800000, 0x0000000716900000|  0%| F|  |TAMS 0x0000000716800000, 0x0000000716800000| Untracked 
| 223|0x0000000716900000, 0x0000000716900000, 0x0000000716a00000|  0%| F|  |TAMS 0x0000000716900000, 0x0000000716900000| Untracked 
| 224|0x0000000716a00000, 0x0000000716a00000, 0x0000000716b00000|  0%| F|  |TAMS 0x0000000716a00000, 0x0000000716a00000| Untracked 
| 225|0x0000000716b00000, 0x0000000716b00000, 0x0000000716c00000|  0%| F|  |TAMS 0x0000000716b00000, 0x0000000716b00000| Untracked 
| 226|0x0000000716c00000, 0x0000000716c00000, 0x0000000716d00000|  0%| F|  |TAMS 0x0000000716c00000, 0x0000000716c00000| Untracked 
| 227|0x0000000716d00000, 0x0000000716d00000, 0x0000000716e00000|  0%| F|  |TAMS 0x0000000716d00000, 0x0000000716d00000| Untracked 
| 228|0x0000000716e00000, 0x0000000716e00000, 0x0000000716f00000|  0%| F|  |TAMS 0x0000000716e00000, 0x0000000716e00000| Untracked 
| 229|0x0000000716f00000, 0x0000000716f00000, 0x0000000717000000|  0%| F|  |TAMS 0x0000000716f00000, 0x0000000716f00000| Untracked 
| 230|0x0000000717000000, 0x0000000717000000, 0x0000000717100000|  0%| F|  |TAMS 0x0000000717000000, 0x0000000717000000| Untracked 
| 231|0x0000000717100000, 0x0000000717100000, 0x0000000717200000|  0%| F|  |TAMS 0x0000000717100000, 0x0000000717100000| Untracked 
| 232|0x0000000717200000, 0x0000000717200000, 0x0000000717300000|  0%| F|  |TAMS 0x0000000717200000, 0x0000000717200000| Untracked 
| 233|0x0000000717300000, 0x0000000717300000, 0x0000000717400000|  0%| F|  |TAMS 0x0000000717300000, 0x0000000717300000| Untracked 
| 234|0x0000000717400000, 0x0000000717400000, 0x0000000717500000|  0%| F|  |TAMS 0x0000000717400000, 0x0000000717400000| Untracked 
| 235|0x0000000717500000, 0x0000000717500000, 0x0000000717600000|  0%| F|  |TAMS 0x0000000717500000, 0x0000000717500000| Untracked 
| 236|0x0000000717600000, 0x0000000717600000, 0x0000000717700000|  0%| F|  |TAMS 0x0000000717600000, 0x0000000717600000| Untracked 
| 237|0x0000000717700000, 0x000000071777ba20, 0x0000000717800000| 48%| E|  |TAMS 0x0000000717700000, 0x0000000717700000| Complete 
| 238|0x0000000717800000, 0x0000000717900000, 0x0000000717900000|100%| E|CS|TAMS 0x0000000717800000, 0x0000000717800000| Complete 
| 239|0x0000000717900000, 0x0000000717a00000, 0x0000000717a00000|100%| E|CS|TAMS 0x0000000717900000, 0x0000000717900000| Complete 
| 240|0x0000000717a00000, 0x0000000717b00000, 0x0000000717b00000|100%| E|CS|TAMS 0x0000000717a00000, 0x0000000717a00000| Complete 
| 241|0x0000000717b00000, 0x0000000717c00000, 0x0000000717c00000|100%| E|CS|TAMS 0x0000000717b00000, 0x0000000717b00000| Complete 
| 242|0x0000000717c00000, 0x0000000717d00000, 0x0000000717d00000|100%| E|CS|TAMS 0x0000000717c00000, 0x0000000717c00000| Complete 
| 243|0x0000000717d00000, 0x0000000717e00000, 0x0000000717e00000|100%| E|CS|TAMS 0x0000000717d00000, 0x0000000717d00000| Complete 
| 244|0x0000000717e00000, 0x0000000717f00000, 0x0000000717f00000|100%| E|  |TAMS 0x0000000717e00000, 0x0000000717e00000| Complete 
| 245|0x0000000717f00000, 0x0000000718000000, 0x0000000718000000|100%| E|CS|TAMS 0x0000000717f00000, 0x0000000717f00000| Complete 
| 246|0x0000000718000000, 0x0000000718100000, 0x0000000718100000|100%| E|CS|TAMS 0x0000000718000000, 0x0000000718000000| Complete 
| 247|0x0000000718100000, 0x0000000718200000, 0x0000000718200000|100%| E|CS|TAMS 0x0000000718100000, 0x0000000718100000| Complete 
|2932|0x00000007bfe00000, 0x00000007bfe48000, 0x00000007bff00000| 28%|OA|  |TAMS 0x00000007bfe00000, 0x00000007bfe00000| Untracked 
|2933|0x00000007bff00000, 0x00000007bff6c000, 0x00000007c0000000| 42%|CA|  |TAMS 0x00000007bff00000, 0x00000007bff00000| Untracked 

Card table byte_map: [0x00007f0c9b08a000,0x00007f0c9b845000] _byte_map_base: 0x00007f0c97845000

Marking Bits (Prev, Next): (CMBitMap*) 0x00007f0cb807d508, (CMBitMap*) 0x00007f0cb807d540
 Prev Bits: [0x00007f0c96af7000, 0x00007f0c9a8cf000)
 Next Bits: [0x00007f0c92d1f000, 0x00007f0c96af7000)

Polling page: 0x00007f0cbeb0f000

Metaspace:

Usage:
  Non-class:      5.76 MB capacity,     3.18 MB ( 55%) used,     2.58 MB ( 45%) free+waste,     5.56 KB ( <1%) overhead. 
      Class:    681.00 KB capacity,   389.06 KB ( 57%) used,   289.06 KB ( 42%) free+waste,     2.88 KB ( <1%) overhead. 
       Both:      6.42 MB capacity,     3.56 MB ( 55%) used,     2.86 MB ( 45%) free+waste,     8.44 KB ( <1%) overhead. 

Virtual space:
  Non-class space:        8.00 MB reserved,       6.00 MB ( 75%) committed 
      Class space:        1.00 GB reserved,     768.00 KB ( <1%) committed 
             Both:        1.01 GB reserved,       6.75 MB ( <1%) committed 

Chunk freelists:
   Non-Class:  0 bytes
       Class:  0 bytes
        Both:  0 bytes

MaxMetaspaceSize: unlimited
CompressedClassSpaceSize: 1.00 GB
Initial GC threshold: 20.80 MB
Current GC threshold: 20.80 MB
CDS: on

CodeHeap 'non-profiled nmethods': size=119172Kb used=205Kb max_used=205Kb free=118966Kb
 bounds [0x00007f0ca8364000, 0x00007f0ca85d4000, 0x00007f0caf7c5000]
CodeHeap 'profiled nmethods': size=119168Kb used=1549Kb max_used=1549Kb free=117618Kb
 bounds [0x00007f0ca0f04000, 0x00007f0ca1174000, 0x00007f0ca8364000]
CodeHeap 'non-nmethods': size=7420Kb used=2835Kb max_used=2841Kb free=4584Kb
 bounds [0x00007f0ca07c5000, 0x00007f0ca0a95000, 0x00007f0ca0f04000]
 total_blobs=1216 nmethods=809 adapters=318
 compilation: enabled
              stopped_count=0, restarted_count=0
 full_count=0

Compilation events (20 events):
Event: 0.163 Thread 0x00007f0cb81fa000 nmethod 794 0x00007f0ca107af10 code [0x00007f0ca107b0c0, 0x00007f0ca107b1f0]
Event: 0.163 Thread 0x00007f0c641dd800  795       3       java.lang.invoke.LambdaForm$Name::isParam (13 bytes)
Event: 0.163 Thread 0x00007f0c641dd800 nmethod 795 0x00007f0ca107b290 code [0x00007f0ca107b440, 0x00007f0ca107b5b0]
Event: 0.164 Thread 0x00007f0cb81fa000  797       3       java.lang.invoke.LambdaForm$Name::lastUseIndex (36 bytes)
Event: 0.164 Thread 0x00007f0c6009e000  798       3       jdk.internal.org.objectweb.asm.Frame::push (110 bytes)
Event: 0.164 Thread 0x00007f0cb81fa000 nmethod 797 0x00007f0ca107b610 code [0x00007f0ca107b7e0, 0x00007f0ca107ba90]
Event: 0.164 Thread 0x00007f0c6009e000 nmethod 798 0x00007f0ca107bb90 code [0x00007f0ca107bd80, 0x00007f0ca107c340]
Event: 0.164 Thread 0x00007f0c5c26f800  800       3       java.lang.invoke.MethodType::insertParameterTypes (121 bytes)
Event: 0.164 Thread 0x00007f0c641dd800  802       3       java.lang.invoke.LambdaForm$Name::<init> (44 bytes)
Event: 0.164 Thread 0x00007f0c641dd800 nmethod 802 0x00007f0ca107c510 code [0x00007f0ca107c740, 0x00007f0ca107cd40]
Event: 0.164 Thread 0x00007f0c641dd800  803       3       java.lang.invoke.LambdaForm$NamedFunction::returnType (11 bytes)
Event: 0.165 Thread 0x00007f0c5c26f800 nmethod 800 0x00007f0ca107d010 code [0x00007f0ca107d300, 0x00007f0ca107e1b0]
Event: 0.165 Thread 0x00007f0c5c26f800  801   !   3       java.lang.invoke.MemberName::getFieldType (177 bytes)
Event: 0.165 Thread 0x00007f0c641dd800 nmethod 803 0x00007f0ca107e790 code [0x00007f0ca107e9a0, 0x00007f0ca107ee40]
Event: 0.165 Thread 0x00007f0c641dd800  805       3       java.lang.invoke.InvokerBytecodeGenerator::emitImplicitConversion (159 bytes)
Event: 0.165 Thread 0x00007f0c641dd800 nmethod 805 0x00007f0ca107f010 code [0x00007f0ca107f360, 0x00007f0ca10803d0]
Event: 0.165 Thread 0x00007f0c641dd800  806       3       jdk.internal.org.objectweb.asm.Frame::get (46 bytes)
Event: 0.165 Thread 0x00007f0c5c26f800 nmethod 801 0x00007f0ca1080990 code [0x00007f0ca1080ce0, 0x00007f0ca1082530]
Event: 0.165 Thread 0x00007f0c641dd800 nmethod 806 0x00007f0ca1082c90 code [0x00007f0ca1082e40, 0x00007f0ca1083050]
Event: 0.166 Thread 0x00007f0c5c26f800  808       3       java.lang.String::<init> (55 bytes)

GC Heap History (0 events):
No events

Deoptimization events (20 events):
Event: 0.098 Thread 0x00007f0cb8015800 Uncommon trap: trap_request=0xffffff4d fr.pc=0x00007f0ca837ccd0 relative=0x0000000000000410
Event: 0.098 Thread 0x00007f0cb8015800 Uncommon trap: reason=unstable_if action=reinterpret pc=0x00007f0ca837ccd0 method=java.lang.StringLatin1.indexOf([BI[BII)I @ 91 c2
Event: 0.098 Thread 0x00007f0cb8015800 DEOPT PACKING pc=0x00007f0ca837ccd0 sp=0x00007f0cbd29dfc0
Event: 0.098 Thread 0x00007f0cb8015800 DEOPT UNPACKING pc=0x00007f0ca080eea5 sp=0x00007f0cbd29df40 mode 2
Event: 0.111 Thread 0x00007f0cb8015800 DEOPT PACKING pc=0x00007f0ca0f92ce2 sp=0x00007f0cbd29e550
Event: 0.111 Thread 0x00007f0cb8015800 DEOPT UNPACKING pc=0x00007f0ca080f64a sp=0x00007f0cbd29d9e8 mode 0
Event: 0.116 Thread 0x00007f0cb8015800 DEOPT PACKING pc=0x00007f0ca0f40b4f sp=0x00007f0cbd29e510
Event: 0.116 Thread 0x00007f0cb8015800 DEOPT UNPACKING pc=0x00007f0ca080f64a sp=0x00007f0cbd29d9b8 mode 0
Event: 0.117 Thread 0x00007f0cb8015800 DEOPT PACKING pc=0x00007f0ca0f40b4f sp=0x00007f0cbd29e610
Event: 0.117 Thread 0x00007f0cb8015800 DEOPT UNPACKING pc=0x00007f0ca080f64a sp=0x00007f0cbd29dab8 mode 0
Event: 0.117 Thread 0x00007f0cb8015800 DEOPT PACKING pc=0x00007f0ca0f40b4f sp=0x00007f0cbd29e510
Event: 0.117 Thread 0x00007f0cb8015800 DEOPT UNPACKING pc=0x00007f0ca080f64a sp=0x00007f0cbd29d9b8 mode 0
Event: 0.143 Thread 0x00007f0cb8015800 Uncommon trap: trap_request=0xffffffc6 fr.pc=0x00007f0ca838b314 relative=0x00000000000003b4
Event: 0.143 Thread 0x00007f0cb8015800 Uncommon trap: reason=bimorphic_or_optimized_type_check action=maybe_recompile pc=0x00007f0ca838b314 method=java.util.HashMap.getNode(ILjava/lang/Object;)Ljava/util/HashMap$Node; @ 126 c2
Event: 0.143 Thread 0x00007f0cb8015800 DEOPT PACKING pc=0x00007f0ca838b314 sp=0x00007f0cbd29ee60
Event: 0.143 Thread 0x00007f0cb8015800 DEOPT UNPACKING pc=0x00007f0ca080eea5 sp=0x00007f0cbd29edf8 mode 2
Event: 0.143 Thread 0x00007f0cb8015800 Uncommon trap: trap_request=0xffffffc6 fr.pc=0x00007f0ca838b314 relative=0x00000000000003b4
Event: 0.143 Thread 0x00007f0cb8015800 Uncommon trap: reason=bimorphic_or_optimized_type_check action=maybe_recompile pc=0x00007f0ca838b314 method=java.util.HashMap.getNode(ILjava/lang/Object;)Ljava/util/HashMap$Node; @ 126 c2
Event: 0.143 Thread 0x00007f0cb8015800 DEOPT PACKING pc=0x00007f0ca838b314 sp=0x00007f0cbd29ef70
Event: 0.143 Thread 0x00007f0cb8015800 DEOPT UNPACKING pc=0x00007f0ca080eea5 sp=0x00007f0cbd29ef08 mode 2

Classes redefined (0 events):
No events

Internal exceptions (20 events):
Event: 0.066 Thread 0x00007f0cb8015800 Exception <a 'java/security/PrivilegedActionException'{0x0000000717db0470}> (0x0000000717db0470) thrown at [./src/hotspot/share/prims/jvm.cpp, line 1304]
Event: 0.066 Thread 0x00007f0cb8015800 Exception <a 'java/security/PrivilegedActionException'{0x0000000717db09e8}> (0x0000000717db09e8) thrown at [./src/hotspot/share/prims/jvm.cpp, line 1304]
Event: 0.066 Thread 0x00007f0cb8015800 Exception <a 'java/security/PrivilegedActionException'{0x0000000717db1600}> (0x0000000717db1600) thrown at [./src/hotspot/share/prims/jvm.cpp, line 1304]
Event: 0.066 Thread 0x00007f0cb8015800 Exception <a 'java/security/PrivilegedActionException'{0x0000000717db1b78}> (0x0000000717db1b78) thrown at [./src/hotspot/share/prims/jvm.cpp, line 1304]
Event: 0.066 Thread 0x00007f0cb8015800 Exception <a 'java/security/PrivilegedActionException'{0x0000000717db2790}> (0x0000000717db2790) thrown at [./src/hotspot/share/prims/jvm.cpp, line 1304]
Event: 0.066 Thread 0x00007f0cb8015800 Exception <a 'java/security/PrivilegedActionException'{0x0000000717db2d08}> (0x0000000717db2d08) thrown at [./src/hotspot/share/prims/jvm.cpp, line 1304]
Event: 0.066 Thread 0x00007f0cb8015800 Exception <a 'java/security/PrivilegedActionException'{0x0000000717db3938}> (0x0000000717db3938) thrown at [./src/hotspot/share/prims/jvm.cpp, line 1304]
Event: 0.066 Thread 0x00007f0cb8015800 Exception <a 'java/security/PrivilegedActionException'{0x0000000717db3eb0}> (0x0000000717db3eb0) thrown at [./src/hotspot/share/prims/jvm.cpp, line 1304]
Event: 0.066 Thread 0x00007f0cb8015800 Exception <a 'java/security/PrivilegedActionException'{0x0000000717db4ae0}> (0x0000000717db4ae0) thrown at [./src/hotspot/share/prims/jvm.cpp, line 1304]
Event: 0.066 Thread 0x00007f0cb8015800 Exception <a 'java/security/PrivilegedActionException'{0x0000000717db5058}> (0x0000000717db5058) thrown at [./src/hotspot/share/prims/jvm.cpp, line 1304]
Event: 0.066 Thread 0x00007f0cb8015800 Exception <a 'java/security/PrivilegedActionException'{0x0000000717db5c88}> (0x0000000717db5c88) thrown at [./src/hotspot/share/prims/jvm.cpp, line 1304]
Event: 0.066 Thread 0x00007f0cb8015800 Exception <a 'java/security/PrivilegedActionException'{0x0000000717db6200}> (0x0000000717db6200) thrown at [./src/hotspot/share/prims/jvm.cpp, line 1304]
Event: 0.066 Thread 0x00007f0cb8015800 Exception <a 'java/security/PrivilegedActionException'{0x0000000717db6e18}> (0x0000000717db6e18) thrown at [./src/hotspot/share/prims/jvm.cpp, line 1304]
Event: 0.066 Thread 0x00007f0cb8015800 Exception <a 'java/security/PrivilegedActionException'{0x0000000717db7390}> (0x0000000717db7390) thrown at [./src/hotspot/share/prims/jvm.cpp, line 1304]
Event: 0.066 Thread 0x00007f0cb8015800 Exception <a 'java/security/PrivilegedActionException'{0x0000000717db8218}> (0x0000000717db8218) thrown at [./src/hotspot/share/prims/jvm.cpp, line 1304]
Event: 0.066 Thread 0x00007f0cb8015800 Exception <a 'java/security/PrivilegedActionException'{0x0000000717db8790}> (0x0000000717db8790) thrown at [./src/hotspot/share/prims/jvm.cpp, line 1304]
Event: 0.077 Thread 0x00007f0cb8015800 Exception <a 'java/lang/NoSuchMethodError'{0x0000000717c279f8}: 'int java.lang.invoke.DirectMethodHandle$Holder.invokeStaticInit(java.lang.Object, java.lang.Object, java.lang.Object, java.lang.Object)'> (0x0000000717c279f8) thrown at [./src/hotspot/share/interpreter/linkResolver.cpp, line 772]
Event: 0.078 Thread 0x00007f0cb8015800 Exception <a 'java/lang/IncompatibleClassChangeError'{0x0000000717c31ee0}: Found class java.lang.Object, but interface was expected> (0x0000000717c31ee0) thrown at [./src/hotspot/share/interpreter/linkResolver.cpp, line 839]
Event: 0.078 Thread 0x00007f0cb8015800 Exception <a 'java/lang/NoSuchMethodError'{0x0000000717c35130}: 'void java.lang.invoke.DirectMethodHandle$Holder.invokeStaticInit(java.lang.Object, java.lang.Object)'> (0x0000000717c35130) thrown at [./src/hotspot/share/interpreter/linkResolver.cpp, line 772]
Event: 0.079 Thread 0x00007f0cb8015800 Exception <a 'java/lang/NoSuchMethodError'{0x0000000717c3ae80}: 'int java.lang.invoke.DirectMethodHandle$Holder.invokeStaticInit(java.lang.Object, java.lang.Object)'> (0x0000000717c3ae80) thrown at [./src/hotspot/share/interpreter/linkResolver.cpp, line 772]

Events (20 events):
Event: 0.154 Executing VM operation: Deoptimize
Event: 0.154 Executing VM operation: Deoptimize done
Event: 0.155 loading class java/lang/invoke/BoundMethodHandle$Species_LL
Event: 0.155 loading class java/lang/invoke/BoundMethodHandle$Species_LL done
Event: 0.156 loading class java/lang/invoke/BoundMethodHandle$Species_LLL
Event: 0.156 loading class java/lang/invoke/BoundMethodHandle$Species_LLL done
Event: 0.157 loading class java/lang/invoke/BoundMethodHandle$Species_LLLL
Event: 0.157 loading class java/lang/invoke/BoundMethodHandle$Species_LLLL done
Event: 0.158 loading class java/lang/invoke/BoundMethodHandle$Species_LLLLL
Event: 0.158 loading class java/lang/invoke/BoundMethodHandle$Species_LLLLL done
Event: 0.159 loading class java/lang/invoke/BoundMethodHandle$Species_LLLLLL
Event: 0.159 loading class java/lang/invoke/BoundMethodHandle$Species_LLLLLL done
Event: 0.160 loading class java/lang/invoke/BoundMethodHandle$Species_LLLLLLI
Event: 0.160 loading class java/lang/invoke/BoundMethodHandle$Species_LLLLLLI done
Event: 0.162 loading class java/lang/invoke/BoundMethodHandle$Species_LLLLLLII
Event: 0.162 loading class java/lang/invoke/BoundMethodHandle$Species_LLLLLLII done
Event: 0.164 loading class java/lang/invoke/BoundMethodHandle$Species_LLLLLLIIL
Event: 0.164 loading class java/lang/invoke/BoundMethodHandle$Species_LLLLLLIIL done
Event: 0.165 loading class semantic_check/Symbol
Event: 0.165 loading class semantic_check/Symbol done


Dynamic libraries:
708a00000-718200000 rw-p 00000000 00:00 0 
718200000-7bfe00000 ---p 00000000 00:00 0 
7bfe00000-7bfe48000 rw-p 00b14000 08:20 134904                           /usr/lib/jvm/java-11-openjdk-amd64/lib/server/classes.jsa
7bfe48000-7bff00000 rw-p 00000000 00:00 0 
7bff00000-7bff6c000 rw-p 00aa8000 08:20 134904                           /usr/lib/jvm/java-11-openjdk-amd64/lib/server/classes.jsa
7bff6c000-7c0000000 rw-p 00000000 00:00 0 
7c0000000-800000000 ---p 00000000 00:00 0 
800000000-800002000 rwxp 00001000 08:20 134904                           /usr/lib/jvm/java-11-openjdk-amd64/lib/server/classes.jsa
800002000-8003ce000 rw-p 00003000 08:20 134904                           /usr/lib/jvm/java-11-openjdk-amd64/lib/server/classes.jsa
8003ce000-800aa6000 r--p 003cf000 08:20 134904                           /usr/lib/jvm/java-11-openjdk-amd64/lib/server/classes.jsa
800aa6000-800aa7000 rw-p 00aa7000 08:20 134904                           /usr/lib/jvm/java-11-openjdk-amd64/lib/server/classes.jsa
840000000-8400c0000 rw-p 00000000 00:00 0 
8400c0000-880000000 ---p 00000000 00:00 0 
557ec5a2c000-557ec5a2d000 r--p 00000000 08:20 134294                     /usr/lib/jvm/java-11-openjdk-amd64/bin/java
557ec5a2d000-557ec5a2e000 r-xp 00001000 08:20 134294                     /usr/lib/jvm/java-11-openjdk-amd64/bin/java
557ec5a2e000-557ec5a2f000 r--p 00002000 08:20 134294                     /usr/lib/jvm/java-11-openjdk-amd64/bin/java
557ec5a2f000-557ec5a30000 r--p 00002000 08:20 134294                     /usr/lib/jvm/java-11-openjdk-amd64/bin/java
557ec5a30000-557ec5a31000 rw-p 00003000 08:20 134294                     /usr/lib/jvm/java-11-openjdk-amd64/bin/java
557edc5aa000-557edc5cb000 rw-p 00000000 00:00 0                          [heap]
7f0c34000000-7f0c34021000 rw-p 00000000 00:00 0 
7f0c34021000-7f0c38000000 ---p 00000000 00:00 0 
7f0c3c000000-7f0c3c021000 rw-p 00000000 00:00 0 
7f0c3c021000-7f0c40000000 ---p 00000000 00:00 0 
7f0c4152c000-7f0c41e52000 r--p 00000000 08:20 204242                     /home/crz/.javacpp/cache/llvm-13.0.1-1.5.7-linux-x86_64.jar/org/bytedeco/llvm/linux-x86_64/libLLVM-13.so
7f0c41e52000-7f0c45815000 r-xp 00926000 08:20 204242                     /home/crz/.javacpp/cache/llvm-13.0.1-1.5.7-linux-x86_64.jar/org/bytedeco/llvm/linux-x86_64/libLLVM-13.so
7f0c45815000-7f0c47a6a000 r--p 042e9000 08:20 204242                     /home/crz/.javacpp/cache/llvm-13.0.1-1.5.7-linux-x86_64.jar/org/bytedeco/llvm/linux-x86_64/libLLVM-13.so
7f0c47a6a000-7f0c47f7f000 r--p 0653d000 08:20 204242                     /home/crz/.javacpp/cache/llvm-13.0.1-1.5.7-linux-x86_64.jar/org/bytedeco/llvm/linux-x86_64/libLLVM-13.so
7f0c47f7f000-7f0c47f8a000 rw-p 06a52000 08:20 204242                     /home/crz/.javacpp/cache/llvm-13.0.1-1.5.7-linux-x86_64.jar/org/bytedeco/llvm/linux-x86_64/libLLVM-13.so
7f0c47f8a000-7f0c48000000 rw-p 00000000 00:00 0 
7f0c48000000-7f0c48084000 rw-p 00000000 00:00 0 
7f0c48084000-7f0c4c000000 ---p 00000000 00:00 0 
7f0c4c000000-7f0c4c021000 rw-p 00000000 00:00 0 
7f0c4c021000-7f0c50000000 ---p 00000000 00:00 0 
7f0c50000000-7f0c50021000 rw-p 00000000 00:00 0 
7f0c50021000-7f0c54000000 ---p 00000000 00:00 0 
7f0c54000000-7f0c54021000 rw-p 00000000 00:00 0 
7f0c54021000-7f0c58000000 ---p 00000000 00:00 0 
7f0c58000000-7f0c58021000 rw-p 00000000 00:00 0 
7f0c58021000-7f0c5c000000 ---p 00000000 00:00 0 
7f0c5c000000-7f0c5c29c000 rw-p 00000000 00:00 0 
7f0c5c29c000-7f0c60000000 ---p 00000000 00:00 0 
7f0c60000000-7f0c60274000 rw-p 00000000 00:00 0 
7f0c60274000-7f0c64000000 ---p 00000000 00:00 0 
7f0c64000000-7f0c641e2000 rw-p 00000000 00:00 0 
7f0c641e2000-7f0c68000000 ---p 00000000 00:00 0 
7f0c68000000-7f0c68021000 rw-p 00000000 00:00 0 
7f0c68021000-7f0c6c000000 ---p 00000000 00:00 0 
7f0c6c000000-7f0c6c021000 rw-p 00000000 00:00 0 
7f0c6c021000-7f0c70000000 ---p 00000000 00:00 0 
7f0c70000000-7f0c70021000 rw-p 00000000 00:00 0 
7f0c70021000-7f0c74000000 ---p 00000000 00:00 0 
7f0c74000000-7f0c74021000 rw-p 00000000 00:00 0 
7f0c74021000-7f0c78000000 ---p 00000000 00:00 0 
7f0c78000000-7f0c78021000 rw-p 00000000 00:00 0 
7f0c78021000-7f0c7c000000 ---p 00000000 00:00 0 
7f0c7c000000-7f0c7c021000 rw-p 00000000 00:00 0 
7f0c7c021000-7f0c80000000 ---p 00000000 00:00 0 
7f0c80000000-7f0c80021000 rw-p 00000000 00:00 0 
7f0c80021000-7f0c84000000 ---p 00000000 00:00 0 
7f0c84000000-7f0c84021000 rw-p 00000000 00:00 0 
7f0c84021000-7f0c88000000 ---p 00000000 00:00 0 
7f0c89f23000-7f0c89f27000 ---p 00000000 00:00 0 
7f0c89f27000-7f0c8a023000 rw-p 00000000 00:00 0 
7f0c8a023000-7f0c8a027000 ---p 00000000 00:00 0 
7f0c8a027000-7f0c8a123000 rw-p 00000000 00:00 0 
7f0c8a123000-7f0c8a188000 r--p 00000000 08:20 204256                     /home/crz/.javacpp/cache/llvm-13.0.1-1.5.7-linux-x86_64.jar/org/bytedeco/llvm/linux-x86_64/libjniLLVM.so
7f0c8a188000-7f0c8a1f6000 r-xp 00065000 08:20 204256                     /home/crz/.javacpp/cache/llvm-13.0.1-1.5.7-linux-x86_64.jar/org/bytedeco/llvm/linux-x86_64/libjniLLVM.so
7f0c8a1f6000-7f0c8a221000 r--p 000d3000 08:20 204256                     /home/crz/.javacpp/cache/llvm-13.0.1-1.5.7-linux-x86_64.jar/org/bytedeco/llvm/linux-x86_64/libjniLLVM.so
7f0c8a221000-7f0c8a224000 r--p 000fd000 08:20 204256                     /home/crz/.javacpp/cache/llvm-13.0.1-1.5.7-linux-x86_64.jar/org/bytedeco/llvm/linux-x86_64/libjniLLVM.so
7f0c8a224000-7f0c8a227000 rw-p 00100000 08:20 204256                     /home/crz/.javacpp/cache/llvm-13.0.1-1.5.7-linux-x86_64.jar/org/bytedeco/llvm/linux-x86_64/libjniLLVM.so
7f0c8a227000-7f0c8a229000 rw-p 00000000 00:00 0 
7f0c8a229000-7f0c8a22d000 ---p 00000000 00:00 0 
7f0c8a22d000-7f0c8a329000 rw-p 00000000 00:00 0 
7f0c8a329000-7f0c8a32d000 ---p 00000000 00:00 0 
7f0c8a32d000-7f0c8a429000 rw-p 00000000 00:00 0 
7f0c8a45d000-7f0c8a48e000 rw-p 00000000 00:00 0 
7f0c8a48e000-7f0c8a492000 ---p 00000000 00:00 0 
7f0c8a492000-7f0c8a58e000 rw-p 00000000 00:00 0 
7f0c8a58e000-7f0c8a58f000 ---p 00000000 00:00 0 
7f0c8a58f000-7f0c8a68f000 rw-p 00000000 00:00 0 
7f0c8a68f000-7f0c8a693000 ---p 00000000 00:00 0 
7f0c8a693000-7f0c8a78f000 rw-p 00000000 00:00 0 
7f0c8a78f000-7f0c8a793000 ---p 00000000 00:00 0 
7f0c8a793000-7f0c8a88f000 rw-p 00000000 00:00 0 
7f0c8a88f000-7f0c8a893000 ---p 00000000 00:00 0 
7f0c8a893000-7f0c8a98f000 rw-p 00000000 00:00 0 
7f0c8a98f000-7f0c8a993000 ---p 00000000 00:00 0 
7f0c8a993000-7f0c8aa8f000 rw-p 00000000 00:00 0 
7f0c8aa8f000-7f0c8aa93000 ---p 00000000 00:00 0 
7f0c8aa93000-7f0c8ab8f000 rw-p 00000000 00:00 0 
7f0c8ab8f000-7f0c8ab93000 ---p 00000000 00:00 0 
7f0c8ab93000-7f0c8ac8f000 rw-p 00000000 00:00 0 
7f0c8ac8f000-7f0c8b27c000 r--p 00000000 08:20 13349                      /usr/lib/locale/locale-archive
7f0c8b27c000-7f0c8b280000 ---p 00000000 00:00 0 
7f0c8b280000-7f0c8b37c000 rw-p 00000000 00:00 0 
7f0c8b37c000-7f0c8b380000 ---p 00000000 00:00 0 
7f0c8b380000-7f0c8b47c000 rw-p 00000000 00:00 0 
7f0c8b47c000-7f0c8b47d000 ---p 00000000 00:00 0 
7f0c8b47d000-7f0c8bbfe000 rw-p 00000000 00:00 0 
7f0c8bbfe000-7f0c8bdfe000 ---p 00000000 00:00 0 
7f0c8bdfe000-7f0c8bdff000 ---p 00000000 00:00 0 
7f0c8bdff000-7f0c8beff000 rw-p 00000000 00:00 0 
7f0c8beff000-7f0c8bf00000 ---p 00000000 00:00 0 
7f0c8bf00000-7f0c8c000000 rw-p 00000000 00:00 0 
7f0c8c000000-7f0c8c021000 rw-p 00000000 00:00 0 
7f0c8c021000-7f0c90000000 ---p 00000000 00:00 0 
7f0c9000b000-7f0c90012000 r--s 00000000 08:20 126784                     /usr/lib/x86_64-linux-gnu/gconv/gconv-modules.cache
7f0c90012000-7f0c930ff000 rw-p 00000000 00:00 0 
7f0c930ff000-7f0c95aef000 ---p 00000000 00:00 0 
7f0c95aef000-7f0c95af7000 rw-p 00000000 00:00 0 
7f0c95af7000-7f0c96af7000 ---p 00000000 00:00 0 
7f0c96af7000-7f0c96ed7000 rw-p 00000000 00:00 0 
7f0c96ed7000-7f0c998c7000 ---p 00000000 00:00 0 
7f0c998c7000-7f0c998cf000 rw-p 00000000 00:00 0 
7f0c998cf000-7f0c9a8cf000 ---p 00000000 00:00 0 
7f0c9a8cf000-7f0c9a94b000 rw-p 00000000 00:00 0 
7f0c9a94b000-7f0c9ae89000 ---p 00000000 00:00 0 
7f0c9ae89000-7f0c9ae8a000 rw-p 00000000 00:00 0 
7f0c9ae8a000-7f0c9b08a000 ---p 00000000 00:00 0 
7f0c9b08a000-7f0c9b106000 rw-p 00000000 00:00 0 
7f0c9b106000-7f0c9b644000 ---p 00000000 00:00 0 
7f0c9b644000-7f0c9b645000 rw-p 00000000 00:00 0 
7f0c9b645000-7f0c9b845000 ---p 00000000 00:00 0 
7f0c9b845000-7f0c9b8c1000 rw-p 00000000 00:00 0 
7f0c9b8c1000-7f0c9bdff000 ---p 00000000 00:00 0 
7f0c9bdff000-7f0c9be00000 rw-p 00000000 00:00 0 
7f0c9be00000-7f0c9c000000 ---p 00000000 00:00 0 
7f0c9c000000-7f0c9c021000 rw-p 00000000 00:00 0 
7f0c9c021000-7f0ca0000000 ---p 00000000 00:00 0 
7f0ca0005000-7f0ca0006000 r--p 00000000 08:20 204251                     /home/crz/.javacpp/cache/llvm-13.0.1-1.5.7-linux-x86_64.jar/org/bytedeco/llvm/linux-x86_64/libRemarks.so.13
7f0ca0006000-7f0ca0007000 r-xp 00001000 08:20 204251                     /home/crz/.javacpp/cache/llvm-13.0.1-1.5.7-linux-x86_64.jar/org/bytedeco/llvm/linux-x86_64/libRemarks.so.13
7f0ca0007000-7f0ca0008000 r--p 00002000 08:20 204251                     /home/crz/.javacpp/cache/llvm-13.0.1-1.5.7-linux-x86_64.jar/org/bytedeco/llvm/linux-x86_64/libRemarks.so.13
7f0ca0008000-7f0ca0009000 r--p 00002000 08:20 204251                     /home/crz/.javacpp/cache/llvm-13.0.1-1.5.7-linux-x86_64.jar/org/bytedeco/llvm/linux-x86_64/libRemarks.so.13
7f0ca0009000-7f0ca000a000 rw-p 00003000 08:20 204251                     /home/crz/.javacpp/cache/llvm-13.0.1-1.5.7-linux-x86_64.jar/org/bytedeco/llvm/linux-x86_64/libRemarks.so.13
7f0ca000a000-7f0ca0011000 r--p 00000000 08:20 204245                     /home/crz/.javacpp/cache/llvm-13.0.1-1.5.7-linux-x86_64.jar/org/bytedeco/llvm/linux-x86_64/libLTO.so.13
7f0ca0011000-7f0ca0019000 r-xp 00007000 08:20 204245                     /home/crz/.javacpp/cache/llvm-13.0.1-1.5.7-linux-x86_64.jar/org/bytedeco/llvm/linux-x86_64/libLTO.so.13
7f0ca0019000-7f0ca001b000 r--p 0000f000 08:20 204245                     /home/crz/.javacpp/cache/llvm-13.0.1-1.5.7-linux-x86_64.jar/org/bytedeco/llvm/linux-x86_64/libLTO.so.13
7f0ca001b000-7f0ca001c000 r--p 00010000 08:20 204245                     /home/crz/.javacpp/cache/llvm-13.0.1-1.5.7-linux-x86_64.jar/org/bytedeco/llvm/linux-x86_64/libLTO.so.13
7f0ca001c000-7f0ca001d000 rw-p 00011000 08:20 204245                     /home/crz/.javacpp/cache/llvm-13.0.1-1.5.7-linux-x86_64.jar/org/bytedeco/llvm/linux-x86_64/libLTO.so.13
7f0ca001d000-7f0ca0021000 r--p 00000000 08:20 204229                     /home/crz/.javacpp/cache/javacpp-1.5.7-linux-x86_64.jar/org/bytedeco/javacpp/linux-x86_64/libjnijavacpp.so
7f0ca0021000-7f0ca0028000 r-xp 00004000 08:20 204229                     /home/crz/.javacpp/cache/javacpp-1.5.7-linux-x86_64.jar/org/bytedeco/javacpp/linux-x86_64/libjnijavacpp.so
7f0ca0028000-7f0ca002c000 r--p 0000b000 08:20 204229                     /home/crz/.javacpp/cache/javacpp-1.5.7-linux-x86_64.jar/org/bytedeco/javacpp/linux-x86_64/libjnijavacpp.so
7f0ca002c000-7f0ca002d000 r--p 0000e000 08:20 204229                     /home/crz/.javacpp/cache/javacpp-1.5.7-linux-x86_64.jar/org/bytedeco/javacpp/linux-x86_64/libjnijavacpp.so
7f0ca002d000-7f0ca002e000 rw-p 0000f000 08:20 204229                     /home/crz/.javacpp/cache/javacpp-1.5.7-linux-x86_64.jar/org/bytedeco/javacpp/linux-x86_64/libjnijavacpp.so
7f0ca002e000-7f0ca0032000 r--p 00000000 08:20 134444                     /usr/lib/jvm/java-11-openjdk-amd64/lib/libnet.so
7f0ca0032000-7f0ca0040000 r-xp 00004000 08:20 134444                     /usr/lib/jvm/java-11-openjdk-amd64/lib/libnet.so
7f0ca0040000-7f0ca0044000 r--p 00012000 08:20 134444                     /usr/lib/jvm/java-11-openjdk-amd64/lib/libnet.so
7f0ca0044000-7f0ca0045000 r--p 00015000 08:20 134444                     /usr/lib/jvm/java-11-openjdk-amd64/lib/libnet.so
7f0ca0045000-7f0ca0046000 rw-p 00016000 08:20 134444                     /usr/lib/jvm/java-11-openjdk-amd64/lib/libnet.so
7f0ca0046000-7f0ca02cb000 rw-p 00000000 00:00 0 
7f0ca02cb000-7f0ca02cc000 ---p 00000000 00:00 0 
7f0ca02cc000-7f0ca03cc000 rw-p 00000000 00:00 0 
7f0ca03cc000-7f0ca03cd000 ---p 00000000 00:00 0 
7f0ca03cd000-7f0ca07c5000 rw-p 00000000 00:00 0 
7f0ca07c5000-7f0ca0a95000 rwxp 00000000 00:00 0 
7f0ca0a95000-7f0ca0f04000 ---p 00000000 00:00 0 
7f0ca0f04000-7f0ca1174000 rwxp 00000000 00:00 0 
7f0ca1174000-7f0ca8364000 ---p 00000000 00:00 0 
7f0ca8364000-7f0ca85d4000 rwxp 00000000 00:00 0 
7f0ca85d4000-7f0caf7c5000 ---p 00000000 00:00 0 
7f0caf7c5000-7f0cb8000000 r--s 00000000 08:20 134454                     /usr/lib/jvm/java-11-openjdk-amd64/lib/modules
7f0cb8000000-7f0cb8474000 rw-p 00000000 00:00 0 
7f0cb8474000-7f0cbc000000 ---p 00000000 00:00 0 
7f0cbc002000-7f0cbc003000 r--p 00000000 08:20 104103                     /usr/lib/x86_64-linux-gnu/libdl.so.2
7f0cbc003000-7f0cbc004000 r-xp 00001000 08:20 104103                     /usr/lib/x86_64-linux-gnu/libdl.so.2
7f0cbc004000-7f0cbc005000 r--p 00002000 08:20 104103                     /usr/lib/x86_64-linux-gnu/libdl.so.2
7f0cbc005000-7f0cbc006000 r--p 00002000 08:20 104103                     /usr/lib/x86_64-linux-gnu/libdl.so.2
7f0cbc006000-7f0cbc007000 rw-p 00003000 08:20 104103                     /usr/lib/x86_64-linux-gnu/libdl.so.2
7f0cbc007000-7f0cbc008000 r--p 00000000 08:20 104244                     /usr/lib/x86_64-linux-gnu/libpthread.so.0
7f0cbc008000-7f0cbc009000 r-xp 00001000 08:20 104244                     /usr/lib/x86_64-linux-gnu/libpthread.so.0
7f0cbc009000-7f0cbc00a000 r--p 00002000 08:20 104244                     /usr/lib/x86_64-linux-gnu/libpthread.so.0
7f0cbc00a000-7f0cbc00b000 r--p 00002000 08:20 104244                     /usr/lib/x86_64-linux-gnu/libpthread.so.0
7f0cbc00b000-7f0cbc00c000 rw-p 00003000 08:20 104244                     /usr/lib/x86_64-linux-gnu/libpthread.so.0
7f0cbc00c000-7f0cbc013000 r--p 00000000 08:20 134445                     /usr/lib/jvm/java-11-openjdk-amd64/lib/libnio.so
7f0cbc013000-7f0cbc01b000 r-xp 00007000 08:20 134445                     /usr/lib/jvm/java-11-openjdk-amd64/lib/libnio.so
7f0cbc01b000-7f0cbc01e000 r--p 0000f000 08:20 134445                     /usr/lib/jvm/java-11-openjdk-amd64/lib/libnio.so
7f0cbc01e000-7f0cbc01f000 r--p 00011000 08:20 134445                     /usr/lib/jvm/java-11-openjdk-amd64/lib/libnio.so
7f0cbc01f000-7f0cbc020000 rw-p 00012000 08:20 134445                     /usr/lib/jvm/java-11-openjdk-amd64/lib/libnio.so
7f0cbc020000-7f0cbce70000 rw-p 00000000 00:00 0 
7f0cbce70000-7f0cbce71000 ---p 00000000 00:00 0 
7f0cbce71000-7f0cbcf76000 rw-p 00000000 00:00 0 
7f0cbcf76000-7f0cbd05a000 ---p 00000000 00:00 0 
7f0cbd05a000-7f0cbd05f000 rw-p 00000000 00:00 0 
7f0cbd05f000-7f0cbd143000 ---p 00000000 00:00 0 
7f0cbd143000-7f0cbd149000 rw-p 00000000 00:00 0 
7f0cbd149000-7f0cbd152000 ---p 00000000 00:00 0 
7f0cbd152000-7f0cbd154000 r--p 00000000 08:20 134453                     /usr/lib/jvm/java-11-openjdk-amd64/lib/libzip.so
7f0cbd154000-7f0cbd159000 r-xp 00002000 08:20 134453                     /usr/lib/jvm/java-11-openjdk-amd64/lib/libzip.so
7f0cbd159000-7f0cbd15b000 r--p 00007000 08:20 134453                     /usr/lib/jvm/java-11-openjdk-amd64/lib/libzip.so
7f0cbd15b000-7f0cbd15c000 r--p 00008000 08:20 134453                     /usr/lib/jvm/java-11-openjdk-amd64/lib/libzip.so
7f0cbd15c000-7f0cbd15d000 rw-p 00009000 08:20 134453                     /usr/lib/jvm/java-11-openjdk-amd64/lib/libzip.so
7f0cbd15d000-7f0cbd165000 rw-s 00000000 08:20 213756                     /tmp/hsperfdata_crz/74374
7f0cbd165000-7f0cbd167000 r--p 00000000 08:20 134436                     /usr/lib/jvm/java-11-openjdk-amd64/lib/libjimage.so
7f0cbd167000-7f0cbd16a000 r-xp 00002000 08:20 134436                     /usr/lib/jvm/java-11-openjdk-amd64/lib/libjimage.so
7f0cbd16a000-7f0cbd16b000 r--p 00005000 08:20 134436                     /usr/lib/jvm/java-11-openjdk-amd64/lib/libjimage.so
7f0cbd16b000-7f0cbd16c000 ---p 00006000 08:20 134436                     /usr/lib/jvm/java-11-openjdk-amd64/lib/libjimage.so
7f0cbd16c000-7f0cbd16d000 r--p 00006000 08:20 134436                     /usr/lib/jvm/java-11-openjdk-amd64/lib/libjimage.so
7f0cbd16d000-7f0cbd16e000 rw-p 00007000 08:20 134436                     /usr/lib/jvm/java-11-openjdk-amd64/lib/libjimage.so
7f0cbd16e000-7f0cbd17c000 r--p 00000000 08:20 134433                     /usr/lib/jvm/java-11-openjdk-amd64/lib/libjava.so
7f0cbd17c000-7f0cbd192000 r-xp 0000e000 08:20 134433                     /usr/lib/jvm/java-11-openjdk-amd64/lib/libjava.so
7f0cbd192000-7f0cbd199000 r--p 00024000 08:20 134433                     /usr/lib/jvm/java-11-openjdk-amd64/lib/libjava.so
7f0cbd199000-7f0cbd19a000 r--p 0002a000 08:20 134433                     /usr/lib/jvm/java-11-openjdk-amd64/lib/libjava.so
7f0cbd19a000-7f0cbd19b000 rw-p 0002b000 08:20 134433                     /usr/lib/jvm/java-11-openjdk-amd64/lib/libjava.so
7f0cbd19b000-7f0cbd19c000 rw-p 00000000 00:00 0 
7f0cbd19c000-7f0cbd19d000 r--p 00000000 08:20 105137                     /usr/lib/x86_64-linux-gnu/librt.so.1
7f0cbd19d000-7f0cbd19e000 r-xp 00001000 08:20 105137                     /usr/lib/x86_64-linux-gnu/librt.so.1
7f0cbd19e000-7f0cbd19f000 r--p 00002000 08:20 105137                     /usr/lib/x86_64-linux-gnu/librt.so.1
7f0cbd19f000-7f0cbd1a0000 r--p 00002000 08:20 105137                     /usr/lib/x86_64-linux-gnu/librt.so.1
7f0cbd1a0000-7f0cbd1a1000 rw-p 00003000 08:20 105137                     /usr/lib/x86_64-linux-gnu/librt.so.1
7f0cbd1a1000-7f0cbd1a5000 ---p 00000000 00:00 0 
7f0cbd1a5000-7f0cbd2a1000 rw-p 00000000 00:00 0 
7f0cbd2a1000-7f0cbd2a4000 r--p 00000000 08:20 6709                       /usr/lib/x86_64-linux-gnu/libgcc_s.so.1
7f0cbd2a4000-7f0cbd2bb000 r-xp 00003000 08:20 6709                       /usr/lib/x86_64-linux-gnu/libgcc_s.so.1
7f0cbd2bb000-7f0cbd2bf000 r--p 0001a000 08:20 6709                       /usr/lib/x86_64-linux-gnu/libgcc_s.so.1
7f0cbd2bf000-7f0cbd2c0000 r--p 0001d000 08:20 6709                       /usr/lib/x86_64-linux-gnu/libgcc_s.so.1
7f0cbd2c0000-7f0cbd2c1000 rw-p 0001e000 08:20 6709                       /usr/lib/x86_64-linux-gnu/libgcc_s.so.1
7f0cbd2c1000-7f0cbd2cf000 r--p 00000000 08:20 104109                     /usr/lib/x86_64-linux-gnu/libm.so.6
7f0cbd2cf000-7f0cbd34b000 r-xp 0000e000 08:20 104109                     /usr/lib/x86_64-linux-gnu/libm.so.6
7f0cbd34b000-7f0cbd3a6000 r--p 0008a000 08:20 104109                     /usr/lib/x86_64-linux-gnu/libm.so.6
7f0cbd3a6000-7f0cbd3a7000 r--p 000e4000 08:20 104109                     /usr/lib/x86_64-linux-gnu/libm.so.6
7f0cbd3a7000-7f0cbd3a8000 rw-p 000e5000 08:20 104109                     /usr/lib/x86_64-linux-gnu/libm.so.6
7f0cbd3a8000-7f0cbd442000 r--p 00000000 08:20 6947                       /usr/lib/x86_64-linux-gnu/libstdc++.so.6.0.30
7f0cbd442000-7f0cbd553000 r-xp 0009a000 08:20 6947                       /usr/lib/x86_64-linux-gnu/libstdc++.so.6.0.30
7f0cbd553000-7f0cbd5c2000 r--p 001ab000 08:20 6947                       /usr/lib/x86_64-linux-gnu/libstdc++.so.6.0.30
7f0cbd5c2000-7f0cbd5c3000 ---p 0021a000 08:20 6947                       /usr/lib/x86_64-linux-gnu/libstdc++.so.6.0.30
7f0cbd5c3000-7f0cbd5ce000 r--p 0021a000 08:20 6947                       /usr/lib/x86_64-linux-gnu/libstdc++.so.6.0.30
7f0cbd5ce000-7f0cbd5d1000 rw-p 00225000 08:20 6947                       /usr/lib/x86_64-linux-gnu/libstdc++.so.6.0.30
7f0cbd5d1000-7f0cbd5d4000 rw-p 00000000 00:00 0 
7f0cbd5d4000-7f0cbd857000 r--p 00000000 08:20 134459                     /usr/lib/jvm/java-11-openjdk-amd64/lib/server/libjvm.so
7f0cbd857000-7f0cbe502000 r-xp 00283000 08:20 134459                     /usr/lib/jvm/java-11-openjdk-amd64/lib/server/libjvm.so
7f0cbe502000-7f0cbe75e000 r--p 00f2e000 08:20 134459                     /usr/lib/jvm/java-11-openjdk-amd64/lib/server/libjvm.so
7f0cbe75e000-7f0cbe822000 r--p 01189000 08:20 134459                     /usr/lib/jvm/java-11-openjdk-amd64/lib/server/libjvm.so
7f0cbe822000-7f0cbe85d000 rw-p 0124d000 08:20 134459                     /usr/lib/jvm/java-11-openjdk-amd64/lib/server/libjvm.so
7f0cbe85d000-7f0cbe8b7000 rw-p 00000000 00:00 0 
7f0cbe8b7000-7f0cbe8df000 r--p 00000000 08:20 104085                     /usr/lib/x86_64-linux-gnu/libc.so.6
7f0cbe8df000-7f0cbea74000 r-xp 00028000 08:20 104085                     /usr/lib/x86_64-linux-gnu/libc.so.6
7f0cbea74000-7f0cbeacc000 r--p 001bd000 08:20 104085                     /usr/lib/x86_64-linux-gnu/libc.so.6
7f0cbeacc000-7f0cbeacd000 ---p 00215000 08:20 104085                     /usr/lib/x86_64-linux-gnu/libc.so.6
7f0cbeacd000-7f0cbead1000 r--p 00215000 08:20 104085                     /usr/lib/x86_64-linux-gnu/libc.so.6
7f0cbead1000-7f0cbead3000 rw-p 00219000 08:20 104085                     /usr/lib/x86_64-linux-gnu/libc.so.6
7f0cbead3000-7f0cbeae0000 rw-p 00000000 00:00 0 
7f0cbeae0000-7f0cbeae3000 r--p 00000000 08:20 134418                     /usr/lib/jvm/java-11-openjdk-amd64/lib/jli/libjli.so
7f0cbeae3000-7f0cbeaed000 r-xp 00003000 08:20 134418                     /usr/lib/jvm/java-11-openjdk-amd64/lib/jli/libjli.so
7f0cbeaed000-7f0cbeaf0000 r--p 0000d000 08:20 134418                     /usr/lib/jvm/java-11-openjdk-amd64/lib/jli/libjli.so
7f0cbeaf0000-7f0cbeaf1000 ---p 00010000 08:20 134418                     /usr/lib/jvm/java-11-openjdk-amd64/lib/jli/libjli.so
7f0cbeaf1000-7f0cbeaf2000 r--p 00010000 08:20 134418                     /usr/lib/jvm/java-11-openjdk-amd64/lib/jli/libjli.so
7f0cbeaf2000-7f0cbeaf3000 rw-p 00011000 08:20 134418                     /usr/lib/jvm/java-11-openjdk-amd64/lib/jli/libjli.so
7f0cbeaf3000-7f0cbeaf5000 r--p 00000000 08:20 6997                       /usr/lib/x86_64-linux-gnu/libz.so.1.2.11
7f0cbeaf5000-7f0cbeb06000 r-xp 00002000 08:20 6997                       /usr/lib/x86_64-linux-gnu/libz.so.1.2.11
7f0cbeb06000-7f0cbeb0c000 r--p 00013000 08:20 6997                       /usr/lib/x86_64-linux-gnu/libz.so.1.2.11
7f0cbeb0c000-7f0cbeb0d000 ---p 00019000 08:20 6997                       /usr/lib/x86_64-linux-gnu/libz.so.1.2.11
7f0cbeb0d000-7f0cbeb0e000 r--p 00019000 08:20 6997                       /usr/lib/x86_64-linux-gnu/libz.so.1.2.11
7f0cbeb0e000-7f0cbeb0f000 rw-p 0001a000 08:20 6997                       /usr/lib/x86_64-linux-gnu/libz.so.1.2.11
7f0cbeb0f000-7f0cbeb10000 ---p 00000000 00:00 0 
7f0cbeb10000-7f0cbeb11000 r--p 00000000 00:00 0 
7f0cbeb11000-7f0cbeb16000 r--p 00000000 08:20 134452                     /usr/lib/jvm/java-11-openjdk-amd64/lib/libverify.so
7f0cbeb16000-7f0cbeb1d000 r-xp 00005000 08:20 134452                     /usr/lib/jvm/java-11-openjdk-amd64/lib/libverify.so
7f0cbeb1d000-7f0cbeb1f000 r--p 0000c000 08:20 134452                     /usr/lib/jvm/java-11-openjdk-amd64/lib/libverify.so
7f0cbeb1f000-7f0cbeb21000 r--p 0000d000 08:20 134452                     /usr/lib/jvm/java-11-openjdk-amd64/lib/libverify.so
7f0cbeb21000-7f0cbeb22000 rw-p 0000f000 08:20 134452                     /usr/lib/jvm/java-11-openjdk-amd64/lib/libverify.so
7f0cbeb22000-7f0cbeb24000 rw-p 00000000 00:00 0 
7f0cbeb24000-7f0cbeb26000 r--p 00000000 08:20 104061                     /usr/lib/x86_64-linux-gnu/ld-linux-x86-64.so.2
7f0cbeb26000-7f0cbeb50000 r-xp 00002000 08:20 104061                     /usr/lib/x86_64-linux-gnu/ld-linux-x86-64.so.2
7f0cbeb50000-7f0cbeb5b000 r--p 0002c000 08:20 104061                     /usr/lib/x86_64-linux-gnu/ld-linux-x86-64.so.2
7f0cbeb5c000-7f0cbeb5e000 r--p 00037000 08:20 104061                     /usr/lib/x86_64-linux-gnu/ld-linux-x86-64.so.2
7f0cbeb5e000-7f0cbeb60000 rw-p 00039000 08:20 104061                     /usr/lib/x86_64-linux-gnu/ld-linux-x86-64.so.2
7ffe9488d000-7ffe948ae000 rw-p 00000000 00:00 0                          [stack]
7ffe949ce000-7ffe949d2000 r--p 00000000 00:00 0                          [vvar]
7ffe949d2000-7ffe949d4000 r-xp 00000000 00:00 0                          [vdso]


VM Arguments:
java_command: Main tests/IRtest_Lab4/aa_recursion_test.sysy tests/IRtest_Lab4/aa_recursion_test.ll
java_class_path (initial): ./classes:/usr/local/lib/antlr-4.9.1-complete.jar:/usr/local/lib/llvm-13.0.1-1.5.7.jar:/usr/local/lib/llvm-13.0.1-1.5.7-linux-x86_64.jar:/usr/local/lib/llvm-platform-13.0.1-1.5.7.jar:/usr/local/lib/javacpp-1.5.7-linux-x86_64.jar:/usr/local/lib/javacpp-1.5.7.jar
Launcher Type: SUN_STANDARD

[Global flags]
     intx CICompilerCount                          = 12                                        {product} {ergonomic}
     uint ConcGCThreads                            = 4                                         {product} {ergonomic}
     uint G1ConcRefinementThreads                  = 15                                        {product} {ergonomic}
   size_t G1HeapRegionSize                         = 1048576                                   {product} {ergonomic}
    uintx GCDrainStackTargetSize                   = 64                                        {product} {ergonomic}
   size_t InitialHeapSize                          = 260046848                                 {product} {ergonomic}
   size_t MarkStackSize                            = 4194304                                   {product} {ergonomic}
   size_t MaxHeapSize                              = 4150263808                                {product} {ergonomic}
   size_t MaxNewSize                               = 2489319424                                {product} {ergonomic}
   size_t MinHeapDeltaBytes                        = 1048576                                   {product} {ergonomic}
    uintx NonNMethodCodeHeapSize                   = 7594288                                {pd product} {ergonomic}
    uintx NonProfiledCodeHeapSize                  = 122031976                              {pd product} {ergonomic}
    uintx ProfiledCodeHeapSize                     = 122031976                              {pd product} {ergonomic}
    uintx ReservedCodeCacheSize                    = 251658240                              {pd product} {ergonomic}
     bool SegmentedCodeCache                       = true                                      {product} {ergonomic}
     bool UseCompressedClassPointers               = true                                 {lp64_product} {ergonomic}
     bool UseCompressedOops                        = true                                 {lp64_product} {ergonomic}
     bool UseG1GC                                  = true                                      {product} {ergonomic}

Logging:
Log output configuration:
 #0: stdout all=warning uptime,level,tags
 #1: stderr all=off uptime,level,tags

Environment Variables:
CLASSPATH=/usr/local/lib/antlr-4.9.1-complete.jar:/usr/local/lib/llvm-13.0.1-1.5.7.jar:/usr/local/lib/llvm-13.0.1-1.5.7-linux-x86_64.jar:/usr/local/lib/llvm-platform-13.0.1-1.5.7.jar:/usr/local/lib/javacpp-1.5.7-linux-x86_64.jar:/usr/local/lib/javacpp-1.5.7.jar
PATH=/home/crz/.local/bin:/home/crz/.cargo/bin:/home/crz/.local/bin:~/my_script:/usr/local/sbin:/usr/local/bin:/usr/sbin:/usr/bin:/sbin:/bin:/usr/games:/usr/local/games:/snap/bin:/mnt/c/Users/crz/AppData/Local/Programs/Microsoft VS Code/bin:/mnt/e/Microsoft\ VS\ Code/bin
SHELL=/bin/bash
DISPLAY=:0.0
LANG=en_US.UTF-8
LC_ALL=en_US.UTF-8
LC_CTYPE=en_US.UTF-8
LC_NUMERIC=en_US.UTF-8
LC_TIME=en_US.UTF-8
TERM=xterm-256color

Signal Handlers:
SIGSEGV: [libjvm.so+0xebbc90], sa_mask[0]=11111111011111111101111111111110, sa_flags=SA_RESTART|SA_SIGINFO
SIGBUS: [libjvm.so+0xebbc90], sa_mask[0]=11111111011111111101111111111110, sa_flags=SA_RESTART|SA_SIGINFO
SIGFPE: [libjvm.so+0xebbc90], sa_mask[0]=11111111011111111101111111111110, sa_flags=SA_RESTART|SA_SIGINFO
SIGPIPE: [libjvm.so+0xbfdf90], sa_mask[0]=11111111011111111101111111111110, sa_flags=SA_RESTART|SA_SIGINFO
SIGXFSZ: [libjvm.so+0xbfdf90], sa_mask[0]=11111111011111111101111111111110, sa_flags=SA_RESTART|SA_SIGINFO
SIGILL: [libjvm.so+0xebbc90], sa_mask[0]=11111111011111111101111111111110, sa_flags=SA_RESTART|SA_SIGINFO
SIGUSR2: [libjvm.so+0xbfde30], sa_mask[0]=00000000000000000000000000000000, sa_flags=SA_RESTART|SA_SIGINFO
SIGHUP: [libjvm.so+0xbfe5f0], sa_mask[0]=11111111011111111101111111111110, sa_flags=SA_RESTART|SA_SIGINFO
SIGINT: [libjvm.so+0xbfe5f0], sa_mask[0]=11111111011111111101111111111110, sa_flags=SA_RESTART|SA_SIGINFO
SIGTERM: [libjvm.so+0xbfe5f0], sa_mask[0]=11111111011111111101111111111110, sa_flags=SA_RESTART|SA_SIGINFO
SIGQUIT: [libjvm.so+0xbfe5f0], sa_mask[0]=11111111011111111101111111111110, sa_flags=SA_RESTART|SA_SIGINFO


---------------  S Y S T E M  ---------------

OS:DISTRIB_ID=Ubuntu
DISTRIB_RELEASE=22.04
DISTRIB_CODENAME=jammy
DISTRIB_DESCRIPTION="Ubuntu 22.04.5 LTS"
uname:Linux 5.15.167.4-microsoft-standard-WSL2 #1 SMP Tue Nov 5 00:21:55 UTC 2024 x86_64
OS uptime: 0 days 1:03 hours
libc:glibc 2.35 NPTL 2.35 
rlimit (soft/hard): STACK 8192k/infinity , CORE 0k/infinity , NPROC 63270/63270 , NOFILE 1048576/1048576 , AS infinity/infinity , CPU infinity/infinity , DATA infinity/infinity , FSIZE infinity/infinity , MEMLOCK 2025516k/2025516k
load average:1.27 1.08 0.94

/proc/meminfo:
MemTotal:       16204140 kB
MemFree:        10005976 kB
MemAvailable:   12962872 kB
Buffers:          231460 kB
Cached:          2949828 kB
SwapCached:            0 kB
Active:           739980 kB
Inactive:        4942540 kB
Active(anon):       3552 kB
Inactive(anon):  2539140 kB
Active(file):     736428 kB
Inactive(file):  2403400 kB
Unevictable:           0 kB
Mlocked:               0 kB
SwapTotal:       4194304 kB
SwapFree:        4194304 kB
Dirty:                 4 kB
Writeback:            32 kB
AnonPages:       2495496 kB
Mapped:           960080 kB
Shmem:             41460 kB
KReclaimable:     129616 kB
Slab:             222340 kB
SReclaimable:     129616 kB
SUnreclaim:        92724 kB
KernelStack:       10440 kB
PageTables:        17212 kB
NFS_Unstable:          0 kB
Bounce:                0 kB
WritebackTmp:          0 kB
CommitLimit:    12296372 kB
Committed_AS:    4782480 kB
VmallocTotal:   34359738367 kB
VmallocUsed:       34000 kB
VmallocChunk:          0 kB
Percpu:            15936 kB
AnonHugePages:   2033664 kB
ShmemHugePages:        0 kB
ShmemPmdMapped:        0 kB
FileHugePages:         0 kB
FilePmdMapped:         0 kB
HugePages_Total:       0
HugePages_Free:        0
HugePages_Rsvd:        0
HugePages_Surp:        0
Hugepagesize:       2048 kB
Hugetlb:               0 kB
DirectMap4k:      125952 kB
DirectMap2M:     8085504 kB
DirectMap1G:    16777216 kB

/sys/kernel/mm/transparent_hugepage/enabled:
[always] madvise never
/sys/kernel/mm/transparent_hugepage/defrag (defrag/compaction efforts parameter):
always defer defer+madvise [madvise] never

Process Memory:
Virtual Size: 7266040K (peak: 15578208K)
Resident Set Size: 101984K (peak: 101984K) (anon: 46540K, file: 55444K, shmem: 0K)
Swapped out: 0K
C-Heap outstanding allocations: 43638K, retained: 2789K
glibc malloc tunables: (default)

/proc/sys/kernel/threads-max (system-wide limit on the number of threads):
126540
/proc/sys/vm/max_map_count (maximum number of memory map areas a process may have):
65530
/proc/sys/kernel/pid_max (system-wide limit on number of process identifiers):
4194304

container (cgroup) information:
container_type: cgroupv1
cpu_cpuset_cpus: 0-19
cpu_memory_nodes: 0
active_processor_count: 20
cpu_quota: no quota
cpu_period: 100000
cpu_shares: no shares
memory_limit_in_bytes: unlimited
memory_and_swap_limit_in_bytes: unlimited
memory_soft_limit_in_bytes: unlimited
memory_usage_in_bytes: 209388 k
memory_max_usage_in_bytes: 420724 k
kernel_memory_usage_in_bytes: 3496 k
kernel_memory_max_usage_in_bytes: unlimited
kernel_memory_limit_in_bytes: 7096 k
maximum number of tasks: unlimited
current number of tasks: 26

Hyper-V virtualization detected
Steal ticks since vm start: 0
Steal ticks percentage since vm start:  0.000

CPU:total 20 (initial active 20) (16 cores per cpu, 2 threads per core) family 6 model 186 stepping 2 microcode 0xffffffff, cmov, cx8, fxsr, mmx, sse, sse2, sse3, ssse3, sse4.1, sse4.2, popcnt, avx, avx2, aes, clmul, erms, 3dnowpref, lzcnt, ht, tsc, tscinvbit, bmi1, bmi2, adx, sha, fma
CPU Model and flags from /proc/cpuinfo:
model name	: 13th Gen Intel(R) Core(TM) i9-13900H
flags		: fpu vme de pse tsc msr pae mce cx8 apic sep mtrr pge mca cmov pat pse36 clflush mmx fxsr sse sse2 ss ht syscall nx pdpe1gb rdtscp lm constant_tsc rep_good nopl xtopology tsc_reliable nonstop_tsc cpuid pni pclmulqdq vmx ssse3 fma cx16 pcid sse4_1 sse4_2 x2apic movbe popcnt tsc_deadline_timer aes xsave avx f16c rdrand hypervisor lahf_lm abm 3dnowprefetch invpcid_single ssbd ibrs ibpb stibp ibrs_enhanced tpr_shadow vnmi ept vpid ept_ad fsgsbase tsc_adjust bmi1 avx2 smep bmi2 erms invpcid rdseed adx smap clflushopt clwb sha_ni xsaveopt xsavec xgetbv1 xsaves avx_vnni umip waitpkg gfni vaes vpclmulqdq rdpid movdiri movdir64b fsrm md_clear serialize flush_l1d arch_capabilities
Online cpus:
0-19
Offline cpus:

BIOS frequency limitation:
<Not Available>
Frequency switch latency (ns):
<Not Available>
Available cpu frequencies:
<Not Available>
Current governor:
<Not Available>
Core performance/turbo boost:
<Not Available>

Memory: 4k page, physical 16204140k(10005976k free), swap 4194304k(4194304k free)

vm_info: OpenJDK 64-Bit Server VM (11.0.26+4-post-Ubuntu-1ubuntu122.04) for linux-amd64 JRE (11.0.26+4-post-Ubuntu-1ubuntu122.04), built on Jan 23 2025 23:02:35 by "unknown" with gcc 11.4.0

END.
