#
# A fatal error has been detected by the Java Runtime Environment:
#
#  SIGSEGV (0xb) at pc=0x00007f7e9e0dde93, pid=10456, tid=10457
#
# JRE version: OpenJDK Runtime Environment (11.0.27+6) (build 11.0.27+6-post-Ubuntu-0ubuntu122.04)
# Java VM: OpenJDK 64-Bit Server VM (11.0.27+6-post-Ubuntu-0ubuntu122.04, mixed mode, sharing, tiered, compressed oops, g1 gc, linux-amd64)
# Problematic frame:
# C  [libLLVM-13.so+0xbb1e93]  (anonymous namespace)::AssemblyWriter::writeOperand(llvm::Value const*, bool) [clone .constprop.0]+0x13
#
# Core dump will be written. Default location: Core dumps may be processed with "/wsl-capture-crash %t %E %p %s" (or dumping to /home/crz/compilers/Lab/core.10456)
#
# If you would like to submit a bug report, please visit:
#   https://bugs.launchpad.net/ubuntu/+source/openjdk-lts
# The crash happened outside the Java Virtual Machine in native code.
# See problematic frame for where to report the bug.
#

---------------  S U M M A R Y ------------

Command Line: Main tests/lab6_test/constproptest2.sysy tests/lab6_test/constproptest2.ll

Host: 13th Gen Intel(R) Core(TM) i9-13900H, 20 cores, 15G, Ubuntu 22.04.5 LTS
Time: Wed May 21 21:05:12 2025 CST elapsed time: 0.177667 seconds (0d 0h 0m 0s)

---------------  T H R E A D  ---------------

Current thread (0x00007f7f14015800):  JavaThread "main" [_thread_in_native, id=10457, stack(0x00007f7f1ab2d000,0x00007f7f1ac2d000)]

Stack: [0x00007f7f1ab2d000,0x00007f7f1ac2d000],  sp=0x00007f7f1ac2b020,  free space=1016k
Native frames: (J=compiled Java code, A=aot compiled Java code, j=interpreted, Vv=VM code, C=native code)
C  [libLLVM-13.so+0xbb1e93]  (anonymous namespace)::AssemblyWriter::writeOperand(llvm::Value const*, bool) [clone .constprop.0]+0x13

Java frames: (J=compiled Java code, j=interpreted, Vv=VM code)
j  org.bytedeco.llvm.global.LLVM.LLVMPrintValueToString(Lorg/bytedeco/llvm/LLVM/LLVMValueRef;)Lorg/bytedeco/javacpp/BytePointer;+0
j  LLVMIROptimization.remove_redundant_block()Z+46
j  LLVMIROptimization.elem_dead_code()V+195
j  Main.main([Ljava/lang/String;)V+191
v  ~StubRoutines::call_stub

siginfo: si_signo: 11 (SIGSEGV), si_code: 1 (SEGV_MAPERR), si_addr: 0x00007f78e3b6e451

Register to memory mapping:

RAX=0x00007f7f1ac2b110 is pointing into the stack for thread: 0x00007f7f14015800
RBX=0x00007f7f14471f60 points into unknown readable memory: 0x00007f78e3b6e451 | 51 e4 b6 e3 78 7f 00 00
RCX=0x0000000000000001 is an unknown value
RDX=0x00007f7f1ac2b110 is pointing into the stack for thread: 0x00007f7f14015800
RSP=0x00007f7f1ac2b020 is pointing into the stack for thread: 0x00007f7f14015800
RBP=0x00007f78e3b6e451 is an unknown value
RSI=0x00007f78e3b6e451 is an unknown value
RDI=0x00007f7f1ac2b2f0 is pointing into the stack for thread: 0x00007f7f14015800
R8 =0x00007f7f1447f170 points into unknown readable memory: 0x00000007f7f1447f | 7f 44 f1 f7 07 00 00 00
R9 =0x00007f7f1ac2b110 is pointing into the stack for thread: 0x00007f7f14015800
R10=0x000000000000000e is an unknown value
R11=0x80bec2d7000722e7 is an unknown value
R12=0x00007f7f1ac2b318 is pointing into the stack for thread: 0x00007f7f14015800
R13=0x00007f7f1ac2b2f0 is pointing into the stack for thread: 0x00007f7f14015800
R14=0x00007f7f1ac2b190 is pointing into the stack for thread: 0x00007f7f14015800
R15=0x00007f7f14471fc0 points into unknown readable memory: 0x00007f7f14467a38 | 38 7a 46 14 7f 7f 00 00


Registers:
RAX=0x00007f7f1ac2b110, RBX=0x00007f7f14471f60, RCX=0x0000000000000001, RDX=0x00007f7f1ac2b110
RSP=0x00007f7f1ac2b020, RBP=0x00007f78e3b6e451, RSI=0x00007f78e3b6e451, RDI=0x00007f7f1ac2b2f0
R8 =0x00007f7f1447f170, R9 =0x00007f7f1ac2b110, R10=0x000000000000000e, R11=0x80bec2d7000722e7
R12=0x00007f7f1ac2b318, R13=0x00007f7f1ac2b2f0, R14=0x00007f7f1ac2b190, R15=0x00007f7f14471fc0
RIP=0x00007f7e9e0dde93, EFLAGS=0x0000000000010202, CSGSFS=0x002b000000000033, ERR=0x0000000000000004
  TRAPNO=0x000000000000000e

Top of Stack: (sp=0x00007f7f1ac2b020)
0x00007f7f1ac2b020:   00007f7f14471f60 00007f7f1ac2b2f0
0x00007f7f1ac2b030:   00007f7f1ac2b060 00007f7e9e0debae
0x00007f7f1ac2b040:   0000005b0000006e 00007f7f1ac2b230
0x00007f7f1ac2b050:   00007f7f1ac2b0b0 ffffffffffffffb8 

Instructions: (pc=0x00007f7e9e0dde93)
0x00007f7e9e0ddd93:   48 c1 e6 03 e8 c4 33 f4 ff 48 8b 7c 24 78 ba 08
0x00007f7e9e0ddda3:   00 00 00 8b b4 24 88 00 00 00 48 c1 e6 03 e8 aa
0x00007f7e9e0dddb3:   33 f4 ff 4c 89 f7 e8 42 c8 fe ff 4c 89 ef e8 6a
0x00007f7e9e0dddc3:   c6 fe ff 48 81 c4 78 02 00 00 5b 5d 41 5c 41 5d
0x00007f7e9e0dddd3:   41 5e 41 5f c3 0f 1f 84 00 00 00 00 00 48 8b 75
0x00007f7e9e0ddde3:   00 4c 8d 7c 24 70 4c 89 e2 4c 89 ff e8 6c 62 ff
0x00007f7e9e0dddf3:   ff 49 8b 44 24 20 49 3b 44 24 18 73 30 48 8d 50
0x00007f7e9e0dde03:   01 49 89 54 24 20 c6 00 20 80 7c 24 10 00 48 8b
0x00007f7e9e0dde13:   5c 24 18 74 4d 49 89 e6 4c 89 f7 e8 6d f9 fe ff
0x00007f7e9e0dde23:   48 89 c1 e9 e5 fe ff ff 0f 1f 44 00 00 be 20 00
0x00007f7e9e0dde33:   00 00 4c 89 e7 e8 63 ef fb ff eb cd 90 e8 bb c4
0x00007f7e9e0dde43:   fe ff 48 89 c3 e9 59 fd ff ff 0f 1f 00 3c 12 0f
0x00007f7e9e0dde53:   86 84 fd ff ff 3c 15 0f 84 7c fd ff ff e9 58 fd
0x00007f7e9e0dde63:   ff ff 48 8b 4c 24 28 49 89 e6 e9 9e fe ff ff 66
0x00007f7e9e0dde73:   2e 0f 1f 84 00 00 00 00 00 0f 1f 40 00 48 8b 17
0x00007f7e9e0dde83:   48 85 f6 74 60 41 54 4c 8d 67 28 55 48 89 f5 53
0x00007f7e9e0dde93:   48 8b 36 48 89 fb 4c 89 e7 e8 bf 61 ff ff 48 8b
0x00007f7e9e0ddea3:   3b 48 8b 47 20 48 3b 47 18 73 2a 48 8d 50 01 48
0x00007f7e9e0ddeb3:   89 57 20 c6 00 20 48 8b 4b 20 4c 8b 43 08 4c 89
0x00007f7e9e0ddec3:   e2 48 89 ee 48 8b 3b 5b 5d 41 5c e9 1d 99 ff ff
0x00007f7e9e0dded3:   0f 1f 44 00 00 be 20 00 00 00 e8 be ee fb ff eb
0x00007f7e9e0ddee3:   d5 0f 1f 40 00 48 8d 35 e5 61 74 03 48 89 d7 e9
0x00007f7e9e0ddef3:   59 4b ee ff 66 0f 1f 84 00 00 00 00 00 41 57 49
0x00007f7e9e0ddf03:   89 f7 41 56 41 55 41 54 55 48 89 fd 53 48 83 ec
0x00007f7e9e0ddf13:   78 48 8b bf c8 00 00 00 4c 8b 4d 00 48 85 ff 74
0x00007f7e9e0ddf23:   17 48 8b 07 48 8d 15 a2 c1 fe ff 48 8b 40 28 48
0x00007f7e9e0ddf33:   39 d0 0f 85 35 0c 00 00 48 8d 35 1e bb 73 03 4c
0x00007f7e9e0ddf43:   89 cf e8 06 4b ee ff 41 f6 47 17 10 0f 85 c3 06
0x00007f7e9e0ddf53:   00 00 49 8b 07 80 78 08 07 0f 85 ae 02 00 00 41
0x00007f7e9e0ddf63:   0f b6 7f 10 4c 8b 65 00 40 80 ff 52 75 2b 41 0f
0x00007f7e9e0ddf73:   b7 47 12 83 e0 03 66 83 f8 02 0f 84 fd 07 00 00
0x00007f7e9e0ddf83:   0f b7 d0 83 ea 01 83 fa 01 0f 86 5e 0c 00 00 66 


Stack slot to memory mapping:
stack at sp + 0 slots: 0x00007f7f14471f60 points into unknown readable memory: 0x00007f78e3b6e451 | 51 e4 b6 e3 78 7f 00 00
stack at sp + 1 slots: 0x00007f7f1ac2b2f0 is pointing into the stack for thread: 0x00007f7f14015800
stack at sp + 2 slots: 0x00007f7f1ac2b060 is pointing into the stack for thread: 0x00007f7f14015800
stack at sp + 3 slots: 0x00007f7e9e0debae: <offset 0x0000000000bb2bae> in /home/crz/.javacpp/cache/llvm-13.0.1-1.5.7-linux-x86_64.jar/org/bytedeco/llvm/linux-x86_64/libLLVM-13.so at 0x00007f7e9d52c000
stack at sp + 4 slots: 0x0000005b0000006e is an unknown value
stack at sp + 5 slots: 0x00007f7f1ac2b230 is pointing into the stack for thread: 0x00007f7f14015800
stack at sp + 6 slots: 0x00007f7f1ac2b0b0 is pointing into the stack for thread: 0x00007f7f14015800
stack at sp + 7 slots: 0xffffffffffffffb8 is an unknown value


---------------  P R O C E S S  ---------------

Threads class SMR info:
_java_thread_list=0x00007f7eb41850f0, length=12, elements={
0x00007f7f14015800, 0x00007f7f141ec000, 0x00007f7f141ee800, 0x00007f7f141f4000,
0x00007f7f141f6000, 0x00007f7f141f8000, 0x00007f7f141fa000, 0x00007f7f141fc000,
0x00007f7ec009d800, 0x00007f7f1422f800, 0x00007f7f143cd800, 0x00007f7eb4183800
}

Java Threads: ( => current thread )
=>0x00007f7f14015800 JavaThread "main" [_thread_in_native, id=10457, stack(0x00007f7f1ab2d000,0x00007f7f1ac2d000)]
  0x00007f7f141ec000 JavaThread "Reference Handler" daemon [_thread_blocked, id=10464, stack(0x00007f7ee8c75000,0x00007f7ee8d75000)]
  0x00007f7f141ee800 JavaThread "Finalizer" daemon [_thread_blocked, id=10465, stack(0x00007f7ee8b75000,0x00007f7ee8c75000)]
  0x00007f7f141f4000 JavaThread "Signal Dispatcher" daemon [_thread_blocked, id=10466, stack(0x00007f7ee8488000,0x00007f7ee8588000)]
  0x00007f7f141f6000 JavaThread "Service Thread" daemon [_thread_blocked, id=10467, stack(0x00007f7ee8388000,0x00007f7ee8488000)]
  0x00007f7f141f8000 JavaThread "C2 CompilerThread0" daemon [_thread_blocked, id=10468, stack(0x00007f7ee8288000,0x00007f7ee8388000)]
  0x00007f7f141fa000 JavaThread "C1 CompilerThread0" daemon [_thread_blocked, id=10469, stack(0x00007f7ee8188000,0x00007f7ee8288000)]
  0x00007f7f141fc000 JavaThread "Sweeper thread" daemon [_thread_blocked, id=10470, stack(0x00007f7ee8088000,0x00007f7ee8188000)]
  0x00007f7ec009d800 JavaThread "C1 CompilerThread1" daemon [_thread_blocked, id=10471, stack(0x00007f7ebff00000,0x00007f7ec0000000)]
  0x00007f7f1422f800 JavaThread "Common-Cleaner" daemon [_thread_blocked, id=10473, stack(0x00007f7ebfcff000,0x00007f7ebfdff000)]
  0x00007f7f143cd800 JavaThread "JavaCPP Deallocator" daemon [_thread_blocked, id=10474, stack(0x00007f7ebfbff000,0x00007f7ebfcff000)]
  0x00007f7eb4183800 JavaThread "C2 CompilerThread1" daemon [_thread_blocked, id=10475, stack(0x00007f7ebfaff000,0x00007f7ebfbff000)]

Other Threads:
  0x00007f7f141e9800 VMThread "VM Thread" [stack: 0x00007f7ee8d76000,0x00007f7ee8e76000] [id=10463]
  0x00007f7f1422d000 WatcherThread [stack: 0x00007f7ebfe00000,0x00007f7ebff00000] [id=10472]
  0x00007f7f1402f800 GCTaskThread "GC Thread#0" [stack: 0x00007f7f1a7fd000,0x00007f7f1a8fd000] [id=10458]
  0x00007f7f1408d800 ConcurrentGCThread "G1 Main Marker" [stack: 0x00007f7f180bc000,0x00007f7f181bc000] [id=10459]
  0x00007f7f1408f800 ConcurrentGCThread "G1 Conc#0" [stack: 0x00007f7efc4c8000,0x00007f7efc5c8000] [id=10460]
  0x00007f7f141ab000 ConcurrentGCThread "G1 Refine#0" [stack: 0x00007f7ee97f9000,0x00007f7ee98f9000] [id=10461]
  0x00007f7f141ac800 ConcurrentGCThread "G1 Young RemSet Sampling" [stack: 0x00007f7ee96f8000,0x00007f7ee97f8000] [id=10462]

Threads with active compile tasks:

VM state:not at safepoint (normal execution)

VM Mutex/Monitor currently owned by a thread: None

Heap address: 0x0000000708a00000, size: 3958 MB, Compressed Oops mode: Zero based, Oop shift amount: 3
Narrow klass base: 0x0000000800000000, Narrow klass shift: 3
Compressed class space size: 1073741824 Address: 0x0000000840000000

Heap:
 garbage-first heap   total 256000K, used 10960K [0x0000000708a00000, 0x0000000800000000)
  region size 1024K, 11 young (11264K), 0 survivors (0K)
 Metaspace       used 3755K, capacity 6659K, committed 6912K, reserved 1056768K
  class space    used 394K, capacity 686K, committed 768K, reserved 1048576K
Heap Regions: E=young(eden), S=young(survivor), O=old, HS=humongous(starts), HC=humongous(continues), CS=collection set, F=free, A=archive, TAMS=top-at-mark-start (previous, next)
|   0|0x0000000708a00000, 0x0000000708a00000, 0x0000000708b00000|  0%| F|  |TAMS 0x0000000708a00000, 0x0000000708a00000| Untracked 
|   1|0x0000000708b00000, 0x0000000708b00000, 0x0000000708c00000|  0%| F|  |TAMS 0x0000000708b00000, 0x0000000708b00000| Untracked 
|   2|0x0000000708c00000, 0x0000000708c00000, 0x0000000708d00000|  0%| F|  |TAMS 0x0000000708c00000, 0x0000000708c00000| Untracked 
|   3|0x0000000708d00000, 0x0000000708d00000, 0x0000000708e00000|  0%| F|  |TAMS 0x0000000708d00000, 0x0000000708d00000| Untracked 
|   4|0x0000000708e00000, 0x0000000708e00000, 0x0000000708f00000|  0%| F|  |TAMS 0x0000000708e00000, 0x0000000708e00000| Untracked 
|   5|0x0000000708f00000, 0x0000000708f00000, 0x0000000709000000|  0%| F|  |TAMS 0x0000000708f00000, 0x0000000708f00000| Untracked 
|   6|0x0000000709000000, 0x0000000709000000, 0x0000000709100000|  0%| F|  |TAMS 0x0000000709000000, 0x0000000709000000| Untracked 
|   7|0x0000000709100000, 0x0000000709100000, 0x0000000709200000|  0%| F|  |TAMS 0x0000000709100000, 0x0000000709100000| Untracked 
|   8|0x0000000709200000, 0x0000000709200000, 0x0000000709300000|  0%| F|  |TAMS 0x0000000709200000, 0x0000000709200000| Untracked 
|   9|0x0000000709300000, 0x0000000709300000, 0x0000000709400000|  0%| F|  |TAMS 0x0000000709300000, 0x0000000709300000| Untracked 
|  10|0x0000000709400000, 0x0000000709400000, 0x0000000709500000|  0%| F|  |TAMS 0x0000000709400000, 0x0000000709400000| Untracked 
|  11|0x0000000709500000, 0x0000000709500000, 0x0000000709600000|  0%| F|  |TAMS 0x0000000709500000, 0x0000000709500000| Untracked 
|  12|0x0000000709600000, 0x0000000709600000, 0x0000000709700000|  0%| F|  |TAMS 0x0000000709600000, 0x0000000709600000| Untracked 
|  13|0x0000000709700000, 0x0000000709700000, 0x0000000709800000|  0%| F|  |TAMS 0x0000000709700000, 0x0000000709700000| Untracked 
|  14|0x0000000709800000, 0x0000000709800000, 0x0000000709900000|  0%| F|  |TAMS 0x0000000709800000, 0x0000000709800000| Untracked 
|  15|0x0000000709900000, 0x0000000709900000, 0x0000000709a00000|  0%| F|  |TAMS 0x0000000709900000, 0x0000000709900000| Untracked 
|  16|0x0000000709a00000, 0x0000000709a00000, 0x0000000709b00000|  0%| F|  |TAMS 0x0000000709a00000, 0x0000000709a00000| Untracked 
|  17|0x0000000709b00000, 0x0000000709b00000, 0x0000000709c00000|  0%| F|  |TAMS 0x0000000709b00000, 0x0000000709b00000| Untracked 
|  18|0x0000000709c00000, 0x0000000709c00000, 0x0000000709d00000|  0%| F|  |TAMS 0x0000000709c00000, 0x0000000709c00000| Untracked 
|  19|0x0000000709d00000, 0x0000000709d00000, 0x0000000709e00000|  0%| F|  |TAMS 0x0000000709d00000, 0x0000000709d00000| Untracked 
|  20|0x0000000709e00000, 0x0000000709e00000, 0x0000000709f00000|  0%| F|  |TAMS 0x0000000709e00000, 0x0000000709e00000| Untracked 
|  21|0x0000000709f00000, 0x0000000709f00000, 0x000000070a000000|  0%| F|  |TAMS 0x0000000709f00000, 0x0000000709f00000| Untracked 
|  22|0x000000070a000000, 0x000000070a000000, 0x000000070a100000|  0%| F|  |TAMS 0x000000070a000000, 0x000000070a000000| Untracked 
|  23|0x000000070a100000, 0x000000070a100000, 0x000000070a200000|  0%| F|  |TAMS 0x000000070a100000, 0x000000070a100000| Untracked 
|  24|0x000000070a200000, 0x000000070a200000, 0x000000070a300000|  0%| F|  |TAMS 0x000000070a200000, 0x000000070a200000| Untracked 
|  25|0x000000070a300000, 0x000000070a300000, 0x000000070a400000|  0%| F|  |TAMS 0x000000070a300000, 0x000000070a300000| Untracked 
|  26|0x000000070a400000, 0x000000070a400000, 0x000000070a500000|  0%| F|  |TAMS 0x000000070a400000, 0x000000070a400000| Untracked 
|  27|0x000000070a500000, 0x000000070a500000, 0x000000070a600000|  0%| F|  |TAMS 0x000000070a500000, 0x000000070a500000| Untracked 
|  28|0x000000070a600000, 0x000000070a600000, 0x000000070a700000|  0%| F|  |TAMS 0x000000070a600000, 0x000000070a600000| Untracked 
|  29|0x000000070a700000, 0x000000070a700000, 0x000000070a800000|  0%| F|  |TAMS 0x000000070a700000, 0x000000070a700000| Untracked 
|  30|0x000000070a800000, 0x000000070a800000, 0x000000070a900000|  0%| F|  |TAMS 0x000000070a800000, 0x000000070a800000| Untracked 
|  31|0x000000070a900000, 0x000000070a900000, 0x000000070aa00000|  0%| F|  |TAMS 0x000000070a900000, 0x000000070a900000| Untracked 
|  32|0x000000070aa00000, 0x000000070aa00000, 0x000000070ab00000|  0%| F|  |TAMS 0x000000070aa00000, 0x000000070aa00000| Untracked 
|  33|0x000000070ab00000, 0x000000070ab00000, 0x000000070ac00000|  0%| F|  |TAMS 0x000000070ab00000, 0x000000070ab00000| Untracked 
|  34|0x000000070ac00000, 0x000000070ac00000, 0x000000070ad00000|  0%| F|  |TAMS 0x000000070ac00000, 0x000000070ac00000| Untracked 
|  35|0x000000070ad00000, 0x000000070ad00000, 0x000000070ae00000|  0%| F|  |TAMS 0x000000070ad00000, 0x000000070ad00000| Untracked 
|  36|0x000000070ae00000, 0x000000070ae00000, 0x000000070af00000|  0%| F|  |TAMS 0x000000070ae00000, 0x000000070ae00000| Untracked 
|  37|0x000000070af00000, 0x000000070af00000, 0x000000070b000000|  0%| F|  |TAMS 0x000000070af00000, 0x000000070af00000| Untracked 
|  38|0x000000070b000000, 0x000000070b000000, 0x000000070b100000|  0%| F|  |TAMS 0x000000070b000000, 0x000000070b000000| Untracked 
|  39|0x000000070b100000, 0x000000070b100000, 0x000000070b200000|  0%| F|  |TAMS 0x000000070b100000, 0x000000070b100000| Untracked 
|  40|0x000000070b200000, 0x000000070b200000, 0x000000070b300000|  0%| F|  |TAMS 0x000000070b200000, 0x000000070b200000| Untracked 
|  41|0x000000070b300000, 0x000000070b300000, 0x000000070b400000|  0%| F|  |TAMS 0x000000070b300000, 0x000000070b300000| Untracked 
|  42|0x000000070b400000, 0x000000070b400000, 0x000000070b500000|  0%| F|  |TAMS 0x000000070b400000, 0x000000070b400000| Untracked 
|  43|0x000000070b500000, 0x000000070b500000, 0x000000070b600000|  0%| F|  |TAMS 0x000000070b500000, 0x000000070b500000| Untracked 
|  44|0x000000070b600000, 0x000000070b600000, 0x000000070b700000|  0%| F|  |TAMS 0x000000070b600000, 0x000000070b600000| Untracked 
|  45|0x000000070b700000, 0x000000070b700000, 0x000000070b800000|  0%| F|  |TAMS 0x000000070b700000, 0x000000070b700000| Untracked 
|  46|0x000000070b800000, 0x000000070b800000, 0x000000070b900000|  0%| F|  |TAMS 0x000000070b800000, 0x000000070b800000| Untracked 
|  47|0x000000070b900000, 0x000000070b900000, 0x000000070ba00000|  0%| F|  |TAMS 0x000000070b900000, 0x000000070b900000| Untracked 
|  48|0x000000070ba00000, 0x000000070ba00000, 0x000000070bb00000|  0%| F|  |TAMS 0x000000070ba00000, 0x000000070ba00000| Untracked 
|  49|0x000000070bb00000, 0x000000070bb00000, 0x000000070bc00000|  0%| F|  |TAMS 0x000000070bb00000, 0x000000070bb00000| Untracked 
|  50|0x000000070bc00000, 0x000000070bc00000, 0x000000070bd00000|  0%| F|  |TAMS 0x000000070bc00000, 0x000000070bc00000| Untracked 
|  51|0x000000070bd00000, 0x000000070bd00000, 0x000000070be00000|  0%| F|  |TAMS 0x000000070bd00000, 0x000000070bd00000| Untracked 
|  52|0x000000070be00000, 0x000000070be00000, 0x000000070bf00000|  0%| F|  |TAMS 0x000000070be00000, 0x000000070be00000| Untracked 
|  53|0x000000070bf00000, 0x000000070bf00000, 0x000000070c000000|  0%| F|  |TAMS 0x000000070bf00000, 0x000000070bf00000| Untracked 
|  54|0x000000070c000000, 0x000000070c000000, 0x000000070c100000|  0%| F|  |TAMS 0x000000070c000000, 0x000000070c000000| Untracked 
|  55|0x000000070c100000, 0x000000070c100000, 0x000000070c200000|  0%| F|  |TAMS 0x000000070c100000, 0x000000070c100000| Untracked 
|  56|0x000000070c200000, 0x000000070c200000, 0x000000070c300000|  0%| F|  |TAMS 0x000000070c200000, 0x000000070c200000| Untracked 
|  57|0x000000070c300000, 0x000000070c300000, 0x000000070c400000|  0%| F|  |TAMS 0x000000070c300000, 0x000000070c300000| Untracked 
|  58|0x000000070c400000, 0x000000070c400000, 0x000000070c500000|  0%| F|  |TAMS 0x000000070c400000, 0x000000070c400000| Untracked 
|  59|0x000000070c500000, 0x000000070c500000, 0x000000070c600000|  0%| F|  |TAMS 0x000000070c500000, 0x000000070c500000| Untracked 
|  60|0x000000070c600000, 0x000000070c600000, 0x000000070c700000|  0%| F|  |TAMS 0x000000070c600000, 0x000000070c600000| Untracked 
|  61|0x000000070c700000, 0x000000070c700000, 0x000000070c800000|  0%| F|  |TAMS 0x000000070c700000, 0x000000070c700000| Untracked 
|  62|0x000000070c800000, 0x000000070c800000, 0x000000070c900000|  0%| F|  |TAMS 0x000000070c800000, 0x000000070c800000| Untracked 
|  63|0x000000070c900000, 0x000000070c900000, 0x000000070ca00000|  0%| F|  |TAMS 0x000000070c900000, 0x000000070c900000| Untracked 
|  64|0x000000070ca00000, 0x000000070ca00000, 0x000000070cb00000|  0%| F|  |TAMS 0x000000070ca00000, 0x000000070ca00000| Untracked 
|  65|0x000000070cb00000, 0x000000070cb00000, 0x000000070cc00000|  0%| F|  |TAMS 0x000000070cb00000, 0x000000070cb00000| Untracked 
|  66|0x000000070cc00000, 0x000000070cc00000, 0x000000070cd00000|  0%| F|  |TAMS 0x000000070cc00000, 0x000000070cc00000| Untracked 
|  67|0x000000070cd00000, 0x000000070cd00000, 0x000000070ce00000|  0%| F|  |TAMS 0x000000070cd00000, 0x000000070cd00000| Untracked 
|  68|0x000000070ce00000, 0x000000070ce00000, 0x000000070cf00000|  0%| F|  |TAMS 0x000000070ce00000, 0x000000070ce00000| Untracked 
|  69|0x000000070cf00000, 0x000000070cf00000, 0x000000070d000000|  0%| F|  |TAMS 0x000000070cf00000, 0x000000070cf00000| Untracked 
|  70|0x000000070d000000, 0x000000070d000000, 0x000000070d100000|  0%| F|  |TAMS 0x000000070d000000, 0x000000070d000000| Untracked 
|  71|0x000000070d100000, 0x000000070d100000, 0x000000070d200000|  0%| F|  |TAMS 0x000000070d100000, 0x000000070d100000| Untracked 
|  72|0x000000070d200000, 0x000000070d200000, 0x000000070d300000|  0%| F|  |TAMS 0x000000070d200000, 0x000000070d200000| Untracked 
|  73|0x000000070d300000, 0x000000070d300000, 0x000000070d400000|  0%| F|  |TAMS 0x000000070d300000, 0x000000070d300000| Untracked 
|  74|0x000000070d400000, 0x000000070d400000, 0x000000070d500000|  0%| F|  |TAMS 0x000000070d400000, 0x000000070d400000| Untracked 
|  75|0x000000070d500000, 0x000000070d500000, 0x000000070d600000|  0%| F|  |TAMS 0x000000070d500000, 0x000000070d500000| Untracked 
|  76|0x000000070d600000, 0x000000070d600000, 0x000000070d700000|  0%| F|  |TAMS 0x000000070d600000, 0x000000070d600000| Untracked 
|  77|0x000000070d700000, 0x000000070d700000, 0x000000070d800000|  0%| F|  |TAMS 0x000000070d700000, 0x000000070d700000| Untracked 
|  78|0x000000070d800000, 0x000000070d800000, 0x000000070d900000|  0%| F|  |TAMS 0x000000070d800000, 0x000000070d800000| Untracked 
|  79|0x000000070d900000, 0x000000070d900000, 0x000000070da00000|  0%| F|  |TAMS 0x000000070d900000, 0x000000070d900000| Untracked 
|  80|0x000000070da00000, 0x000000070da00000, 0x000000070db00000|  0%| F|  |TAMS 0x000000070da00000, 0x000000070da00000| Untracked 
|  81|0x000000070db00000, 0x000000070db00000, 0x000000070dc00000|  0%| F|  |TAMS 0x000000070db00000, 0x000000070db00000| Untracked 
|  82|0x000000070dc00000, 0x000000070dc00000, 0x000000070dd00000|  0%| F|  |TAMS 0x000000070dc00000, 0x000000070dc00000| Untracked 
|  83|0x000000070dd00000, 0x000000070dd00000, 0x000000070de00000|  0%| F|  |TAMS 0x000000070dd00000, 0x000000070dd00000| Untracked 
|  84|0x000000070de00000, 0x000000070de00000, 0x000000070df00000|  0%| F|  |TAMS 0x000000070de00000, 0x000000070de00000| Untracked 
|  85|0x000000070df00000, 0x000000070df00000, 0x000000070e000000|  0%| F|  |TAMS 0x000000070df00000, 0x000000070df00000| Untracked 
|  86|0x000000070e000000, 0x000000070e000000, 0x000000070e100000|  0%| F|  |TAMS 0x000000070e000000, 0x000000070e000000| Untracked 
|  87|0x000000070e100000, 0x000000070e100000, 0x000000070e200000|  0%| F|  |TAMS 0x000000070e100000, 0x000000070e100000| Untracked 
|  88|0x000000070e200000, 0x000000070e200000, 0x000000070e300000|  0%| F|  |TAMS 0x000000070e200000, 0x000000070e200000| Untracked 
|  89|0x000000070e300000, 0x000000070e300000, 0x000000070e400000|  0%| F|  |TAMS 0x000000070e300000, 0x000000070e300000| Untracked 
|  90|0x000000070e400000, 0x000000070e400000, 0x000000070e500000|  0%| F|  |TAMS 0x000000070e400000, 0x000000070e400000| Untracked 
|  91|0x000000070e500000, 0x000000070e500000, 0x000000070e600000|  0%| F|  |TAMS 0x000000070e500000, 0x000000070e500000| Untracked 
|  92|0x000000070e600000, 0x000000070e600000, 0x000000070e700000|  0%| F|  |TAMS 0x000000070e600000, 0x000000070e600000| Untracked 
|  93|0x000000070e700000, 0x000000070e700000, 0x000000070e800000|  0%| F|  |TAMS 0x000000070e700000, 0x000000070e700000| Untracked 
|  94|0x000000070e800000, 0x000000070e800000, 0x000000070e900000|  0%| F|  |TAMS 0x000000070e800000, 0x000000070e800000| Untracked 
|  95|0x000000070e900000, 0x000000070e900000, 0x000000070ea00000|  0%| F|  |TAMS 0x000000070e900000, 0x000000070e900000| Untracked 
|  96|0x000000070ea00000, 0x000000070ea00000, 0x000000070eb00000|  0%| F|  |TAMS 0x000000070ea00000, 0x000000070ea00000| Untracked 
|  97|0x000000070eb00000, 0x000000070eb00000, 0x000000070ec00000|  0%| F|  |TAMS 0x000000070eb00000, 0x000000070eb00000| Untracked 
|  98|0x000000070ec00000, 0x000000070ec00000, 0x000000070ed00000|  0%| F|  |TAMS 0x000000070ec00000, 0x000000070ec00000| Untracked 
|  99|0x000000070ed00000, 0x000000070ed00000, 0x000000070ee00000|  0%| F|  |TAMS 0x000000070ed00000, 0x000000070ed00000| Untracked 
| 100|0x000000070ee00000, 0x000000070ee00000, 0x000000070ef00000|  0%| F|  |TAMS 0x000000070ee00000, 0x000000070ee00000| Untracked 
| 101|0x000000070ef00000, 0x000000070ef00000, 0x000000070f000000|  0%| F|  |TAMS 0x000000070ef00000, 0x000000070ef00000| Untracked 
| 102|0x000000070f000000, 0x000000070f000000, 0x000000070f100000|  0%| F|  |TAMS 0x000000070f000000, 0x000000070f000000| Untracked 
| 103|0x000000070f100000, 0x000000070f100000, 0x000000070f200000|  0%| F|  |TAMS 0x000000070f100000, 0x000000070f100000| Untracked 
| 104|0x000000070f200000, 0x000000070f200000, 0x000000070f300000|  0%| F|  |TAMS 0x000000070f200000, 0x000000070f200000| Untracked 
| 105|0x000000070f300000, 0x000000070f300000, 0x000000070f400000|  0%| F|  |TAMS 0x000000070f300000, 0x000000070f300000| Untracked 
| 106|0x000000070f400000, 0x000000070f400000, 0x000000070f500000|  0%| F|  |TAMS 0x000000070f400000, 0x000000070f400000| Untracked 
| 107|0x000000070f500000, 0x000000070f500000, 0x000000070f600000|  0%| F|  |TAMS 0x000000070f500000, 0x000000070f500000| Untracked 
| 108|0x000000070f600000, 0x000000070f600000, 0x000000070f700000|  0%| F|  |TAMS 0x000000070f600000, 0x000000070f600000| Untracked 
| 109|0x000000070f700000, 0x000000070f700000, 0x000000070f800000|  0%| F|  |TAMS 0x000000070f700000, 0x000000070f700000| Untracked 
| 110|0x000000070f800000, 0x000000070f800000, 0x000000070f900000|  0%| F|  |TAMS 0x000000070f800000, 0x000000070f800000| Untracked 
| 111|0x000000070f900000, 0x000000070f900000, 0x000000070fa00000|  0%| F|  |TAMS 0x000000070f900000, 0x000000070f900000| Untracked 
| 112|0x000000070fa00000, 0x000000070fa00000, 0x000000070fb00000|  0%| F|  |TAMS 0x000000070fa00000, 0x000000070fa00000| Untracked 
| 113|0x000000070fb00000, 0x000000070fb00000, 0x000000070fc00000|  0%| F|  |TAMS 0x000000070fb00000, 0x000000070fb00000| Untracked 
| 114|0x000000070fc00000, 0x000000070fc00000, 0x000000070fd00000|  0%| F|  |TAMS 0x000000070fc00000, 0x000000070fc00000| Untracked 
| 115|0x000000070fd00000, 0x000000070fd00000, 0x000000070fe00000|  0%| F|  |TAMS 0x000000070fd00000, 0x000000070fd00000| Untracked 
| 116|0x000000070fe00000, 0x000000070fe00000, 0x000000070ff00000|  0%| F|  |TAMS 0x000000070fe00000, 0x000000070fe00000| Untracked 
| 117|0x000000070ff00000, 0x000000070ff00000, 0x0000000710000000|  0%| F|  |TAMS 0x000000070ff00000, 0x000000070ff00000| Untracked 
| 118|0x0000000710000000, 0x0000000710000000, 0x0000000710100000|  0%| F|  |TAMS 0x0000000710000000, 0x0000000710000000| Untracked 
| 119|0x0000000710100000, 0x0000000710100000, 0x0000000710200000|  0%| F|  |TAMS 0x0000000710100000, 0x0000000710100000| Untracked 
| 120|0x0000000710200000, 0x0000000710200000, 0x0000000710300000|  0%| F|  |TAMS 0x0000000710200000, 0x0000000710200000| Untracked 
| 121|0x0000000710300000, 0x0000000710300000, 0x0000000710400000|  0%| F|  |TAMS 0x0000000710300000, 0x0000000710300000| Untracked 
| 122|0x0000000710400000, 0x0000000710400000, 0x0000000710500000|  0%| F|  |TAMS 0x0000000710400000, 0x0000000710400000| Untracked 
| 123|0x0000000710500000, 0x0000000710500000, 0x0000000710600000|  0%| F|  |TAMS 0x0000000710500000, 0x0000000710500000| Untracked 
| 124|0x0000000710600000, 0x0000000710600000, 0x0000000710700000|  0%| F|  |TAMS 0x0000000710600000, 0x0000000710600000| Untracked 
| 125|0x0000000710700000, 0x0000000710700000, 0x0000000710800000|  0%| F|  |TAMS 0x0000000710700000, 0x0000000710700000| Untracked 
| 126|0x0000000710800000, 0x0000000710800000, 0x0000000710900000|  0%| F|  |TAMS 0x0000000710800000, 0x0000000710800000| Untracked 
| 127|0x0000000710900000, 0x0000000710900000, 0x0000000710a00000|  0%| F|  |TAMS 0x0000000710900000, 0x0000000710900000| Untracked 
| 128|0x0000000710a00000, 0x0000000710a00000, 0x0000000710b00000|  0%| F|  |TAMS 0x0000000710a00000, 0x0000000710a00000| Untracked 
| 129|0x0000000710b00000, 0x0000000710b00000, 0x0000000710c00000|  0%| F|  |TAMS 0x0000000710b00000, 0x0000000710b00000| Untracked 
| 130|0x0000000710c00000, 0x0000000710c00000, 0x0000000710d00000|  0%| F|  |TAMS 0x0000000710c00000, 0x0000000710c00000| Untracked 
| 131|0x0000000710d00000, 0x0000000710d00000, 0x0000000710e00000|  0%| F|  |TAMS 0x0000000710d00000, 0x0000000710d00000| Untracked 
| 132|0x0000000710e00000, 0x0000000710e00000, 0x0000000710f00000|  0%| F|  |TAMS 0x0000000710e00000, 0x0000000710e00000| Untracked 
| 133|0x0000000710f00000, 0x0000000710f00000, 0x0000000711000000|  0%| F|  |TAMS 0x0000000710f00000, 0x0000000710f00000| Untracked 
| 134|0x0000000711000000, 0x0000000711000000, 0x0000000711100000|  0%| F|  |TAMS 0x0000000711000000, 0x0000000711000000| Untracked 
| 135|0x0000000711100000, 0x0000000711100000, 0x0000000711200000|  0%| F|  |TAMS 0x0000000711100000, 0x0000000711100000| Untracked 
| 136|0x0000000711200000, 0x0000000711200000, 0x0000000711300000|  0%| F|  |TAMS 0x0000000711200000, 0x0000000711200000| Untracked 
| 137|0x0000000711300000, 0x0000000711300000, 0x0000000711400000|  0%| F|  |TAMS 0x0000000711300000, 0x0000000711300000| Untracked 
| 138|0x0000000711400000, 0x0000000711400000, 0x0000000711500000|  0%| F|  |TAMS 0x0000000711400000, 0x0000000711400000| Untracked 
| 139|0x0000000711500000, 0x0000000711500000, 0x0000000711600000|  0%| F|  |TAMS 0x0000000711500000, 0x0000000711500000| Untracked 
| 140|0x0000000711600000, 0x0000000711600000, 0x0000000711700000|  0%| F|  |TAMS 0x0000000711600000, 0x0000000711600000| Untracked 
| 141|0x0000000711700000, 0x0000000711700000, 0x0000000711800000|  0%| F|  |TAMS 0x0000000711700000, 0x0000000711700000| Untracked 
| 142|0x0000000711800000, 0x0000000711800000, 0x0000000711900000|  0%| F|  |TAMS 0x0000000711800000, 0x0000000711800000| Untracked 
| 143|0x0000000711900000, 0x0000000711900000, 0x0000000711a00000|  0%| F|  |TAMS 0x0000000711900000, 0x0000000711900000| Untracked 
| 144|0x0000000711a00000, 0x0000000711a00000, 0x0000000711b00000|  0%| F|  |TAMS 0x0000000711a00000, 0x0000000711a00000| Untracked 
| 145|0x0000000711b00000, 0x0000000711b00000, 0x0000000711c00000|  0%| F|  |TAMS 0x0000000711b00000, 0x0000000711b00000| Untracked 
| 146|0x0000000711c00000, 0x0000000711c00000, 0x0000000711d00000|  0%| F|  |TAMS 0x0000000711c00000, 0x0000000711c00000| Untracked 
| 147|0x0000000711d00000, 0x0000000711d00000, 0x0000000711e00000|  0%| F|  |TAMS 0x0000000711d00000, 0x0000000711d00000| Untracked 
| 148|0x0000000711e00000, 0x0000000711e00000, 0x0000000711f00000|  0%| F|  |TAMS 0x0000000711e00000, 0x0000000711e00000| Untracked 
| 149|0x0000000711f00000, 0x0000000711f00000, 0x0000000712000000|  0%| F|  |TAMS 0x0000000711f00000, 0x0000000711f00000| Untracked 
| 150|0x0000000712000000, 0x0000000712000000, 0x0000000712100000|  0%| F|  |TAMS 0x0000000712000000, 0x0000000712000000| Untracked 
| 151|0x0000000712100000, 0x0000000712100000, 0x0000000712200000|  0%| F|  |TAMS 0x0000000712100000, 0x0000000712100000| Untracked 
| 152|0x0000000712200000, 0x0000000712200000, 0x0000000712300000|  0%| F|  |TAMS 0x0000000712200000, 0x0000000712200000| Untracked 
| 153|0x0000000712300000, 0x0000000712300000, 0x0000000712400000|  0%| F|  |TAMS 0x0000000712300000, 0x0000000712300000| Untracked 
| 154|0x0000000712400000, 0x0000000712400000, 0x0000000712500000|  0%| F|  |TAMS 0x0000000712400000, 0x0000000712400000| Untracked 
| 155|0x0000000712500000, 0x0000000712500000, 0x0000000712600000|  0%| F|  |TAMS 0x0000000712500000, 0x0000000712500000| Untracked 
| 156|0x0000000712600000, 0x0000000712600000, 0x0000000712700000|  0%| F|  |TAMS 0x0000000712600000, 0x0000000712600000| Untracked 
| 157|0x0000000712700000, 0x0000000712700000, 0x0000000712800000|  0%| F|  |TAMS 0x0000000712700000, 0x0000000712700000| Untracked 
| 158|0x0000000712800000, 0x0000000712800000, 0x0000000712900000|  0%| F|  |TAMS 0x0000000712800000, 0x0000000712800000| Untracked 
| 159|0x0000000712900000, 0x0000000712900000, 0x0000000712a00000|  0%| F|  |TAMS 0x0000000712900000, 0x0000000712900000| Untracked 
| 160|0x0000000712a00000, 0x0000000712a00000, 0x0000000712b00000|  0%| F|  |TAMS 0x0000000712a00000, 0x0000000712a00000| Untracked 
| 161|0x0000000712b00000, 0x0000000712b00000, 0x0000000712c00000|  0%| F|  |TAMS 0x0000000712b00000, 0x0000000712b00000| Untracked 
| 162|0x0000000712c00000, 0x0000000712c00000, 0x0000000712d00000|  0%| F|  |TAMS 0x0000000712c00000, 0x0000000712c00000| Untracked 
| 163|0x0000000712d00000, 0x0000000712d00000, 0x0000000712e00000|  0%| F|  |TAMS 0x0000000712d00000, 0x0000000712d00000| Untracked 
| 164|0x0000000712e00000, 0x0000000712e00000, 0x0000000712f00000|  0%| F|  |TAMS 0x0000000712e00000, 0x0000000712e00000| Untracked 
| 165|0x0000000712f00000, 0x0000000712f00000, 0x0000000713000000|  0%| F|  |TAMS 0x0000000712f00000, 0x0000000712f00000| Untracked 
| 166|0x0000000713000000, 0x0000000713000000, 0x0000000713100000|  0%| F|  |TAMS 0x0000000713000000, 0x0000000713000000| Untracked 
| 167|0x0000000713100000, 0x0000000713100000, 0x0000000713200000|  0%| F|  |TAMS 0x0000000713100000, 0x0000000713100000| Untracked 
| 168|0x0000000713200000, 0x0000000713200000, 0x0000000713300000|  0%| F|  |TAMS 0x0000000713200000, 0x0000000713200000| Untracked 
| 169|0x0000000713300000, 0x0000000713300000, 0x0000000713400000|  0%| F|  |TAMS 0x0000000713300000, 0x0000000713300000| Untracked 
| 170|0x0000000713400000, 0x0000000713400000, 0x0000000713500000|  0%| F|  |TAMS 0x0000000713400000, 0x0000000713400000| Untracked 
| 171|0x0000000713500000, 0x0000000713500000, 0x0000000713600000|  0%| F|  |TAMS 0x0000000713500000, 0x0000000713500000| Untracked 
| 172|0x0000000713600000, 0x0000000713600000, 0x0000000713700000|  0%| F|  |TAMS 0x0000000713600000, 0x0000000713600000| Untracked 
| 173|0x0000000713700000, 0x0000000713700000, 0x0000000713800000|  0%| F|  |TAMS 0x0000000713700000, 0x0000000713700000| Untracked 
| 174|0x0000000713800000, 0x0000000713800000, 0x0000000713900000|  0%| F|  |TAMS 0x0000000713800000, 0x0000000713800000| Untracked 
| 175|0x0000000713900000, 0x0000000713900000, 0x0000000713a00000|  0%| F|  |TAMS 0x0000000713900000, 0x0000000713900000| Untracked 
| 176|0x0000000713a00000, 0x0000000713a00000, 0x0000000713b00000|  0%| F|  |TAMS 0x0000000713a00000, 0x0000000713a00000| Untracked 
| 177|0x0000000713b00000, 0x0000000713b00000, 0x0000000713c00000|  0%| F|  |TAMS 0x0000000713b00000, 0x0000000713b00000| Untracked 
| 178|0x0000000713c00000, 0x0000000713c00000, 0x0000000713d00000|  0%| F|  |TAMS 0x0000000713c00000, 0x0000000713c00000| Untracked 
| 179|0x0000000713d00000, 0x0000000713d00000, 0x0000000713e00000|  0%| F|  |TAMS 0x0000000713d00000, 0x0000000713d00000| Untracked 
| 180|0x0000000713e00000, 0x0000000713e00000, 0x0000000713f00000|  0%| F|  |TAMS 0x0000000713e00000, 0x0000000713e00000| Untracked 
| 181|0x0000000713f00000, 0x0000000713f00000, 0x0000000714000000|  0%| F|  |TAMS 0x0000000713f00000, 0x0000000713f00000| Untracked 
| 182|0x0000000714000000, 0x0000000714000000, 0x0000000714100000|  0%| F|  |TAMS 0x0000000714000000, 0x0000000714000000| Untracked 
| 183|0x0000000714100000, 0x0000000714100000, 0x0000000714200000|  0%| F|  |TAMS 0x0000000714100000, 0x0000000714100000| Untracked 
| 184|0x0000000714200000, 0x0000000714200000, 0x0000000714300000|  0%| F|  |TAMS 0x0000000714200000, 0x0000000714200000| Untracked 
| 185|0x0000000714300000, 0x0000000714300000, 0x0000000714400000|  0%| F|  |TAMS 0x0000000714300000, 0x0000000714300000| Untracked 
| 186|0x0000000714400000, 0x0000000714400000, 0x0000000714500000|  0%| F|  |TAMS 0x0000000714400000, 0x0000000714400000| Untracked 
| 187|0x0000000714500000, 0x0000000714500000, 0x0000000714600000|  0%| F|  |TAMS 0x0000000714500000, 0x0000000714500000| Untracked 
| 188|0x0000000714600000, 0x0000000714600000, 0x0000000714700000|  0%| F|  |TAMS 0x0000000714600000, 0x0000000714600000| Untracked 
| 189|0x0000000714700000, 0x0000000714700000, 0x0000000714800000|  0%| F|  |TAMS 0x0000000714700000, 0x0000000714700000| Untracked 
| 190|0x0000000714800000, 0x0000000714800000, 0x0000000714900000|  0%| F|  |TAMS 0x0000000714800000, 0x0000000714800000| Untracked 
| 191|0x0000000714900000, 0x0000000714900000, 0x0000000714a00000|  0%| F|  |TAMS 0x0000000714900000, 0x0000000714900000| Untracked 
| 192|0x0000000714a00000, 0x0000000714a00000, 0x0000000714b00000|  0%| F|  |TAMS 0x0000000714a00000, 0x0000000714a00000| Untracked 
| 193|0x0000000714b00000, 0x0000000714b00000, 0x0000000714c00000|  0%| F|  |TAMS 0x0000000714b00000, 0x0000000714b00000| Untracked 
| 194|0x0000000714c00000, 0x0000000714c00000, 0x0000000714d00000|  0%| F|  |TAMS 0x0000000714c00000, 0x0000000714c00000| Untracked 
| 195|0x0000000714d00000, 0x0000000714d00000, 0x0000000714e00000|  0%| F|  |TAMS 0x0000000714d00000, 0x0000000714d00000| Untracked 
| 196|0x0000000714e00000, 0x0000000714e00000, 0x0000000714f00000|  0%| F|  |TAMS 0x0000000714e00000, 0x0000000714e00000| Untracked 
| 197|0x0000000714f00000, 0x0000000714f00000, 0x0000000715000000|  0%| F|  |TAMS 0x0000000714f00000, 0x0000000714f00000| Untracked 
| 198|0x0000000715000000, 0x0000000715000000, 0x0000000715100000|  0%| F|  |TAMS 0x0000000715000000, 0x0000000715000000| Untracked 
| 199|0x0000000715100000, 0x0000000715100000, 0x0000000715200000|  0%| F|  |TAMS 0x0000000715100000, 0x0000000715100000| Untracked 
| 200|0x0000000715200000, 0x0000000715200000, 0x0000000715300000|  0%| F|  |TAMS 0x0000000715200000, 0x0000000715200000| Untracked 
| 201|0x0000000715300000, 0x0000000715300000, 0x0000000715400000|  0%| F|  |TAMS 0x0000000715300000, 0x0000000715300000| Untracked 
| 202|0x0000000715400000, 0x0000000715400000, 0x0000000715500000|  0%| F|  |TAMS 0x0000000715400000, 0x0000000715400000| Untracked 
| 203|0x0000000715500000, 0x0000000715500000, 0x0000000715600000|  0%| F|  |TAMS 0x0000000715500000, 0x0000000715500000| Untracked 
| 204|0x0000000715600000, 0x0000000715600000, 0x0000000715700000|  0%| F|  |TAMS 0x0000000715600000, 0x0000000715600000| Untracked 
| 205|0x0000000715700000, 0x0000000715700000, 0x0000000715800000|  0%| F|  |TAMS 0x0000000715700000, 0x0000000715700000| Untracked 
| 206|0x0000000715800000, 0x0000000715800000, 0x0000000715900000|  0%| F|  |TAMS 0x0000000715800000, 0x0000000715800000| Untracked 
| 207|0x0000000715900000, 0x0000000715900000, 0x0000000715a00000|  0%| F|  |TAMS 0x0000000715900000, 0x0000000715900000| Untracked 
| 208|0x0000000715a00000, 0x0000000715a00000, 0x0000000715b00000|  0%| F|  |TAMS 0x0000000715a00000, 0x0000000715a00000| Untracked 
| 209|0x0000000715b00000, 0x0000000715b00000, 0x0000000715c00000|  0%| F|  |TAMS 0x0000000715b00000, 0x0000000715b00000| Untracked 
| 210|0x0000000715c00000, 0x0000000715c00000, 0x0000000715d00000|  0%| F|  |TAMS 0x0000000715c00000, 0x0000000715c00000| Untracked 
| 211|0x0000000715d00000, 0x0000000715d00000, 0x0000000715e00000|  0%| F|  |TAMS 0x0000000715d00000, 0x0000000715d00000| Untracked 
| 212|0x0000000715e00000, 0x0000000715e00000, 0x0000000715f00000|  0%| F|  |TAMS 0x0000000715e00000, 0x0000000715e00000| Untracked 
| 213|0x0000000715f00000, 0x0000000715f00000, 0x0000000716000000|  0%| F|  |TAMS 0x0000000715f00000, 0x0000000715f00000| Untracked 
| 214|0x0000000716000000, 0x0000000716000000, 0x0000000716100000|  0%| F|  |TAMS 0x0000000716000000, 0x0000000716000000| Untracked 
| 215|0x0000000716100000, 0x0000000716100000, 0x0000000716200000|  0%| F|  |TAMS 0x0000000716100000, 0x0000000716100000| Untracked 
| 216|0x0000000716200000, 0x0000000716200000, 0x0000000716300000|  0%| F|  |TAMS 0x0000000716200000, 0x0000000716200000| Untracked 
| 217|0x0000000716300000, 0x0000000716300000, 0x0000000716400000|  0%| F|  |TAMS 0x0000000716300000, 0x0000000716300000| Untracked 
| 218|0x0000000716400000, 0x0000000716400000, 0x0000000716500000|  0%| F|  |TAMS 0x0000000716400000, 0x0000000716400000| Untracked 
| 219|0x0000000716500000, 0x0000000716500000, 0x0000000716600000|  0%| F|  |TAMS 0x0000000716500000, 0x0000000716500000| Untracked 
| 220|0x0000000716600000, 0x0000000716600000, 0x0000000716700000|  0%| F|  |TAMS 0x0000000716600000, 0x0000000716600000| Untracked 
| 221|0x0000000716700000, 0x0000000716700000, 0x0000000716800000|  0%| F|  |TAMS 0x0000000716700000, 0x0000000716700000| Untracked 
| 222|0x0000000716800000, 0x0000000716800000, 0x0000000716900000|  0%| F|  |TAMS 0x0000000716800000, 0x0000000716800000| Untracked 
| 223|0x0000000716900000, 0x0000000716900000, 0x0000000716a00000|  0%| F|  |TAMS 0x0000000716900000, 0x0000000716900000| Untracked 
| 224|0x0000000716a00000, 0x0000000716a00000, 0x0000000716b00000|  0%| F|  |TAMS 0x0000000716a00000, 0x0000000716a00000| Untracked 
| 225|0x0000000716b00000, 0x0000000716b00000, 0x0000000716c00000|  0%| F|  |TAMS 0x0000000716b00000, 0x0000000716b00000| Untracked 
| 226|0x0000000716c00000, 0x0000000716c00000, 0x0000000716d00000|  0%| F|  |TAMS 0x0000000716c00000, 0x0000000716c00000| Untracked 
| 227|0x0000000716d00000, 0x0000000716d00000, 0x0000000716e00000|  0%| F|  |TAMS 0x0000000716d00000, 0x0000000716d00000| Untracked 
| 228|0x0000000716e00000, 0x0000000716e00000, 0x0000000716f00000|  0%| F|  |TAMS 0x0000000716e00000, 0x0000000716e00000| Untracked 
| 229|0x0000000716f00000, 0x0000000716f00000, 0x0000000717000000|  0%| F|  |TAMS 0x0000000716f00000, 0x0000000716f00000| Untracked 
| 230|0x0000000717000000, 0x0000000717000000, 0x0000000717100000|  0%| F|  |TAMS 0x0000000717000000, 0x0000000717000000| Untracked 
| 231|0x0000000717100000, 0x0000000717100000, 0x0000000717200000|  0%| F|  |TAMS 0x0000000717100000, 0x0000000717100000| Untracked 
| 232|0x0000000717200000, 0x0000000717200000, 0x0000000717300000|  0%| F|  |TAMS 0x0000000717200000, 0x0000000717200000| Untracked 
| 233|0x0000000717300000, 0x0000000717300000, 0x0000000717400000|  0%| F|  |TAMS 0x0000000717300000, 0x0000000717300000| Untracked 
| 234|0x0000000717400000, 0x0000000717400000, 0x0000000717500000|  0%| F|  |TAMS 0x0000000717400000, 0x0000000717400000| Untracked 
| 235|0x0000000717500000, 0x0000000717500000, 0x0000000717600000|  0%| F|  |TAMS 0x0000000717500000, 0x0000000717500000| Untracked 
| 236|0x0000000717600000, 0x0000000717600000, 0x0000000717700000|  0%| F|  |TAMS 0x0000000717600000, 0x0000000717600000| Untracked 
| 237|0x0000000717700000, 0x000000071777b6a0, 0x0000000717800000| 48%| E|  |TAMS 0x0000000717700000, 0x0000000717700000| Complete 
| 238|0x0000000717800000, 0x0000000717900000, 0x0000000717900000|100%| E|CS|TAMS 0x0000000717800000, 0x0000000717800000| Complete 
| 239|0x0000000717900000, 0x0000000717a00000, 0x0000000717a00000|100%| E|CS|TAMS 0x0000000717900000, 0x0000000717900000| Complete 
| 240|0x0000000717a00000, 0x0000000717b00000, 0x0000000717b00000|100%| E|CS|TAMS 0x0000000717a00000, 0x0000000717a00000| Complete 
| 241|0x0000000717b00000, 0x0000000717c00000, 0x0000000717c00000|100%| E|CS|TAMS 0x0000000717b00000, 0x0000000717b00000| Complete 
| 242|0x0000000717c00000, 0x0000000717d00000, 0x0000000717d00000|100%| E|CS|TAMS 0x0000000717c00000, 0x0000000717c00000| Complete 
| 243|0x0000000717d00000, 0x0000000717e00000, 0x0000000717e00000|100%| E|CS|TAMS 0x0000000717d00000, 0x0000000717d00000| Complete 
| 244|0x0000000717e00000, 0x0000000717f00000, 0x0000000717f00000|100%| E|CS|TAMS 0x0000000717e00000, 0x0000000717e00000| Complete 
| 245|0x0000000717f00000, 0x0000000718000000, 0x0000000718000000|100%| E|CS|TAMS 0x0000000717f00000, 0x0000000717f00000| Complete 
| 246|0x0000000718000000, 0x0000000718100000, 0x0000000718100000|100%| E|CS|TAMS 0x0000000718000000, 0x0000000718000000| Complete 
| 247|0x0000000718100000, 0x0000000718200000, 0x0000000718200000|100%| E|CS|TAMS 0x0000000718100000, 0x0000000718100000| Complete 
|2932|0x00000007bfe00000, 0x00000007bfe48000, 0x00000007bff00000| 28%|OA|  |TAMS 0x00000007bfe00000, 0x00000007bfe00000| Untracked 
|2933|0x00000007bff00000, 0x00000007bff6c000, 0x00000007c0000000| 42%|CA|  |TAMS 0x00000007bff00000, 0x00000007bff00000| Untracked 

Card table byte_map: [0x00007f7f18977000,0x00007f7f19132000] _byte_map_base: 0x00007f7f15132000

Marking Bits (Prev, Next): (CMBitMap*) 0x00007f7f1407d4a8, (CMBitMap*) 0x00007f7f1407d4e0
 Prev Bits: [0x00007f7ef4228000, 0x00007f7ef8000000)
 Next Bits: [0x00007f7ef0450000, 0x00007f7ef4228000)

Polling page: 0x00007f7f1c49b000

Metaspace:

Usage:
  Non-class:      5.83 MB capacity,     3.28 MB ( 56%) used,     2.54 MB ( 44%) free+waste,     6.38 KB ( <1%) overhead. 
      Class:    686.00 KB capacity,   394.49 KB ( 58%) used,   288.32 KB ( 42%) free+waste,     3.19 KB ( <1%) overhead. 
       Both:      6.50 MB capacity,     3.67 MB ( 56%) used,     2.83 MB ( 43%) free+waste,     9.56 KB ( <1%) overhead. 

Virtual space:
  Non-class space:        8.00 MB reserved,       6.00 MB ( 75%) committed 
      Class space:        1.00 GB reserved,     768.00 KB ( <1%) committed 
             Both:        1.01 GB reserved,       6.75 MB ( <1%) committed 

Chunk freelists:
   Non-Class:  15.00 KB
       Class:  0 bytes
        Both:  15.00 KB

MaxMetaspaceSize: unlimited
CompressedClassSpaceSize: 1.00 GB
Initial GC threshold: 20.80 MB
Current GC threshold: 20.80 MB
CDS: on

CodeHeap 'non-profiled nmethods': size=119172Kb used=222Kb max_used=222Kb free=118949Kb
 bounds [0x00007f7f0435e000, 0x00007f7f045ce000, 0x00007f7f0b7bf000]
CodeHeap 'profiled nmethods': size=119168Kb used=1630Kb max_used=1630Kb free=117538Kb
 bounds [0x00007f7efcefe000, 0x00007f7efd16e000, 0x00007f7f0435e000]
CodeHeap 'non-nmethods': size=7420Kb used=1709Kb max_used=1723Kb free=5710Kb
 bounds [0x00007f7efc7bf000, 0x00007f7efca2f000, 0x00007f7efcefe000]
 total_blobs=1276 nmethods=871 adapters=318
 compilation: enabled
              stopped_count=0, restarted_count=0
 full_count=0

Compilation events (20 events):
Event: 0.158 Thread 0x00007f7f141fa000 nmethod 859 0x00007f7efd08bf10 code [0x00007f7efd08c0e0, 0x00007f7efd08c320]
Event: 0.158 Thread 0x00007f7f141fa000  862       3       org.bytedeco.javacpp.Pointer::equals (82 bytes)
Event: 0.158 Thread 0x00007f7ec009d800 nmethod 861 0x00007f7efd08c410 code [0x00007f7efd08c5e0, 0x00007f7efd08ca30]
Event: 0.158 Thread 0x00007f7ec009d800  860       3       java.lang.Integer::numberOfLeadingZeros (78 bytes)
Event: 0.158 Thread 0x00007f7ec009d800 nmethod 860 0x00007f7efd08cb90 code [0x00007f7efd08cd40, 0x00007f7efd08cfd0]
Event: 0.158 Thread 0x00007f7ec009d800  864       3       java.lang.Integer::equals (29 bytes)
Event: 0.158 Thread 0x00007f7f141fa000 nmethod 862 0x00007f7efd08d090 code [0x00007f7efd08d280, 0x00007f7efd08d8d0]
Event: 0.158 Thread 0x00007f7f141fa000  865       3       java.util.HashMap::containsKey (18 bytes)
Event: 0.158 Thread 0x00007f7ec009d800 nmethod 864 0x00007f7efd08da10 code [0x00007f7efd08dbe0, 0x00007f7efd08dfd0]
Event: 0.158 Thread 0x00007f7ec009d800  866   !   3       java.nio.charset.Charset::defaultCharset (53 bytes)
Event: 0.158 Thread 0x00007f7f141fa000 nmethod 865 0x00007f7efd08e090 code [0x00007f7efd08e260, 0x00007f7efd08e5b0]
Event: 0.158 Thread 0x00007f7f141f8000 nmethod 849 0x00007f7f04393b90 code [0x00007f7f04393d40, 0x00007f7f04393f58]
Event: 0.158 Thread 0x00007f7f141f8000  858       4       java.util.HashMap::get (23 bytes)
Event: 0.158 Thread 0x00007f7f141fa000  867       3       java.lang.String::<init> (9 bytes)
Event: 0.159 Thread 0x00007f7f141fa000 nmethod 867 0x00007f7efd08e710 code [0x00007f7efd08e8c0, 0x00007f7efd08ea20]
Event: 0.159 Thread 0x00007f7f141fa000  868       3       java.lang.String::<init> (38 bytes)
Event: 0.159 Thread 0x00007f7f141fa000 nmethod 868 0x00007f7efd08eb10 code [0x00007f7efd08ece0, 0x00007f7efd08ef50]
Event: 0.159 Thread 0x00007f7f141fa000  869       3       java.lang.StringCoding::decode (112 bytes)
Event: 0.159 Thread 0x00007f7ec009d800 nmethod 866 0x00007f7efd08f090 code [0x00007f7efd08f340, 0x00007f7efd090030]
Event: 0.159 Thread 0x00007f7ec009d800  871       3       java.util.regex.Pattern::range (292 bytes)

GC Heap History (0 events):
No events

Deoptimization events (20 events):
Event: 0.107 Thread 0x00007f7f14015800 DEOPT PACKING pc=0x00007f7efcf2464f sp=0x00007f7f1ac2a500
Event: 0.107 Thread 0x00007f7f14015800 DEOPT UNPACKING pc=0x00007f7efc80964a sp=0x00007f7f1ac299a8 mode 0
Event: 0.108 Thread 0x00007f7f14015800 DEOPT PACKING pc=0x00007f7efcf2464f sp=0x00007f7f1ac2a500
Event: 0.108 Thread 0x00007f7f14015800 DEOPT UNPACKING pc=0x00007f7efc80964a sp=0x00007f7f1ac299a8 mode 0
Event: 0.132 Thread 0x00007f7f14015800 Uncommon trap: trap_request=0xffffffc6 fr.pc=0x00007f7f04385e14 relative=0x00000000000003b4
Event: 0.132 Thread 0x00007f7f14015800 Uncommon trap: reason=bimorphic_or_optimized_type_check action=maybe_recompile pc=0x00007f7f04385e14 method=java.util.HashMap.getNode(ILjava/lang/Object;)Ljava/util/HashMap$Node; @ 126 c2
Event: 0.132 Thread 0x00007f7f14015800 DEOPT PACKING pc=0x00007f7f04385e14 sp=0x00007f7f1ac2b0e0
Event: 0.132 Thread 0x00007f7f14015800 DEOPT UNPACKING pc=0x00007f7efc808ea5 sp=0x00007f7f1ac2b078 mode 2
Event: 0.139 Thread 0x00007f7f14015800 Uncommon trap: trap_request=0xffffffc6 fr.pc=0x00007f7f04385e14 relative=0x00000000000003b4
Event: 0.139 Thread 0x00007f7f14015800 Uncommon trap: reason=bimorphic_or_optimized_type_check action=maybe_recompile pc=0x00007f7f04385e14 method=java.util.HashMap.getNode(ILjava/lang/Object;)Ljava/util/HashMap$Node; @ 126 c2
Event: 0.139 Thread 0x00007f7f14015800 DEOPT PACKING pc=0x00007f7f04385e14 sp=0x00007f7f1ac2b0e0
Event: 0.139 Thread 0x00007f7f14015800 DEOPT UNPACKING pc=0x00007f7efc808ea5 sp=0x00007f7f1ac2b078 mode 2
Event: 0.156 Thread 0x00007f7f14015800 Uncommon trap: trap_request=0xffffffc6 fr.pc=0x00007f7f04385e14 relative=0x00000000000003b4
Event: 0.156 Thread 0x00007f7f14015800 Uncommon trap: reason=bimorphic_or_optimized_type_check action=maybe_recompile pc=0x00007f7f04385e14 method=java.util.HashMap.getNode(ILjava/lang/Object;)Ljava/util/HashMap$Node; @ 126 c2
Event: 0.156 Thread 0x00007f7f14015800 DEOPT PACKING pc=0x00007f7f04385e14 sp=0x00007f7f1ac2b650
Event: 0.156 Thread 0x00007f7f14015800 DEOPT UNPACKING pc=0x00007f7efc808ea5 sp=0x00007f7f1ac2b5e8 mode 2
Event: 0.156 Thread 0x00007f7f14015800 Uncommon trap: trap_request=0xffffffc6 fr.pc=0x00007f7f04385e14 relative=0x00000000000003b4
Event: 0.156 Thread 0x00007f7f14015800 Uncommon trap: reason=bimorphic_or_optimized_type_check action=maybe_recompile pc=0x00007f7f04385e14 method=java.util.HashMap.getNode(ILjava/lang/Object;)Ljava/util/HashMap$Node; @ 126 c2
Event: 0.156 Thread 0x00007f7f14015800 DEOPT PACKING pc=0x00007f7f04385e14 sp=0x00007f7f1ac2b650
Event: 0.156 Thread 0x00007f7f14015800 DEOPT UNPACKING pc=0x00007f7efc808ea5 sp=0x00007f7f1ac2b5e8 mode 2

Classes redefined (0 events):
No events

Internal exceptions (20 events):
Event: 0.027 Thread 0x00007f7f14015800 Exception <a 'java/security/PrivilegedActionException'{0x0000000718039c88}> (0x0000000718039c88) thrown at [./src/hotspot/share/prims/jvm.cpp, line 1304]
Event: 0.027 Thread 0x00007f7f14015800 Exception <a 'java/security/PrivilegedActionException'{0x0000000718039f58}> (0x0000000718039f58) thrown at [./src/hotspot/share/prims/jvm.cpp, line 1304]
Event: 0.027 Thread 0x00007f7f14015800 Exception <a 'java/security/PrivilegedActionException'{0x000000071803ab70}> (0x000000071803ab70) thrown at [./src/hotspot/share/prims/jvm.cpp, line 1304]
Event: 0.027 Thread 0x00007f7f14015800 Exception <a 'java/security/PrivilegedActionException'{0x000000071803ae40}> (0x000000071803ae40) thrown at [./src/hotspot/share/prims/jvm.cpp, line 1304]
Event: 0.027 Thread 0x00007f7f14015800 Exception <a 'java/security/PrivilegedActionException'{0x000000071803ba58}> (0x000000071803ba58) thrown at [./src/hotspot/share/prims/jvm.cpp, line 1304]
Event: 0.027 Thread 0x00007f7f14015800 Exception <a 'java/security/PrivilegedActionException'{0x000000071803bd28}> (0x000000071803bd28) thrown at [./src/hotspot/share/prims/jvm.cpp, line 1304]
Event: 0.027 Thread 0x00007f7f14015800 Exception <a 'java/security/PrivilegedActionException'{0x000000071803c958}> (0x000000071803c958) thrown at [./src/hotspot/share/prims/jvm.cpp, line 1304]
Event: 0.027 Thread 0x00007f7f14015800 Exception <a 'java/security/PrivilegedActionException'{0x000000071803cc28}> (0x000000071803cc28) thrown at [./src/hotspot/share/prims/jvm.cpp, line 1304]
Event: 0.027 Thread 0x00007f7f14015800 Exception <a 'java/security/PrivilegedActionException'{0x000000071803d858}> (0x000000071803d858) thrown at [./src/hotspot/share/prims/jvm.cpp, line 1304]
Event: 0.027 Thread 0x00007f7f14015800 Exception <a 'java/security/PrivilegedActionException'{0x000000071803db28}> (0x000000071803db28) thrown at [./src/hotspot/share/prims/jvm.cpp, line 1304]
Event: 0.027 Thread 0x00007f7f14015800 Exception <a 'java/security/PrivilegedActionException'{0x000000071803e758}> (0x000000071803e758) thrown at [./src/hotspot/share/prims/jvm.cpp, line 1304]
Event: 0.027 Thread 0x00007f7f14015800 Exception <a 'java/security/PrivilegedActionException'{0x000000071803ea28}> (0x000000071803ea28) thrown at [./src/hotspot/share/prims/jvm.cpp, line 1304]
Event: 0.027 Thread 0x00007f7f14015800 Exception <a 'java/security/PrivilegedActionException'{0x000000071803f640}> (0x000000071803f640) thrown at [./src/hotspot/share/prims/jvm.cpp, line 1304]
Event: 0.027 Thread 0x00007f7f14015800 Exception <a 'java/security/PrivilegedActionException'{0x000000071803f910}> (0x000000071803f910) thrown at [./src/hotspot/share/prims/jvm.cpp, line 1304]
Event: 0.027 Thread 0x00007f7f14015800 Exception <a 'java/security/PrivilegedActionException'{0x0000000718040540}> (0x0000000718040540) thrown at [./src/hotspot/share/prims/jvm.cpp, line 1304]
Event: 0.027 Thread 0x00007f7f14015800 Exception <a 'java/security/PrivilegedActionException'{0x0000000718040810}> (0x0000000718040810) thrown at [./src/hotspot/share/prims/jvm.cpp, line 1304]
Event: 0.072 Thread 0x00007f7f14015800 Exception <a 'java/lang/NoSuchMethodError'{0x0000000717dc7a50}: 'int java.lang.invoke.DirectMethodHandle$Holder.invokeStaticInit(java.lang.Object, java.lang.Object, java.lang.Object, java.lang.Object)'> (0x0000000717dc7a50) thrown at [./src/hotspot/share/interpreter/linkResolver.cpp, line 772]
Event: 0.073 Thread 0x00007f7f14015800 Exception <a 'java/lang/IncompatibleClassChangeError'{0x0000000717dd1f38}: Found class java.lang.Object, but interface was expected> (0x0000000717dd1f38) thrown at [./src/hotspot/share/interpreter/linkResolver.cpp, line 839]
Event: 0.074 Thread 0x00007f7f14015800 Exception <a 'java/lang/NoSuchMethodError'{0x0000000717dd5188}: 'void java.lang.invoke.DirectMethodHandle$Holder.invokeStaticInit(java.lang.Object, java.lang.Object)'> (0x0000000717dd5188) thrown at [./src/hotspot/share/interpreter/linkResolver.cpp, line 772]
Event: 0.074 Thread 0x00007f7f14015800 Exception <a 'java/lang/NoSuchMethodError'{0x0000000717ddae58}: 'int java.lang.invoke.DirectMethodHandle$Holder.invokeStaticInit(java.lang.Object, java.lang.Object)'> (0x0000000717ddae58) thrown at [./src/hotspot/share/interpreter/linkResolver.cpp, line 772]

Events (20 events):
Event: 0.148 loading class java/lang/invoke/BoundMethodHandle$Species_LLLLLL
Event: 0.148 loading class java/lang/invoke/BoundMethodHandle$Species_LLLLLL done
Event: 0.149 loading class java/lang/invoke/BoundMethodHandle$Species_LLLLLLI
Event: 0.149 loading class java/lang/invoke/BoundMethodHandle$Species_LLLLLLI done
Event: 0.150 loading class java/lang/invoke/BoundMethodHandle$Species_LLLLLLII
Event: 0.150 loading class java/lang/invoke/BoundMethodHandle$Species_LLLLLLII done
Event: 0.150 loading class java/lang/invoke/BoundMethodHandle$Species_LLLLLLIIL
Event: 0.150 loading class java/lang/invoke/BoundMethodHandle$Species_LLLLLLIIL done
Event: 0.152 loading class LLVMIRToRiscv
Event: 0.152 loading class LLVMIRToRiscv done
Event: 0.153 loading class RegisterAllocator
Event: 0.153 loading class RegisterAllocator done
Event: 0.153 loading class AsmBuilder
Event: 0.153 loading class AsmBuilder done
Event: 0.155 loading class LLVMIROptimization
Event: 0.155 loading class LLVMIROptimization done
Event: 0.156 loading class ConstPropValueHolder
Event: 0.156 loading class ConstPropValueHolder done
Event: 0.156 loading class ConstPropValueHolder$Kind
Event: 0.156 loading class ConstPropValueHolder$Kind done


Dynamic libraries:
708a00000-718200000 rw-p 00000000 00:00 0 
718200000-7bfe00000 ---p 00000000 00:00 0 
7bfe00000-7bfe48000 rw-p 00b14000 08:20 134337                           /usr/lib/jvm/java-11-openjdk-amd64/lib/server/classes.jsa
7bfe48000-7bff00000 rw-p 00000000 00:00 0 
7bff00000-7bff6c000 rw-p 00aa8000 08:20 134337                           /usr/lib/jvm/java-11-openjdk-amd64/lib/server/classes.jsa
7bff6c000-7c0000000 rw-p 00000000 00:00 0 
7c0000000-800000000 ---p 00000000 00:00 0 
800000000-800002000 rwxp 00001000 08:20 134337                           /usr/lib/jvm/java-11-openjdk-amd64/lib/server/classes.jsa
800002000-8003ce000 rw-p 00003000 08:20 134337                           /usr/lib/jvm/java-11-openjdk-amd64/lib/server/classes.jsa
8003ce000-800aa6000 r--p 003cf000 08:20 134337                           /usr/lib/jvm/java-11-openjdk-amd64/lib/server/classes.jsa
800aa6000-800aa7000 rw-p 00aa7000 08:20 134337                           /usr/lib/jvm/java-11-openjdk-amd64/lib/server/classes.jsa
840000000-8400c0000 rw-p 00000000 00:00 0 
8400c0000-880000000 ---p 00000000 00:00 0 
56472b994000-56472b995000 r--p 00000000 08:20 134745                     /usr/lib/jvm/java-11-openjdk-amd64/bin/java
56472b995000-56472b996000 r-xp 00001000 08:20 134745                     /usr/lib/jvm/java-11-openjdk-amd64/bin/java
56472b996000-56472b997000 r--p 00002000 08:20 134745                     /usr/lib/jvm/java-11-openjdk-amd64/bin/java
56472b997000-56472b998000 r--p 00002000 08:20 134745                     /usr/lib/jvm/java-11-openjdk-amd64/bin/java
56472b998000-56472b999000 rw-p 00003000 08:20 134745                     /usr/lib/jvm/java-11-openjdk-amd64/bin/java
5647361dc000-5647361fd000 rw-p 00000000 00:00 0                          [heap]
7f7e9d52c000-7f7e9de52000 r--p 00000000 08:20 204242                     /home/crz/.javacpp/cache/llvm-13.0.1-1.5.7-linux-x86_64.jar/org/bytedeco/llvm/linux-x86_64/libLLVM-13.so
7f7e9de52000-7f7ea1815000 r-xp 00926000 08:20 204242                     /home/crz/.javacpp/cache/llvm-13.0.1-1.5.7-linux-x86_64.jar/org/bytedeco/llvm/linux-x86_64/libLLVM-13.so
7f7ea1815000-7f7ea3a6a000 r--p 042e9000 08:20 204242                     /home/crz/.javacpp/cache/llvm-13.0.1-1.5.7-linux-x86_64.jar/org/bytedeco/llvm/linux-x86_64/libLLVM-13.so
7f7ea3a6a000-7f7ea3f7f000 r--p 0653d000 08:20 204242                     /home/crz/.javacpp/cache/llvm-13.0.1-1.5.7-linux-x86_64.jar/org/bytedeco/llvm/linux-x86_64/libLLVM-13.so
7f7ea3f7f000-7f7ea3f8a000 rw-p 06a52000 08:20 204242                     /home/crz/.javacpp/cache/llvm-13.0.1-1.5.7-linux-x86_64.jar/org/bytedeco/llvm/linux-x86_64/libLLVM-13.so
7f7ea3f8a000-7f7ea4000000 rw-p 00000000 00:00 0 
7f7ea4000000-7f7ea4021000 rw-p 00000000 00:00 0 
7f7ea4021000-7f7ea8000000 ---p 00000000 00:00 0 
7f7ea8000000-7f7ea8082000 rw-p 00000000 00:00 0 
7f7ea8082000-7f7eac000000 ---p 00000000 00:00 0 
7f7eac000000-7f7eac021000 rw-p 00000000 00:00 0 
7f7eac021000-7f7eb0000000 ---p 00000000 00:00 0 
7f7eb0000000-7f7eb0021000 rw-p 00000000 00:00 0 
7f7eb0021000-7f7eb4000000 ---p 00000000 00:00 0 
7f7eb4000000-7f7eb418f000 rw-p 00000000 00:00 0 
7f7eb418f000-7f7eb8000000 ---p 00000000 00:00 0 
7f7eb8000000-7f7eb8021000 rw-p 00000000 00:00 0 
7f7eb8021000-7f7ebc000000 ---p 00000000 00:00 0 
7f7ebe977000-7f7ebf9f9000 rw-p 00000000 00:00 0 
7f7ebf9f9000-7f7ebfa5e000 r--p 00000000 08:20 204256                     /home/crz/.javacpp/cache/llvm-13.0.1-1.5.7-linux-x86_64.jar/org/bytedeco/llvm/linux-x86_64/libjniLLVM.so
7f7ebfa5e000-7f7ebfacc000 r-xp 00065000 08:20 204256                     /home/crz/.javacpp/cache/llvm-13.0.1-1.5.7-linux-x86_64.jar/org/bytedeco/llvm/linux-x86_64/libjniLLVM.so
7f7ebfacc000-7f7ebfaf7000 r--p 000d3000 08:20 204256                     /home/crz/.javacpp/cache/llvm-13.0.1-1.5.7-linux-x86_64.jar/org/bytedeco/llvm/linux-x86_64/libjniLLVM.so
7f7ebfaf7000-7f7ebfafa000 r--p 000fd000 08:20 204256                     /home/crz/.javacpp/cache/llvm-13.0.1-1.5.7-linux-x86_64.jar/org/bytedeco/llvm/linux-x86_64/libjniLLVM.so
7f7ebfafa000-7f7ebfafd000 rw-p 00100000 08:20 204256                     /home/crz/.javacpp/cache/llvm-13.0.1-1.5.7-linux-x86_64.jar/org/bytedeco/llvm/linux-x86_64/libjniLLVM.so
7f7ebfafd000-7f7ebfaff000 rw-p 00000000 00:00 0 
7f7ebfaff000-7f7ebfb03000 ---p 00000000 00:00 0 
7f7ebfb03000-7f7ebfbff000 rw-p 00000000 00:00 0 
7f7ebfbff000-7f7ebfc03000 ---p 00000000 00:00 0 
7f7ebfc03000-7f7ebfcff000 rw-p 00000000 00:00 0 
7f7ebfcff000-7f7ebfd03000 ---p 00000000 00:00 0 
7f7ebfd03000-7f7ebfdff000 rw-p 00000000 00:00 0 
7f7ebfdff000-7f7ebfe00000 ---p 00000000 00:00 0 
7f7ebfe00000-7f7ebff00000 rw-p 00000000 00:00 0 
7f7ebff00000-7f7ebff04000 ---p 00000000 00:00 0 
7f7ebff04000-7f7ec0000000 rw-p 00000000 00:00 0 
7f7ec0000000-7f7ec025f000 rw-p 00000000 00:00 0 
7f7ec025f000-7f7ec4000000 ---p 00000000 00:00 0 
7f7ec4000000-7f7ec42b7000 rw-p 00000000 00:00 0 
7f7ec42b7000-7f7ec8000000 ---p 00000000 00:00 0 
7f7ec8000000-7f7ec8021000 rw-p 00000000 00:00 0 
7f7ec8021000-7f7ecc000000 ---p 00000000 00:00 0 
7f7ecc000000-7f7ecc021000 rw-p 00000000 00:00 0 
7f7ecc021000-7f7ed0000000 ---p 00000000 00:00 0 
7f7ed0000000-7f7ed0021000 rw-p 00000000 00:00 0 
7f7ed0021000-7f7ed4000000 ---p 00000000 00:00 0 
7f7ed4000000-7f7ed4021000 rw-p 00000000 00:00 0 
7f7ed4021000-7f7ed8000000 ---p 00000000 00:00 0 
7f7ed8000000-7f7ed8021000 rw-p 00000000 00:00 0 
7f7ed8021000-7f7edc000000 ---p 00000000 00:00 0 
7f7edc000000-7f7edc021000 rw-p 00000000 00:00 0 
7f7edc021000-7f7ee0000000 ---p 00000000 00:00 0 
7f7ee0000000-7f7ee0021000 rw-p 00000000 00:00 0 
7f7ee0021000-7f7ee4000000 ---p 00000000 00:00 0 
7f7ee4000000-7f7ee4021000 rw-p 00000000 00:00 0 
7f7ee4021000-7f7ee8000000 ---p 00000000 00:00 0 
7f7ee8088000-7f7ee808c000 ---p 00000000 00:00 0 
7f7ee808c000-7f7ee8188000 rw-p 00000000 00:00 0 
7f7ee8188000-7f7ee818c000 ---p 00000000 00:00 0 
7f7ee818c000-7f7ee8288000 rw-p 00000000 00:00 0 
7f7ee8288000-7f7ee828c000 ---p 00000000 00:00 0 
7f7ee828c000-7f7ee8388000 rw-p 00000000 00:00 0 
7f7ee8388000-7f7ee838c000 ---p 00000000 00:00 0 
7f7ee838c000-7f7ee8488000 rw-p 00000000 00:00 0 
7f7ee8488000-7f7ee848c000 ---p 00000000 00:00 0 
7f7ee848c000-7f7ee8588000 rw-p 00000000 00:00 0 
7f7ee8588000-7f7ee8b75000 r--p 00000000 08:20 13349                      /usr/lib/locale/locale-archive
7f7ee8b75000-7f7ee8b79000 ---p 00000000 00:00 0 
7f7ee8b79000-7f7ee8c75000 rw-p 00000000 00:00 0 
7f7ee8c75000-7f7ee8c79000 ---p 00000000 00:00 0 
7f7ee8c79000-7f7ee8d75000 rw-p 00000000 00:00 0 
7f7ee8d75000-7f7ee8d76000 ---p 00000000 00:00 0 
7f7ee8d76000-7f7ee94f7000 rw-p 00000000 00:00 0 
7f7ee94f7000-7f7ee96f7000 ---p 00000000 00:00 0 
7f7ee96f7000-7f7ee96f8000 ---p 00000000 00:00 0 
7f7ee96f8000-7f7ee97f8000 rw-p 00000000 00:00 0 
7f7ee97f8000-7f7ee97f9000 ---p 00000000 00:00 0 
7f7ee97f9000-7f7eec000000 rw-p 00000000 00:00 0 
7f7eec000000-7f7eec021000 rw-p 00000000 00:00 0 
7f7eec021000-7f7ef0000000 ---p 00000000 00:00 0 
7f7ef004c000-7f7ef0830000 rw-p 00000000 00:00 0 
7f7ef0830000-7f7ef3220000 ---p 00000000 00:00 0 
7f7ef3220000-7f7ef3228000 rw-p 00000000 00:00 0 
7f7ef3228000-7f7ef4228000 ---p 00000000 00:00 0 
7f7ef4228000-7f7ef4608000 rw-p 00000000 00:00 0 
7f7ef4608000-7f7ef6ff8000 ---p 00000000 00:00 0 
7f7ef6ff8000-7f7ef7000000 rw-p 00000000 00:00 0 
7f7ef7000000-7f7ef8000000 ---p 00000000 00:00 0 
7f7ef8000000-7f7ef8021000 rw-p 00000000 00:00 0 
7f7ef8021000-7f7efc000000 ---p 00000000 00:00 0 
7f7efc021000-7f7efc028000 r--s 00000000 08:20 126784                     /usr/lib/x86_64-linux-gnu/gconv/gconv-modules.cache
7f7efc028000-7f7efc029000 r--p 00000000 08:20 204251                     /home/crz/.javacpp/cache/llvm-13.0.1-1.5.7-linux-x86_64.jar/org/bytedeco/llvm/linux-x86_64/libRemarks.so.13
7f7efc029000-7f7efc02a000 r-xp 00001000 08:20 204251                     /home/crz/.javacpp/cache/llvm-13.0.1-1.5.7-linux-x86_64.jar/org/bytedeco/llvm/linux-x86_64/libRemarks.so.13
7f7efc02a000-7f7efc02b000 r--p 00002000 08:20 204251                     /home/crz/.javacpp/cache/llvm-13.0.1-1.5.7-linux-x86_64.jar/org/bytedeco/llvm/linux-x86_64/libRemarks.so.13
7f7efc02b000-7f7efc02c000 r--p 00002000 08:20 204251                     /home/crz/.javacpp/cache/llvm-13.0.1-1.5.7-linux-x86_64.jar/org/bytedeco/llvm/linux-x86_64/libRemarks.so.13
7f7efc02c000-7f7efc02d000 rw-p 00003000 08:20 204251                     /home/crz/.javacpp/cache/llvm-13.0.1-1.5.7-linux-x86_64.jar/org/bytedeco/llvm/linux-x86_64/libRemarks.so.13
7f7efc02d000-7f7efc02e000 r--p 00000000 08:20 104103                     /usr/lib/x86_64-linux-gnu/libdl.so.2
7f7efc02e000-7f7efc02f000 r-xp 00001000 08:20 104103                     /usr/lib/x86_64-linux-gnu/libdl.so.2
7f7efc02f000-7f7efc030000 r--p 00002000 08:20 104103                     /usr/lib/x86_64-linux-gnu/libdl.so.2
7f7efc030000-7f7efc031000 r--p 00002000 08:20 104103                     /usr/lib/x86_64-linux-gnu/libdl.so.2
7f7efc031000-7f7efc032000 rw-p 00003000 08:20 104103                     /usr/lib/x86_64-linux-gnu/libdl.so.2
7f7efc032000-7f7efc033000 r--p 00000000 08:20 104244                     /usr/lib/x86_64-linux-gnu/libpthread.so.0
7f7efc033000-7f7efc034000 r-xp 00001000 08:20 104244                     /usr/lib/x86_64-linux-gnu/libpthread.so.0
7f7efc034000-7f7efc035000 r--p 00002000 08:20 104244                     /usr/lib/x86_64-linux-gnu/libpthread.so.0
7f7efc035000-7f7efc036000 r--p 00002000 08:20 104244                     /usr/lib/x86_64-linux-gnu/libpthread.so.0
7f7efc036000-7f7efc037000 rw-p 00003000 08:20 104244                     /usr/lib/x86_64-linux-gnu/libpthread.so.0
7f7efc037000-7f7efc4c7000 rw-p 00000000 00:00 0 
7f7efc4c7000-7f7efc4c8000 ---p 00000000 00:00 0 
7f7efc4c8000-7f7efc7bf000 rw-p 00000000 00:00 0 
7f7efc7bf000-7f7efca2f000 rwxp 00000000 00:00 0 
7f7efca2f000-7f7efcefe000 ---p 00000000 00:00 0 
7f7efcefe000-7f7efd16e000 rwxp 00000000 00:00 0 
7f7efd16e000-7f7f0435e000 ---p 00000000 00:00 0 
7f7f0435e000-7f7f045ce000 rwxp 00000000 00:00 0 
7f7f045ce000-7f7f0b7bf000 ---p 00000000 00:00 0 
7f7f0b7bf000-7f7f14000000 r--s 00000000 08:20 134824                     /usr/lib/jvm/java-11-openjdk-amd64/lib/modules
7f7f14000000-7f7f14486000 rw-p 00000000 00:00 0 
7f7f14486000-7f7f18000000 ---p 00000000 00:00 0 
7f7f18001000-7f7f18008000 r--p 00000000 08:20 204245                     /home/crz/.javacpp/cache/llvm-13.0.1-1.5.7-linux-x86_64.jar/org/bytedeco/llvm/linux-x86_64/libLTO.so.13
7f7f18008000-7f7f18010000 r-xp 00007000 08:20 204245                     /home/crz/.javacpp/cache/llvm-13.0.1-1.5.7-linux-x86_64.jar/org/bytedeco/llvm/linux-x86_64/libLTO.so.13
7f7f18010000-7f7f18012000 r--p 0000f000 08:20 204245                     /home/crz/.javacpp/cache/llvm-13.0.1-1.5.7-linux-x86_64.jar/org/bytedeco/llvm/linux-x86_64/libLTO.so.13
7f7f18012000-7f7f18013000 r--p 00010000 08:20 204245                     /home/crz/.javacpp/cache/llvm-13.0.1-1.5.7-linux-x86_64.jar/org/bytedeco/llvm/linux-x86_64/libLTO.so.13
7f7f18013000-7f7f18014000 rw-p 00011000 08:20 204245                     /home/crz/.javacpp/cache/llvm-13.0.1-1.5.7-linux-x86_64.jar/org/bytedeco/llvm/linux-x86_64/libLTO.so.13
7f7f18014000-7f7f18018000 r--p 00000000 08:20 204229                     /home/crz/.javacpp/cache/javacpp-1.5.7-linux-x86_64.jar/org/bytedeco/javacpp/linux-x86_64/libjnijavacpp.so
7f7f18018000-7f7f1801f000 r-xp 00004000 08:20 204229                     /home/crz/.javacpp/cache/javacpp-1.5.7-linux-x86_64.jar/org/bytedeco/javacpp/linux-x86_64/libjnijavacpp.so
7f7f1801f000-7f7f18023000 r--p 0000b000 08:20 204229                     /home/crz/.javacpp/cache/javacpp-1.5.7-linux-x86_64.jar/org/bytedeco/javacpp/linux-x86_64/libjnijavacpp.so
7f7f18023000-7f7f18024000 r--p 0000e000 08:20 204229                     /home/crz/.javacpp/cache/javacpp-1.5.7-linux-x86_64.jar/org/bytedeco/javacpp/linux-x86_64/libjnijavacpp.so
7f7f18024000-7f7f18025000 rw-p 0000f000 08:20 204229                     /home/crz/.javacpp/cache/javacpp-1.5.7-linux-x86_64.jar/org/bytedeco/javacpp/linux-x86_64/libjnijavacpp.so
7f7f18025000-7f7f18029000 r--p 00000000 08:20 134814                     /usr/lib/jvm/java-11-openjdk-amd64/lib/libnet.so
7f7f18029000-7f7f18037000 r-xp 00004000 08:20 134814                     /usr/lib/jvm/java-11-openjdk-amd64/lib/libnet.so
7f7f18037000-7f7f1803b000 r--p 00012000 08:20 134814                     /usr/lib/jvm/java-11-openjdk-amd64/lib/libnet.so
7f7f1803b000-7f7f1803c000 r--p 00015000 08:20 134814                     /usr/lib/jvm/java-11-openjdk-amd64/lib/libnet.so
7f7f1803c000-7f7f1803d000 rw-p 00016000 08:20 134814                     /usr/lib/jvm/java-11-openjdk-amd64/lib/libnet.so
7f7f1803d000-7f7f18044000 r--p 00000000 08:20 134815                     /usr/lib/jvm/java-11-openjdk-amd64/lib/libnio.so
7f7f18044000-7f7f1804c000 r-xp 00007000 08:20 134815                     /usr/lib/jvm/java-11-openjdk-amd64/lib/libnio.so
7f7f1804c000-7f7f1804f000 r--p 0000f000 08:20 134815                     /usr/lib/jvm/java-11-openjdk-amd64/lib/libnio.so
7f7f1804f000-7f7f18050000 r--p 00011000 08:20 134815                     /usr/lib/jvm/java-11-openjdk-amd64/lib/libnio.so
7f7f18050000-7f7f18051000 rw-p 00012000 08:20 134815                     /usr/lib/jvm/java-11-openjdk-amd64/lib/libnio.so
7f7f18051000-7f7f180bb000 rw-p 00000000 00:00 0 
7f7f180bb000-7f7f180bc000 ---p 00000000 00:00 0 
7f7f180bc000-7f7f18238000 rw-p 00000000 00:00 0 
7f7f18238000-7f7f18776000 ---p 00000000 00:00 0 
7f7f18776000-7f7f18777000 rw-p 00000000 00:00 0 
7f7f18777000-7f7f18977000 ---p 00000000 00:00 0 
7f7f18977000-7f7f189f3000 rw-p 00000000 00:00 0 
7f7f189f3000-7f7f18f31000 ---p 00000000 00:00 0 
7f7f18f31000-7f7f18f32000 rw-p 00000000 00:00 0 
7f7f18f32000-7f7f19132000 ---p 00000000 00:00 0 
7f7f19132000-7f7f191ae000 rw-p 00000000 00:00 0 
7f7f191ae000-7f7f196ec000 ---p 00000000 00:00 0 
7f7f196ec000-7f7f196ed000 rw-p 00000000 00:00 0 
7f7f196ed000-7f7f198ed000 ---p 00000000 00:00 0 
7f7f198ed000-7f7f1a7fc000 rw-p 00000000 00:00 0 
7f7f1a7fc000-7f7f1a7fd000 ---p 00000000 00:00 0 
7f7f1a7fd000-7f7f1a902000 rw-p 00000000 00:00 0 
7f7f1a902000-7f7f1a9e6000 ---p 00000000 00:00 0 
7f7f1a9e6000-7f7f1a9eb000 rw-p 00000000 00:00 0 
7f7f1a9eb000-7f7f1aacf000 ---p 00000000 00:00 0 
7f7f1aacf000-7f7f1aad4000 rw-p 00000000 00:00 0 
7f7f1aad4000-7f7f1aade000 ---p 00000000 00:00 0 
7f7f1aade000-7f7f1aae0000 r--p 00000000 08:20 134823                     /usr/lib/jvm/java-11-openjdk-amd64/lib/libzip.so
7f7f1aae0000-7f7f1aae5000 r-xp 00002000 08:20 134823                     /usr/lib/jvm/java-11-openjdk-amd64/lib/libzip.so
7f7f1aae5000-7f7f1aae7000 r--p 00007000 08:20 134823                     /usr/lib/jvm/java-11-openjdk-amd64/lib/libzip.so
7f7f1aae7000-7f7f1aae8000 r--p 00008000 08:20 134823                     /usr/lib/jvm/java-11-openjdk-amd64/lib/libzip.so
7f7f1aae8000-7f7f1aae9000 rw-p 00009000 08:20 134823                     /usr/lib/jvm/java-11-openjdk-amd64/lib/libzip.so
7f7f1aae9000-7f7f1aaf1000 rw-s 00000000 08:20 191081                     /tmp/hsperfdata_crz/10456
7f7f1aaf1000-7f7f1aaf3000 r--p 00000000 08:20 134806                     /usr/lib/jvm/java-11-openjdk-amd64/lib/libjimage.so
7f7f1aaf3000-7f7f1aaf6000 r-xp 00002000 08:20 134806                     /usr/lib/jvm/java-11-openjdk-amd64/lib/libjimage.so
7f7f1aaf6000-7f7f1aaf7000 r--p 00005000 08:20 134806                     /usr/lib/jvm/java-11-openjdk-amd64/lib/libjimage.so
7f7f1aaf7000-7f7f1aaf8000 ---p 00006000 08:20 134806                     /usr/lib/jvm/java-11-openjdk-amd64/lib/libjimage.so
7f7f1aaf8000-7f7f1aaf9000 r--p 00006000 08:20 134806                     /usr/lib/jvm/java-11-openjdk-amd64/lib/libjimage.so
7f7f1aaf9000-7f7f1aafa000 rw-p 00007000 08:20 134806                     /usr/lib/jvm/java-11-openjdk-amd64/lib/libjimage.so
7f7f1aafa000-7f7f1ab08000 r--p 00000000 08:20 134803                     /usr/lib/jvm/java-11-openjdk-amd64/lib/libjava.so
7f7f1ab08000-7f7f1ab1e000 r-xp 0000e000 08:20 134803                     /usr/lib/jvm/java-11-openjdk-amd64/lib/libjava.so
7f7f1ab1e000-7f7f1ab25000 r--p 00024000 08:20 134803                     /usr/lib/jvm/java-11-openjdk-amd64/lib/libjava.so
7f7f1ab25000-7f7f1ab26000 r--p 0002a000 08:20 134803                     /usr/lib/jvm/java-11-openjdk-amd64/lib/libjava.so
7f7f1ab26000-7f7f1ab27000 rw-p 0002b000 08:20 134803                     /usr/lib/jvm/java-11-openjdk-amd64/lib/libjava.so
7f7f1ab27000-7f7f1ab28000 rw-p 00000000 00:00 0 
7f7f1ab28000-7f7f1ab29000 r--p 00000000 08:20 105137                     /usr/lib/x86_64-linux-gnu/librt.so.1
7f7f1ab29000-7f7f1ab2a000 r-xp 00001000 08:20 105137                     /usr/lib/x86_64-linux-gnu/librt.so.1
7f7f1ab2a000-7f7f1ab2b000 r--p 00002000 08:20 105137                     /usr/lib/x86_64-linux-gnu/librt.so.1
7f7f1ab2b000-7f7f1ab2c000 r--p 00002000 08:20 105137                     /usr/lib/x86_64-linux-gnu/librt.so.1
7f7f1ab2c000-7f7f1ab2d000 rw-p 00003000 08:20 105137                     /usr/lib/x86_64-linux-gnu/librt.so.1
7f7f1ab2d000-7f7f1ab31000 ---p 00000000 00:00 0 
7f7f1ab31000-7f7f1ac2d000 rw-p 00000000 00:00 0 
7f7f1ac2d000-7f7f1ac30000 r--p 00000000 08:20 6709                       /usr/lib/x86_64-linux-gnu/libgcc_s.so.1
7f7f1ac30000-7f7f1ac47000 r-xp 00003000 08:20 6709                       /usr/lib/x86_64-linux-gnu/libgcc_s.so.1
7f7f1ac47000-7f7f1ac4b000 r--p 0001a000 08:20 6709                       /usr/lib/x86_64-linux-gnu/libgcc_s.so.1
7f7f1ac4b000-7f7f1ac4c000 r--p 0001d000 08:20 6709                       /usr/lib/x86_64-linux-gnu/libgcc_s.so.1
7f7f1ac4c000-7f7f1ac4d000 rw-p 0001e000 08:20 6709                       /usr/lib/x86_64-linux-gnu/libgcc_s.so.1
7f7f1ac4d000-7f7f1ac5b000 r--p 00000000 08:20 104109                     /usr/lib/x86_64-linux-gnu/libm.so.6
7f7f1ac5b000-7f7f1acd7000 r-xp 0000e000 08:20 104109                     /usr/lib/x86_64-linux-gnu/libm.so.6
7f7f1acd7000-7f7f1ad32000 r--p 0008a000 08:20 104109                     /usr/lib/x86_64-linux-gnu/libm.so.6
7f7f1ad32000-7f7f1ad33000 r--p 000e4000 08:20 104109                     /usr/lib/x86_64-linux-gnu/libm.so.6
7f7f1ad33000-7f7f1ad34000 rw-p 000e5000 08:20 104109                     /usr/lib/x86_64-linux-gnu/libm.so.6
7f7f1ad34000-7f7f1adce000 r--p 00000000 08:20 6947                       /usr/lib/x86_64-linux-gnu/libstdc++.so.6.0.30
7f7f1adce000-7f7f1aedf000 r-xp 0009a000 08:20 6947                       /usr/lib/x86_64-linux-gnu/libstdc++.so.6.0.30
7f7f1aedf000-7f7f1af4e000 r--p 001ab000 08:20 6947                       /usr/lib/x86_64-linux-gnu/libstdc++.so.6.0.30
7f7f1af4e000-7f7f1af4f000 ---p 0021a000 08:20 6947                       /usr/lib/x86_64-linux-gnu/libstdc++.so.6.0.30
7f7f1af4f000-7f7f1af5a000 r--p 0021a000 08:20 6947                       /usr/lib/x86_64-linux-gnu/libstdc++.so.6.0.30
7f7f1af5a000-7f7f1af5d000 rw-p 00225000 08:20 6947                       /usr/lib/x86_64-linux-gnu/libstdc++.so.6.0.30
7f7f1af5d000-7f7f1af60000 rw-p 00000000 00:00 0 
7f7f1af60000-7f7f1b1e3000 r--p 00000000 08:20 134827                     /usr/lib/jvm/java-11-openjdk-amd64/lib/server/libjvm.so
7f7f1b1e3000-7f7f1be8e000 r-xp 00283000 08:20 134827                     /usr/lib/jvm/java-11-openjdk-amd64/lib/server/libjvm.so
7f7f1be8e000-7f7f1c0ea000 r--p 00f2e000 08:20 134827                     /usr/lib/jvm/java-11-openjdk-amd64/lib/server/libjvm.so
7f7f1c0ea000-7f7f1c1ae000 r--p 01189000 08:20 134827                     /usr/lib/jvm/java-11-openjdk-amd64/lib/server/libjvm.so
7f7f1c1ae000-7f7f1c1e9000 rw-p 0124d000 08:20 134827                     /usr/lib/jvm/java-11-openjdk-amd64/lib/server/libjvm.so
7f7f1c1e9000-7f7f1c243000 rw-p 00000000 00:00 0 
7f7f1c243000-7f7f1c26b000 r--p 00000000 08:20 104085                     /usr/lib/x86_64-linux-gnu/libc.so.6
7f7f1c26b000-7f7f1c400000 r-xp 00028000 08:20 104085                     /usr/lib/x86_64-linux-gnu/libc.so.6
7f7f1c400000-7f7f1c458000 r--p 001bd000 08:20 104085                     /usr/lib/x86_64-linux-gnu/libc.so.6
7f7f1c458000-7f7f1c459000 ---p 00215000 08:20 104085                     /usr/lib/x86_64-linux-gnu/libc.so.6
7f7f1c459000-7f7f1c45d000 r--p 00215000 08:20 104085                     /usr/lib/x86_64-linux-gnu/libc.so.6
7f7f1c45d000-7f7f1c45f000 rw-p 00219000 08:20 104085                     /usr/lib/x86_64-linux-gnu/libc.so.6
7f7f1c45f000-7f7f1c46c000 rw-p 00000000 00:00 0 
7f7f1c46c000-7f7f1c46f000 r--p 00000000 08:20 134788                     /usr/lib/jvm/java-11-openjdk-amd64/lib/jli/libjli.so
7f7f1c46f000-7f7f1c479000 r-xp 00003000 08:20 134788                     /usr/lib/jvm/java-11-openjdk-amd64/lib/jli/libjli.so
7f7f1c479000-7f7f1c47c000 r--p 0000d000 08:20 134788                     /usr/lib/jvm/java-11-openjdk-amd64/lib/jli/libjli.so
7f7f1c47c000-7f7f1c47d000 ---p 00010000 08:20 134788                     /usr/lib/jvm/java-11-openjdk-amd64/lib/jli/libjli.so
7f7f1c47d000-7f7f1c47e000 r--p 00010000 08:20 134788                     /usr/lib/jvm/java-11-openjdk-amd64/lib/jli/libjli.so
7f7f1c47e000-7f7f1c47f000 rw-p 00011000 08:20 134788                     /usr/lib/jvm/java-11-openjdk-amd64/lib/jli/libjli.so
7f7f1c47f000-7f7f1c481000 r--p 00000000 08:20 6997                       /usr/lib/x86_64-linux-gnu/libz.so.1.2.11
7f7f1c481000-7f7f1c492000 r-xp 00002000 08:20 6997                       /usr/lib/x86_64-linux-gnu/libz.so.1.2.11
7f7f1c492000-7f7f1c498000 r--p 00013000 08:20 6997                       /usr/lib/x86_64-linux-gnu/libz.so.1.2.11
7f7f1c498000-7f7f1c499000 ---p 00019000 08:20 6997                       /usr/lib/x86_64-linux-gnu/libz.so.1.2.11
7f7f1c499000-7f7f1c49a000 r--p 00019000 08:20 6997                       /usr/lib/x86_64-linux-gnu/libz.so.1.2.11
7f7f1c49a000-7f7f1c49b000 rw-p 0001a000 08:20 6997                       /usr/lib/x86_64-linux-gnu/libz.so.1.2.11
7f7f1c49b000-7f7f1c49c000 ---p 00000000 00:00 0 
7f7f1c49c000-7f7f1c49d000 r--p 00000000 00:00 0 
7f7f1c49d000-7f7f1c4a2000 r--p 00000000 08:20 134822                     /usr/lib/jvm/java-11-openjdk-amd64/lib/libverify.so
7f7f1c4a2000-7f7f1c4a9000 r-xp 00005000 08:20 134822                     /usr/lib/jvm/java-11-openjdk-amd64/lib/libverify.so
7f7f1c4a9000-7f7f1c4ab000 r--p 0000c000 08:20 134822                     /usr/lib/jvm/java-11-openjdk-amd64/lib/libverify.so
7f7f1c4ab000-7f7f1c4ad000 r--p 0000d000 08:20 134822                     /usr/lib/jvm/java-11-openjdk-amd64/lib/libverify.so
7f7f1c4ad000-7f7f1c4ae000 rw-p 0000f000 08:20 134822                     /usr/lib/jvm/java-11-openjdk-amd64/lib/libverify.so
7f7f1c4ae000-7f7f1c4b0000 rw-p 00000000 00:00 0 
7f7f1c4b0000-7f7f1c4b2000 r--p 00000000 08:20 104061                     /usr/lib/x86_64-linux-gnu/ld-linux-x86-64.so.2
7f7f1c4b2000-7f7f1c4dc000 r-xp 00002000 08:20 104061                     /usr/lib/x86_64-linux-gnu/ld-linux-x86-64.so.2
7f7f1c4dc000-7f7f1c4e7000 r--p 0002c000 08:20 104061                     /usr/lib/x86_64-linux-gnu/ld-linux-x86-64.so.2
7f7f1c4e8000-7f7f1c4ea000 r--p 00037000 08:20 104061                     /usr/lib/x86_64-linux-gnu/ld-linux-x86-64.so.2
7f7f1c4ea000-7f7f1c4ec000 rw-p 00039000 08:20 104061                     /usr/lib/x86_64-linux-gnu/ld-linux-x86-64.so.2
7ffc2215c000-7ffc2217e000 rw-p 00000000 00:00 0                          [stack]
7ffc221b7000-7ffc221bb000 r--p 00000000 00:00 0                          [vvar]
7ffc221bb000-7ffc221bd000 r-xp 00000000 00:00 0                          [vdso]


VM Arguments:
java_command: Main tests/lab6_test/constproptest2.sysy tests/lab6_test/constproptest2.ll
java_class_path (initial): ./classes:/usr/local/lib/antlr-4.9.1-complete.jar:/usr/local/lib/llvm-13.0.1-1.5.7.jar:/usr/local/lib/llvm-13.0.1-1.5.7-linux-x86_64.jar:/usr/local/lib/llvm-platform-13.0.1-1.5.7.jar:/usr/local/lib/javacpp-1.5.7-linux-x86_64.jar:/usr/local/lib/javacpp-1.5.7.jar
Launcher Type: SUN_STANDARD

[Global flags]
     intx CICompilerCount                          = 12                                        {product} {ergonomic}
     uint ConcGCThreads                            = 4                                         {product} {ergonomic}
     uint G1ConcRefinementThreads                  = 15                                        {product} {ergonomic}
   size_t G1HeapRegionSize                         = 1048576                                   {product} {ergonomic}
    uintx GCDrainStackTargetSize                   = 64                                        {product} {ergonomic}
   size_t InitialHeapSize                          = 260046848                                 {product} {ergonomic}
   size_t MarkStackSize                            = 4194304                                   {product} {ergonomic}
   size_t MaxHeapSize                              = 4150263808                                {product} {ergonomic}
   size_t MaxNewSize                               = 2489319424                                {product} {ergonomic}
   size_t MinHeapDeltaBytes                        = 1048576                                   {product} {ergonomic}
    uintx NonNMethodCodeHeapSize                   = 7594288                                {pd product} {ergonomic}
    uintx NonProfiledCodeHeapSize                  = 122031976                              {pd product} {ergonomic}
    uintx ProfiledCodeHeapSize                     = 122031976                              {pd product} {ergonomic}
    uintx ReservedCodeCacheSize                    = 251658240                              {pd product} {ergonomic}
     bool SegmentedCodeCache                       = true                                      {product} {ergonomic}
     bool UseCompressedClassPointers               = true                                 {lp64_product} {ergonomic}
     bool UseCompressedOops                        = true                                 {lp64_product} {ergonomic}
     bool UseG1GC                                  = true                                      {product} {ergonomic}

Logging:
Log output configuration:
 #0: stdout all=warning uptime,level,tags
 #1: stderr all=off uptime,level,tags

Environment Variables:
CLASSPATH=/usr/local/lib/antlr-4.9.1-complete.jar:/usr/local/lib/llvm-13.0.1-1.5.7.jar:/usr/local/lib/llvm-13.0.1-1.5.7-linux-x86_64.jar:/usr/local/lib/llvm-platform-13.0.1-1.5.7.jar:/usr/local/lib/javacpp-1.5.7-linux-x86_64.jar:/usr/local/lib/javacpp-1.5.7.jar
PATH=/home/crz/.local/bin:/home/crz/.cargo/bin:/home/crz/.local/bin:~/my_script:/usr/local/sbin:/usr/local/bin:/usr/sbin:/usr/bin:/sbin:/bin:/usr/games:/usr/local/games:/usr/lib/wsl/lib:/mnt/c/Program Files/Java/jdk-21/bin:/mnt/c/Program Files/Common Files/Oracle/Java/javapath:/mnt/e/vmware/bin/:/mnt/c/Program Files (x86)/Common Files/Oracle/Java/java8path:/mnt/c/Program Files (x86)/Common Files/Oracle/Java/javapath:/mnt/c/Windows/system32:/mnt/c/Windows:/mnt/c/Windows/System32/Wbem:/mnt/c/Windows/System32/WindowsPowerShell/v1.0/:/mnt/c/Windows/System32/OpenSSH/:/mnt/c/Users/crz/Downloads/winlibs-x86_64-posix-seh-gcc-12.3.0-llvm-16.0.4-mingw-w64ucrt-11.0.0-r1.zip/mingw64/bin:/mnt/d/mingw64/bin:/mnt/d/Git/cmd:/mnt/c/Program Files/dotnet/:/mnt/e/SDL-CPLproj/SDL2/mingw(CLion+VSC)/SDL2-2.26.0-allinone/x86_64-w64-mingw32/bin:/mnt/c/Program Files/Cloudflare/Cloudflare WARP/:/mnt/c/Users/crz/AppData/Local/Programs/Python/Python311/Lib/site-packages/pyecharts:/mnt/c/Program Files/MATLAB/R2023a/runtime/win64:/mnt/c/Program Files/MATLAB/R2023a/bin:/mnt/c/Program Files/gs/gs10.03.1/bin:/mnt/e/:/mnt/e/bitvise-ssh:/mnt/d/:/mnt/c/ProgramData/chocolatey/bin:/mnt/c/Program Files/MySQL/MySQL Server 8.0/bin:/mnt/c/Program Files/MySQL/MySQL Shell 8.0/bin/:/mnt/e/anaconda3:/mnt/e/anaconda3/Library/mingw-w64/bin:/mnt/e/anaconda3/Library/usr/bin:/mnt/e/anaconda3/Library/bin:/mnt/e/anaconda3/Scripts:/mnt/c/Users/crz/AppData/Local/Microsoft/WindowsApps:/mnt/c/Users/crz/Downloads/winlibs-x86_64-posix-seh-gcc-12.3.0-llvm-16.0.4-mingw-w64ucrt-11.0.0-r1.zip/mingw64/bin:/mnt/d/mingw64/bin:/mnt/e/Microsoft VS Code/bin:/mnt/e/CLion 2022.3/bin:/mnt/c/Users/crz/AppData/Local/JetBrains/Toolbox/scripts:/mnt/d/PyCharm 2023.3.4/bin:/mnt/d/IntelliJ IDEA 2023.3.4/bin:/mnt/c/Users/crz/anaconda3/Lib/site-packages:/mnt/d/texlive/2024/bin/windows:/mnt/c/Users/crz/AppData/Roaming/npm:/mnt/d/:/mnt/d/WebStorm 2024.3.2.1/bin:/snap/bin:/mnt/c/Users/crz/AppData/Local/Programs/Microsoft VS Code/bin:/mnt/e/Microsoft\ V
SHELL=/bin/bash
DISPLAY=:0.0
HOSTTYPE=x86_64
LANG=en_US.UTF-8
LC_ALL=en_US.UTF-8
TERM=xterm-256color

Signal Handlers:
SIGSEGV: [libjvm.so+0xebbd40], sa_mask[0]=11111111011111111101111111111110, sa_flags=SA_RESTART|SA_SIGINFO
SIGBUS: [libjvm.so+0xebbd40], sa_mask[0]=11111111011111111101111111111110, sa_flags=SA_RESTART|SA_SIGINFO
SIGFPE: [libjvm.so+0xebbd40], sa_mask[0]=11111111011111111101111111111110, sa_flags=SA_RESTART|SA_SIGINFO
SIGPIPE: [libjvm.so+0xbfe040], sa_mask[0]=11111111011111111101111111111110, sa_flags=SA_RESTART|SA_SIGINFO
SIGXFSZ: [libjvm.so+0xbfe040], sa_mask[0]=11111111011111111101111111111110, sa_flags=SA_RESTART|SA_SIGINFO
SIGILL: [libjvm.so+0xebbd40], sa_mask[0]=11111111011111111101111111111110, sa_flags=SA_RESTART|SA_SIGINFO
SIGUSR2: [libjvm.so+0xbfdee0], sa_mask[0]=00000000000000000000000000000000, sa_flags=SA_RESTART|SA_SIGINFO
SIGHUP: [libjvm.so+0xbfe6a0], sa_mask[0]=11111111011111111101111111111110, sa_flags=SA_RESTART|SA_SIGINFO
SIGINT: [libjvm.so+0xbfe6a0], sa_mask[0]=11111111011111111101111111111110, sa_flags=SA_RESTART|SA_SIGINFO
SIGTERM: [libjvm.so+0xbfe6a0], sa_mask[0]=11111111011111111101111111111110, sa_flags=SA_RESTART|SA_SIGINFO
SIGQUIT: [libjvm.so+0xbfe6a0], sa_mask[0]=11111111011111111101111111111110, sa_flags=SA_RESTART|SA_SIGINFO


---------------  S Y S T E M  ---------------

OS:DISTRIB_ID=Ubuntu
DISTRIB_RELEASE=22.04
DISTRIB_CODENAME=jammy
DISTRIB_DESCRIPTION="Ubuntu 22.04.5 LTS"
uname:Linux 5.15.167.4-microsoft-standard-WSL2 #1 SMP Tue Nov 5 00:21:55 UTC 2024 x86_64
OS uptime: 0 days 2:48 hours
libc:glibc 2.35 NPTL 2.35 
rlimit (soft/hard): STACK 8192k/infinity , CORE 0k/infinity , NPROC 63270/63270 , NOFILE 1048576/1048576 , AS infinity/infinity , CPU infinity/infinity , DATA infinity/infinity , FSIZE infinity/infinity , MEMLOCK 65536k/65536k
load average:3.87 1.68 1.78

/proc/meminfo:
MemTotal:       16204140 kB
MemFree:        12125156 kB
MemAvailable:   13335412 kB
Buffers:           20892 kB
Cached:          1446192 kB
SwapCached:            0 kB
Active:           475340 kB
Inactive:        3151756 kB
Active(anon):       2456 kB
Inactive(anon):  2199500 kB
Active(file):     472884 kB
Inactive(file):   952256 kB
Unevictable:           0 kB
Mlocked:               0 kB
SwapTotal:       4194304 kB
SwapFree:        4194304 kB
Dirty:                36 kB
Writeback:           132 kB
AnonPages:       2062740 kB
Mapped:          1005464 kB
Shmem:             41620 kB
KReclaimable:      65708 kB
Slab:             154772 kB
SReclaimable:      65708 kB
SUnreclaim:        89064 kB
KernelStack:       10148 kB
PageTables:        16372 kB
NFS_Unstable:          0 kB
Bounce:                0 kB
WritebackTmp:          0 kB
CommitLimit:    12296372 kB
Committed_AS:    4465600 kB
VmallocTotal:   34359738367 kB
VmallocUsed:       33472 kB
VmallocChunk:          0 kB
Percpu:            14976 kB
AnonHugePages:   1439744 kB
ShmemHugePages:        0 kB
ShmemPmdMapped:        0 kB
FileHugePages:         0 kB
FilePmdMapped:         0 kB
HugePages_Total:       0
HugePages_Free:        0
HugePages_Rsvd:        0
HugePages_Surp:        0
Hugepagesize:       2048 kB
Hugetlb:               0 kB
DirectMap4k:      130048 kB
DirectMap2M:     8081408 kB
DirectMap1G:    16777216 kB

/sys/kernel/mm/transparent_hugepage/enabled:
[always] madvise never
/sys/kernel/mm/transparent_hugepage/defrag (defrag/compaction efforts parameter):
always defer defer+madvise [madvise] never

Process Memory:
Virtual Size: 7149852K (peak: 15578236K)
Resident Set Size: 121004K (peak: 121004K) (anon: 62912K, file: 58092K, shmem: 0K)
Swapped out: 0K
C-Heap outstanding allocations: 60304K, retained: 2699K
glibc malloc tunables: (default)

/proc/sys/kernel/threads-max (system-wide limit on the number of threads):
126540
/proc/sys/vm/max_map_count (maximum number of memory map areas a process may have):
65530
/proc/sys/kernel/pid_max (system-wide limit on number of process identifiers):
4194304

container (cgroup) information:
container_type: cgroupv1
cpu_cpuset_cpus: 0-19
cpu_memory_nodes: 0
active_processor_count: 20
cpu_quota: no quota
cpu_period: 100000
cpu_shares: no shares
memory_limit_in_bytes: unlimited
memory_and_swap_limit_in_bytes: unlimited
memory_soft_limit_in_bytes: unlimited
memory_usage_in_bytes: 3530956 k
memory_max_usage_in_bytes: 3536884 k
kernel_memory_limit_in_bytes: unlimited
kernel_memory_usage_in_bytes: 60704 k
kernel_memory_max_usage_in_bytes: 82692 k
maximum number of tasks: not supported
current number of tasks: not supported

Hyper-V virtualization detected
Steal ticks since vm start: 0
Steal ticks percentage since vm start:  0.000

CPU:total 20 (initial active 20) (16 cores per cpu, 2 threads per core) family 6 model 186 stepping 2 microcode 0xffffffff, cmov, cx8, fxsr, mmx, sse, sse2, sse3, ssse3, sse4.1, sse4.2, popcnt, avx, avx2, aes, clmul, erms, 3dnowpref, lzcnt, ht, tsc, tscinvbit, bmi1, bmi2, adx, sha, fma
CPU Model and flags from /proc/cpuinfo:
model name	: 13th Gen Intel(R) Core(TM) i9-13900H
flags		: fpu vme de pse tsc msr pae mce cx8 apic sep mtrr pge mca cmov pat pse36 clflush mmx fxsr sse sse2 ss ht syscall nx pdpe1gb rdtscp lm constant_tsc rep_good nopl xtopology tsc_reliable nonstop_tsc cpuid pni pclmulqdq vmx ssse3 fma cx16 pcid sse4_1 sse4_2 x2apic movbe popcnt tsc_deadline_timer aes xsave avx f16c rdrand hypervisor lahf_lm abm 3dnowprefetch invpcid_single ssbd ibrs ibpb stibp ibrs_enhanced tpr_shadow vnmi ept vpid ept_ad fsgsbase tsc_adjust bmi1 avx2 smep bmi2 erms invpcid rdseed adx smap clflushopt clwb sha_ni xsaveopt xsavec xgetbv1 xsaves avx_vnni umip waitpkg gfni vaes vpclmulqdq rdpid movdiri movdir64b fsrm md_clear serialize flush_l1d arch_capabilities
Online cpus:
0-19
Offline cpus:

BIOS frequency limitation:
<Not Available>
Frequency switch latency (ns):
<Not Available>
Available cpu frequencies:
<Not Available>
Current governor:
<Not Available>
Core performance/turbo boost:
<Not Available>

Memory: 4k page, physical 16204140k(12125156k free), swap 4194304k(4194304k free)

vm_info: OpenJDK 64-Bit Server VM (11.0.27+6-post-Ubuntu-0ubuntu122.04) for linux-amd64 JRE (11.0.27+6-post-Ubuntu-0ubuntu122.04), built on Apr 21 2025 05:59:45 by "unknown" with gcc 11.4.0

END.
