#
# A fatal error has been detected by the Java Runtime Environment:
#
#  SIGSEGV (0xb) at pc=0x00007f20e60d407e, pid=52795, tid=52796
#
# JRE version: OpenJDK Runtime Environment (11.0.27+6) (build 11.0.27+6-post-Ubuntu-0ubuntu122.04)
# Java VM: OpenJDK 64-Bit Server VM (11.0.27+6-post-Ubuntu-0ubuntu122.04, mixed mode, sharing, tiered, compressed oops, g1 gc, linux-amd64)
# Problematic frame:
# C  [libLLVM-13.so+0xba807e]  (anonymous namespace)::TypePrinting::print(llvm::Type*, llvm::raw_ostream&)+0x1e
#
# Core dump will be written. Default location: Core dumps may be processed with "/wsl-capture-crash %t %E %p %s" (or dumping to /home/crz/compilers/Lab/core.52795)
#
# If you would like to submit a bug report, please visit:
#   https://bugs.launchpad.net/ubuntu/+source/openjdk-lts
# The crash happened outside the Java Virtual Machine in native code.
# See problematic frame for where to report the bug.
#

---------------  S U M M A R Y ------------

Command Line: Main tests/lab6_test/aa_runtimeerror_test.sysy tests/lab6_test/aa_runtimeerror_test.ll

Host: 13th Gen Intel(R) Core(TM) i9-13900H, 20 cores, 15G, Ubuntu 22.04.5 LTS
Time: Thu May 22 15:37:27 2025 CST elapsed time: 0.139528 seconds (0d 0h 0m 0s)

---------------  T H R E A D  ---------------

Current thread (0x00007f2160015800):  JavaThread "main" [_thread_in_native, id=52796, stack(0x00007f2167b6a000,0x00007f2167c6a000)]

Stack: [0x00007f2167b6a000,0x00007f2167c6a000],  sp=0x00007f2167c67f20,  free space=1015k
Native frames: (J=compiled Java code, A=aot compiled Java code, j=interpreted, Vv=VM code, C=native code)
C  [libLLVM-13.so+0xba807e]  (anonymous namespace)::TypePrinting::print(llvm::Type*, llvm::raw_ostream&)+0x1e

Java frames: (J=compiled Java code, j=interpreted, Vv=VM code)
j  org.bytedeco.llvm.global.LLVM.LLVMPrintValueToString(Lorg/bytedeco/llvm/LLVM/LLVMValueRef;)Lorg/bytedeco/javacpp/BytePointer;+0
j  LLVMIROptimization.buildgraph()V+330
j  LLVMIROptimization.simplifySingleInstructionBlocks()Z+500
j  LLVMIROptimization.elem_dead_code()Z+215
j  Main.main([Ljava/lang/String;)V+219
v  ~StubRoutines::call_stub

siginfo: si_signo: 11 (SIGSEGV), si_code: 1 (SEGV_MAPERR), si_addr: 0x00007f2692515e59

Register to memory mapping:

RAX=0x00007f2167c68040 is pointing into the stack for thread: 0x00007f2160015800
RBX=0x0 is NULL
RCX=0x0000000000000001 is an unknown value
RDX=0x00007f20e9823f30: <offset 0x00000000042f7f30> in /home/crz/.javacpp/cache/llvm-13.0.1-1.5.7-linux-x86_64.jar/org/bytedeco/llvm/linux-x86_64/libLLVM-13.so at 0x00007f20e552c000
RSP=0x00007f2167c67f20 is pointing into the stack for thread: 0x00007f2160015800
RBP=0x00007f2167c68040 is pointing into the stack for thread: 0x00007f2160015800
RSI=0x00007f2692515e51 is an unknown value
RDI=0x00007f2167c68248 is pointing into the stack for thread: 0x00007f2160015800
R8 =0x00007f2160478870 points into unknown readable memory: 0x00000007f2160478 | 78 04 16 f2 07 00 00 00
R9 =0x00007f21604716a0 points into unknown readable memory: 0x00007f2160471620 | 20 16 47 60 21 7f 00 00
R10=0x00007f216047ce40 points into unknown readable memory: 0x0000000000002fb0 | b0 2f 00 00 00 00 00 00
R11=0x7c5ee16e1ab21928 is an unknown value
R12=0x00007f2692515e51 is an unknown value
R13=0x00007f2167c68248 is pointing into the stack for thread: 0x00007f2160015800
R14=0x00007f2167c680c0 is pointing into the stack for thread: 0x00007f2160015800
R15=0x00007f21604716c0 points into unknown readable memory: 0x00007f216045fe18 | 18 fe 45 60 21 7f 00 00


Registers:
RAX=0x00007f2167c68040, RBX=0x0000000000000000, RCX=0x0000000000000001, RDX=0x00007f20e9823f30
RSP=0x00007f2167c67f20, RBP=0x00007f2167c68040, RSI=0x00007f2692515e51, RDI=0x00007f2167c68248
R8 =0x00007f2160478870, R9 =0x00007f21604716a0, R10=0x00007f216047ce40, R11=0x7c5ee16e1ab21928
R12=0x00007f2692515e51, R13=0x00007f2167c68248, R14=0x00007f2167c680c0, R15=0x00007f21604716c0
RIP=0x00007f20e60d407e, EFLAGS=0x0000000000010202, CSGSFS=0x002b000000000033, ERR=0x0000000000000004
  TRAPNO=0x000000000000000e

Top of Stack: (sp=0x00007f2167c67f20)
0x00007f2167c67f20:   00007f216045b4f8 00007f206045b508
0x00007f2167c67f30:   00007f216045b4f8 0000000000000000
0x00007f2167c67f40:   00007f2167c68220 00007f2692515e51
0x00007f2167c67f50:   00007f2167c68220 00007f2167c680c0 

Instructions: (pc=0x00007f20e60d407e)
0x00007f20e60d3f7e:   4c 01 c8 48 8b 30 48 39 f5 0f 84 ff fe ff ff 48
0x00007f20e60d3f8e:   81 fe 00 f0 ff ff 74 86 4d 85 d2 75 0b 48 81 fe
0x00007f20e60d3f9e:   00 e0 ff ff 4c 0f 44 d0 44 01 da 41 8d 43 01 44
0x00007f20e60d3fae:   21 c2 89 44 24 14 89 d0 48 c1 e0 04 4c 01 c8 48
0x00007f20e60d3fbe:   8b 30 48 39 f5 0f 84 c3 fe ff ff 44 8b 5c 24 14
0x00007f20e60d3fce:   eb bd 4d 85 db 75 0b 48 81 ff 00 e0 ff ff 4c 0f
0x00007f20e60d3fde:   44 d8 8b 44 24 14 41 01 c0 8d 78 01 45 21 d0 41
0x00007f20e60d3fee:   89 f9 44 89 c0 48 c1 e0 04 48 03 44 24 18 48 8b
0x00007f20e60d3ffe:   38 48 39 fd 0f 84 f8 fd ff ff 44 89 4c 24 14 e9
0x00007f20e60d400e:   2f fe ff ff 41 89 7c 24 78 e9 84 fe ff ff 48 81
0x00007f20e60d401e:   fe 00 e0 ff ff 75 07 4d 85 d2 4c 0f 44 d0 44 01
0x00007f20e60d402e:   da 41 8d 43 01 44 21 c2 89 44 24 14 89 d0 48 c1
0x00007f20e60d403e:   e0 04 4c 01 c8 48 8b 30 48 39 f5 0f 84 3d fe ff
0x00007f20e60d404e:   ff 44 8b 5c 24 14 e9 b6 fe ff ff 0f 1f 80 00 00
0x00007f20e60d405e:   00 00 41 57 41 56 41 55 49 89 fd 41 54 49 89 f4
0x00007f20e60d406e:   55 48 89 d5 48 8d 15 b7 fe 74 03 53 48 83 ec 18
0x00007f20e60d407e:   0f b6 46 08 48 89 c1 48 63 04 82 48 01 d0 ff e0
0x00007f20e60d408e:   66 90 8b 5e 20 48 89 ef 48 8d 35 4b fe 86 03 80
0x00007f20e60d409e:   f9 13 75 0f e8 a9 e9 ee ff 48 8d 35 ca 87 74 03
0x00007f20e60d40ae:   48 89 ef e8 9a e9 ee ff 89 de 48 89 ef e8 10 79
0x00007f20e60d40be:   fc ff 48 8d 35 b7 87 74 03 48 89 c7 e8 81 e9 ee
0x00007f20e60d40ce:   ff 49 8b 74 24 18 48 89 ea 4c 89 ef e8 81 ff ff
0x00007f20e60d40de:   ff 48 8b 45 20 48 3b 45 18 0f 83 43 04 00 00 48
0x00007f20e60d40ee:   8d 50 01 48 89 55 20 c6 00 3e eb 15 66 0f 1f 44
0x00007f20e60d40fe:   00 00 48 8d 35 3a 79 7a 03 48 89 ef e8 41 e9 ee
0x00007f20e60d410e:   ff 48 83 c4 18 5b 5d 41 5c 41 5d 41 5e 41 5f c3
0x00007f20e60d411e:   66 90 48 8d 35 d6 fd 74 03 48 89 ef e8 21 e9 ee
0x00007f20e60d412e:   ff eb de 0f 1f 80 00 00 00 00 48 8d 35 ee 7b 8f
0x00007f20e60d413e:   04 48 89 ef e8 09 e9 ee ff eb c6 0f 1f 80 00 00
0x00007f20e60d414e:   00 00 48 8d 35 e4 7b 8f 04 48 89 ef e8 f1 e8 ee
0x00007f20e60d415e:   ff eb ae 0f 1f 80 00 00 00 00 48 8d 35 95 fd 74
0x00007f20e60d416e:   03 48 89 ef e8 d9 e8 ee ff eb 96 0f 1f 80 00 00 


Stack slot to memory mapping:
stack at sp + 0 slots: 0x00007f216045b4f8 points into unknown readable memory: 0x00007f216045b4f8 | f8 b4 45 60 21 7f 00 00
stack at sp + 1 slots: 0x00007f206045b508 is an unknown value
stack at sp + 2 slots: 0x00007f216045b4f8 points into unknown readable memory: 0x00007f216045b4f8 | f8 b4 45 60 21 7f 00 00
stack at sp + 3 slots: 0x0 is NULL
stack at sp + 4 slots: 0x00007f2167c68220 is pointing into the stack for thread: 0x00007f2160015800
stack at sp + 5 slots: 0x00007f2692515e51 is an unknown value
stack at sp + 6 slots: 0x00007f2167c68220 is pointing into the stack for thread: 0x00007f2160015800
stack at sp + 7 slots: 0x00007f2167c680c0 is pointing into the stack for thread: 0x00007f2160015800


---------------  P R O C E S S  ---------------

Threads class SMR info:
_java_thread_list=0x00007f21101cb5e0, length=14, elements={
0x00007f2160015800, 0x00007f21601ec000, 0x00007f21601ee800, 0x00007f21601f4000,
0x00007f21601f6000, 0x00007f21601f8000, 0x00007f21601fa000, 0x00007f21601fc000,
0x00007f2110064000, 0x00007f216022f000, 0x00007f21603c5800, 0x00007f2108155800,
0x00007f211026e800, 0x00007f2110275000
}

Java Threads: ( => current thread )
=>0x00007f2160015800 JavaThread "main" [_thread_in_native, id=52796, stack(0x00007f2167b6a000,0x00007f2167c6a000)]
  0x00007f21601ec000 JavaThread "Reference Handler" daemon [_thread_blocked, id=52803, stack(0x00007f2148139000,0x00007f2148239000)]
  0x00007f21601ee800 JavaThread "Finalizer" daemon [_thread_blocked, id=52804, stack(0x00007f2148039000,0x00007f2148139000)]
  0x00007f21601f4000 JavaThread "Signal Dispatcher" daemon [_thread_blocked, id=52805, stack(0x00007f213c350000,0x00007f213c450000)]
  0x00007f21601f6000 JavaThread "Service Thread" daemon [_thread_blocked, id=52806, stack(0x00007f213c250000,0x00007f213c350000)]
  0x00007f21601f8000 JavaThread "C2 CompilerThread0" daemon [_thread_blocked, id=52807, stack(0x00007f213c150000,0x00007f213c250000)]
  0x00007f21601fa000 JavaThread "C1 CompilerThread0" daemon [_thread_blocked, id=52808, stack(0x00007f213c050000,0x00007f213c150000)]
  0x00007f21601fc000 JavaThread "Sweeper thread" daemon [_thread_blocked, id=52809, stack(0x00007f2135113000,0x00007f2135213000)]
  0x00007f2110064000 JavaThread "C1 CompilerThread1" daemon [_thread_blocked, id=52810, stack(0x00007f2135013000,0x00007f2135113000)]
  0x00007f216022f000 JavaThread "Common-Cleaner" daemon [_thread_blocked, id=52812, stack(0x00007f2134e12000,0x00007f2134f12000)]
  0x00007f21603c5800 JavaThread "JavaCPP Deallocator" daemon [_thread_blocked, id=52813, stack(0x00007f2134d12000,0x00007f2134e12000)]
  0x00007f2108155800 JavaThread "C2 CompilerThread1" daemon [_thread_blocked, id=52814, stack(0x00007f2134c12000,0x00007f2134d12000)]
  0x00007f211026e800 JavaThread "C2 CompilerThread2" daemon [_thread_blocked, id=52815, stack(0x00007f2134b12000,0x00007f2134c12000)]
  0x00007f2110275000 JavaThread "C1 CompilerThread2" daemon [_thread_blocked, id=52816, stack(0x00007f213490c000,0x00007f2134a0c000)]

Other Threads:
  0x00007f21601e9800 VMThread "VM Thread" [stack: 0x00007f214823a000,0x00007f214833a000] [id=52802]
  0x00007f216022c800 WatcherThread [stack: 0x00007f2134f13000,0x00007f2135013000] [id=52811]
  0x00007f216002f800 GCTaskThread "GC Thread#0" [stack: 0x00007f216783a000,0x00007f216793a000] [id=52797]
  0x00007f216008d800 ConcurrentGCThread "G1 Main Marker" [stack: 0x00007f2164f02000,0x00007f2165002000] [id=52798]
  0x00007f216008f800 ConcurrentGCThread "G1 Conc#0" [stack: 0x00007f2164e01000,0x00007f2164f01000] [id=52799]
  0x00007f21601ab000 ConcurrentGCThread "G1 Refine#0" [stack: 0x00007f21484bd000,0x00007f21485bd000] [id=52800]
  0x00007f21601ac800 ConcurrentGCThread "G1 Young RemSet Sampling" [stack: 0x00007f21483bc000,0x00007f21484bc000] [id=52801]

Threads with active compile tasks:

VM state:not at safepoint (normal execution)

VM Mutex/Monitor currently owned by a thread: None

Heap address: 0x0000000708a00000, size: 3958 MB, Compressed Oops mode: Zero based, Oop shift amount: 3
Narrow klass base: 0x0000000800000000, Narrow klass shift: 3
Compressed class space size: 1073741824 Address: 0x0000000840000000

Heap:
 garbage-first heap   total 256000K, used 10960K [0x0000000708a00000, 0x0000000800000000)
  region size 1024K, 11 young (11264K), 0 survivors (0K)
 Metaspace       used 3755K, capacity 6595K, committed 6912K, reserved 1056768K
  class space    used 395K, capacity 686K, committed 768K, reserved 1048576K
Heap Regions: E=young(eden), S=young(survivor), O=old, HS=humongous(starts), HC=humongous(continues), CS=collection set, F=free, A=archive, TAMS=top-at-mark-start (previous, next)
|   0|0x0000000708a00000, 0x0000000708a00000, 0x0000000708b00000|  0%| F|  |TAMS 0x0000000708a00000, 0x0000000708a00000| Untracked 
|   1|0x0000000708b00000, 0x0000000708b00000, 0x0000000708c00000|  0%| F|  |TAMS 0x0000000708b00000, 0x0000000708b00000| Untracked 
|   2|0x0000000708c00000, 0x0000000708c00000, 0x0000000708d00000|  0%| F|  |TAMS 0x0000000708c00000, 0x0000000708c00000| Untracked 
|   3|0x0000000708d00000, 0x0000000708d00000, 0x0000000708e00000|  0%| F|  |TAMS 0x0000000708d00000, 0x0000000708d00000| Untracked 
|   4|0x0000000708e00000, 0x0000000708e00000, 0x0000000708f00000|  0%| F|  |TAMS 0x0000000708e00000, 0x0000000708e00000| Untracked 
|   5|0x0000000708f00000, 0x0000000708f00000, 0x0000000709000000|  0%| F|  |TAMS 0x0000000708f00000, 0x0000000708f00000| Untracked 
|   6|0x0000000709000000, 0x0000000709000000, 0x0000000709100000|  0%| F|  |TAMS 0x0000000709000000, 0x0000000709000000| Untracked 
|   7|0x0000000709100000, 0x0000000709100000, 0x0000000709200000|  0%| F|  |TAMS 0x0000000709100000, 0x0000000709100000| Untracked 
|   8|0x0000000709200000, 0x0000000709200000, 0x0000000709300000|  0%| F|  |TAMS 0x0000000709200000, 0x0000000709200000| Untracked 
|   9|0x0000000709300000, 0x0000000709300000, 0x0000000709400000|  0%| F|  |TAMS 0x0000000709300000, 0x0000000709300000| Untracked 
|  10|0x0000000709400000, 0x0000000709400000, 0x0000000709500000|  0%| F|  |TAMS 0x0000000709400000, 0x0000000709400000| Untracked 
|  11|0x0000000709500000, 0x0000000709500000, 0x0000000709600000|  0%| F|  |TAMS 0x0000000709500000, 0x0000000709500000| Untracked 
|  12|0x0000000709600000, 0x0000000709600000, 0x0000000709700000|  0%| F|  |TAMS 0x0000000709600000, 0x0000000709600000| Untracked 
|  13|0x0000000709700000, 0x0000000709700000, 0x0000000709800000|  0%| F|  |TAMS 0x0000000709700000, 0x0000000709700000| Untracked 
|  14|0x0000000709800000, 0x0000000709800000, 0x0000000709900000|  0%| F|  |TAMS 0x0000000709800000, 0x0000000709800000| Untracked 
|  15|0x0000000709900000, 0x0000000709900000, 0x0000000709a00000|  0%| F|  |TAMS 0x0000000709900000, 0x0000000709900000| Untracked 
|  16|0x0000000709a00000, 0x0000000709a00000, 0x0000000709b00000|  0%| F|  |TAMS 0x0000000709a00000, 0x0000000709a00000| Untracked 
|  17|0x0000000709b00000, 0x0000000709b00000, 0x0000000709c00000|  0%| F|  |TAMS 0x0000000709b00000, 0x0000000709b00000| Untracked 
|  18|0x0000000709c00000, 0x0000000709c00000, 0x0000000709d00000|  0%| F|  |TAMS 0x0000000709c00000, 0x0000000709c00000| Untracked 
|  19|0x0000000709d00000, 0x0000000709d00000, 0x0000000709e00000|  0%| F|  |TAMS 0x0000000709d00000, 0x0000000709d00000| Untracked 
|  20|0x0000000709e00000, 0x0000000709e00000, 0x0000000709f00000|  0%| F|  |TAMS 0x0000000709e00000, 0x0000000709e00000| Untracked 
|  21|0x0000000709f00000, 0x0000000709f00000, 0x000000070a000000|  0%| F|  |TAMS 0x0000000709f00000, 0x0000000709f00000| Untracked 
|  22|0x000000070a000000, 0x000000070a000000, 0x000000070a100000|  0%| F|  |TAMS 0x000000070a000000, 0x000000070a000000| Untracked 
|  23|0x000000070a100000, 0x000000070a100000, 0x000000070a200000|  0%| F|  |TAMS 0x000000070a100000, 0x000000070a100000| Untracked 
|  24|0x000000070a200000, 0x000000070a200000, 0x000000070a300000|  0%| F|  |TAMS 0x000000070a200000, 0x000000070a200000| Untracked 
|  25|0x000000070a300000, 0x000000070a300000, 0x000000070a400000|  0%| F|  |TAMS 0x000000070a300000, 0x000000070a300000| Untracked 
|  26|0x000000070a400000, 0x000000070a400000, 0x000000070a500000|  0%| F|  |TAMS 0x000000070a400000, 0x000000070a400000| Untracked 
|  27|0x000000070a500000, 0x000000070a500000, 0x000000070a600000|  0%| F|  |TAMS 0x000000070a500000, 0x000000070a500000| Untracked 
|  28|0x000000070a600000, 0x000000070a600000, 0x000000070a700000|  0%| F|  |TAMS 0x000000070a600000, 0x000000070a600000| Untracked 
|  29|0x000000070a700000, 0x000000070a700000, 0x000000070a800000|  0%| F|  |TAMS 0x000000070a700000, 0x000000070a700000| Untracked 
|  30|0x000000070a800000, 0x000000070a800000, 0x000000070a900000|  0%| F|  |TAMS 0x000000070a800000, 0x000000070a800000| Untracked 
|  31|0x000000070a900000, 0x000000070a900000, 0x000000070aa00000|  0%| F|  |TAMS 0x000000070a900000, 0x000000070a900000| Untracked 
|  32|0x000000070aa00000, 0x000000070aa00000, 0x000000070ab00000|  0%| F|  |TAMS 0x000000070aa00000, 0x000000070aa00000| Untracked 
|  33|0x000000070ab00000, 0x000000070ab00000, 0x000000070ac00000|  0%| F|  |TAMS 0x000000070ab00000, 0x000000070ab00000| Untracked 
|  34|0x000000070ac00000, 0x000000070ac00000, 0x000000070ad00000|  0%| F|  |TAMS 0x000000070ac00000, 0x000000070ac00000| Untracked 
|  35|0x000000070ad00000, 0x000000070ad00000, 0x000000070ae00000|  0%| F|  |TAMS 0x000000070ad00000, 0x000000070ad00000| Untracked 
|  36|0x000000070ae00000, 0x000000070ae00000, 0x000000070af00000|  0%| F|  |TAMS 0x000000070ae00000, 0x000000070ae00000| Untracked 
|  37|0x000000070af00000, 0x000000070af00000, 0x000000070b000000|  0%| F|  |TAMS 0x000000070af00000, 0x000000070af00000| Untracked 
|  38|0x000000070b000000, 0x000000070b000000, 0x000000070b100000|  0%| F|  |TAMS 0x000000070b000000, 0x000000070b000000| Untracked 
|  39|0x000000070b100000, 0x000000070b100000, 0x000000070b200000|  0%| F|  |TAMS 0x000000070b100000, 0x000000070b100000| Untracked 
|  40|0x000000070b200000, 0x000000070b200000, 0x000000070b300000|  0%| F|  |TAMS 0x000000070b200000, 0x000000070b200000| Untracked 
|  41|0x000000070b300000, 0x000000070b300000, 0x000000070b400000|  0%| F|  |TAMS 0x000000070b300000, 0x000000070b300000| Untracked 
|  42|0x000000070b400000, 0x000000070b400000, 0x000000070b500000|  0%| F|  |TAMS 0x000000070b400000, 0x000000070b400000| Untracked 
|  43|0x000000070b500000, 0x000000070b500000, 0x000000070b600000|  0%| F|  |TAMS 0x000000070b500000, 0x000000070b500000| Untracked 
|  44|0x000000070b600000, 0x000000070b600000, 0x000000070b700000|  0%| F|  |TAMS 0x000000070b600000, 0x000000070b600000| Untracked 
|  45|0x000000070b700000, 0x000000070b700000, 0x000000070b800000|  0%| F|  |TAMS 0x000000070b700000, 0x000000070b700000| Untracked 
|  46|0x000000070b800000, 0x000000070b800000, 0x000000070b900000|  0%| F|  |TAMS 0x000000070b800000, 0x000000070b800000| Untracked 
|  47|0x000000070b900000, 0x000000070b900000, 0x000000070ba00000|  0%| F|  |TAMS 0x000000070b900000, 0x000000070b900000| Untracked 
|  48|0x000000070ba00000, 0x000000070ba00000, 0x000000070bb00000|  0%| F|  |TAMS 0x000000070ba00000, 0x000000070ba00000| Untracked 
|  49|0x000000070bb00000, 0x000000070bb00000, 0x000000070bc00000|  0%| F|  |TAMS 0x000000070bb00000, 0x000000070bb00000| Untracked 
|  50|0x000000070bc00000, 0x000000070bc00000, 0x000000070bd00000|  0%| F|  |TAMS 0x000000070bc00000, 0x000000070bc00000| Untracked 
|  51|0x000000070bd00000, 0x000000070bd00000, 0x000000070be00000|  0%| F|  |TAMS 0x000000070bd00000, 0x000000070bd00000| Untracked 
|  52|0x000000070be00000, 0x000000070be00000, 0x000000070bf00000|  0%| F|  |TAMS 0x000000070be00000, 0x000000070be00000| Untracked 
|  53|0x000000070bf00000, 0x000000070bf00000, 0x000000070c000000|  0%| F|  |TAMS 0x000000070bf00000, 0x000000070bf00000| Untracked 
|  54|0x000000070c000000, 0x000000070c000000, 0x000000070c100000|  0%| F|  |TAMS 0x000000070c000000, 0x000000070c000000| Untracked 
|  55|0x000000070c100000, 0x000000070c100000, 0x000000070c200000|  0%| F|  |TAMS 0x000000070c100000, 0x000000070c100000| Untracked 
|  56|0x000000070c200000, 0x000000070c200000, 0x000000070c300000|  0%| F|  |TAMS 0x000000070c200000, 0x000000070c200000| Untracked 
|  57|0x000000070c300000, 0x000000070c300000, 0x000000070c400000|  0%| F|  |TAMS 0x000000070c300000, 0x000000070c300000| Untracked 
|  58|0x000000070c400000, 0x000000070c400000, 0x000000070c500000|  0%| F|  |TAMS 0x000000070c400000, 0x000000070c400000| Untracked 
|  59|0x000000070c500000, 0x000000070c500000, 0x000000070c600000|  0%| F|  |TAMS 0x000000070c500000, 0x000000070c500000| Untracked 
|  60|0x000000070c600000, 0x000000070c600000, 0x000000070c700000|  0%| F|  |TAMS 0x000000070c600000, 0x000000070c600000| Untracked 
|  61|0x000000070c700000, 0x000000070c700000, 0x000000070c800000|  0%| F|  |TAMS 0x000000070c700000, 0x000000070c700000| Untracked 
|  62|0x000000070c800000, 0x000000070c800000, 0x000000070c900000|  0%| F|  |TAMS 0x000000070c800000, 0x000000070c800000| Untracked 
|  63|0x000000070c900000, 0x000000070c900000, 0x000000070ca00000|  0%| F|  |TAMS 0x000000070c900000, 0x000000070c900000| Untracked 
|  64|0x000000070ca00000, 0x000000070ca00000, 0x000000070cb00000|  0%| F|  |TAMS 0x000000070ca00000, 0x000000070ca00000| Untracked 
|  65|0x000000070cb00000, 0x000000070cb00000, 0x000000070cc00000|  0%| F|  |TAMS 0x000000070cb00000, 0x000000070cb00000| Untracked 
|  66|0x000000070cc00000, 0x000000070cc00000, 0x000000070cd00000|  0%| F|  |TAMS 0x000000070cc00000, 0x000000070cc00000| Untracked 
|  67|0x000000070cd00000, 0x000000070cd00000, 0x000000070ce00000|  0%| F|  |TAMS 0x000000070cd00000, 0x000000070cd00000| Untracked 
|  68|0x000000070ce00000, 0x000000070ce00000, 0x000000070cf00000|  0%| F|  |TAMS 0x000000070ce00000, 0x000000070ce00000| Untracked 
|  69|0x000000070cf00000, 0x000000070cf00000, 0x000000070d000000|  0%| F|  |TAMS 0x000000070cf00000, 0x000000070cf00000| Untracked 
|  70|0x000000070d000000, 0x000000070d000000, 0x000000070d100000|  0%| F|  |TAMS 0x000000070d000000, 0x000000070d000000| Untracked 
|  71|0x000000070d100000, 0x000000070d100000, 0x000000070d200000|  0%| F|  |TAMS 0x000000070d100000, 0x000000070d100000| Untracked 
|  72|0x000000070d200000, 0x000000070d200000, 0x000000070d300000|  0%| F|  |TAMS 0x000000070d200000, 0x000000070d200000| Untracked 
|  73|0x000000070d300000, 0x000000070d300000, 0x000000070d400000|  0%| F|  |TAMS 0x000000070d300000, 0x000000070d300000| Untracked 
|  74|0x000000070d400000, 0x000000070d400000, 0x000000070d500000|  0%| F|  |TAMS 0x000000070d400000, 0x000000070d400000| Untracked 
|  75|0x000000070d500000, 0x000000070d500000, 0x000000070d600000|  0%| F|  |TAMS 0x000000070d500000, 0x000000070d500000| Untracked 
|  76|0x000000070d600000, 0x000000070d600000, 0x000000070d700000|  0%| F|  |TAMS 0x000000070d600000, 0x000000070d600000| Untracked 
|  77|0x000000070d700000, 0x000000070d700000, 0x000000070d800000|  0%| F|  |TAMS 0x000000070d700000, 0x000000070d700000| Untracked 
|  78|0x000000070d800000, 0x000000070d800000, 0x000000070d900000|  0%| F|  |TAMS 0x000000070d800000, 0x000000070d800000| Untracked 
|  79|0x000000070d900000, 0x000000070d900000, 0x000000070da00000|  0%| F|  |TAMS 0x000000070d900000, 0x000000070d900000| Untracked 
|  80|0x000000070da00000, 0x000000070da00000, 0x000000070db00000|  0%| F|  |TAMS 0x000000070da00000, 0x000000070da00000| Untracked 
|  81|0x000000070db00000, 0x000000070db00000, 0x000000070dc00000|  0%| F|  |TAMS 0x000000070db00000, 0x000000070db00000| Untracked 
|  82|0x000000070dc00000, 0x000000070dc00000, 0x000000070dd00000|  0%| F|  |TAMS 0x000000070dc00000, 0x000000070dc00000| Untracked 
|  83|0x000000070dd00000, 0x000000070dd00000, 0x000000070de00000|  0%| F|  |TAMS 0x000000070dd00000, 0x000000070dd00000| Untracked 
|  84|0x000000070de00000, 0x000000070de00000, 0x000000070df00000|  0%| F|  |TAMS 0x000000070de00000, 0x000000070de00000| Untracked 
|  85|0x000000070df00000, 0x000000070df00000, 0x000000070e000000|  0%| F|  |TAMS 0x000000070df00000, 0x000000070df00000| Untracked 
|  86|0x000000070e000000, 0x000000070e000000, 0x000000070e100000|  0%| F|  |TAMS 0x000000070e000000, 0x000000070e000000| Untracked 
|  87|0x000000070e100000, 0x000000070e100000, 0x000000070e200000|  0%| F|  |TAMS 0x000000070e100000, 0x000000070e100000| Untracked 
|  88|0x000000070e200000, 0x000000070e200000, 0x000000070e300000|  0%| F|  |TAMS 0x000000070e200000, 0x000000070e200000| Untracked 
|  89|0x000000070e300000, 0x000000070e300000, 0x000000070e400000|  0%| F|  |TAMS 0x000000070e300000, 0x000000070e300000| Untracked 
|  90|0x000000070e400000, 0x000000070e400000, 0x000000070e500000|  0%| F|  |TAMS 0x000000070e400000, 0x000000070e400000| Untracked 
|  91|0x000000070e500000, 0x000000070e500000, 0x000000070e600000|  0%| F|  |TAMS 0x000000070e500000, 0x000000070e500000| Untracked 
|  92|0x000000070e600000, 0x000000070e600000, 0x000000070e700000|  0%| F|  |TAMS 0x000000070e600000, 0x000000070e600000| Untracked 
|  93|0x000000070e700000, 0x000000070e700000, 0x000000070e800000|  0%| F|  |TAMS 0x000000070e700000, 0x000000070e700000| Untracked 
|  94|0x000000070e800000, 0x000000070e800000, 0x000000070e900000|  0%| F|  |TAMS 0x000000070e800000, 0x000000070e800000| Untracked 
|  95|0x000000070e900000, 0x000000070e900000, 0x000000070ea00000|  0%| F|  |TAMS 0x000000070e900000, 0x000000070e900000| Untracked 
|  96|0x000000070ea00000, 0x000000070ea00000, 0x000000070eb00000|  0%| F|  |TAMS 0x000000070ea00000, 0x000000070ea00000| Untracked 
|  97|0x000000070eb00000, 0x000000070eb00000, 0x000000070ec00000|  0%| F|  |TAMS 0x000000070eb00000, 0x000000070eb00000| Untracked 
|  98|0x000000070ec00000, 0x000000070ec00000, 0x000000070ed00000|  0%| F|  |TAMS 0x000000070ec00000, 0x000000070ec00000| Untracked 
|  99|0x000000070ed00000, 0x000000070ed00000, 0x000000070ee00000|  0%| F|  |TAMS 0x000000070ed00000, 0x000000070ed00000| Untracked 
| 100|0x000000070ee00000, 0x000000070ee00000, 0x000000070ef00000|  0%| F|  |TAMS 0x000000070ee00000, 0x000000070ee00000| Untracked 
| 101|0x000000070ef00000, 0x000000070ef00000, 0x000000070f000000|  0%| F|  |TAMS 0x000000070ef00000, 0x000000070ef00000| Untracked 
| 102|0x000000070f000000, 0x000000070f000000, 0x000000070f100000|  0%| F|  |TAMS 0x000000070f000000, 0x000000070f000000| Untracked 
| 103|0x000000070f100000, 0x000000070f100000, 0x000000070f200000|  0%| F|  |TAMS 0x000000070f100000, 0x000000070f100000| Untracked 
| 104|0x000000070f200000, 0x000000070f200000, 0x000000070f300000|  0%| F|  |TAMS 0x000000070f200000, 0x000000070f200000| Untracked 
| 105|0x000000070f300000, 0x000000070f300000, 0x000000070f400000|  0%| F|  |TAMS 0x000000070f300000, 0x000000070f300000| Untracked 
| 106|0x000000070f400000, 0x000000070f400000, 0x000000070f500000|  0%| F|  |TAMS 0x000000070f400000, 0x000000070f400000| Untracked 
| 107|0x000000070f500000, 0x000000070f500000, 0x000000070f600000|  0%| F|  |TAMS 0x000000070f500000, 0x000000070f500000| Untracked 
| 108|0x000000070f600000, 0x000000070f600000, 0x000000070f700000|  0%| F|  |TAMS 0x000000070f600000, 0x000000070f600000| Untracked 
| 109|0x000000070f700000, 0x000000070f700000, 0x000000070f800000|  0%| F|  |TAMS 0x000000070f700000, 0x000000070f700000| Untracked 
| 110|0x000000070f800000, 0x000000070f800000, 0x000000070f900000|  0%| F|  |TAMS 0x000000070f800000, 0x000000070f800000| Untracked 
| 111|0x000000070f900000, 0x000000070f900000, 0x000000070fa00000|  0%| F|  |TAMS 0x000000070f900000, 0x000000070f900000| Untracked 
| 112|0x000000070fa00000, 0x000000070fa00000, 0x000000070fb00000|  0%| F|  |TAMS 0x000000070fa00000, 0x000000070fa00000| Untracked 
| 113|0x000000070fb00000, 0x000000070fb00000, 0x000000070fc00000|  0%| F|  |TAMS 0x000000070fb00000, 0x000000070fb00000| Untracked 
| 114|0x000000070fc00000, 0x000000070fc00000, 0x000000070fd00000|  0%| F|  |TAMS 0x000000070fc00000, 0x000000070fc00000| Untracked 
| 115|0x000000070fd00000, 0x000000070fd00000, 0x000000070fe00000|  0%| F|  |TAMS 0x000000070fd00000, 0x000000070fd00000| Untracked 
| 116|0x000000070fe00000, 0x000000070fe00000, 0x000000070ff00000|  0%| F|  |TAMS 0x000000070fe00000, 0x000000070fe00000| Untracked 
| 117|0x000000070ff00000, 0x000000070ff00000, 0x0000000710000000|  0%| F|  |TAMS 0x000000070ff00000, 0x000000070ff00000| Untracked 
| 118|0x0000000710000000, 0x0000000710000000, 0x0000000710100000|  0%| F|  |TAMS 0x0000000710000000, 0x0000000710000000| Untracked 
| 119|0x0000000710100000, 0x0000000710100000, 0x0000000710200000|  0%| F|  |TAMS 0x0000000710100000, 0x0000000710100000| Untracked 
| 120|0x0000000710200000, 0x0000000710200000, 0x0000000710300000|  0%| F|  |TAMS 0x0000000710200000, 0x0000000710200000| Untracked 
| 121|0x0000000710300000, 0x0000000710300000, 0x0000000710400000|  0%| F|  |TAMS 0x0000000710300000, 0x0000000710300000| Untracked 
| 122|0x0000000710400000, 0x0000000710400000, 0x0000000710500000|  0%| F|  |TAMS 0x0000000710400000, 0x0000000710400000| Untracked 
| 123|0x0000000710500000, 0x0000000710500000, 0x0000000710600000|  0%| F|  |TAMS 0x0000000710500000, 0x0000000710500000| Untracked 
| 124|0x0000000710600000, 0x0000000710600000, 0x0000000710700000|  0%| F|  |TAMS 0x0000000710600000, 0x0000000710600000| Untracked 
| 125|0x0000000710700000, 0x0000000710700000, 0x0000000710800000|  0%| F|  |TAMS 0x0000000710700000, 0x0000000710700000| Untracked 
| 126|0x0000000710800000, 0x0000000710800000, 0x0000000710900000|  0%| F|  |TAMS 0x0000000710800000, 0x0000000710800000| Untracked 
| 127|0x0000000710900000, 0x0000000710900000, 0x0000000710a00000|  0%| F|  |TAMS 0x0000000710900000, 0x0000000710900000| Untracked 
| 128|0x0000000710a00000, 0x0000000710a00000, 0x0000000710b00000|  0%| F|  |TAMS 0x0000000710a00000, 0x0000000710a00000| Untracked 
| 129|0x0000000710b00000, 0x0000000710b00000, 0x0000000710c00000|  0%| F|  |TAMS 0x0000000710b00000, 0x0000000710b00000| Untracked 
| 130|0x0000000710c00000, 0x0000000710c00000, 0x0000000710d00000|  0%| F|  |TAMS 0x0000000710c00000, 0x0000000710c00000| Untracked 
| 131|0x0000000710d00000, 0x0000000710d00000, 0x0000000710e00000|  0%| F|  |TAMS 0x0000000710d00000, 0x0000000710d00000| Untracked 
| 132|0x0000000710e00000, 0x0000000710e00000, 0x0000000710f00000|  0%| F|  |TAMS 0x0000000710e00000, 0x0000000710e00000| Untracked 
| 133|0x0000000710f00000, 0x0000000710f00000, 0x0000000711000000|  0%| F|  |TAMS 0x0000000710f00000, 0x0000000710f00000| Untracked 
| 134|0x0000000711000000, 0x0000000711000000, 0x0000000711100000|  0%| F|  |TAMS 0x0000000711000000, 0x0000000711000000| Untracked 
| 135|0x0000000711100000, 0x0000000711100000, 0x0000000711200000|  0%| F|  |TAMS 0x0000000711100000, 0x0000000711100000| Untracked 
| 136|0x0000000711200000, 0x0000000711200000, 0x0000000711300000|  0%| F|  |TAMS 0x0000000711200000, 0x0000000711200000| Untracked 
| 137|0x0000000711300000, 0x0000000711300000, 0x0000000711400000|  0%| F|  |TAMS 0x0000000711300000, 0x0000000711300000| Untracked 
| 138|0x0000000711400000, 0x0000000711400000, 0x0000000711500000|  0%| F|  |TAMS 0x0000000711400000, 0x0000000711400000| Untracked 
| 139|0x0000000711500000, 0x0000000711500000, 0x0000000711600000|  0%| F|  |TAMS 0x0000000711500000, 0x0000000711500000| Untracked 
| 140|0x0000000711600000, 0x0000000711600000, 0x0000000711700000|  0%| F|  |TAMS 0x0000000711600000, 0x0000000711600000| Untracked 
| 141|0x0000000711700000, 0x0000000711700000, 0x0000000711800000|  0%| F|  |TAMS 0x0000000711700000, 0x0000000711700000| Untracked 
| 142|0x0000000711800000, 0x0000000711800000, 0x0000000711900000|  0%| F|  |TAMS 0x0000000711800000, 0x0000000711800000| Untracked 
| 143|0x0000000711900000, 0x0000000711900000, 0x0000000711a00000|  0%| F|  |TAMS 0x0000000711900000, 0x0000000711900000| Untracked 
| 144|0x0000000711a00000, 0x0000000711a00000, 0x0000000711b00000|  0%| F|  |TAMS 0x0000000711a00000, 0x0000000711a00000| Untracked 
| 145|0x0000000711b00000, 0x0000000711b00000, 0x0000000711c00000|  0%| F|  |TAMS 0x0000000711b00000, 0x0000000711b00000| Untracked 
| 146|0x0000000711c00000, 0x0000000711c00000, 0x0000000711d00000|  0%| F|  |TAMS 0x0000000711c00000, 0x0000000711c00000| Untracked 
| 147|0x0000000711d00000, 0x0000000711d00000, 0x0000000711e00000|  0%| F|  |TAMS 0x0000000711d00000, 0x0000000711d00000| Untracked 
| 148|0x0000000711e00000, 0x0000000711e00000, 0x0000000711f00000|  0%| F|  |TAMS 0x0000000711e00000, 0x0000000711e00000| Untracked 
| 149|0x0000000711f00000, 0x0000000711f00000, 0x0000000712000000|  0%| F|  |TAMS 0x0000000711f00000, 0x0000000711f00000| Untracked 
| 150|0x0000000712000000, 0x0000000712000000, 0x0000000712100000|  0%| F|  |TAMS 0x0000000712000000, 0x0000000712000000| Untracked 
| 151|0x0000000712100000, 0x0000000712100000, 0x0000000712200000|  0%| F|  |TAMS 0x0000000712100000, 0x0000000712100000| Untracked 
| 152|0x0000000712200000, 0x0000000712200000, 0x0000000712300000|  0%| F|  |TAMS 0x0000000712200000, 0x0000000712200000| Untracked 
| 153|0x0000000712300000, 0x0000000712300000, 0x0000000712400000|  0%| F|  |TAMS 0x0000000712300000, 0x0000000712300000| Untracked 
| 154|0x0000000712400000, 0x0000000712400000, 0x0000000712500000|  0%| F|  |TAMS 0x0000000712400000, 0x0000000712400000| Untracked 
| 155|0x0000000712500000, 0x0000000712500000, 0x0000000712600000|  0%| F|  |TAMS 0x0000000712500000, 0x0000000712500000| Untracked 
| 156|0x0000000712600000, 0x0000000712600000, 0x0000000712700000|  0%| F|  |TAMS 0x0000000712600000, 0x0000000712600000| Untracked 
| 157|0x0000000712700000, 0x0000000712700000, 0x0000000712800000|  0%| F|  |TAMS 0x0000000712700000, 0x0000000712700000| Untracked 
| 158|0x0000000712800000, 0x0000000712800000, 0x0000000712900000|  0%| F|  |TAMS 0x0000000712800000, 0x0000000712800000| Untracked 
| 159|0x0000000712900000, 0x0000000712900000, 0x0000000712a00000|  0%| F|  |TAMS 0x0000000712900000, 0x0000000712900000| Untracked 
| 160|0x0000000712a00000, 0x0000000712a00000, 0x0000000712b00000|  0%| F|  |TAMS 0x0000000712a00000, 0x0000000712a00000| Untracked 
| 161|0x0000000712b00000, 0x0000000712b00000, 0x0000000712c00000|  0%| F|  |TAMS 0x0000000712b00000, 0x0000000712b00000| Untracked 
| 162|0x0000000712c00000, 0x0000000712c00000, 0x0000000712d00000|  0%| F|  |TAMS 0x0000000712c00000, 0x0000000712c00000| Untracked 
| 163|0x0000000712d00000, 0x0000000712d00000, 0x0000000712e00000|  0%| F|  |TAMS 0x0000000712d00000, 0x0000000712d00000| Untracked 
| 164|0x0000000712e00000, 0x0000000712e00000, 0x0000000712f00000|  0%| F|  |TAMS 0x0000000712e00000, 0x0000000712e00000| Untracked 
| 165|0x0000000712f00000, 0x0000000712f00000, 0x0000000713000000|  0%| F|  |TAMS 0x0000000712f00000, 0x0000000712f00000| Untracked 
| 166|0x0000000713000000, 0x0000000713000000, 0x0000000713100000|  0%| F|  |TAMS 0x0000000713000000, 0x0000000713000000| Untracked 
| 167|0x0000000713100000, 0x0000000713100000, 0x0000000713200000|  0%| F|  |TAMS 0x0000000713100000, 0x0000000713100000| Untracked 
| 168|0x0000000713200000, 0x0000000713200000, 0x0000000713300000|  0%| F|  |TAMS 0x0000000713200000, 0x0000000713200000| Untracked 
| 169|0x0000000713300000, 0x0000000713300000, 0x0000000713400000|  0%| F|  |TAMS 0x0000000713300000, 0x0000000713300000| Untracked 
| 170|0x0000000713400000, 0x0000000713400000, 0x0000000713500000|  0%| F|  |TAMS 0x0000000713400000, 0x0000000713400000| Untracked 
| 171|0x0000000713500000, 0x0000000713500000, 0x0000000713600000|  0%| F|  |TAMS 0x0000000713500000, 0x0000000713500000| Untracked 
| 172|0x0000000713600000, 0x0000000713600000, 0x0000000713700000|  0%| F|  |TAMS 0x0000000713600000, 0x0000000713600000| Untracked 
| 173|0x0000000713700000, 0x0000000713700000, 0x0000000713800000|  0%| F|  |TAMS 0x0000000713700000, 0x0000000713700000| Untracked 
| 174|0x0000000713800000, 0x0000000713800000, 0x0000000713900000|  0%| F|  |TAMS 0x0000000713800000, 0x0000000713800000| Untracked 
| 175|0x0000000713900000, 0x0000000713900000, 0x0000000713a00000|  0%| F|  |TAMS 0x0000000713900000, 0x0000000713900000| Untracked 
| 176|0x0000000713a00000, 0x0000000713a00000, 0x0000000713b00000|  0%| F|  |TAMS 0x0000000713a00000, 0x0000000713a00000| Untracked 
| 177|0x0000000713b00000, 0x0000000713b00000, 0x0000000713c00000|  0%| F|  |TAMS 0x0000000713b00000, 0x0000000713b00000| Untracked 
| 178|0x0000000713c00000, 0x0000000713c00000, 0x0000000713d00000|  0%| F|  |TAMS 0x0000000713c00000, 0x0000000713c00000| Untracked 
| 179|0x0000000713d00000, 0x0000000713d00000, 0x0000000713e00000|  0%| F|  |TAMS 0x0000000713d00000, 0x0000000713d00000| Untracked 
| 180|0x0000000713e00000, 0x0000000713e00000, 0x0000000713f00000|  0%| F|  |TAMS 0x0000000713e00000, 0x0000000713e00000| Untracked 
| 181|0x0000000713f00000, 0x0000000713f00000, 0x0000000714000000|  0%| F|  |TAMS 0x0000000713f00000, 0x0000000713f00000| Untracked 
| 182|0x0000000714000000, 0x0000000714000000, 0x0000000714100000|  0%| F|  |TAMS 0x0000000714000000, 0x0000000714000000| Untracked 
| 183|0x0000000714100000, 0x0000000714100000, 0x0000000714200000|  0%| F|  |TAMS 0x0000000714100000, 0x0000000714100000| Untracked 
| 184|0x0000000714200000, 0x0000000714200000, 0x0000000714300000|  0%| F|  |TAMS 0x0000000714200000, 0x0000000714200000| Untracked 
| 185|0x0000000714300000, 0x0000000714300000, 0x0000000714400000|  0%| F|  |TAMS 0x0000000714300000, 0x0000000714300000| Untracked 
| 186|0x0000000714400000, 0x0000000714400000, 0x0000000714500000|  0%| F|  |TAMS 0x0000000714400000, 0x0000000714400000| Untracked 
| 187|0x0000000714500000, 0x0000000714500000, 0x0000000714600000|  0%| F|  |TAMS 0x0000000714500000, 0x0000000714500000| Untracked 
| 188|0x0000000714600000, 0x0000000714600000, 0x0000000714700000|  0%| F|  |TAMS 0x0000000714600000, 0x0000000714600000| Untracked 
| 189|0x0000000714700000, 0x0000000714700000, 0x0000000714800000|  0%| F|  |TAMS 0x0000000714700000, 0x0000000714700000| Untracked 
| 190|0x0000000714800000, 0x0000000714800000, 0x0000000714900000|  0%| F|  |TAMS 0x0000000714800000, 0x0000000714800000| Untracked 
| 191|0x0000000714900000, 0x0000000714900000, 0x0000000714a00000|  0%| F|  |TAMS 0x0000000714900000, 0x0000000714900000| Untracked 
| 192|0x0000000714a00000, 0x0000000714a00000, 0x0000000714b00000|  0%| F|  |TAMS 0x0000000714a00000, 0x0000000714a00000| Untracked 
| 193|0x0000000714b00000, 0x0000000714b00000, 0x0000000714c00000|  0%| F|  |TAMS 0x0000000714b00000, 0x0000000714b00000| Untracked 
| 194|0x0000000714c00000, 0x0000000714c00000, 0x0000000714d00000|  0%| F|  |TAMS 0x0000000714c00000, 0x0000000714c00000| Untracked 
| 195|0x0000000714d00000, 0x0000000714d00000, 0x0000000714e00000|  0%| F|  |TAMS 0x0000000714d00000, 0x0000000714d00000| Untracked 
| 196|0x0000000714e00000, 0x0000000714e00000, 0x0000000714f00000|  0%| F|  |TAMS 0x0000000714e00000, 0x0000000714e00000| Untracked 
| 197|0x0000000714f00000, 0x0000000714f00000, 0x0000000715000000|  0%| F|  |TAMS 0x0000000714f00000, 0x0000000714f00000| Untracked 
| 198|0x0000000715000000, 0x0000000715000000, 0x0000000715100000|  0%| F|  |TAMS 0x0000000715000000, 0x0000000715000000| Untracked 
| 199|0x0000000715100000, 0x0000000715100000, 0x0000000715200000|  0%| F|  |TAMS 0x0000000715100000, 0x0000000715100000| Untracked 
| 200|0x0000000715200000, 0x0000000715200000, 0x0000000715300000|  0%| F|  |TAMS 0x0000000715200000, 0x0000000715200000| Untracked 
| 201|0x0000000715300000, 0x0000000715300000, 0x0000000715400000|  0%| F|  |TAMS 0x0000000715300000, 0x0000000715300000| Untracked 
| 202|0x0000000715400000, 0x0000000715400000, 0x0000000715500000|  0%| F|  |TAMS 0x0000000715400000, 0x0000000715400000| Untracked 
| 203|0x0000000715500000, 0x0000000715500000, 0x0000000715600000|  0%| F|  |TAMS 0x0000000715500000, 0x0000000715500000| Untracked 
| 204|0x0000000715600000, 0x0000000715600000, 0x0000000715700000|  0%| F|  |TAMS 0x0000000715600000, 0x0000000715600000| Untracked 
| 205|0x0000000715700000, 0x0000000715700000, 0x0000000715800000|  0%| F|  |TAMS 0x0000000715700000, 0x0000000715700000| Untracked 
| 206|0x0000000715800000, 0x0000000715800000, 0x0000000715900000|  0%| F|  |TAMS 0x0000000715800000, 0x0000000715800000| Untracked 
| 207|0x0000000715900000, 0x0000000715900000, 0x0000000715a00000|  0%| F|  |TAMS 0x0000000715900000, 0x0000000715900000| Untracked 
| 208|0x0000000715a00000, 0x0000000715a00000, 0x0000000715b00000|  0%| F|  |TAMS 0x0000000715a00000, 0x0000000715a00000| Untracked 
| 209|0x0000000715b00000, 0x0000000715b00000, 0x0000000715c00000|  0%| F|  |TAMS 0x0000000715b00000, 0x0000000715b00000| Untracked 
| 210|0x0000000715c00000, 0x0000000715c00000, 0x0000000715d00000|  0%| F|  |TAMS 0x0000000715c00000, 0x0000000715c00000| Untracked 
| 211|0x0000000715d00000, 0x0000000715d00000, 0x0000000715e00000|  0%| F|  |TAMS 0x0000000715d00000, 0x0000000715d00000| Untracked 
| 212|0x0000000715e00000, 0x0000000715e00000, 0x0000000715f00000|  0%| F|  |TAMS 0x0000000715e00000, 0x0000000715e00000| Untracked 
| 213|0x0000000715f00000, 0x0000000715f00000, 0x0000000716000000|  0%| F|  |TAMS 0x0000000715f00000, 0x0000000715f00000| Untracked 
| 214|0x0000000716000000, 0x0000000716000000, 0x0000000716100000|  0%| F|  |TAMS 0x0000000716000000, 0x0000000716000000| Untracked 
| 215|0x0000000716100000, 0x0000000716100000, 0x0000000716200000|  0%| F|  |TAMS 0x0000000716100000, 0x0000000716100000| Untracked 
| 216|0x0000000716200000, 0x0000000716200000, 0x0000000716300000|  0%| F|  |TAMS 0x0000000716200000, 0x0000000716200000| Untracked 
| 217|0x0000000716300000, 0x0000000716300000, 0x0000000716400000|  0%| F|  |TAMS 0x0000000716300000, 0x0000000716300000| Untracked 
| 218|0x0000000716400000, 0x0000000716400000, 0x0000000716500000|  0%| F|  |TAMS 0x0000000716400000, 0x0000000716400000| Untracked 
| 219|0x0000000716500000, 0x0000000716500000, 0x0000000716600000|  0%| F|  |TAMS 0x0000000716500000, 0x0000000716500000| Untracked 
| 220|0x0000000716600000, 0x0000000716600000, 0x0000000716700000|  0%| F|  |TAMS 0x0000000716600000, 0x0000000716600000| Untracked 
| 221|0x0000000716700000, 0x0000000716700000, 0x0000000716800000|  0%| F|  |TAMS 0x0000000716700000, 0x0000000716700000| Untracked 
| 222|0x0000000716800000, 0x0000000716800000, 0x0000000716900000|  0%| F|  |TAMS 0x0000000716800000, 0x0000000716800000| Untracked 
| 223|0x0000000716900000, 0x0000000716900000, 0x0000000716a00000|  0%| F|  |TAMS 0x0000000716900000, 0x0000000716900000| Untracked 
| 224|0x0000000716a00000, 0x0000000716a00000, 0x0000000716b00000|  0%| F|  |TAMS 0x0000000716a00000, 0x0000000716a00000| Untracked 
| 225|0x0000000716b00000, 0x0000000716b00000, 0x0000000716c00000|  0%| F|  |TAMS 0x0000000716b00000, 0x0000000716b00000| Untracked 
| 226|0x0000000716c00000, 0x0000000716c00000, 0x0000000716d00000|  0%| F|  |TAMS 0x0000000716c00000, 0x0000000716c00000| Untracked 
| 227|0x0000000716d00000, 0x0000000716d00000, 0x0000000716e00000|  0%| F|  |TAMS 0x0000000716d00000, 0x0000000716d00000| Untracked 
| 228|0x0000000716e00000, 0x0000000716e00000, 0x0000000716f00000|  0%| F|  |TAMS 0x0000000716e00000, 0x0000000716e00000| Untracked 
| 229|0x0000000716f00000, 0x0000000716f00000, 0x0000000717000000|  0%| F|  |TAMS 0x0000000716f00000, 0x0000000716f00000| Untracked 
| 230|0x0000000717000000, 0x0000000717000000, 0x0000000717100000|  0%| F|  |TAMS 0x0000000717000000, 0x0000000717000000| Untracked 
| 231|0x0000000717100000, 0x0000000717100000, 0x0000000717200000|  0%| F|  |TAMS 0x0000000717100000, 0x0000000717100000| Untracked 
| 232|0x0000000717200000, 0x0000000717200000, 0x0000000717300000|  0%| F|  |TAMS 0x0000000717200000, 0x0000000717200000| Untracked 
| 233|0x0000000717300000, 0x0000000717300000, 0x0000000717400000|  0%| F|  |TAMS 0x0000000717300000, 0x0000000717300000| Untracked 
| 234|0x0000000717400000, 0x0000000717400000, 0x0000000717500000|  0%| F|  |TAMS 0x0000000717400000, 0x0000000717400000| Untracked 
| 235|0x0000000717500000, 0x0000000717500000, 0x0000000717600000|  0%| F|  |TAMS 0x0000000717500000, 0x0000000717500000| Untracked 
| 236|0x0000000717600000, 0x0000000717600000, 0x0000000717700000|  0%| F|  |TAMS 0x0000000717600000, 0x0000000717600000| Untracked 
| 237|0x0000000717700000, 0x00000007177f6470, 0x0000000717800000| 96%| E|  |TAMS 0x0000000717700000, 0x0000000717700000| Complete 
| 238|0x0000000717800000, 0x0000000717900000, 0x0000000717900000|100%| E|CS|TAMS 0x0000000717800000, 0x0000000717800000| Complete 
| 239|0x0000000717900000, 0x0000000717a00000, 0x0000000717a00000|100%| E|CS|TAMS 0x0000000717900000, 0x0000000717900000| Complete 
| 240|0x0000000717a00000, 0x0000000717b00000, 0x0000000717b00000|100%| E|CS|TAMS 0x0000000717a00000, 0x0000000717a00000| Complete 
| 241|0x0000000717b00000, 0x0000000717c00000, 0x0000000717c00000|100%| E|CS|TAMS 0x0000000717b00000, 0x0000000717b00000| Complete 
| 242|0x0000000717c00000, 0x0000000717d00000, 0x0000000717d00000|100%| E|CS|TAMS 0x0000000717c00000, 0x0000000717c00000| Complete 
| 243|0x0000000717d00000, 0x0000000717e00000, 0x0000000717e00000|100%| E|CS|TAMS 0x0000000717d00000, 0x0000000717d00000| Complete 
| 244|0x0000000717e00000, 0x0000000717f00000, 0x0000000717f00000|100%| E|CS|TAMS 0x0000000717e00000, 0x0000000717e00000| Complete 
| 245|0x0000000717f00000, 0x0000000718000000, 0x0000000718000000|100%| E|CS|TAMS 0x0000000717f00000, 0x0000000717f00000| Complete 
| 246|0x0000000718000000, 0x0000000718100000, 0x0000000718100000|100%| E|CS|TAMS 0x0000000718000000, 0x0000000718000000| Complete 
| 247|0x0000000718100000, 0x0000000718200000, 0x0000000718200000|100%| E|CS|TAMS 0x0000000718100000, 0x0000000718100000| Complete 
|2932|0x00000007bfe00000, 0x00000007bfe48000, 0x00000007bff00000| 28%|OA|  |TAMS 0x00000007bfe00000, 0x00000007bfe00000| Untracked 
|2933|0x00000007bff00000, 0x00000007bff6c000, 0x00000007c0000000| 42%|CA|  |TAMS 0x00000007bff00000, 0x00000007bff00000| Untracked 

Card table byte_map: [0x00007f21659b4000,0x00007f216616f000] _byte_map_base: 0x00007f216216f000

Marking Bits (Prev, Next): (CMBitMap*) 0x00007f216007d4a8, (CMBitMap*) 0x00007f216007d4e0
 Prev Bits: [0x00007f2140228000, 0x00007f2144000000)
 Next Bits: [0x00007f213c450000, 0x00007f2140228000)

Polling page: 0x00007f21694d8000

Metaspace:

Usage:
  Non-class:      5.77 MB capacity,     3.28 MB ( 57%) used,     2.48 MB ( 43%) free+waste,     6.31 KB ( <1%) overhead. 
      Class:    686.00 KB capacity,   395.10 KB ( 58%) used,   287.71 KB ( 42%) free+waste,     3.19 KB ( <1%) overhead. 
       Both:      6.44 MB capacity,     3.67 MB ( 57%) used,     2.76 MB ( 43%) free+waste,     9.50 KB ( <1%) overhead. 

Virtual space:
  Non-class space:        8.00 MB reserved,       6.00 MB ( 75%) committed 
      Class space:        1.00 GB reserved,     768.00 KB ( <1%) committed 
             Both:        1.01 GB reserved,       6.75 MB ( <1%) committed 

Chunk freelists:
   Non-Class:  43.00 KB
       Class:  0 bytes
        Both:  43.00 KB

MaxMetaspaceSize: unlimited
CompressedClassSpaceSize: 1.00 GB
Initial GC threshold: 20.80 MB
Current GC threshold: 20.80 MB
CDS: on

CodeHeap 'non-profiled nmethods': size=119172Kb used=227Kb max_used=227Kb free=118944Kb
 bounds [0x00007f215035e000, 0x00007f21505ce000, 0x00007f21577bf000]
CodeHeap 'profiled nmethods': size=119168Kb used=1647Kb max_used=1647Kb free=117520Kb
 bounds [0x00007f2148efe000, 0x00007f214916e000, 0x00007f215035e000]
CodeHeap 'non-nmethods': size=7420Kb used=2272Kb max_used=2285Kb free=5147Kb
 bounds [0x00007f21487bf000, 0x00007f2148a2f000, 0x00007f2148efe000]
 total_blobs=1280 nmethods=874 adapters=318
 compilation: enabled
              stopped_count=0, restarted_count=0
 full_count=0

Compilation events (20 events):
Event: 0.134 Thread 0x00007f2110064000 nmethod 864 0x00007f2149090190 code [0x00007f2149090340, 0x00007f21490904a0]
Event: 0.134 Thread 0x00007f2110064000  865       3       java.lang.String::<init> (38 bytes)
Event: 0.134 Thread 0x00007f21601fa000 nmethod 861 0x00007f2149090590 code [0x00007f2149090780, 0x00007f2149090c50]
Event: 0.134 Thread 0x00007f21601fa000  868       3       java.util.regex.Pattern$Node::<init> (12 bytes)
Event: 0.134 Thread 0x00007f2110064000 nmethod 865 0x00007f2149090e10 code [0x00007f2149090fe0, 0x00007f2149091250]
Event: 0.134 Thread 0x00007f2110064000  866       3       java.lang.StringCoding::decode (112 bytes)
Event: 0.134 Thread 0x00007f2110275000 nmethod 863 0x00007f2149091390 code [0x00007f2149091640, 0x00007f2149092330]
Event: 0.134 Thread 0x00007f21601fa000 nmethod 868 0x00007f2149092810 code [0x00007f21490929c0, 0x00007f2149092bb0]
Event: 0.134 Thread 0x00007f21601fa000  869       3       java.util.regex.Matcher::search (154 bytes)
Event: 0.134 Thread 0x00007f2110275000  870       3       java.util.regex.Pattern::range (292 bytes)
Event: 0.134 Thread 0x00007f21601fa000 nmethod 869 0x00007f2149092c90 code [0x00007f2149092e80, 0x00007f2149093430]
Event: 0.134 Thread 0x00007f21601fa000  867       3       java.util.HashSet::contains (9 bytes)
Event: 0.134 Thread 0x00007f2110064000 nmethod 866 0x00007f2149093610 code [0x00007f2149093900, 0x00007f2149094950]
Event: 0.134 Thread 0x00007f21601fa000 nmethod 867 0x00007f2149094e90 code [0x00007f2149095080, 0x00007f21490954d0]
Event: 0.134 Thread 0x00007f21601fa000  871       3       java.lang.invoke.Invokers$Holder::linkToTargetMethod (9 bytes)
Event: 0.134 Thread 0x00007f2110064000  872       3       java.lang.invoke.DirectMethodHandle$Holder::invokeStatic (14 bytes)
Event: 0.134 Thread 0x00007f21601fa000 nmethod 871 0x00007f2149095610 code [0x00007f21490957e0, 0x00007f2149095bf0]
Event: 0.134 Thread 0x00007f2110064000 nmethod 872 0x00007f2149095d10 code [0x00007f2149095ee0, 0x00007f2149096450]
Event: 0.134 Thread 0x00007f211026e800 nmethod 860 0x00007f2150395810 code [0x00007f21503959a0, 0x00007f2150395cb8]
Event: 0.135 Thread 0x00007f21601fa000  874       3       java.util.HashSet::iterator (13 bytes)

GC Heap History (0 events):
No events

Deoptimization events (20 events):
Event: 0.112 Thread 0x00007f2160015800 Uncommon trap: trap_request=0xffffffc6 fr.pc=0x00007f215038337c relative=0x000000000000041c
Event: 0.112 Thread 0x00007f2160015800 Uncommon trap: reason=bimorphic_or_optimized_type_check action=maybe_recompile pc=0x00007f215038337c method=java.util.HashMap.getNode(ILjava/lang/Object;)Ljava/util/HashMap$Node; @ 126 c2
Event: 0.112 Thread 0x00007f2160015800 DEOPT PACKING pc=0x00007f215038337c sp=0x00007f2167c67ea0
Event: 0.112 Thread 0x00007f2160015800 DEOPT UNPACKING pc=0x00007f2148808ea5 sp=0x00007f2167c67dd8 mode 2
Event: 0.112 Thread 0x00007f2160015800 Uncommon trap: trap_request=0xffffffc6 fr.pc=0x00007f215038337c relative=0x000000000000041c
Event: 0.112 Thread 0x00007f2160015800 Uncommon trap: reason=bimorphic_or_optimized_type_check action=maybe_recompile pc=0x00007f215038337c method=java.util.HashMap.getNode(ILjava/lang/Object;)Ljava/util/HashMap$Node; @ 126 c2
Event: 0.112 Thread 0x00007f2160015800 DEOPT PACKING pc=0x00007f215038337c sp=0x00007f2167c67fc0
Event: 0.112 Thread 0x00007f2160015800 DEOPT UNPACKING pc=0x00007f2148808ea5 sp=0x00007f2167c67ef8 mode 2
Event: 0.116 Thread 0x00007f2160015800 Uncommon trap: trap_request=0xffffffc6 fr.pc=0x00007f215038337c relative=0x000000000000041c
Event: 0.116 Thread 0x00007f2160015800 Uncommon trap: reason=bimorphic_or_optimized_type_check action=maybe_recompile pc=0x00007f215038337c method=java.util.HashMap.getNode(ILjava/lang/Object;)Ljava/util/HashMap$Node; @ 126 c2
Event: 0.116 Thread 0x00007f2160015800 DEOPT PACKING pc=0x00007f215038337c sp=0x00007f2167c67f40
Event: 0.116 Thread 0x00007f2160015800 DEOPT UNPACKING pc=0x00007f2148808ea5 sp=0x00007f2167c67e78 mode 2
Event: 0.131 Thread 0x00007f2160015800 Uncommon trap: trap_request=0xffffffc6 fr.pc=0x00007f215038337c relative=0x000000000000041c
Event: 0.131 Thread 0x00007f2160015800 Uncommon trap: reason=bimorphic_or_optimized_type_check action=maybe_recompile pc=0x00007f215038337c method=java.util.HashMap.getNode(ILjava/lang/Object;)Ljava/util/HashMap$Node; @ 126 c2
Event: 0.131 Thread 0x00007f2160015800 DEOPT PACKING pc=0x00007f215038337c sp=0x00007f2167c686a0
Event: 0.131 Thread 0x00007f2160015800 DEOPT UNPACKING pc=0x00007f2148808ea5 sp=0x00007f2167c685d8 mode 2
Event: 0.131 Thread 0x00007f2160015800 Uncommon trap: trap_request=0xffffffc6 fr.pc=0x00007f2150386a14 relative=0x00000000000003b4
Event: 0.131 Thread 0x00007f2160015800 Uncommon trap: reason=bimorphic_or_optimized_type_check action=maybe_recompile pc=0x00007f2150386a14 method=java.util.HashMap.getNode(ILjava/lang/Object;)Ljava/util/HashMap$Node; @ 126 c2
Event: 0.131 Thread 0x00007f2160015800 DEOPT PACKING pc=0x00007f2150386a14 sp=0x00007f2167c68620
Event: 0.131 Thread 0x00007f2160015800 DEOPT UNPACKING pc=0x00007f2148808ea5 sp=0x00007f2167c685d0 mode 2

Classes redefined (0 events):
No events

Internal exceptions (20 events):
Event: 0.024 Thread 0x00007f2160015800 Exception <a 'java/security/PrivilegedActionException'{0x0000000718039ea0}> (0x0000000718039ea0) thrown at [./src/hotspot/share/prims/jvm.cpp, line 1304]
Event: 0.024 Thread 0x00007f2160015800 Exception <a 'java/security/PrivilegedActionException'{0x000000071803a170}> (0x000000071803a170) thrown at [./src/hotspot/share/prims/jvm.cpp, line 1304]
Event: 0.024 Thread 0x00007f2160015800 Exception <a 'java/security/PrivilegedActionException'{0x000000071803ad88}> (0x000000071803ad88) thrown at [./src/hotspot/share/prims/jvm.cpp, line 1304]
Event: 0.024 Thread 0x00007f2160015800 Exception <a 'java/security/PrivilegedActionException'{0x000000071803b058}> (0x000000071803b058) thrown at [./src/hotspot/share/prims/jvm.cpp, line 1304]
Event: 0.024 Thread 0x00007f2160015800 Exception <a 'java/security/PrivilegedActionException'{0x000000071803bc70}> (0x000000071803bc70) thrown at [./src/hotspot/share/prims/jvm.cpp, line 1304]
Event: 0.024 Thread 0x00007f2160015800 Exception <a 'java/security/PrivilegedActionException'{0x000000071803bf40}> (0x000000071803bf40) thrown at [./src/hotspot/share/prims/jvm.cpp, line 1304]
Event: 0.024 Thread 0x00007f2160015800 Exception <a 'java/security/PrivilegedActionException'{0x000000071803cb70}> (0x000000071803cb70) thrown at [./src/hotspot/share/prims/jvm.cpp, line 1304]
Event: 0.024 Thread 0x00007f2160015800 Exception <a 'java/security/PrivilegedActionException'{0x000000071803ce40}> (0x000000071803ce40) thrown at [./src/hotspot/share/prims/jvm.cpp, line 1304]
Event: 0.024 Thread 0x00007f2160015800 Exception <a 'java/security/PrivilegedActionException'{0x000000071803da70}> (0x000000071803da70) thrown at [./src/hotspot/share/prims/jvm.cpp, line 1304]
Event: 0.024 Thread 0x00007f2160015800 Exception <a 'java/security/PrivilegedActionException'{0x000000071803dd40}> (0x000000071803dd40) thrown at [./src/hotspot/share/prims/jvm.cpp, line 1304]
Event: 0.024 Thread 0x00007f2160015800 Exception <a 'java/security/PrivilegedActionException'{0x000000071803e970}> (0x000000071803e970) thrown at [./src/hotspot/share/prims/jvm.cpp, line 1304]
Event: 0.024 Thread 0x00007f2160015800 Exception <a 'java/security/PrivilegedActionException'{0x000000071803ec40}> (0x000000071803ec40) thrown at [./src/hotspot/share/prims/jvm.cpp, line 1304]
Event: 0.024 Thread 0x00007f2160015800 Exception <a 'java/security/PrivilegedActionException'{0x000000071803f858}> (0x000000071803f858) thrown at [./src/hotspot/share/prims/jvm.cpp, line 1304]
Event: 0.024 Thread 0x00007f2160015800 Exception <a 'java/security/PrivilegedActionException'{0x000000071803fb28}> (0x000000071803fb28) thrown at [./src/hotspot/share/prims/jvm.cpp, line 1304]
Event: 0.024 Thread 0x00007f2160015800 Exception <a 'java/security/PrivilegedActionException'{0x0000000718040758}> (0x0000000718040758) thrown at [./src/hotspot/share/prims/jvm.cpp, line 1304]
Event: 0.024 Thread 0x00007f2160015800 Exception <a 'java/security/PrivilegedActionException'{0x0000000718040a28}> (0x0000000718040a28) thrown at [./src/hotspot/share/prims/jvm.cpp, line 1304]
Event: 0.063 Thread 0x00007f2160015800 Exception <a 'java/lang/NoSuchMethodError'{0x0000000717dc7a50}: 'int java.lang.invoke.DirectMethodHandle$Holder.invokeStaticInit(java.lang.Object, java.lang.Object, java.lang.Object, java.lang.Object)'> (0x0000000717dc7a50) thrown at [./src/hotspot/share/interpreter/linkResolver.cpp, line 772]
Event: 0.064 Thread 0x00007f2160015800 Exception <a 'java/lang/IncompatibleClassChangeError'{0x0000000717dd1f38}: Found class java.lang.Object, but interface was expected> (0x0000000717dd1f38) thrown at [./src/hotspot/share/interpreter/linkResolver.cpp, line 839]
Event: 0.064 Thread 0x00007f2160015800 Exception <a 'java/lang/NoSuchMethodError'{0x0000000717dd5188}: 'void java.lang.invoke.DirectMethodHandle$Holder.invokeStaticInit(java.lang.Object, java.lang.Object)'> (0x0000000717dd5188) thrown at [./src/hotspot/share/interpreter/linkResolver.cpp, line 772]
Event: 0.065 Thread 0x00007f2160015800 Exception <a 'java/lang/NoSuchMethodError'{0x0000000717ddb018}: 'int java.lang.invoke.DirectMethodHandle$Holder.invokeStaticInit(java.lang.Object, java.lang.Object)'> (0x0000000717ddb018) thrown at [./src/hotspot/share/interpreter/linkResolver.cpp, line 772]

Events (20 events):
Event: 0.125 loading class java/lang/invoke/BoundMethodHandle$Species_LLLLLLII
Event: 0.125 loading class java/lang/invoke/BoundMethodHandle$Species_LLLLLLII done
Event: 0.126 loading class java/lang/invoke/BoundMethodHandle$Species_LLLLLLIIL
Event: 0.126 loading class java/lang/invoke/BoundMethodHandle$Species_LLLLLLIIL done
Event: 0.127 loading class semantic_check/Symbol
Event: 0.127 loading class semantic_check/Symbol done
Event: 0.127 loading class java/util/AbstractMap$SimpleEntry
Event: 0.127 loading class java/util/AbstractMap$SimpleEntry done
Event: 0.128 loading class LLVMIRToRiscv
Event: 0.128 loading class LLVMIRToRiscv done
Event: 0.128 loading class RegisterAllocator
Event: 0.128 loading class RegisterAllocator done
Event: 0.128 loading class AsmBuilder
Event: 0.128 loading class AsmBuilder done
Event: 0.130 loading class LLVMIROptimization
Event: 0.130 loading class LLVMIROptimization done
Event: 0.131 loading class ConstPropValueHolder
Event: 0.131 loading class ConstPropValueHolder done
Event: 0.131 loading class ConstPropValueHolder$Kind
Event: 0.131 loading class ConstPropValueHolder$Kind done


Dynamic libraries:
708a00000-718200000 rw-p 00000000 00:00 0 
718200000-7bfe00000 ---p 00000000 00:00 0 
7bfe00000-7bfe48000 rw-p 00b14000 08:20 134337                           /usr/lib/jvm/java-11-openjdk-amd64/lib/server/classes.jsa
7bfe48000-7bff00000 rw-p 00000000 00:00 0 
7bff00000-7bff6c000 rw-p 00aa8000 08:20 134337                           /usr/lib/jvm/java-11-openjdk-amd64/lib/server/classes.jsa
7bff6c000-7c0000000 rw-p 00000000 00:00 0 
7c0000000-800000000 ---p 00000000 00:00 0 
800000000-800002000 rwxp 00001000 08:20 134337                           /usr/lib/jvm/java-11-openjdk-amd64/lib/server/classes.jsa
800002000-8003ce000 rw-p 00003000 08:20 134337                           /usr/lib/jvm/java-11-openjdk-amd64/lib/server/classes.jsa
8003ce000-800aa6000 r--p 003cf000 08:20 134337                           /usr/lib/jvm/java-11-openjdk-amd64/lib/server/classes.jsa
800aa6000-800aa7000 rw-p 00aa7000 08:20 134337                           /usr/lib/jvm/java-11-openjdk-amd64/lib/server/classes.jsa
840000000-8400c0000 rw-p 00000000 00:00 0 
8400c0000-880000000 ---p 00000000 00:00 0 
55f274ebf000-55f274ec0000 r--p 00000000 08:20 134745                     /usr/lib/jvm/java-11-openjdk-amd64/bin/java
55f274ec0000-55f274ec1000 r-xp 00001000 08:20 134745                     /usr/lib/jvm/java-11-openjdk-amd64/bin/java
55f274ec1000-55f274ec2000 r--p 00002000 08:20 134745                     /usr/lib/jvm/java-11-openjdk-amd64/bin/java
55f274ec2000-55f274ec3000 r--p 00002000 08:20 134745                     /usr/lib/jvm/java-11-openjdk-amd64/bin/java
55f274ec3000-55f274ec4000 rw-p 00003000 08:20 134745                     /usr/lib/jvm/java-11-openjdk-amd64/bin/java
55f287276000-55f287297000 rw-p 00000000 00:00 0                          [heap]
7f20e4b59000-7f20e552c000 rw-p 00000000 00:00 0 
7f20e552c000-7f20e5e52000 r--p 00000000 08:20 204242                     /home/crz/.javacpp/cache/llvm-13.0.1-1.5.7-linux-x86_64.jar/org/bytedeco/llvm/linux-x86_64/libLLVM-13.so
7f20e5e52000-7f20e9815000 r-xp 00926000 08:20 204242                     /home/crz/.javacpp/cache/llvm-13.0.1-1.5.7-linux-x86_64.jar/org/bytedeco/llvm/linux-x86_64/libLLVM-13.so
7f20e9815000-7f20eba6a000 r--p 042e9000 08:20 204242                     /home/crz/.javacpp/cache/llvm-13.0.1-1.5.7-linux-x86_64.jar/org/bytedeco/llvm/linux-x86_64/libLLVM-13.so
7f20eba6a000-7f20ebf7f000 r--p 0653d000 08:20 204242                     /home/crz/.javacpp/cache/llvm-13.0.1-1.5.7-linux-x86_64.jar/org/bytedeco/llvm/linux-x86_64/libLLVM-13.so
7f20ebf7f000-7f20ebf8a000 rw-p 06a52000 08:20 204242                     /home/crz/.javacpp/cache/llvm-13.0.1-1.5.7-linux-x86_64.jar/org/bytedeco/llvm/linux-x86_64/libLLVM-13.so
7f20ebf8a000-7f20ec000000 rw-p 00000000 00:00 0 
7f20ec000000-7f20ec04b000 rw-p 00000000 00:00 0 
7f20ec04b000-7f20f0000000 ---p 00000000 00:00 0 
7f20f0000000-7f20f0021000 rw-p 00000000 00:00 0 
7f20f0021000-7f20f4000000 ---p 00000000 00:00 0 
7f20f4000000-7f20f4021000 rw-p 00000000 00:00 0 
7f20f4021000-7f20f8000000 ---p 00000000 00:00 0 
7f20f8000000-7f20f8081000 rw-p 00000000 00:00 0 
7f20f8081000-7f20fc000000 ---p 00000000 00:00 0 
7f20fc000000-7f20fc021000 rw-p 00000000 00:00 0 
7f20fc021000-7f2100000000 ---p 00000000 00:00 0 
7f2100000000-7f2100021000 rw-p 00000000 00:00 0 
7f2100021000-7f2104000000 ---p 00000000 00:00 0 
7f2104000000-7f2104021000 rw-p 00000000 00:00 0 
7f2104021000-7f2108000000 ---p 00000000 00:00 0 
7f2108000000-7f2108160000 rw-p 00000000 00:00 0 
7f2108160000-7f210c000000 ---p 00000000 00:00 0 
7f210c000000-7f210c29c000 rw-p 00000000 00:00 0 
7f210c29c000-7f2110000000 ---p 00000000 00:00 0 
7f2110000000-7f2110291000 rw-p 00000000 00:00 0 
7f2110291000-7f2114000000 ---p 00000000 00:00 0 
7f2114000000-7f2114021000 rw-p 00000000 00:00 0 
7f2114021000-7f2118000000 ---p 00000000 00:00 0 
7f2118000000-7f2118021000 rw-p 00000000 00:00 0 
7f2118021000-7f211c000000 ---p 00000000 00:00 0 
7f211c000000-7f211c021000 rw-p 00000000 00:00 0 
7f211c021000-7f2120000000 ---p 00000000 00:00 0 
7f2120000000-7f2120021000 rw-p 00000000 00:00 0 
7f2120021000-7f2124000000 ---p 00000000 00:00 0 
7f2124000000-7f2124021000 rw-p 00000000 00:00 0 
7f2124021000-7f2128000000 ---p 00000000 00:00 0 
7f2128000000-7f2128021000 rw-p 00000000 00:00 0 
7f2128021000-7f212c000000 ---p 00000000 00:00 0 
7f212c000000-7f212c021000 rw-p 00000000 00:00 0 
7f212c021000-7f2130000000 ---p 00000000 00:00 0 
7f2130000000-7f2130021000 rw-p 00000000 00:00 0 
7f2130021000-7f2134000000 ---p 00000000 00:00 0 
7f213425d000-7f213490c000 rw-p 00000000 00:00 0 
7f213490c000-7f2134910000 ---p 00000000 00:00 0 
7f2134910000-7f2134a0c000 rw-p 00000000 00:00 0 
7f2134a0c000-7f2134a71000 r--p 00000000 08:20 204256                     /home/crz/.javacpp/cache/llvm-13.0.1-1.5.7-linux-x86_64.jar/org/bytedeco/llvm/linux-x86_64/libjniLLVM.so
7f2134a71000-7f2134adf000 r-xp 00065000 08:20 204256                     /home/crz/.javacpp/cache/llvm-13.0.1-1.5.7-linux-x86_64.jar/org/bytedeco/llvm/linux-x86_64/libjniLLVM.so
7f2134adf000-7f2134b0a000 r--p 000d3000 08:20 204256                     /home/crz/.javacpp/cache/llvm-13.0.1-1.5.7-linux-x86_64.jar/org/bytedeco/llvm/linux-x86_64/libjniLLVM.so
7f2134b0a000-7f2134b0d000 r--p 000fd000 08:20 204256                     /home/crz/.javacpp/cache/llvm-13.0.1-1.5.7-linux-x86_64.jar/org/bytedeco/llvm/linux-x86_64/libjniLLVM.so
7f2134b0d000-7f2134b10000 rw-p 00100000 08:20 204256                     /home/crz/.javacpp/cache/llvm-13.0.1-1.5.7-linux-x86_64.jar/org/bytedeco/llvm/linux-x86_64/libjniLLVM.so
7f2134b10000-7f2134b12000 rw-p 00000000 00:00 0 
7f2134b12000-7f2134b16000 ---p 00000000 00:00 0 
7f2134b16000-7f2134c12000 rw-p 00000000 00:00 0 
7f2134c12000-7f2134c16000 ---p 00000000 00:00 0 
7f2134c16000-7f2134d12000 rw-p 00000000 00:00 0 
7f2134d12000-7f2134d16000 ---p 00000000 00:00 0 
7f2134d16000-7f2134e12000 rw-p 00000000 00:00 0 
7f2134e12000-7f2134e16000 ---p 00000000 00:00 0 
7f2134e16000-7f2134f12000 rw-p 00000000 00:00 0 
7f2134f12000-7f2134f13000 ---p 00000000 00:00 0 
7f2134f13000-7f2135013000 rw-p 00000000 00:00 0 
7f2135013000-7f2135017000 ---p 00000000 00:00 0 
7f2135017000-7f2135113000 rw-p 00000000 00:00 0 
7f2135113000-7f2135117000 ---p 00000000 00:00 0 
7f2135117000-7f2135213000 rw-p 00000000 00:00 0 
7f2135213000-7f2135800000 r--p 00000000 08:20 13349                      /usr/lib/locale/locale-archive
7f2135800000-7f2135e00000 rw-p 00000000 00:00 0 
7f2135e00000-7f2136000000 ---p 00000000 00:00 0 
7f2136000000-7f2138000000 rw-p 00000000 00:00 0 
7f2138000000-7f2138021000 rw-p 00000000 00:00 0 
7f2138021000-7f213c000000 ---p 00000000 00:00 0 
7f213c01b000-7f213c022000 r--s 00000000 08:20 126784                     /usr/lib/x86_64-linux-gnu/gconv/gconv-modules.cache
7f213c022000-7f213c023000 r--p 00000000 08:20 204251                     /home/crz/.javacpp/cache/llvm-13.0.1-1.5.7-linux-x86_64.jar/org/bytedeco/llvm/linux-x86_64/libRemarks.so.13
7f213c023000-7f213c024000 r-xp 00001000 08:20 204251                     /home/crz/.javacpp/cache/llvm-13.0.1-1.5.7-linux-x86_64.jar/org/bytedeco/llvm/linux-x86_64/libRemarks.so.13
7f213c024000-7f213c025000 r--p 00002000 08:20 204251                     /home/crz/.javacpp/cache/llvm-13.0.1-1.5.7-linux-x86_64.jar/org/bytedeco/llvm/linux-x86_64/libRemarks.so.13
7f213c025000-7f213c026000 r--p 00002000 08:20 204251                     /home/crz/.javacpp/cache/llvm-13.0.1-1.5.7-linux-x86_64.jar/org/bytedeco/llvm/linux-x86_64/libRemarks.so.13
7f213c026000-7f213c027000 rw-p 00003000 08:20 204251                     /home/crz/.javacpp/cache/llvm-13.0.1-1.5.7-linux-x86_64.jar/org/bytedeco/llvm/linux-x86_64/libRemarks.so.13
7f213c027000-7f213c028000 r--p 00000000 08:20 104103                     /usr/lib/x86_64-linux-gnu/libdl.so.2
7f213c028000-7f213c029000 r-xp 00001000 08:20 104103                     /usr/lib/x86_64-linux-gnu/libdl.so.2
7f213c029000-7f213c02a000 r--p 00002000 08:20 104103                     /usr/lib/x86_64-linux-gnu/libdl.so.2
7f213c02a000-7f213c02b000 r--p 00002000 08:20 104103                     /usr/lib/x86_64-linux-gnu/libdl.so.2
7f213c02b000-7f213c02c000 rw-p 00003000 08:20 104103                     /usr/lib/x86_64-linux-gnu/libdl.so.2
7f213c02c000-7f213c033000 r--p 00000000 08:20 204245                     /home/crz/.javacpp/cache/llvm-13.0.1-1.5.7-linux-x86_64.jar/org/bytedeco/llvm/linux-x86_64/libLTO.so.13
7f213c033000-7f213c03b000 r-xp 00007000 08:20 204245                     /home/crz/.javacpp/cache/llvm-13.0.1-1.5.7-linux-x86_64.jar/org/bytedeco/llvm/linux-x86_64/libLTO.so.13
7f213c03b000-7f213c03d000 r--p 0000f000 08:20 204245                     /home/crz/.javacpp/cache/llvm-13.0.1-1.5.7-linux-x86_64.jar/org/bytedeco/llvm/linux-x86_64/libLTO.so.13
7f213c03d000-7f213c03e000 r--p 00010000 08:20 204245                     /home/crz/.javacpp/cache/llvm-13.0.1-1.5.7-linux-x86_64.jar/org/bytedeco/llvm/linux-x86_64/libLTO.so.13
7f213c03e000-7f213c03f000 rw-p 00011000 08:20 204245                     /home/crz/.javacpp/cache/llvm-13.0.1-1.5.7-linux-x86_64.jar/org/bytedeco/llvm/linux-x86_64/libLTO.so.13
7f213c03f000-7f213c043000 r--p 00000000 08:20 204229                     /home/crz/.javacpp/cache/javacpp-1.5.7-linux-x86_64.jar/org/bytedeco/javacpp/linux-x86_64/libjnijavacpp.so
7f213c043000-7f213c04a000 r-xp 00004000 08:20 204229                     /home/crz/.javacpp/cache/javacpp-1.5.7-linux-x86_64.jar/org/bytedeco/javacpp/linux-x86_64/libjnijavacpp.so
7f213c04a000-7f213c04e000 r--p 0000b000 08:20 204229                     /home/crz/.javacpp/cache/javacpp-1.5.7-linux-x86_64.jar/org/bytedeco/javacpp/linux-x86_64/libjnijavacpp.so
7f213c04e000-7f213c04f000 r--p 0000e000 08:20 204229                     /home/crz/.javacpp/cache/javacpp-1.5.7-linux-x86_64.jar/org/bytedeco/javacpp/linux-x86_64/libjnijavacpp.so
7f213c04f000-7f213c050000 rw-p 0000f000 08:20 204229                     /home/crz/.javacpp/cache/javacpp-1.5.7-linux-x86_64.jar/org/bytedeco/javacpp/linux-x86_64/libjnijavacpp.so
7f213c050000-7f213c054000 ---p 00000000 00:00 0 
7f213c054000-7f213c150000 rw-p 00000000 00:00 0 
7f213c150000-7f213c154000 ---p 00000000 00:00 0 
7f213c154000-7f213c250000 rw-p 00000000 00:00 0 
7f213c250000-7f213c254000 ---p 00000000 00:00 0 
7f213c254000-7f213c350000 rw-p 00000000 00:00 0 
7f213c350000-7f213c354000 ---p 00000000 00:00 0 
7f213c354000-7f213c830000 rw-p 00000000 00:00 0 
7f213c830000-7f213f220000 ---p 00000000 00:00 0 
7f213f220000-7f213f228000 rw-p 00000000 00:00 0 
7f213f228000-7f2140228000 ---p 00000000 00:00 0 
7f2140228000-7f2140608000 rw-p 00000000 00:00 0 
7f2140608000-7f2142ff8000 ---p 00000000 00:00 0 
7f2142ff8000-7f2143000000 rw-p 00000000 00:00 0 
7f2143000000-7f2144000000 ---p 00000000 00:00 0 
7f2144000000-7f2144021000 rw-p 00000000 00:00 0 
7f2144021000-7f2148000000 ---p 00000000 00:00 0 
7f2148003000-7f2148004000 r--p 00000000 08:20 104244                     /usr/lib/x86_64-linux-gnu/libpthread.so.0
7f2148004000-7f2148005000 r-xp 00001000 08:20 104244                     /usr/lib/x86_64-linux-gnu/libpthread.so.0
7f2148005000-7f2148006000 r--p 00002000 08:20 104244                     /usr/lib/x86_64-linux-gnu/libpthread.so.0
7f2148006000-7f2148007000 r--p 00002000 08:20 104244                     /usr/lib/x86_64-linux-gnu/libpthread.so.0
7f2148007000-7f2148008000 rw-p 00003000 08:20 104244                     /usr/lib/x86_64-linux-gnu/libpthread.so.0
7f2148008000-7f2148039000 rw-p 00000000 00:00 0 
7f2148039000-7f214803d000 ---p 00000000 00:00 0 
7f214803d000-7f2148139000 rw-p 00000000 00:00 0 
7f2148139000-7f214813d000 ---p 00000000 00:00 0 
7f214813d000-7f2148239000 rw-p 00000000 00:00 0 
7f2148239000-7f214823a000 ---p 00000000 00:00 0 
7f214823a000-7f21483bb000 rw-p 00000000 00:00 0 
7f21483bb000-7f21483bc000 ---p 00000000 00:00 0 
7f21483bc000-7f21484bc000 rw-p 00000000 00:00 0 
7f21484bc000-7f21484bd000 ---p 00000000 00:00 0 
7f21484bd000-7f21487bf000 rw-p 00000000 00:00 0 
7f21487bf000-7f2148a2f000 rwxp 00000000 00:00 0 
7f2148a2f000-7f2148efe000 ---p 00000000 00:00 0 
7f2148efe000-7f214916e000 rwxp 00000000 00:00 0 
7f214916e000-7f215035e000 ---p 00000000 00:00 0 
7f215035e000-7f21505ce000 rwxp 00000000 00:00 0 
7f21505ce000-7f21577bf000 ---p 00000000 00:00 0 
7f21577bf000-7f2160000000 r--s 00000000 08:20 134824                     /usr/lib/jvm/java-11-openjdk-amd64/lib/modules
7f2160000000-7f216047f000 rw-p 00000000 00:00 0 
7f216047f000-7f2164000000 ---p 00000000 00:00 0 
7f2164002000-7f2164006000 r--p 00000000 08:20 134814                     /usr/lib/jvm/java-11-openjdk-amd64/lib/libnet.so
7f2164006000-7f2164014000 r-xp 00004000 08:20 134814                     /usr/lib/jvm/java-11-openjdk-amd64/lib/libnet.so
7f2164014000-7f2164018000 r--p 00012000 08:20 134814                     /usr/lib/jvm/java-11-openjdk-amd64/lib/libnet.so
7f2164018000-7f2164019000 r--p 00015000 08:20 134814                     /usr/lib/jvm/java-11-openjdk-amd64/lib/libnet.so
7f2164019000-7f216401a000 rw-p 00016000 08:20 134814                     /usr/lib/jvm/java-11-openjdk-amd64/lib/libnet.so
7f216401a000-7f2164021000 r--p 00000000 08:20 134815                     /usr/lib/jvm/java-11-openjdk-amd64/lib/libnio.so
7f2164021000-7f2164029000 r-xp 00007000 08:20 134815                     /usr/lib/jvm/java-11-openjdk-amd64/lib/libnio.so
7f2164029000-7f216402c000 r--p 0000f000 08:20 134815                     /usr/lib/jvm/java-11-openjdk-amd64/lib/libnio.so
7f216402c000-7f216402d000 r--p 00011000 08:20 134815                     /usr/lib/jvm/java-11-openjdk-amd64/lib/libnio.so
7f216402d000-7f216402e000 rw-p 00012000 08:20 134815                     /usr/lib/jvm/java-11-openjdk-amd64/lib/libnio.so
7f216402e000-7f2164e00000 rw-p 00000000 00:00 0 
7f2164e00000-7f2164e01000 ---p 00000000 00:00 0 
7f2164e01000-7f2164f01000 rw-p 00000000 00:00 0 
7f2164f01000-7f2164f02000 ---p 00000000 00:00 0 
7f2164f02000-7f2165275000 rw-p 00000000 00:00 0 
7f2165275000-7f21657b3000 ---p 00000000 00:00 0 
7f21657b3000-7f21657b4000 rw-p 00000000 00:00 0 
7f21657b4000-7f21659b4000 ---p 00000000 00:00 0 
7f21659b4000-7f2165a30000 rw-p 00000000 00:00 0 
7f2165a30000-7f2165f6e000 ---p 00000000 00:00 0 
7f2165f6e000-7f2165f6f000 rw-p 00000000 00:00 0 
7f2165f6f000-7f216616f000 ---p 00000000 00:00 0 
7f216616f000-7f21661eb000 rw-p 00000000 00:00 0 
7f21661eb000-7f2166729000 ---p 00000000 00:00 0 
7f2166729000-7f216672a000 rw-p 00000000 00:00 0 
7f216672a000-7f216692a000 ---p 00000000 00:00 0 
7f216692a000-7f2167839000 rw-p 00000000 00:00 0 
7f2167839000-7f216783a000 ---p 00000000 00:00 0 
7f216783a000-7f216793f000 rw-p 00000000 00:00 0 
7f216793f000-7f2167a23000 ---p 00000000 00:00 0 
7f2167a23000-7f2167a28000 rw-p 00000000 00:00 0 
7f2167a28000-7f2167b0c000 ---p 00000000 00:00 0 
7f2167b0c000-7f2167b11000 rw-p 00000000 00:00 0 
7f2167b11000-7f2167b1b000 ---p 00000000 00:00 0 
7f2167b1b000-7f2167b1d000 r--p 00000000 08:20 134823                     /usr/lib/jvm/java-11-openjdk-amd64/lib/libzip.so
7f2167b1d000-7f2167b22000 r-xp 00002000 08:20 134823                     /usr/lib/jvm/java-11-openjdk-amd64/lib/libzip.so
7f2167b22000-7f2167b24000 r--p 00007000 08:20 134823                     /usr/lib/jvm/java-11-openjdk-amd64/lib/libzip.so
7f2167b24000-7f2167b25000 r--p 00008000 08:20 134823                     /usr/lib/jvm/java-11-openjdk-amd64/lib/libzip.so
7f2167b25000-7f2167b26000 rw-p 00009000 08:20 134823                     /usr/lib/jvm/java-11-openjdk-amd64/lib/libzip.so
7f2167b26000-7f2167b2e000 rw-s 00000000 08:20 191551                     /tmp/hsperfdata_crz/52795
7f2167b2e000-7f2167b30000 r--p 00000000 08:20 134806                     /usr/lib/jvm/java-11-openjdk-amd64/lib/libjimage.so
7f2167b30000-7f2167b33000 r-xp 00002000 08:20 134806                     /usr/lib/jvm/java-11-openjdk-amd64/lib/libjimage.so
7f2167b33000-7f2167b34000 r--p 00005000 08:20 134806                     /usr/lib/jvm/java-11-openjdk-amd64/lib/libjimage.so
7f2167b34000-7f2167b35000 ---p 00006000 08:20 134806                     /usr/lib/jvm/java-11-openjdk-amd64/lib/libjimage.so
7f2167b35000-7f2167b36000 r--p 00006000 08:20 134806                     /usr/lib/jvm/java-11-openjdk-amd64/lib/libjimage.so
7f2167b36000-7f2167b37000 rw-p 00007000 08:20 134806                     /usr/lib/jvm/java-11-openjdk-amd64/lib/libjimage.so
7f2167b37000-7f2167b45000 r--p 00000000 08:20 134803                     /usr/lib/jvm/java-11-openjdk-amd64/lib/libjava.so
7f2167b45000-7f2167b5b000 r-xp 0000e000 08:20 134803                     /usr/lib/jvm/java-11-openjdk-amd64/lib/libjava.so
7f2167b5b000-7f2167b62000 r--p 00024000 08:20 134803                     /usr/lib/jvm/java-11-openjdk-amd64/lib/libjava.so
7f2167b62000-7f2167b63000 r--p 0002a000 08:20 134803                     /usr/lib/jvm/java-11-openjdk-amd64/lib/libjava.so
7f2167b63000-7f2167b64000 rw-p 0002b000 08:20 134803                     /usr/lib/jvm/java-11-openjdk-amd64/lib/libjava.so
7f2167b64000-7f2167b65000 rw-p 00000000 00:00 0 
7f2167b65000-7f2167b66000 r--p 00000000 08:20 105137                     /usr/lib/x86_64-linux-gnu/librt.so.1
7f2167b66000-7f2167b67000 r-xp 00001000 08:20 105137                     /usr/lib/x86_64-linux-gnu/librt.so.1
7f2167b67000-7f2167b68000 r--p 00002000 08:20 105137                     /usr/lib/x86_64-linux-gnu/librt.so.1
7f2167b68000-7f2167b69000 r--p 00002000 08:20 105137                     /usr/lib/x86_64-linux-gnu/librt.so.1
7f2167b69000-7f2167b6a000 rw-p 00003000 08:20 105137                     /usr/lib/x86_64-linux-gnu/librt.so.1
7f2167b6a000-7f2167b6e000 ---p 00000000 00:00 0 
7f2167b6e000-7f2167c6a000 rw-p 00000000 00:00 0 
7f2167c6a000-7f2167c6d000 r--p 00000000 08:20 6709                       /usr/lib/x86_64-linux-gnu/libgcc_s.so.1
7f2167c6d000-7f2167c84000 r-xp 00003000 08:20 6709                       /usr/lib/x86_64-linux-gnu/libgcc_s.so.1
7f2167c84000-7f2167c88000 r--p 0001a000 08:20 6709                       /usr/lib/x86_64-linux-gnu/libgcc_s.so.1
7f2167c88000-7f2167c89000 r--p 0001d000 08:20 6709                       /usr/lib/x86_64-linux-gnu/libgcc_s.so.1
7f2167c89000-7f2167c8a000 rw-p 0001e000 08:20 6709                       /usr/lib/x86_64-linux-gnu/libgcc_s.so.1
7f2167c8a000-7f2167c98000 r--p 00000000 08:20 104109                     /usr/lib/x86_64-linux-gnu/libm.so.6
7f2167c98000-7f2167d14000 r-xp 0000e000 08:20 104109                     /usr/lib/x86_64-linux-gnu/libm.so.6
7f2167d14000-7f2167d6f000 r--p 0008a000 08:20 104109                     /usr/lib/x86_64-linux-gnu/libm.so.6
7f2167d6f000-7f2167d70000 r--p 000e4000 08:20 104109                     /usr/lib/x86_64-linux-gnu/libm.so.6
7f2167d70000-7f2167d71000 rw-p 000e5000 08:20 104109                     /usr/lib/x86_64-linux-gnu/libm.so.6
7f2167d71000-7f2167e0b000 r--p 00000000 08:20 6947                       /usr/lib/x86_64-linux-gnu/libstdc++.so.6.0.30
7f2167e0b000-7f2167f1c000 r-xp 0009a000 08:20 6947                       /usr/lib/x86_64-linux-gnu/libstdc++.so.6.0.30
7f2167f1c000-7f2167f8b000 r--p 001ab000 08:20 6947                       /usr/lib/x86_64-linux-gnu/libstdc++.so.6.0.30
7f2167f8b000-7f2167f8c000 ---p 0021a000 08:20 6947                       /usr/lib/x86_64-linux-gnu/libstdc++.so.6.0.30
7f2167f8c000-7f2167f97000 r--p 0021a000 08:20 6947                       /usr/lib/x86_64-linux-gnu/libstdc++.so.6.0.30
7f2167f97000-7f2167f9a000 rw-p 00225000 08:20 6947                       /usr/lib/x86_64-linux-gnu/libstdc++.so.6.0.30
7f2167f9a000-7f2167f9d000 rw-p 00000000 00:00 0 
7f2167f9d000-7f2168220000 r--p 00000000 08:20 134827                     /usr/lib/jvm/java-11-openjdk-amd64/lib/server/libjvm.so
7f2168220000-7f2168ecb000 r-xp 00283000 08:20 134827                     /usr/lib/jvm/java-11-openjdk-amd64/lib/server/libjvm.so
7f2168ecb000-7f2169127000 r--p 00f2e000 08:20 134827                     /usr/lib/jvm/java-11-openjdk-amd64/lib/server/libjvm.so
7f2169127000-7f21691eb000 r--p 01189000 08:20 134827                     /usr/lib/jvm/java-11-openjdk-amd64/lib/server/libjvm.so
7f21691eb000-7f2169226000 rw-p 0124d000 08:20 134827                     /usr/lib/jvm/java-11-openjdk-amd64/lib/server/libjvm.so
7f2169226000-7f2169280000 rw-p 00000000 00:00 0 
7f2169280000-7f21692a8000 r--p 00000000 08:20 104085                     /usr/lib/x86_64-linux-gnu/libc.so.6
7f21692a8000-7f216943d000 r-xp 00028000 08:20 104085                     /usr/lib/x86_64-linux-gnu/libc.so.6
7f216943d000-7f2169495000 r--p 001bd000 08:20 104085                     /usr/lib/x86_64-linux-gnu/libc.so.6
7f2169495000-7f2169496000 ---p 00215000 08:20 104085                     /usr/lib/x86_64-linux-gnu/libc.so.6
7f2169496000-7f216949a000 r--p 00215000 08:20 104085                     /usr/lib/x86_64-linux-gnu/libc.so.6
7f216949a000-7f216949c000 rw-p 00219000 08:20 104085                     /usr/lib/x86_64-linux-gnu/libc.so.6
7f216949c000-7f21694a9000 rw-p 00000000 00:00 0 
7f21694a9000-7f21694ac000 r--p 00000000 08:20 134788                     /usr/lib/jvm/java-11-openjdk-amd64/lib/jli/libjli.so
7f21694ac000-7f21694b6000 r-xp 00003000 08:20 134788                     /usr/lib/jvm/java-11-openjdk-amd64/lib/jli/libjli.so
7f21694b6000-7f21694b9000 r--p 0000d000 08:20 134788                     /usr/lib/jvm/java-11-openjdk-amd64/lib/jli/libjli.so
7f21694b9000-7f21694ba000 ---p 00010000 08:20 134788                     /usr/lib/jvm/java-11-openjdk-amd64/lib/jli/libjli.so
7f21694ba000-7f21694bb000 r--p 00010000 08:20 134788                     /usr/lib/jvm/java-11-openjdk-amd64/lib/jli/libjli.so
7f21694bb000-7f21694bc000 rw-p 00011000 08:20 134788                     /usr/lib/jvm/java-11-openjdk-amd64/lib/jli/libjli.so
7f21694bc000-7f21694be000 r--p 00000000 08:20 6997                       /usr/lib/x86_64-linux-gnu/libz.so.1.2.11
7f21694be000-7f21694cf000 r-xp 00002000 08:20 6997                       /usr/lib/x86_64-linux-gnu/libz.so.1.2.11
7f21694cf000-7f21694d5000 r--p 00013000 08:20 6997                       /usr/lib/x86_64-linux-gnu/libz.so.1.2.11
7f21694d5000-7f21694d6000 ---p 00019000 08:20 6997                       /usr/lib/x86_64-linux-gnu/libz.so.1.2.11
7f21694d6000-7f21694d7000 r--p 00019000 08:20 6997                       /usr/lib/x86_64-linux-gnu/libz.so.1.2.11
7f21694d7000-7f21694d8000 rw-p 0001a000 08:20 6997                       /usr/lib/x86_64-linux-gnu/libz.so.1.2.11
7f21694d8000-7f21694d9000 ---p 00000000 00:00 0 
7f21694d9000-7f21694da000 r--p 00000000 00:00 0 
7f21694da000-7f21694df000 r--p 00000000 08:20 134822                     /usr/lib/jvm/java-11-openjdk-amd64/lib/libverify.so
7f21694df000-7f21694e6000 r-xp 00005000 08:20 134822                     /usr/lib/jvm/java-11-openjdk-amd64/lib/libverify.so
7f21694e6000-7f21694e8000 r--p 0000c000 08:20 134822                     /usr/lib/jvm/java-11-openjdk-amd64/lib/libverify.so
7f21694e8000-7f21694ea000 r--p 0000d000 08:20 134822                     /usr/lib/jvm/java-11-openjdk-amd64/lib/libverify.so
7f21694ea000-7f21694eb000 rw-p 0000f000 08:20 134822                     /usr/lib/jvm/java-11-openjdk-amd64/lib/libverify.so
7f21694eb000-7f21694ed000 rw-p 00000000 00:00 0 
7f21694ed000-7f21694ef000 r--p 00000000 08:20 104061                     /usr/lib/x86_64-linux-gnu/ld-linux-x86-64.so.2
7f21694ef000-7f2169519000 r-xp 00002000 08:20 104061                     /usr/lib/x86_64-linux-gnu/ld-linux-x86-64.so.2
7f2169519000-7f2169524000 r--p 0002c000 08:20 104061                     /usr/lib/x86_64-linux-gnu/ld-linux-x86-64.so.2
7f2169525000-7f2169527000 r--p 00037000 08:20 104061                     /usr/lib/x86_64-linux-gnu/ld-linux-x86-64.so.2
7f2169527000-7f2169529000 rw-p 00039000 08:20 104061                     /usr/lib/x86_64-linux-gnu/ld-linux-x86-64.so.2
7ffdb71dc000-7ffdb71fe000 rw-p 00000000 00:00 0                          [stack]
7ffdb7233000-7ffdb7237000 r--p 00000000 00:00 0                          [vvar]
7ffdb7237000-7ffdb7239000 r-xp 00000000 00:00 0                          [vdso]


VM Arguments:
java_command: Main tests/lab6_test/aa_runtimeerror_test.sysy tests/lab6_test/aa_runtimeerror_test.ll
java_class_path (initial): ./classes:/usr/local/lib/antlr-4.9.1-complete.jar:/usr/local/lib/llvm-13.0.1-1.5.7.jar:/usr/local/lib/llvm-13.0.1-1.5.7-linux-x86_64.jar:/usr/local/lib/llvm-platform-13.0.1-1.5.7.jar:/usr/local/lib/javacpp-1.5.7-linux-x86_64.jar:/usr/local/lib/javacpp-1.5.7.jar
Launcher Type: SUN_STANDARD

[Global flags]
     intx CICompilerCount                          = 12                                        {product} {ergonomic}
     uint ConcGCThreads                            = 4                                         {product} {ergonomic}
     uint G1ConcRefinementThreads                  = 15                                        {product} {ergonomic}
   size_t G1HeapRegionSize                         = 1048576                                   {product} {ergonomic}
    uintx GCDrainStackTargetSize                   = 64                                        {product} {ergonomic}
   size_t InitialHeapSize                          = 260046848                                 {product} {ergonomic}
   size_t MarkStackSize                            = 4194304                                   {product} {ergonomic}
   size_t MaxHeapSize                              = 4150263808                                {product} {ergonomic}
   size_t MaxNewSize                               = 2489319424                                {product} {ergonomic}
   size_t MinHeapDeltaBytes                        = 1048576                                   {product} {ergonomic}
    uintx NonNMethodCodeHeapSize                   = 7594288                                {pd product} {ergonomic}
    uintx NonProfiledCodeHeapSize                  = 122031976                              {pd product} {ergonomic}
    uintx ProfiledCodeHeapSize                     = 122031976                              {pd product} {ergonomic}
    uintx ReservedCodeCacheSize                    = 251658240                              {pd product} {ergonomic}
     bool SegmentedCodeCache                       = true                                      {product} {ergonomic}
     bool UseCompressedClassPointers               = true                                 {lp64_product} {ergonomic}
     bool UseCompressedOops                        = true                                 {lp64_product} {ergonomic}
     bool UseG1GC                                  = true                                      {product} {ergonomic}

Logging:
Log output configuration:
 #0: stdout all=warning uptime,level,tags
 #1: stderr all=off uptime,level,tags

Environment Variables:
CLASSPATH=/usr/local/lib/antlr-4.9.1-complete.jar:/usr/local/lib/llvm-13.0.1-1.5.7.jar:/usr/local/lib/llvm-13.0.1-1.5.7-linux-x86_64.jar:/usr/local/lib/llvm-platform-13.0.1-1.5.7.jar:/usr/local/lib/javacpp-1.5.7-linux-x86_64.jar:/usr/local/lib/javacpp-1.5.7.jar
PATH=/home/crz/.local/bin:/home/crz/.cargo/bin:/home/crz/.local/bin:~/my_script:/usr/local/sbin:/usr/local/bin:/usr/sbin:/usr/bin:/sbin:/bin:/usr/games:/usr/local/games:/usr/lib/wsl/lib:/mnt/c/Program Files/Java/jdk-21/bin:/mnt/c/Program Files/Common Files/Oracle/Java/javapath:/mnt/e/vmware/bin/:/mnt/c/Program Files (x86)/Common Files/Oracle/Java/java8path:/mnt/c/Program Files (x86)/Common Files/Oracle/Java/javapath:/mnt/c/Windows/system32:/mnt/c/Windows:/mnt/c/Windows/System32/Wbem:/mnt/c/Windows/System32/WindowsPowerShell/v1.0/:/mnt/c/Windows/System32/OpenSSH/:/mnt/c/Users/crz/Downloads/winlibs-x86_64-posix-seh-gcc-12.3.0-llvm-16.0.4-mingw-w64ucrt-11.0.0-r1.zip/mingw64/bin:/mnt/d/mingw64/bin:/mnt/d/Git/cmd:/mnt/c/Program Files/dotnet/:/mnt/e/SDL-CPLproj/SDL2/mingw(CLion+VSC)/SDL2-2.26.0-allinone/x86_64-w64-mingw32/bin:/mnt/c/Program Files/Cloudflare/Cloudflare WARP/:/mnt/c/Users/crz/AppData/Local/Programs/Python/Python311/Lib/site-packages/pyecharts:/mnt/c/Program Files/MATLAB/R2023a/runtime/win64:/mnt/c/Program Files/MATLAB/R2023a/bin:/mnt/c/Program Files/gs/gs10.03.1/bin:/mnt/e/:/mnt/e/bitvise-ssh:/mnt/d/:/mnt/c/ProgramData/chocolatey/bin:/mnt/c/Program Files/MySQL/MySQL Server 8.0/bin:/mnt/c/Program Files/MySQL/MySQL Shell 8.0/bin/:/mnt/e/anaconda3:/mnt/e/anaconda3/Library/mingw-w64/bin:/mnt/e/anaconda3/Library/usr/bin:/mnt/e/anaconda3/Library/bin:/mnt/e/anaconda3/Scripts:/mnt/c/Users/crz/AppData/Local/Microsoft/WindowsApps:/mnt/c/Users/crz/Downloads/winlibs-x86_64-posix-seh-gcc-12.3.0-llvm-16.0.4-mingw-w64ucrt-11.0.0-r1.zip/mingw64/bin:/mnt/d/mingw64/bin:/mnt/e/Microsoft VS Code/bin:/mnt/e/CLion 2022.3/bin:/mnt/c/Users/crz/AppData/Local/JetBrains/Toolbox/scripts:/mnt/d/PyCharm 2023.3.4/bin:/mnt/d/IntelliJ IDEA 2023.3.4/bin:/mnt/c/Users/crz/anaconda3/Lib/site-packages:/mnt/d/texlive/2024/bin/windows:/mnt/c/Users/crz/AppData/Roaming/npm:/mnt/d/:/mnt/d/WebStorm 2024.3.2.1/bin:/snap/bin:/mnt/c/Users/crz/AppData/Local/Programs/Microsoft VS Code/bin:/mnt/e/Microsoft\ V
SHELL=/bin/bash
DISPLAY=:0.0
HOSTTYPE=x86_64
LANG=en_US.UTF-8
LC_ALL=en_US.UTF-8
TERM=xterm-256color

Signal Handlers:
SIGSEGV: [libjvm.so+0xebbd40], sa_mask[0]=11111111011111111101111111111110, sa_flags=SA_RESTART|SA_SIGINFO
SIGBUS: [libjvm.so+0xebbd40], sa_mask[0]=11111111011111111101111111111110, sa_flags=SA_RESTART|SA_SIGINFO
SIGFPE: [libjvm.so+0xebbd40], sa_mask[0]=11111111011111111101111111111110, sa_flags=SA_RESTART|SA_SIGINFO
SIGPIPE: [libjvm.so+0xbfe040], sa_mask[0]=11111111011111111101111111111110, sa_flags=SA_RESTART|SA_SIGINFO
SIGXFSZ: [libjvm.so+0xbfe040], sa_mask[0]=11111111011111111101111111111110, sa_flags=SA_RESTART|SA_SIGINFO
SIGILL: [libjvm.so+0xebbd40], sa_mask[0]=11111111011111111101111111111110, sa_flags=SA_RESTART|SA_SIGINFO
SIGUSR2: [libjvm.so+0xbfdee0], sa_mask[0]=00000000000000000000000000000000, sa_flags=SA_RESTART|SA_SIGINFO
SIGHUP: [libjvm.so+0xbfe6a0], sa_mask[0]=11111111011111111101111111111110, sa_flags=SA_RESTART|SA_SIGINFO
SIGINT: [libjvm.so+0xbfe6a0], sa_mask[0]=11111111011111111101111111111110, sa_flags=SA_RESTART|SA_SIGINFO
SIGTERM: [libjvm.so+0xbfe6a0], sa_mask[0]=11111111011111111101111111111110, sa_flags=SA_RESTART|SA_SIGINFO
SIGQUIT: [libjvm.so+0xbfe6a0], sa_mask[0]=11111111011111111101111111111110, sa_flags=SA_RESTART|SA_SIGINFO


---------------  S Y S T E M  ---------------

OS:DISTRIB_ID=Ubuntu
DISTRIB_RELEASE=22.04
DISTRIB_CODENAME=jammy
DISTRIB_DESCRIPTION="Ubuntu 22.04.5 LTS"
uname:Linux 5.15.167.4-microsoft-standard-WSL2 #1 SMP Tue Nov 5 00:21:55 UTC 2024 x86_64
OS uptime: 0 days 7:04 hours
libc:glibc 2.35 NPTL 2.35 
rlimit (soft/hard): STACK 8192k/infinity , CORE 0k/infinity , NPROC 63270/63270 , NOFILE 1048576/1048576 , AS infinity/infinity , CPU infinity/infinity , DATA infinity/infinity , FSIZE infinity/infinity , MEMLOCK 65536k/65536k
load average:4.26 1.72 0.92

/proc/meminfo:
MemTotal:       16204140 kB
MemFree:        11619684 kB
MemAvailable:   12906264 kB
Buffers:           17544 kB
Cached:          1524764 kB
SwapCached:            0 kB
Active:           514792 kB
Inactive:        3616568 kB
Active(anon):       2604 kB
Inactive(anon):  2628092 kB
Active(file):     512188 kB
Inactive(file):   988476 kB
Unevictable:           0 kB
Mlocked:               0 kB
SwapTotal:       4194304 kB
SwapFree:        4194304 kB
Dirty:               112 kB
Writeback:             0 kB
AnonPages:       2493636 kB
Mapped:          1092544 kB
Shmem:             41644 kB
KReclaimable:      67308 kB
Slab:             157024 kB
SReclaimable:      67308 kB
SUnreclaim:        89716 kB
KernelStack:       10212 kB
PageTables:        17140 kB
NFS_Unstable:          0 kB
Bounce:                0 kB
WritebackTmp:          0 kB
CommitLimit:    12296372 kB
Committed_AS:    4862360 kB
VmallocTotal:   34359738367 kB
VmallocUsed:       33504 kB
VmallocChunk:          0 kB
Percpu:            15264 kB
AnonHugePages:   1828864 kB
ShmemHugePages:        0 kB
ShmemPmdMapped:        0 kB
FileHugePages:         0 kB
FilePmdMapped:         0 kB
HugePages_Total:       0
HugePages_Free:        0
HugePages_Rsvd:        0
HugePages_Surp:        0
Hugepagesize:       2048 kB
Hugetlb:               0 kB
DirectMap4k:      134144 kB
DirectMap2M:     9125888 kB
DirectMap1G:    15728640 kB

/sys/kernel/mm/transparent_hugepage/enabled:
[always] madvise never
/sys/kernel/mm/transparent_hugepage/defrag (defrag/compaction efforts parameter):
always defer defer+madvise [madvise] never

Process Memory:
Virtual Size: 7282972K (peak: 15578236K)
Resident Set Size: 121776K (peak: 121776K) (anon: 63984K, file: 57792K, shmem: 0K)
Swapped out: 0K
C-Heap outstanding allocations: 60319K, retained: 2980K
glibc malloc tunables: (default)

/proc/sys/kernel/threads-max (system-wide limit on the number of threads):
126540
/proc/sys/vm/max_map_count (maximum number of memory map areas a process may have):
65530
/proc/sys/kernel/pid_max (system-wide limit on number of process identifiers):
4194304

container (cgroup) information:
container_type: cgroupv1
cpu_cpuset_cpus: 0-19
cpu_memory_nodes: 0
active_processor_count: 20
cpu_quota: no quota
cpu_period: 100000
cpu_shares: no shares
memory_limit_in_bytes: unlimited
memory_and_swap_limit_in_bytes: unlimited
memory_soft_limit_in_bytes: unlimited
memory_usage_in_bytes: 4037388 k
memory_max_usage_in_bytes: 4034652 k
kernel_memory_limit_in_bytes: unlimited
kernel_memory_usage_in_bytes: 62116 k
kernel_memory_max_usage_in_bytes: 77900 k
maximum number of tasks: not supported
current number of tasks: not supported

Hyper-V virtualization detected
Steal ticks since vm start: 0
Steal ticks percentage since vm start:  0.000

CPU:total 20 (initial active 20) (16 cores per cpu, 2 threads per core) family 6 model 186 stepping 2 microcode 0xffffffff, cmov, cx8, fxsr, mmx, sse, sse2, sse3, ssse3, sse4.1, sse4.2, popcnt, avx, avx2, aes, clmul, erms, 3dnowpref, lzcnt, ht, tsc, tscinvbit, bmi1, bmi2, adx, sha, fma
CPU Model and flags from /proc/cpuinfo:
model name	: 13th Gen Intel(R) Core(TM) i9-13900H
flags		: fpu vme de pse tsc msr pae mce cx8 apic sep mtrr pge mca cmov pat pse36 clflush mmx fxsr sse sse2 ss ht syscall nx pdpe1gb rdtscp lm constant_tsc rep_good nopl xtopology tsc_reliable nonstop_tsc cpuid pni pclmulqdq vmx ssse3 fma cx16 pcid sse4_1 sse4_2 x2apic movbe popcnt tsc_deadline_timer aes xsave avx f16c rdrand hypervisor lahf_lm abm 3dnowprefetch invpcid_single ssbd ibrs ibpb stibp ibrs_enhanced tpr_shadow vnmi ept vpid ept_ad fsgsbase tsc_adjust bmi1 avx2 smep bmi2 erms invpcid rdseed adx smap clflushopt clwb sha_ni xsaveopt xsavec xgetbv1 xsaves avx_vnni umip waitpkg gfni vaes vpclmulqdq rdpid movdiri movdir64b fsrm md_clear serialize flush_l1d arch_capabilities
Online cpus:
0-19
Offline cpus:

BIOS frequency limitation:
<Not Available>
Frequency switch latency (ns):
<Not Available>
Available cpu frequencies:
<Not Available>
Current governor:
<Not Available>
Core performance/turbo boost:
<Not Available>

Memory: 4k page, physical 16204140k(11619684k free), swap 4194304k(4194304k free)

vm_info: OpenJDK 64-Bit Server VM (11.0.27+6-post-Ubuntu-0ubuntu122.04) for linux-amd64 JRE (11.0.27+6-post-Ubuntu-0ubuntu122.04), built on Apr 21 2025 05:59:45 by "unknown" with gcc 11.4.0

END.
