#
# A fatal error has been detected by the Java Runtime Environment:
#
#  SIGSEGV (0xb) at pc=0x00007ff23a119e80, pid=142839, tid=142840
#
# JRE version: OpenJDK Runtime Environment (11.0.26+4) (build 11.0.26+4-post-Ubuntu-1ubuntu122.04)
# Java VM: OpenJDK 64-Bit Server VM (11.0.26+4-post-Ubuntu-1ubuntu122.04, mixed mode, sharing, tiered, compressed oops, g1 gc, linux-amd64)
# Problematic frame:
# C  [libLLVM-13.so+0xbede80]  llvm::BasicBlock::getModule() const+0x0
#
# Core dump will be written. Default location: Core dumps may be processed with "/wsl-capture-crash %t %E %p %s" (or dumping to /home/crz/compilers/Lab/core.142839)
#
# If you would like to submit a bug report, please visit:
#   https://bugs.launchpad.net/ubuntu/+source/openjdk-lts
# The crash happened outside the Java Virtual Machine in native code.
# See problematic frame for where to report the bug.
#

---------------  S U M M A R Y ------------

Command Line: Main tests/IRtest_Lab4/test2.sysy tests/IRtest_Lab4/test2.ll

Host: 13th Gen Intel(R) Core(TM) i9-13900H, 20 cores, 15G, Ubuntu 22.04.5 LTS
Time: Mon Apr  7 12:54:34 2025 CST elapsed time: 0.145621 seconds (0d 0h 0m 0s)

---------------  T H R E A D  ---------------

Current thread (0x00007ff2ac015800):  JavaThread "main" [_thread_in_native, id=142840, stack(0x00007ff2b3be5000,0x00007ff2b3ce5000)]

Stack: [0x00007ff2b3be5000,0x00007ff2b3ce5000],  sp=0x00007ff2b3ce3338,  free space=1016k
Native frames: (J=compiled Java code, A=aot compiled Java code, j=interpreted, Vv=VM code, C=native code)
C  [libLLVM-13.so+0xbede80]  llvm::BasicBlock::getModule() const+0x0

Java frames: (J=compiled Java code, j=interpreted, Vv=VM code)
j  org.bytedeco.llvm.global.LLVM.LLVMBuildAlloca(Lorg/bytedeco/llvm/LLVM/LLVMBuilderRef;Lorg/bytedeco/llvm/LLVM/LLVMTypeRef;Ljava/lang/String;)Lorg/bytedeco/llvm/LLVM/LLVMValueRef;+0
j  IRGenerationVisitor.visitFuncDef(LSysYParser$FuncDefContext;)Lorg/bytedeco/llvm/LLVM/LLVMValueRef;+312
j  IRGenerationVisitor.visitCompUnit(LSysYParser$CompUnitContext;)Lorg/bytedeco/llvm/LLVM/LLVMValueRef;+60
j  IRGenerationVisitor.visitCompUnit(LSysYParser$CompUnitContext;)Ljava/lang/Object;+2
j  SysYParser$CompUnitContext.accept(Lorg/antlr/v4/runtime/tree/ParseTreeVisitor;)Ljava/lang/Object;+12
j  IRGenerationVisitor.visit(Lorg/antlr/v4/runtime/tree/ParseTree;)Lorg/bytedeco/llvm/LLVM/LLVMValueRef;+8
j  IRGenerationVisitor.visitProgram(LSysYParser$ProgramContext;)Lorg/bytedeco/llvm/LLVM/LLVMValueRef;+5
j  IRGenerationVisitor.visitProgram(LSysYParser$ProgramContext;)Ljava/lang/Object;+2
j  SysYParser$ProgramContext.accept(Lorg/antlr/v4/runtime/tree/ParseTreeVisitor;)Ljava/lang/Object;+12
j  IRGenerationVisitor.visit(Lorg/antlr/v4/runtime/tree/ParseTree;)Lorg/bytedeco/llvm/LLVM/LLVMValueRef;+8
j  Main.main([Ljava/lang/String;)V+96
v  ~StubRoutines::call_stub

siginfo: si_signo: 11 (SIGSEGV), si_code: 1 (SEGV_MAPERR), si_addr: 0x0000000000000038

Register to memory mapping:

RAX=0x00007ff2ac4396b0 points into unknown readable memory: 0x00000007ff2a0078 | 78 00 2a ff 07 00 00 00
RBX={method} {0x00007ff281cde3a8} 'LLVMBuildAlloca' '(Lorg/bytedeco/llvm/LLVM/LLVMBuilderRef;Lorg/bytedeco/llvm/LLVM/LLVMTypeRef;Ljava/lang/String;)Lorg/bytedeco/llvm/LLVM/LLVMValueRef;' in 'org/bytedeco/llvm/global/LLVM'
RCX=0x00007ff2ac015878 points into unknown readable memory: 0x0000000000000800 | 00 08 00 00 00 00 00 00
RDX=0x00007ff2ac4396b0 points into unknown readable memory: 0x00000007ff2a0078 | 78 00 2a ff 07 00 00 00
RSP=0x00007ff2b3ce3338 is pointing into the stack for thread: 0x00007ff2ac015800
RBP=0x00007ff2ac3f8be0 points into unknown readable memory: 0x00007ff2ac3f8bf0 | f0 8b 3f ac f2 7f 00 00
RSI=0x0000000000000101 is an unknown value
RDI=0x0 is NULL
R8 =0x00000007178e43d0 points into unknown readable memory: 0x0000000000000078 | 78 00 00 00 00 00 00 00
R9 =0x00007ff2b3ce3250 is pointing into the stack for thread: 0x00007ff2ac015800
R10=0x00007ff2396058a0: <offset 0x00000000000d98a0> in /home/crz/.javacpp/cache/llvm-13.0.1-1.5.7-linux-x86_64.jar/org/bytedeco/llvm/linux-x86_64/libLLVM-13.so at 0x00007ff23952c000
R11=0x00007ff23a158610: LLVMBuildAlloca+0x0000000000000000 in /home/crz/.javacpp/cache/llvm-13.0.1-1.5.7-linux-x86_64.jar/org/bytedeco/llvm/linux-x86_64/libLLVM-13.so at 0x00007ff23952c000
R12=0x0 is NULL
R13=0x00007ff2ac42fcd8 points into unknown readable memory: 0x00007ff2ac409e60 | 60 9e 40 ac f2 7f 00 00
R14=0x00007ff2ac4396b0 points into unknown readable memory: 0x00000007ff2a0078 | 78 00 2a ff 07 00 00 00
R15=0x00007ff2ac015800 is a thread


Registers:
RAX=0x00007ff2ac4396b0, RBX=0x00007ff281cde3a8, RCX=0x00007ff2ac015878, RDX=0x00007ff2ac4396b0
RSP=0x00007ff2b3ce3338, RBP=0x00007ff2ac3f8be0, RSI=0x0000000000000101, RDI=0x0000000000000000
R8 =0x00000007178e43d0, R9 =0x00007ff2b3ce3250, R10=0x00007ff2396058a0, R11=0x00007ff23a158610
R12=0x0000000000000000, R13=0x00007ff2ac42fcd8, R14=0x00007ff2ac4396b0, R15=0x00007ff2ac015800
RIP=0x00007ff23a119e80, EFLAGS=0x0000000000010206, CSGSFS=0x002b000000000033, ERR=0x0000000000000004
  TRAPNO=0x000000000000000e

Top of Stack: (sp=0x00007ff2b3ce3338)
0x00007ff2b3ce3338:   00007ff23a158645 00007ff2ac4396b0
0x00007ff2b3ce3348:   00007ff2ac015800 00007ff2ac015800
0x00007ff2b3ce3358:   0000000000000000 00007ff2b3ce0103
0x00007ff2b3ce3368:   00007ff2b49076d9 0000000000000002 

Instructions: (pc=0x00007ff23a119e80)
0x00007ff23a119d80:   ff 66 0f ef c0 48 89 02 48 89 50 08 41 0f 11 45
0x00007ff23a119d90:   00 e8 5a 4b 17 00 4c 39 f3 75 c5 4d 8b 6c 24 30
0x00007ff23a119da0:   4c 39 ed 74 3b 0f 1f 00 4c 89 eb 48 89 ef 4d 8b
0x00007ff23a119db0:   6d 08 4c 8d 73 e8 4c 89 f6 e8 42 fd ff ff 48 8b
0x00007ff23a119dc0:   03 48 8b 53 08 66 0f ef c9 4c 89 f7 48 89 02 48
0x00007ff23a119dd0:   89 50 08 0f 11 0b e8 15 4b 17 00 4c 39 ed 75 c8
0x00007ff23a119de0:   48 83 c4 08 4c 89 e7 5b 5d 41 5c 41 5d 41 5e 41
0x00007ff23a119df0:   5f e9 fa 48 17 00 66 2e 0f 1f 84 00 00 00 00 00
0x00007ff23a119e00:   48 8d 4b e8 48 89 c8 48 29 d0 e9 11 ff ff ff 90
0x00007ff23a119e10:   48 8b 07 48 8b 38 e8 45 13 16 00 31 d2 be 01 00
0x00007ff23a119e20:   00 00 48 89 c7 e8 b6 2a 02 00 48 89 c3 49 8b 44
0x00007ff23a119e30:   24 08 48 85 c0 0f 84 a2 fe ff ff 0f 1f 44 00 00
0x00007ff23a119e40:   48 8b 68 18 31 d2 48 89 df 48 8b 75 00 e8 ae bc
0x00007ff23a119e50:   02 00 48 89 ef 48 89 c6 e8 63 65 17 00 48 89 ef
0x00007ff23a119e60:   e8 4b 81 02 00 49 8b 44 24 08 48 85 c0 75 d1 e9
0x00007ff23a119e70:   69 fe ff ff 66 2e 0f 1f 84 00 00 00 00 00 66 90
0x00007ff23a119e80:   48 8b 47 38 48 8b 40 28 c3 0f 1f 80 00 00 00 00
0x00007ff23a119e90:   48 8b 47 28 48 83 c7 28 48 39 f8 74 2b 48 85 c0
0x00007ff23a119ea0:   0f 84 9e 9d d3 ff 4c 8d 40 e8 0f b6 40 f8 83 e8
0x00007ff23a119eb0:   1b 83 f8 0b b8 00 00 00 00 4c 0f 43 c0 4c 89 c0
0x00007ff23a119ec0:   c3 0f 1f 80 00 00 00 00 45 31 c0 eb f0 0f 1f 00
0x00007ff23a119ed0:   48 8b 47 28 48 8d 57 28 48 39 d0 0f 84 af 00 00
0x00007ff23a119ee0:   00 48 85 c0 0f 84 64 9d d3 ff 45 31 c0 80 78 f8
0x00007ff23a119ef0:   1b 75 23 48 8b 57 30 48 8d 48 e8 48 85 d2 74 09
0x00007ff23a119f00:   48 83 ea 18 48 39 d1 74 0d 48 8b 50 10 45 31 c0
0x00007ff23a119f10:   48 39 42 30 75 0a 4c 89 c0 c3 66 0f 1f 44 00 00
0x00007ff23a119f20:   4c 8b 00 4d 85 c0 74 ee 8b 50 fc 49 8d 48 e8 81
0x00007ff23a119f30:   e2 ff ff ff 07 74 3e 89 d2 48 f7 da 48 c1 e2 05
0x00007ff23a119f40:   48 8b 44 10 e8 48 85 c0 74 2b 48 39 c1 75 41 41
0x00007ff23a119f50:   80 78 f8 4b 75 1f 49 8b 40 10 4c 39 40 30 74 30
0x00007ff23a119f60:   49 8b 48 c8 4d 8b 00 4d 85 c0 74 aa 49 83 e8 18
0x00007ff23a119f70:   4c 39 c1 75 1b 45 31 c0 80 79 10 52 75 98 0f b7 


Stack slot to memory mapping:
stack at sp + 0 slots: 0x00007ff23a158645: LLVMBuildAlloca+0x0000000000000035 in /home/crz/.javacpp/cache/llvm-13.0.1-1.5.7-linux-x86_64.jar/org/bytedeco/llvm/linux-x86_64/libLLVM-13.so at 0x00007ff23952c000
stack at sp + 1 slots: 0x00007ff2ac4396b0 points into unknown readable memory: 0x00000007ff2a0078 | 78 00 2a ff 07 00 00 00
stack at sp + 2 slots: 0x00007ff2ac015800 is a thread
stack at sp + 3 slots: 0x00007ff2ac015800 is a thread
stack at sp + 4 slots: 0x0 is NULL
stack at sp + 5 slots: 0x00007ff2b3ce0103 is pointing into the stack for thread: 0x00007ff2ac015800
stack at sp + 6 slots: 0x00007ff2b49076d9: <offset 0x00000000008ef6d9> in /usr/lib/jvm/java-11-openjdk-amd64/lib/server/libjvm.so at 0x00007ff2b4018000
stack at sp + 7 slots: 0x0000000000000002 is an unknown value


---------------  P R O C E S S  ---------------

Threads class SMR info:
_java_thread_list=0x00007ff2541e24f0, length=13, elements={
0x00007ff2ac015800, 0x00007ff2ac1ec000, 0x00007ff2ac1ee800, 0x00007ff2ac1f4000,
0x00007ff2ac1f6000, 0x00007ff2ac1f8000, 0x00007ff2ac1fa000, 0x00007ff2ac1fc000,
0x00007ff25808d800, 0x00007ff2ac22f800, 0x00007ff2540d6800, 0x00007ff2ac389000,
0x00007ff2541e1000
}

Java Threads: ( => current thread )
=>0x00007ff2ac015800 JavaThread "main" [_thread_in_native, id=142840, stack(0x00007ff2b3be5000,0x00007ff2b3ce5000)]
  0x00007ff2ac1ec000 JavaThread "Reference Handler" daemon [_thread_blocked, id=142847, stack(0x00007ff2941e5000,0x00007ff2942e5000)]
  0x00007ff2ac1ee800 JavaThread "Finalizer" daemon [_thread_blocked, id=142848, stack(0x00007ff2940e5000,0x00007ff2941e5000)]
  0x00007ff2ac1f4000 JavaThread "Signal Dispatcher" daemon [_thread_blocked, id=142849, stack(0x00007ff288350000,0x00007ff288450000)]
  0x00007ff2ac1f6000 JavaThread "Service Thread" daemon [_thread_blocked, id=142850, stack(0x00007ff288250000,0x00007ff288350000)]
  0x00007ff2ac1f8000 JavaThread "C2 CompilerThread0" daemon [_thread_blocked, id=142851, stack(0x00007ff288150000,0x00007ff288250000)]
  0x00007ff2ac1fa000 JavaThread "C1 CompilerThread0" daemon [_thread_blocked, id=142852, stack(0x00007ff288050000,0x00007ff288150000)]
  0x00007ff2ac1fc000 JavaThread "Sweeper thread" daemon [_thread_blocked, id=142853, stack(0x00007ff281113000,0x00007ff281213000)]
  0x00007ff25808d800 JavaThread "C1 CompilerThread1" daemon [_thread_blocked, id=142854, stack(0x00007ff281013000,0x00007ff281113000)]
  0x00007ff2ac22f800 JavaThread "Common-Cleaner" daemon [_thread_blocked, id=142856, stack(0x00007ff280e12000,0x00007ff280f12000)]
  0x00007ff2540d6800 JavaThread "C2 CompilerThread1" daemon [_thread_blocked, id=142857, stack(0x00007ff280d12000,0x00007ff280e12000)]
  0x00007ff2ac389000 JavaThread "JavaCPP Deallocator" daemon [_thread_blocked, id=142858, stack(0x00007ff280c12000,0x00007ff280d12000)]
  0x00007ff2541e1000 JavaThread "C1 CompilerThread2" daemon [_thread_blocked, id=142859, stack(0x00007ff280a0c000,0x00007ff280b0c000)]

Other Threads:
  0x00007ff2ac1e9800 VMThread "VM Thread" [stack: 0x00007ff2942e6000,0x00007ff2943e6000] [id=142846]
  0x00007ff2ac22d000 WatcherThread [stack: 0x00007ff280f13000,0x00007ff281013000] [id=142855]
  0x00007ff2ac02f800 GCTaskThread "GC Thread#0" [stack: 0x00007ff2b38b5000,0x00007ff2b39b5000] [id=142841]
  0x00007ff2ac08d800 ConcurrentGCThread "G1 Main Marker" [stack: 0x00007ff2b0f7d000,0x00007ff2b107d000] [id=142842]
  0x00007ff2ac08f800 ConcurrentGCThread "G1 Conc#0" [stack: 0x00007ff2b0e7c000,0x00007ff2b0f7c000] [id=142843]
  0x00007ff2ac1ab000 ConcurrentGCThread "G1 Refine#0" [stack: 0x00007ff2945c4000,0x00007ff2946c4000] [id=142844]
  0x00007ff2ac1ac800 ConcurrentGCThread "G1 Young RemSet Sampling" [stack: 0x00007ff2944c3000,0x00007ff2945c3000] [id=142845]

Threads with active compile tasks:

VM state:not at safepoint (normal execution)

VM Mutex/Monitor currently owned by a thread: None

Heap address: 0x0000000708a00000, size: 3958 MB, Compressed Oops mode: Zero based, Oop shift amount: 3
Narrow klass base: 0x0000000800000000, Narrow klass shift: 3
Compressed class space size: 1073741824 Address: 0x0000000840000000

Heap:
 garbage-first heap   total 256000K, used 8912K [0x0000000708a00000, 0x0000000800000000)
  region size 1024K, 10 young (10240K), 0 survivors (0K)
 Metaspace       used 3486K, capacity 6544K, committed 6656K, reserved 1056768K
  class space    used 372K, capacity 668K, committed 768K, reserved 1048576K
Heap Regions: E=young(eden), S=young(survivor), O=old, HS=humongous(starts), HC=humongous(continues), CS=collection set, F=free, A=archive, TAMS=top-at-mark-start (previous, next)
|   0|0x0000000708a00000, 0x0000000708a00000, 0x0000000708b00000|  0%| F|  |TAMS 0x0000000708a00000, 0x0000000708a00000| Untracked 
|   1|0x0000000708b00000, 0x0000000708b00000, 0x0000000708c00000|  0%| F|  |TAMS 0x0000000708b00000, 0x0000000708b00000| Untracked 
|   2|0x0000000708c00000, 0x0000000708c00000, 0x0000000708d00000|  0%| F|  |TAMS 0x0000000708c00000, 0x0000000708c00000| Untracked 
|   3|0x0000000708d00000, 0x0000000708d00000, 0x0000000708e00000|  0%| F|  |TAMS 0x0000000708d00000, 0x0000000708d00000| Untracked 
|   4|0x0000000708e00000, 0x0000000708e00000, 0x0000000708f00000|  0%| F|  |TAMS 0x0000000708e00000, 0x0000000708e00000| Untracked 
|   5|0x0000000708f00000, 0x0000000708f00000, 0x0000000709000000|  0%| F|  |TAMS 0x0000000708f00000, 0x0000000708f00000| Untracked 
|   6|0x0000000709000000, 0x0000000709000000, 0x0000000709100000|  0%| F|  |TAMS 0x0000000709000000, 0x0000000709000000| Untracked 
|   7|0x0000000709100000, 0x0000000709100000, 0x0000000709200000|  0%| F|  |TAMS 0x0000000709100000, 0x0000000709100000| Untracked 
|   8|0x0000000709200000, 0x0000000709200000, 0x0000000709300000|  0%| F|  |TAMS 0x0000000709200000, 0x0000000709200000| Untracked 
|   9|0x0000000709300000, 0x0000000709300000, 0x0000000709400000|  0%| F|  |TAMS 0x0000000709300000, 0x0000000709300000| Untracked 
|  10|0x0000000709400000, 0x0000000709400000, 0x0000000709500000|  0%| F|  |TAMS 0x0000000709400000, 0x0000000709400000| Untracked 
|  11|0x0000000709500000, 0x0000000709500000, 0x0000000709600000|  0%| F|  |TAMS 0x0000000709500000, 0x0000000709500000| Untracked 
|  12|0x0000000709600000, 0x0000000709600000, 0x0000000709700000|  0%| F|  |TAMS 0x0000000709600000, 0x0000000709600000| Untracked 
|  13|0x0000000709700000, 0x0000000709700000, 0x0000000709800000|  0%| F|  |TAMS 0x0000000709700000, 0x0000000709700000| Untracked 
|  14|0x0000000709800000, 0x0000000709800000, 0x0000000709900000|  0%| F|  |TAMS 0x0000000709800000, 0x0000000709800000| Untracked 
|  15|0x0000000709900000, 0x0000000709900000, 0x0000000709a00000|  0%| F|  |TAMS 0x0000000709900000, 0x0000000709900000| Untracked 
|  16|0x0000000709a00000, 0x0000000709a00000, 0x0000000709b00000|  0%| F|  |TAMS 0x0000000709a00000, 0x0000000709a00000| Untracked 
|  17|0x0000000709b00000, 0x0000000709b00000, 0x0000000709c00000|  0%| F|  |TAMS 0x0000000709b00000, 0x0000000709b00000| Untracked 
|  18|0x0000000709c00000, 0x0000000709c00000, 0x0000000709d00000|  0%| F|  |TAMS 0x0000000709c00000, 0x0000000709c00000| Untracked 
|  19|0x0000000709d00000, 0x0000000709d00000, 0x0000000709e00000|  0%| F|  |TAMS 0x0000000709d00000, 0x0000000709d00000| Untracked 
|  20|0x0000000709e00000, 0x0000000709e00000, 0x0000000709f00000|  0%| F|  |TAMS 0x0000000709e00000, 0x0000000709e00000| Untracked 
|  21|0x0000000709f00000, 0x0000000709f00000, 0x000000070a000000|  0%| F|  |TAMS 0x0000000709f00000, 0x0000000709f00000| Untracked 
|  22|0x000000070a000000, 0x000000070a000000, 0x000000070a100000|  0%| F|  |TAMS 0x000000070a000000, 0x000000070a000000| Untracked 
|  23|0x000000070a100000, 0x000000070a100000, 0x000000070a200000|  0%| F|  |TAMS 0x000000070a100000, 0x000000070a100000| Untracked 
|  24|0x000000070a200000, 0x000000070a200000, 0x000000070a300000|  0%| F|  |TAMS 0x000000070a200000, 0x000000070a200000| Untracked 
|  25|0x000000070a300000, 0x000000070a300000, 0x000000070a400000|  0%| F|  |TAMS 0x000000070a300000, 0x000000070a300000| Untracked 
|  26|0x000000070a400000, 0x000000070a400000, 0x000000070a500000|  0%| F|  |TAMS 0x000000070a400000, 0x000000070a400000| Untracked 
|  27|0x000000070a500000, 0x000000070a500000, 0x000000070a600000|  0%| F|  |TAMS 0x000000070a500000, 0x000000070a500000| Untracked 
|  28|0x000000070a600000, 0x000000070a600000, 0x000000070a700000|  0%| F|  |TAMS 0x000000070a600000, 0x000000070a600000| Untracked 
|  29|0x000000070a700000, 0x000000070a700000, 0x000000070a800000|  0%| F|  |TAMS 0x000000070a700000, 0x000000070a700000| Untracked 
|  30|0x000000070a800000, 0x000000070a800000, 0x000000070a900000|  0%| F|  |TAMS 0x000000070a800000, 0x000000070a800000| Untracked 
|  31|0x000000070a900000, 0x000000070a900000, 0x000000070aa00000|  0%| F|  |TAMS 0x000000070a900000, 0x000000070a900000| Untracked 
|  32|0x000000070aa00000, 0x000000070aa00000, 0x000000070ab00000|  0%| F|  |TAMS 0x000000070aa00000, 0x000000070aa00000| Untracked 
|  33|0x000000070ab00000, 0x000000070ab00000, 0x000000070ac00000|  0%| F|  |TAMS 0x000000070ab00000, 0x000000070ab00000| Untracked 
|  34|0x000000070ac00000, 0x000000070ac00000, 0x000000070ad00000|  0%| F|  |TAMS 0x000000070ac00000, 0x000000070ac00000| Untracked 
|  35|0x000000070ad00000, 0x000000070ad00000, 0x000000070ae00000|  0%| F|  |TAMS 0x000000070ad00000, 0x000000070ad00000| Untracked 
|  36|0x000000070ae00000, 0x000000070ae00000, 0x000000070af00000|  0%| F|  |TAMS 0x000000070ae00000, 0x000000070ae00000| Untracked 
|  37|0x000000070af00000, 0x000000070af00000, 0x000000070b000000|  0%| F|  |TAMS 0x000000070af00000, 0x000000070af00000| Untracked 
|  38|0x000000070b000000, 0x000000070b000000, 0x000000070b100000|  0%| F|  |TAMS 0x000000070b000000, 0x000000070b000000| Untracked 
|  39|0x000000070b100000, 0x000000070b100000, 0x000000070b200000|  0%| F|  |TAMS 0x000000070b100000, 0x000000070b100000| Untracked 
|  40|0x000000070b200000, 0x000000070b200000, 0x000000070b300000|  0%| F|  |TAMS 0x000000070b200000, 0x000000070b200000| Untracked 
|  41|0x000000070b300000, 0x000000070b300000, 0x000000070b400000|  0%| F|  |TAMS 0x000000070b300000, 0x000000070b300000| Untracked 
|  42|0x000000070b400000, 0x000000070b400000, 0x000000070b500000|  0%| F|  |TAMS 0x000000070b400000, 0x000000070b400000| Untracked 
|  43|0x000000070b500000, 0x000000070b500000, 0x000000070b600000|  0%| F|  |TAMS 0x000000070b500000, 0x000000070b500000| Untracked 
|  44|0x000000070b600000, 0x000000070b600000, 0x000000070b700000|  0%| F|  |TAMS 0x000000070b600000, 0x000000070b600000| Untracked 
|  45|0x000000070b700000, 0x000000070b700000, 0x000000070b800000|  0%| F|  |TAMS 0x000000070b700000, 0x000000070b700000| Untracked 
|  46|0x000000070b800000, 0x000000070b800000, 0x000000070b900000|  0%| F|  |TAMS 0x000000070b800000, 0x000000070b800000| Untracked 
|  47|0x000000070b900000, 0x000000070b900000, 0x000000070ba00000|  0%| F|  |TAMS 0x000000070b900000, 0x000000070b900000| Untracked 
|  48|0x000000070ba00000, 0x000000070ba00000, 0x000000070bb00000|  0%| F|  |TAMS 0x000000070ba00000, 0x000000070ba00000| Untracked 
|  49|0x000000070bb00000, 0x000000070bb00000, 0x000000070bc00000|  0%| F|  |TAMS 0x000000070bb00000, 0x000000070bb00000| Untracked 
|  50|0x000000070bc00000, 0x000000070bc00000, 0x000000070bd00000|  0%| F|  |TAMS 0x000000070bc00000, 0x000000070bc00000| Untracked 
|  51|0x000000070bd00000, 0x000000070bd00000, 0x000000070be00000|  0%| F|  |TAMS 0x000000070bd00000, 0x000000070bd00000| Untracked 
|  52|0x000000070be00000, 0x000000070be00000, 0x000000070bf00000|  0%| F|  |TAMS 0x000000070be00000, 0x000000070be00000| Untracked 
|  53|0x000000070bf00000, 0x000000070bf00000, 0x000000070c000000|  0%| F|  |TAMS 0x000000070bf00000, 0x000000070bf00000| Untracked 
|  54|0x000000070c000000, 0x000000070c000000, 0x000000070c100000|  0%| F|  |TAMS 0x000000070c000000, 0x000000070c000000| Untracked 
|  55|0x000000070c100000, 0x000000070c100000, 0x000000070c200000|  0%| F|  |TAMS 0x000000070c100000, 0x000000070c100000| Untracked 
|  56|0x000000070c200000, 0x000000070c200000, 0x000000070c300000|  0%| F|  |TAMS 0x000000070c200000, 0x000000070c200000| Untracked 
|  57|0x000000070c300000, 0x000000070c300000, 0x000000070c400000|  0%| F|  |TAMS 0x000000070c300000, 0x000000070c300000| Untracked 
|  58|0x000000070c400000, 0x000000070c400000, 0x000000070c500000|  0%| F|  |TAMS 0x000000070c400000, 0x000000070c400000| Untracked 
|  59|0x000000070c500000, 0x000000070c500000, 0x000000070c600000|  0%| F|  |TAMS 0x000000070c500000, 0x000000070c500000| Untracked 
|  60|0x000000070c600000, 0x000000070c600000, 0x000000070c700000|  0%| F|  |TAMS 0x000000070c600000, 0x000000070c600000| Untracked 
|  61|0x000000070c700000, 0x000000070c700000, 0x000000070c800000|  0%| F|  |TAMS 0x000000070c700000, 0x000000070c700000| Untracked 
|  62|0x000000070c800000, 0x000000070c800000, 0x000000070c900000|  0%| F|  |TAMS 0x000000070c800000, 0x000000070c800000| Untracked 
|  63|0x000000070c900000, 0x000000070c900000, 0x000000070ca00000|  0%| F|  |TAMS 0x000000070c900000, 0x000000070c900000| Untracked 
|  64|0x000000070ca00000, 0x000000070ca00000, 0x000000070cb00000|  0%| F|  |TAMS 0x000000070ca00000, 0x000000070ca00000| Untracked 
|  65|0x000000070cb00000, 0x000000070cb00000, 0x000000070cc00000|  0%| F|  |TAMS 0x000000070cb00000, 0x000000070cb00000| Untracked 
|  66|0x000000070cc00000, 0x000000070cc00000, 0x000000070cd00000|  0%| F|  |TAMS 0x000000070cc00000, 0x000000070cc00000| Untracked 
|  67|0x000000070cd00000, 0x000000070cd00000, 0x000000070ce00000|  0%| F|  |TAMS 0x000000070cd00000, 0x000000070cd00000| Untracked 
|  68|0x000000070ce00000, 0x000000070ce00000, 0x000000070cf00000|  0%| F|  |TAMS 0x000000070ce00000, 0x000000070ce00000| Untracked 
|  69|0x000000070cf00000, 0x000000070cf00000, 0x000000070d000000|  0%| F|  |TAMS 0x000000070cf00000, 0x000000070cf00000| Untracked 
|  70|0x000000070d000000, 0x000000070d000000, 0x000000070d100000|  0%| F|  |TAMS 0x000000070d000000, 0x000000070d000000| Untracked 
|  71|0x000000070d100000, 0x000000070d100000, 0x000000070d200000|  0%| F|  |TAMS 0x000000070d100000, 0x000000070d100000| Untracked 
|  72|0x000000070d200000, 0x000000070d200000, 0x000000070d300000|  0%| F|  |TAMS 0x000000070d200000, 0x000000070d200000| Untracked 
|  73|0x000000070d300000, 0x000000070d300000, 0x000000070d400000|  0%| F|  |TAMS 0x000000070d300000, 0x000000070d300000| Untracked 
|  74|0x000000070d400000, 0x000000070d400000, 0x000000070d500000|  0%| F|  |TAMS 0x000000070d400000, 0x000000070d400000| Untracked 
|  75|0x000000070d500000, 0x000000070d500000, 0x000000070d600000|  0%| F|  |TAMS 0x000000070d500000, 0x000000070d500000| Untracked 
|  76|0x000000070d600000, 0x000000070d600000, 0x000000070d700000|  0%| F|  |TAMS 0x000000070d600000, 0x000000070d600000| Untracked 
|  77|0x000000070d700000, 0x000000070d700000, 0x000000070d800000|  0%| F|  |TAMS 0x000000070d700000, 0x000000070d700000| Untracked 
|  78|0x000000070d800000, 0x000000070d800000, 0x000000070d900000|  0%| F|  |TAMS 0x000000070d800000, 0x000000070d800000| Untracked 
|  79|0x000000070d900000, 0x000000070d900000, 0x000000070da00000|  0%| F|  |TAMS 0x000000070d900000, 0x000000070d900000| Untracked 
|  80|0x000000070da00000, 0x000000070da00000, 0x000000070db00000|  0%| F|  |TAMS 0x000000070da00000, 0x000000070da00000| Untracked 
|  81|0x000000070db00000, 0x000000070db00000, 0x000000070dc00000|  0%| F|  |TAMS 0x000000070db00000, 0x000000070db00000| Untracked 
|  82|0x000000070dc00000, 0x000000070dc00000, 0x000000070dd00000|  0%| F|  |TAMS 0x000000070dc00000, 0x000000070dc00000| Untracked 
|  83|0x000000070dd00000, 0x000000070dd00000, 0x000000070de00000|  0%| F|  |TAMS 0x000000070dd00000, 0x000000070dd00000| Untracked 
|  84|0x000000070de00000, 0x000000070de00000, 0x000000070df00000|  0%| F|  |TAMS 0x000000070de00000, 0x000000070de00000| Untracked 
|  85|0x000000070df00000, 0x000000070df00000, 0x000000070e000000|  0%| F|  |TAMS 0x000000070df00000, 0x000000070df00000| Untracked 
|  86|0x000000070e000000, 0x000000070e000000, 0x000000070e100000|  0%| F|  |TAMS 0x000000070e000000, 0x000000070e000000| Untracked 
|  87|0x000000070e100000, 0x000000070e100000, 0x000000070e200000|  0%| F|  |TAMS 0x000000070e100000, 0x000000070e100000| Untracked 
|  88|0x000000070e200000, 0x000000070e200000, 0x000000070e300000|  0%| F|  |TAMS 0x000000070e200000, 0x000000070e200000| Untracked 
|  89|0x000000070e300000, 0x000000070e300000, 0x000000070e400000|  0%| F|  |TAMS 0x000000070e300000, 0x000000070e300000| Untracked 
|  90|0x000000070e400000, 0x000000070e400000, 0x000000070e500000|  0%| F|  |TAMS 0x000000070e400000, 0x000000070e400000| Untracked 
|  91|0x000000070e500000, 0x000000070e500000, 0x000000070e600000|  0%| F|  |TAMS 0x000000070e500000, 0x000000070e500000| Untracked 
|  92|0x000000070e600000, 0x000000070e600000, 0x000000070e700000|  0%| F|  |TAMS 0x000000070e600000, 0x000000070e600000| Untracked 
|  93|0x000000070e700000, 0x000000070e700000, 0x000000070e800000|  0%| F|  |TAMS 0x000000070e700000, 0x000000070e700000| Untracked 
|  94|0x000000070e800000, 0x000000070e800000, 0x000000070e900000|  0%| F|  |TAMS 0x000000070e800000, 0x000000070e800000| Untracked 
|  95|0x000000070e900000, 0x000000070e900000, 0x000000070ea00000|  0%| F|  |TAMS 0x000000070e900000, 0x000000070e900000| Untracked 
|  96|0x000000070ea00000, 0x000000070ea00000, 0x000000070eb00000|  0%| F|  |TAMS 0x000000070ea00000, 0x000000070ea00000| Untracked 
|  97|0x000000070eb00000, 0x000000070eb00000, 0x000000070ec00000|  0%| F|  |TAMS 0x000000070eb00000, 0x000000070eb00000| Untracked 
|  98|0x000000070ec00000, 0x000000070ec00000, 0x000000070ed00000|  0%| F|  |TAMS 0x000000070ec00000, 0x000000070ec00000| Untracked 
|  99|0x000000070ed00000, 0x000000070ed00000, 0x000000070ee00000|  0%| F|  |TAMS 0x000000070ed00000, 0x000000070ed00000| Untracked 
| 100|0x000000070ee00000, 0x000000070ee00000, 0x000000070ef00000|  0%| F|  |TAMS 0x000000070ee00000, 0x000000070ee00000| Untracked 
| 101|0x000000070ef00000, 0x000000070ef00000, 0x000000070f000000|  0%| F|  |TAMS 0x000000070ef00000, 0x000000070ef00000| Untracked 
| 102|0x000000070f000000, 0x000000070f000000, 0x000000070f100000|  0%| F|  |TAMS 0x000000070f000000, 0x000000070f000000| Untracked 
| 103|0x000000070f100000, 0x000000070f100000, 0x000000070f200000|  0%| F|  |TAMS 0x000000070f100000, 0x000000070f100000| Untracked 
| 104|0x000000070f200000, 0x000000070f200000, 0x000000070f300000|  0%| F|  |TAMS 0x000000070f200000, 0x000000070f200000| Untracked 
| 105|0x000000070f300000, 0x000000070f300000, 0x000000070f400000|  0%| F|  |TAMS 0x000000070f300000, 0x000000070f300000| Untracked 
| 106|0x000000070f400000, 0x000000070f400000, 0x000000070f500000|  0%| F|  |TAMS 0x000000070f400000, 0x000000070f400000| Untracked 
| 107|0x000000070f500000, 0x000000070f500000, 0x000000070f600000|  0%| F|  |TAMS 0x000000070f500000, 0x000000070f500000| Untracked 
| 108|0x000000070f600000, 0x000000070f600000, 0x000000070f700000|  0%| F|  |TAMS 0x000000070f600000, 0x000000070f600000| Untracked 
| 109|0x000000070f700000, 0x000000070f700000, 0x000000070f800000|  0%| F|  |TAMS 0x000000070f700000, 0x000000070f700000| Untracked 
| 110|0x000000070f800000, 0x000000070f800000, 0x000000070f900000|  0%| F|  |TAMS 0x000000070f800000, 0x000000070f800000| Untracked 
| 111|0x000000070f900000, 0x000000070f900000, 0x000000070fa00000|  0%| F|  |TAMS 0x000000070f900000, 0x000000070f900000| Untracked 
| 112|0x000000070fa00000, 0x000000070fa00000, 0x000000070fb00000|  0%| F|  |TAMS 0x000000070fa00000, 0x000000070fa00000| Untracked 
| 113|0x000000070fb00000, 0x000000070fb00000, 0x000000070fc00000|  0%| F|  |TAMS 0x000000070fb00000, 0x000000070fb00000| Untracked 
| 114|0x000000070fc00000, 0x000000070fc00000, 0x000000070fd00000|  0%| F|  |TAMS 0x000000070fc00000, 0x000000070fc00000| Untracked 
| 115|0x000000070fd00000, 0x000000070fd00000, 0x000000070fe00000|  0%| F|  |TAMS 0x000000070fd00000, 0x000000070fd00000| Untracked 
| 116|0x000000070fe00000, 0x000000070fe00000, 0x000000070ff00000|  0%| F|  |TAMS 0x000000070fe00000, 0x000000070fe00000| Untracked 
| 117|0x000000070ff00000, 0x000000070ff00000, 0x0000000710000000|  0%| F|  |TAMS 0x000000070ff00000, 0x000000070ff00000| Untracked 
| 118|0x0000000710000000, 0x0000000710000000, 0x0000000710100000|  0%| F|  |TAMS 0x0000000710000000, 0x0000000710000000| Untracked 
| 119|0x0000000710100000, 0x0000000710100000, 0x0000000710200000|  0%| F|  |TAMS 0x0000000710100000, 0x0000000710100000| Untracked 
| 120|0x0000000710200000, 0x0000000710200000, 0x0000000710300000|  0%| F|  |TAMS 0x0000000710200000, 0x0000000710200000| Untracked 
| 121|0x0000000710300000, 0x0000000710300000, 0x0000000710400000|  0%| F|  |TAMS 0x0000000710300000, 0x0000000710300000| Untracked 
| 122|0x0000000710400000, 0x0000000710400000, 0x0000000710500000|  0%| F|  |TAMS 0x0000000710400000, 0x0000000710400000| Untracked 
| 123|0x0000000710500000, 0x0000000710500000, 0x0000000710600000|  0%| F|  |TAMS 0x0000000710500000, 0x0000000710500000| Untracked 
| 124|0x0000000710600000, 0x0000000710600000, 0x0000000710700000|  0%| F|  |TAMS 0x0000000710600000, 0x0000000710600000| Untracked 
| 125|0x0000000710700000, 0x0000000710700000, 0x0000000710800000|  0%| F|  |TAMS 0x0000000710700000, 0x0000000710700000| Untracked 
| 126|0x0000000710800000, 0x0000000710800000, 0x0000000710900000|  0%| F|  |TAMS 0x0000000710800000, 0x0000000710800000| Untracked 
| 127|0x0000000710900000, 0x0000000710900000, 0x0000000710a00000|  0%| F|  |TAMS 0x0000000710900000, 0x0000000710900000| Untracked 
| 128|0x0000000710a00000, 0x0000000710a00000, 0x0000000710b00000|  0%| F|  |TAMS 0x0000000710a00000, 0x0000000710a00000| Untracked 
| 129|0x0000000710b00000, 0x0000000710b00000, 0x0000000710c00000|  0%| F|  |TAMS 0x0000000710b00000, 0x0000000710b00000| Untracked 
| 130|0x0000000710c00000, 0x0000000710c00000, 0x0000000710d00000|  0%| F|  |TAMS 0x0000000710c00000, 0x0000000710c00000| Untracked 
| 131|0x0000000710d00000, 0x0000000710d00000, 0x0000000710e00000|  0%| F|  |TAMS 0x0000000710d00000, 0x0000000710d00000| Untracked 
| 132|0x0000000710e00000, 0x0000000710e00000, 0x0000000710f00000|  0%| F|  |TAMS 0x0000000710e00000, 0x0000000710e00000| Untracked 
| 133|0x0000000710f00000, 0x0000000710f00000, 0x0000000711000000|  0%| F|  |TAMS 0x0000000710f00000, 0x0000000710f00000| Untracked 
| 134|0x0000000711000000, 0x0000000711000000, 0x0000000711100000|  0%| F|  |TAMS 0x0000000711000000, 0x0000000711000000| Untracked 
| 135|0x0000000711100000, 0x0000000711100000, 0x0000000711200000|  0%| F|  |TAMS 0x0000000711100000, 0x0000000711100000| Untracked 
| 136|0x0000000711200000, 0x0000000711200000, 0x0000000711300000|  0%| F|  |TAMS 0x0000000711200000, 0x0000000711200000| Untracked 
| 137|0x0000000711300000, 0x0000000711300000, 0x0000000711400000|  0%| F|  |TAMS 0x0000000711300000, 0x0000000711300000| Untracked 
| 138|0x0000000711400000, 0x0000000711400000, 0x0000000711500000|  0%| F|  |TAMS 0x0000000711400000, 0x0000000711400000| Untracked 
| 139|0x0000000711500000, 0x0000000711500000, 0x0000000711600000|  0%| F|  |TAMS 0x0000000711500000, 0x0000000711500000| Untracked 
| 140|0x0000000711600000, 0x0000000711600000, 0x0000000711700000|  0%| F|  |TAMS 0x0000000711600000, 0x0000000711600000| Untracked 
| 141|0x0000000711700000, 0x0000000711700000, 0x0000000711800000|  0%| F|  |TAMS 0x0000000711700000, 0x0000000711700000| Untracked 
| 142|0x0000000711800000, 0x0000000711800000, 0x0000000711900000|  0%| F|  |TAMS 0x0000000711800000, 0x0000000711800000| Untracked 
| 143|0x0000000711900000, 0x0000000711900000, 0x0000000711a00000|  0%| F|  |TAMS 0x0000000711900000, 0x0000000711900000| Untracked 
| 144|0x0000000711a00000, 0x0000000711a00000, 0x0000000711b00000|  0%| F|  |TAMS 0x0000000711a00000, 0x0000000711a00000| Untracked 
| 145|0x0000000711b00000, 0x0000000711b00000, 0x0000000711c00000|  0%| F|  |TAMS 0x0000000711b00000, 0x0000000711b00000| Untracked 
| 146|0x0000000711c00000, 0x0000000711c00000, 0x0000000711d00000|  0%| F|  |TAMS 0x0000000711c00000, 0x0000000711c00000| Untracked 
| 147|0x0000000711d00000, 0x0000000711d00000, 0x0000000711e00000|  0%| F|  |TAMS 0x0000000711d00000, 0x0000000711d00000| Untracked 
| 148|0x0000000711e00000, 0x0000000711e00000, 0x0000000711f00000|  0%| F|  |TAMS 0x0000000711e00000, 0x0000000711e00000| Untracked 
| 149|0x0000000711f00000, 0x0000000711f00000, 0x0000000712000000|  0%| F|  |TAMS 0x0000000711f00000, 0x0000000711f00000| Untracked 
| 150|0x0000000712000000, 0x0000000712000000, 0x0000000712100000|  0%| F|  |TAMS 0x0000000712000000, 0x0000000712000000| Untracked 
| 151|0x0000000712100000, 0x0000000712100000, 0x0000000712200000|  0%| F|  |TAMS 0x0000000712100000, 0x0000000712100000| Untracked 
| 152|0x0000000712200000, 0x0000000712200000, 0x0000000712300000|  0%| F|  |TAMS 0x0000000712200000, 0x0000000712200000| Untracked 
| 153|0x0000000712300000, 0x0000000712300000, 0x0000000712400000|  0%| F|  |TAMS 0x0000000712300000, 0x0000000712300000| Untracked 
| 154|0x0000000712400000, 0x0000000712400000, 0x0000000712500000|  0%| F|  |TAMS 0x0000000712400000, 0x0000000712400000| Untracked 
| 155|0x0000000712500000, 0x0000000712500000, 0x0000000712600000|  0%| F|  |TAMS 0x0000000712500000, 0x0000000712500000| Untracked 
| 156|0x0000000712600000, 0x0000000712600000, 0x0000000712700000|  0%| F|  |TAMS 0x0000000712600000, 0x0000000712600000| Untracked 
| 157|0x0000000712700000, 0x0000000712700000, 0x0000000712800000|  0%| F|  |TAMS 0x0000000712700000, 0x0000000712700000| Untracked 
| 158|0x0000000712800000, 0x0000000712800000, 0x0000000712900000|  0%| F|  |TAMS 0x0000000712800000, 0x0000000712800000| Untracked 
| 159|0x0000000712900000, 0x0000000712900000, 0x0000000712a00000|  0%| F|  |TAMS 0x0000000712900000, 0x0000000712900000| Untracked 
| 160|0x0000000712a00000, 0x0000000712a00000, 0x0000000712b00000|  0%| F|  |TAMS 0x0000000712a00000, 0x0000000712a00000| Untracked 
| 161|0x0000000712b00000, 0x0000000712b00000, 0x0000000712c00000|  0%| F|  |TAMS 0x0000000712b00000, 0x0000000712b00000| Untracked 
| 162|0x0000000712c00000, 0x0000000712c00000, 0x0000000712d00000|  0%| F|  |TAMS 0x0000000712c00000, 0x0000000712c00000| Untracked 
| 163|0x0000000712d00000, 0x0000000712d00000, 0x0000000712e00000|  0%| F|  |TAMS 0x0000000712d00000, 0x0000000712d00000| Untracked 
| 164|0x0000000712e00000, 0x0000000712e00000, 0x0000000712f00000|  0%| F|  |TAMS 0x0000000712e00000, 0x0000000712e00000| Untracked 
| 165|0x0000000712f00000, 0x0000000712f00000, 0x0000000713000000|  0%| F|  |TAMS 0x0000000712f00000, 0x0000000712f00000| Untracked 
| 166|0x0000000713000000, 0x0000000713000000, 0x0000000713100000|  0%| F|  |TAMS 0x0000000713000000, 0x0000000713000000| Untracked 
| 167|0x0000000713100000, 0x0000000713100000, 0x0000000713200000|  0%| F|  |TAMS 0x0000000713100000, 0x0000000713100000| Untracked 
| 168|0x0000000713200000, 0x0000000713200000, 0x0000000713300000|  0%| F|  |TAMS 0x0000000713200000, 0x0000000713200000| Untracked 
| 169|0x0000000713300000, 0x0000000713300000, 0x0000000713400000|  0%| F|  |TAMS 0x0000000713300000, 0x0000000713300000| Untracked 
| 170|0x0000000713400000, 0x0000000713400000, 0x0000000713500000|  0%| F|  |TAMS 0x0000000713400000, 0x0000000713400000| Untracked 
| 171|0x0000000713500000, 0x0000000713500000, 0x0000000713600000|  0%| F|  |TAMS 0x0000000713500000, 0x0000000713500000| Untracked 
| 172|0x0000000713600000, 0x0000000713600000, 0x0000000713700000|  0%| F|  |TAMS 0x0000000713600000, 0x0000000713600000| Untracked 
| 173|0x0000000713700000, 0x0000000713700000, 0x0000000713800000|  0%| F|  |TAMS 0x0000000713700000, 0x0000000713700000| Untracked 
| 174|0x0000000713800000, 0x0000000713800000, 0x0000000713900000|  0%| F|  |TAMS 0x0000000713800000, 0x0000000713800000| Untracked 
| 175|0x0000000713900000, 0x0000000713900000, 0x0000000713a00000|  0%| F|  |TAMS 0x0000000713900000, 0x0000000713900000| Untracked 
| 176|0x0000000713a00000, 0x0000000713a00000, 0x0000000713b00000|  0%| F|  |TAMS 0x0000000713a00000, 0x0000000713a00000| Untracked 
| 177|0x0000000713b00000, 0x0000000713b00000, 0x0000000713c00000|  0%| F|  |TAMS 0x0000000713b00000, 0x0000000713b00000| Untracked 
| 178|0x0000000713c00000, 0x0000000713c00000, 0x0000000713d00000|  0%| F|  |TAMS 0x0000000713c00000, 0x0000000713c00000| Untracked 
| 179|0x0000000713d00000, 0x0000000713d00000, 0x0000000713e00000|  0%| F|  |TAMS 0x0000000713d00000, 0x0000000713d00000| Untracked 
| 180|0x0000000713e00000, 0x0000000713e00000, 0x0000000713f00000|  0%| F|  |TAMS 0x0000000713e00000, 0x0000000713e00000| Untracked 
| 181|0x0000000713f00000, 0x0000000713f00000, 0x0000000714000000|  0%| F|  |TAMS 0x0000000713f00000, 0x0000000713f00000| Untracked 
| 182|0x0000000714000000, 0x0000000714000000, 0x0000000714100000|  0%| F|  |TAMS 0x0000000714000000, 0x0000000714000000| Untracked 
| 183|0x0000000714100000, 0x0000000714100000, 0x0000000714200000|  0%| F|  |TAMS 0x0000000714100000, 0x0000000714100000| Untracked 
| 184|0x0000000714200000, 0x0000000714200000, 0x0000000714300000|  0%| F|  |TAMS 0x0000000714200000, 0x0000000714200000| Untracked 
| 185|0x0000000714300000, 0x0000000714300000, 0x0000000714400000|  0%| F|  |TAMS 0x0000000714300000, 0x0000000714300000| Untracked 
| 186|0x0000000714400000, 0x0000000714400000, 0x0000000714500000|  0%| F|  |TAMS 0x0000000714400000, 0x0000000714400000| Untracked 
| 187|0x0000000714500000, 0x0000000714500000, 0x0000000714600000|  0%| F|  |TAMS 0x0000000714500000, 0x0000000714500000| Untracked 
| 188|0x0000000714600000, 0x0000000714600000, 0x0000000714700000|  0%| F|  |TAMS 0x0000000714600000, 0x0000000714600000| Untracked 
| 189|0x0000000714700000, 0x0000000714700000, 0x0000000714800000|  0%| F|  |TAMS 0x0000000714700000, 0x0000000714700000| Untracked 
| 190|0x0000000714800000, 0x0000000714800000, 0x0000000714900000|  0%| F|  |TAMS 0x0000000714800000, 0x0000000714800000| Untracked 
| 191|0x0000000714900000, 0x0000000714900000, 0x0000000714a00000|  0%| F|  |TAMS 0x0000000714900000, 0x0000000714900000| Untracked 
| 192|0x0000000714a00000, 0x0000000714a00000, 0x0000000714b00000|  0%| F|  |TAMS 0x0000000714a00000, 0x0000000714a00000| Untracked 
| 193|0x0000000714b00000, 0x0000000714b00000, 0x0000000714c00000|  0%| F|  |TAMS 0x0000000714b00000, 0x0000000714b00000| Untracked 
| 194|0x0000000714c00000, 0x0000000714c00000, 0x0000000714d00000|  0%| F|  |TAMS 0x0000000714c00000, 0x0000000714c00000| Untracked 
| 195|0x0000000714d00000, 0x0000000714d00000, 0x0000000714e00000|  0%| F|  |TAMS 0x0000000714d00000, 0x0000000714d00000| Untracked 
| 196|0x0000000714e00000, 0x0000000714e00000, 0x0000000714f00000|  0%| F|  |TAMS 0x0000000714e00000, 0x0000000714e00000| Untracked 
| 197|0x0000000714f00000, 0x0000000714f00000, 0x0000000715000000|  0%| F|  |TAMS 0x0000000714f00000, 0x0000000714f00000| Untracked 
| 198|0x0000000715000000, 0x0000000715000000, 0x0000000715100000|  0%| F|  |TAMS 0x0000000715000000, 0x0000000715000000| Untracked 
| 199|0x0000000715100000, 0x0000000715100000, 0x0000000715200000|  0%| F|  |TAMS 0x0000000715100000, 0x0000000715100000| Untracked 
| 200|0x0000000715200000, 0x0000000715200000, 0x0000000715300000|  0%| F|  |TAMS 0x0000000715200000, 0x0000000715200000| Untracked 
| 201|0x0000000715300000, 0x0000000715300000, 0x0000000715400000|  0%| F|  |TAMS 0x0000000715300000, 0x0000000715300000| Untracked 
| 202|0x0000000715400000, 0x0000000715400000, 0x0000000715500000|  0%| F|  |TAMS 0x0000000715400000, 0x0000000715400000| Untracked 
| 203|0x0000000715500000, 0x0000000715500000, 0x0000000715600000|  0%| F|  |TAMS 0x0000000715500000, 0x0000000715500000| Untracked 
| 204|0x0000000715600000, 0x0000000715600000, 0x0000000715700000|  0%| F|  |TAMS 0x0000000715600000, 0x0000000715600000| Untracked 
| 205|0x0000000715700000, 0x0000000715700000, 0x0000000715800000|  0%| F|  |TAMS 0x0000000715700000, 0x0000000715700000| Untracked 
| 206|0x0000000715800000, 0x0000000715800000, 0x0000000715900000|  0%| F|  |TAMS 0x0000000715800000, 0x0000000715800000| Untracked 
| 207|0x0000000715900000, 0x0000000715900000, 0x0000000715a00000|  0%| F|  |TAMS 0x0000000715900000, 0x0000000715900000| Untracked 
| 208|0x0000000715a00000, 0x0000000715a00000, 0x0000000715b00000|  0%| F|  |TAMS 0x0000000715a00000, 0x0000000715a00000| Untracked 
| 209|0x0000000715b00000, 0x0000000715b00000, 0x0000000715c00000|  0%| F|  |TAMS 0x0000000715b00000, 0x0000000715b00000| Untracked 
| 210|0x0000000715c00000, 0x0000000715c00000, 0x0000000715d00000|  0%| F|  |TAMS 0x0000000715c00000, 0x0000000715c00000| Untracked 
| 211|0x0000000715d00000, 0x0000000715d00000, 0x0000000715e00000|  0%| F|  |TAMS 0x0000000715d00000, 0x0000000715d00000| Untracked 
| 212|0x0000000715e00000, 0x0000000715e00000, 0x0000000715f00000|  0%| F|  |TAMS 0x0000000715e00000, 0x0000000715e00000| Untracked 
| 213|0x0000000715f00000, 0x0000000715f00000, 0x0000000716000000|  0%| F|  |TAMS 0x0000000715f00000, 0x0000000715f00000| Untracked 
| 214|0x0000000716000000, 0x0000000716000000, 0x0000000716100000|  0%| F|  |TAMS 0x0000000716000000, 0x0000000716000000| Untracked 
| 215|0x0000000716100000, 0x0000000716100000, 0x0000000716200000|  0%| F|  |TAMS 0x0000000716100000, 0x0000000716100000| Untracked 
| 216|0x0000000716200000, 0x0000000716200000, 0x0000000716300000|  0%| F|  |TAMS 0x0000000716200000, 0x0000000716200000| Untracked 
| 217|0x0000000716300000, 0x0000000716300000, 0x0000000716400000|  0%| F|  |TAMS 0x0000000716300000, 0x0000000716300000| Untracked 
| 218|0x0000000716400000, 0x0000000716400000, 0x0000000716500000|  0%| F|  |TAMS 0x0000000716400000, 0x0000000716400000| Untracked 
| 219|0x0000000716500000, 0x0000000716500000, 0x0000000716600000|  0%| F|  |TAMS 0x0000000716500000, 0x0000000716500000| Untracked 
| 220|0x0000000716600000, 0x0000000716600000, 0x0000000716700000|  0%| F|  |TAMS 0x0000000716600000, 0x0000000716600000| Untracked 
| 221|0x0000000716700000, 0x0000000716700000, 0x0000000716800000|  0%| F|  |TAMS 0x0000000716700000, 0x0000000716700000| Untracked 
| 222|0x0000000716800000, 0x0000000716800000, 0x0000000716900000|  0%| F|  |TAMS 0x0000000716800000, 0x0000000716800000| Untracked 
| 223|0x0000000716900000, 0x0000000716900000, 0x0000000716a00000|  0%| F|  |TAMS 0x0000000716900000, 0x0000000716900000| Untracked 
| 224|0x0000000716a00000, 0x0000000716a00000, 0x0000000716b00000|  0%| F|  |TAMS 0x0000000716a00000, 0x0000000716a00000| Untracked 
| 225|0x0000000716b00000, 0x0000000716b00000, 0x0000000716c00000|  0%| F|  |TAMS 0x0000000716b00000, 0x0000000716b00000| Untracked 
| 226|0x0000000716c00000, 0x0000000716c00000, 0x0000000716d00000|  0%| F|  |TAMS 0x0000000716c00000, 0x0000000716c00000| Untracked 
| 227|0x0000000716d00000, 0x0000000716d00000, 0x0000000716e00000|  0%| F|  |TAMS 0x0000000716d00000, 0x0000000716d00000| Untracked 
| 228|0x0000000716e00000, 0x0000000716e00000, 0x0000000716f00000|  0%| F|  |TAMS 0x0000000716e00000, 0x0000000716e00000| Untracked 
| 229|0x0000000716f00000, 0x0000000716f00000, 0x0000000717000000|  0%| F|  |TAMS 0x0000000716f00000, 0x0000000716f00000| Untracked 
| 230|0x0000000717000000, 0x0000000717000000, 0x0000000717100000|  0%| F|  |TAMS 0x0000000717000000, 0x0000000717000000| Untracked 
| 231|0x0000000717100000, 0x0000000717100000, 0x0000000717200000|  0%| F|  |TAMS 0x0000000717100000, 0x0000000717100000| Untracked 
| 232|0x0000000717200000, 0x0000000717200000, 0x0000000717300000|  0%| F|  |TAMS 0x0000000717200000, 0x0000000717200000| Untracked 
| 233|0x0000000717300000, 0x0000000717300000, 0x0000000717400000|  0%| F|  |TAMS 0x0000000717300000, 0x0000000717300000| Untracked 
| 234|0x0000000717400000, 0x0000000717400000, 0x0000000717500000|  0%| F|  |TAMS 0x0000000717400000, 0x0000000717400000| Untracked 
| 235|0x0000000717500000, 0x0000000717500000, 0x0000000717600000|  0%| F|  |TAMS 0x0000000717500000, 0x0000000717500000| Untracked 
| 236|0x0000000717600000, 0x0000000717600000, 0x0000000717700000|  0%| F|  |TAMS 0x0000000717600000, 0x0000000717600000| Untracked 
| 237|0x0000000717700000, 0x0000000717700000, 0x0000000717800000|  0%| F|  |TAMS 0x0000000717700000, 0x0000000717700000| Untracked 
| 238|0x0000000717800000, 0x0000000717900000, 0x0000000717900000|100%| E|  |TAMS 0x0000000717800000, 0x0000000717800000| Complete 
| 239|0x0000000717900000, 0x0000000717a00000, 0x0000000717a00000|100%| E|CS|TAMS 0x0000000717900000, 0x0000000717900000| Complete 
| 240|0x0000000717a00000, 0x0000000717b00000, 0x0000000717b00000|100%| E|CS|TAMS 0x0000000717a00000, 0x0000000717a00000| Complete 
| 241|0x0000000717b00000, 0x0000000717c00000, 0x0000000717c00000|100%| E|CS|TAMS 0x0000000717b00000, 0x0000000717b00000| Complete 
| 242|0x0000000717c00000, 0x0000000717d00000, 0x0000000717d00000|100%| E|CS|TAMS 0x0000000717c00000, 0x0000000717c00000| Complete 
| 243|0x0000000717d00000, 0x0000000717e00000, 0x0000000717e00000|100%| E|CS|TAMS 0x0000000717d00000, 0x0000000717d00000| Complete 
| 244|0x0000000717e00000, 0x0000000717f00000, 0x0000000717f00000|100%| E|  |TAMS 0x0000000717e00000, 0x0000000717e00000| Complete 
| 245|0x0000000717f00000, 0x0000000718000000, 0x0000000718000000|100%| E|CS|TAMS 0x0000000717f00000, 0x0000000717f00000| Complete 
| 246|0x0000000718000000, 0x0000000718100000, 0x0000000718100000|100%| E|CS|TAMS 0x0000000718000000, 0x0000000718000000| Complete 
| 247|0x0000000718100000, 0x0000000718200000, 0x0000000718200000|100%| E|CS|TAMS 0x0000000718100000, 0x0000000718100000| Complete 
|2932|0x00000007bfe00000, 0x00000007bfe48000, 0x00000007bff00000| 28%|OA|  |TAMS 0x00000007bfe00000, 0x00000007bfe00000| Untracked 
|2933|0x00000007bff00000, 0x00000007bff6c000, 0x00000007c0000000| 42%|CA|  |TAMS 0x00000007bff00000, 0x00000007bff00000| Untracked 

Card table byte_map: [0x00007ff2b1a2f000,0x00007ff2b21ea000] _byte_map_base: 0x00007ff2ae1ea000

Marking Bits (Prev, Next): (CMBitMap*) 0x00007ff2ac07d4e8, (CMBitMap*) 0x00007ff2ac07d520
 Prev Bits: [0x00007ff28c228000, 0x00007ff290000000)
 Next Bits: [0x00007ff288450000, 0x00007ff28c228000)

Polling page: 0x00007ff2b5553000

Metaspace:

Usage:
  Non-class:      5.74 MB capacity,     3.04 MB ( 53%) used,     2.69 MB ( 47%) free+waste,     4.25 KB ( <1%) overhead. 
      Class:    668.00 KB capacity,   372.02 KB ( 56%) used,   293.91 KB ( 44%) free+waste,     2.06 KB ( <1%) overhead. 
       Both:      6.39 MB capacity,     3.40 MB ( 53%) used,     2.98 MB ( 47%) free+waste,     6.31 KB ( <1%) overhead. 

Virtual space:
  Non-class space:        8.00 MB reserved,       5.75 MB ( 72%) committed 
      Class space:        1.00 GB reserved,     768.00 KB ( <1%) committed 
             Both:        1.01 GB reserved,       6.50 MB ( <1%) committed 

Chunk freelists:
   Non-Class:  12.00 KB
       Class:  4.00 KB
        Both:  16.00 KB

MaxMetaspaceSize: unlimited
CompressedClassSpaceSize: 1.00 GB
Initial GC threshold: 20.80 MB
Current GC threshold: 20.80 MB
CDS: on

CodeHeap 'non-profiled nmethods': size=119172Kb used=188Kb max_used=188Kb free=118983Kb
 bounds [0x00007ff29c364000, 0x00007ff29c5d4000, 0x00007ff2a37c5000]
CodeHeap 'profiled nmethods': size=119168Kb used=1442Kb max_used=1442Kb free=117725Kb
 bounds [0x00007ff294f04000, 0x00007ff295174000, 0x00007ff29c364000]
CodeHeap 'non-nmethods': size=7420Kb used=2267Kb max_used=2279Kb free=5153Kb
 bounds [0x00007ff2947c5000, 0x00007ff294a35000, 0x00007ff294f04000]
 total_blobs=1164 nmethods=765 adapters=311
 compilation: enabled
              stopped_count=0, restarted_count=0
 full_count=0

Compilation events (20 events):
Event: 0.140 Thread 0x00007ff25808d800 nmethod 754 0x00007ff29c391f90 code [0x00007ff29c392140, 0x00007ff29c392210]
Event: 0.140 Thread 0x00007ff2ac1fa000  755       1       org.antlr.v4.runtime.tree.TerminalNodeImpl::setParent (6 bytes)
Event: 0.140 Thread 0x00007ff2ac1fa000 nmethod 755 0x00007ff29c392290 code [0x00007ff29c392440, 0x00007ff29c392570]
Event: 0.142 Thread 0x00007ff25808d800  759       3       java.util.ArrayList::indexOfRange (71 bytes)
Event: 0.142 Thread 0x00007ff2ac1f8000  760       4       java.util.HashMap::getNode (148 bytes)
Event: 0.142 Thread 0x00007ff2541e1000  756       3       sun.reflect.annotation.AnnotationInvocationHandler::invoke (178 bytes)
Event: 0.142 Thread 0x00007ff25808d800 nmethod 759 0x00007ff295069590 code [0x00007ff295069780, 0x00007ff295069c20]
Event: 0.142 Thread 0x00007ff25808d800  757       3       java.lang.reflect.Method::getParameterCount (6 bytes)
Event: 0.142 Thread 0x00007ff25808d800 nmethod 757 0x00007ff295069e10 code [0x00007ff295069fc0, 0x00007ff29506a0f0]
Event: 0.142 Thread 0x00007ff25808d800  763       3       java.util.regex.Pattern::isSupplementary (20 bytes)
Event: 0.142 Thread 0x00007ff2ac1fa000  762       3       java.lang.Character::isSurrogate (18 bytes)
Event: 0.142 Thread 0x00007ff25808d800 nmethod 763 0x00007ff29506a190 code [0x00007ff29506a340, 0x00007ff29506a5b0]
Event: 0.142 Thread 0x00007ff2ac1fa000 nmethod 762 0x00007ff29506a690 code [0x00007ff29506a840, 0x00007ff29506a9b0]
Event: 0.142 Thread 0x00007ff2ac1fa000  758       3       java.util.ArrayList::indexOf (11 bytes)
Event: 0.142 Thread 0x00007ff25808d800  764       3       java.util.regex.Pattern::has (15 bytes)
Event: 0.142 Thread 0x00007ff2540d6800  765       4       java.nio.ByteBuffer::position (8 bytes)
Event: 0.142 Thread 0x00007ff2ac1fa000 nmethod 758 0x00007ff29506aa10 code [0x00007ff29506abc0, 0x00007ff29506ad20]
Event: 0.142 Thread 0x00007ff25808d800 nmethod 764 0x00007ff29506ae10 code [0x00007ff29506afc0, 0x00007ff29506b130]
Event: 0.142 Thread 0x00007ff2541e1000 nmethod 756 0x00007ff29506b190 code [0x00007ff29506b4a0, 0x00007ff29506c600]
Event: 0.143 Thread 0x00007ff2540d6800 nmethod 765 0x00007ff29c392a10 code [0x00007ff29c392ba0, 0x00007ff29c392c78]

GC Heap History (0 events):
No events

Deoptimization events (20 events):
Event: 0.113 Thread 0x00007ff2ac015800 DEOPT PACKING pc=0x00007ff294f540cf sp=0x00007ff2b3ce2510
Event: 0.113 Thread 0x00007ff2ac015800 DEOPT UNPACKING pc=0x00007ff29480f64a sp=0x00007ff2b3ce19b8 mode 0
Event: 0.114 Thread 0x00007ff2ac015800 DEOPT PACKING pc=0x00007ff294f540cf sp=0x00007ff2b3ce2510
Event: 0.114 Thread 0x00007ff2ac015800 DEOPT UNPACKING pc=0x00007ff29480f64a sp=0x00007ff2b3ce19b8 mode 0
Event: 0.134 Thread 0x00007ff2ac015800 Uncommon trap: trap_request=0xffffffc6 fr.pc=0x00007ff29c382b0c relative=0x00000000000003ac
Event: 0.134 Thread 0x00007ff2ac015800 Uncommon trap: reason=bimorphic_or_optimized_type_check action=maybe_recompile pc=0x00007ff29c382b0c method=java.util.HashMap.getNode(ILjava/lang/Object;)Ljava/util/HashMap$Node; @ 126 c2
Event: 0.134 Thread 0x00007ff2ac015800 DEOPT PACKING pc=0x00007ff29c382b0c sp=0x00007ff2b3ce30f0
Event: 0.134 Thread 0x00007ff2ac015800 DEOPT UNPACKING pc=0x00007ff29480eea5 sp=0x00007ff2b3ce3088 mode 2
Event: 0.136 Thread 0x00007ff2ac015800 Uncommon trap: trap_request=0xffffffc6 fr.pc=0x00007ff29c382b0c relative=0x00000000000003ac
Event: 0.136 Thread 0x00007ff2ac015800 Uncommon trap: reason=bimorphic_or_optimized_type_check action=maybe_recompile pc=0x00007ff29c382b0c method=java.util.HashMap.getNode(ILjava/lang/Object;)Ljava/util/HashMap$Node; @ 126 c2
Event: 0.136 Thread 0x00007ff2ac015800 DEOPT PACKING pc=0x00007ff29c382b0c sp=0x00007ff2b3ce2d30
Event: 0.136 Thread 0x00007ff2ac015800 DEOPT UNPACKING pc=0x00007ff29480eea5 sp=0x00007ff2b3ce2cc8 mode 2
Event: 0.138 Thread 0x00007ff2ac015800 Uncommon trap: trap_request=0xffffffc6 fr.pc=0x00007ff29c382b0c relative=0x00000000000003ac
Event: 0.138 Thread 0x00007ff2ac015800 Uncommon trap: reason=bimorphic_or_optimized_type_check action=maybe_recompile pc=0x00007ff29c382b0c method=java.util.HashMap.getNode(ILjava/lang/Object;)Ljava/util/HashMap$Node; @ 126 c2
Event: 0.138 Thread 0x00007ff2ac015800 DEOPT PACKING pc=0x00007ff29c382b0c sp=0x00007ff2b3ce2910
Event: 0.138 Thread 0x00007ff2ac015800 DEOPT UNPACKING pc=0x00007ff29480eea5 sp=0x00007ff2b3ce28a8 mode 2
Event: 0.139 Thread 0x00007ff2ac015800 Uncommon trap: trap_request=0xffffffc6 fr.pc=0x00007ff29c382b0c relative=0x00000000000003ac
Event: 0.139 Thread 0x00007ff2ac015800 Uncommon trap: reason=bimorphic_or_optimized_type_check action=maybe_recompile pc=0x00007ff29c382b0c method=java.util.HashMap.getNode(ILjava/lang/Object;)Ljava/util/HashMap$Node; @ 126 c2
Event: 0.139 Thread 0x00007ff2ac015800 DEOPT PACKING pc=0x00007ff29c382b0c sp=0x00007ff2b3ce29d0
Event: 0.139 Thread 0x00007ff2ac015800 DEOPT UNPACKING pc=0x00007ff29480eea5 sp=0x00007ff2b3ce2968 mode 2

Classes redefined (0 events):
No events

Internal exceptions (20 events):
Event: 0.065 Thread 0x00007ff2ac015800 Exception <a 'java/security/PrivilegedActionException'{0x0000000717db0470}> (0x0000000717db0470) thrown at [./src/hotspot/share/prims/jvm.cpp, line 1304]
Event: 0.065 Thread 0x00007ff2ac015800 Exception <a 'java/security/PrivilegedActionException'{0x0000000717db09e8}> (0x0000000717db09e8) thrown at [./src/hotspot/share/prims/jvm.cpp, line 1304]
Event: 0.065 Thread 0x00007ff2ac015800 Exception <a 'java/security/PrivilegedActionException'{0x0000000717db1600}> (0x0000000717db1600) thrown at [./src/hotspot/share/prims/jvm.cpp, line 1304]
Event: 0.065 Thread 0x00007ff2ac015800 Exception <a 'java/security/PrivilegedActionException'{0x0000000717db1b78}> (0x0000000717db1b78) thrown at [./src/hotspot/share/prims/jvm.cpp, line 1304]
Event: 0.065 Thread 0x00007ff2ac015800 Exception <a 'java/security/PrivilegedActionException'{0x0000000717db2790}> (0x0000000717db2790) thrown at [./src/hotspot/share/prims/jvm.cpp, line 1304]
Event: 0.065 Thread 0x00007ff2ac015800 Exception <a 'java/security/PrivilegedActionException'{0x0000000717db2d08}> (0x0000000717db2d08) thrown at [./src/hotspot/share/prims/jvm.cpp, line 1304]
Event: 0.065 Thread 0x00007ff2ac015800 Exception <a 'java/security/PrivilegedActionException'{0x0000000717db3938}> (0x0000000717db3938) thrown at [./src/hotspot/share/prims/jvm.cpp, line 1304]
Event: 0.065 Thread 0x00007ff2ac015800 Exception <a 'java/security/PrivilegedActionException'{0x0000000717db3eb0}> (0x0000000717db3eb0) thrown at [./src/hotspot/share/prims/jvm.cpp, line 1304]
Event: 0.065 Thread 0x00007ff2ac015800 Exception <a 'java/security/PrivilegedActionException'{0x0000000717db4ae0}> (0x0000000717db4ae0) thrown at [./src/hotspot/share/prims/jvm.cpp, line 1304]
Event: 0.065 Thread 0x00007ff2ac015800 Exception <a 'java/security/PrivilegedActionException'{0x0000000717db5058}> (0x0000000717db5058) thrown at [./src/hotspot/share/prims/jvm.cpp, line 1304]
Event: 0.065 Thread 0x00007ff2ac015800 Exception <a 'java/security/PrivilegedActionException'{0x0000000717db5c88}> (0x0000000717db5c88) thrown at [./src/hotspot/share/prims/jvm.cpp, line 1304]
Event: 0.065 Thread 0x00007ff2ac015800 Exception <a 'java/security/PrivilegedActionException'{0x0000000717db6200}> (0x0000000717db6200) thrown at [./src/hotspot/share/prims/jvm.cpp, line 1304]
Event: 0.065 Thread 0x00007ff2ac015800 Exception <a 'java/security/PrivilegedActionException'{0x0000000717db6e18}> (0x0000000717db6e18) thrown at [./src/hotspot/share/prims/jvm.cpp, line 1304]
Event: 0.065 Thread 0x00007ff2ac015800 Exception <a 'java/security/PrivilegedActionException'{0x0000000717db7390}> (0x0000000717db7390) thrown at [./src/hotspot/share/prims/jvm.cpp, line 1304]
Event: 0.065 Thread 0x00007ff2ac015800 Exception <a 'java/security/PrivilegedActionException'{0x0000000717db8218}> (0x0000000717db8218) thrown at [./src/hotspot/share/prims/jvm.cpp, line 1304]
Event: 0.065 Thread 0x00007ff2ac015800 Exception <a 'java/security/PrivilegedActionException'{0x0000000717db8790}> (0x0000000717db8790) thrown at [./src/hotspot/share/prims/jvm.cpp, line 1304]
Event: 0.077 Thread 0x00007ff2ac015800 Exception <a 'java/lang/NoSuchMethodError'{0x0000000717c279f8}: 'int java.lang.invoke.DirectMethodHandle$Holder.invokeStaticInit(java.lang.Object, java.lang.Object, java.lang.Object, java.lang.Object)'> (0x0000000717c279f8) thrown at [./src/hotspot/share/interpreter/linkResolver.cpp, line 772]
Event: 0.078 Thread 0x00007ff2ac015800 Exception <a 'java/lang/IncompatibleClassChangeError'{0x0000000717c31ee0}: Found class java.lang.Object, but interface was expected> (0x0000000717c31ee0) thrown at [./src/hotspot/share/interpreter/linkResolver.cpp, line 839]
Event: 0.078 Thread 0x00007ff2ac015800 Exception <a 'java/lang/NoSuchMethodError'{0x0000000717c35130}: 'void java.lang.invoke.DirectMethodHandle$Holder.invokeStaticInit(java.lang.Object, java.lang.Object)'> (0x0000000717c35130) thrown at [./src/hotspot/share/interpreter/linkResolver.cpp, line 772]
Event: 0.079 Thread 0x00007ff2ac015800 Exception <a 'java/lang/NoSuchMethodError'{0x0000000717c3ae20}: 'int java.lang.invoke.DirectMethodHandle$Holder.invokeStaticInit(java.lang.Object, java.lang.Object)'> (0x0000000717c3ae20) thrown at [./src/hotspot/share/interpreter/linkResolver.cpp, line 772]

Events (20 events):
Event: 0.141 loading class semantic_check/IntType
Event: 0.141 loading class semantic_check/IntType done
Event: 0.141 loading class semantic_check/VoidType
Event: 0.141 loading class semantic_check/VoidType done
Event: 0.141 loading class semantic_check/FunctionType
Event: 0.141 loading class semantic_check/FunctionType done
Event: 0.141 loading class semantic_check/ArrayType
Event: 0.141 loading class semantic_check/ArrayType done
Event: 0.141 loading class semantic_check/SymbolTable
Event: 0.141 loading class semantic_check/SymbolTable done
Event: 0.141 loading class java/util/Stack
Event: 0.141 loading class java/util/Stack done
Event: 0.141 Executing VM operation: Deoptimize
Event: 0.141 Executing VM operation: Deoptimize done
Event: 0.141 loading class semantic_check/Symbol
Event: 0.141 loading class semantic_check/Symbol done
Event: 0.142 loading class org/bytedeco/javacpp/PointerScope
Event: 0.142 loading class org/bytedeco/javacpp/PointerScope done
Event: 0.143 loading class org/bytedeco/javacpp/PointerScope$1
Event: 0.143 loading class org/bytedeco/javacpp/PointerScope$1 done


Dynamic libraries:
708a00000-718200000 rw-p 00000000 00:00 0 
718200000-7bfe00000 ---p 00000000 00:00 0 
7bfe00000-7bfe48000 rw-p 00b14000 08:20 134904                           /usr/lib/jvm/java-11-openjdk-amd64/lib/server/classes.jsa
7bfe48000-7bff00000 rw-p 00000000 00:00 0 
7bff00000-7bff6c000 rw-p 00aa8000 08:20 134904                           /usr/lib/jvm/java-11-openjdk-amd64/lib/server/classes.jsa
7bff6c000-7c0000000 rw-p 00000000 00:00 0 
7c0000000-800000000 ---p 00000000 00:00 0 
800000000-800002000 rwxp 00001000 08:20 134904                           /usr/lib/jvm/java-11-openjdk-amd64/lib/server/classes.jsa
800002000-8003ce000 rw-p 00003000 08:20 134904                           /usr/lib/jvm/java-11-openjdk-amd64/lib/server/classes.jsa
8003ce000-800aa6000 r--p 003cf000 08:20 134904                           /usr/lib/jvm/java-11-openjdk-amd64/lib/server/classes.jsa
800aa6000-800aa7000 rw-p 00aa7000 08:20 134904                           /usr/lib/jvm/java-11-openjdk-amd64/lib/server/classes.jsa
840000000-8400c0000 rw-p 00000000 00:00 0 
8400c0000-880000000 ---p 00000000 00:00 0 
55b4a2f29000-55b4a2f2a000 r--p 00000000 08:20 134294                     /usr/lib/jvm/java-11-openjdk-amd64/bin/java
55b4a2f2a000-55b4a2f2b000 r-xp 00001000 08:20 134294                     /usr/lib/jvm/java-11-openjdk-amd64/bin/java
55b4a2f2b000-55b4a2f2c000 r--p 00002000 08:20 134294                     /usr/lib/jvm/java-11-openjdk-amd64/bin/java
55b4a2f2c000-55b4a2f2d000 r--p 00002000 08:20 134294                     /usr/lib/jvm/java-11-openjdk-amd64/bin/java
55b4a2f2d000-55b4a2f2e000 rw-p 00003000 08:20 134294                     /usr/lib/jvm/java-11-openjdk-amd64/bin/java
55b4afab6000-55b4afad7000 rw-p 00000000 00:00 0                          [heap]
7ff234000000-7ff234021000 rw-p 00000000 00:00 0 
7ff234021000-7ff238000000 ---p 00000000 00:00 0 
7ff23952c000-7ff239e52000 r--p 00000000 08:20 204242                     /home/crz/.javacpp/cache/llvm-13.0.1-1.5.7-linux-x86_64.jar/org/bytedeco/llvm/linux-x86_64/libLLVM-13.so
7ff239e52000-7ff23d815000 r-xp 00926000 08:20 204242                     /home/crz/.javacpp/cache/llvm-13.0.1-1.5.7-linux-x86_64.jar/org/bytedeco/llvm/linux-x86_64/libLLVM-13.so
7ff23d815000-7ff23fa6a000 r--p 042e9000 08:20 204242                     /home/crz/.javacpp/cache/llvm-13.0.1-1.5.7-linux-x86_64.jar/org/bytedeco/llvm/linux-x86_64/libLLVM-13.so
7ff23fa6a000-7ff23ff7f000 r--p 0653d000 08:20 204242                     /home/crz/.javacpp/cache/llvm-13.0.1-1.5.7-linux-x86_64.jar/org/bytedeco/llvm/linux-x86_64/libLLVM-13.so
7ff23ff7f000-7ff23ff8a000 rw-p 06a52000 08:20 204242                     /home/crz/.javacpp/cache/llvm-13.0.1-1.5.7-linux-x86_64.jar/org/bytedeco/llvm/linux-x86_64/libLLVM-13.so
7ff23ff8a000-7ff240000000 rw-p 00000000 00:00 0 
7ff240000000-7ff2400ec000 rw-p 00000000 00:00 0 
7ff2400ec000-7ff244000000 ---p 00000000 00:00 0 
7ff244000000-7ff244021000 rw-p 00000000 00:00 0 
7ff244021000-7ff248000000 ---p 00000000 00:00 0 
7ff248000000-7ff248021000 rw-p 00000000 00:00 0 
7ff248021000-7ff24c000000 ---p 00000000 00:00 0 
7ff24c000000-7ff24c021000 rw-p 00000000 00:00 0 
7ff24c021000-7ff250000000 ---p 00000000 00:00 0 
7ff250000000-7ff250021000 rw-p 00000000 00:00 0 
7ff250021000-7ff254000000 ---p 00000000 00:00 0 
7ff254000000-7ff25438a000 rw-p 00000000 00:00 0 
7ff25438a000-7ff258000000 ---p 00000000 00:00 0 
7ff258000000-7ff2581a0000 rw-p 00000000 00:00 0 
7ff2581a0000-7ff25c000000 ---p 00000000 00:00 0 
7ff25c000000-7ff25c160000 rw-p 00000000 00:00 0 
7ff25c160000-7ff260000000 ---p 00000000 00:00 0 
7ff260000000-7ff260021000 rw-p 00000000 00:00 0 
7ff260021000-7ff264000000 ---p 00000000 00:00 0 
7ff264000000-7ff264021000 rw-p 00000000 00:00 0 
7ff264021000-7ff268000000 ---p 00000000 00:00 0 
7ff268000000-7ff268021000 rw-p 00000000 00:00 0 
7ff268021000-7ff26c000000 ---p 00000000 00:00 0 
7ff26c000000-7ff26c021000 rw-p 00000000 00:00 0 
7ff26c021000-7ff270000000 ---p 00000000 00:00 0 
7ff270000000-7ff270021000 rw-p 00000000 00:00 0 
7ff270021000-7ff274000000 ---p 00000000 00:00 0 
7ff274000000-7ff274021000 rw-p 00000000 00:00 0 
7ff274021000-7ff278000000 ---p 00000000 00:00 0 
7ff278000000-7ff278021000 rw-p 00000000 00:00 0 
7ff278021000-7ff27c000000 ---p 00000000 00:00 0 
7ff27c000000-7ff27c021000 rw-p 00000000 00:00 0 
7ff27c021000-7ff280000000 ---p 00000000 00:00 0 
7ff280a0c000-7ff280a10000 ---p 00000000 00:00 0 
7ff280a10000-7ff280b0c000 rw-p 00000000 00:00 0 
7ff280b0c000-7ff280b71000 r--p 00000000 08:20 204256                     /home/crz/.javacpp/cache/llvm-13.0.1-1.5.7-linux-x86_64.jar/org/bytedeco/llvm/linux-x86_64/libjniLLVM.so
7ff280b71000-7ff280bdf000 r-xp 00065000 08:20 204256                     /home/crz/.javacpp/cache/llvm-13.0.1-1.5.7-linux-x86_64.jar/org/bytedeco/llvm/linux-x86_64/libjniLLVM.so
7ff280bdf000-7ff280c0a000 r--p 000d3000 08:20 204256                     /home/crz/.javacpp/cache/llvm-13.0.1-1.5.7-linux-x86_64.jar/org/bytedeco/llvm/linux-x86_64/libjniLLVM.so
7ff280c0a000-7ff280c0d000 r--p 000fd000 08:20 204256                     /home/crz/.javacpp/cache/llvm-13.0.1-1.5.7-linux-x86_64.jar/org/bytedeco/llvm/linux-x86_64/libjniLLVM.so
7ff280c0d000-7ff280c10000 rw-p 00100000 08:20 204256                     /home/crz/.javacpp/cache/llvm-13.0.1-1.5.7-linux-x86_64.jar/org/bytedeco/llvm/linux-x86_64/libjniLLVM.so
7ff280c10000-7ff280c12000 rw-p 00000000 00:00 0 
7ff280c12000-7ff280c16000 ---p 00000000 00:00 0 
7ff280c16000-7ff280d12000 rw-p 00000000 00:00 0 
7ff280d12000-7ff280d16000 ---p 00000000 00:00 0 
7ff280d16000-7ff280e12000 rw-p 00000000 00:00 0 
7ff280e12000-7ff280e16000 ---p 00000000 00:00 0 
7ff280e16000-7ff280f12000 rw-p 00000000 00:00 0 
7ff280f12000-7ff280f13000 ---p 00000000 00:00 0 
7ff280f13000-7ff281013000 rw-p 00000000 00:00 0 
7ff281013000-7ff281017000 ---p 00000000 00:00 0 
7ff281017000-7ff281113000 rw-p 00000000 00:00 0 
7ff281113000-7ff281117000 ---p 00000000 00:00 0 
7ff281117000-7ff281213000 rw-p 00000000 00:00 0 
7ff281213000-7ff281800000 r--p 00000000 08:20 13349                      /usr/lib/locale/locale-archive
7ff281800000-7ff281dc0000 rw-p 00000000 00:00 0 
7ff281dc0000-7ff282000000 ---p 00000000 00:00 0 
7ff282000000-7ff284000000 rw-p 00000000 00:00 0 
7ff284000000-7ff284021000 rw-p 00000000 00:00 0 
7ff284021000-7ff288000000 ---p 00000000 00:00 0 
7ff288050000-7ff288054000 ---p 00000000 00:00 0 
7ff288054000-7ff288150000 rw-p 00000000 00:00 0 
7ff288150000-7ff288154000 ---p 00000000 00:00 0 
7ff288154000-7ff288250000 rw-p 00000000 00:00 0 
7ff288250000-7ff288254000 ---p 00000000 00:00 0 
7ff288254000-7ff288350000 rw-p 00000000 00:00 0 
7ff288350000-7ff288354000 ---p 00000000 00:00 0 
7ff288354000-7ff288830000 rw-p 00000000 00:00 0 
7ff288830000-7ff28b220000 ---p 00000000 00:00 0 
7ff28b220000-7ff28b228000 rw-p 00000000 00:00 0 
7ff28b228000-7ff28c228000 ---p 00000000 00:00 0 
7ff28c228000-7ff28c608000 rw-p 00000000 00:00 0 
7ff28c608000-7ff28eff8000 ---p 00000000 00:00 0 
7ff28eff8000-7ff28f000000 rw-p 00000000 00:00 0 
7ff28f000000-7ff290000000 ---p 00000000 00:00 0 
7ff290000000-7ff290021000 rw-p 00000000 00:00 0 
7ff290021000-7ff294000000 ---p 00000000 00:00 0 
7ff29404e000-7ff294055000 r--s 00000000 08:20 126784                     /usr/lib/x86_64-linux-gnu/gconv/gconv-modules.cache
7ff294055000-7ff294056000 r--p 00000000 08:20 204251                     /home/crz/.javacpp/cache/llvm-13.0.1-1.5.7-linux-x86_64.jar/org/bytedeco/llvm/linux-x86_64/libRemarks.so.13
7ff294056000-7ff294057000 r-xp 00001000 08:20 204251                     /home/crz/.javacpp/cache/llvm-13.0.1-1.5.7-linux-x86_64.jar/org/bytedeco/llvm/linux-x86_64/libRemarks.so.13
7ff294057000-7ff294058000 r--p 00002000 08:20 204251                     /home/crz/.javacpp/cache/llvm-13.0.1-1.5.7-linux-x86_64.jar/org/bytedeco/llvm/linux-x86_64/libRemarks.so.13
7ff294058000-7ff294059000 r--p 00002000 08:20 204251                     /home/crz/.javacpp/cache/llvm-13.0.1-1.5.7-linux-x86_64.jar/org/bytedeco/llvm/linux-x86_64/libRemarks.so.13
7ff294059000-7ff29405a000 rw-p 00003000 08:20 204251                     /home/crz/.javacpp/cache/llvm-13.0.1-1.5.7-linux-x86_64.jar/org/bytedeco/llvm/linux-x86_64/libRemarks.so.13
7ff29405a000-7ff29405b000 r--p 00000000 08:20 104103                     /usr/lib/x86_64-linux-gnu/libdl.so.2
7ff29405b000-7ff29405c000 r-xp 00001000 08:20 104103                     /usr/lib/x86_64-linux-gnu/libdl.so.2
7ff29405c000-7ff29405d000 r--p 00002000 08:20 104103                     /usr/lib/x86_64-linux-gnu/libdl.so.2
7ff29405d000-7ff29405e000 r--p 00002000 08:20 104103                     /usr/lib/x86_64-linux-gnu/libdl.so.2
7ff29405e000-7ff29405f000 rw-p 00003000 08:20 104103                     /usr/lib/x86_64-linux-gnu/libdl.so.2
7ff29405f000-7ff294060000 r--p 00000000 08:20 104244                     /usr/lib/x86_64-linux-gnu/libpthread.so.0
7ff294060000-7ff294061000 r-xp 00001000 08:20 104244                     /usr/lib/x86_64-linux-gnu/libpthread.so.0
7ff294061000-7ff294062000 r--p 00002000 08:20 104244                     /usr/lib/x86_64-linux-gnu/libpthread.so.0
7ff294062000-7ff294063000 r--p 00002000 08:20 104244                     /usr/lib/x86_64-linux-gnu/libpthread.so.0
7ff294063000-7ff294064000 rw-p 00003000 08:20 104244                     /usr/lib/x86_64-linux-gnu/libpthread.so.0
7ff294064000-7ff29406b000 r--p 00000000 08:20 204245                     /home/crz/.javacpp/cache/llvm-13.0.1-1.5.7-linux-x86_64.jar/org/bytedeco/llvm/linux-x86_64/libLTO.so.13
7ff29406b000-7ff294073000 r-xp 00007000 08:20 204245                     /home/crz/.javacpp/cache/llvm-13.0.1-1.5.7-linux-x86_64.jar/org/bytedeco/llvm/linux-x86_64/libLTO.so.13
7ff294073000-7ff294075000 r--p 0000f000 08:20 204245                     /home/crz/.javacpp/cache/llvm-13.0.1-1.5.7-linux-x86_64.jar/org/bytedeco/llvm/linux-x86_64/libLTO.so.13
7ff294075000-7ff294076000 r--p 00010000 08:20 204245                     /home/crz/.javacpp/cache/llvm-13.0.1-1.5.7-linux-x86_64.jar/org/bytedeco/llvm/linux-x86_64/libLTO.so.13
7ff294076000-7ff294077000 rw-p 00011000 08:20 204245                     /home/crz/.javacpp/cache/llvm-13.0.1-1.5.7-linux-x86_64.jar/org/bytedeco/llvm/linux-x86_64/libLTO.so.13
7ff294077000-7ff29407b000 r--p 00000000 08:20 204229                     /home/crz/.javacpp/cache/javacpp-1.5.7-linux-x86_64.jar/org/bytedeco/javacpp/linux-x86_64/libjnijavacpp.so
7ff29407b000-7ff294082000 r-xp 00004000 08:20 204229                     /home/crz/.javacpp/cache/javacpp-1.5.7-linux-x86_64.jar/org/bytedeco/javacpp/linux-x86_64/libjnijavacpp.so
7ff294082000-7ff294086000 r--p 0000b000 08:20 204229                     /home/crz/.javacpp/cache/javacpp-1.5.7-linux-x86_64.jar/org/bytedeco/javacpp/linux-x86_64/libjnijavacpp.so
7ff294086000-7ff294087000 r--p 0000e000 08:20 204229                     /home/crz/.javacpp/cache/javacpp-1.5.7-linux-x86_64.jar/org/bytedeco/javacpp/linux-x86_64/libjnijavacpp.so
7ff294087000-7ff294088000 rw-p 0000f000 08:20 204229                     /home/crz/.javacpp/cache/javacpp-1.5.7-linux-x86_64.jar/org/bytedeco/javacpp/linux-x86_64/libjnijavacpp.so
7ff294088000-7ff2940b9000 rw-p 00000000 00:00 0 
7ff2940b9000-7ff2940bd000 r--p 00000000 08:20 134444                     /usr/lib/jvm/java-11-openjdk-amd64/lib/libnet.so
7ff2940bd000-7ff2940cb000 r-xp 00004000 08:20 134444                     /usr/lib/jvm/java-11-openjdk-amd64/lib/libnet.so
7ff2940cb000-7ff2940cf000 r--p 00012000 08:20 134444                     /usr/lib/jvm/java-11-openjdk-amd64/lib/libnet.so
7ff2940cf000-7ff2940d0000 r--p 00015000 08:20 134444                     /usr/lib/jvm/java-11-openjdk-amd64/lib/libnet.so
7ff2940d0000-7ff2940d1000 rw-p 00016000 08:20 134444                     /usr/lib/jvm/java-11-openjdk-amd64/lib/libnet.so
7ff2940d1000-7ff2940d8000 r--p 00000000 08:20 134445                     /usr/lib/jvm/java-11-openjdk-amd64/lib/libnio.so
7ff2940d8000-7ff2940e0000 r-xp 00007000 08:20 134445                     /usr/lib/jvm/java-11-openjdk-amd64/lib/libnio.so
7ff2940e0000-7ff2940e3000 r--p 0000f000 08:20 134445                     /usr/lib/jvm/java-11-openjdk-amd64/lib/libnio.so
7ff2940e3000-7ff2940e4000 r--p 00011000 08:20 134445                     /usr/lib/jvm/java-11-openjdk-amd64/lib/libnio.so
7ff2940e4000-7ff2940e5000 rw-p 00012000 08:20 134445                     /usr/lib/jvm/java-11-openjdk-amd64/lib/libnio.so
7ff2940e5000-7ff2940e9000 ---p 00000000 00:00 0 
7ff2940e9000-7ff2941e5000 rw-p 00000000 00:00 0 
7ff2941e5000-7ff2941e9000 ---p 00000000 00:00 0 
7ff2941e9000-7ff2942e5000 rw-p 00000000 00:00 0 
7ff2942e5000-7ff2942e6000 ---p 00000000 00:00 0 
7ff2942e6000-7ff2944c2000 rw-p 00000000 00:00 0 
7ff2944c2000-7ff2944c3000 ---p 00000000 00:00 0 
7ff2944c3000-7ff2945c3000 rw-p 00000000 00:00 0 
7ff2945c3000-7ff2945c4000 ---p 00000000 00:00 0 
7ff2945c4000-7ff2947c5000 rw-p 00000000 00:00 0 
7ff2947c5000-7ff294a35000 rwxp 00000000 00:00 0 
7ff294a35000-7ff294f04000 ---p 00000000 00:00 0 
7ff294f04000-7ff295174000 rwxp 00000000 00:00 0 
7ff295174000-7ff29c364000 ---p 00000000 00:00 0 
7ff29c364000-7ff29c5d4000 rwxp 00000000 00:00 0 
7ff29c5d4000-7ff2a37c5000 ---p 00000000 00:00 0 
7ff2a37c5000-7ff2ac000000 r--s 00000000 08:20 134454                     /usr/lib/jvm/java-11-openjdk-amd64/lib/modules
7ff2ac000000-7ff2ac444000 rw-p 00000000 00:00 0 
7ff2ac444000-7ff2b0000000 ---p 00000000 00:00 0 
7ff2b0003000-7ff2b0e7b000 rw-p 00000000 00:00 0 
7ff2b0e7b000-7ff2b0e7c000 ---p 00000000 00:00 0 
7ff2b0e7c000-7ff2b0f7c000 rw-p 00000000 00:00 0 
7ff2b0f7c000-7ff2b0f7d000 ---p 00000000 00:00 0 
7ff2b0f7d000-7ff2b12f0000 rw-p 00000000 00:00 0 
7ff2b12f0000-7ff2b182e000 ---p 00000000 00:00 0 
7ff2b182e000-7ff2b182f000 rw-p 00000000 00:00 0 
7ff2b182f000-7ff2b1a2f000 ---p 00000000 00:00 0 
7ff2b1a2f000-7ff2b1aab000 rw-p 00000000 00:00 0 
7ff2b1aab000-7ff2b1fe9000 ---p 00000000 00:00 0 
7ff2b1fe9000-7ff2b1fea000 rw-p 00000000 00:00 0 
7ff2b1fea000-7ff2b21ea000 ---p 00000000 00:00 0 
7ff2b21ea000-7ff2b2266000 rw-p 00000000 00:00 0 
7ff2b2266000-7ff2b27a4000 ---p 00000000 00:00 0 
7ff2b27a4000-7ff2b27a5000 rw-p 00000000 00:00 0 
7ff2b27a5000-7ff2b29a5000 ---p 00000000 00:00 0 
7ff2b29a5000-7ff2b38b4000 rw-p 00000000 00:00 0 
7ff2b38b4000-7ff2b38b5000 ---p 00000000 00:00 0 
7ff2b38b5000-7ff2b39ba000 rw-p 00000000 00:00 0 
7ff2b39ba000-7ff2b3a9e000 ---p 00000000 00:00 0 
7ff2b3a9e000-7ff2b3aa3000 rw-p 00000000 00:00 0 
7ff2b3aa3000-7ff2b3b87000 ---p 00000000 00:00 0 
7ff2b3b87000-7ff2b3b8c000 rw-p 00000000 00:00 0 
7ff2b3b8c000-7ff2b3b96000 ---p 00000000 00:00 0 
7ff2b3b96000-7ff2b3b98000 r--p 00000000 08:20 134453                     /usr/lib/jvm/java-11-openjdk-amd64/lib/libzip.so
7ff2b3b98000-7ff2b3b9d000 r-xp 00002000 08:20 134453                     /usr/lib/jvm/java-11-openjdk-amd64/lib/libzip.so
7ff2b3b9d000-7ff2b3b9f000 r--p 00007000 08:20 134453                     /usr/lib/jvm/java-11-openjdk-amd64/lib/libzip.so
7ff2b3b9f000-7ff2b3ba0000 r--p 00008000 08:20 134453                     /usr/lib/jvm/java-11-openjdk-amd64/lib/libzip.so
7ff2b3ba0000-7ff2b3ba1000 rw-p 00009000 08:20 134453                     /usr/lib/jvm/java-11-openjdk-amd64/lib/libzip.so
7ff2b3ba1000-7ff2b3ba9000 rw-s 00000000 08:20 204210                     /tmp/hsperfdata_crz/142839
7ff2b3ba9000-7ff2b3bab000 r--p 00000000 08:20 134436                     /usr/lib/jvm/java-11-openjdk-amd64/lib/libjimage.so
7ff2b3bab000-7ff2b3bae000 r-xp 00002000 08:20 134436                     /usr/lib/jvm/java-11-openjdk-amd64/lib/libjimage.so
7ff2b3bae000-7ff2b3baf000 r--p 00005000 08:20 134436                     /usr/lib/jvm/java-11-openjdk-amd64/lib/libjimage.so
7ff2b3baf000-7ff2b3bb0000 ---p 00006000 08:20 134436                     /usr/lib/jvm/java-11-openjdk-amd64/lib/libjimage.so
7ff2b3bb0000-7ff2b3bb1000 r--p 00006000 08:20 134436                     /usr/lib/jvm/java-11-openjdk-amd64/lib/libjimage.so
7ff2b3bb1000-7ff2b3bb2000 rw-p 00007000 08:20 134436                     /usr/lib/jvm/java-11-openjdk-amd64/lib/libjimage.so
7ff2b3bb2000-7ff2b3bc0000 r--p 00000000 08:20 134433                     /usr/lib/jvm/java-11-openjdk-amd64/lib/libjava.so
7ff2b3bc0000-7ff2b3bd6000 r-xp 0000e000 08:20 134433                     /usr/lib/jvm/java-11-openjdk-amd64/lib/libjava.so
7ff2b3bd6000-7ff2b3bdd000 r--p 00024000 08:20 134433                     /usr/lib/jvm/java-11-openjdk-amd64/lib/libjava.so
7ff2b3bdd000-7ff2b3bde000 r--p 0002a000 08:20 134433                     /usr/lib/jvm/java-11-openjdk-amd64/lib/libjava.so
7ff2b3bde000-7ff2b3bdf000 rw-p 0002b000 08:20 134433                     /usr/lib/jvm/java-11-openjdk-amd64/lib/libjava.so
7ff2b3bdf000-7ff2b3be0000 rw-p 00000000 00:00 0 
7ff2b3be0000-7ff2b3be1000 r--p 00000000 08:20 105137                     /usr/lib/x86_64-linux-gnu/librt.so.1
7ff2b3be1000-7ff2b3be2000 r-xp 00001000 08:20 105137                     /usr/lib/x86_64-linux-gnu/librt.so.1
7ff2b3be2000-7ff2b3be3000 r--p 00002000 08:20 105137                     /usr/lib/x86_64-linux-gnu/librt.so.1
7ff2b3be3000-7ff2b3be4000 r--p 00002000 08:20 105137                     /usr/lib/x86_64-linux-gnu/librt.so.1
7ff2b3be4000-7ff2b3be5000 rw-p 00003000 08:20 105137                     /usr/lib/x86_64-linux-gnu/librt.so.1
7ff2b3be5000-7ff2b3be9000 ---p 00000000 00:00 0 
7ff2b3be9000-7ff2b3ce5000 rw-p 00000000 00:00 0 
7ff2b3ce5000-7ff2b3ce8000 r--p 00000000 08:20 6709                       /usr/lib/x86_64-linux-gnu/libgcc_s.so.1
7ff2b3ce8000-7ff2b3cff000 r-xp 00003000 08:20 6709                       /usr/lib/x86_64-linux-gnu/libgcc_s.so.1
7ff2b3cff000-7ff2b3d03000 r--p 0001a000 08:20 6709                       /usr/lib/x86_64-linux-gnu/libgcc_s.so.1
7ff2b3d03000-7ff2b3d04000 r--p 0001d000 08:20 6709                       /usr/lib/x86_64-linux-gnu/libgcc_s.so.1
7ff2b3d04000-7ff2b3d05000 rw-p 0001e000 08:20 6709                       /usr/lib/x86_64-linux-gnu/libgcc_s.so.1
7ff2b3d05000-7ff2b3d13000 r--p 00000000 08:20 104109                     /usr/lib/x86_64-linux-gnu/libm.so.6
7ff2b3d13000-7ff2b3d8f000 r-xp 0000e000 08:20 104109                     /usr/lib/x86_64-linux-gnu/libm.so.6
7ff2b3d8f000-7ff2b3dea000 r--p 0008a000 08:20 104109                     /usr/lib/x86_64-linux-gnu/libm.so.6
7ff2b3dea000-7ff2b3deb000 r--p 000e4000 08:20 104109                     /usr/lib/x86_64-linux-gnu/libm.so.6
7ff2b3deb000-7ff2b3dec000 rw-p 000e5000 08:20 104109                     /usr/lib/x86_64-linux-gnu/libm.so.6
7ff2b3dec000-7ff2b3e86000 r--p 00000000 08:20 6947                       /usr/lib/x86_64-linux-gnu/libstdc++.so.6.0.30
7ff2b3e86000-7ff2b3f97000 r-xp 0009a000 08:20 6947                       /usr/lib/x86_64-linux-gnu/libstdc++.so.6.0.30
7ff2b3f97000-7ff2b4006000 r--p 001ab000 08:20 6947                       /usr/lib/x86_64-linux-gnu/libstdc++.so.6.0.30
7ff2b4006000-7ff2b4007000 ---p 0021a000 08:20 6947                       /usr/lib/x86_64-linux-gnu/libstdc++.so.6.0.30
7ff2b4007000-7ff2b4012000 r--p 0021a000 08:20 6947                       /usr/lib/x86_64-linux-gnu/libstdc++.so.6.0.30
7ff2b4012000-7ff2b4015000 rw-p 00225000 08:20 6947                       /usr/lib/x86_64-linux-gnu/libstdc++.so.6.0.30
7ff2b4015000-7ff2b4018000 rw-p 00000000 00:00 0 
7ff2b4018000-7ff2b429b000 r--p 00000000 08:20 134459                     /usr/lib/jvm/java-11-openjdk-amd64/lib/server/libjvm.so
7ff2b429b000-7ff2b4f46000 r-xp 00283000 08:20 134459                     /usr/lib/jvm/java-11-openjdk-amd64/lib/server/libjvm.so
7ff2b4f46000-7ff2b51a2000 r--p 00f2e000 08:20 134459                     /usr/lib/jvm/java-11-openjdk-amd64/lib/server/libjvm.so
7ff2b51a2000-7ff2b5266000 r--p 01189000 08:20 134459                     /usr/lib/jvm/java-11-openjdk-amd64/lib/server/libjvm.so
7ff2b5266000-7ff2b52a1000 rw-p 0124d000 08:20 134459                     /usr/lib/jvm/java-11-openjdk-amd64/lib/server/libjvm.so
7ff2b52a1000-7ff2b52fb000 rw-p 00000000 00:00 0 
7ff2b52fb000-7ff2b5323000 r--p 00000000 08:20 104085                     /usr/lib/x86_64-linux-gnu/libc.so.6
7ff2b5323000-7ff2b54b8000 r-xp 00028000 08:20 104085                     /usr/lib/x86_64-linux-gnu/libc.so.6
7ff2b54b8000-7ff2b5510000 r--p 001bd000 08:20 104085                     /usr/lib/x86_64-linux-gnu/libc.so.6
7ff2b5510000-7ff2b5511000 ---p 00215000 08:20 104085                     /usr/lib/x86_64-linux-gnu/libc.so.6
7ff2b5511000-7ff2b5515000 r--p 00215000 08:20 104085                     /usr/lib/x86_64-linux-gnu/libc.so.6
7ff2b5515000-7ff2b5517000 rw-p 00219000 08:20 104085                     /usr/lib/x86_64-linux-gnu/libc.so.6
7ff2b5517000-7ff2b5524000 rw-p 00000000 00:00 0 
7ff2b5524000-7ff2b5527000 r--p 00000000 08:20 134418                     /usr/lib/jvm/java-11-openjdk-amd64/lib/jli/libjli.so
7ff2b5527000-7ff2b5531000 r-xp 00003000 08:20 134418                     /usr/lib/jvm/java-11-openjdk-amd64/lib/jli/libjli.so
7ff2b5531000-7ff2b5534000 r--p 0000d000 08:20 134418                     /usr/lib/jvm/java-11-openjdk-amd64/lib/jli/libjli.so
7ff2b5534000-7ff2b5535000 ---p 00010000 08:20 134418                     /usr/lib/jvm/java-11-openjdk-amd64/lib/jli/libjli.so
7ff2b5535000-7ff2b5536000 r--p 00010000 08:20 134418                     /usr/lib/jvm/java-11-openjdk-amd64/lib/jli/libjli.so
7ff2b5536000-7ff2b5537000 rw-p 00011000 08:20 134418                     /usr/lib/jvm/java-11-openjdk-amd64/lib/jli/libjli.so
7ff2b5537000-7ff2b5539000 r--p 00000000 08:20 6997                       /usr/lib/x86_64-linux-gnu/libz.so.1.2.11
7ff2b5539000-7ff2b554a000 r-xp 00002000 08:20 6997                       /usr/lib/x86_64-linux-gnu/libz.so.1.2.11
7ff2b554a000-7ff2b5550000 r--p 00013000 08:20 6997                       /usr/lib/x86_64-linux-gnu/libz.so.1.2.11
7ff2b5550000-7ff2b5551000 ---p 00019000 08:20 6997                       /usr/lib/x86_64-linux-gnu/libz.so.1.2.11
7ff2b5551000-7ff2b5552000 r--p 00019000 08:20 6997                       /usr/lib/x86_64-linux-gnu/libz.so.1.2.11
7ff2b5552000-7ff2b5553000 rw-p 0001a000 08:20 6997                       /usr/lib/x86_64-linux-gnu/libz.so.1.2.11
7ff2b5553000-7ff2b5554000 ---p 00000000 00:00 0 
7ff2b5554000-7ff2b5555000 r--p 00000000 00:00 0 
7ff2b5555000-7ff2b555a000 r--p 00000000 08:20 134452                     /usr/lib/jvm/java-11-openjdk-amd64/lib/libverify.so
7ff2b555a000-7ff2b5561000 r-xp 00005000 08:20 134452                     /usr/lib/jvm/java-11-openjdk-amd64/lib/libverify.so
7ff2b5561000-7ff2b5563000 r--p 0000c000 08:20 134452                     /usr/lib/jvm/java-11-openjdk-amd64/lib/libverify.so
7ff2b5563000-7ff2b5565000 r--p 0000d000 08:20 134452                     /usr/lib/jvm/java-11-openjdk-amd64/lib/libverify.so
7ff2b5565000-7ff2b5566000 rw-p 0000f000 08:20 134452                     /usr/lib/jvm/java-11-openjdk-amd64/lib/libverify.so
7ff2b5566000-7ff2b5568000 rw-p 00000000 00:00 0 
7ff2b5568000-7ff2b556a000 r--p 00000000 08:20 104061                     /usr/lib/x86_64-linux-gnu/ld-linux-x86-64.so.2
7ff2b556a000-7ff2b5594000 r-xp 00002000 08:20 104061                     /usr/lib/x86_64-linux-gnu/ld-linux-x86-64.so.2
7ff2b5594000-7ff2b559f000 r--p 0002c000 08:20 104061                     /usr/lib/x86_64-linux-gnu/ld-linux-x86-64.so.2
7ff2b55a0000-7ff2b55a2000 r--p 00037000 08:20 104061                     /usr/lib/x86_64-linux-gnu/ld-linux-x86-64.so.2
7ff2b55a2000-7ff2b55a4000 rw-p 00039000 08:20 104061                     /usr/lib/x86_64-linux-gnu/ld-linux-x86-64.so.2
7ffcb45a4000-7ffcb45c5000 rw-p 00000000 00:00 0                          [stack]
7ffcb45ed000-7ffcb45f1000 r--p 00000000 00:00 0                          [vvar]
7ffcb45f1000-7ffcb45f3000 r-xp 00000000 00:00 0                          [vdso]


VM Arguments:
java_command: Main tests/IRtest_Lab4/test2.sysy tests/IRtest_Lab4/test2.ll
java_class_path (initial): ./classes:/usr/local/lib/antlr-4.9.1-complete.jar:/usr/local/lib/llvm-13.0.1-1.5.7.jar:/usr/local/lib/llvm-13.0.1-1.5.7-linux-x86_64.jar:/usr/local/lib/llvm-platform-13.0.1-1.5.7.jar:/usr/local/lib/javacpp-1.5.7-linux-x86_64.jar:/usr/local/lib/javacpp-1.5.7.jar
Launcher Type: SUN_STANDARD

[Global flags]
     intx CICompilerCount                          = 12                                        {product} {ergonomic}
     uint ConcGCThreads                            = 4                                         {product} {ergonomic}
     uint G1ConcRefinementThreads                  = 15                                        {product} {ergonomic}
   size_t G1HeapRegionSize                         = 1048576                                   {product} {ergonomic}
    uintx GCDrainStackTargetSize                   = 64                                        {product} {ergonomic}
   size_t InitialHeapSize                          = 260046848                                 {product} {ergonomic}
   size_t MarkStackSize                            = 4194304                                   {product} {ergonomic}
   size_t MaxHeapSize                              = 4150263808                                {product} {ergonomic}
   size_t MaxNewSize                               = 2489319424                                {product} {ergonomic}
   size_t MinHeapDeltaBytes                        = 1048576                                   {product} {ergonomic}
    uintx NonNMethodCodeHeapSize                   = 7594288                                {pd product} {ergonomic}
    uintx NonProfiledCodeHeapSize                  = 122031976                              {pd product} {ergonomic}
    uintx ProfiledCodeHeapSize                     = 122031976                              {pd product} {ergonomic}
    uintx ReservedCodeCacheSize                    = 251658240                              {pd product} {ergonomic}
     bool SegmentedCodeCache                       = true                                      {product} {ergonomic}
     bool UseCompressedClassPointers               = true                                 {lp64_product} {ergonomic}
     bool UseCompressedOops                        = true                                 {lp64_product} {ergonomic}
     bool UseG1GC                                  = true                                      {product} {ergonomic}

Logging:
Log output configuration:
 #0: stdout all=warning uptime,level,tags
 #1: stderr all=off uptime,level,tags

Environment Variables:
CLASSPATH=/usr/local/lib/antlr-4.9.1-complete.jar:/usr/local/lib/llvm-13.0.1-1.5.7.jar:/usr/local/lib/llvm-13.0.1-1.5.7-linux-x86_64.jar:/usr/local/lib/llvm-platform-13.0.1-1.5.7.jar:/usr/local/lib/javacpp-1.5.7-linux-x86_64.jar:/usr/local/lib/javacpp-1.5.7.jar
PATH=/home/crz/.local/bin:/home/crz/.cargo/bin:/home/crz/.local/bin:~/my_script:/usr/local/sbin:/usr/local/bin:/usr/sbin:/usr/bin:/sbin:/bin:/usr/games:/usr/local/games:/snap/bin:/mnt/c/Users/crz/AppData/Local/Programs/Microsoft VS Code/bin:/mnt/e/Microsoft\ VS\ Code/bin
SHELL=/bin/bash
DISPLAY=:0.0
LANG=en_US.UTF-8
LC_ALL=en_US.UTF-8
LC_CTYPE=en_US.UTF-8
LC_NUMERIC=en_US.UTF-8
LC_TIME=en_US.UTF-8
TERM=xterm-256color

Signal Handlers:
SIGSEGV: [libjvm.so+0xebbc90], sa_mask[0]=11111111011111111101111111111110, sa_flags=SA_RESTART|SA_SIGINFO
SIGBUS: [libjvm.so+0xebbc90], sa_mask[0]=11111111011111111101111111111110, sa_flags=SA_RESTART|SA_SIGINFO
SIGFPE: [libjvm.so+0xebbc90], sa_mask[0]=11111111011111111101111111111110, sa_flags=SA_RESTART|SA_SIGINFO
SIGPIPE: [libjvm.so+0xbfdf90], sa_mask[0]=11111111011111111101111111111110, sa_flags=SA_RESTART|SA_SIGINFO
SIGXFSZ: [libjvm.so+0xbfdf90], sa_mask[0]=11111111011111111101111111111110, sa_flags=SA_RESTART|SA_SIGINFO
SIGILL: [libjvm.so+0xebbc90], sa_mask[0]=11111111011111111101111111111110, sa_flags=SA_RESTART|SA_SIGINFO
SIGUSR2: [libjvm.so+0xbfde30], sa_mask[0]=00000000000000000000000000000000, sa_flags=SA_RESTART|SA_SIGINFO
SIGHUP: [libjvm.so+0xbfe5f0], sa_mask[0]=11111111011111111101111111111110, sa_flags=SA_RESTART|SA_SIGINFO
SIGINT: [libjvm.so+0xbfe5f0], sa_mask[0]=11111111011111111101111111111110, sa_flags=SA_RESTART|SA_SIGINFO
SIGTERM: [libjvm.so+0xbfe5f0], sa_mask[0]=11111111011111111101111111111110, sa_flags=SA_RESTART|SA_SIGINFO
SIGQUIT: [libjvm.so+0xbfe5f0], sa_mask[0]=11111111011111111101111111111110, sa_flags=SA_RESTART|SA_SIGINFO


---------------  S Y S T E M  ---------------

OS:DISTRIB_ID=Ubuntu
DISTRIB_RELEASE=22.04
DISTRIB_CODENAME=jammy
DISTRIB_DESCRIPTION="Ubuntu 22.04.5 LTS"
uname:Linux 5.15.167.4-microsoft-standard-WSL2 #1 SMP Tue Nov 5 00:21:55 UTC 2024 x86_64
OS uptime: 0 days 3:17 hours
libc:glibc 2.35 NPTL 2.35 
rlimit (soft/hard): STACK 8192k/infinity , CORE 0k/infinity , NPROC 63270/63270 , NOFILE 1048576/1048576 , AS infinity/infinity , CPU infinity/infinity , DATA infinity/infinity , FSIZE infinity/infinity , MEMLOCK 2025516k/2025516k
load average:1.15 0.33 0.17

/proc/meminfo:
MemTotal:       16204140 kB
MemFree:        12029512 kB
MemAvailable:   12926124 kB
Buffers:           10576 kB
Cached:          1122880 kB
SwapCached:            0 kB
Active:           215496 kB
Inactive:        3464968 kB
Active(anon):       2376 kB
Inactive(anon):  2586360 kB
Active(file):     213120 kB
Inactive(file):   878608 kB
Unevictable:           0 kB
Mlocked:               0 kB
SwapTotal:       4194304 kB
SwapFree:        4194304 kB
Dirty:                16 kB
Writeback:            56 kB
AnonPages:       2541960 kB
Mapped:           959568 kB
Shmem:             41728 kB
KReclaimable:     105248 kB
Slab:             197428 kB
SReclaimable:     105248 kB
SUnreclaim:        92180 kB
KernelStack:       10332 kB
PageTables:        17188 kB
NFS_Unstable:          0 kB
Bounce:                0 kB
WritebackTmp:          0 kB
CommitLimit:    12296372 kB
Committed_AS:    4829064 kB
VmallocTotal:   34359738367 kB
VmallocUsed:       33920 kB
VmallocChunk:          0 kB
Percpu:            15936 kB
AnonHugePages:   2099200 kB
ShmemHugePages:        0 kB
ShmemPmdMapped:        0 kB
FileHugePages:         0 kB
FilePmdMapped:         0 kB
HugePages_Total:       0
HugePages_Free:        0
HugePages_Rsvd:        0
HugePages_Surp:        0
Hugepagesize:       2048 kB
Hugetlb:               0 kB
DirectMap4k:      125952 kB
DirectMap2M:     8085504 kB
DirectMap1G:    16777216 kB

/sys/kernel/mm/transparent_hugepage/enabled:
[always] madvise never
/sys/kernel/mm/transparent_hugepage/defrag (defrag/compaction efforts parameter):
always defer defer+madvise [madvise] never

Process Memory:
Virtual Size: 7199480K (peak: 15578208K)
Resident Set Size: 99836K (peak: 99836K) (anon: 44516K, file: 55320K, shmem: 0K)
Swapped out: 0K
C-Heap outstanding allocations: 43467K, retained: 2612K
glibc malloc tunables: (default)

/proc/sys/kernel/threads-max (system-wide limit on the number of threads):
126540
/proc/sys/vm/max_map_count (maximum number of memory map areas a process may have):
65530
/proc/sys/kernel/pid_max (system-wide limit on number of process identifiers):
4194304

container (cgroup) information:
container_type: cgroupv1
cpu_cpuset_cpus: 0-19
cpu_memory_nodes: 0
active_processor_count: 20
cpu_quota: no quota
cpu_period: 100000
cpu_shares: no shares
memory_limit_in_bytes: unlimited
memory_and_swap_limit_in_bytes: unlimited
memory_soft_limit_in_bytes: unlimited
memory_usage_in_bytes: 238528 k
memory_max_usage_in_bytes: 599292 k
kernel_memory_usage_in_bytes: 3812 k
kernel_memory_max_usage_in_bytes: unlimited
kernel_memory_limit_in_bytes: 8240 k
maximum number of tasks: unlimited
current number of tasks: 25

Hyper-V virtualization detected
Steal ticks since vm start: 0
Steal ticks percentage since vm start:  0.000

CPU:total 20 (initial active 20) (16 cores per cpu, 2 threads per core) family 6 model 186 stepping 2 microcode 0xffffffff, cmov, cx8, fxsr, mmx, sse, sse2, sse3, ssse3, sse4.1, sse4.2, popcnt, avx, avx2, aes, clmul, erms, 3dnowpref, lzcnt, ht, tsc, tscinvbit, bmi1, bmi2, adx, sha, fma
CPU Model and flags from /proc/cpuinfo:
model name	: 13th Gen Intel(R) Core(TM) i9-13900H
flags		: fpu vme de pse tsc msr pae mce cx8 apic sep mtrr pge mca cmov pat pse36 clflush mmx fxsr sse sse2 ss ht syscall nx pdpe1gb rdtscp lm constant_tsc rep_good nopl xtopology tsc_reliable nonstop_tsc cpuid pni pclmulqdq vmx ssse3 fma cx16 pcid sse4_1 sse4_2 x2apic movbe popcnt tsc_deadline_timer aes xsave avx f16c rdrand hypervisor lahf_lm abm 3dnowprefetch invpcid_single ssbd ibrs ibpb stibp ibrs_enhanced tpr_shadow vnmi ept vpid ept_ad fsgsbase tsc_adjust bmi1 avx2 smep bmi2 erms invpcid rdseed adx smap clflushopt clwb sha_ni xsaveopt xsavec xgetbv1 xsaves avx_vnni umip waitpkg gfni vaes vpclmulqdq rdpid movdiri movdir64b fsrm md_clear serialize flush_l1d arch_capabilities
Online cpus:
0-19
Offline cpus:

BIOS frequency limitation:
<Not Available>
Frequency switch latency (ns):
<Not Available>
Available cpu frequencies:
<Not Available>
Current governor:
<Not Available>
Core performance/turbo boost:
<Not Available>

Memory: 4k page, physical 16204140k(12029512k free), swap 4194304k(4194304k free)

vm_info: OpenJDK 64-Bit Server VM (11.0.26+4-post-Ubuntu-1ubuntu122.04) for linux-amd64 JRE (11.0.26+4-post-Ubuntu-1ubuntu122.04), built on Jan 23 2025 23:02:35 by "unknown" with gcc 11.4.0

END.
