#
# A fatal error has been detected by the Java Runtime Environment:
#
#  SIGSEGV (0xb) at pc=0x00007f1e060d407e, pid=165964, tid=165965
#
# JRE version: OpenJDK Runtime Environment (11.0.26+4) (build 11.0.26+4-post-Ubuntu-1ubuntu122.04)
# Java VM: OpenJDK 64-Bit Server VM (11.0.26+4-post-Ubuntu-1ubuntu122.04, mixed mode, sharing, tiered, compressed oops, g1 gc, linux-amd64)
# Problematic frame:
# C  [libLLVM-13.so+0xba807e]  (anonymous namespace)::TypePrinting::print(llvm::Type*, llvm::raw_ostream&)+0x1e
#
# Core dump will be written. Default location: Core dumps may be processed with "/wsl-capture-crash %t %E %p %s" (or dumping to /home/crz/compilers/Lab/core.165964)
#
# If you would like to submit a bug report, please visit:
#   https://bugs.launchpad.net/ubuntu/+source/openjdk-lts
# The crash happened outside the Java Virtual Machine in native code.
# See problematic frame for where to report the bug.
#

---------------  S U M M A R Y ------------

Command Line: Main tests/IRtest_Lab4/test.sysy tests/IRtest_Lab4/test.ll

Host: 13th Gen Intel(R) Core(TM) i9-13900H, 20 cores, 15G, Ubuntu 22.04.5 LTS
Time: Mon Apr  7 13:27:27 2025 CST elapsed time: 0.157297 seconds (0d 0h 0m 0s)

---------------  T H R E A D  ---------------

Current thread (0x00007f1e78015800):  JavaThread "main" [_thread_in_native, id=165965, stack(0x00007f1e7fad5000,0x00007f1e7fbd5000)]

Stack: [0x00007f1e7fad5000,0x00007f1e7fbd5000],  sp=0x00007f1e7fbd2b10,  free space=1014k
Native frames: (J=compiled Java code, A=aot compiled Java code, j=interpreted, Vv=VM code, C=native code)
C  [libLLVM-13.so+0xba807e]  (anonymous namespace)::TypePrinting::print(llvm::Type*, llvm::raw_ostream&)+0x1e

Java frames: (J=compiled Java code, j=interpreted, Vv=VM code)
j  org.bytedeco.llvm.global.LLVM.LLVMPrintModuleToFile(Lorg/bytedeco/llvm/LLVM/LLVMModuleRef;Ljava/lang/String;Lorg/bytedeco/javacpp/BytePointer;)I+0
j  Main.main([Ljava/lang/String;)V+120
v  ~StubRoutines::call_stub

siginfo: si_signo: 11 (SIGSEGV), si_code: 1 (SEGV_MAPERR), si_addr: 0x00007f1989a37776

Register to memory mapping:

RAX=0x00007f1e7fbd2ea0 is pointing into the stack for thread: 0x00007f1e78015800
RBX=0x00007f1e7fbd3080 is pointing into the stack for thread: 0x00007f1e78015800
RCX=0x000000006e65682c is an unknown value
RDX=0x00007f1e09823f30: <offset 0x00000000042f7f30> in /home/crz/.javacpp/cache/llvm-13.0.1-1.5.7-linux-x86_64.jar/org/bytedeco/llvm/linux-x86_64/libLLVM-13.so at 0x00007f1e0552c000
RSP=0x00007f1e7fbd2b10 is pointing into the stack for thread: 0x00007f1e78015800
RBP=0x00007f1e7fbd2ea0 is pointing into the stack for thread: 0x00007f1e78015800
RSI=0x00007f1989a3776e is an unknown value
RDI=0x00007f1e7fbd30a8 is pointing into the stack for thread: 0x00007f1e78015800
R8 =0x0000000000000001 is an unknown value
R9 =0x00007f1e78437778 points into unknown readable memory: 0x00007f1e7843ede0 | e0 ed 43 78 1e 7f 00 00
R10=0x000000000000003f is an unknown value
R11=0x0000000000000003 is an unknown value
R12=0x00007f1989a3776e is an unknown value
R13=0x00007f1e7fbd30a8 is pointing into the stack for thread: 0x00007f1e78015800
R14=0x0 is NULL
R15=0x00007f1e7844f150 points into unknown readable memory: 0x00007f1e78437bd8 | d8 7b 43 78 1e 7f 00 00


Registers:
RAX=0x00007f1e7fbd2ea0, RBX=0x00007f1e7fbd3080, RCX=0x000000006e65682c, RDX=0x00007f1e09823f30
RSP=0x00007f1e7fbd2b10, RBP=0x00007f1e7fbd2ea0, RSI=0x00007f1989a3776e, RDI=0x00007f1e7fbd30a8
R8 =0x0000000000000001, R9 =0x00007f1e78437778, R10=0x000000000000003f, R11=0x0000000000000003
R12=0x00007f1989a3776e, R13=0x00007f1e7fbd30a8, R14=0x0000000000000000, R15=0x00007f1e7844f150
RIP=0x00007f1e060d407e, EFLAGS=0x0000000000010202, CSGSFS=0x002b000000000033, ERR=0x0000000000000004
  TRAPNO=0x000000000000000e

Top of Stack: (sp=0x00007f1e7fbd2b10)
0x00007f1e7fbd2b10:   0000000000000000 00007f1e0609b9de
0x00007f1e7fbd2b20:   00007f1e78437d58 00007f1e7fbd3080
0x00007f1e7fbd2b30:   00007f1e7844ecb0 00007f1e7fbd30a8
0x00007f1e7fbd2b40:   00007f1e7844e498 0000000000000000 

Instructions: (pc=0x00007f1e060d407e)
0x00007f1e060d3f7e:   4c 01 c8 48 8b 30 48 39 f5 0f 84 ff fe ff ff 48
0x00007f1e060d3f8e:   81 fe 00 f0 ff ff 74 86 4d 85 d2 75 0b 48 81 fe
0x00007f1e060d3f9e:   00 e0 ff ff 4c 0f 44 d0 44 01 da 41 8d 43 01 44
0x00007f1e060d3fae:   21 c2 89 44 24 14 89 d0 48 c1 e0 04 4c 01 c8 48
0x00007f1e060d3fbe:   8b 30 48 39 f5 0f 84 c3 fe ff ff 44 8b 5c 24 14
0x00007f1e060d3fce:   eb bd 4d 85 db 75 0b 48 81 ff 00 e0 ff ff 4c 0f
0x00007f1e060d3fde:   44 d8 8b 44 24 14 41 01 c0 8d 78 01 45 21 d0 41
0x00007f1e060d3fee:   89 f9 44 89 c0 48 c1 e0 04 48 03 44 24 18 48 8b
0x00007f1e060d3ffe:   38 48 39 fd 0f 84 f8 fd ff ff 44 89 4c 24 14 e9
0x00007f1e060d400e:   2f fe ff ff 41 89 7c 24 78 e9 84 fe ff ff 48 81
0x00007f1e060d401e:   fe 00 e0 ff ff 75 07 4d 85 d2 4c 0f 44 d0 44 01
0x00007f1e060d402e:   da 41 8d 43 01 44 21 c2 89 44 24 14 89 d0 48 c1
0x00007f1e060d403e:   e0 04 4c 01 c8 48 8b 30 48 39 f5 0f 84 3d fe ff
0x00007f1e060d404e:   ff 44 8b 5c 24 14 e9 b6 fe ff ff 0f 1f 80 00 00
0x00007f1e060d405e:   00 00 41 57 41 56 41 55 49 89 fd 41 54 49 89 f4
0x00007f1e060d406e:   55 48 89 d5 48 8d 15 b7 fe 74 03 53 48 83 ec 18
0x00007f1e060d407e:   0f b6 46 08 48 89 c1 48 63 04 82 48 01 d0 ff e0
0x00007f1e060d408e:   66 90 8b 5e 20 48 89 ef 48 8d 35 4b fe 86 03 80
0x00007f1e060d409e:   f9 13 75 0f e8 a9 e9 ee ff 48 8d 35 ca 87 74 03
0x00007f1e060d40ae:   48 89 ef e8 9a e9 ee ff 89 de 48 89 ef e8 10 79
0x00007f1e060d40be:   fc ff 48 8d 35 b7 87 74 03 48 89 c7 e8 81 e9 ee
0x00007f1e060d40ce:   ff 49 8b 74 24 18 48 89 ea 4c 89 ef e8 81 ff ff
0x00007f1e060d40de:   ff 48 8b 45 20 48 3b 45 18 0f 83 43 04 00 00 48
0x00007f1e060d40ee:   8d 50 01 48 89 55 20 c6 00 3e eb 15 66 0f 1f 44
0x00007f1e060d40fe:   00 00 48 8d 35 3a 79 7a 03 48 89 ef e8 41 e9 ee
0x00007f1e060d410e:   ff 48 83 c4 18 5b 5d 41 5c 41 5d 41 5e 41 5f c3
0x00007f1e060d411e:   66 90 48 8d 35 d6 fd 74 03 48 89 ef e8 21 e9 ee
0x00007f1e060d412e:   ff eb de 0f 1f 80 00 00 00 00 48 8d 35 ee 7b 8f
0x00007f1e060d413e:   04 48 89 ef e8 09 e9 ee ff eb c6 0f 1f 80 00 00
0x00007f1e060d414e:   00 00 48 8d 35 e4 7b 8f 04 48 89 ef e8 f1 e8 ee
0x00007f1e060d415e:   ff eb ae 0f 1f 80 00 00 00 00 48 8d 35 95 fd 74
0x00007f1e060d416e:   03 48 89 ef e8 d9 e8 ee ff eb 96 0f 1f 80 00 00 


Stack slot to memory mapping:
stack at sp + 0 slots: 0x0 is NULL
stack at sp + 1 slots: 0x00007f1e0609b9de: _ZN4llvm11raw_ostreamlsEm+0x000000000000000e in /home/crz/.javacpp/cache/llvm-13.0.1-1.5.7-linux-x86_64.jar/org/bytedeco/llvm/linux-x86_64/libLLVM-13.so at 0x00007f1e0552c000
stack at sp + 2 slots: 0x00007f1e78437d58 points into unknown readable memory: 0x00007f1e78422060 | 60 20 42 78 1e 7f 00 00
stack at sp + 3 slots: 0x00007f1e7fbd3080 is pointing into the stack for thread: 0x00007f1e78015800
stack at sp + 4 slots: 0x00007f1e7844ecb0 points into unknown readable memory: 0x00007f1989a3776e | 6e 77 a3 89 19 7f 00 00
stack at sp + 5 slots: 0x00007f1e7fbd30a8 is pointing into the stack for thread: 0x00007f1e78015800
stack at sp + 6 slots: 0x00007f1e7844e498 points into unknown readable memory: 0x00007f1e7844f168 | 68 f1 44 78 1e 7f 00 00
stack at sp + 7 slots: 0x0 is NULL


---------------  P R O C E S S  ---------------

Threads class SMR info:
_java_thread_list=0x00007f1e201ac9a0, length=14, elements={
0x00007f1e78015800, 0x00007f1e781ec000, 0x00007f1e781ee800, 0x00007f1e781f4000,
0x00007f1e781f6000, 0x00007f1e781f8000, 0x00007f1e781fa000, 0x00007f1e781fc000,
0x00007f1e2807c000, 0x00007f1e7822f000, 0x00007f1e783a1000, 0x00007f1e28320000,
0x00007f1e201a9000, 0x00007f1e201ab000
}

Java Threads: ( => current thread )
=>0x00007f1e78015800 JavaThread "main" [_thread_in_native, id=165965, stack(0x00007f1e7fad5000,0x00007f1e7fbd5000)]
  0x00007f1e781ec000 JavaThread "Reference Handler" daemon [_thread_blocked, id=165972, stack(0x00007f1e600bc000,0x00007f1e601bc000)]
  0x00007f1e781ee800 JavaThread "Finalizer" daemon [_thread_blocked, id=165973, stack(0x00007f1e54350000,0x00007f1e54450000)]
  0x00007f1e781f4000 JavaThread "Signal Dispatcher" daemon [_thread_blocked, id=165974, stack(0x00007f1e54250000,0x00007f1e54350000)]
  0x00007f1e781f6000 JavaThread "Service Thread" daemon [_thread_blocked, id=165975, stack(0x00007f1e54150000,0x00007f1e54250000)]
  0x00007f1e781f8000 JavaThread "C2 CompilerThread0" daemon [_thread_blocked, id=165976, stack(0x00007f1e54050000,0x00007f1e54150000)]
  0x00007f1e781fa000 JavaThread "C1 CompilerThread0" daemon [_thread_blocked, id=165977, stack(0x00007f1e4d113000,0x00007f1e4d213000)]
  0x00007f1e781fc000 JavaThread "Sweeper thread" daemon [_thread_blocked, id=165978, stack(0x00007f1e4d013000,0x00007f1e4d113000)]
  0x00007f1e2807c000 JavaThread "C1 CompilerThread1" daemon [_thread_blocked, id=165979, stack(0x00007f1e4cf13000,0x00007f1e4d013000)]
  0x00007f1e7822f000 JavaThread "Common-Cleaner" daemon [_thread_blocked, id=165981, stack(0x00007f1e4cd12000,0x00007f1e4ce12000)]
  0x00007f1e783a1000 JavaThread "JavaCPP Deallocator" daemon [_thread_blocked, id=165982, stack(0x00007f1e4cc12000,0x00007f1e4cd12000)]
  0x00007f1e28320000 JavaThread "C2 CompilerThread1" daemon [_thread_blocked, id=165983, stack(0x00007f1e4cb12000,0x00007f1e4cc12000)]
  0x00007f1e201a9000 JavaThread "C1 CompilerThread2" daemon [_thread_blocked, id=165984, stack(0x00007f1e4c90c000,0x00007f1e4ca0c000)]
  0x00007f1e201ab000 JavaThread "C1 CompilerThread3" daemon [_thread_blocked, id=165985, stack(0x00007f1e4c80c000,0x00007f1e4c90c000)]

Other Threads:
  0x00007f1e781e9800 VMThread "VM Thread" [stack: 0x00007f1e601bd000,0x00007f1e602bd000] [id=165971]
  0x00007f1e7822d000 WatcherThread [stack: 0x00007f1e4ce13000,0x00007f1e4cf13000] [id=165980]
  0x00007f1e7802f800 GCTaskThread "GC Thread#0" [stack: 0x00007f1e7f7a5000,0x00007f1e7f8a5000] [id=165966]
  0x00007f1e7808d800 ConcurrentGCThread "G1 Main Marker" [stack: 0x00007f1e7ce6d000,0x00007f1e7cf6d000] [id=165967]
  0x00007f1e7808f800 ConcurrentGCThread "G1 Conc#0" [stack: 0x00007f1e7cd6c000,0x00007f1e7ce6c000] [id=165968]
  0x00007f1e781ab000 ConcurrentGCThread "G1 Refine#0" [stack: 0x00007f1e604c3000,0x00007f1e605c3000] [id=165969]
  0x00007f1e781ac800 ConcurrentGCThread "G1 Young RemSet Sampling" [stack: 0x00007f1e603c2000,0x00007f1e604c2000] [id=165970]

Threads with active compile tasks:

VM state:not at safepoint (normal execution)

VM Mutex/Monitor currently owned by a thread: None

Heap address: 0x0000000708a00000, size: 3958 MB, Compressed Oops mode: Zero based, Oop shift amount: 3
Narrow klass base: 0x0000000800000000, Narrow klass shift: 3
Compressed class space size: 1073741824 Address: 0x0000000840000000

Heap:
 garbage-first heap   total 256000K, used 9936K [0x0000000708a00000, 0x0000000800000000)
  region size 1024K, 11 young (11264K), 0 survivors (0K)
 Metaspace       used 3717K, capacity 6613K, committed 6912K, reserved 1056768K
  class space    used 397K, capacity 694K, committed 768K, reserved 1048576K
Heap Regions: E=young(eden), S=young(survivor), O=old, HS=humongous(starts), HC=humongous(continues), CS=collection set, F=free, A=archive, TAMS=top-at-mark-start (previous, next)
|   0|0x0000000708a00000, 0x0000000708a00000, 0x0000000708b00000|  0%| F|  |TAMS 0x0000000708a00000, 0x0000000708a00000| Untracked 
|   1|0x0000000708b00000, 0x0000000708b00000, 0x0000000708c00000|  0%| F|  |TAMS 0x0000000708b00000, 0x0000000708b00000| Untracked 
|   2|0x0000000708c00000, 0x0000000708c00000, 0x0000000708d00000|  0%| F|  |TAMS 0x0000000708c00000, 0x0000000708c00000| Untracked 
|   3|0x0000000708d00000, 0x0000000708d00000, 0x0000000708e00000|  0%| F|  |TAMS 0x0000000708d00000, 0x0000000708d00000| Untracked 
|   4|0x0000000708e00000, 0x0000000708e00000, 0x0000000708f00000|  0%| F|  |TAMS 0x0000000708e00000, 0x0000000708e00000| Untracked 
|   5|0x0000000708f00000, 0x0000000708f00000, 0x0000000709000000|  0%| F|  |TAMS 0x0000000708f00000, 0x0000000708f00000| Untracked 
|   6|0x0000000709000000, 0x0000000709000000, 0x0000000709100000|  0%| F|  |TAMS 0x0000000709000000, 0x0000000709000000| Untracked 
|   7|0x0000000709100000, 0x0000000709100000, 0x0000000709200000|  0%| F|  |TAMS 0x0000000709100000, 0x0000000709100000| Untracked 
|   8|0x0000000709200000, 0x0000000709200000, 0x0000000709300000|  0%| F|  |TAMS 0x0000000709200000, 0x0000000709200000| Untracked 
|   9|0x0000000709300000, 0x0000000709300000, 0x0000000709400000|  0%| F|  |TAMS 0x0000000709300000, 0x0000000709300000| Untracked 
|  10|0x0000000709400000, 0x0000000709400000, 0x0000000709500000|  0%| F|  |TAMS 0x0000000709400000, 0x0000000709400000| Untracked 
|  11|0x0000000709500000, 0x0000000709500000, 0x0000000709600000|  0%| F|  |TAMS 0x0000000709500000, 0x0000000709500000| Untracked 
|  12|0x0000000709600000, 0x0000000709600000, 0x0000000709700000|  0%| F|  |TAMS 0x0000000709600000, 0x0000000709600000| Untracked 
|  13|0x0000000709700000, 0x0000000709700000, 0x0000000709800000|  0%| F|  |TAMS 0x0000000709700000, 0x0000000709700000| Untracked 
|  14|0x0000000709800000, 0x0000000709800000, 0x0000000709900000|  0%| F|  |TAMS 0x0000000709800000, 0x0000000709800000| Untracked 
|  15|0x0000000709900000, 0x0000000709900000, 0x0000000709a00000|  0%| F|  |TAMS 0x0000000709900000, 0x0000000709900000| Untracked 
|  16|0x0000000709a00000, 0x0000000709a00000, 0x0000000709b00000|  0%| F|  |TAMS 0x0000000709a00000, 0x0000000709a00000| Untracked 
|  17|0x0000000709b00000, 0x0000000709b00000, 0x0000000709c00000|  0%| F|  |TAMS 0x0000000709b00000, 0x0000000709b00000| Untracked 
|  18|0x0000000709c00000, 0x0000000709c00000, 0x0000000709d00000|  0%| F|  |TAMS 0x0000000709c00000, 0x0000000709c00000| Untracked 
|  19|0x0000000709d00000, 0x0000000709d00000, 0x0000000709e00000|  0%| F|  |TAMS 0x0000000709d00000, 0x0000000709d00000| Untracked 
|  20|0x0000000709e00000, 0x0000000709e00000, 0x0000000709f00000|  0%| F|  |TAMS 0x0000000709e00000, 0x0000000709e00000| Untracked 
|  21|0x0000000709f00000, 0x0000000709f00000, 0x000000070a000000|  0%| F|  |TAMS 0x0000000709f00000, 0x0000000709f00000| Untracked 
|  22|0x000000070a000000, 0x000000070a000000, 0x000000070a100000|  0%| F|  |TAMS 0x000000070a000000, 0x000000070a000000| Untracked 
|  23|0x000000070a100000, 0x000000070a100000, 0x000000070a200000|  0%| F|  |TAMS 0x000000070a100000, 0x000000070a100000| Untracked 
|  24|0x000000070a200000, 0x000000070a200000, 0x000000070a300000|  0%| F|  |TAMS 0x000000070a200000, 0x000000070a200000| Untracked 
|  25|0x000000070a300000, 0x000000070a300000, 0x000000070a400000|  0%| F|  |TAMS 0x000000070a300000, 0x000000070a300000| Untracked 
|  26|0x000000070a400000, 0x000000070a400000, 0x000000070a500000|  0%| F|  |TAMS 0x000000070a400000, 0x000000070a400000| Untracked 
|  27|0x000000070a500000, 0x000000070a500000, 0x000000070a600000|  0%| F|  |TAMS 0x000000070a500000, 0x000000070a500000| Untracked 
|  28|0x000000070a600000, 0x000000070a600000, 0x000000070a700000|  0%| F|  |TAMS 0x000000070a600000, 0x000000070a600000| Untracked 
|  29|0x000000070a700000, 0x000000070a700000, 0x000000070a800000|  0%| F|  |TAMS 0x000000070a700000, 0x000000070a700000| Untracked 
|  30|0x000000070a800000, 0x000000070a800000, 0x000000070a900000|  0%| F|  |TAMS 0x000000070a800000, 0x000000070a800000| Untracked 
|  31|0x000000070a900000, 0x000000070a900000, 0x000000070aa00000|  0%| F|  |TAMS 0x000000070a900000, 0x000000070a900000| Untracked 
|  32|0x000000070aa00000, 0x000000070aa00000, 0x000000070ab00000|  0%| F|  |TAMS 0x000000070aa00000, 0x000000070aa00000| Untracked 
|  33|0x000000070ab00000, 0x000000070ab00000, 0x000000070ac00000|  0%| F|  |TAMS 0x000000070ab00000, 0x000000070ab00000| Untracked 
|  34|0x000000070ac00000, 0x000000070ac00000, 0x000000070ad00000|  0%| F|  |TAMS 0x000000070ac00000, 0x000000070ac00000| Untracked 
|  35|0x000000070ad00000, 0x000000070ad00000, 0x000000070ae00000|  0%| F|  |TAMS 0x000000070ad00000, 0x000000070ad00000| Untracked 
|  36|0x000000070ae00000, 0x000000070ae00000, 0x000000070af00000|  0%| F|  |TAMS 0x000000070ae00000, 0x000000070ae00000| Untracked 
|  37|0x000000070af00000, 0x000000070af00000, 0x000000070b000000|  0%| F|  |TAMS 0x000000070af00000, 0x000000070af00000| Untracked 
|  38|0x000000070b000000, 0x000000070b000000, 0x000000070b100000|  0%| F|  |TAMS 0x000000070b000000, 0x000000070b000000| Untracked 
|  39|0x000000070b100000, 0x000000070b100000, 0x000000070b200000|  0%| F|  |TAMS 0x000000070b100000, 0x000000070b100000| Untracked 
|  40|0x000000070b200000, 0x000000070b200000, 0x000000070b300000|  0%| F|  |TAMS 0x000000070b200000, 0x000000070b200000| Untracked 
|  41|0x000000070b300000, 0x000000070b300000, 0x000000070b400000|  0%| F|  |TAMS 0x000000070b300000, 0x000000070b300000| Untracked 
|  42|0x000000070b400000, 0x000000070b400000, 0x000000070b500000|  0%| F|  |TAMS 0x000000070b400000, 0x000000070b400000| Untracked 
|  43|0x000000070b500000, 0x000000070b500000, 0x000000070b600000|  0%| F|  |TAMS 0x000000070b500000, 0x000000070b500000| Untracked 
|  44|0x000000070b600000, 0x000000070b600000, 0x000000070b700000|  0%| F|  |TAMS 0x000000070b600000, 0x000000070b600000| Untracked 
|  45|0x000000070b700000, 0x000000070b700000, 0x000000070b800000|  0%| F|  |TAMS 0x000000070b700000, 0x000000070b700000| Untracked 
|  46|0x000000070b800000, 0x000000070b800000, 0x000000070b900000|  0%| F|  |TAMS 0x000000070b800000, 0x000000070b800000| Untracked 
|  47|0x000000070b900000, 0x000000070b900000, 0x000000070ba00000|  0%| F|  |TAMS 0x000000070b900000, 0x000000070b900000| Untracked 
|  48|0x000000070ba00000, 0x000000070ba00000, 0x000000070bb00000|  0%| F|  |TAMS 0x000000070ba00000, 0x000000070ba00000| Untracked 
|  49|0x000000070bb00000, 0x000000070bb00000, 0x000000070bc00000|  0%| F|  |TAMS 0x000000070bb00000, 0x000000070bb00000| Untracked 
|  50|0x000000070bc00000, 0x000000070bc00000, 0x000000070bd00000|  0%| F|  |TAMS 0x000000070bc00000, 0x000000070bc00000| Untracked 
|  51|0x000000070bd00000, 0x000000070bd00000, 0x000000070be00000|  0%| F|  |TAMS 0x000000070bd00000, 0x000000070bd00000| Untracked 
|  52|0x000000070be00000, 0x000000070be00000, 0x000000070bf00000|  0%| F|  |TAMS 0x000000070be00000, 0x000000070be00000| Untracked 
|  53|0x000000070bf00000, 0x000000070bf00000, 0x000000070c000000|  0%| F|  |TAMS 0x000000070bf00000, 0x000000070bf00000| Untracked 
|  54|0x000000070c000000, 0x000000070c000000, 0x000000070c100000|  0%| F|  |TAMS 0x000000070c000000, 0x000000070c000000| Untracked 
|  55|0x000000070c100000, 0x000000070c100000, 0x000000070c200000|  0%| F|  |TAMS 0x000000070c100000, 0x000000070c100000| Untracked 
|  56|0x000000070c200000, 0x000000070c200000, 0x000000070c300000|  0%| F|  |TAMS 0x000000070c200000, 0x000000070c200000| Untracked 
|  57|0x000000070c300000, 0x000000070c300000, 0x000000070c400000|  0%| F|  |TAMS 0x000000070c300000, 0x000000070c300000| Untracked 
|  58|0x000000070c400000, 0x000000070c400000, 0x000000070c500000|  0%| F|  |TAMS 0x000000070c400000, 0x000000070c400000| Untracked 
|  59|0x000000070c500000, 0x000000070c500000, 0x000000070c600000|  0%| F|  |TAMS 0x000000070c500000, 0x000000070c500000| Untracked 
|  60|0x000000070c600000, 0x000000070c600000, 0x000000070c700000|  0%| F|  |TAMS 0x000000070c600000, 0x000000070c600000| Untracked 
|  61|0x000000070c700000, 0x000000070c700000, 0x000000070c800000|  0%| F|  |TAMS 0x000000070c700000, 0x000000070c700000| Untracked 
|  62|0x000000070c800000, 0x000000070c800000, 0x000000070c900000|  0%| F|  |TAMS 0x000000070c800000, 0x000000070c800000| Untracked 
|  63|0x000000070c900000, 0x000000070c900000, 0x000000070ca00000|  0%| F|  |TAMS 0x000000070c900000, 0x000000070c900000| Untracked 
|  64|0x000000070ca00000, 0x000000070ca00000, 0x000000070cb00000|  0%| F|  |TAMS 0x000000070ca00000, 0x000000070ca00000| Untracked 
|  65|0x000000070cb00000, 0x000000070cb00000, 0x000000070cc00000|  0%| F|  |TAMS 0x000000070cb00000, 0x000000070cb00000| Untracked 
|  66|0x000000070cc00000, 0x000000070cc00000, 0x000000070cd00000|  0%| F|  |TAMS 0x000000070cc00000, 0x000000070cc00000| Untracked 
|  67|0x000000070cd00000, 0x000000070cd00000, 0x000000070ce00000|  0%| F|  |TAMS 0x000000070cd00000, 0x000000070cd00000| Untracked 
|  68|0x000000070ce00000, 0x000000070ce00000, 0x000000070cf00000|  0%| F|  |TAMS 0x000000070ce00000, 0x000000070ce00000| Untracked 
|  69|0x000000070cf00000, 0x000000070cf00000, 0x000000070d000000|  0%| F|  |TAMS 0x000000070cf00000, 0x000000070cf00000| Untracked 
|  70|0x000000070d000000, 0x000000070d000000, 0x000000070d100000|  0%| F|  |TAMS 0x000000070d000000, 0x000000070d000000| Untracked 
|  71|0x000000070d100000, 0x000000070d100000, 0x000000070d200000|  0%| F|  |TAMS 0x000000070d100000, 0x000000070d100000| Untracked 
|  72|0x000000070d200000, 0x000000070d200000, 0x000000070d300000|  0%| F|  |TAMS 0x000000070d200000, 0x000000070d200000| Untracked 
|  73|0x000000070d300000, 0x000000070d300000, 0x000000070d400000|  0%| F|  |TAMS 0x000000070d300000, 0x000000070d300000| Untracked 
|  74|0x000000070d400000, 0x000000070d400000, 0x000000070d500000|  0%| F|  |TAMS 0x000000070d400000, 0x000000070d400000| Untracked 
|  75|0x000000070d500000, 0x000000070d500000, 0x000000070d600000|  0%| F|  |TAMS 0x000000070d500000, 0x000000070d500000| Untracked 
|  76|0x000000070d600000, 0x000000070d600000, 0x000000070d700000|  0%| F|  |TAMS 0x000000070d600000, 0x000000070d600000| Untracked 
|  77|0x000000070d700000, 0x000000070d700000, 0x000000070d800000|  0%| F|  |TAMS 0x000000070d700000, 0x000000070d700000| Untracked 
|  78|0x000000070d800000, 0x000000070d800000, 0x000000070d900000|  0%| F|  |TAMS 0x000000070d800000, 0x000000070d800000| Untracked 
|  79|0x000000070d900000, 0x000000070d900000, 0x000000070da00000|  0%| F|  |TAMS 0x000000070d900000, 0x000000070d900000| Untracked 
|  80|0x000000070da00000, 0x000000070da00000, 0x000000070db00000|  0%| F|  |TAMS 0x000000070da00000, 0x000000070da00000| Untracked 
|  81|0x000000070db00000, 0x000000070db00000, 0x000000070dc00000|  0%| F|  |TAMS 0x000000070db00000, 0x000000070db00000| Untracked 
|  82|0x000000070dc00000, 0x000000070dc00000, 0x000000070dd00000|  0%| F|  |TAMS 0x000000070dc00000, 0x000000070dc00000| Untracked 
|  83|0x000000070dd00000, 0x000000070dd00000, 0x000000070de00000|  0%| F|  |TAMS 0x000000070dd00000, 0x000000070dd00000| Untracked 
|  84|0x000000070de00000, 0x000000070de00000, 0x000000070df00000|  0%| F|  |TAMS 0x000000070de00000, 0x000000070de00000| Untracked 
|  85|0x000000070df00000, 0x000000070df00000, 0x000000070e000000|  0%| F|  |TAMS 0x000000070df00000, 0x000000070df00000| Untracked 
|  86|0x000000070e000000, 0x000000070e000000, 0x000000070e100000|  0%| F|  |TAMS 0x000000070e000000, 0x000000070e000000| Untracked 
|  87|0x000000070e100000, 0x000000070e100000, 0x000000070e200000|  0%| F|  |TAMS 0x000000070e100000, 0x000000070e100000| Untracked 
|  88|0x000000070e200000, 0x000000070e200000, 0x000000070e300000|  0%| F|  |TAMS 0x000000070e200000, 0x000000070e200000| Untracked 
|  89|0x000000070e300000, 0x000000070e300000, 0x000000070e400000|  0%| F|  |TAMS 0x000000070e300000, 0x000000070e300000| Untracked 
|  90|0x000000070e400000, 0x000000070e400000, 0x000000070e500000|  0%| F|  |TAMS 0x000000070e400000, 0x000000070e400000| Untracked 
|  91|0x000000070e500000, 0x000000070e500000, 0x000000070e600000|  0%| F|  |TAMS 0x000000070e500000, 0x000000070e500000| Untracked 
|  92|0x000000070e600000, 0x000000070e600000, 0x000000070e700000|  0%| F|  |TAMS 0x000000070e600000, 0x000000070e600000| Untracked 
|  93|0x000000070e700000, 0x000000070e700000, 0x000000070e800000|  0%| F|  |TAMS 0x000000070e700000, 0x000000070e700000| Untracked 
|  94|0x000000070e800000, 0x000000070e800000, 0x000000070e900000|  0%| F|  |TAMS 0x000000070e800000, 0x000000070e800000| Untracked 
|  95|0x000000070e900000, 0x000000070e900000, 0x000000070ea00000|  0%| F|  |TAMS 0x000000070e900000, 0x000000070e900000| Untracked 
|  96|0x000000070ea00000, 0x000000070ea00000, 0x000000070eb00000|  0%| F|  |TAMS 0x000000070ea00000, 0x000000070ea00000| Untracked 
|  97|0x000000070eb00000, 0x000000070eb00000, 0x000000070ec00000|  0%| F|  |TAMS 0x000000070eb00000, 0x000000070eb00000| Untracked 
|  98|0x000000070ec00000, 0x000000070ec00000, 0x000000070ed00000|  0%| F|  |TAMS 0x000000070ec00000, 0x000000070ec00000| Untracked 
|  99|0x000000070ed00000, 0x000000070ed00000, 0x000000070ee00000|  0%| F|  |TAMS 0x000000070ed00000, 0x000000070ed00000| Untracked 
| 100|0x000000070ee00000, 0x000000070ee00000, 0x000000070ef00000|  0%| F|  |TAMS 0x000000070ee00000, 0x000000070ee00000| Untracked 
| 101|0x000000070ef00000, 0x000000070ef00000, 0x000000070f000000|  0%| F|  |TAMS 0x000000070ef00000, 0x000000070ef00000| Untracked 
| 102|0x000000070f000000, 0x000000070f000000, 0x000000070f100000|  0%| F|  |TAMS 0x000000070f000000, 0x000000070f000000| Untracked 
| 103|0x000000070f100000, 0x000000070f100000, 0x000000070f200000|  0%| F|  |TAMS 0x000000070f100000, 0x000000070f100000| Untracked 
| 104|0x000000070f200000, 0x000000070f200000, 0x000000070f300000|  0%| F|  |TAMS 0x000000070f200000, 0x000000070f200000| Untracked 
| 105|0x000000070f300000, 0x000000070f300000, 0x000000070f400000|  0%| F|  |TAMS 0x000000070f300000, 0x000000070f300000| Untracked 
| 106|0x000000070f400000, 0x000000070f400000, 0x000000070f500000|  0%| F|  |TAMS 0x000000070f400000, 0x000000070f400000| Untracked 
| 107|0x000000070f500000, 0x000000070f500000, 0x000000070f600000|  0%| F|  |TAMS 0x000000070f500000, 0x000000070f500000| Untracked 
| 108|0x000000070f600000, 0x000000070f600000, 0x000000070f700000|  0%| F|  |TAMS 0x000000070f600000, 0x000000070f600000| Untracked 
| 109|0x000000070f700000, 0x000000070f700000, 0x000000070f800000|  0%| F|  |TAMS 0x000000070f700000, 0x000000070f700000| Untracked 
| 110|0x000000070f800000, 0x000000070f800000, 0x000000070f900000|  0%| F|  |TAMS 0x000000070f800000, 0x000000070f800000| Untracked 
| 111|0x000000070f900000, 0x000000070f900000, 0x000000070fa00000|  0%| F|  |TAMS 0x000000070f900000, 0x000000070f900000| Untracked 
| 112|0x000000070fa00000, 0x000000070fa00000, 0x000000070fb00000|  0%| F|  |TAMS 0x000000070fa00000, 0x000000070fa00000| Untracked 
| 113|0x000000070fb00000, 0x000000070fb00000, 0x000000070fc00000|  0%| F|  |TAMS 0x000000070fb00000, 0x000000070fb00000| Untracked 
| 114|0x000000070fc00000, 0x000000070fc00000, 0x000000070fd00000|  0%| F|  |TAMS 0x000000070fc00000, 0x000000070fc00000| Untracked 
| 115|0x000000070fd00000, 0x000000070fd00000, 0x000000070fe00000|  0%| F|  |TAMS 0x000000070fd00000, 0x000000070fd00000| Untracked 
| 116|0x000000070fe00000, 0x000000070fe00000, 0x000000070ff00000|  0%| F|  |TAMS 0x000000070fe00000, 0x000000070fe00000| Untracked 
| 117|0x000000070ff00000, 0x000000070ff00000, 0x0000000710000000|  0%| F|  |TAMS 0x000000070ff00000, 0x000000070ff00000| Untracked 
| 118|0x0000000710000000, 0x0000000710000000, 0x0000000710100000|  0%| F|  |TAMS 0x0000000710000000, 0x0000000710000000| Untracked 
| 119|0x0000000710100000, 0x0000000710100000, 0x0000000710200000|  0%| F|  |TAMS 0x0000000710100000, 0x0000000710100000| Untracked 
| 120|0x0000000710200000, 0x0000000710200000, 0x0000000710300000|  0%| F|  |TAMS 0x0000000710200000, 0x0000000710200000| Untracked 
| 121|0x0000000710300000, 0x0000000710300000, 0x0000000710400000|  0%| F|  |TAMS 0x0000000710300000, 0x0000000710300000| Untracked 
| 122|0x0000000710400000, 0x0000000710400000, 0x0000000710500000|  0%| F|  |TAMS 0x0000000710400000, 0x0000000710400000| Untracked 
| 123|0x0000000710500000, 0x0000000710500000, 0x0000000710600000|  0%| F|  |TAMS 0x0000000710500000, 0x0000000710500000| Untracked 
| 124|0x0000000710600000, 0x0000000710600000, 0x0000000710700000|  0%| F|  |TAMS 0x0000000710600000, 0x0000000710600000| Untracked 
| 125|0x0000000710700000, 0x0000000710700000, 0x0000000710800000|  0%| F|  |TAMS 0x0000000710700000, 0x0000000710700000| Untracked 
| 126|0x0000000710800000, 0x0000000710800000, 0x0000000710900000|  0%| F|  |TAMS 0x0000000710800000, 0x0000000710800000| Untracked 
| 127|0x0000000710900000, 0x0000000710900000, 0x0000000710a00000|  0%| F|  |TAMS 0x0000000710900000, 0x0000000710900000| Untracked 
| 128|0x0000000710a00000, 0x0000000710a00000, 0x0000000710b00000|  0%| F|  |TAMS 0x0000000710a00000, 0x0000000710a00000| Untracked 
| 129|0x0000000710b00000, 0x0000000710b00000, 0x0000000710c00000|  0%| F|  |TAMS 0x0000000710b00000, 0x0000000710b00000| Untracked 
| 130|0x0000000710c00000, 0x0000000710c00000, 0x0000000710d00000|  0%| F|  |TAMS 0x0000000710c00000, 0x0000000710c00000| Untracked 
| 131|0x0000000710d00000, 0x0000000710d00000, 0x0000000710e00000|  0%| F|  |TAMS 0x0000000710d00000, 0x0000000710d00000| Untracked 
| 132|0x0000000710e00000, 0x0000000710e00000, 0x0000000710f00000|  0%| F|  |TAMS 0x0000000710e00000, 0x0000000710e00000| Untracked 
| 133|0x0000000710f00000, 0x0000000710f00000, 0x0000000711000000|  0%| F|  |TAMS 0x0000000710f00000, 0x0000000710f00000| Untracked 
| 134|0x0000000711000000, 0x0000000711000000, 0x0000000711100000|  0%| F|  |TAMS 0x0000000711000000, 0x0000000711000000| Untracked 
| 135|0x0000000711100000, 0x0000000711100000, 0x0000000711200000|  0%| F|  |TAMS 0x0000000711100000, 0x0000000711100000| Untracked 
| 136|0x0000000711200000, 0x0000000711200000, 0x0000000711300000|  0%| F|  |TAMS 0x0000000711200000, 0x0000000711200000| Untracked 
| 137|0x0000000711300000, 0x0000000711300000, 0x0000000711400000|  0%| F|  |TAMS 0x0000000711300000, 0x0000000711300000| Untracked 
| 138|0x0000000711400000, 0x0000000711400000, 0x0000000711500000|  0%| F|  |TAMS 0x0000000711400000, 0x0000000711400000| Untracked 
| 139|0x0000000711500000, 0x0000000711500000, 0x0000000711600000|  0%| F|  |TAMS 0x0000000711500000, 0x0000000711500000| Untracked 
| 140|0x0000000711600000, 0x0000000711600000, 0x0000000711700000|  0%| F|  |TAMS 0x0000000711600000, 0x0000000711600000| Untracked 
| 141|0x0000000711700000, 0x0000000711700000, 0x0000000711800000|  0%| F|  |TAMS 0x0000000711700000, 0x0000000711700000| Untracked 
| 142|0x0000000711800000, 0x0000000711800000, 0x0000000711900000|  0%| F|  |TAMS 0x0000000711800000, 0x0000000711800000| Untracked 
| 143|0x0000000711900000, 0x0000000711900000, 0x0000000711a00000|  0%| F|  |TAMS 0x0000000711900000, 0x0000000711900000| Untracked 
| 144|0x0000000711a00000, 0x0000000711a00000, 0x0000000711b00000|  0%| F|  |TAMS 0x0000000711a00000, 0x0000000711a00000| Untracked 
| 145|0x0000000711b00000, 0x0000000711b00000, 0x0000000711c00000|  0%| F|  |TAMS 0x0000000711b00000, 0x0000000711b00000| Untracked 
| 146|0x0000000711c00000, 0x0000000711c00000, 0x0000000711d00000|  0%| F|  |TAMS 0x0000000711c00000, 0x0000000711c00000| Untracked 
| 147|0x0000000711d00000, 0x0000000711d00000, 0x0000000711e00000|  0%| F|  |TAMS 0x0000000711d00000, 0x0000000711d00000| Untracked 
| 148|0x0000000711e00000, 0x0000000711e00000, 0x0000000711f00000|  0%| F|  |TAMS 0x0000000711e00000, 0x0000000711e00000| Untracked 
| 149|0x0000000711f00000, 0x0000000711f00000, 0x0000000712000000|  0%| F|  |TAMS 0x0000000711f00000, 0x0000000711f00000| Untracked 
| 150|0x0000000712000000, 0x0000000712000000, 0x0000000712100000|  0%| F|  |TAMS 0x0000000712000000, 0x0000000712000000| Untracked 
| 151|0x0000000712100000, 0x0000000712100000, 0x0000000712200000|  0%| F|  |TAMS 0x0000000712100000, 0x0000000712100000| Untracked 
| 152|0x0000000712200000, 0x0000000712200000, 0x0000000712300000|  0%| F|  |TAMS 0x0000000712200000, 0x0000000712200000| Untracked 
| 153|0x0000000712300000, 0x0000000712300000, 0x0000000712400000|  0%| F|  |TAMS 0x0000000712300000, 0x0000000712300000| Untracked 
| 154|0x0000000712400000, 0x0000000712400000, 0x0000000712500000|  0%| F|  |TAMS 0x0000000712400000, 0x0000000712400000| Untracked 
| 155|0x0000000712500000, 0x0000000712500000, 0x0000000712600000|  0%| F|  |TAMS 0x0000000712500000, 0x0000000712500000| Untracked 
| 156|0x0000000712600000, 0x0000000712600000, 0x0000000712700000|  0%| F|  |TAMS 0x0000000712600000, 0x0000000712600000| Untracked 
| 157|0x0000000712700000, 0x0000000712700000, 0x0000000712800000|  0%| F|  |TAMS 0x0000000712700000, 0x0000000712700000| Untracked 
| 158|0x0000000712800000, 0x0000000712800000, 0x0000000712900000|  0%| F|  |TAMS 0x0000000712800000, 0x0000000712800000| Untracked 
| 159|0x0000000712900000, 0x0000000712900000, 0x0000000712a00000|  0%| F|  |TAMS 0x0000000712900000, 0x0000000712900000| Untracked 
| 160|0x0000000712a00000, 0x0000000712a00000, 0x0000000712b00000|  0%| F|  |TAMS 0x0000000712a00000, 0x0000000712a00000| Untracked 
| 161|0x0000000712b00000, 0x0000000712b00000, 0x0000000712c00000|  0%| F|  |TAMS 0x0000000712b00000, 0x0000000712b00000| Untracked 
| 162|0x0000000712c00000, 0x0000000712c00000, 0x0000000712d00000|  0%| F|  |TAMS 0x0000000712c00000, 0x0000000712c00000| Untracked 
| 163|0x0000000712d00000, 0x0000000712d00000, 0x0000000712e00000|  0%| F|  |TAMS 0x0000000712d00000, 0x0000000712d00000| Untracked 
| 164|0x0000000712e00000, 0x0000000712e00000, 0x0000000712f00000|  0%| F|  |TAMS 0x0000000712e00000, 0x0000000712e00000| Untracked 
| 165|0x0000000712f00000, 0x0000000712f00000, 0x0000000713000000|  0%| F|  |TAMS 0x0000000712f00000, 0x0000000712f00000| Untracked 
| 166|0x0000000713000000, 0x0000000713000000, 0x0000000713100000|  0%| F|  |TAMS 0x0000000713000000, 0x0000000713000000| Untracked 
| 167|0x0000000713100000, 0x0000000713100000, 0x0000000713200000|  0%| F|  |TAMS 0x0000000713100000, 0x0000000713100000| Untracked 
| 168|0x0000000713200000, 0x0000000713200000, 0x0000000713300000|  0%| F|  |TAMS 0x0000000713200000, 0x0000000713200000| Untracked 
| 169|0x0000000713300000, 0x0000000713300000, 0x0000000713400000|  0%| F|  |TAMS 0x0000000713300000, 0x0000000713300000| Untracked 
| 170|0x0000000713400000, 0x0000000713400000, 0x0000000713500000|  0%| F|  |TAMS 0x0000000713400000, 0x0000000713400000| Untracked 
| 171|0x0000000713500000, 0x0000000713500000, 0x0000000713600000|  0%| F|  |TAMS 0x0000000713500000, 0x0000000713500000| Untracked 
| 172|0x0000000713600000, 0x0000000713600000, 0x0000000713700000|  0%| F|  |TAMS 0x0000000713600000, 0x0000000713600000| Untracked 
| 173|0x0000000713700000, 0x0000000713700000, 0x0000000713800000|  0%| F|  |TAMS 0x0000000713700000, 0x0000000713700000| Untracked 
| 174|0x0000000713800000, 0x0000000713800000, 0x0000000713900000|  0%| F|  |TAMS 0x0000000713800000, 0x0000000713800000| Untracked 
| 175|0x0000000713900000, 0x0000000713900000, 0x0000000713a00000|  0%| F|  |TAMS 0x0000000713900000, 0x0000000713900000| Untracked 
| 176|0x0000000713a00000, 0x0000000713a00000, 0x0000000713b00000|  0%| F|  |TAMS 0x0000000713a00000, 0x0000000713a00000| Untracked 
| 177|0x0000000713b00000, 0x0000000713b00000, 0x0000000713c00000|  0%| F|  |TAMS 0x0000000713b00000, 0x0000000713b00000| Untracked 
| 178|0x0000000713c00000, 0x0000000713c00000, 0x0000000713d00000|  0%| F|  |TAMS 0x0000000713c00000, 0x0000000713c00000| Untracked 
| 179|0x0000000713d00000, 0x0000000713d00000, 0x0000000713e00000|  0%| F|  |TAMS 0x0000000713d00000, 0x0000000713d00000| Untracked 
| 180|0x0000000713e00000, 0x0000000713e00000, 0x0000000713f00000|  0%| F|  |TAMS 0x0000000713e00000, 0x0000000713e00000| Untracked 
| 181|0x0000000713f00000, 0x0000000713f00000, 0x0000000714000000|  0%| F|  |TAMS 0x0000000713f00000, 0x0000000713f00000| Untracked 
| 182|0x0000000714000000, 0x0000000714000000, 0x0000000714100000|  0%| F|  |TAMS 0x0000000714000000, 0x0000000714000000| Untracked 
| 183|0x0000000714100000, 0x0000000714100000, 0x0000000714200000|  0%| F|  |TAMS 0x0000000714100000, 0x0000000714100000| Untracked 
| 184|0x0000000714200000, 0x0000000714200000, 0x0000000714300000|  0%| F|  |TAMS 0x0000000714200000, 0x0000000714200000| Untracked 
| 185|0x0000000714300000, 0x0000000714300000, 0x0000000714400000|  0%| F|  |TAMS 0x0000000714300000, 0x0000000714300000| Untracked 
| 186|0x0000000714400000, 0x0000000714400000, 0x0000000714500000|  0%| F|  |TAMS 0x0000000714400000, 0x0000000714400000| Untracked 
| 187|0x0000000714500000, 0x0000000714500000, 0x0000000714600000|  0%| F|  |TAMS 0x0000000714500000, 0x0000000714500000| Untracked 
| 188|0x0000000714600000, 0x0000000714600000, 0x0000000714700000|  0%| F|  |TAMS 0x0000000714600000, 0x0000000714600000| Untracked 
| 189|0x0000000714700000, 0x0000000714700000, 0x0000000714800000|  0%| F|  |TAMS 0x0000000714700000, 0x0000000714700000| Untracked 
| 190|0x0000000714800000, 0x0000000714800000, 0x0000000714900000|  0%| F|  |TAMS 0x0000000714800000, 0x0000000714800000| Untracked 
| 191|0x0000000714900000, 0x0000000714900000, 0x0000000714a00000|  0%| F|  |TAMS 0x0000000714900000, 0x0000000714900000| Untracked 
| 192|0x0000000714a00000, 0x0000000714a00000, 0x0000000714b00000|  0%| F|  |TAMS 0x0000000714a00000, 0x0000000714a00000| Untracked 
| 193|0x0000000714b00000, 0x0000000714b00000, 0x0000000714c00000|  0%| F|  |TAMS 0x0000000714b00000, 0x0000000714b00000| Untracked 
| 194|0x0000000714c00000, 0x0000000714c00000, 0x0000000714d00000|  0%| F|  |TAMS 0x0000000714c00000, 0x0000000714c00000| Untracked 
| 195|0x0000000714d00000, 0x0000000714d00000, 0x0000000714e00000|  0%| F|  |TAMS 0x0000000714d00000, 0x0000000714d00000| Untracked 
| 196|0x0000000714e00000, 0x0000000714e00000, 0x0000000714f00000|  0%| F|  |TAMS 0x0000000714e00000, 0x0000000714e00000| Untracked 
| 197|0x0000000714f00000, 0x0000000714f00000, 0x0000000715000000|  0%| F|  |TAMS 0x0000000714f00000, 0x0000000714f00000| Untracked 
| 198|0x0000000715000000, 0x0000000715000000, 0x0000000715100000|  0%| F|  |TAMS 0x0000000715000000, 0x0000000715000000| Untracked 
| 199|0x0000000715100000, 0x0000000715100000, 0x0000000715200000|  0%| F|  |TAMS 0x0000000715100000, 0x0000000715100000| Untracked 
| 200|0x0000000715200000, 0x0000000715200000, 0x0000000715300000|  0%| F|  |TAMS 0x0000000715200000, 0x0000000715200000| Untracked 
| 201|0x0000000715300000, 0x0000000715300000, 0x0000000715400000|  0%| F|  |TAMS 0x0000000715300000, 0x0000000715300000| Untracked 
| 202|0x0000000715400000, 0x0000000715400000, 0x0000000715500000|  0%| F|  |TAMS 0x0000000715400000, 0x0000000715400000| Untracked 
| 203|0x0000000715500000, 0x0000000715500000, 0x0000000715600000|  0%| F|  |TAMS 0x0000000715500000, 0x0000000715500000| Untracked 
| 204|0x0000000715600000, 0x0000000715600000, 0x0000000715700000|  0%| F|  |TAMS 0x0000000715600000, 0x0000000715600000| Untracked 
| 205|0x0000000715700000, 0x0000000715700000, 0x0000000715800000|  0%| F|  |TAMS 0x0000000715700000, 0x0000000715700000| Untracked 
| 206|0x0000000715800000, 0x0000000715800000, 0x0000000715900000|  0%| F|  |TAMS 0x0000000715800000, 0x0000000715800000| Untracked 
| 207|0x0000000715900000, 0x0000000715900000, 0x0000000715a00000|  0%| F|  |TAMS 0x0000000715900000, 0x0000000715900000| Untracked 
| 208|0x0000000715a00000, 0x0000000715a00000, 0x0000000715b00000|  0%| F|  |TAMS 0x0000000715a00000, 0x0000000715a00000| Untracked 
| 209|0x0000000715b00000, 0x0000000715b00000, 0x0000000715c00000|  0%| F|  |TAMS 0x0000000715b00000, 0x0000000715b00000| Untracked 
| 210|0x0000000715c00000, 0x0000000715c00000, 0x0000000715d00000|  0%| F|  |TAMS 0x0000000715c00000, 0x0000000715c00000| Untracked 
| 211|0x0000000715d00000, 0x0000000715d00000, 0x0000000715e00000|  0%| F|  |TAMS 0x0000000715d00000, 0x0000000715d00000| Untracked 
| 212|0x0000000715e00000, 0x0000000715e00000, 0x0000000715f00000|  0%| F|  |TAMS 0x0000000715e00000, 0x0000000715e00000| Untracked 
| 213|0x0000000715f00000, 0x0000000715f00000, 0x0000000716000000|  0%| F|  |TAMS 0x0000000715f00000, 0x0000000715f00000| Untracked 
| 214|0x0000000716000000, 0x0000000716000000, 0x0000000716100000|  0%| F|  |TAMS 0x0000000716000000, 0x0000000716000000| Untracked 
| 215|0x0000000716100000, 0x0000000716100000, 0x0000000716200000|  0%| F|  |TAMS 0x0000000716100000, 0x0000000716100000| Untracked 
| 216|0x0000000716200000, 0x0000000716200000, 0x0000000716300000|  0%| F|  |TAMS 0x0000000716200000, 0x0000000716200000| Untracked 
| 217|0x0000000716300000, 0x0000000716300000, 0x0000000716400000|  0%| F|  |TAMS 0x0000000716300000, 0x0000000716300000| Untracked 
| 218|0x0000000716400000, 0x0000000716400000, 0x0000000716500000|  0%| F|  |TAMS 0x0000000716400000, 0x0000000716400000| Untracked 
| 219|0x0000000716500000, 0x0000000716500000, 0x0000000716600000|  0%| F|  |TAMS 0x0000000716500000, 0x0000000716500000| Untracked 
| 220|0x0000000716600000, 0x0000000716600000, 0x0000000716700000|  0%| F|  |TAMS 0x0000000716600000, 0x0000000716600000| Untracked 
| 221|0x0000000716700000, 0x0000000716700000, 0x0000000716800000|  0%| F|  |TAMS 0x0000000716700000, 0x0000000716700000| Untracked 
| 222|0x0000000716800000, 0x0000000716800000, 0x0000000716900000|  0%| F|  |TAMS 0x0000000716800000, 0x0000000716800000| Untracked 
| 223|0x0000000716900000, 0x0000000716900000, 0x0000000716a00000|  0%| F|  |TAMS 0x0000000716900000, 0x0000000716900000| Untracked 
| 224|0x0000000716a00000, 0x0000000716a00000, 0x0000000716b00000|  0%| F|  |TAMS 0x0000000716a00000, 0x0000000716a00000| Untracked 
| 225|0x0000000716b00000, 0x0000000716b00000, 0x0000000716c00000|  0%| F|  |TAMS 0x0000000716b00000, 0x0000000716b00000| Untracked 
| 226|0x0000000716c00000, 0x0000000716c00000, 0x0000000716d00000|  0%| F|  |TAMS 0x0000000716c00000, 0x0000000716c00000| Untracked 
| 227|0x0000000716d00000, 0x0000000716d00000, 0x0000000716e00000|  0%| F|  |TAMS 0x0000000716d00000, 0x0000000716d00000| Untracked 
| 228|0x0000000716e00000, 0x0000000716e00000, 0x0000000716f00000|  0%| F|  |TAMS 0x0000000716e00000, 0x0000000716e00000| Untracked 
| 229|0x0000000716f00000, 0x0000000716f00000, 0x0000000717000000|  0%| F|  |TAMS 0x0000000716f00000, 0x0000000716f00000| Untracked 
| 230|0x0000000717000000, 0x0000000717000000, 0x0000000717100000|  0%| F|  |TAMS 0x0000000717000000, 0x0000000717000000| Untracked 
| 231|0x0000000717100000, 0x0000000717100000, 0x0000000717200000|  0%| F|  |TAMS 0x0000000717100000, 0x0000000717100000| Untracked 
| 232|0x0000000717200000, 0x0000000717200000, 0x0000000717300000|  0%| F|  |TAMS 0x0000000717200000, 0x0000000717200000| Untracked 
| 233|0x0000000717300000, 0x0000000717300000, 0x0000000717400000|  0%| F|  |TAMS 0x0000000717300000, 0x0000000717300000| Untracked 
| 234|0x0000000717400000, 0x0000000717400000, 0x0000000717500000|  0%| F|  |TAMS 0x0000000717400000, 0x0000000717400000| Untracked 
| 235|0x0000000717500000, 0x0000000717500000, 0x0000000717600000|  0%| F|  |TAMS 0x0000000717500000, 0x0000000717500000| Untracked 
| 236|0x0000000717600000, 0x0000000717600000, 0x0000000717700000|  0%| F|  |TAMS 0x0000000717600000, 0x0000000717600000| Untracked 
| 237|0x0000000717700000, 0x000000071777b820, 0x0000000717800000| 48%| E|  |TAMS 0x0000000717700000, 0x0000000717700000| Complete 
| 238|0x0000000717800000, 0x0000000717900000, 0x0000000717900000|100%| E|CS|TAMS 0x0000000717800000, 0x0000000717800000| Complete 
| 239|0x0000000717900000, 0x0000000717a00000, 0x0000000717a00000|100%| E|CS|TAMS 0x0000000717900000, 0x0000000717900000| Complete 
| 240|0x0000000717a00000, 0x0000000717b00000, 0x0000000717b00000|100%| E|CS|TAMS 0x0000000717a00000, 0x0000000717a00000| Complete 
| 241|0x0000000717b00000, 0x0000000717c00000, 0x0000000717c00000|100%| E|CS|TAMS 0x0000000717b00000, 0x0000000717b00000| Complete 
| 242|0x0000000717c00000, 0x0000000717d00000, 0x0000000717d00000|100%| E|CS|TAMS 0x0000000717c00000, 0x0000000717c00000| Complete 
| 243|0x0000000717d00000, 0x0000000717e00000, 0x0000000717e00000|100%| E|CS|TAMS 0x0000000717d00000, 0x0000000717d00000| Complete 
| 244|0x0000000717e00000, 0x0000000717f00000, 0x0000000717f00000|100%| E|  |TAMS 0x0000000717e00000, 0x0000000717e00000| Complete 
| 245|0x0000000717f00000, 0x0000000718000000, 0x0000000718000000|100%| E|CS|TAMS 0x0000000717f00000, 0x0000000717f00000| Complete 
| 246|0x0000000718000000, 0x0000000718100000, 0x0000000718100000|100%| E|CS|TAMS 0x0000000718000000, 0x0000000718000000| Complete 
| 247|0x0000000718100000, 0x0000000718200000, 0x0000000718200000|100%| E|CS|TAMS 0x0000000718100000, 0x0000000718100000| Complete 
|2932|0x00000007bfe00000, 0x00000007bfe48000, 0x00000007bff00000| 28%|OA|  |TAMS 0x00000007bfe00000, 0x00000007bfe00000| Untracked 
|2933|0x00000007bff00000, 0x00000007bff6c000, 0x00000007c0000000| 42%|CA|  |TAMS 0x00000007bff00000, 0x00000007bff00000| Untracked 

Card table byte_map: [0x00007f1e7d91f000,0x00007f1e7e0da000] _byte_map_base: 0x00007f1e7a0da000

Marking Bits (Prev, Next): (CMBitMap*) 0x00007f1e7807d4e8, (CMBitMap*) 0x00007f1e7807d520
 Prev Bits: [0x00007f1e58228000, 0x00007f1e5c000000)
 Next Bits: [0x00007f1e54450000, 0x00007f1e58228000)

Polling page: 0x00007f1e81443000

Metaspace:

Usage:
  Non-class:      5.78 MB capacity,     3.24 MB ( 56%) used,     2.53 MB ( 44%) free+waste,     6.94 KB ( <1%) overhead. 
      Class:    694.00 KB capacity,   397.97 KB ( 57%) used,   292.34 KB ( 42%) free+waste,     3.69 KB ( <1%) overhead. 
       Both:      6.46 MB capacity,     3.63 MB ( 56%) used,     2.82 MB ( 44%) free+waste,    10.62 KB ( <1%) overhead. 

Virtual space:
  Non-class space:        8.00 MB reserved,       6.00 MB ( 75%) committed 
      Class space:        1.00 GB reserved,     768.00 KB ( <1%) committed 
             Both:        1.01 GB reserved,       6.75 MB ( <1%) committed 

Chunk freelists:
   Non-Class:  0 bytes
       Class:  0 bytes
        Both:  0 bytes

MaxMetaspaceSize: unlimited
CompressedClassSpaceSize: 1.00 GB
Initial GC threshold: 20.80 MB
Current GC threshold: 20.80 MB
CDS: on

CodeHeap 'non-profiled nmethods': size=119172Kb used=229Kb max_used=229Kb free=118942Kb
 bounds [0x00007f1e68364000, 0x00007f1e685d4000, 0x00007f1e6f7c5000]
CodeHeap 'profiled nmethods': size=119168Kb used=1637Kb max_used=1637Kb free=117530Kb
 bounds [0x00007f1e60f04000, 0x00007f1e61174000, 0x00007f1e68364000]
CodeHeap 'non-nmethods': size=7420Kb used=2835Kb max_used=2848Kb free=4584Kb
 bounds [0x00007f1e607c5000, 0x00007f1e60a95000, 0x00007f1e60f04000]
 total_blobs=1268 nmethods=859 adapters=320
 compilation: enabled
              stopped_count=0, restarted_count=0
 full_count=0

Compilation events (20 events):
Event: 0.150 Thread 0x00007f1e781fa000 nmethod 838 0x00007f1e61092690 code [0x00007f1e610928a0, 0x00007f1e61092d90]
Event: 0.150 Thread 0x00007f1e28320000  841       4       jdk.internal.org.objectweb.asm.ByteVector::putUTF8 (142 bytes)
Event: 0.150 Thread 0x00007f1e201ab000 nmethod 831 0x00007f1e61092f10 code [0x00007f1e61093320, 0x00007f1e61095330]
Event: 0.150 Thread 0x00007f1e201a9000  843       3       java.lang.invoke.LambdaForm::forceInterpretation (14 bytes)
Event: 0.150 Thread 0x00007f1e201a9000 nmethod 843 0x00007f1e61095e10 code [0x00007f1e61095fc0, 0x00007f1e61096130]
Event: 0.150 Thread 0x00007f1e781f8000  845       4       java.lang.invoke.MethodType::parameterType (7 bytes)
Event: 0.150 Thread 0x00007f1e781f8000 nmethod 845 0x00007f1e6839a890 code [0x00007f1e6839aa20, 0x00007f1e6839aad8]
Event: 0.150 Thread 0x00007f1e781f8000  847       4       java.util.concurrent.ConcurrentHashMap::get (162 bytes)
Event: 0.150 Thread 0x00007f1e2807c000  849       3       sun.invoke.util.VerifyType::isNullConversion (157 bytes)
Event: 0.151 Thread 0x00007f1e781fa000  852       3       java.lang.invoke.MemberName::isMethod (7 bytes)
Event: 0.151 Thread 0x00007f1e201ab000  853       3       java.lang.invoke.MemberName::getInvocationType (56 bytes)
Event: 0.151 Thread 0x00007f1e781fa000 nmethod 852 0x00007f1e61096190 code [0x00007f1e61096340, 0x00007f1e61096590]
Event: 0.151 Thread 0x00007f1e781fa000  854       1       java.lang.invoke.MethodTypeForm::basicType (5 bytes)
Event: 0.151 Thread 0x00007f1e781fa000 nmethod 854 0x00007f1e6839ba90 code [0x00007f1e6839bc40, 0x00007f1e6839bd10]
Event: 0.151 Thread 0x00007f1e201ab000 nmethod 853 0x00007f1e61096690 code [0x00007f1e610968c0, 0x00007f1e610971c0]
Event: 0.151 Thread 0x00007f1e781fa000  857       3       java.lang.String::<init> (55 bytes)
Event: 0.151 Thread 0x00007f1e201a9000  858   !   3       java.lang.StringCoding::decode (362 bytes)
Event: 0.151 Thread 0x00007f1e781fa000 nmethod 857 0x00007f1e61097490 code [0x00007f1e61097680, 0x00007f1e61097a20]
Event: 0.151 Thread 0x00007f1e2807c000 nmethod 849 0x00007f1e61097b90 code [0x00007f1e61097ea0, 0x00007f1e61099380]
Event: 0.152 Thread 0x00007f1e201a9000 nmethod 858 0x00007f1e61099810 code [0x00007f1e61099d00, 0x00007f1e6109c850]

GC Heap History (0 events):
No events

Deoptimization events (20 events):
Event: 0.093 Thread 0x00007f1e78015800 DEOPT PACKING pc=0x00007f1e6837c044 sp=0x00007f1e7fbd1fc0
Event: 0.093 Thread 0x00007f1e78015800 DEOPT UNPACKING pc=0x00007f1e6080eea5 sp=0x00007f1e7fbd1f40 mode 2
Event: 0.102 Thread 0x00007f1e78015800 DEOPT PACKING pc=0x00007f1e60f93ae2 sp=0x00007f1e7fbd2550
Event: 0.102 Thread 0x00007f1e78015800 DEOPT UNPACKING pc=0x00007f1e6080f64a sp=0x00007f1e7fbd19e8 mode 0
Event: 0.108 Thread 0x00007f1e78015800 DEOPT PACKING pc=0x00007f1e60f4194f sp=0x00007f1e7fbd2510
Event: 0.108 Thread 0x00007f1e78015800 DEOPT UNPACKING pc=0x00007f1e6080f64a sp=0x00007f1e7fbd19b8 mode 0
Event: 0.108 Thread 0x00007f1e78015800 DEOPT PACKING pc=0x00007f1e60f4194f sp=0x00007f1e7fbd2510
Event: 0.108 Thread 0x00007f1e78015800 DEOPT UNPACKING pc=0x00007f1e6080f64a sp=0x00007f1e7fbd19b8 mode 0
Event: 0.131 Thread 0x00007f1e78015800 Uncommon trap: trap_request=0xffffffc6 fr.pc=0x00007f1e6838ae14 relative=0x00000000000003b4
Event: 0.131 Thread 0x00007f1e78015800 Uncommon trap: reason=bimorphic_or_optimized_type_check action=maybe_recompile pc=0x00007f1e6838ae14 method=java.util.HashMap.getNode(ILjava/lang/Object;)Ljava/util/HashMap$Node; @ 126 c2
Event: 0.131 Thread 0x00007f1e78015800 DEOPT PACKING pc=0x00007f1e6838ae14 sp=0x00007f1e7fbd2fd0
Event: 0.131 Thread 0x00007f1e78015800 DEOPT UNPACKING pc=0x00007f1e6080eea5 sp=0x00007f1e7fbd2f68 mode 2
Event: 0.132 Thread 0x00007f1e78015800 Uncommon trap: trap_request=0xffffffc6 fr.pc=0x00007f1e6838ae14 relative=0x00000000000003b4
Event: 0.132 Thread 0x00007f1e78015800 Uncommon trap: reason=bimorphic_or_optimized_type_check action=maybe_recompile pc=0x00007f1e6838ae14 method=java.util.HashMap.getNode(ILjava/lang/Object;)Ljava/util/HashMap$Node; @ 126 c2
Event: 0.132 Thread 0x00007f1e78015800 DEOPT PACKING pc=0x00007f1e6838ae14 sp=0x00007f1e7fbd30f0
Event: 0.132 Thread 0x00007f1e78015800 DEOPT UNPACKING pc=0x00007f1e6080eea5 sp=0x00007f1e7fbd3088 mode 2
Event: 0.137 Thread 0x00007f1e78015800 Uncommon trap: trap_request=0xffffffc6 fr.pc=0x00007f1e6838ae14 relative=0x00000000000003b4
Event: 0.137 Thread 0x00007f1e78015800 Uncommon trap: reason=bimorphic_or_optimized_type_check action=maybe_recompile pc=0x00007f1e6838ae14 method=java.util.HashMap.getNode(ILjava/lang/Object;)Ljava/util/HashMap$Node; @ 126 c2
Event: 0.137 Thread 0x00007f1e78015800 DEOPT PACKING pc=0x00007f1e6838ae14 sp=0x00007f1e7fbd2f00
Event: 0.137 Thread 0x00007f1e78015800 DEOPT UNPACKING pc=0x00007f1e6080eea5 sp=0x00007f1e7fbd2e98 mode 2

Classes redefined (0 events):
No events

Internal exceptions (20 events):
Event: 0.068 Thread 0x00007f1e78015800 Exception <a 'java/security/PrivilegedActionException'{0x0000000717db0470}> (0x0000000717db0470) thrown at [./src/hotspot/share/prims/jvm.cpp, line 1304]
Event: 0.068 Thread 0x00007f1e78015800 Exception <a 'java/security/PrivilegedActionException'{0x0000000717db09e8}> (0x0000000717db09e8) thrown at [./src/hotspot/share/prims/jvm.cpp, line 1304]
Event: 0.068 Thread 0x00007f1e78015800 Exception <a 'java/security/PrivilegedActionException'{0x0000000717db1600}> (0x0000000717db1600) thrown at [./src/hotspot/share/prims/jvm.cpp, line 1304]
Event: 0.068 Thread 0x00007f1e78015800 Exception <a 'java/security/PrivilegedActionException'{0x0000000717db1b78}> (0x0000000717db1b78) thrown at [./src/hotspot/share/prims/jvm.cpp, line 1304]
Event: 0.068 Thread 0x00007f1e78015800 Exception <a 'java/security/PrivilegedActionException'{0x0000000717db2790}> (0x0000000717db2790) thrown at [./src/hotspot/share/prims/jvm.cpp, line 1304]
Event: 0.068 Thread 0x00007f1e78015800 Exception <a 'java/security/PrivilegedActionException'{0x0000000717db2d08}> (0x0000000717db2d08) thrown at [./src/hotspot/share/prims/jvm.cpp, line 1304]
Event: 0.068 Thread 0x00007f1e78015800 Exception <a 'java/security/PrivilegedActionException'{0x0000000717db3938}> (0x0000000717db3938) thrown at [./src/hotspot/share/prims/jvm.cpp, line 1304]
Event: 0.068 Thread 0x00007f1e78015800 Exception <a 'java/security/PrivilegedActionException'{0x0000000717db3eb0}> (0x0000000717db3eb0) thrown at [./src/hotspot/share/prims/jvm.cpp, line 1304]
Event: 0.068 Thread 0x00007f1e78015800 Exception <a 'java/security/PrivilegedActionException'{0x0000000717db4ae0}> (0x0000000717db4ae0) thrown at [./src/hotspot/share/prims/jvm.cpp, line 1304]
Event: 0.068 Thread 0x00007f1e78015800 Exception <a 'java/security/PrivilegedActionException'{0x0000000717db5058}> (0x0000000717db5058) thrown at [./src/hotspot/share/prims/jvm.cpp, line 1304]
Event: 0.068 Thread 0x00007f1e78015800 Exception <a 'java/security/PrivilegedActionException'{0x0000000717db5c88}> (0x0000000717db5c88) thrown at [./src/hotspot/share/prims/jvm.cpp, line 1304]
Event: 0.068 Thread 0x00007f1e78015800 Exception <a 'java/security/PrivilegedActionException'{0x0000000717db6200}> (0x0000000717db6200) thrown at [./src/hotspot/share/prims/jvm.cpp, line 1304]
Event: 0.068 Thread 0x00007f1e78015800 Exception <a 'java/security/PrivilegedActionException'{0x0000000717db6e18}> (0x0000000717db6e18) thrown at [./src/hotspot/share/prims/jvm.cpp, line 1304]
Event: 0.068 Thread 0x00007f1e78015800 Exception <a 'java/security/PrivilegedActionException'{0x0000000717db7390}> (0x0000000717db7390) thrown at [./src/hotspot/share/prims/jvm.cpp, line 1304]
Event: 0.068 Thread 0x00007f1e78015800 Exception <a 'java/security/PrivilegedActionException'{0x0000000717db8218}> (0x0000000717db8218) thrown at [./src/hotspot/share/prims/jvm.cpp, line 1304]
Event: 0.068 Thread 0x00007f1e78015800 Exception <a 'java/security/PrivilegedActionException'{0x0000000717db8790}> (0x0000000717db8790) thrown at [./src/hotspot/share/prims/jvm.cpp, line 1304]
Event: 0.076 Thread 0x00007f1e78015800 Exception <a 'java/lang/NoSuchMethodError'{0x0000000717c279f8}: 'int java.lang.invoke.DirectMethodHandle$Holder.invokeStaticInit(java.lang.Object, java.lang.Object, java.lang.Object, java.lang.Object)'> (0x0000000717c279f8) thrown at [./src/hotspot/share/interpreter/linkResolver.cpp, line 772]
Event: 0.077 Thread 0x00007f1e78015800 Exception <a 'java/lang/IncompatibleClassChangeError'{0x0000000717c31ee0}: Found class java.lang.Object, but interface was expected> (0x0000000717c31ee0) thrown at [./src/hotspot/share/interpreter/linkResolver.cpp, line 839]
Event: 0.077 Thread 0x00007f1e78015800 Exception <a 'java/lang/NoSuchMethodError'{0x0000000717c35130}: 'void java.lang.invoke.DirectMethodHandle$Holder.invokeStaticInit(java.lang.Object, java.lang.Object)'> (0x0000000717c35130) thrown at [./src/hotspot/share/interpreter/linkResolver.cpp, line 772]
Event: 0.078 Thread 0x00007f1e78015800 Exception <a 'java/lang/NoSuchMethodError'{0x0000000717c3ae40}: 'int java.lang.invoke.DirectMethodHandle$Holder.invokeStaticInit(java.lang.Object, java.lang.Object)'> (0x0000000717c3ae40) thrown at [./src/hotspot/share/interpreter/linkResolver.cpp, line 772]

Events (20 events):
Event: 0.143 loading class java/lang/invoke/BoundMethodHandle$Species_LLLL
Event: 0.143 loading class java/lang/invoke/BoundMethodHandle$Species_LLLL done
Event: 0.144 loading class java/lang/invoke/BoundMethodHandle$Species_LLLLL
Event: 0.144 loading class java/lang/invoke/BoundMethodHandle$Species_LLLLL done
Event: 0.145 loading class java/lang/invoke/BoundMethodHandle$Species_LLLLLL
Event: 0.145 loading class java/lang/invoke/BoundMethodHandle$Species_LLLLLL done
Event: 0.145 loading class java/lang/invoke/BoundMethodHandle$Species_LLLLLLI
Event: 0.145 loading class java/lang/invoke/BoundMethodHandle$Species_LLLLLLI done
Event: 0.146 loading class java/lang/invoke/BoundMethodHandle$Species_LLLLLLII
Event: 0.146 loading class java/lang/invoke/BoundMethodHandle$Species_LLLLLLII done
Event: 0.147 loading class java/lang/invoke/BoundMethodHandle$Species_LLLLLLIIL
Event: 0.147 loading class java/lang/invoke/BoundMethodHandle$Species_LLLLLLIIL done
Event: 0.150 loading class java/lang/invoke/BoundMethodHandle$Species_LLLLLLL
Event: 0.150 loading class java/lang/invoke/BoundMethodHandle$Species_LLLLLLL done
Event: 0.150 loading class java/lang/invoke/BoundMethodHandle$Species_LLLLLLLI
Event: 0.150 loading class java/lang/invoke/BoundMethodHandle$Species_LLLLLLLI done
Event: 0.151 loading class java/lang/invoke/BoundMethodHandle$Species_LLLLLLLII
Event: 0.151 loading class java/lang/invoke/BoundMethodHandle$Species_LLLLLLLII done
Event: 0.151 loading class java/util/AbstractMap$SimpleEntry
Event: 0.151 loading class java/util/AbstractMap$SimpleEntry done


Dynamic libraries:
708a00000-718200000 rw-p 00000000 00:00 0 
718200000-7bfe00000 ---p 00000000 00:00 0 
7bfe00000-7bfe48000 rw-p 00b14000 08:20 134904                           /usr/lib/jvm/java-11-openjdk-amd64/lib/server/classes.jsa
7bfe48000-7bff00000 rw-p 00000000 00:00 0 
7bff00000-7bff6c000 rw-p 00aa8000 08:20 134904                           /usr/lib/jvm/java-11-openjdk-amd64/lib/server/classes.jsa
7bff6c000-7c0000000 rw-p 00000000 00:00 0 
7c0000000-800000000 ---p 00000000 00:00 0 
800000000-800002000 rwxp 00001000 08:20 134904                           /usr/lib/jvm/java-11-openjdk-amd64/lib/server/classes.jsa
800002000-8003ce000 rw-p 00003000 08:20 134904                           /usr/lib/jvm/java-11-openjdk-amd64/lib/server/classes.jsa
8003ce000-800aa6000 r--p 003cf000 08:20 134904                           /usr/lib/jvm/java-11-openjdk-amd64/lib/server/classes.jsa
800aa6000-800aa7000 rw-p 00aa7000 08:20 134904                           /usr/lib/jvm/java-11-openjdk-amd64/lib/server/classes.jsa
840000000-8400c0000 rw-p 00000000 00:00 0 
8400c0000-880000000 ---p 00000000 00:00 0 
55e629450000-55e629451000 r--p 00000000 08:20 134294                     /usr/lib/jvm/java-11-openjdk-amd64/bin/java
55e629451000-55e629452000 r-xp 00001000 08:20 134294                     /usr/lib/jvm/java-11-openjdk-amd64/bin/java
55e629452000-55e629453000 r--p 00002000 08:20 134294                     /usr/lib/jvm/java-11-openjdk-amd64/bin/java
55e629453000-55e629454000 r--p 00002000 08:20 134294                     /usr/lib/jvm/java-11-openjdk-amd64/bin/java
55e629454000-55e629455000 rw-p 00003000 08:20 134294                     /usr/lib/jvm/java-11-openjdk-amd64/bin/java
55e635062000-55e635083000 rw-p 00000000 00:00 0                          [heap]
7f1df8000000-7f1df8021000 rw-p 00000000 00:00 0 
7f1df8021000-7f1dfc000000 ---p 00000000 00:00 0 
7f1e00000000-7f1e00021000 rw-p 00000000 00:00 0 
7f1e00021000-7f1e04000000 ---p 00000000 00:00 0 
7f1e04b59000-7f1e0552c000 rw-p 00000000 00:00 0 
7f1e0552c000-7f1e05e52000 r--p 00000000 08:20 204242                     /home/crz/.javacpp/cache/llvm-13.0.1-1.5.7-linux-x86_64.jar/org/bytedeco/llvm/linux-x86_64/libLLVM-13.so
7f1e05e52000-7f1e09815000 r-xp 00926000 08:20 204242                     /home/crz/.javacpp/cache/llvm-13.0.1-1.5.7-linux-x86_64.jar/org/bytedeco/llvm/linux-x86_64/libLLVM-13.so
7f1e09815000-7f1e0ba6a000 r--p 042e9000 08:20 204242                     /home/crz/.javacpp/cache/llvm-13.0.1-1.5.7-linux-x86_64.jar/org/bytedeco/llvm/linux-x86_64/libLLVM-13.so
7f1e0ba6a000-7f1e0bf7f000 r--p 0653d000 08:20 204242                     /home/crz/.javacpp/cache/llvm-13.0.1-1.5.7-linux-x86_64.jar/org/bytedeco/llvm/linux-x86_64/libLLVM-13.so
7f1e0bf7f000-7f1e0bf8a000 rw-p 06a52000 08:20 204242                     /home/crz/.javacpp/cache/llvm-13.0.1-1.5.7-linux-x86_64.jar/org/bytedeco/llvm/linux-x86_64/libLLVM-13.so
7f1e0bf8a000-7f1e0c000000 rw-p 00000000 00:00 0 
7f1e0c000000-7f1e0c021000 rw-p 00000000 00:00 0 
7f1e0c021000-7f1e10000000 ---p 00000000 00:00 0 
7f1e10000000-7f1e1004a000 rw-p 00000000 00:00 0 
7f1e1004a000-7f1e14000000 ---p 00000000 00:00 0 
7f1e14000000-7f1e14021000 rw-p 00000000 00:00 0 
7f1e14021000-7f1e18000000 ---p 00000000 00:00 0 
7f1e18000000-7f1e18021000 rw-p 00000000 00:00 0 
7f1e18021000-7f1e1c000000 ---p 00000000 00:00 0 
7f1e1c000000-7f1e1c021000 rw-p 00000000 00:00 0 
7f1e1c021000-7f1e20000000 ---p 00000000 00:00 0 
7f1e20000000-7f1e201af000 rw-p 00000000 00:00 0 
7f1e201af000-7f1e24000000 ---p 00000000 00:00 0 
7f1e24000000-7f1e24215000 rw-p 00000000 00:00 0 
7f1e24215000-7f1e28000000 ---p 00000000 00:00 0 
7f1e28000000-7f1e28329000 rw-p 00000000 00:00 0 
7f1e28329000-7f1e2c000000 ---p 00000000 00:00 0 
7f1e2c000000-7f1e2c021000 rw-p 00000000 00:00 0 
7f1e2c021000-7f1e30000000 ---p 00000000 00:00 0 
7f1e30000000-7f1e30021000 rw-p 00000000 00:00 0 
7f1e30021000-7f1e34000000 ---p 00000000 00:00 0 
7f1e34000000-7f1e34021000 rw-p 00000000 00:00 0 
7f1e34021000-7f1e38000000 ---p 00000000 00:00 0 
7f1e38000000-7f1e38021000 rw-p 00000000 00:00 0 
7f1e38021000-7f1e3c000000 ---p 00000000 00:00 0 
7f1e3c000000-7f1e3c021000 rw-p 00000000 00:00 0 
7f1e3c021000-7f1e40000000 ---p 00000000 00:00 0 
7f1e40000000-7f1e40021000 rw-p 00000000 00:00 0 
7f1e40021000-7f1e44000000 ---p 00000000 00:00 0 
7f1e44000000-7f1e44021000 rw-p 00000000 00:00 0 
7f1e44021000-7f1e48000000 ---p 00000000 00:00 0 
7f1e48000000-7f1e48021000 rw-p 00000000 00:00 0 
7f1e48021000-7f1e4c000000 ---p 00000000 00:00 0 
7f1e4c15d000-7f1e4c80c000 rw-p 00000000 00:00 0 
7f1e4c80c000-7f1e4c810000 ---p 00000000 00:00 0 
7f1e4c810000-7f1e4c90c000 rw-p 00000000 00:00 0 
7f1e4c90c000-7f1e4c910000 ---p 00000000 00:00 0 
7f1e4c910000-7f1e4ca0c000 rw-p 00000000 00:00 0 
7f1e4ca0c000-7f1e4ca71000 r--p 00000000 08:20 204256                     /home/crz/.javacpp/cache/llvm-13.0.1-1.5.7-linux-x86_64.jar/org/bytedeco/llvm/linux-x86_64/libjniLLVM.so
7f1e4ca71000-7f1e4cadf000 r-xp 00065000 08:20 204256                     /home/crz/.javacpp/cache/llvm-13.0.1-1.5.7-linux-x86_64.jar/org/bytedeco/llvm/linux-x86_64/libjniLLVM.so
7f1e4cadf000-7f1e4cb0a000 r--p 000d3000 08:20 204256                     /home/crz/.javacpp/cache/llvm-13.0.1-1.5.7-linux-x86_64.jar/org/bytedeco/llvm/linux-x86_64/libjniLLVM.so
7f1e4cb0a000-7f1e4cb0d000 r--p 000fd000 08:20 204256                     /home/crz/.javacpp/cache/llvm-13.0.1-1.5.7-linux-x86_64.jar/org/bytedeco/llvm/linux-x86_64/libjniLLVM.so
7f1e4cb0d000-7f1e4cb10000 rw-p 00100000 08:20 204256                     /home/crz/.javacpp/cache/llvm-13.0.1-1.5.7-linux-x86_64.jar/org/bytedeco/llvm/linux-x86_64/libjniLLVM.so
7f1e4cb10000-7f1e4cb12000 rw-p 00000000 00:00 0 
7f1e4cb12000-7f1e4cb16000 ---p 00000000 00:00 0 
7f1e4cb16000-7f1e4cc12000 rw-p 00000000 00:00 0 
7f1e4cc12000-7f1e4cc16000 ---p 00000000 00:00 0 
7f1e4cc16000-7f1e4cd12000 rw-p 00000000 00:00 0 
7f1e4cd12000-7f1e4cd16000 ---p 00000000 00:00 0 
7f1e4cd16000-7f1e4ce12000 rw-p 00000000 00:00 0 
7f1e4ce12000-7f1e4ce13000 ---p 00000000 00:00 0 
7f1e4ce13000-7f1e4cf13000 rw-p 00000000 00:00 0 
7f1e4cf13000-7f1e4cf17000 ---p 00000000 00:00 0 
7f1e4cf17000-7f1e4d013000 rw-p 00000000 00:00 0 
7f1e4d013000-7f1e4d017000 ---p 00000000 00:00 0 
7f1e4d017000-7f1e4d113000 rw-p 00000000 00:00 0 
7f1e4d113000-7f1e4d117000 ---p 00000000 00:00 0 
7f1e4d117000-7f1e4d213000 rw-p 00000000 00:00 0 
7f1e4d213000-7f1e4d800000 r--p 00000000 08:20 13349                      /usr/lib/locale/locale-archive
7f1e4d800000-7f1e4de00000 rw-p 00000000 00:00 0 
7f1e4de00000-7f1e4e000000 ---p 00000000 00:00 0 
7f1e4e000000-7f1e50000000 rw-p 00000000 00:00 0 
7f1e50000000-7f1e50021000 rw-p 00000000 00:00 0 
7f1e50021000-7f1e54000000 ---p 00000000 00:00 0 
7f1e54050000-7f1e54054000 ---p 00000000 00:00 0 
7f1e54054000-7f1e54150000 rw-p 00000000 00:00 0 
7f1e54150000-7f1e54154000 ---p 00000000 00:00 0 
7f1e54154000-7f1e54250000 rw-p 00000000 00:00 0 
7f1e54250000-7f1e54254000 ---p 00000000 00:00 0 
7f1e54254000-7f1e54350000 rw-p 00000000 00:00 0 
7f1e54350000-7f1e54354000 ---p 00000000 00:00 0 
7f1e54354000-7f1e54830000 rw-p 00000000 00:00 0 
7f1e54830000-7f1e57220000 ---p 00000000 00:00 0 
7f1e57220000-7f1e57228000 rw-p 00000000 00:00 0 
7f1e57228000-7f1e58228000 ---p 00000000 00:00 0 
7f1e58228000-7f1e58608000 rw-p 00000000 00:00 0 
7f1e58608000-7f1e5aff8000 ---p 00000000 00:00 0 
7f1e5aff8000-7f1e5b000000 rw-p 00000000 00:00 0 
7f1e5b000000-7f1e5c000000 ---p 00000000 00:00 0 
7f1e5c000000-7f1e5c021000 rw-p 00000000 00:00 0 
7f1e5c021000-7f1e60000000 ---p 00000000 00:00 0 
7f1e6003e000-7f1e60045000 r--s 00000000 08:20 126784                     /usr/lib/x86_64-linux-gnu/gconv/gconv-modules.cache
7f1e60045000-7f1e60046000 r--p 00000000 08:20 204251                     /home/crz/.javacpp/cache/llvm-13.0.1-1.5.7-linux-x86_64.jar/org/bytedeco/llvm/linux-x86_64/libRemarks.so.13
7f1e60046000-7f1e60047000 r-xp 00001000 08:20 204251                     /home/crz/.javacpp/cache/llvm-13.0.1-1.5.7-linux-x86_64.jar/org/bytedeco/llvm/linux-x86_64/libRemarks.so.13
7f1e60047000-7f1e60048000 r--p 00002000 08:20 204251                     /home/crz/.javacpp/cache/llvm-13.0.1-1.5.7-linux-x86_64.jar/org/bytedeco/llvm/linux-x86_64/libRemarks.so.13
7f1e60048000-7f1e60049000 r--p 00002000 08:20 204251                     /home/crz/.javacpp/cache/llvm-13.0.1-1.5.7-linux-x86_64.jar/org/bytedeco/llvm/linux-x86_64/libRemarks.so.13
7f1e60049000-7f1e6004a000 rw-p 00003000 08:20 204251                     /home/crz/.javacpp/cache/llvm-13.0.1-1.5.7-linux-x86_64.jar/org/bytedeco/llvm/linux-x86_64/libRemarks.so.13
7f1e6004a000-7f1e6004b000 r--p 00000000 08:20 104103                     /usr/lib/x86_64-linux-gnu/libdl.so.2
7f1e6004b000-7f1e6004c000 r-xp 00001000 08:20 104103                     /usr/lib/x86_64-linux-gnu/libdl.so.2
7f1e6004c000-7f1e6004d000 r--p 00002000 08:20 104103                     /usr/lib/x86_64-linux-gnu/libdl.so.2
7f1e6004d000-7f1e6004e000 r--p 00002000 08:20 104103                     /usr/lib/x86_64-linux-gnu/libdl.so.2
7f1e6004e000-7f1e6004f000 rw-p 00003000 08:20 104103                     /usr/lib/x86_64-linux-gnu/libdl.so.2
7f1e6004f000-7f1e60056000 r--p 00000000 08:20 204245                     /home/crz/.javacpp/cache/llvm-13.0.1-1.5.7-linux-x86_64.jar/org/bytedeco/llvm/linux-x86_64/libLTO.so.13
7f1e60056000-7f1e6005e000 r-xp 00007000 08:20 204245                     /home/crz/.javacpp/cache/llvm-13.0.1-1.5.7-linux-x86_64.jar/org/bytedeco/llvm/linux-x86_64/libLTO.so.13
7f1e6005e000-7f1e60060000 r--p 0000f000 08:20 204245                     /home/crz/.javacpp/cache/llvm-13.0.1-1.5.7-linux-x86_64.jar/org/bytedeco/llvm/linux-x86_64/libLTO.so.13
7f1e60060000-7f1e60061000 r--p 00010000 08:20 204245                     /home/crz/.javacpp/cache/llvm-13.0.1-1.5.7-linux-x86_64.jar/org/bytedeco/llvm/linux-x86_64/libLTO.so.13
7f1e60061000-7f1e60062000 rw-p 00011000 08:20 204245                     /home/crz/.javacpp/cache/llvm-13.0.1-1.5.7-linux-x86_64.jar/org/bytedeco/llvm/linux-x86_64/libLTO.so.13
7f1e60062000-7f1e60066000 r--p 00000000 08:20 204229                     /home/crz/.javacpp/cache/javacpp-1.5.7-linux-x86_64.jar/org/bytedeco/javacpp/linux-x86_64/libjnijavacpp.so
7f1e60066000-7f1e6006d000 r-xp 00004000 08:20 204229                     /home/crz/.javacpp/cache/javacpp-1.5.7-linux-x86_64.jar/org/bytedeco/javacpp/linux-x86_64/libjnijavacpp.so
7f1e6006d000-7f1e60071000 r--p 0000b000 08:20 204229                     /home/crz/.javacpp/cache/javacpp-1.5.7-linux-x86_64.jar/org/bytedeco/javacpp/linux-x86_64/libjnijavacpp.so
7f1e60071000-7f1e60072000 r--p 0000e000 08:20 204229                     /home/crz/.javacpp/cache/javacpp-1.5.7-linux-x86_64.jar/org/bytedeco/javacpp/linux-x86_64/libjnijavacpp.so
7f1e60072000-7f1e60073000 rw-p 0000f000 08:20 204229                     /home/crz/.javacpp/cache/javacpp-1.5.7-linux-x86_64.jar/org/bytedeco/javacpp/linux-x86_64/libjnijavacpp.so
7f1e60073000-7f1e600a4000 rw-p 00000000 00:00 0 
7f1e600a4000-7f1e600a8000 r--p 00000000 08:20 134444                     /usr/lib/jvm/java-11-openjdk-amd64/lib/libnet.so
7f1e600a8000-7f1e600b6000 r-xp 00004000 08:20 134444                     /usr/lib/jvm/java-11-openjdk-amd64/lib/libnet.so
7f1e600b6000-7f1e600ba000 r--p 00012000 08:20 134444                     /usr/lib/jvm/java-11-openjdk-amd64/lib/libnet.so
7f1e600ba000-7f1e600bb000 r--p 00015000 08:20 134444                     /usr/lib/jvm/java-11-openjdk-amd64/lib/libnet.so
7f1e600bb000-7f1e600bc000 rw-p 00016000 08:20 134444                     /usr/lib/jvm/java-11-openjdk-amd64/lib/libnet.so
7f1e600bc000-7f1e600c0000 ---p 00000000 00:00 0 
7f1e600c0000-7f1e601bc000 rw-p 00000000 00:00 0 
7f1e601bc000-7f1e601bd000 ---p 00000000 00:00 0 
7f1e601bd000-7f1e603c1000 rw-p 00000000 00:00 0 
7f1e603c1000-7f1e603c2000 ---p 00000000 00:00 0 
7f1e603c2000-7f1e604c2000 rw-p 00000000 00:00 0 
7f1e604c2000-7f1e604c3000 ---p 00000000 00:00 0 
7f1e604c3000-7f1e607c5000 rw-p 00000000 00:00 0 
7f1e607c5000-7f1e60a95000 rwxp 00000000 00:00 0 
7f1e60a95000-7f1e60f04000 ---p 00000000 00:00 0 
7f1e60f04000-7f1e61174000 rwxp 00000000 00:00 0 
7f1e61174000-7f1e68364000 ---p 00000000 00:00 0 
7f1e68364000-7f1e685d4000 rwxp 00000000 00:00 0 
7f1e685d4000-7f1e6f7c5000 ---p 00000000 00:00 0 
7f1e6f7c5000-7f1e78000000 r--s 00000000 08:20 134454                     /usr/lib/jvm/java-11-openjdk-amd64/lib/modules
7f1e78000000-7f1e78453000 rw-p 00000000 00:00 0 
7f1e78453000-7f1e7c000000 ---p 00000000 00:00 0 
7f1e7c003000-7f1e7c004000 r--p 00000000 08:20 104244                     /usr/lib/x86_64-linux-gnu/libpthread.so.0
7f1e7c004000-7f1e7c005000 r-xp 00001000 08:20 104244                     /usr/lib/x86_64-linux-gnu/libpthread.so.0
7f1e7c005000-7f1e7c006000 r--p 00002000 08:20 104244                     /usr/lib/x86_64-linux-gnu/libpthread.so.0
7f1e7c006000-7f1e7c007000 r--p 00002000 08:20 104244                     /usr/lib/x86_64-linux-gnu/libpthread.so.0
7f1e7c007000-7f1e7c008000 rw-p 00003000 08:20 104244                     /usr/lib/x86_64-linux-gnu/libpthread.so.0
7f1e7c008000-7f1e7c00f000 r--p 00000000 08:20 134445                     /usr/lib/jvm/java-11-openjdk-amd64/lib/libnio.so
7f1e7c00f000-7f1e7c017000 r-xp 00007000 08:20 134445                     /usr/lib/jvm/java-11-openjdk-amd64/lib/libnio.so
7f1e7c017000-7f1e7c01a000 r--p 0000f000 08:20 134445                     /usr/lib/jvm/java-11-openjdk-amd64/lib/libnio.so
7f1e7c01a000-7f1e7c01b000 r--p 00011000 08:20 134445                     /usr/lib/jvm/java-11-openjdk-amd64/lib/libnio.so
7f1e7c01b000-7f1e7c01c000 rw-p 00012000 08:20 134445                     /usr/lib/jvm/java-11-openjdk-amd64/lib/libnio.so
7f1e7c01c000-7f1e7cd6b000 rw-p 00000000 00:00 0 
7f1e7cd6b000-7f1e7cd6c000 ---p 00000000 00:00 0 
7f1e7cd6c000-7f1e7ce6c000 rw-p 00000000 00:00 0 
7f1e7ce6c000-7f1e7ce6d000 ---p 00000000 00:00 0 
7f1e7ce6d000-7f1e7d1e0000 rw-p 00000000 00:00 0 
7f1e7d1e0000-7f1e7d71e000 ---p 00000000 00:00 0 
7f1e7d71e000-7f1e7d71f000 rw-p 00000000 00:00 0 
7f1e7d71f000-7f1e7d91f000 ---p 00000000 00:00 0 
7f1e7d91f000-7f1e7d99b000 rw-p 00000000 00:00 0 
7f1e7d99b000-7f1e7ded9000 ---p 00000000 00:00 0 
7f1e7ded9000-7f1e7deda000 rw-p 00000000 00:00 0 
7f1e7deda000-7f1e7e0da000 ---p 00000000 00:00 0 
7f1e7e0da000-7f1e7e156000 rw-p 00000000 00:00 0 
7f1e7e156000-7f1e7e694000 ---p 00000000 00:00 0 
7f1e7e694000-7f1e7e695000 rw-p 00000000 00:00 0 
7f1e7e695000-7f1e7e895000 ---p 00000000 00:00 0 
7f1e7e895000-7f1e7f7a4000 rw-p 00000000 00:00 0 
7f1e7f7a4000-7f1e7f7a5000 ---p 00000000 00:00 0 
7f1e7f7a5000-7f1e7f8aa000 rw-p 00000000 00:00 0 
7f1e7f8aa000-7f1e7f98e000 ---p 00000000 00:00 0 
7f1e7f98e000-7f1e7f993000 rw-p 00000000 00:00 0 
7f1e7f993000-7f1e7fa77000 ---p 00000000 00:00 0 
7f1e7fa77000-7f1e7fa7d000 rw-p 00000000 00:00 0 
7f1e7fa7d000-7f1e7fa86000 ---p 00000000 00:00 0 
7f1e7fa86000-7f1e7fa88000 r--p 00000000 08:20 134453                     /usr/lib/jvm/java-11-openjdk-amd64/lib/libzip.so
7f1e7fa88000-7f1e7fa8d000 r-xp 00002000 08:20 134453                     /usr/lib/jvm/java-11-openjdk-amd64/lib/libzip.so
7f1e7fa8d000-7f1e7fa8f000 r--p 00007000 08:20 134453                     /usr/lib/jvm/java-11-openjdk-amd64/lib/libzip.so
7f1e7fa8f000-7f1e7fa90000 r--p 00008000 08:20 134453                     /usr/lib/jvm/java-11-openjdk-amd64/lib/libzip.so
7f1e7fa90000-7f1e7fa91000 rw-p 00009000 08:20 134453                     /usr/lib/jvm/java-11-openjdk-amd64/lib/libzip.so
7f1e7fa91000-7f1e7fa99000 rw-s 00000000 08:20 204281                     /tmp/hsperfdata_crz/165964
7f1e7fa99000-7f1e7fa9b000 r--p 00000000 08:20 134436                     /usr/lib/jvm/java-11-openjdk-amd64/lib/libjimage.so
7f1e7fa9b000-7f1e7fa9e000 r-xp 00002000 08:20 134436                     /usr/lib/jvm/java-11-openjdk-amd64/lib/libjimage.so
7f1e7fa9e000-7f1e7fa9f000 r--p 00005000 08:20 134436                     /usr/lib/jvm/java-11-openjdk-amd64/lib/libjimage.so
7f1e7fa9f000-7f1e7faa0000 ---p 00006000 08:20 134436                     /usr/lib/jvm/java-11-openjdk-amd64/lib/libjimage.so
7f1e7faa0000-7f1e7faa1000 r--p 00006000 08:20 134436                     /usr/lib/jvm/java-11-openjdk-amd64/lib/libjimage.so
7f1e7faa1000-7f1e7faa2000 rw-p 00007000 08:20 134436                     /usr/lib/jvm/java-11-openjdk-amd64/lib/libjimage.so
7f1e7faa2000-7f1e7fab0000 r--p 00000000 08:20 134433                     /usr/lib/jvm/java-11-openjdk-amd64/lib/libjava.so
7f1e7fab0000-7f1e7fac6000 r-xp 0000e000 08:20 134433                     /usr/lib/jvm/java-11-openjdk-amd64/lib/libjava.so
7f1e7fac6000-7f1e7facd000 r--p 00024000 08:20 134433                     /usr/lib/jvm/java-11-openjdk-amd64/lib/libjava.so
7f1e7facd000-7f1e7face000 r--p 0002a000 08:20 134433                     /usr/lib/jvm/java-11-openjdk-amd64/lib/libjava.so
7f1e7face000-7f1e7facf000 rw-p 0002b000 08:20 134433                     /usr/lib/jvm/java-11-openjdk-amd64/lib/libjava.so
7f1e7facf000-7f1e7fad0000 rw-p 00000000 00:00 0 
7f1e7fad0000-7f1e7fad1000 r--p 00000000 08:20 105137                     /usr/lib/x86_64-linux-gnu/librt.so.1
7f1e7fad1000-7f1e7fad2000 r-xp 00001000 08:20 105137                     /usr/lib/x86_64-linux-gnu/librt.so.1
7f1e7fad2000-7f1e7fad3000 r--p 00002000 08:20 105137                     /usr/lib/x86_64-linux-gnu/librt.so.1
7f1e7fad3000-7f1e7fad4000 r--p 00002000 08:20 105137                     /usr/lib/x86_64-linux-gnu/librt.so.1
7f1e7fad4000-7f1e7fad5000 rw-p 00003000 08:20 105137                     /usr/lib/x86_64-linux-gnu/librt.so.1
7f1e7fad5000-7f1e7fad9000 ---p 00000000 00:00 0 
7f1e7fad9000-7f1e7fbd5000 rw-p 00000000 00:00 0 
7f1e7fbd5000-7f1e7fbd8000 r--p 00000000 08:20 6709                       /usr/lib/x86_64-linux-gnu/libgcc_s.so.1
7f1e7fbd8000-7f1e7fbef000 r-xp 00003000 08:20 6709                       /usr/lib/x86_64-linux-gnu/libgcc_s.so.1
7f1e7fbef000-7f1e7fbf3000 r--p 0001a000 08:20 6709                       /usr/lib/x86_64-linux-gnu/libgcc_s.so.1
7f1e7fbf3000-7f1e7fbf4000 r--p 0001d000 08:20 6709                       /usr/lib/x86_64-linux-gnu/libgcc_s.so.1
7f1e7fbf4000-7f1e7fbf5000 rw-p 0001e000 08:20 6709                       /usr/lib/x86_64-linux-gnu/libgcc_s.so.1
7f1e7fbf5000-7f1e7fc03000 r--p 00000000 08:20 104109                     /usr/lib/x86_64-linux-gnu/libm.so.6
7f1e7fc03000-7f1e7fc7f000 r-xp 0000e000 08:20 104109                     /usr/lib/x86_64-linux-gnu/libm.so.6
7f1e7fc7f000-7f1e7fcda000 r--p 0008a000 08:20 104109                     /usr/lib/x86_64-linux-gnu/libm.so.6
7f1e7fcda000-7f1e7fcdb000 r--p 000e4000 08:20 104109                     /usr/lib/x86_64-linux-gnu/libm.so.6
7f1e7fcdb000-7f1e7fcdc000 rw-p 000e5000 08:20 104109                     /usr/lib/x86_64-linux-gnu/libm.so.6
7f1e7fcdc000-7f1e7fd76000 r--p 00000000 08:20 6947                       /usr/lib/x86_64-linux-gnu/libstdc++.so.6.0.30
7f1e7fd76000-7f1e7fe87000 r-xp 0009a000 08:20 6947                       /usr/lib/x86_64-linux-gnu/libstdc++.so.6.0.30
7f1e7fe87000-7f1e7fef6000 r--p 001ab000 08:20 6947                       /usr/lib/x86_64-linux-gnu/libstdc++.so.6.0.30
7f1e7fef6000-7f1e7fef7000 ---p 0021a000 08:20 6947                       /usr/lib/x86_64-linux-gnu/libstdc++.so.6.0.30
7f1e7fef7000-7f1e7ff02000 r--p 0021a000 08:20 6947                       /usr/lib/x86_64-linux-gnu/libstdc++.so.6.0.30
7f1e7ff02000-7f1e7ff05000 rw-p 00225000 08:20 6947                       /usr/lib/x86_64-linux-gnu/libstdc++.so.6.0.30
7f1e7ff05000-7f1e7ff08000 rw-p 00000000 00:00 0 
7f1e7ff08000-7f1e8018b000 r--p 00000000 08:20 134459                     /usr/lib/jvm/java-11-openjdk-amd64/lib/server/libjvm.so
7f1e8018b000-7f1e80e36000 r-xp 00283000 08:20 134459                     /usr/lib/jvm/java-11-openjdk-amd64/lib/server/libjvm.so
7f1e80e36000-7f1e81092000 r--p 00f2e000 08:20 134459                     /usr/lib/jvm/java-11-openjdk-amd64/lib/server/libjvm.so
7f1e81092000-7f1e81156000 r--p 01189000 08:20 134459                     /usr/lib/jvm/java-11-openjdk-amd64/lib/server/libjvm.so
7f1e81156000-7f1e81191000 rw-p 0124d000 08:20 134459                     /usr/lib/jvm/java-11-openjdk-amd64/lib/server/libjvm.so
7f1e81191000-7f1e811eb000 rw-p 00000000 00:00 0 
7f1e811eb000-7f1e81213000 r--p 00000000 08:20 104085                     /usr/lib/x86_64-linux-gnu/libc.so.6
7f1e81213000-7f1e813a8000 r-xp 00028000 08:20 104085                     /usr/lib/x86_64-linux-gnu/libc.so.6
7f1e813a8000-7f1e81400000 r--p 001bd000 08:20 104085                     /usr/lib/x86_64-linux-gnu/libc.so.6
7f1e81400000-7f1e81401000 ---p 00215000 08:20 104085                     /usr/lib/x86_64-linux-gnu/libc.so.6
7f1e81401000-7f1e81405000 r--p 00215000 08:20 104085                     /usr/lib/x86_64-linux-gnu/libc.so.6
7f1e81405000-7f1e81407000 rw-p 00219000 08:20 104085                     /usr/lib/x86_64-linux-gnu/libc.so.6
7f1e81407000-7f1e81414000 rw-p 00000000 00:00 0 
7f1e81414000-7f1e81417000 r--p 00000000 08:20 134418                     /usr/lib/jvm/java-11-openjdk-amd64/lib/jli/libjli.so
7f1e81417000-7f1e81421000 r-xp 00003000 08:20 134418                     /usr/lib/jvm/java-11-openjdk-amd64/lib/jli/libjli.so
7f1e81421000-7f1e81424000 r--p 0000d000 08:20 134418                     /usr/lib/jvm/java-11-openjdk-amd64/lib/jli/libjli.so
7f1e81424000-7f1e81425000 ---p 00010000 08:20 134418                     /usr/lib/jvm/java-11-openjdk-amd64/lib/jli/libjli.so
7f1e81425000-7f1e81426000 r--p 00010000 08:20 134418                     /usr/lib/jvm/java-11-openjdk-amd64/lib/jli/libjli.so
7f1e81426000-7f1e81427000 rw-p 00011000 08:20 134418                     /usr/lib/jvm/java-11-openjdk-amd64/lib/jli/libjli.so
7f1e81427000-7f1e81429000 r--p 00000000 08:20 6997                       /usr/lib/x86_64-linux-gnu/libz.so.1.2.11
7f1e81429000-7f1e8143a000 r-xp 00002000 08:20 6997                       /usr/lib/x86_64-linux-gnu/libz.so.1.2.11
7f1e8143a000-7f1e81440000 r--p 00013000 08:20 6997                       /usr/lib/x86_64-linux-gnu/libz.so.1.2.11
7f1e81440000-7f1e81441000 ---p 00019000 08:20 6997                       /usr/lib/x86_64-linux-gnu/libz.so.1.2.11
7f1e81441000-7f1e81442000 r--p 00019000 08:20 6997                       /usr/lib/x86_64-linux-gnu/libz.so.1.2.11
7f1e81442000-7f1e81443000 rw-p 0001a000 08:20 6997                       /usr/lib/x86_64-linux-gnu/libz.so.1.2.11
7f1e81443000-7f1e81444000 ---p 00000000 00:00 0 
7f1e81444000-7f1e81445000 r--p 00000000 00:00 0 
7f1e81445000-7f1e8144a000 r--p 00000000 08:20 134452                     /usr/lib/jvm/java-11-openjdk-amd64/lib/libverify.so
7f1e8144a000-7f1e81451000 r-xp 00005000 08:20 134452                     /usr/lib/jvm/java-11-openjdk-amd64/lib/libverify.so
7f1e81451000-7f1e81453000 r--p 0000c000 08:20 134452                     /usr/lib/jvm/java-11-openjdk-amd64/lib/libverify.so
7f1e81453000-7f1e81455000 r--p 0000d000 08:20 134452                     /usr/lib/jvm/java-11-openjdk-amd64/lib/libverify.so
7f1e81455000-7f1e81456000 rw-p 0000f000 08:20 134452                     /usr/lib/jvm/java-11-openjdk-amd64/lib/libverify.so
7f1e81456000-7f1e81458000 rw-p 00000000 00:00 0 
7f1e81458000-7f1e8145a000 r--p 00000000 08:20 104061                     /usr/lib/x86_64-linux-gnu/ld-linux-x86-64.so.2
7f1e8145a000-7f1e81484000 r-xp 00002000 08:20 104061                     /usr/lib/x86_64-linux-gnu/ld-linux-x86-64.so.2
7f1e81484000-7f1e8148f000 r--p 0002c000 08:20 104061                     /usr/lib/x86_64-linux-gnu/ld-linux-x86-64.so.2
7f1e81490000-7f1e81492000 r--p 00037000 08:20 104061                     /usr/lib/x86_64-linux-gnu/ld-linux-x86-64.so.2
7f1e81492000-7f1e81494000 rw-p 00039000 08:20 104061                     /usr/lib/x86_64-linux-gnu/ld-linux-x86-64.so.2
7ffeb3dbd000-7ffeb3dde000 rw-p 00000000 00:00 0                          [stack]
7ffeb3ded000-7ffeb3df1000 r--p 00000000 00:00 0                          [vvar]
7ffeb3df1000-7ffeb3df3000 r-xp 00000000 00:00 0                          [vdso]


VM Arguments:
java_command: Main tests/IRtest_Lab4/test.sysy tests/IRtest_Lab4/test.ll
java_class_path (initial): ./classes:/usr/local/lib/antlr-4.9.1-complete.jar:/usr/local/lib/llvm-13.0.1-1.5.7.jar:/usr/local/lib/llvm-13.0.1-1.5.7-linux-x86_64.jar:/usr/local/lib/llvm-platform-13.0.1-1.5.7.jar:/usr/local/lib/javacpp-1.5.7-linux-x86_64.jar:/usr/local/lib/javacpp-1.5.7.jar
Launcher Type: SUN_STANDARD

[Global flags]
     intx CICompilerCount                          = 12                                        {product} {ergonomic}
     uint ConcGCThreads                            = 4                                         {product} {ergonomic}
     uint G1ConcRefinementThreads                  = 15                                        {product} {ergonomic}
   size_t G1HeapRegionSize                         = 1048576                                   {product} {ergonomic}
    uintx GCDrainStackTargetSize                   = 64                                        {product} {ergonomic}
   size_t InitialHeapSize                          = 260046848                                 {product} {ergonomic}
   size_t MarkStackSize                            = 4194304                                   {product} {ergonomic}
   size_t MaxHeapSize                              = 4150263808                                {product} {ergonomic}
   size_t MaxNewSize                               = 2489319424                                {product} {ergonomic}
   size_t MinHeapDeltaBytes                        = 1048576                                   {product} {ergonomic}
    uintx NonNMethodCodeHeapSize                   = 7594288                                {pd product} {ergonomic}
    uintx NonProfiledCodeHeapSize                  = 122031976                              {pd product} {ergonomic}
    uintx ProfiledCodeHeapSize                     = 122031976                              {pd product} {ergonomic}
    uintx ReservedCodeCacheSize                    = 251658240                              {pd product} {ergonomic}
     bool SegmentedCodeCache                       = true                                      {product} {ergonomic}
     bool UseCompressedClassPointers               = true                                 {lp64_product} {ergonomic}
     bool UseCompressedOops                        = true                                 {lp64_product} {ergonomic}
     bool UseG1GC                                  = true                                      {product} {ergonomic}

Logging:
Log output configuration:
 #0: stdout all=warning uptime,level,tags
 #1: stderr all=off uptime,level,tags

Environment Variables:
CLASSPATH=/usr/local/lib/antlr-4.9.1-complete.jar:/usr/local/lib/llvm-13.0.1-1.5.7.jar:/usr/local/lib/llvm-13.0.1-1.5.7-linux-x86_64.jar:/usr/local/lib/llvm-platform-13.0.1-1.5.7.jar:/usr/local/lib/javacpp-1.5.7-linux-x86_64.jar:/usr/local/lib/javacpp-1.5.7.jar
PATH=/home/crz/.local/bin:/home/crz/.cargo/bin:/home/crz/.local/bin:~/my_script:/usr/local/sbin:/usr/local/bin:/usr/sbin:/usr/bin:/sbin:/bin:/usr/games:/usr/local/games:/snap/bin:/mnt/c/Users/crz/AppData/Local/Programs/Microsoft VS Code/bin:/mnt/e/Microsoft\ VS\ Code/bin
SHELL=/bin/bash
DISPLAY=:0.0
LANG=en_US.UTF-8
LC_ALL=en_US.UTF-8
LC_CTYPE=en_US.UTF-8
LC_NUMERIC=en_US.UTF-8
LC_TIME=en_US.UTF-8
TERM=xterm-256color

Signal Handlers:
SIGSEGV: [libjvm.so+0xebbc90], sa_mask[0]=11111111011111111101111111111110, sa_flags=SA_RESTART|SA_SIGINFO
SIGBUS: [libjvm.so+0xebbc90], sa_mask[0]=11111111011111111101111111111110, sa_flags=SA_RESTART|SA_SIGINFO
SIGFPE: [libjvm.so+0xebbc90], sa_mask[0]=11111111011111111101111111111110, sa_flags=SA_RESTART|SA_SIGINFO
SIGPIPE: [libjvm.so+0xbfdf90], sa_mask[0]=11111111011111111101111111111110, sa_flags=SA_RESTART|SA_SIGINFO
SIGXFSZ: [libjvm.so+0xbfdf90], sa_mask[0]=11111111011111111101111111111110, sa_flags=SA_RESTART|SA_SIGINFO
SIGILL: [libjvm.so+0xebbc90], sa_mask[0]=11111111011111111101111111111110, sa_flags=SA_RESTART|SA_SIGINFO
SIGUSR2: [libjvm.so+0xbfde30], sa_mask[0]=00000000000000000000000000000000, sa_flags=SA_RESTART|SA_SIGINFO
SIGHUP: [libjvm.so+0xbfe5f0], sa_mask[0]=11111111011111111101111111111110, sa_flags=SA_RESTART|SA_SIGINFO
SIGINT: [libjvm.so+0xbfe5f0], sa_mask[0]=11111111011111111101111111111110, sa_flags=SA_RESTART|SA_SIGINFO
SIGTERM: [libjvm.so+0xbfe5f0], sa_mask[0]=11111111011111111101111111111110, sa_flags=SA_RESTART|SA_SIGINFO
SIGQUIT: [libjvm.so+0xbfe5f0], sa_mask[0]=11111111011111111101111111111110, sa_flags=SA_RESTART|SA_SIGINFO


---------------  S Y S T E M  ---------------

OS:DISTRIB_ID=Ubuntu
DISTRIB_RELEASE=22.04
DISTRIB_CODENAME=jammy
DISTRIB_DESCRIPTION="Ubuntu 22.04.5 LTS"
uname:Linux 5.15.167.4-microsoft-standard-WSL2 #1 SMP Tue Nov 5 00:21:55 UTC 2024 x86_64
OS uptime: 0 days 3:51 hours
libc:glibc 2.35 NPTL 2.35 
rlimit (soft/hard): STACK 8192k/infinity , CORE 0k/infinity , NPROC 63270/63270 , NOFILE 1048576/1048576 , AS infinity/infinity , CPU infinity/infinity , DATA infinity/infinity , FSIZE infinity/infinity , MEMLOCK 2025516k/2025516k
load average:6.82 2.41 1.22

/proc/meminfo:
MemTotal:       16204140 kB
MemFree:        11693404 kB
MemAvailable:   12851180 kB
Buffers:           20132 kB
Cached:          1373700 kB
SwapCached:            0 kB
Active:           461788 kB
Inactive:        3548448 kB
Active(anon):       2432 kB
Inactive(anon):  2655520 kB
Active(file):     459356 kB
Inactive(file):   892928 kB
Unevictable:           0 kB
Mlocked:               0 kB
SwapTotal:       4194304 kB
SwapFree:        4194304 kB
Dirty:                 8 kB
Writeback:             0 kB
AnonPages:       2608116 kB
Mapped:           964000 kB
Shmem:             41540 kB
KReclaimable:     106464 kB
Slab:             198712 kB
SReclaimable:     106464 kB
SUnreclaim:        92248 kB
KernelStack:       10360 kB
PageTables:        17452 kB
NFS_Unstable:          0 kB
Bounce:                0 kB
WritebackTmp:          0 kB
CommitLimit:    12296372 kB
Committed_AS:    4900980 kB
VmallocTotal:   34359738367 kB
VmallocUsed:       33968 kB
VmallocChunk:          0 kB
Percpu:            15936 kB
AnonHugePages:   2140160 kB
ShmemHugePages:        0 kB
ShmemPmdMapped:        0 kB
FileHugePages:         0 kB
FilePmdMapped:         0 kB
HugePages_Total:       0
HugePages_Free:        0
HugePages_Rsvd:        0
HugePages_Surp:        0
Hugepagesize:       2048 kB
Hugetlb:               0 kB
DirectMap4k:      125952 kB
DirectMap2M:     8085504 kB
DirectMap1G:    16777216 kB

/sys/kernel/mm/transparent_hugepage/enabled:
[always] madvise never
/sys/kernel/mm/transparent_hugepage/defrag (defrag/compaction efforts parameter):
always defer defer+madvise [madvise] never

Process Memory:
Virtual Size: 7282944K (peak: 15578208K)
Resident Set Size: 122008K (peak: 122008K) (anon: 63876K, file: 58132K, shmem: 0K)
Swapped out: 0K
C-Heap outstanding allocations: 60199K, retained: 3124K
glibc malloc tunables: (default)

/proc/sys/kernel/threads-max (system-wide limit on the number of threads):
126540
/proc/sys/vm/max_map_count (maximum number of memory map areas a process may have):
65530
/proc/sys/kernel/pid_max (system-wide limit on number of process identifiers):
4194304

container (cgroup) information:
container_type: cgroupv1
cpu_cpuset_cpus: 0-19
cpu_memory_nodes: 0
active_processor_count: 20
cpu_quota: no quota
cpu_period: 100000
cpu_shares: no shares
memory_limit_in_bytes: unlimited
memory_and_swap_limit_in_bytes: unlimited
memory_soft_limit_in_bytes: unlimited
memory_usage_in_bytes: 479992 k
memory_max_usage_in_bytes: 649944 k
kernel_memory_usage_in_bytes: 4744 k
kernel_memory_max_usage_in_bytes: unlimited
kernel_memory_limit_in_bytes: 8292 k
maximum number of tasks: unlimited
current number of tasks: 26

Hyper-V virtualization detected
Steal ticks since vm start: 0
Steal ticks percentage since vm start:  0.000

CPU:total 20 (initial active 20) (16 cores per cpu, 2 threads per core) family 6 model 186 stepping 2 microcode 0xffffffff, cmov, cx8, fxsr, mmx, sse, sse2, sse3, ssse3, sse4.1, sse4.2, popcnt, avx, avx2, aes, clmul, erms, 3dnowpref, lzcnt, ht, tsc, tscinvbit, bmi1, bmi2, adx, sha, fma
CPU Model and flags from /proc/cpuinfo:
model name	: 13th Gen Intel(R) Core(TM) i9-13900H
flags		: fpu vme de pse tsc msr pae mce cx8 apic sep mtrr pge mca cmov pat pse36 clflush mmx fxsr sse sse2 ss ht syscall nx pdpe1gb rdtscp lm constant_tsc rep_good nopl xtopology tsc_reliable nonstop_tsc cpuid pni pclmulqdq vmx ssse3 fma cx16 pcid sse4_1 sse4_2 x2apic movbe popcnt tsc_deadline_timer aes xsave avx f16c rdrand hypervisor lahf_lm abm 3dnowprefetch invpcid_single ssbd ibrs ibpb stibp ibrs_enhanced tpr_shadow vnmi ept vpid ept_ad fsgsbase tsc_adjust bmi1 avx2 smep bmi2 erms invpcid rdseed adx smap clflushopt clwb sha_ni xsaveopt xsavec xgetbv1 xsaves avx_vnni umip waitpkg gfni vaes vpclmulqdq rdpid movdiri movdir64b fsrm md_clear serialize flush_l1d arch_capabilities
Online cpus:
0-19
Offline cpus:

BIOS frequency limitation:
<Not Available>
Frequency switch latency (ns):
<Not Available>
Available cpu frequencies:
<Not Available>
Current governor:
<Not Available>
Core performance/turbo boost:
<Not Available>

Memory: 4k page, physical 16204140k(11693404k free), swap 4194304k(4194304k free)

vm_info: OpenJDK 64-Bit Server VM (11.0.26+4-post-Ubuntu-1ubuntu122.04) for linux-amd64 JRE (11.0.26+4-post-Ubuntu-1ubuntu122.04), built on Jan 23 2025 23:02:35 by "unknown" with gcc 11.4.0

END.
