#
# A fatal error has been detected by the Java Runtime Environment:
#
#  SIGSEGV (0xb) at pc=0x00007f178628eaf8, pid=3569, tid=3570
#
# JRE version: OpenJDK Runtime Environment (11.0.27+6) (build 11.0.27+6-post-Ubuntu-0ubuntu122.04)
# Java VM: OpenJDK 64-Bit Server VM (11.0.27+6-post-Ubuntu-0ubuntu122.04, mixed mode, sharing, tiered, compressed oops, g1 gc, linux-amd64)
# Problematic frame:
# C  [libLLVM-13.so+0xd62af8]  llvm::Value::getName() const+0xb8
#
# Core dump will be written. Default location: Core dumps may be processed with "/wsl-capture-crash %t %E %p %s" (or dumping to /home/crz/compilers/Lab/core.3569)
#
# If you would like to submit a bug report, please visit:
#   https://bugs.launchpad.net/ubuntu/+source/openjdk-lts
# The crash happened outside the Java Virtual Machine in native code.
# See problematic frame for where to report the bug.
#

---------------  S U M M A R Y ------------

Command Line: Main tests/lab6_test/aa_runtimeerror_test.sysy tests/lab6_test/aa_runtimeerror_test.ll

Host: 13th Gen Intel(R) Core(TM) i9-13900H, 20 cores, 15G, Ubuntu 22.04.5 LTS
Time: Thu May 22 08:29:39 2025 CST elapsed time: 0.151366 seconds (0d 0h 0m 0s)

---------------  T H R E A D  ---------------

Current thread (0x00007f17f8015800):  JavaThread "main" [_thread_in_native, id=3570, stack(0x00007f17ff629000,0x00007f17ff729000)]

Stack: [0x00007f17ff629000,0x00007f17ff729000],  sp=0x00007f17ff726b80,  free space=1014k
Native frames: (J=compiled Java code, A=aot compiled Java code, j=interpreted, Vv=VM code, C=native code)
C  [libLLVM-13.so+0xd62af8]  llvm::Value::getName() const+0xb8

Java frames: (J=compiled Java code, j=interpreted, Vv=VM code)
j  org.bytedeco.llvm.global.LLVM.LLVMDumpModule(Lorg/bytedeco/llvm/LLVM/LLVMModuleRef;)V+0
j  LLVMIROptimization.elem_unused()Z+607
j  Main.main([Ljava/lang/String;)V+212
v  ~StubRoutines::call_stub

siginfo: si_signo: 11 (SIGSEGV), si_code: 1 (SEGV_MAPERR), si_addr: 0x00000000000000e5

Register to memory mapping:

RAX=0x00000000000000f5 is an unknown value
RBX=0x0000000000000001 is an unknown value
RCX=0x00007f17f847f768 points into unknown readable memory: 0x00007f17f848f7d0 | d0 f7 48 f8 17 7f 00 00
RDX=0x00000000000000e5 is an unknown value
RSP=0x00007f17ff726b80 is pointing into the stack for thread: 0x00007f17f8015800
RBP=0x00007f17ff726ee0 is pointing into the stack for thread: 0x00007f17f8015800
RSI=0x00007f17f848fbd0 points into unknown readable memory: 0x1400b61300b62a12 | 12 2a b6 00 13 b6 00 14
RDI=0x00007f17ff726b80 is pointing into the stack for thread: 0x00007f17f8015800
R8 =0x0000000000000001 is an unknown value
R9 =0x00007f17f847f768 points into unknown readable memory: 0x00007f17f848f7d0 | d0 f7 48 f8 17 7f 00 00
R10=0x000000000000003f is an unknown value
R11=0x0000000000000004 is an unknown value
R12=0x0000000000000002 is an unknown value
R13=0x0000000000000002 is an unknown value
R14=0x0 is NULL
R15=0x00007f17f8493350 points into unknown readable memory: 0x00007f17f847fbc8 | c8 fb 47 f8 17 7f 00 00


Registers:
RAX=0x00000000000000f5, RBX=0x0000000000000001, RCX=0x00007f17f847f768, RDX=0x00000000000000e5
RSP=0x00007f17ff726b80, RBP=0x00007f17ff726ee0, RSI=0x00007f17f848fbd0, RDI=0x00007f17ff726b80
R8 =0x0000000000000001, R9 =0x00007f17f847f768, R10=0x000000000000003f, R11=0x0000000000000004
R12=0x0000000000000002, R13=0x0000000000000002, R14=0x0000000000000000, R15=0x00007f17f8493350
RIP=0x00007f178628eaf8, EFLAGS=0x0000000000010202, CSGSFS=0x002b000000000033, ERR=0x0000000000000004
  TRAPNO=0x000000000000000e

Top of Stack: (sp=0x00007f17ff726b80)
0x00007f17ff726b80:   00007f17f848fbd0 00007f17f848fbd0
0x00007f17ff726b90:   0000000000000001 00007f17860cd3f5
0x00007f17ff726ba0:   0000000000000001 00007f17ff7270c0
0x00007f17ff726bb0:   0000000000000002 00007f17860de5d8 

Instructions: (pc=0x00007f178628eaf8)
0x00007f178628e9f8:   48 bc ff eb b7 48 83 3d ab e8 ce 05 00 74 23 83
0x00007f178628ea08:   ca ff f0 0f c1 50 f8 85 d2 7f ae 48 8d 74 24 0f
0x00007f178628ea18:   e8 53 48 bc ff eb a2 8b 50 f8 8d 4a ff 89 48 f8
0x00007f178628ea28:   eb c3 8b 50 f8 8d 4a ff 89 48 f8 eb da 66 2e 0f
0x00007f178628ea38:   1f 84 00 00 00 00 00 90 f6 47 17 10 75 0a 48 8d
0x00007f178628ea48:   05 f2 a0 6c 03 31 d2 c3 48 83 ec 18 48 8b 07 48
0x00007f178628ea58:   8b 00 48 8b 08 8b 81 98 01 00 00 4c 8b 81 88 01
0x00007f178628ea68:   00 00 4c 8d 89 88 01 00 00 85 c0 74 5b 89 f9 89
0x00007f178628ea78:   fa 44 8d 50 ff c1 ea 09 c1 e9 04 31 d1 44 21 d1
0x00007f178628ea88:   89 ce 48 c1 e6 04 4c 01 c6 48 8b 16 48 39 d7 75
0x00007f178628ea98:   67 89 c2 48 89 e7 4c 89 c9 48 89 d0 48 c1 e0 04
0x00007f178628eaa8:   49 8d 14 00 41 b8 01 00 00 00 e8 f9 f4 ff ff 48
0x00007f178628eab8:   8b 04 24 48 8b 50 08 48 8d 42 10 48 8b 12 48 83
0x00007f178628eac8:   c4 18 c3 0f 1f 44 00 00 48 c1 e0 04 48 89 e7 4c
0x00007f178628ead8:   89 c9 49 8d 34 00 41 b8 01 00 00 00 48 89 f2 e8
0x00007f178628eae8:   c4 f4 ff ff 48 8b 04 24 48 8b 50 08 48 8d 42 10
0x00007f178628eaf8:   48 8b 12 48 83 c4 18 c3 be 01 00 00 00 48 81 fa
0x00007f178628eb08:   00 f0 ff ff 74 c2 01 f1 44 8d 5e 01 44 21 d1 89
0x00007f178628eb18:   ce 48 c1 e6 04 4c 01 c6 48 8b 16 48 39 d7 0f 84
0x00007f178628eb28:   6d ff ff ff 44 89 de eb d4 66 2e 0f 1f 84 00 00
0x00007f178628eb38:   00 00 00 0f 1f 44 00 00 66 48 0f 6e c6 66 48 0f
0x00007f178628eb48:   6e ca 66 0f 6c c1 0f 11 07 45 84 c0 75 29 48 39
0x00007f178628eb58:   d6 74 24 0f 1f 44 00 00 48 8b 06 48 3d 00 f0 ff
0x00007f178628eb68:   ff 74 08 48 3d 00 e0 ff ff 75 0c 48 83 c6 10 48
0x00007f178628eb78:   89 37 48 39 f2 75 e1 c3 41 57 41 56 41 55 41 54
0x00007f178628eb88:   55 53 48 89 fb 48 83 ec 38 4c 8b 67 10 49 8b 04
0x00007f178628eb98:   24 48 8b 00 48 8b 28 4c 8b ad 08 09 00 00 44 8b
0x00007f178628eba8:   bd 18 09 00 00 41 f6 44 24 11 01 0f 85 67 01 00
0x00007f178628ebb8:   00 45 85 ff 0f 84 fb 01 00 00 45 89 e6 44 89 e0
0x00007f178628ebc8:   41 8d 77 ff c1 e8 09 41 c1 ee 04 41 31 c6 44 89
0x00007f178628ebd8:   f1 21 f1 89 c8 48 c1 e0 04 4c 01 e8 48 8b 10 49
0x00007f178628ebe8:   39 d4 0f 85 7c 03 00 00 48 8b 50 08 4c 89 ee 48 


Stack slot to memory mapping:
stack at sp + 0 slots: 0x00007f17f848fbd0 points into unknown readable memory: 0x1400b61300b62a12 | 12 2a b6 00 13 b6 00 14
stack at sp + 1 slots: 0x00007f17f848fbd0 points into unknown readable memory: 0x1400b61300b62a12 | 12 2a b6 00 13 b6 00 14
stack at sp + 2 slots: 0x0000000000000001 is an unknown value
stack at sp + 3 slots: 0x00007f17860cd3f5: <offset 0x0000000000ba13f5> in /home/crz/.javacpp/cache/llvm-13.0.1-1.5.7-linux-x86_64.jar/org/bytedeco/llvm/linux-x86_64/libLLVM-13.so at 0x00007f178552c000
stack at sp + 4 slots: 0x0000000000000001 is an unknown value
stack at sp + 5 slots: 0x00007f17ff7270c0 is pointing into the stack for thread: 0x00007f17f8015800
stack at sp + 6 slots: 0x0000000000000002 is an unknown value
stack at sp + 7 slots: 0x00007f17860de5d8: <offset 0x0000000000bb25d8> in /home/crz/.javacpp/cache/llvm-13.0.1-1.5.7-linux-x86_64.jar/org/bytedeco/llvm/linux-x86_64/libLLVM-13.so at 0x00007f178552c000


---------------  P R O C E S S  ---------------

Threads class SMR info:
_java_thread_list=0x00007f17a41db6b0, length=15, elements={
0x00007f17f8015800, 0x00007f17f81ec000, 0x00007f17f81ee800, 0x00007f17f81f4000,
0x00007f17f81f6000, 0x00007f17f81f8000, 0x00007f17f81fa000, 0x00007f17f81fc000,
0x00007f17a806c000, 0x00007f17f822f000, 0x00007f17f83e5800, 0x00007f17a012d000,
0x00007f17a81ba000, 0x00007f17a81bb800, 0x00007f17a41da000
}

Java Threads: ( => current thread )
=>0x00007f17f8015800 JavaThread "main" [_thread_in_native, id=3570, stack(0x00007f17ff629000,0x00007f17ff729000)]
  0x00007f17f81ec000 JavaThread "Reference Handler" daemon [_thread_blocked, id=3577, stack(0x00007f17cd700000,0x00007f17cd800000)]
  0x00007f17f81ee800 JavaThread "Finalizer" daemon [_thread_blocked, id=3578, stack(0x00007f17cd600000,0x00007f17cd700000)]
  0x00007f17f81f4000 JavaThread "Signal Dispatcher" daemon [_thread_blocked, id=3579, stack(0x00007f17ccf13000,0x00007f17cd013000)]
  0x00007f17f81f6000 JavaThread "Service Thread" daemon [_thread_blocked, id=3580, stack(0x00007f17cce13000,0x00007f17ccf13000)]
  0x00007f17f81f8000 JavaThread "C2 CompilerThread0" daemon [_thread_blocked, id=3581, stack(0x00007f17ccd13000,0x00007f17cce13000)]
  0x00007f17f81fa000 JavaThread "C1 CompilerThread0" daemon [_thread_blocked, id=3582, stack(0x00007f17ccc13000,0x00007f17ccd13000)]
  0x00007f17f81fc000 JavaThread "Sweeper thread" daemon [_thread_blocked, id=3583, stack(0x00007f17ccb13000,0x00007f17ccc13000)]
  0x00007f17a806c000 JavaThread "C1 CompilerThread1" daemon [_thread_blocked, id=3584, stack(0x00007f17cca13000,0x00007f17ccb13000)]
  0x00007f17f822f000 JavaThread "Common-Cleaner" daemon [_thread_blocked, id=3586, stack(0x00007f17cc812000,0x00007f17cc912000)]
  0x00007f17f83e5800 JavaThread "JavaCPP Deallocator" daemon [_thread_blocked, id=3587, stack(0x00007f17cc712000,0x00007f17cc812000)]
  0x00007f17a012d000 JavaThread "C2 CompilerThread1" daemon [_thread_blocked, id=3588, stack(0x00007f17cc612000,0x00007f17cc712000)]
  0x00007f17a81ba000 JavaThread "C1 CompilerThread2" daemon [_thread_blocked, id=3589, stack(0x00007f17cc40c000,0x00007f17cc50c000)]
  0x00007f17a81bb800 JavaThread "C1 CompilerThread3" daemon [_thread_blocked, id=3590, stack(0x00007f17cc30c000,0x00007f17cc40c000)]
  0x00007f17a41da000 JavaThread "C2 CompilerThread2" daemon [_thread_blocked, id=3591, stack(0x00007f17cc20c000,0x00007f17cc30c000)]

Other Threads:
  0x00007f17f81e9800 VMThread "VM Thread" [stack: 0x00007f17d40cd000,0x00007f17d41cd000] [id=3576]
  0x00007f17f822d000 WatcherThread [stack: 0x00007f17cc913000,0x00007f17cca13000] [id=3585]
  0x00007f17f802f800 GCTaskThread "GC Thread#0" [stack: 0x00007f17ff2f9000,0x00007f17ff3f9000] [id=3571]
  0x00007f17f808d800 ConcurrentGCThread "G1 Main Marker" [stack: 0x00007f17fc9c1000,0x00007f17fcac1000] [id=3572]
  0x00007f17f808f800 ConcurrentGCThread "G1 Conc#0" [stack: 0x00007f17fc8c0000,0x00007f17fc9c0000] [id=3573]
  0x00007f17f81ab000 ConcurrentGCThread "G1 Refine#0" [stack: 0x00007f17d4350000,0x00007f17d4450000] [id=3574]
  0x00007f17f81ac800 ConcurrentGCThread "G1 Young RemSet Sampling" [stack: 0x00007f17d424f000,0x00007f17d434f000] [id=3575]

Threads with active compile tasks:

VM state:not at safepoint (normal execution)

VM Mutex/Monitor currently owned by a thread: None

Heap address: 0x0000000708a00000, size: 3958 MB, Compressed Oops mode: Zero based, Oop shift amount: 3
Narrow klass base: 0x0000000800000000, Narrow klass shift: 3
Compressed class space size: 1073741824 Address: 0x0000000840000000

Heap:
 garbage-first heap   total 256000K, used 10960K [0x0000000708a00000, 0x0000000800000000)
  region size 1024K, 11 young (11264K), 0 survivors (0K)
 Metaspace       used 3783K, capacity 6660K, committed 6912K, reserved 1056768K
  class space    used 395K, capacity 686K, committed 768K, reserved 1048576K
Heap Regions: E=young(eden), S=young(survivor), O=old, HS=humongous(starts), HC=humongous(continues), CS=collection set, F=free, A=archive, TAMS=top-at-mark-start (previous, next)
|   0|0x0000000708a00000, 0x0000000708a00000, 0x0000000708b00000|  0%| F|  |TAMS 0x0000000708a00000, 0x0000000708a00000| Untracked 
|   1|0x0000000708b00000, 0x0000000708b00000, 0x0000000708c00000|  0%| F|  |TAMS 0x0000000708b00000, 0x0000000708b00000| Untracked 
|   2|0x0000000708c00000, 0x0000000708c00000, 0x0000000708d00000|  0%| F|  |TAMS 0x0000000708c00000, 0x0000000708c00000| Untracked 
|   3|0x0000000708d00000, 0x0000000708d00000, 0x0000000708e00000|  0%| F|  |TAMS 0x0000000708d00000, 0x0000000708d00000| Untracked 
|   4|0x0000000708e00000, 0x0000000708e00000, 0x0000000708f00000|  0%| F|  |TAMS 0x0000000708e00000, 0x0000000708e00000| Untracked 
|   5|0x0000000708f00000, 0x0000000708f00000, 0x0000000709000000|  0%| F|  |TAMS 0x0000000708f00000, 0x0000000708f00000| Untracked 
|   6|0x0000000709000000, 0x0000000709000000, 0x0000000709100000|  0%| F|  |TAMS 0x0000000709000000, 0x0000000709000000| Untracked 
|   7|0x0000000709100000, 0x0000000709100000, 0x0000000709200000|  0%| F|  |TAMS 0x0000000709100000, 0x0000000709100000| Untracked 
|   8|0x0000000709200000, 0x0000000709200000, 0x0000000709300000|  0%| F|  |TAMS 0x0000000709200000, 0x0000000709200000| Untracked 
|   9|0x0000000709300000, 0x0000000709300000, 0x0000000709400000|  0%| F|  |TAMS 0x0000000709300000, 0x0000000709300000| Untracked 
|  10|0x0000000709400000, 0x0000000709400000, 0x0000000709500000|  0%| F|  |TAMS 0x0000000709400000, 0x0000000709400000| Untracked 
|  11|0x0000000709500000, 0x0000000709500000, 0x0000000709600000|  0%| F|  |TAMS 0x0000000709500000, 0x0000000709500000| Untracked 
|  12|0x0000000709600000, 0x0000000709600000, 0x0000000709700000|  0%| F|  |TAMS 0x0000000709600000, 0x0000000709600000| Untracked 
|  13|0x0000000709700000, 0x0000000709700000, 0x0000000709800000|  0%| F|  |TAMS 0x0000000709700000, 0x0000000709700000| Untracked 
|  14|0x0000000709800000, 0x0000000709800000, 0x0000000709900000|  0%| F|  |TAMS 0x0000000709800000, 0x0000000709800000| Untracked 
|  15|0x0000000709900000, 0x0000000709900000, 0x0000000709a00000|  0%| F|  |TAMS 0x0000000709900000, 0x0000000709900000| Untracked 
|  16|0x0000000709a00000, 0x0000000709a00000, 0x0000000709b00000|  0%| F|  |TAMS 0x0000000709a00000, 0x0000000709a00000| Untracked 
|  17|0x0000000709b00000, 0x0000000709b00000, 0x0000000709c00000|  0%| F|  |TAMS 0x0000000709b00000, 0x0000000709b00000| Untracked 
|  18|0x0000000709c00000, 0x0000000709c00000, 0x0000000709d00000|  0%| F|  |TAMS 0x0000000709c00000, 0x0000000709c00000| Untracked 
|  19|0x0000000709d00000, 0x0000000709d00000, 0x0000000709e00000|  0%| F|  |TAMS 0x0000000709d00000, 0x0000000709d00000| Untracked 
|  20|0x0000000709e00000, 0x0000000709e00000, 0x0000000709f00000|  0%| F|  |TAMS 0x0000000709e00000, 0x0000000709e00000| Untracked 
|  21|0x0000000709f00000, 0x0000000709f00000, 0x000000070a000000|  0%| F|  |TAMS 0x0000000709f00000, 0x0000000709f00000| Untracked 
|  22|0x000000070a000000, 0x000000070a000000, 0x000000070a100000|  0%| F|  |TAMS 0x000000070a000000, 0x000000070a000000| Untracked 
|  23|0x000000070a100000, 0x000000070a100000, 0x000000070a200000|  0%| F|  |TAMS 0x000000070a100000, 0x000000070a100000| Untracked 
|  24|0x000000070a200000, 0x000000070a200000, 0x000000070a300000|  0%| F|  |TAMS 0x000000070a200000, 0x000000070a200000| Untracked 
|  25|0x000000070a300000, 0x000000070a300000, 0x000000070a400000|  0%| F|  |TAMS 0x000000070a300000, 0x000000070a300000| Untracked 
|  26|0x000000070a400000, 0x000000070a400000, 0x000000070a500000|  0%| F|  |TAMS 0x000000070a400000, 0x000000070a400000| Untracked 
|  27|0x000000070a500000, 0x000000070a500000, 0x000000070a600000|  0%| F|  |TAMS 0x000000070a500000, 0x000000070a500000| Untracked 
|  28|0x000000070a600000, 0x000000070a600000, 0x000000070a700000|  0%| F|  |TAMS 0x000000070a600000, 0x000000070a600000| Untracked 
|  29|0x000000070a700000, 0x000000070a700000, 0x000000070a800000|  0%| F|  |TAMS 0x000000070a700000, 0x000000070a700000| Untracked 
|  30|0x000000070a800000, 0x000000070a800000, 0x000000070a900000|  0%| F|  |TAMS 0x000000070a800000, 0x000000070a800000| Untracked 
|  31|0x000000070a900000, 0x000000070a900000, 0x000000070aa00000|  0%| F|  |TAMS 0x000000070a900000, 0x000000070a900000| Untracked 
|  32|0x000000070aa00000, 0x000000070aa00000, 0x000000070ab00000|  0%| F|  |TAMS 0x000000070aa00000, 0x000000070aa00000| Untracked 
|  33|0x000000070ab00000, 0x000000070ab00000, 0x000000070ac00000|  0%| F|  |TAMS 0x000000070ab00000, 0x000000070ab00000| Untracked 
|  34|0x000000070ac00000, 0x000000070ac00000, 0x000000070ad00000|  0%| F|  |TAMS 0x000000070ac00000, 0x000000070ac00000| Untracked 
|  35|0x000000070ad00000, 0x000000070ad00000, 0x000000070ae00000|  0%| F|  |TAMS 0x000000070ad00000, 0x000000070ad00000| Untracked 
|  36|0x000000070ae00000, 0x000000070ae00000, 0x000000070af00000|  0%| F|  |TAMS 0x000000070ae00000, 0x000000070ae00000| Untracked 
|  37|0x000000070af00000, 0x000000070af00000, 0x000000070b000000|  0%| F|  |TAMS 0x000000070af00000, 0x000000070af00000| Untracked 
|  38|0x000000070b000000, 0x000000070b000000, 0x000000070b100000|  0%| F|  |TAMS 0x000000070b000000, 0x000000070b000000| Untracked 
|  39|0x000000070b100000, 0x000000070b100000, 0x000000070b200000|  0%| F|  |TAMS 0x000000070b100000, 0x000000070b100000| Untracked 
|  40|0x000000070b200000, 0x000000070b200000, 0x000000070b300000|  0%| F|  |TAMS 0x000000070b200000, 0x000000070b200000| Untracked 
|  41|0x000000070b300000, 0x000000070b300000, 0x000000070b400000|  0%| F|  |TAMS 0x000000070b300000, 0x000000070b300000| Untracked 
|  42|0x000000070b400000, 0x000000070b400000, 0x000000070b500000|  0%| F|  |TAMS 0x000000070b400000, 0x000000070b400000| Untracked 
|  43|0x000000070b500000, 0x000000070b500000, 0x000000070b600000|  0%| F|  |TAMS 0x000000070b500000, 0x000000070b500000| Untracked 
|  44|0x000000070b600000, 0x000000070b600000, 0x000000070b700000|  0%| F|  |TAMS 0x000000070b600000, 0x000000070b600000| Untracked 
|  45|0x000000070b700000, 0x000000070b700000, 0x000000070b800000|  0%| F|  |TAMS 0x000000070b700000, 0x000000070b700000| Untracked 
|  46|0x000000070b800000, 0x000000070b800000, 0x000000070b900000|  0%| F|  |TAMS 0x000000070b800000, 0x000000070b800000| Untracked 
|  47|0x000000070b900000, 0x000000070b900000, 0x000000070ba00000|  0%| F|  |TAMS 0x000000070b900000, 0x000000070b900000| Untracked 
|  48|0x000000070ba00000, 0x000000070ba00000, 0x000000070bb00000|  0%| F|  |TAMS 0x000000070ba00000, 0x000000070ba00000| Untracked 
|  49|0x000000070bb00000, 0x000000070bb00000, 0x000000070bc00000|  0%| F|  |TAMS 0x000000070bb00000, 0x000000070bb00000| Untracked 
|  50|0x000000070bc00000, 0x000000070bc00000, 0x000000070bd00000|  0%| F|  |TAMS 0x000000070bc00000, 0x000000070bc00000| Untracked 
|  51|0x000000070bd00000, 0x000000070bd00000, 0x000000070be00000|  0%| F|  |TAMS 0x000000070bd00000, 0x000000070bd00000| Untracked 
|  52|0x000000070be00000, 0x000000070be00000, 0x000000070bf00000|  0%| F|  |TAMS 0x000000070be00000, 0x000000070be00000| Untracked 
|  53|0x000000070bf00000, 0x000000070bf00000, 0x000000070c000000|  0%| F|  |TAMS 0x000000070bf00000, 0x000000070bf00000| Untracked 
|  54|0x000000070c000000, 0x000000070c000000, 0x000000070c100000|  0%| F|  |TAMS 0x000000070c000000, 0x000000070c000000| Untracked 
|  55|0x000000070c100000, 0x000000070c100000, 0x000000070c200000|  0%| F|  |TAMS 0x000000070c100000, 0x000000070c100000| Untracked 
|  56|0x000000070c200000, 0x000000070c200000, 0x000000070c300000|  0%| F|  |TAMS 0x000000070c200000, 0x000000070c200000| Untracked 
|  57|0x000000070c300000, 0x000000070c300000, 0x000000070c400000|  0%| F|  |TAMS 0x000000070c300000, 0x000000070c300000| Untracked 
|  58|0x000000070c400000, 0x000000070c400000, 0x000000070c500000|  0%| F|  |TAMS 0x000000070c400000, 0x000000070c400000| Untracked 
|  59|0x000000070c500000, 0x000000070c500000, 0x000000070c600000|  0%| F|  |TAMS 0x000000070c500000, 0x000000070c500000| Untracked 
|  60|0x000000070c600000, 0x000000070c600000, 0x000000070c700000|  0%| F|  |TAMS 0x000000070c600000, 0x000000070c600000| Untracked 
|  61|0x000000070c700000, 0x000000070c700000, 0x000000070c800000|  0%| F|  |TAMS 0x000000070c700000, 0x000000070c700000| Untracked 
|  62|0x000000070c800000, 0x000000070c800000, 0x000000070c900000|  0%| F|  |TAMS 0x000000070c800000, 0x000000070c800000| Untracked 
|  63|0x000000070c900000, 0x000000070c900000, 0x000000070ca00000|  0%| F|  |TAMS 0x000000070c900000, 0x000000070c900000| Untracked 
|  64|0x000000070ca00000, 0x000000070ca00000, 0x000000070cb00000|  0%| F|  |TAMS 0x000000070ca00000, 0x000000070ca00000| Untracked 
|  65|0x000000070cb00000, 0x000000070cb00000, 0x000000070cc00000|  0%| F|  |TAMS 0x000000070cb00000, 0x000000070cb00000| Untracked 
|  66|0x000000070cc00000, 0x000000070cc00000, 0x000000070cd00000|  0%| F|  |TAMS 0x000000070cc00000, 0x000000070cc00000| Untracked 
|  67|0x000000070cd00000, 0x000000070cd00000, 0x000000070ce00000|  0%| F|  |TAMS 0x000000070cd00000, 0x000000070cd00000| Untracked 
|  68|0x000000070ce00000, 0x000000070ce00000, 0x000000070cf00000|  0%| F|  |TAMS 0x000000070ce00000, 0x000000070ce00000| Untracked 
|  69|0x000000070cf00000, 0x000000070cf00000, 0x000000070d000000|  0%| F|  |TAMS 0x000000070cf00000, 0x000000070cf00000| Untracked 
|  70|0x000000070d000000, 0x000000070d000000, 0x000000070d100000|  0%| F|  |TAMS 0x000000070d000000, 0x000000070d000000| Untracked 
|  71|0x000000070d100000, 0x000000070d100000, 0x000000070d200000|  0%| F|  |TAMS 0x000000070d100000, 0x000000070d100000| Untracked 
|  72|0x000000070d200000, 0x000000070d200000, 0x000000070d300000|  0%| F|  |TAMS 0x000000070d200000, 0x000000070d200000| Untracked 
|  73|0x000000070d300000, 0x000000070d300000, 0x000000070d400000|  0%| F|  |TAMS 0x000000070d300000, 0x000000070d300000| Untracked 
|  74|0x000000070d400000, 0x000000070d400000, 0x000000070d500000|  0%| F|  |TAMS 0x000000070d400000, 0x000000070d400000| Untracked 
|  75|0x000000070d500000, 0x000000070d500000, 0x000000070d600000|  0%| F|  |TAMS 0x000000070d500000, 0x000000070d500000| Untracked 
|  76|0x000000070d600000, 0x000000070d600000, 0x000000070d700000|  0%| F|  |TAMS 0x000000070d600000, 0x000000070d600000| Untracked 
|  77|0x000000070d700000, 0x000000070d700000, 0x000000070d800000|  0%| F|  |TAMS 0x000000070d700000, 0x000000070d700000| Untracked 
|  78|0x000000070d800000, 0x000000070d800000, 0x000000070d900000|  0%| F|  |TAMS 0x000000070d800000, 0x000000070d800000| Untracked 
|  79|0x000000070d900000, 0x000000070d900000, 0x000000070da00000|  0%| F|  |TAMS 0x000000070d900000, 0x000000070d900000| Untracked 
|  80|0x000000070da00000, 0x000000070da00000, 0x000000070db00000|  0%| F|  |TAMS 0x000000070da00000, 0x000000070da00000| Untracked 
|  81|0x000000070db00000, 0x000000070db00000, 0x000000070dc00000|  0%| F|  |TAMS 0x000000070db00000, 0x000000070db00000| Untracked 
|  82|0x000000070dc00000, 0x000000070dc00000, 0x000000070dd00000|  0%| F|  |TAMS 0x000000070dc00000, 0x000000070dc00000| Untracked 
|  83|0x000000070dd00000, 0x000000070dd00000, 0x000000070de00000|  0%| F|  |TAMS 0x000000070dd00000, 0x000000070dd00000| Untracked 
|  84|0x000000070de00000, 0x000000070de00000, 0x000000070df00000|  0%| F|  |TAMS 0x000000070de00000, 0x000000070de00000| Untracked 
|  85|0x000000070df00000, 0x000000070df00000, 0x000000070e000000|  0%| F|  |TAMS 0x000000070df00000, 0x000000070df00000| Untracked 
|  86|0x000000070e000000, 0x000000070e000000, 0x000000070e100000|  0%| F|  |TAMS 0x000000070e000000, 0x000000070e000000| Untracked 
|  87|0x000000070e100000, 0x000000070e100000, 0x000000070e200000|  0%| F|  |TAMS 0x000000070e100000, 0x000000070e100000| Untracked 
|  88|0x000000070e200000, 0x000000070e200000, 0x000000070e300000|  0%| F|  |TAMS 0x000000070e200000, 0x000000070e200000| Untracked 
|  89|0x000000070e300000, 0x000000070e300000, 0x000000070e400000|  0%| F|  |TAMS 0x000000070e300000, 0x000000070e300000| Untracked 
|  90|0x000000070e400000, 0x000000070e400000, 0x000000070e500000|  0%| F|  |TAMS 0x000000070e400000, 0x000000070e400000| Untracked 
|  91|0x000000070e500000, 0x000000070e500000, 0x000000070e600000|  0%| F|  |TAMS 0x000000070e500000, 0x000000070e500000| Untracked 
|  92|0x000000070e600000, 0x000000070e600000, 0x000000070e700000|  0%| F|  |TAMS 0x000000070e600000, 0x000000070e600000| Untracked 
|  93|0x000000070e700000, 0x000000070e700000, 0x000000070e800000|  0%| F|  |TAMS 0x000000070e700000, 0x000000070e700000| Untracked 
|  94|0x000000070e800000, 0x000000070e800000, 0x000000070e900000|  0%| F|  |TAMS 0x000000070e800000, 0x000000070e800000| Untracked 
|  95|0x000000070e900000, 0x000000070e900000, 0x000000070ea00000|  0%| F|  |TAMS 0x000000070e900000, 0x000000070e900000| Untracked 
|  96|0x000000070ea00000, 0x000000070ea00000, 0x000000070eb00000|  0%| F|  |TAMS 0x000000070ea00000, 0x000000070ea00000| Untracked 
|  97|0x000000070eb00000, 0x000000070eb00000, 0x000000070ec00000|  0%| F|  |TAMS 0x000000070eb00000, 0x000000070eb00000| Untracked 
|  98|0x000000070ec00000, 0x000000070ec00000, 0x000000070ed00000|  0%| F|  |TAMS 0x000000070ec00000, 0x000000070ec00000| Untracked 
|  99|0x000000070ed00000, 0x000000070ed00000, 0x000000070ee00000|  0%| F|  |TAMS 0x000000070ed00000, 0x000000070ed00000| Untracked 
| 100|0x000000070ee00000, 0x000000070ee00000, 0x000000070ef00000|  0%| F|  |TAMS 0x000000070ee00000, 0x000000070ee00000| Untracked 
| 101|0x000000070ef00000, 0x000000070ef00000, 0x000000070f000000|  0%| F|  |TAMS 0x000000070ef00000, 0x000000070ef00000| Untracked 
| 102|0x000000070f000000, 0x000000070f000000, 0x000000070f100000|  0%| F|  |TAMS 0x000000070f000000, 0x000000070f000000| Untracked 
| 103|0x000000070f100000, 0x000000070f100000, 0x000000070f200000|  0%| F|  |TAMS 0x000000070f100000, 0x000000070f100000| Untracked 
| 104|0x000000070f200000, 0x000000070f200000, 0x000000070f300000|  0%| F|  |TAMS 0x000000070f200000, 0x000000070f200000| Untracked 
| 105|0x000000070f300000, 0x000000070f300000, 0x000000070f400000|  0%| F|  |TAMS 0x000000070f300000, 0x000000070f300000| Untracked 
| 106|0x000000070f400000, 0x000000070f400000, 0x000000070f500000|  0%| F|  |TAMS 0x000000070f400000, 0x000000070f400000| Untracked 
| 107|0x000000070f500000, 0x000000070f500000, 0x000000070f600000|  0%| F|  |TAMS 0x000000070f500000, 0x000000070f500000| Untracked 
| 108|0x000000070f600000, 0x000000070f600000, 0x000000070f700000|  0%| F|  |TAMS 0x000000070f600000, 0x000000070f600000| Untracked 
| 109|0x000000070f700000, 0x000000070f700000, 0x000000070f800000|  0%| F|  |TAMS 0x000000070f700000, 0x000000070f700000| Untracked 
| 110|0x000000070f800000, 0x000000070f800000, 0x000000070f900000|  0%| F|  |TAMS 0x000000070f800000, 0x000000070f800000| Untracked 
| 111|0x000000070f900000, 0x000000070f900000, 0x000000070fa00000|  0%| F|  |TAMS 0x000000070f900000, 0x000000070f900000| Untracked 
| 112|0x000000070fa00000, 0x000000070fa00000, 0x000000070fb00000|  0%| F|  |TAMS 0x000000070fa00000, 0x000000070fa00000| Untracked 
| 113|0x000000070fb00000, 0x000000070fb00000, 0x000000070fc00000|  0%| F|  |TAMS 0x000000070fb00000, 0x000000070fb00000| Untracked 
| 114|0x000000070fc00000, 0x000000070fc00000, 0x000000070fd00000|  0%| F|  |TAMS 0x000000070fc00000, 0x000000070fc00000| Untracked 
| 115|0x000000070fd00000, 0x000000070fd00000, 0x000000070fe00000|  0%| F|  |TAMS 0x000000070fd00000, 0x000000070fd00000| Untracked 
| 116|0x000000070fe00000, 0x000000070fe00000, 0x000000070ff00000|  0%| F|  |TAMS 0x000000070fe00000, 0x000000070fe00000| Untracked 
| 117|0x000000070ff00000, 0x000000070ff00000, 0x0000000710000000|  0%| F|  |TAMS 0x000000070ff00000, 0x000000070ff00000| Untracked 
| 118|0x0000000710000000, 0x0000000710000000, 0x0000000710100000|  0%| F|  |TAMS 0x0000000710000000, 0x0000000710000000| Untracked 
| 119|0x0000000710100000, 0x0000000710100000, 0x0000000710200000|  0%| F|  |TAMS 0x0000000710100000, 0x0000000710100000| Untracked 
| 120|0x0000000710200000, 0x0000000710200000, 0x0000000710300000|  0%| F|  |TAMS 0x0000000710200000, 0x0000000710200000| Untracked 
| 121|0x0000000710300000, 0x0000000710300000, 0x0000000710400000|  0%| F|  |TAMS 0x0000000710300000, 0x0000000710300000| Untracked 
| 122|0x0000000710400000, 0x0000000710400000, 0x0000000710500000|  0%| F|  |TAMS 0x0000000710400000, 0x0000000710400000| Untracked 
| 123|0x0000000710500000, 0x0000000710500000, 0x0000000710600000|  0%| F|  |TAMS 0x0000000710500000, 0x0000000710500000| Untracked 
| 124|0x0000000710600000, 0x0000000710600000, 0x0000000710700000|  0%| F|  |TAMS 0x0000000710600000, 0x0000000710600000| Untracked 
| 125|0x0000000710700000, 0x0000000710700000, 0x0000000710800000|  0%| F|  |TAMS 0x0000000710700000, 0x0000000710700000| Untracked 
| 126|0x0000000710800000, 0x0000000710800000, 0x0000000710900000|  0%| F|  |TAMS 0x0000000710800000, 0x0000000710800000| Untracked 
| 127|0x0000000710900000, 0x0000000710900000, 0x0000000710a00000|  0%| F|  |TAMS 0x0000000710900000, 0x0000000710900000| Untracked 
| 128|0x0000000710a00000, 0x0000000710a00000, 0x0000000710b00000|  0%| F|  |TAMS 0x0000000710a00000, 0x0000000710a00000| Untracked 
| 129|0x0000000710b00000, 0x0000000710b00000, 0x0000000710c00000|  0%| F|  |TAMS 0x0000000710b00000, 0x0000000710b00000| Untracked 
| 130|0x0000000710c00000, 0x0000000710c00000, 0x0000000710d00000|  0%| F|  |TAMS 0x0000000710c00000, 0x0000000710c00000| Untracked 
| 131|0x0000000710d00000, 0x0000000710d00000, 0x0000000710e00000|  0%| F|  |TAMS 0x0000000710d00000, 0x0000000710d00000| Untracked 
| 132|0x0000000710e00000, 0x0000000710e00000, 0x0000000710f00000|  0%| F|  |TAMS 0x0000000710e00000, 0x0000000710e00000| Untracked 
| 133|0x0000000710f00000, 0x0000000710f00000, 0x0000000711000000|  0%| F|  |TAMS 0x0000000710f00000, 0x0000000710f00000| Untracked 
| 134|0x0000000711000000, 0x0000000711000000, 0x0000000711100000|  0%| F|  |TAMS 0x0000000711000000, 0x0000000711000000| Untracked 
| 135|0x0000000711100000, 0x0000000711100000, 0x0000000711200000|  0%| F|  |TAMS 0x0000000711100000, 0x0000000711100000| Untracked 
| 136|0x0000000711200000, 0x0000000711200000, 0x0000000711300000|  0%| F|  |TAMS 0x0000000711200000, 0x0000000711200000| Untracked 
| 137|0x0000000711300000, 0x0000000711300000, 0x0000000711400000|  0%| F|  |TAMS 0x0000000711300000, 0x0000000711300000| Untracked 
| 138|0x0000000711400000, 0x0000000711400000, 0x0000000711500000|  0%| F|  |TAMS 0x0000000711400000, 0x0000000711400000| Untracked 
| 139|0x0000000711500000, 0x0000000711500000, 0x0000000711600000|  0%| F|  |TAMS 0x0000000711500000, 0x0000000711500000| Untracked 
| 140|0x0000000711600000, 0x0000000711600000, 0x0000000711700000|  0%| F|  |TAMS 0x0000000711600000, 0x0000000711600000| Untracked 
| 141|0x0000000711700000, 0x0000000711700000, 0x0000000711800000|  0%| F|  |TAMS 0x0000000711700000, 0x0000000711700000| Untracked 
| 142|0x0000000711800000, 0x0000000711800000, 0x0000000711900000|  0%| F|  |TAMS 0x0000000711800000, 0x0000000711800000| Untracked 
| 143|0x0000000711900000, 0x0000000711900000, 0x0000000711a00000|  0%| F|  |TAMS 0x0000000711900000, 0x0000000711900000| Untracked 
| 144|0x0000000711a00000, 0x0000000711a00000, 0x0000000711b00000|  0%| F|  |TAMS 0x0000000711a00000, 0x0000000711a00000| Untracked 
| 145|0x0000000711b00000, 0x0000000711b00000, 0x0000000711c00000|  0%| F|  |TAMS 0x0000000711b00000, 0x0000000711b00000| Untracked 
| 146|0x0000000711c00000, 0x0000000711c00000, 0x0000000711d00000|  0%| F|  |TAMS 0x0000000711c00000, 0x0000000711c00000| Untracked 
| 147|0x0000000711d00000, 0x0000000711d00000, 0x0000000711e00000|  0%| F|  |TAMS 0x0000000711d00000, 0x0000000711d00000| Untracked 
| 148|0x0000000711e00000, 0x0000000711e00000, 0x0000000711f00000|  0%| F|  |TAMS 0x0000000711e00000, 0x0000000711e00000| Untracked 
| 149|0x0000000711f00000, 0x0000000711f00000, 0x0000000712000000|  0%| F|  |TAMS 0x0000000711f00000, 0x0000000711f00000| Untracked 
| 150|0x0000000712000000, 0x0000000712000000, 0x0000000712100000|  0%| F|  |TAMS 0x0000000712000000, 0x0000000712000000| Untracked 
| 151|0x0000000712100000, 0x0000000712100000, 0x0000000712200000|  0%| F|  |TAMS 0x0000000712100000, 0x0000000712100000| Untracked 
| 152|0x0000000712200000, 0x0000000712200000, 0x0000000712300000|  0%| F|  |TAMS 0x0000000712200000, 0x0000000712200000| Untracked 
| 153|0x0000000712300000, 0x0000000712300000, 0x0000000712400000|  0%| F|  |TAMS 0x0000000712300000, 0x0000000712300000| Untracked 
| 154|0x0000000712400000, 0x0000000712400000, 0x0000000712500000|  0%| F|  |TAMS 0x0000000712400000, 0x0000000712400000| Untracked 
| 155|0x0000000712500000, 0x0000000712500000, 0x0000000712600000|  0%| F|  |TAMS 0x0000000712500000, 0x0000000712500000| Untracked 
| 156|0x0000000712600000, 0x0000000712600000, 0x0000000712700000|  0%| F|  |TAMS 0x0000000712600000, 0x0000000712600000| Untracked 
| 157|0x0000000712700000, 0x0000000712700000, 0x0000000712800000|  0%| F|  |TAMS 0x0000000712700000, 0x0000000712700000| Untracked 
| 158|0x0000000712800000, 0x0000000712800000, 0x0000000712900000|  0%| F|  |TAMS 0x0000000712800000, 0x0000000712800000| Untracked 
| 159|0x0000000712900000, 0x0000000712900000, 0x0000000712a00000|  0%| F|  |TAMS 0x0000000712900000, 0x0000000712900000| Untracked 
| 160|0x0000000712a00000, 0x0000000712a00000, 0x0000000712b00000|  0%| F|  |TAMS 0x0000000712a00000, 0x0000000712a00000| Untracked 
| 161|0x0000000712b00000, 0x0000000712b00000, 0x0000000712c00000|  0%| F|  |TAMS 0x0000000712b00000, 0x0000000712b00000| Untracked 
| 162|0x0000000712c00000, 0x0000000712c00000, 0x0000000712d00000|  0%| F|  |TAMS 0x0000000712c00000, 0x0000000712c00000| Untracked 
| 163|0x0000000712d00000, 0x0000000712d00000, 0x0000000712e00000|  0%| F|  |TAMS 0x0000000712d00000, 0x0000000712d00000| Untracked 
| 164|0x0000000712e00000, 0x0000000712e00000, 0x0000000712f00000|  0%| F|  |TAMS 0x0000000712e00000, 0x0000000712e00000| Untracked 
| 165|0x0000000712f00000, 0x0000000712f00000, 0x0000000713000000|  0%| F|  |TAMS 0x0000000712f00000, 0x0000000712f00000| Untracked 
| 166|0x0000000713000000, 0x0000000713000000, 0x0000000713100000|  0%| F|  |TAMS 0x0000000713000000, 0x0000000713000000| Untracked 
| 167|0x0000000713100000, 0x0000000713100000, 0x0000000713200000|  0%| F|  |TAMS 0x0000000713100000, 0x0000000713100000| Untracked 
| 168|0x0000000713200000, 0x0000000713200000, 0x0000000713300000|  0%| F|  |TAMS 0x0000000713200000, 0x0000000713200000| Untracked 
| 169|0x0000000713300000, 0x0000000713300000, 0x0000000713400000|  0%| F|  |TAMS 0x0000000713300000, 0x0000000713300000| Untracked 
| 170|0x0000000713400000, 0x0000000713400000, 0x0000000713500000|  0%| F|  |TAMS 0x0000000713400000, 0x0000000713400000| Untracked 
| 171|0x0000000713500000, 0x0000000713500000, 0x0000000713600000|  0%| F|  |TAMS 0x0000000713500000, 0x0000000713500000| Untracked 
| 172|0x0000000713600000, 0x0000000713600000, 0x0000000713700000|  0%| F|  |TAMS 0x0000000713600000, 0x0000000713600000| Untracked 
| 173|0x0000000713700000, 0x0000000713700000, 0x0000000713800000|  0%| F|  |TAMS 0x0000000713700000, 0x0000000713700000| Untracked 
| 174|0x0000000713800000, 0x0000000713800000, 0x0000000713900000|  0%| F|  |TAMS 0x0000000713800000, 0x0000000713800000| Untracked 
| 175|0x0000000713900000, 0x0000000713900000, 0x0000000713a00000|  0%| F|  |TAMS 0x0000000713900000, 0x0000000713900000| Untracked 
| 176|0x0000000713a00000, 0x0000000713a00000, 0x0000000713b00000|  0%| F|  |TAMS 0x0000000713a00000, 0x0000000713a00000| Untracked 
| 177|0x0000000713b00000, 0x0000000713b00000, 0x0000000713c00000|  0%| F|  |TAMS 0x0000000713b00000, 0x0000000713b00000| Untracked 
| 178|0x0000000713c00000, 0x0000000713c00000, 0x0000000713d00000|  0%| F|  |TAMS 0x0000000713c00000, 0x0000000713c00000| Untracked 
| 179|0x0000000713d00000, 0x0000000713d00000, 0x0000000713e00000|  0%| F|  |TAMS 0x0000000713d00000, 0x0000000713d00000| Untracked 
| 180|0x0000000713e00000, 0x0000000713e00000, 0x0000000713f00000|  0%| F|  |TAMS 0x0000000713e00000, 0x0000000713e00000| Untracked 
| 181|0x0000000713f00000, 0x0000000713f00000, 0x0000000714000000|  0%| F|  |TAMS 0x0000000713f00000, 0x0000000713f00000| Untracked 
| 182|0x0000000714000000, 0x0000000714000000, 0x0000000714100000|  0%| F|  |TAMS 0x0000000714000000, 0x0000000714000000| Untracked 
| 183|0x0000000714100000, 0x0000000714100000, 0x0000000714200000|  0%| F|  |TAMS 0x0000000714100000, 0x0000000714100000| Untracked 
| 184|0x0000000714200000, 0x0000000714200000, 0x0000000714300000|  0%| F|  |TAMS 0x0000000714200000, 0x0000000714200000| Untracked 
| 185|0x0000000714300000, 0x0000000714300000, 0x0000000714400000|  0%| F|  |TAMS 0x0000000714300000, 0x0000000714300000| Untracked 
| 186|0x0000000714400000, 0x0000000714400000, 0x0000000714500000|  0%| F|  |TAMS 0x0000000714400000, 0x0000000714400000| Untracked 
| 187|0x0000000714500000, 0x0000000714500000, 0x0000000714600000|  0%| F|  |TAMS 0x0000000714500000, 0x0000000714500000| Untracked 
| 188|0x0000000714600000, 0x0000000714600000, 0x0000000714700000|  0%| F|  |TAMS 0x0000000714600000, 0x0000000714600000| Untracked 
| 189|0x0000000714700000, 0x0000000714700000, 0x0000000714800000|  0%| F|  |TAMS 0x0000000714700000, 0x0000000714700000| Untracked 
| 190|0x0000000714800000, 0x0000000714800000, 0x0000000714900000|  0%| F|  |TAMS 0x0000000714800000, 0x0000000714800000| Untracked 
| 191|0x0000000714900000, 0x0000000714900000, 0x0000000714a00000|  0%| F|  |TAMS 0x0000000714900000, 0x0000000714900000| Untracked 
| 192|0x0000000714a00000, 0x0000000714a00000, 0x0000000714b00000|  0%| F|  |TAMS 0x0000000714a00000, 0x0000000714a00000| Untracked 
| 193|0x0000000714b00000, 0x0000000714b00000, 0x0000000714c00000|  0%| F|  |TAMS 0x0000000714b00000, 0x0000000714b00000| Untracked 
| 194|0x0000000714c00000, 0x0000000714c00000, 0x0000000714d00000|  0%| F|  |TAMS 0x0000000714c00000, 0x0000000714c00000| Untracked 
| 195|0x0000000714d00000, 0x0000000714d00000, 0x0000000714e00000|  0%| F|  |TAMS 0x0000000714d00000, 0x0000000714d00000| Untracked 
| 196|0x0000000714e00000, 0x0000000714e00000, 0x0000000714f00000|  0%| F|  |TAMS 0x0000000714e00000, 0x0000000714e00000| Untracked 
| 197|0x0000000714f00000, 0x0000000714f00000, 0x0000000715000000|  0%| F|  |TAMS 0x0000000714f00000, 0x0000000714f00000| Untracked 
| 198|0x0000000715000000, 0x0000000715000000, 0x0000000715100000|  0%| F|  |TAMS 0x0000000715000000, 0x0000000715000000| Untracked 
| 199|0x0000000715100000, 0x0000000715100000, 0x0000000715200000|  0%| F|  |TAMS 0x0000000715100000, 0x0000000715100000| Untracked 
| 200|0x0000000715200000, 0x0000000715200000, 0x0000000715300000|  0%| F|  |TAMS 0x0000000715200000, 0x0000000715200000| Untracked 
| 201|0x0000000715300000, 0x0000000715300000, 0x0000000715400000|  0%| F|  |TAMS 0x0000000715300000, 0x0000000715300000| Untracked 
| 202|0x0000000715400000, 0x0000000715400000, 0x0000000715500000|  0%| F|  |TAMS 0x0000000715400000, 0x0000000715400000| Untracked 
| 203|0x0000000715500000, 0x0000000715500000, 0x0000000715600000|  0%| F|  |TAMS 0x0000000715500000, 0x0000000715500000| Untracked 
| 204|0x0000000715600000, 0x0000000715600000, 0x0000000715700000|  0%| F|  |TAMS 0x0000000715600000, 0x0000000715600000| Untracked 
| 205|0x0000000715700000, 0x0000000715700000, 0x0000000715800000|  0%| F|  |TAMS 0x0000000715700000, 0x0000000715700000| Untracked 
| 206|0x0000000715800000, 0x0000000715800000, 0x0000000715900000|  0%| F|  |TAMS 0x0000000715800000, 0x0000000715800000| Untracked 
| 207|0x0000000715900000, 0x0000000715900000, 0x0000000715a00000|  0%| F|  |TAMS 0x0000000715900000, 0x0000000715900000| Untracked 
| 208|0x0000000715a00000, 0x0000000715a00000, 0x0000000715b00000|  0%| F|  |TAMS 0x0000000715a00000, 0x0000000715a00000| Untracked 
| 209|0x0000000715b00000, 0x0000000715b00000, 0x0000000715c00000|  0%| F|  |TAMS 0x0000000715b00000, 0x0000000715b00000| Untracked 
| 210|0x0000000715c00000, 0x0000000715c00000, 0x0000000715d00000|  0%| F|  |TAMS 0x0000000715c00000, 0x0000000715c00000| Untracked 
| 211|0x0000000715d00000, 0x0000000715d00000, 0x0000000715e00000|  0%| F|  |TAMS 0x0000000715d00000, 0x0000000715d00000| Untracked 
| 212|0x0000000715e00000, 0x0000000715e00000, 0x0000000715f00000|  0%| F|  |TAMS 0x0000000715e00000, 0x0000000715e00000| Untracked 
| 213|0x0000000715f00000, 0x0000000715f00000, 0x0000000716000000|  0%| F|  |TAMS 0x0000000715f00000, 0x0000000715f00000| Untracked 
| 214|0x0000000716000000, 0x0000000716000000, 0x0000000716100000|  0%| F|  |TAMS 0x0000000716000000, 0x0000000716000000| Untracked 
| 215|0x0000000716100000, 0x0000000716100000, 0x0000000716200000|  0%| F|  |TAMS 0x0000000716100000, 0x0000000716100000| Untracked 
| 216|0x0000000716200000, 0x0000000716200000, 0x0000000716300000|  0%| F|  |TAMS 0x0000000716200000, 0x0000000716200000| Untracked 
| 217|0x0000000716300000, 0x0000000716300000, 0x0000000716400000|  0%| F|  |TAMS 0x0000000716300000, 0x0000000716300000| Untracked 
| 218|0x0000000716400000, 0x0000000716400000, 0x0000000716500000|  0%| F|  |TAMS 0x0000000716400000, 0x0000000716400000| Untracked 
| 219|0x0000000716500000, 0x0000000716500000, 0x0000000716600000|  0%| F|  |TAMS 0x0000000716500000, 0x0000000716500000| Untracked 
| 220|0x0000000716600000, 0x0000000716600000, 0x0000000716700000|  0%| F|  |TAMS 0x0000000716600000, 0x0000000716600000| Untracked 
| 221|0x0000000716700000, 0x0000000716700000, 0x0000000716800000|  0%| F|  |TAMS 0x0000000716700000, 0x0000000716700000| Untracked 
| 222|0x0000000716800000, 0x0000000716800000, 0x0000000716900000|  0%| F|  |TAMS 0x0000000716800000, 0x0000000716800000| Untracked 
| 223|0x0000000716900000, 0x0000000716900000, 0x0000000716a00000|  0%| F|  |TAMS 0x0000000716900000, 0x0000000716900000| Untracked 
| 224|0x0000000716a00000, 0x0000000716a00000, 0x0000000716b00000|  0%| F|  |TAMS 0x0000000716a00000, 0x0000000716a00000| Untracked 
| 225|0x0000000716b00000, 0x0000000716b00000, 0x0000000716c00000|  0%| F|  |TAMS 0x0000000716b00000, 0x0000000716b00000| Untracked 
| 226|0x0000000716c00000, 0x0000000716c00000, 0x0000000716d00000|  0%| F|  |TAMS 0x0000000716c00000, 0x0000000716c00000| Untracked 
| 227|0x0000000716d00000, 0x0000000716d00000, 0x0000000716e00000|  0%| F|  |TAMS 0x0000000716d00000, 0x0000000716d00000| Untracked 
| 228|0x0000000716e00000, 0x0000000716e00000, 0x0000000716f00000|  0%| F|  |TAMS 0x0000000716e00000, 0x0000000716e00000| Untracked 
| 229|0x0000000716f00000, 0x0000000716f00000, 0x0000000717000000|  0%| F|  |TAMS 0x0000000716f00000, 0x0000000716f00000| Untracked 
| 230|0x0000000717000000, 0x0000000717000000, 0x0000000717100000|  0%| F|  |TAMS 0x0000000717000000, 0x0000000717000000| Untracked 
| 231|0x0000000717100000, 0x0000000717100000, 0x0000000717200000|  0%| F|  |TAMS 0x0000000717100000, 0x0000000717100000| Untracked 
| 232|0x0000000717200000, 0x0000000717200000, 0x0000000717300000|  0%| F|  |TAMS 0x0000000717200000, 0x0000000717200000| Untracked 
| 233|0x0000000717300000, 0x0000000717300000, 0x0000000717400000|  0%| F|  |TAMS 0x0000000717300000, 0x0000000717300000| Untracked 
| 234|0x0000000717400000, 0x0000000717400000, 0x0000000717500000|  0%| F|  |TAMS 0x0000000717400000, 0x0000000717400000| Untracked 
| 235|0x0000000717500000, 0x0000000717500000, 0x0000000717600000|  0%| F|  |TAMS 0x0000000717500000, 0x0000000717500000| Untracked 
| 236|0x0000000717600000, 0x0000000717600000, 0x0000000717700000|  0%| F|  |TAMS 0x0000000717600000, 0x0000000717600000| Untracked 
| 237|0x0000000717700000, 0x0000000717800000, 0x0000000717800000|100%| E|  |TAMS 0x0000000717700000, 0x0000000717700000| Complete 
| 238|0x0000000717800000, 0x0000000717900000, 0x0000000717900000|100%| E|CS|TAMS 0x0000000717800000, 0x0000000717800000| Complete 
| 239|0x0000000717900000, 0x0000000717a00000, 0x0000000717a00000|100%| E|CS|TAMS 0x0000000717900000, 0x0000000717900000| Complete 
| 240|0x0000000717a00000, 0x0000000717b00000, 0x0000000717b00000|100%| E|CS|TAMS 0x0000000717a00000, 0x0000000717a00000| Complete 
| 241|0x0000000717b00000, 0x0000000717c00000, 0x0000000717c00000|100%| E|CS|TAMS 0x0000000717b00000, 0x0000000717b00000| Complete 
| 242|0x0000000717c00000, 0x0000000717d00000, 0x0000000717d00000|100%| E|CS|TAMS 0x0000000717c00000, 0x0000000717c00000| Complete 
| 243|0x0000000717d00000, 0x0000000717e00000, 0x0000000717e00000|100%| E|CS|TAMS 0x0000000717d00000, 0x0000000717d00000| Complete 
| 244|0x0000000717e00000, 0x0000000717f00000, 0x0000000717f00000|100%| E|CS|TAMS 0x0000000717e00000, 0x0000000717e00000| Complete 
| 245|0x0000000717f00000, 0x0000000718000000, 0x0000000718000000|100%| E|CS|TAMS 0x0000000717f00000, 0x0000000717f00000| Complete 
| 246|0x0000000718000000, 0x0000000718100000, 0x0000000718100000|100%| E|CS|TAMS 0x0000000718000000, 0x0000000718000000| Complete 
| 247|0x0000000718100000, 0x0000000718200000, 0x0000000718200000|100%| E|CS|TAMS 0x0000000718100000, 0x0000000718100000| Complete 
|2932|0x00000007bfe00000, 0x00000007bfe48000, 0x00000007bff00000| 28%|OA|  |TAMS 0x00000007bfe00000, 0x00000007bfe00000| Untracked 
|2933|0x00000007bff00000, 0x00000007bff6c000, 0x00000007c0000000| 42%|CA|  |TAMS 0x00000007bff00000, 0x00000007bff00000| Untracked 

Card table byte_map: [0x00007f17fd473000,0x00007f17fdc2e000] _byte_map_base: 0x00007f17f9c2e000

Marking Bits (Prev, Next): (CMBitMap*) 0x00007f17f807d4a8, (CMBitMap*) 0x00007f17f807d4e0
 Prev Bits: [0x00007f17d8228000, 0x00007f17dc000000)
 Next Bits: [0x00007f17d4450000, 0x00007f17d8228000)

Polling page: 0x00007f1800f97000

Metaspace:

Usage:
  Non-class:      5.83 MB capacity,     3.31 MB ( 57%) used,     2.52 MB ( 43%) free+waste,     6.44 KB ( <1%) overhead. 
      Class:    686.00 KB capacity,   395.09 KB ( 58%) used,   287.72 KB ( 42%) free+waste,     3.19 KB ( <1%) overhead. 
       Both:      6.50 MB capacity,     3.69 MB ( 57%) used,     2.80 MB ( 43%) free+waste,     9.62 KB ( <1%) overhead. 

Virtual space:
  Non-class space:        8.00 MB reserved,       6.00 MB ( 75%) committed 
      Class space:        1.00 GB reserved,     768.00 KB ( <1%) committed 
             Both:        1.01 GB reserved,       6.75 MB ( <1%) committed 

Chunk freelists:
   Non-Class:  42.00 KB
       Class:  0 bytes
        Both:  42.00 KB

MaxMetaspaceSize: unlimited
CompressedClassSpaceSize: 1.00 GB
Initial GC threshold: 20.80 MB
Current GC threshold: 20.80 MB
CDS: on

CodeHeap 'non-profiled nmethods': size=119172Kb used=244Kb max_used=244Kb free=118927Kb
 bounds [0x00007f17e835e000, 0x00007f17e85ce000, 0x00007f17ef7bf000]
CodeHeap 'profiled nmethods': size=119168Kb used=1745Kb max_used=1745Kb free=117422Kb
 bounds [0x00007f17e0efe000, 0x00007f17e116e000, 0x00007f17e835e000]
CodeHeap 'non-nmethods': size=7420Kb used=2835Kb max_used=2859Kb free=4584Kb
 bounds [0x00007f17e07bf000, 0x00007f17e0a8f000, 0x00007f17e0efe000]
 total_blobs=1347 nmethods=940 adapters=318
 compilation: enabled
              stopped_count=0, restarted_count=0
 full_count=0

Compilation events (20 events):
Event: 0.147 Thread 0x00007f17a81ba000  935       3       java.nio.charset.CoderResult::isUnderflow (13 bytes)
Event: 0.147 Thread 0x00007f17a81ba000 nmethod 935 0x00007f17e10ac290 code [0x00007f17e10ac440, 0x00007f17e10ac5b0]
Event: 0.147 Thread 0x00007f17a81bb800 nmethod 933 0x00007f17e10ac610 code [0x00007f17e10ac7e0, 0x00007f17e10acad0]
Event: 0.148 Thread 0x00007f17a41da000 nmethod 889 0x00007f17e8398590 code [0x00007f17e8398760, 0x00007f17e8398c18]
Event: 0.148 Thread 0x00007f17a41da000  898       4       org.bytedeco.javacpp.Pointer::hashCode (6 bytes)
Event: 0.148 Thread 0x00007f17a41da000 nmethod 898 0x00007f17e8399090 code [0x00007f17e8399220, 0x00007f17e8399298]
Event: 0.148 Thread 0x00007f17a41da000  924       4       org.bytedeco.javacpp.Pointer::equals (82 bytes)
Event: 0.148 Thread 0x00007f17f81f8000 nmethod 908 0x00007f17e8399390 code [0x00007f17e8399560, 0x00007f17e8399978]
Event: 0.148 Thread 0x00007f17f81f8000  936       4       java.util.HashMap$KeyIterator::next (8 bytes)
Event: 0.149 Thread 0x00007f17a012d000 nmethod 894 0x00007f17e8399d90 code [0x00007f17e8399f20, 0x00007f17e839a338]
Event: 0.149 Thread 0x00007f17a012d000  921       4       java.util.HashMap::afterNodeAccess (1 bytes)
Event: 0.149 Thread 0x00007f17a41da000 nmethod 924 0x00007f17e839a510 code [0x00007f17e839a6a0, 0x00007f17e839a7f8]
Event: 0.149 Thread 0x00007f17a012d000 nmethod 921 0x00007f17e839a910 code [0x00007f17e839aaa0, 0x00007f17e839ab18]
Event: 0.149 Thread 0x00007f17f81fa000  937       3       java.lang.StringLatin1::inflate (34 bytes)
Event: 0.149 Thread 0x00007f17a81ba000  938       3       java.nio.CharBuffer::position (8 bytes)
Event: 0.149 Thread 0x00007f17a81bb800  939       3       java.nio.CharBuffer::position (6 bytes)
Event: 0.149 Thread 0x00007f17f81fa000 nmethod 937 0x00007f17e10acc10 code [0x00007f17e10acde0, 0x00007f17e10acfd0]
Event: 0.149 Thread 0x00007f17a81ba000 nmethod 938 0x00007f17e10ad110 code [0x00007f17e10ad2c0, 0x00007f17e10ad420]
Event: 0.149 Thread 0x00007f17a81bb800 nmethod 939 0x00007f17e10ad510 code [0x00007f17e10ad6e0, 0x00007f17e10ad8a0]
Event: 0.150 Thread 0x00007f17a81ba000  940       3       sun.nio.cs.UTF_8$Encoder::encodeArrayLoop (489 bytes)

GC Heap History (0 events):
No events

Deoptimization events (20 events):
Event: 0.115 Thread 0x00007f17f8015800 DEOPT PACKING pc=0x00007f17e8385394 sp=0x00007f17ff727020
Event: 0.115 Thread 0x00007f17f8015800 DEOPT UNPACKING pc=0x00007f17e0808ea5 sp=0x00007f17ff726fb8 mode 2
Event: 0.115 Thread 0x00007f17f8015800 Uncommon trap: trap_request=0xffffffc6 fr.pc=0x00007f17e8385394 relative=0x00000000000003b4
Event: 0.115 Thread 0x00007f17f8015800 Uncommon trap: reason=bimorphic_or_optimized_type_check action=maybe_recompile pc=0x00007f17e8385394 method=java.util.HashMap.getNode(ILjava/lang/Object;)Ljava/util/HashMap$Node; @ 126 c2
Event: 0.115 Thread 0x00007f17f8015800 DEOPT PACKING pc=0x00007f17e8385394 sp=0x00007f17ff727020
Event: 0.115 Thread 0x00007f17f8015800 DEOPT UNPACKING pc=0x00007f17e0808ea5 sp=0x00007f17ff726fb8 mode 2
Event: 0.115 Thread 0x00007f17f8015800 Uncommon trap: trap_request=0xffffffc6 fr.pc=0x00007f17e8385394 relative=0x00000000000003b4
Event: 0.115 Thread 0x00007f17f8015800 Uncommon trap: reason=bimorphic_or_optimized_type_check action=maybe_recompile pc=0x00007f17e8385394 method=java.util.HashMap.getNode(ILjava/lang/Object;)Ljava/util/HashMap$Node; @ 126 c2
Event: 0.115 Thread 0x00007f17f8015800 DEOPT PACKING pc=0x00007f17e8385394 sp=0x00007f17ff727020
Event: 0.115 Thread 0x00007f17f8015800 DEOPT UNPACKING pc=0x00007f17e0808ea5 sp=0x00007f17ff726fb8 mode 2
Event: 0.139 Thread 0x00007f17f8015800 Uncommon trap: trap_request=0xffffff4d fr.pc=0x00007f17e8389708 relative=0x00000000000001c8
Event: 0.139 Thread 0x00007f17f8015800 Uncommon trap: reason=unstable_if action=reinterpret pc=0x00007f17e8389708 method=java.util.HashMap.getNode(ILjava/lang/Object;)Ljava/util/HashMap$Node; @ 84 c2
Event: 0.139 Thread 0x00007f17f8015800 DEOPT PACKING pc=0x00007f17e8389708 sp=0x00007f17ff727640
Event: 0.139 Thread 0x00007f17f8015800 DEOPT UNPACKING pc=0x00007f17e0808ea5 sp=0x00007f17ff7275d0 mode 2
Event: 0.144 Thread 0x00007f17f8015800 Uncommon trap: trap_request=0xffffff4d fr.pc=0x00007f17e8396cc8 relative=0x00000000000006c8
Event: 0.144 Thread 0x00007f17f8015800 Uncommon trap: reason=unstable_if action=reinterpret pc=0x00007f17e8396cc8 method=java.util.HashMap.putVal(ILjava/lang/Object;Ljava/lang/Object;ZZ)Ljava/lang/Object; @ 109 c2
Event: 0.144 Thread 0x00007f17f8015800 DEOPT PACKING pc=0x00007f17e8396cc8 sp=0x00007f17ff7276a0
Event: 0.144 Thread 0x00007f17f8015800 DEOPT UNPACKING pc=0x00007f17e0808ea5 sp=0x00007f17ff727628 mode 2
Event: 0.145 Thread 0x00007f17f8015800 DEOPT PACKING pc=0x00007f17e0fa3ce5 sp=0x00007f17ff727570
Event: 0.145 Thread 0x00007f17f8015800 DEOPT UNPACKING pc=0x00007f17e080964a sp=0x00007f17ff7269f0 mode 0

Classes redefined (0 events):
No events

Internal exceptions (20 events):
Event: 0.025 Thread 0x00007f17f8015800 Exception <a 'java/security/PrivilegedActionException'{0x0000000718039ea0}> (0x0000000718039ea0) thrown at [./src/hotspot/share/prims/jvm.cpp, line 1304]
Event: 0.025 Thread 0x00007f17f8015800 Exception <a 'java/security/PrivilegedActionException'{0x000000071803a170}> (0x000000071803a170) thrown at [./src/hotspot/share/prims/jvm.cpp, line 1304]
Event: 0.025 Thread 0x00007f17f8015800 Exception <a 'java/security/PrivilegedActionException'{0x000000071803ad88}> (0x000000071803ad88) thrown at [./src/hotspot/share/prims/jvm.cpp, line 1304]
Event: 0.025 Thread 0x00007f17f8015800 Exception <a 'java/security/PrivilegedActionException'{0x000000071803b058}> (0x000000071803b058) thrown at [./src/hotspot/share/prims/jvm.cpp, line 1304]
Event: 0.025 Thread 0x00007f17f8015800 Exception <a 'java/security/PrivilegedActionException'{0x000000071803bc70}> (0x000000071803bc70) thrown at [./src/hotspot/share/prims/jvm.cpp, line 1304]
Event: 0.025 Thread 0x00007f17f8015800 Exception <a 'java/security/PrivilegedActionException'{0x000000071803bf40}> (0x000000071803bf40) thrown at [./src/hotspot/share/prims/jvm.cpp, line 1304]
Event: 0.025 Thread 0x00007f17f8015800 Exception <a 'java/security/PrivilegedActionException'{0x000000071803cb70}> (0x000000071803cb70) thrown at [./src/hotspot/share/prims/jvm.cpp, line 1304]
Event: 0.025 Thread 0x00007f17f8015800 Exception <a 'java/security/PrivilegedActionException'{0x000000071803ce40}> (0x000000071803ce40) thrown at [./src/hotspot/share/prims/jvm.cpp, line 1304]
Event: 0.025 Thread 0x00007f17f8015800 Exception <a 'java/security/PrivilegedActionException'{0x000000071803da70}> (0x000000071803da70) thrown at [./src/hotspot/share/prims/jvm.cpp, line 1304]
Event: 0.025 Thread 0x00007f17f8015800 Exception <a 'java/security/PrivilegedActionException'{0x000000071803dd40}> (0x000000071803dd40) thrown at [./src/hotspot/share/prims/jvm.cpp, line 1304]
Event: 0.025 Thread 0x00007f17f8015800 Exception <a 'java/security/PrivilegedActionException'{0x000000071803e970}> (0x000000071803e970) thrown at [./src/hotspot/share/prims/jvm.cpp, line 1304]
Event: 0.025 Thread 0x00007f17f8015800 Exception <a 'java/security/PrivilegedActionException'{0x000000071803ec40}> (0x000000071803ec40) thrown at [./src/hotspot/share/prims/jvm.cpp, line 1304]
Event: 0.025 Thread 0x00007f17f8015800 Exception <a 'java/security/PrivilegedActionException'{0x000000071803f858}> (0x000000071803f858) thrown at [./src/hotspot/share/prims/jvm.cpp, line 1304]
Event: 0.025 Thread 0x00007f17f8015800 Exception <a 'java/security/PrivilegedActionException'{0x000000071803fb28}> (0x000000071803fb28) thrown at [./src/hotspot/share/prims/jvm.cpp, line 1304]
Event: 0.025 Thread 0x00007f17f8015800 Exception <a 'java/security/PrivilegedActionException'{0x0000000718040758}> (0x0000000718040758) thrown at [./src/hotspot/share/prims/jvm.cpp, line 1304]
Event: 0.025 Thread 0x00007f17f8015800 Exception <a 'java/security/PrivilegedActionException'{0x0000000718040a28}> (0x0000000718040a28) thrown at [./src/hotspot/share/prims/jvm.cpp, line 1304]
Event: 0.062 Thread 0x00007f17f8015800 Exception <a 'java/lang/NoSuchMethodError'{0x0000000717dc7a50}: 'int java.lang.invoke.DirectMethodHandle$Holder.invokeStaticInit(java.lang.Object, java.lang.Object, java.lang.Object, java.lang.Object)'> (0x0000000717dc7a50) thrown at [./src/hotspot/share/interpreter/linkResolver.cpp, line 772]
Event: 0.063 Thread 0x00007f17f8015800 Exception <a 'java/lang/IncompatibleClassChangeError'{0x0000000717dd1f38}: Found class java.lang.Object, but interface was expected> (0x0000000717dd1f38) thrown at [./src/hotspot/share/interpreter/linkResolver.cpp, line 839]
Event: 0.063 Thread 0x00007f17f8015800 Exception <a 'java/lang/NoSuchMethodError'{0x0000000717dd5188}: 'void java.lang.invoke.DirectMethodHandle$Holder.invokeStaticInit(java.lang.Object, java.lang.Object)'> (0x0000000717dd5188) thrown at [./src/hotspot/share/interpreter/linkResolver.cpp, line 772]
Event: 0.064 Thread 0x00007f17f8015800 Exception <a 'java/lang/NoSuchMethodError'{0x0000000717ddae58}: 'int java.lang.invoke.DirectMethodHandle$Holder.invokeStaticInit(java.lang.Object, java.lang.Object)'> (0x0000000717ddae58) thrown at [./src/hotspot/share/interpreter/linkResolver.cpp, line 772]

Events (20 events):
Event: 0.132 loading class java/lang/invoke/BoundMethodHandle$Species_LLLLLLIIL
Event: 0.132 loading class java/lang/invoke/BoundMethodHandle$Species_LLLLLLIIL done
Event: 0.133 loading class semantic_check/Symbol
Event: 0.133 loading class semantic_check/Symbol done
Event: 0.133 loading class java/util/AbstractMap$SimpleEntry
Event: 0.133 loading class java/util/AbstractMap$SimpleEntry done
Event: 0.134 loading class LLVMIRToRiscv
Event: 0.134 loading class LLVMIRToRiscv done
Event: 0.135 loading class RegisterAllocator
Event: 0.135 loading class RegisterAllocator done
Event: 0.135 loading class AsmBuilder
Event: 0.135 loading class AsmBuilder done
Event: 0.138 loading class LLVMIROptimization
Event: 0.138 loading class LLVMIROptimization done
Event: 0.138 loading class ConstPropValueHolder
Event: 0.138 loading class ConstPropValueHolder done
Event: 0.138 loading class ConstPropValueHolder$Kind
Event: 0.138 loading class ConstPropValueHolder$Kind done
Event: 0.144 Thread 0x00007f17a41da000 Thread added: 0x00007f17a41da000
Event: 0.144 Protecting memory [0x00007f17cc20c000,0x00007f17cc210000] with protection modes 0


Dynamic libraries:
708a00000-718200000 rw-p 00000000 00:00 0 
718200000-7bfe00000 ---p 00000000 00:00 0 
7bfe00000-7bfe48000 rw-p 00b14000 08:20 134337                           /usr/lib/jvm/java-11-openjdk-amd64/lib/server/classes.jsa
7bfe48000-7bff00000 rw-p 00000000 00:00 0 
7bff00000-7bff6c000 rw-p 00aa8000 08:20 134337                           /usr/lib/jvm/java-11-openjdk-amd64/lib/server/classes.jsa
7bff6c000-7c0000000 rw-p 00000000 00:00 0 
7c0000000-800000000 ---p 00000000 00:00 0 
800000000-800002000 rwxp 00001000 08:20 134337                           /usr/lib/jvm/java-11-openjdk-amd64/lib/server/classes.jsa
800002000-8003ce000 rw-p 00003000 08:20 134337                           /usr/lib/jvm/java-11-openjdk-amd64/lib/server/classes.jsa
8003ce000-800aa6000 r--p 003cf000 08:20 134337                           /usr/lib/jvm/java-11-openjdk-amd64/lib/server/classes.jsa
800aa6000-800aa7000 rw-p 00aa7000 08:20 134337                           /usr/lib/jvm/java-11-openjdk-amd64/lib/server/classes.jsa
840000000-8400c0000 rw-p 00000000 00:00 0 
8400c0000-880000000 ---p 00000000 00:00 0 
55f8fad32000-55f8fad33000 r--p 00000000 08:20 134745                     /usr/lib/jvm/java-11-openjdk-amd64/bin/java
55f8fad33000-55f8fad34000 r-xp 00001000 08:20 134745                     /usr/lib/jvm/java-11-openjdk-amd64/bin/java
55f8fad34000-55f8fad35000 r--p 00002000 08:20 134745                     /usr/lib/jvm/java-11-openjdk-amd64/bin/java
55f8fad35000-55f8fad36000 r--p 00002000 08:20 134745                     /usr/lib/jvm/java-11-openjdk-amd64/bin/java
55f8fad36000-55f8fad37000 rw-p 00003000 08:20 134745                     /usr/lib/jvm/java-11-openjdk-amd64/bin/java
55f9185e7000-55f918608000 rw-p 00000000 00:00 0                          [heap]
7f1778000000-7f1778021000 rw-p 00000000 00:00 0 
7f1778021000-7f177c000000 ---p 00000000 00:00 0 
7f177c000000-7f177c027000 rw-p 00000000 00:00 0 
7f177c027000-7f1780000000 ---p 00000000 00:00 0 
7f1780000000-7f1780021000 rw-p 00000000 00:00 0 
7f1780021000-7f1784000000 ---p 00000000 00:00 0 
7f178552c000-7f1785e52000 r--p 00000000 08:20 204242                     /home/crz/.javacpp/cache/llvm-13.0.1-1.5.7-linux-x86_64.jar/org/bytedeco/llvm/linux-x86_64/libLLVM-13.so
7f1785e52000-7f1789815000 r-xp 00926000 08:20 204242                     /home/crz/.javacpp/cache/llvm-13.0.1-1.5.7-linux-x86_64.jar/org/bytedeco/llvm/linux-x86_64/libLLVM-13.so
7f1789815000-7f178ba6a000 r--p 042e9000 08:20 204242                     /home/crz/.javacpp/cache/llvm-13.0.1-1.5.7-linux-x86_64.jar/org/bytedeco/llvm/linux-x86_64/libLLVM-13.so
7f178ba6a000-7f178bf7f000 r--p 0653d000 08:20 204242                     /home/crz/.javacpp/cache/llvm-13.0.1-1.5.7-linux-x86_64.jar/org/bytedeco/llvm/linux-x86_64/libLLVM-13.so
7f178bf7f000-7f178bf8a000 rw-p 06a52000 08:20 204242                     /home/crz/.javacpp/cache/llvm-13.0.1-1.5.7-linux-x86_64.jar/org/bytedeco/llvm/linux-x86_64/libLLVM-13.so
7f178bf8a000-7f178c000000 rw-p 00000000 00:00 0 
7f178c000000-7f178c021000 rw-p 00000000 00:00 0 
7f178c021000-7f1790000000 ---p 00000000 00:00 0 
7f1790000000-7f1790082000 rw-p 00000000 00:00 0 
7f1790082000-7f1794000000 ---p 00000000 00:00 0 
7f1794000000-7f1794021000 rw-p 00000000 00:00 0 
7f1794021000-7f1798000000 ---p 00000000 00:00 0 
7f1798000000-7f1798021000 rw-p 00000000 00:00 0 
7f1798021000-7f179c000000 ---p 00000000 00:00 0 
7f179c000000-7f179c021000 rw-p 00000000 00:00 0 
7f179c021000-7f17a0000000 ---p 00000000 00:00 0 
7f17a0000000-7f17a0136000 rw-p 00000000 00:00 0 
7f17a0136000-7f17a4000000 ---p 00000000 00:00 0 
7f17a4000000-7f17a42a7000 rw-p 00000000 00:00 0 
7f17a42a7000-7f17a8000000 ---p 00000000 00:00 0 
7f17a8000000-7f17a82a8000 rw-p 00000000 00:00 0 
7f17a82a8000-7f17ac000000 ---p 00000000 00:00 0 
7f17ac000000-7f17ac021000 rw-p 00000000 00:00 0 
7f17ac021000-7f17b0000000 ---p 00000000 00:00 0 
7f17b0000000-7f17b0021000 rw-p 00000000 00:00 0 
7f17b0021000-7f17b4000000 ---p 00000000 00:00 0 
7f17b4000000-7f17b4021000 rw-p 00000000 00:00 0 
7f17b4021000-7f17b8000000 ---p 00000000 00:00 0 
7f17b8000000-7f17b8021000 rw-p 00000000 00:00 0 
7f17b8021000-7f17bc000000 ---p 00000000 00:00 0 
7f17bc000000-7f17bc021000 rw-p 00000000 00:00 0 
7f17bc021000-7f17c0000000 ---p 00000000 00:00 0 
7f17c0000000-7f17c0021000 rw-p 00000000 00:00 0 
7f17c0021000-7f17c4000000 ---p 00000000 00:00 0 
7f17c4000000-7f17c4021000 rw-p 00000000 00:00 0 
7f17c4021000-7f17c8000000 ---p 00000000 00:00 0 
7f17c8000000-7f17c8021000 rw-p 00000000 00:00 0 
7f17c8021000-7f17cc000000 ---p 00000000 00:00 0 
7f17cc20c000-7f17cc210000 ---p 00000000 00:00 0 
7f17cc210000-7f17cc30c000 rw-p 00000000 00:00 0 
7f17cc30c000-7f17cc310000 ---p 00000000 00:00 0 
7f17cc310000-7f17cc40c000 rw-p 00000000 00:00 0 
7f17cc40c000-7f17cc410000 ---p 00000000 00:00 0 
7f17cc410000-7f17cc50c000 rw-p 00000000 00:00 0 
7f17cc50c000-7f17cc571000 r--p 00000000 08:20 204256                     /home/crz/.javacpp/cache/llvm-13.0.1-1.5.7-linux-x86_64.jar/org/bytedeco/llvm/linux-x86_64/libjniLLVM.so
7f17cc571000-7f17cc5df000 r-xp 00065000 08:20 204256                     /home/crz/.javacpp/cache/llvm-13.0.1-1.5.7-linux-x86_64.jar/org/bytedeco/llvm/linux-x86_64/libjniLLVM.so
7f17cc5df000-7f17cc60a000 r--p 000d3000 08:20 204256                     /home/crz/.javacpp/cache/llvm-13.0.1-1.5.7-linux-x86_64.jar/org/bytedeco/llvm/linux-x86_64/libjniLLVM.so
7f17cc60a000-7f17cc60d000 r--p 000fd000 08:20 204256                     /home/crz/.javacpp/cache/llvm-13.0.1-1.5.7-linux-x86_64.jar/org/bytedeco/llvm/linux-x86_64/libjniLLVM.so
7f17cc60d000-7f17cc610000 rw-p 00100000 08:20 204256                     /home/crz/.javacpp/cache/llvm-13.0.1-1.5.7-linux-x86_64.jar/org/bytedeco/llvm/linux-x86_64/libjniLLVM.so
7f17cc610000-7f17cc612000 rw-p 00000000 00:00 0 
7f17cc612000-7f17cc616000 ---p 00000000 00:00 0 
7f17cc616000-7f17cc712000 rw-p 00000000 00:00 0 
7f17cc712000-7f17cc716000 ---p 00000000 00:00 0 
7f17cc716000-7f17cc812000 rw-p 00000000 00:00 0 
7f17cc812000-7f17cc816000 ---p 00000000 00:00 0 
7f17cc816000-7f17cc912000 rw-p 00000000 00:00 0 
7f17cc912000-7f17cc913000 ---p 00000000 00:00 0 
7f17cc913000-7f17cca13000 rw-p 00000000 00:00 0 
7f17cca13000-7f17cca17000 ---p 00000000 00:00 0 
7f17cca17000-7f17ccb13000 rw-p 00000000 00:00 0 
7f17ccb13000-7f17ccb17000 ---p 00000000 00:00 0 
7f17ccb17000-7f17ccc13000 rw-p 00000000 00:00 0 
7f17ccc13000-7f17ccc17000 ---p 00000000 00:00 0 
7f17ccc17000-7f17ccd13000 rw-p 00000000 00:00 0 
7f17ccd13000-7f17ccd17000 ---p 00000000 00:00 0 
7f17ccd17000-7f17cce13000 rw-p 00000000 00:00 0 
7f17cce13000-7f17cce17000 ---p 00000000 00:00 0 
7f17cce17000-7f17ccf13000 rw-p 00000000 00:00 0 
7f17ccf13000-7f17ccf17000 ---p 00000000 00:00 0 
7f17ccf17000-7f17cd013000 rw-p 00000000 00:00 0 
7f17cd013000-7f17cd600000 r--p 00000000 08:20 13349                      /usr/lib/locale/locale-archive
7f17cd600000-7f17cd604000 ---p 00000000 00:00 0 
7f17cd604000-7f17cd700000 rw-p 00000000 00:00 0 
7f17cd700000-7f17cd704000 ---p 00000000 00:00 0 
7f17cd704000-7f17cde00000 rw-p 00000000 00:00 0 
7f17cde00000-7f17ce000000 ---p 00000000 00:00 0 
7f17ce000000-7f17d0000000 rw-p 00000000 00:00 0 
7f17d0000000-7f17d0021000 rw-p 00000000 00:00 0 
7f17d0021000-7f17d4000000 ---p 00000000 00:00 0 
7f17d40cc000-7f17d40cd000 ---p 00000000 00:00 0 
7f17d40cd000-7f17d424e000 rw-p 00000000 00:00 0 
7f17d424e000-7f17d424f000 ---p 00000000 00:00 0 
7f17d424f000-7f17d434f000 rw-p 00000000 00:00 0 
7f17d434f000-7f17d4350000 ---p 00000000 00:00 0 
7f17d4350000-7f17d4830000 rw-p 00000000 00:00 0 
7f17d4830000-7f17d7220000 ---p 00000000 00:00 0 
7f17d7220000-7f17d7228000 rw-p 00000000 00:00 0 
7f17d7228000-7f17d8228000 ---p 00000000 00:00 0 
7f17d8228000-7f17d8608000 rw-p 00000000 00:00 0 
7f17d8608000-7f17daff8000 ---p 00000000 00:00 0 
7f17daff8000-7f17db000000 rw-p 00000000 00:00 0 
7f17db000000-7f17dc000000 ---p 00000000 00:00 0 
7f17dc000000-7f17dc021000 rw-p 00000000 00:00 0 
7f17dc021000-7f17e0000000 ---p 00000000 00:00 0 
7f17e0012000-7f17e0019000 r--s 00000000 08:20 126784                     /usr/lib/x86_64-linux-gnu/gconv/gconv-modules.cache
7f17e0019000-7f17e0020000 r--p 00000000 08:20 204245                     /home/crz/.javacpp/cache/llvm-13.0.1-1.5.7-linux-x86_64.jar/org/bytedeco/llvm/linux-x86_64/libLTO.so.13
7f17e0020000-7f17e0028000 r-xp 00007000 08:20 204245                     /home/crz/.javacpp/cache/llvm-13.0.1-1.5.7-linux-x86_64.jar/org/bytedeco/llvm/linux-x86_64/libLTO.so.13
7f17e0028000-7f17e002a000 r--p 0000f000 08:20 204245                     /home/crz/.javacpp/cache/llvm-13.0.1-1.5.7-linux-x86_64.jar/org/bytedeco/llvm/linux-x86_64/libLTO.so.13
7f17e002a000-7f17e002b000 r--p 00010000 08:20 204245                     /home/crz/.javacpp/cache/llvm-13.0.1-1.5.7-linux-x86_64.jar/org/bytedeco/llvm/linux-x86_64/libLTO.so.13
7f17e002b000-7f17e002c000 rw-p 00011000 08:20 204245                     /home/crz/.javacpp/cache/llvm-13.0.1-1.5.7-linux-x86_64.jar/org/bytedeco/llvm/linux-x86_64/libLTO.so.13
7f17e002c000-7f17e07bf000 rw-p 00000000 00:00 0 
7f17e07bf000-7f17e0a8f000 rwxp 00000000 00:00 0 
7f17e0a8f000-7f17e0efe000 ---p 00000000 00:00 0 
7f17e0efe000-7f17e116e000 rwxp 00000000 00:00 0 
7f17e116e000-7f17e835e000 ---p 00000000 00:00 0 
7f17e835e000-7f17e85ce000 rwxp 00000000 00:00 0 
7f17e85ce000-7f17ef7bf000 ---p 00000000 00:00 0 
7f17ef7bf000-7f17f8000000 r--s 00000000 08:20 134824                     /usr/lib/jvm/java-11-openjdk-amd64/lib/modules
7f17f8000000-7f17f84a3000 rw-p 00000000 00:00 0 
7f17f84a3000-7f17fc000000 ---p 00000000 00:00 0 
7f17fc001000-7f17fc002000 r--p 00000000 08:20 204251                     /home/crz/.javacpp/cache/llvm-13.0.1-1.5.7-linux-x86_64.jar/org/bytedeco/llvm/linux-x86_64/libRemarks.so.13
7f17fc002000-7f17fc003000 r-xp 00001000 08:20 204251                     /home/crz/.javacpp/cache/llvm-13.0.1-1.5.7-linux-x86_64.jar/org/bytedeco/llvm/linux-x86_64/libRemarks.so.13
7f17fc003000-7f17fc004000 r--p 00002000 08:20 204251                     /home/crz/.javacpp/cache/llvm-13.0.1-1.5.7-linux-x86_64.jar/org/bytedeco/llvm/linux-x86_64/libRemarks.so.13
7f17fc004000-7f17fc005000 r--p 00002000 08:20 204251                     /home/crz/.javacpp/cache/llvm-13.0.1-1.5.7-linux-x86_64.jar/org/bytedeco/llvm/linux-x86_64/libRemarks.so.13
7f17fc005000-7f17fc006000 rw-p 00003000 08:20 204251                     /home/crz/.javacpp/cache/llvm-13.0.1-1.5.7-linux-x86_64.jar/org/bytedeco/llvm/linux-x86_64/libRemarks.so.13
7f17fc006000-7f17fc007000 r--p 00000000 08:20 104103                     /usr/lib/x86_64-linux-gnu/libdl.so.2
7f17fc007000-7f17fc008000 r-xp 00001000 08:20 104103                     /usr/lib/x86_64-linux-gnu/libdl.so.2
7f17fc008000-7f17fc009000 r--p 00002000 08:20 104103                     /usr/lib/x86_64-linux-gnu/libdl.so.2
7f17fc009000-7f17fc00a000 r--p 00002000 08:20 104103                     /usr/lib/x86_64-linux-gnu/libdl.so.2
7f17fc00a000-7f17fc00b000 rw-p 00003000 08:20 104103                     /usr/lib/x86_64-linux-gnu/libdl.so.2
7f17fc00b000-7f17fc00c000 r--p 00000000 08:20 104244                     /usr/lib/x86_64-linux-gnu/libpthread.so.0
7f17fc00c000-7f17fc00d000 r-xp 00001000 08:20 104244                     /usr/lib/x86_64-linux-gnu/libpthread.so.0
7f17fc00d000-7f17fc00e000 r--p 00002000 08:20 104244                     /usr/lib/x86_64-linux-gnu/libpthread.so.0
7f17fc00e000-7f17fc00f000 r--p 00002000 08:20 104244                     /usr/lib/x86_64-linux-gnu/libpthread.so.0
7f17fc00f000-7f17fc010000 rw-p 00003000 08:20 104244                     /usr/lib/x86_64-linux-gnu/libpthread.so.0
7f17fc010000-7f17fc014000 r--p 00000000 08:20 204229                     /home/crz/.javacpp/cache/javacpp-1.5.7-linux-x86_64.jar/org/bytedeco/javacpp/linux-x86_64/libjnijavacpp.so
7f17fc014000-7f17fc01b000 r-xp 00004000 08:20 204229                     /home/crz/.javacpp/cache/javacpp-1.5.7-linux-x86_64.jar/org/bytedeco/javacpp/linux-x86_64/libjnijavacpp.so
7f17fc01b000-7f17fc01f000 r--p 0000b000 08:20 204229                     /home/crz/.javacpp/cache/javacpp-1.5.7-linux-x86_64.jar/org/bytedeco/javacpp/linux-x86_64/libjnijavacpp.so
7f17fc01f000-7f17fc020000 r--p 0000e000 08:20 204229                     /home/crz/.javacpp/cache/javacpp-1.5.7-linux-x86_64.jar/org/bytedeco/javacpp/linux-x86_64/libjnijavacpp.so
7f17fc020000-7f17fc021000 rw-p 0000f000 08:20 204229                     /home/crz/.javacpp/cache/javacpp-1.5.7-linux-x86_64.jar/org/bytedeco/javacpp/linux-x86_64/libjnijavacpp.so
7f17fc021000-7f17fc025000 r--p 00000000 08:20 134814                     /usr/lib/jvm/java-11-openjdk-amd64/lib/libnet.so
7f17fc025000-7f17fc033000 r-xp 00004000 08:20 134814                     /usr/lib/jvm/java-11-openjdk-amd64/lib/libnet.so
7f17fc033000-7f17fc037000 r--p 00012000 08:20 134814                     /usr/lib/jvm/java-11-openjdk-amd64/lib/libnet.so
7f17fc037000-7f17fc038000 r--p 00015000 08:20 134814                     /usr/lib/jvm/java-11-openjdk-amd64/lib/libnet.so
7f17fc038000-7f17fc039000 rw-p 00016000 08:20 134814                     /usr/lib/jvm/java-11-openjdk-amd64/lib/libnet.so
7f17fc039000-7f17fc040000 r--p 00000000 08:20 134815                     /usr/lib/jvm/java-11-openjdk-amd64/lib/libnio.so
7f17fc040000-7f17fc048000 r-xp 00007000 08:20 134815                     /usr/lib/jvm/java-11-openjdk-amd64/lib/libnio.so
7f17fc048000-7f17fc04b000 r--p 0000f000 08:20 134815                     /usr/lib/jvm/java-11-openjdk-amd64/lib/libnio.so
7f17fc04b000-7f17fc04c000 r--p 00011000 08:20 134815                     /usr/lib/jvm/java-11-openjdk-amd64/lib/libnio.so
7f17fc04c000-7f17fc04d000 rw-p 00012000 08:20 134815                     /usr/lib/jvm/java-11-openjdk-amd64/lib/libnio.so
7f17fc04d000-7f17fc8bf000 rw-p 00000000 00:00 0 
7f17fc8bf000-7f17fc8c0000 ---p 00000000 00:00 0 
7f17fc8c0000-7f17fc9c0000 rw-p 00000000 00:00 0 
7f17fc9c0000-7f17fc9c1000 ---p 00000000 00:00 0 
7f17fc9c1000-7f17fcd34000 rw-p 00000000 00:00 0 
7f17fcd34000-7f17fd272000 ---p 00000000 00:00 0 
7f17fd272000-7f17fd273000 rw-p 00000000 00:00 0 
7f17fd273000-7f17fd473000 ---p 00000000 00:00 0 
7f17fd473000-7f17fd4ef000 rw-p 00000000 00:00 0 
7f17fd4ef000-7f17fda2d000 ---p 00000000 00:00 0 
7f17fda2d000-7f17fda2e000 rw-p 00000000 00:00 0 
7f17fda2e000-7f17fdc2e000 ---p 00000000 00:00 0 
7f17fdc2e000-7f17fdcaa000 rw-p 00000000 00:00 0 
7f17fdcaa000-7f17fe1e8000 ---p 00000000 00:00 0 
7f17fe1e8000-7f17fe1e9000 rw-p 00000000 00:00 0 
7f17fe1e9000-7f17fe3e9000 ---p 00000000 00:00 0 
7f17fe3e9000-7f17ff2f8000 rw-p 00000000 00:00 0 
7f17ff2f8000-7f17ff2f9000 ---p 00000000 00:00 0 
7f17ff2f9000-7f17ff3fe000 rw-p 00000000 00:00 0 
7f17ff3fe000-7f17ff4e2000 ---p 00000000 00:00 0 
7f17ff4e2000-7f17ff4e7000 rw-p 00000000 00:00 0 
7f17ff4e7000-7f17ff5cb000 ---p 00000000 00:00 0 
7f17ff5cb000-7f17ff5d1000 rw-p 00000000 00:00 0 
7f17ff5d1000-7f17ff5da000 ---p 00000000 00:00 0 
7f17ff5da000-7f17ff5dc000 r--p 00000000 08:20 134823                     /usr/lib/jvm/java-11-openjdk-amd64/lib/libzip.so
7f17ff5dc000-7f17ff5e1000 r-xp 00002000 08:20 134823                     /usr/lib/jvm/java-11-openjdk-amd64/lib/libzip.so
7f17ff5e1000-7f17ff5e3000 r--p 00007000 08:20 134823                     /usr/lib/jvm/java-11-openjdk-amd64/lib/libzip.so
7f17ff5e3000-7f17ff5e4000 r--p 00008000 08:20 134823                     /usr/lib/jvm/java-11-openjdk-amd64/lib/libzip.so
7f17ff5e4000-7f17ff5e5000 rw-p 00009000 08:20 134823                     /usr/lib/jvm/java-11-openjdk-amd64/lib/libzip.so
7f17ff5e5000-7f17ff5ed000 rw-s 00000000 08:20 209581                     /tmp/hsperfdata_crz/3569
7f17ff5ed000-7f17ff5ef000 r--p 00000000 08:20 134806                     /usr/lib/jvm/java-11-openjdk-amd64/lib/libjimage.so
7f17ff5ef000-7f17ff5f2000 r-xp 00002000 08:20 134806                     /usr/lib/jvm/java-11-openjdk-amd64/lib/libjimage.so
7f17ff5f2000-7f17ff5f3000 r--p 00005000 08:20 134806                     /usr/lib/jvm/java-11-openjdk-amd64/lib/libjimage.so
7f17ff5f3000-7f17ff5f4000 ---p 00006000 08:20 134806                     /usr/lib/jvm/java-11-openjdk-amd64/lib/libjimage.so
7f17ff5f4000-7f17ff5f5000 r--p 00006000 08:20 134806                     /usr/lib/jvm/java-11-openjdk-amd64/lib/libjimage.so
7f17ff5f5000-7f17ff5f6000 rw-p 00007000 08:20 134806                     /usr/lib/jvm/java-11-openjdk-amd64/lib/libjimage.so
7f17ff5f6000-7f17ff604000 r--p 00000000 08:20 134803                     /usr/lib/jvm/java-11-openjdk-amd64/lib/libjava.so
7f17ff604000-7f17ff61a000 r-xp 0000e000 08:20 134803                     /usr/lib/jvm/java-11-openjdk-amd64/lib/libjava.so
7f17ff61a000-7f17ff621000 r--p 00024000 08:20 134803                     /usr/lib/jvm/java-11-openjdk-amd64/lib/libjava.so
7f17ff621000-7f17ff622000 r--p 0002a000 08:20 134803                     /usr/lib/jvm/java-11-openjdk-amd64/lib/libjava.so
7f17ff622000-7f17ff623000 rw-p 0002b000 08:20 134803                     /usr/lib/jvm/java-11-openjdk-amd64/lib/libjava.so
7f17ff623000-7f17ff624000 rw-p 00000000 00:00 0 
7f17ff624000-7f17ff625000 r--p 00000000 08:20 105137                     /usr/lib/x86_64-linux-gnu/librt.so.1
7f17ff625000-7f17ff626000 r-xp 00001000 08:20 105137                     /usr/lib/x86_64-linux-gnu/librt.so.1
7f17ff626000-7f17ff627000 r--p 00002000 08:20 105137                     /usr/lib/x86_64-linux-gnu/librt.so.1
7f17ff627000-7f17ff628000 r--p 00002000 08:20 105137                     /usr/lib/x86_64-linux-gnu/librt.so.1
7f17ff628000-7f17ff629000 rw-p 00003000 08:20 105137                     /usr/lib/x86_64-linux-gnu/librt.so.1
7f17ff629000-7f17ff62d000 ---p 00000000 00:00 0 
7f17ff62d000-7f17ff729000 rw-p 00000000 00:00 0 
7f17ff729000-7f17ff72c000 r--p 00000000 08:20 6709                       /usr/lib/x86_64-linux-gnu/libgcc_s.so.1
7f17ff72c000-7f17ff743000 r-xp 00003000 08:20 6709                       /usr/lib/x86_64-linux-gnu/libgcc_s.so.1
7f17ff743000-7f17ff747000 r--p 0001a000 08:20 6709                       /usr/lib/x86_64-linux-gnu/libgcc_s.so.1
7f17ff747000-7f17ff748000 r--p 0001d000 08:20 6709                       /usr/lib/x86_64-linux-gnu/libgcc_s.so.1
7f17ff748000-7f17ff749000 rw-p 0001e000 08:20 6709                       /usr/lib/x86_64-linux-gnu/libgcc_s.so.1
7f17ff749000-7f17ff757000 r--p 00000000 08:20 104109                     /usr/lib/x86_64-linux-gnu/libm.so.6
7f17ff757000-7f17ff7d3000 r-xp 0000e000 08:20 104109                     /usr/lib/x86_64-linux-gnu/libm.so.6
7f17ff7d3000-7f17ff82e000 r--p 0008a000 08:20 104109                     /usr/lib/x86_64-linux-gnu/libm.so.6
7f17ff82e000-7f17ff82f000 r--p 000e4000 08:20 104109                     /usr/lib/x86_64-linux-gnu/libm.so.6
7f17ff82f000-7f17ff830000 rw-p 000e5000 08:20 104109                     /usr/lib/x86_64-linux-gnu/libm.so.6
7f17ff830000-7f17ff8ca000 r--p 00000000 08:20 6947                       /usr/lib/x86_64-linux-gnu/libstdc++.so.6.0.30
7f17ff8ca000-7f17ff9db000 r-xp 0009a000 08:20 6947                       /usr/lib/x86_64-linux-gnu/libstdc++.so.6.0.30
7f17ff9db000-7f17ffa4a000 r--p 001ab000 08:20 6947                       /usr/lib/x86_64-linux-gnu/libstdc++.so.6.0.30
7f17ffa4a000-7f17ffa4b000 ---p 0021a000 08:20 6947                       /usr/lib/x86_64-linux-gnu/libstdc++.so.6.0.30
7f17ffa4b000-7f17ffa56000 r--p 0021a000 08:20 6947                       /usr/lib/x86_64-linux-gnu/libstdc++.so.6.0.30
7f17ffa56000-7f17ffa59000 rw-p 00225000 08:20 6947                       /usr/lib/x86_64-linux-gnu/libstdc++.so.6.0.30
7f17ffa59000-7f17ffa5c000 rw-p 00000000 00:00 0 
7f17ffa5c000-7f17ffcdf000 r--p 00000000 08:20 134827                     /usr/lib/jvm/java-11-openjdk-amd64/lib/server/libjvm.so
7f17ffcdf000-7f180098a000 r-xp 00283000 08:20 134827                     /usr/lib/jvm/java-11-openjdk-amd64/lib/server/libjvm.so
7f180098a000-7f1800be6000 r--p 00f2e000 08:20 134827                     /usr/lib/jvm/java-11-openjdk-amd64/lib/server/libjvm.so
7f1800be6000-7f1800caa000 r--p 01189000 08:20 134827                     /usr/lib/jvm/java-11-openjdk-amd64/lib/server/libjvm.so
7f1800caa000-7f1800ce5000 rw-p 0124d000 08:20 134827                     /usr/lib/jvm/java-11-openjdk-amd64/lib/server/libjvm.so
7f1800ce5000-7f1800d3f000 rw-p 00000000 00:00 0 
7f1800d3f000-7f1800d67000 r--p 00000000 08:20 104085                     /usr/lib/x86_64-linux-gnu/libc.so.6
7f1800d67000-7f1800efc000 r-xp 00028000 08:20 104085                     /usr/lib/x86_64-linux-gnu/libc.so.6
7f1800efc000-7f1800f54000 r--p 001bd000 08:20 104085                     /usr/lib/x86_64-linux-gnu/libc.so.6
7f1800f54000-7f1800f55000 ---p 00215000 08:20 104085                     /usr/lib/x86_64-linux-gnu/libc.so.6
7f1800f55000-7f1800f59000 r--p 00215000 08:20 104085                     /usr/lib/x86_64-linux-gnu/libc.so.6
7f1800f59000-7f1800f5b000 rw-p 00219000 08:20 104085                     /usr/lib/x86_64-linux-gnu/libc.so.6
7f1800f5b000-7f1800f68000 rw-p 00000000 00:00 0 
7f1800f68000-7f1800f6b000 r--p 00000000 08:20 134788                     /usr/lib/jvm/java-11-openjdk-amd64/lib/jli/libjli.so
7f1800f6b000-7f1800f75000 r-xp 00003000 08:20 134788                     /usr/lib/jvm/java-11-openjdk-amd64/lib/jli/libjli.so
7f1800f75000-7f1800f78000 r--p 0000d000 08:20 134788                     /usr/lib/jvm/java-11-openjdk-amd64/lib/jli/libjli.so
7f1800f78000-7f1800f79000 ---p 00010000 08:20 134788                     /usr/lib/jvm/java-11-openjdk-amd64/lib/jli/libjli.so
7f1800f79000-7f1800f7a000 r--p 00010000 08:20 134788                     /usr/lib/jvm/java-11-openjdk-amd64/lib/jli/libjli.so
7f1800f7a000-7f1800f7b000 rw-p 00011000 08:20 134788                     /usr/lib/jvm/java-11-openjdk-amd64/lib/jli/libjli.so
7f1800f7b000-7f1800f7d000 r--p 00000000 08:20 6997                       /usr/lib/x86_64-linux-gnu/libz.so.1.2.11
7f1800f7d000-7f1800f8e000 r-xp 00002000 08:20 6997                       /usr/lib/x86_64-linux-gnu/libz.so.1.2.11
7f1800f8e000-7f1800f94000 r--p 00013000 08:20 6997                       /usr/lib/x86_64-linux-gnu/libz.so.1.2.11
7f1800f94000-7f1800f95000 ---p 00019000 08:20 6997                       /usr/lib/x86_64-linux-gnu/libz.so.1.2.11
7f1800f95000-7f1800f96000 r--p 00019000 08:20 6997                       /usr/lib/x86_64-linux-gnu/libz.so.1.2.11
7f1800f96000-7f1800f97000 rw-p 0001a000 08:20 6997                       /usr/lib/x86_64-linux-gnu/libz.so.1.2.11
7f1800f97000-7f1800f98000 ---p 00000000 00:00 0 
7f1800f98000-7f1800f99000 r--p 00000000 00:00 0 
7f1800f99000-7f1800f9e000 r--p 00000000 08:20 134822                     /usr/lib/jvm/java-11-openjdk-amd64/lib/libverify.so
7f1800f9e000-7f1800fa5000 r-xp 00005000 08:20 134822                     /usr/lib/jvm/java-11-openjdk-amd64/lib/libverify.so
7f1800fa5000-7f1800fa7000 r--p 0000c000 08:20 134822                     /usr/lib/jvm/java-11-openjdk-amd64/lib/libverify.so
7f1800fa7000-7f1800fa9000 r--p 0000d000 08:20 134822                     /usr/lib/jvm/java-11-openjdk-amd64/lib/libverify.so
7f1800fa9000-7f1800faa000 rw-p 0000f000 08:20 134822                     /usr/lib/jvm/java-11-openjdk-amd64/lib/libverify.so
7f1800faa000-7f1800fac000 rw-p 00000000 00:00 0 
7f1800fac000-7f1800fae000 r--p 00000000 08:20 104061                     /usr/lib/x86_64-linux-gnu/ld-linux-x86-64.so.2
7f1800fae000-7f1800fd8000 r-xp 00002000 08:20 104061                     /usr/lib/x86_64-linux-gnu/ld-linux-x86-64.so.2
7f1800fd8000-7f1800fe3000 r--p 0002c000 08:20 104061                     /usr/lib/x86_64-linux-gnu/ld-linux-x86-64.so.2
7f1800fe4000-7f1800fe6000 r--p 00037000 08:20 104061                     /usr/lib/x86_64-linux-gnu/ld-linux-x86-64.so.2
7f1800fe6000-7f1800fe8000 rw-p 00039000 08:20 104061                     /usr/lib/x86_64-linux-gnu/ld-linux-x86-64.so.2
7ffd52bfe000-7ffd52c20000 rw-p 00000000 00:00 0                          [stack]
7ffd52c36000-7ffd52c3a000 r--p 00000000 00:00 0                          [vvar]
7ffd52c3a000-7ffd52c3c000 r-xp 00000000 00:00 0                          [vdso]


VM Arguments:
java_command: Main tests/lab6_test/aa_runtimeerror_test.sysy tests/lab6_test/aa_runtimeerror_test.ll
java_class_path (initial): ./classes:/usr/local/lib/antlr-4.9.1-complete.jar:/usr/local/lib/llvm-13.0.1-1.5.7.jar:/usr/local/lib/llvm-13.0.1-1.5.7-linux-x86_64.jar:/usr/local/lib/llvm-platform-13.0.1-1.5.7.jar:/usr/local/lib/javacpp-1.5.7-linux-x86_64.jar:/usr/local/lib/javacpp-1.5.7.jar
Launcher Type: SUN_STANDARD

[Global flags]
     intx CICompilerCount                          = 12                                        {product} {ergonomic}
     uint ConcGCThreads                            = 4                                         {product} {ergonomic}
     uint G1ConcRefinementThreads                  = 15                                        {product} {ergonomic}
   size_t G1HeapRegionSize                         = 1048576                                   {product} {ergonomic}
    uintx GCDrainStackTargetSize                   = 64                                        {product} {ergonomic}
   size_t InitialHeapSize                          = 260046848                                 {product} {ergonomic}
   size_t MarkStackSize                            = 4194304                                   {product} {ergonomic}
   size_t MaxHeapSize                              = 4150263808                                {product} {ergonomic}
   size_t MaxNewSize                               = 2489319424                                {product} {ergonomic}
   size_t MinHeapDeltaBytes                        = 1048576                                   {product} {ergonomic}
    uintx NonNMethodCodeHeapSize                   = 7594288                                {pd product} {ergonomic}
    uintx NonProfiledCodeHeapSize                  = 122031976                              {pd product} {ergonomic}
    uintx ProfiledCodeHeapSize                     = 122031976                              {pd product} {ergonomic}
    uintx ReservedCodeCacheSize                    = 251658240                              {pd product} {ergonomic}
     bool SegmentedCodeCache                       = true                                      {product} {ergonomic}
     bool UseCompressedClassPointers               = true                                 {lp64_product} {ergonomic}
     bool UseCompressedOops                        = true                                 {lp64_product} {ergonomic}
     bool UseG1GC                                  = true                                      {product} {ergonomic}

Logging:
Log output configuration:
 #0: stdout all=warning uptime,level,tags
 #1: stderr all=off uptime,level,tags

Environment Variables:
CLASSPATH=/usr/local/lib/antlr-4.9.1-complete.jar:/usr/local/lib/llvm-13.0.1-1.5.7.jar:/usr/local/lib/llvm-13.0.1-1.5.7-linux-x86_64.jar:/usr/local/lib/llvm-platform-13.0.1-1.5.7.jar:/usr/local/lib/javacpp-1.5.7-linux-x86_64.jar:/usr/local/lib/javacpp-1.5.7.jar
PATH=/home/crz/.local/bin:/home/crz/.cargo/bin:/home/crz/.local/bin:~/my_script:/usr/local/sbin:/usr/local/bin:/usr/sbin:/usr/bin:/sbin:/bin:/usr/games:/usr/local/games:/usr/lib/wsl/lib:/mnt/c/Program Files/Java/jdk-21/bin:/mnt/c/Program Files/Common Files/Oracle/Java/javapath:/mnt/e/vmware/bin/:/mnt/c/Program Files (x86)/Common Files/Oracle/Java/java8path:/mnt/c/Program Files (x86)/Common Files/Oracle/Java/javapath:/mnt/c/Windows/system32:/mnt/c/Windows:/mnt/c/Windows/System32/Wbem:/mnt/c/Windows/System32/WindowsPowerShell/v1.0/:/mnt/c/Windows/System32/OpenSSH/:/mnt/c/Users/crz/Downloads/winlibs-x86_64-posix-seh-gcc-12.3.0-llvm-16.0.4-mingw-w64ucrt-11.0.0-r1.zip/mingw64/bin:/mnt/d/mingw64/bin:/mnt/d/Git/cmd:/mnt/c/Program Files/dotnet/:/mnt/e/SDL-CPLproj/SDL2/mingw(CLion+VSC)/SDL2-2.26.0-allinone/x86_64-w64-mingw32/bin:/mnt/c/Program Files/Cloudflare/Cloudflare WARP/:/mnt/c/Users/crz/AppData/Local/Programs/Python/Python311/Lib/site-packages/pyecharts:/mnt/c/Program Files/MATLAB/R2023a/runtime/win64:/mnt/c/Program Files/MATLAB/R2023a/bin:/mnt/c/Program Files/gs/gs10.03.1/bin:/mnt/e/:/mnt/e/bitvise-ssh:/mnt/d/:/mnt/c/ProgramData/chocolatey/bin:/mnt/c/Program Files/MySQL/MySQL Server 8.0/bin:/mnt/c/Program Files/MySQL/MySQL Shell 8.0/bin/:/mnt/e/anaconda3:/mnt/e/anaconda3/Library/mingw-w64/bin:/mnt/e/anaconda3/Library/usr/bin:/mnt/e/anaconda3/Library/bin:/mnt/e/anaconda3/Scripts:/mnt/c/Users/crz/AppData/Local/Microsoft/WindowsApps:/mnt/c/Users/crz/Downloads/winlibs-x86_64-posix-seh-gcc-12.3.0-llvm-16.0.4-mingw-w64ucrt-11.0.0-r1.zip/mingw64/bin:/mnt/d/mingw64/bin:/mnt/e/Microsoft VS Code/bin:/mnt/e/CLion 2022.3/bin:/mnt/c/Users/crz/AppData/Local/JetBrains/Toolbox/scripts:/mnt/d/PyCharm 2023.3.4/bin:/mnt/d/IntelliJ IDEA 2023.3.4/bin:/mnt/c/Users/crz/anaconda3/Lib/site-packages:/mnt/d/texlive/2024/bin/windows:/mnt/c/Users/crz/AppData/Roaming/npm:/mnt/d/:/mnt/d/WebStorm 2024.3.2.1/bin:/snap/bin:/mnt/c/Users/crz/AppData/Local/Programs/Microsoft VS Code/bin:/mnt/e/Microsoft\ V
SHELL=/bin/bash
DISPLAY=:0.0
HOSTTYPE=x86_64
LANG=en_US.UTF-8
LC_ALL=en_US.UTF-8
TERM=xterm-256color

Signal Handlers:
SIGSEGV: [libjvm.so+0xebbd40], sa_mask[0]=11111111011111111101111111111110, sa_flags=SA_RESTART|SA_SIGINFO
SIGBUS: [libjvm.so+0xebbd40], sa_mask[0]=11111111011111111101111111111110, sa_flags=SA_RESTART|SA_SIGINFO
SIGFPE: [libjvm.so+0xebbd40], sa_mask[0]=11111111011111111101111111111110, sa_flags=SA_RESTART|SA_SIGINFO
SIGPIPE: [libjvm.so+0xbfe040], sa_mask[0]=11111111011111111101111111111110, sa_flags=SA_RESTART|SA_SIGINFO
SIGXFSZ: [libjvm.so+0xbfe040], sa_mask[0]=11111111011111111101111111111110, sa_flags=SA_RESTART|SA_SIGINFO
SIGILL: [libjvm.so+0xebbd40], sa_mask[0]=11111111011111111101111111111110, sa_flags=SA_RESTART|SA_SIGINFO
SIGUSR2: [libjvm.so+0xbfdee0], sa_mask[0]=00000000000000000000000000000000, sa_flags=SA_RESTART|SA_SIGINFO
SIGHUP: [libjvm.so+0xbfe6a0], sa_mask[0]=11111111011111111101111111111110, sa_flags=SA_RESTART|SA_SIGINFO
SIGINT: [libjvm.so+0xbfe6a0], sa_mask[0]=11111111011111111101111111111110, sa_flags=SA_RESTART|SA_SIGINFO
SIGTERM: [libjvm.so+0xbfe6a0], sa_mask[0]=11111111011111111101111111111110, sa_flags=SA_RESTART|SA_SIGINFO
SIGQUIT: [libjvm.so+0xbfe6a0], sa_mask[0]=11111111011111111101111111111110, sa_flags=SA_RESTART|SA_SIGINFO


---------------  S Y S T E M  ---------------

OS:DISTRIB_ID=Ubuntu
DISTRIB_RELEASE=22.04
DISTRIB_CODENAME=jammy
DISTRIB_DESCRIPTION="Ubuntu 22.04.5 LTS"
uname:Linux 5.15.167.4-microsoft-standard-WSL2 #1 SMP Tue Nov 5 00:21:55 UTC 2024 x86_64
OS uptime: 0 days 0:22 hours
libc:glibc 2.35 NPTL 2.35 
rlimit (soft/hard): STACK 8192k/infinity , CORE 0k/infinity , NPROC 63270/63270 , NOFILE 1048576/1048576 , AS infinity/infinity , CPU infinity/infinity , DATA infinity/infinity , FSIZE infinity/infinity , MEMLOCK 65536k/65536k
load average:5.62 2.55 1.48

/proc/meminfo:
MemTotal:       16204140 kB
MemFree:        11031412 kB
MemAvailable:   13372828 kB
Buffers:           58876 kB
Cached:          2533860 kB
SwapCached:            0 kB
Active:           733720 kB
Inactive:        3982996 kB
Active(anon):       3752 kB
Inactive(anon):  2161000 kB
Active(file):     729968 kB
Inactive(file):  1821996 kB
Unevictable:           0 kB
Mlocked:               0 kB
SwapTotal:       4194304 kB
SwapFree:        4194304 kB
Dirty:              1580 kB
Writeback:             0 kB
AnonPages:       2085604 kB
Mapped:          1012864 kB
Shmem:             40772 kB
KReclaimable:      74384 kB
Slab:             161448 kB
SReclaimable:      74384 kB
SUnreclaim:        87064 kB
KernelStack:       10376 kB
PageTables:        16660 kB
NFS_Unstable:          0 kB
Bounce:                0 kB
WritebackTmp:          0 kB
CommitLimit:    12296372 kB
Committed_AS:    4548024 kB
VmallocTotal:   34359738367 kB
VmallocUsed:       33616 kB
VmallocChunk:          0 kB
Percpu:            15264 kB
AnonHugePages:    956416 kB
ShmemHugePages:        0 kB
ShmemPmdMapped:        0 kB
FileHugePages:         0 kB
FilePmdMapped:         0 kB
HugePages_Total:       0
HugePages_Free:        0
HugePages_Rsvd:        0
HugePages_Surp:        0
Hugepagesize:       2048 kB
Hugetlb:               0 kB
DirectMap4k:      134144 kB
DirectMap2M:     9125888 kB
DirectMap1G:    15728640 kB

/sys/kernel/mm/transparent_hugepage/enabled:
[always] madvise never
/sys/kernel/mm/transparent_hugepage/defrag (defrag/compaction efforts parameter):
always defer defer+madvise [madvise] never

Process Memory:
Virtual Size: 7332628K (peak: 15578236K)
Resident Set Size: 104648K (peak: 104648K) (anon: 46884K, file: 57764K, shmem: 0K)
Swapped out: 0K
C-Heap outstanding allocations: 43407K, retained: 2968K
glibc malloc tunables: (default)

/proc/sys/kernel/threads-max (system-wide limit on the number of threads):
126540
/proc/sys/vm/max_map_count (maximum number of memory map areas a process may have):
65530
/proc/sys/kernel/pid_max (system-wide limit on number of process identifiers):
4194304

container (cgroup) information:
container_type: cgroupv1
cpu_cpuset_cpus: 0-19
cpu_memory_nodes: 0
active_processor_count: 20
cpu_quota: no quota
cpu_period: 100000
cpu_shares: no shares
memory_limit_in_bytes: unlimited
memory_and_swap_limit_in_bytes: unlimited
memory_soft_limit_in_bytes: unlimited
memory_usage_in_bytes: 4678760 k
memory_max_usage_in_bytes: 4034652 k
kernel_memory_limit_in_bytes: unlimited
kernel_memory_usage_in_bytes: 72868 k
kernel_memory_max_usage_in_bytes: 77900 k
maximum number of tasks: not supported
current number of tasks: not supported

Hyper-V virtualization detected
Steal ticks since vm start: 0
Steal ticks percentage since vm start:  0.000

CPU:total 20 (initial active 20) (16 cores per cpu, 2 threads per core) family 6 model 186 stepping 2 microcode 0xffffffff, cmov, cx8, fxsr, mmx, sse, sse2, sse3, ssse3, sse4.1, sse4.2, popcnt, avx, avx2, aes, clmul, erms, 3dnowpref, lzcnt, ht, tsc, tscinvbit, bmi1, bmi2, adx, sha, fma
CPU Model and flags from /proc/cpuinfo:
model name	: 13th Gen Intel(R) Core(TM) i9-13900H
flags		: fpu vme de pse tsc msr pae mce cx8 apic sep mtrr pge mca cmov pat pse36 clflush mmx fxsr sse sse2 ss ht syscall nx pdpe1gb rdtscp lm constant_tsc rep_good nopl xtopology tsc_reliable nonstop_tsc cpuid pni pclmulqdq vmx ssse3 fma cx16 pcid sse4_1 sse4_2 x2apic movbe popcnt tsc_deadline_timer aes xsave avx f16c rdrand hypervisor lahf_lm abm 3dnowprefetch invpcid_single ssbd ibrs ibpb stibp ibrs_enhanced tpr_shadow vnmi ept vpid ept_ad fsgsbase tsc_adjust bmi1 avx2 smep bmi2 erms invpcid rdseed adx smap clflushopt clwb sha_ni xsaveopt xsavec xgetbv1 xsaves avx_vnni umip waitpkg gfni vaes vpclmulqdq rdpid movdiri movdir64b fsrm md_clear serialize flush_l1d arch_capabilities
Online cpus:
0-19
Offline cpus:

BIOS frequency limitation:
<Not Available>
Frequency switch latency (ns):
<Not Available>
Available cpu frequencies:
<Not Available>
Current governor:
<Not Available>
Core performance/turbo boost:
<Not Available>

Memory: 4k page, physical 16204140k(11031412k free), swap 4194304k(4194304k free)

vm_info: OpenJDK 64-Bit Server VM (11.0.27+6-post-Ubuntu-0ubuntu122.04) for linux-amd64 JRE (11.0.27+6-post-Ubuntu-0ubuntu122.04), built on Apr 21 2025 05:59:45 by "unknown" with gcc 11.4.0

END.
