#
# A fatal error has been detected by the Java Runtime Environment:
#
#  SIGSEGV (0xb) at pc=0x00007193e2154ae4, pid=54777, tid=54778
#
# JRE version: OpenJDK Runtime Environment (11.0.27+6) (build 11.0.27+6-post-Ubuntu-0ubuntu122.04)
# Java VM: OpenJDK 64-Bit Server VM (11.0.27+6-post-Ubuntu-0ubuntu122.04, mixed mode, sharing, tiered, compressed oops, g1 gc, linux-amd64)
# Problematic frame:
# C  [libLLVM-13.so+0xd54ae4]  llvm::PointerType::get(llvm::Type*, unsigned int)+0x14
#
# Core dump will be written. Default location: Core dumps may be processed with "/wsl-capture-crash %t %E %p %s" (or dumping to /home/crz/compilers/Lab/core.54777)
#
# If you would like to submit a bug report, please visit:
#   https://bugs.launchpad.net/ubuntu/+source/openjdk-lts
# The crash happened outside the Java Virtual Machine in native code.
# See problematic frame for where to report the bug.
#

---------------  S U M M A R Y ------------

Command Line: Main tests/develop_test/2.sysy tests/develop_test/2.ll

Host: 13th Gen Intel(R) Core(TM) i9-13900H, 20 cores, 15G, Ubuntu 22.04.5 LTS
Time: Thu Jul  3 22:15:38 2025 CST elapsed time: 0.165721 seconds (0d 0h 0m 0s)

---------------  T H R E A D  ---------------

Current thread (0x0000719460015000):  JavaThread "main" [_thread_in_native, id=54778, stack(0x0000719468500000,0x0000719468600000)]

Stack: [0x0000719468500000,0x0000719468600000],  sp=0x00007194685fd440,  free space=1013k
Native frames: (J=compiled Java code, A=aot compiled Java code, j=interpreted, Vv=VM code, C=native code)
C  [libLLVM-13.so+0xd54ae4]  llvm::PointerType::get(llvm::Type*, unsigned int)+0x14

Java frames: (J=compiled Java code, j=interpreted, Vv=VM code)
j  org.bytedeco.llvm.global.LLVM.LLVMBuildGEP(Lorg/bytedeco/llvm/LLVM/LLVMBuilderRef;Lorg/bytedeco/llvm/LLVM/LLVMValueRef;Lorg/bytedeco/javacpp/PointerPointer;ILjava/lang/String;)Lorg/bytedeco/llvm/LLVM/LLVMValueRef;+0
j  IRGenerationVisitor.visitLVal(LSysYParser$LValContext;)Lorg/bytedeco/llvm/LLVM/LLVMValueRef;+228
j  IRGenerationVisitor.visitLVal(LSysYParser$LValContext;)Ljava/lang/Object;+2
j  SysYParser$LValContext.accept(Lorg/antlr/v4/runtime/tree/ParseTreeVisitor;)Ljava/lang/Object;+12
j  IRGenerationVisitor.visit(Lorg/antlr/v4/runtime/tree/ParseTree;)Lorg/bytedeco/llvm/LLVM/LLVMValueRef;+8
j  IRGenerationVisitor.visitExp(LSysYParser$ExpContext;)Lorg/bytedeco/llvm/LLVM/LLVMValueRef;+850
j  IRGenerationVisitor.visitExp(LSysYParser$ExpContext;)Ljava/lang/Object;+2
j  SysYParser$ExpContext.accept(Lorg/antlr/v4/runtime/tree/ParseTreeVisitor;)Ljava/lang/Object;+12
j  IRGenerationVisitor.visit(Lorg/antlr/v4/runtime/tree/ParseTree;)Lorg/bytedeco/llvm/LLVM/LLVMValueRef;+8
j  IRGenerationVisitor.visitCond(LSysYParser$CondContext;)Lorg/bytedeco/llvm/LLVM/LLVMValueRef;+12
j  IRGenerationVisitor.visitCond(LSysYParser$CondContext;)Ljava/lang/Object;+2
j  SysYParser$CondContext.accept(Lorg/antlr/v4/runtime/tree/ParseTreeVisitor;)Ljava/lang/Object;+12
j  IRGenerationVisitor.visit(Lorg/antlr/v4/runtime/tree/ParseTree;)Lorg/bytedeco/llvm/LLVM/LLVMValueRef;+8
j  IRGenerationVisitor.visitCond(LSysYParser$CondContext;)Lorg/bytedeco/llvm/LLVM/LLVMValueRef;+131
j  IRGenerationVisitor.visitStmt(LSysYParser$StmtContext;)Lorg/bytedeco/llvm/LLVM/LLVMValueRef;+232
j  IRGenerationVisitor.visitStmt(LSysYParser$StmtContext;)Ljava/lang/Object;+2
j  SysYParser$StmtContext.accept(Lorg/antlr/v4/runtime/tree/ParseTreeVisitor;)Ljava/lang/Object;+12
j  IRGenerationVisitor.visit(Lorg/antlr/v4/runtime/tree/ParseTree;)Lorg/bytedeco/llvm/LLVM/LLVMValueRef;+8
j  IRGenerationVisitor.visitBlockItem(LSysYParser$BlockItemContext;)Lorg/bytedeco/llvm/LLVM/LLVMValueRef;+28
j  IRGenerationVisitor.visitBlockItem(LSysYParser$BlockItemContext;)Ljava/lang/Object;+2
j  SysYParser$BlockItemContext.accept(Lorg/antlr/v4/runtime/tree/ParseTreeVisitor;)Ljava/lang/Object;+12
j  IRGenerationVisitor.visit(Lorg/antlr/v4/runtime/tree/ParseTree;)Lorg/bytedeco/llvm/LLVM/LLVMValueRef;+8
j  IRGenerationVisitor.visit_block(LSysYParser$BlockContext;)Ljava/lang/Void;+36
j  IRGenerationVisitor.visitStmt(LSysYParser$StmtContext;)Lorg/bytedeco/llvm/LLVM/LLVMValueRef;+183
j  IRGenerationVisitor.visitStmt(LSysYParser$StmtContext;)Ljava/lang/Object;+2
j  SysYParser$StmtContext.accept(Lorg/antlr/v4/runtime/tree/ParseTreeVisitor;)Ljava/lang/Object;+12
j  IRGenerationVisitor.visit(Lorg/antlr/v4/runtime/tree/ParseTree;)Lorg/bytedeco/llvm/LLVM/LLVMValueRef;+8
j  IRGenerationVisitor.visitBlockItem(LSysYParser$BlockItemContext;)Lorg/bytedeco/llvm/LLVM/LLVMValueRef;+28
j  IRGenerationVisitor.visitBlockItem(LSysYParser$BlockItemContext;)Ljava/lang/Object;+2
j  SysYParser$BlockItemContext.accept(Lorg/antlr/v4/runtime/tree/ParseTreeVisitor;)Ljava/lang/Object;+12
j  IRGenerationVisitor.visit(Lorg/antlr/v4/runtime/tree/ParseTree;)Lorg/bytedeco/llvm/LLVM/LLVMValueRef;+8
j  IRGenerationVisitor.visit_block(LSysYParser$BlockContext;Ljava/util/List;)Ljava/lang/Void;+177
j  IRGenerationVisitor.visitFuncDef(LSysYParser$FuncDefContext;)Lorg/bytedeco/llvm/LLVM/LLVMValueRef;+423
j  IRGenerationVisitor.visitCompUnit(LSysYParser$CompUnitContext;)Lorg/bytedeco/llvm/LLVM/LLVMValueRef;+60
j  IRGenerationVisitor.visitCompUnit(LSysYParser$CompUnitContext;)Ljava/lang/Object;+2
j  SysYParser$CompUnitContext.accept(Lorg/antlr/v4/runtime/tree/ParseTreeVisitor;)Ljava/lang/Object;+12
j  IRGenerationVisitor.visit(Lorg/antlr/v4/runtime/tree/ParseTree;)Lorg/bytedeco/llvm/LLVM/LLVMValueRef;+8
j  IRGenerationVisitor.visitProgram(LSysYParser$ProgramContext;)Lorg/bytedeco/llvm/LLVM/LLVMValueRef;+5
j  IRGenerationVisitor.visitProgram(LSysYParser$ProgramContext;)Ljava/lang/Object;+2
j  SysYParser$ProgramContext.accept(Lorg/antlr/v4/runtime/tree/ParseTreeVisitor;)Ljava/lang/Object;+12
j  IRGenerationVisitor.visit(Lorg/antlr/v4/runtime/tree/ParseTree;)Lorg/bytedeco/llvm/LLVM/LLVMValueRef;+8
j  Main.main([Ljava/lang/String;)V+202
v  ~StubRoutines::call_stub

siginfo: si_signo: 11 (SIGSEGV), si_code: 1 (SEGV_MAPERR), si_addr: 0x0000000000000000

Register to memory mapping:

RAX=0x0 is NULL
RBX=0x0 is NULL
RCX=0x000071946047ac90 points into unknown readable memory: 0x0000719460463da0 | a0 3d 46 60 94 71 00 00
RDX=0x000000000000000d is an unknown value
RSP=0x00007194685fd440 is pointing into the stack for thread: 0x0000719460015000
RBP=0x00007194604822f0 points into unknown readable memory: 0x000071946047ac90 | 90 ac 47 60 94 71 00 00
RSI=0x0 is NULL
RDI=0x0 is NULL
R8 =0x0 is NULL
R9 =0x00007194685fd3d0 is pointing into the stack for thread: 0x0000719460015000
R10=0x00007193e14dad58: <offset 0x00000000000dad58> in /home/crz/.javacpp/cache/llvm-13.0.1-1.5.7-linux-x86_64.jar/org/bytedeco/llvm/linux-x86_64/libLLVM-13.so at 0x00007193e1400000
R11=0x00007193e202cbb0: LLVMBuildGEP+0x0000000000000000 in /home/crz/.javacpp/cache/llvm-13.0.1-1.5.7-linux-x86_64.jar/org/bytedeco/llvm/linux-x86_64/libLLVM-13.so at 0x00007193e1400000
R12=0x0 is NULL
R13=0x0000719460482a90 points into unknown readable memory: 0x000071946047a480 | 80 a4 47 60 94 71 00 00
R14=0x0000000000000002 is an unknown value
R15=0x000071946047abd0 points into unknown readable memory: 0x0000719460463da0 | a0 3d 46 60 94 71 00 00


Registers:
RAX=0x0000000000000000, RBX=0x0000000000000000, RCX=0x000071946047ac90, RDX=0x000000000000000d
RSP=0x00007194685fd440, RBP=0x00007194604822f0, RSI=0x0000000000000000, RDI=0x0000000000000000
R8 =0x0000000000000000, R9 =0x00007194685fd3d0, R10=0x00007193e14dad58, R11=0x00007193e202cbb0
R12=0x0000000000000000, R13=0x0000719460482a90, R14=0x0000000000000002, R15=0x000071946047abd0
RIP=0x00007193e2154ae4, EFLAGS=0x0000000000010202, CSGSFS=0x002b000000000033, ERR=0x0000000000000004
  TRAPNO=0x000000000000000e

Top of Stack: (sp=0x00007194685fd440)
0x00007194685fd440:   0000719460015350 00007193fbdc6546
0x00007194685fd450:   00000000000000b0 0000000000000003
0x00007194685fd460:   00007194685fd658 0000719460452b20
0x00007194685fd470:   00007194604822f0 0000719460475570 

Instructions: (pc=0x00007193e2154ae4)
0x00007193e21549e4:   00 e0 ff ff 75 07 48 85 c9 49 0f 44 c8 45 01 d1
0x00007193e21549f4:   45 8d 5a 01 41 21 f9 45 89 c8 49 c1 e0 04 49 01
0x00007193e2154a04:   c0 49 8b 10 48 85 d2 0f 85 85 00 00 00 4c 89 c0
0x00007193e2154a14:   e9 e7 f6 ff ff 8b 83 f8 08 00 00 8d 48 01 48 85
0x00007193e2154a24:   ff 0f 84 fc f6 ff ff 48 8b 07 48 89 fa e9 57 f2
0x00007193e2154a34:   ff ff 48 85 ff 75 0b 48 81 f9 00 e0 ff ff 49 0f
0x00007193e2154a44:   44 f8 45 01 d1 45 8d 5a 01 41 21 d1 45 89 c8 49
0x00007193e2154a54:   c1 e0 04 49 01 c0 49 8b 08 48 85 c9 74 af 45 89
0x00007193e2154a64:   da e9 3f fc ff ff 48 81 ff 00 e0 ff ff 0f 85 a4
0x00007193e2154a74:   f7 ff ff 83 7a 08 fe 0f 85 9a f7 ff ff 4d 85 c0
0x00007193e2154a84:   4c 0f 44 c2 e9 8e f7 ff ff 89 54 24 08 e9 ee fd
0x00007193e2154a94:   ff ff 45 89 da e9 42 fe ff ff 48 81 fe 00 e0 ff
0x00007193e2154aa4:   ff 0f 85 51 fa ff ff 83 7a 08 fe 0f 85 47 fa ff
0x00007193e2154ab4:   ff 48 85 ff 48 0f 44 fa e9 3b fa ff ff e9 c7 42
0x00007193e2154ac4:   bd ff 66 2e 0f 1f 84 00 00 00 00 00 41 57 41 56
0x00007193e2154ad4:   41 55 41 54 41 89 f4 55 53 48 89 fb 48 83 ec 28
0x00007193e2154ae4:   48 8b 3f 48 8b 2f 80 bd d0 08 00 00 00 75 7d 80
0x00007193e2154af4:   7b 08 0f 75 07 48 83 7b 18 00 74 70 45 85 e4 0f
0x00007193e2154b04:   85 87 00 00 00 44 8b bd e8 08 00 00 4c 8b ad d8
0x00007193e2154b14:   08 00 00 45 85 ff 0f 84 50 01 00 00 41 89 de 89
0x00007193e2154b24:   d8 45 8d 47 ff c1 e8 09 41 c1 ee 04 41 31 c6 44
0x00007193e2154b34:   89 f7 44 21 c7 89 f8 48 c1 e0 04 49 8d 54 05 00
0x00007193e2154b44:   48 8b 32 48 39 de 0f 85 70 07 00 00 48 8b 42 08
0x00007193e2154b54:   4c 8d 72 08 48 85 c0 0f 84 b4 02 00 00 48 83 c4
0x00007193e2154b64:   28 5b 5d 41 5c 41 5d 41 5e 41 5f c3 48 83 c4 28
0x00007193e2154b74:   44 89 e6 5b 5d 41 5c 41 5d 41 5e 41 5f e9 ba ef
0x00007193e2154b84:   ff ff 66 2e 0f 1f 84 00 00 00 00 00 44 8b bd 00
0x00007193e2154b94:   09 00 00 4c 8b ad f0 08 00 00 45 85 ff 0f 84 51
0x00007193e2154ba4:   03 00 00 89 d8 89 da 41 8d 77 ff 41 b8 01 00 00
0x00007193e2154bb4:   00 c1 ea 09 c1 e8 04 89 f7 31 d0 43 8d 14 e4 41
0x00007193e2154bc4:   8d 14 94 48 c1 e0 20 48 09 d0 48 c1 e2 20 48 83
0x00007193e2154bd4:   e8 01 48 29 d0 48 89 c2 48 c1 ea 16 48 31 d0 48 


Stack slot to memory mapping:
stack at sp + 0 slots: 0x0000719460015350 points into unknown readable memory: 0x0000719468454b60 | 60 4b 45 68 94 71 00 00
stack at sp + 1 slots: 0x00007193fbdc6546: _ZN7JNIEnv_16CallObjectMethodEP8_jobjectP10_jmethodIDz+0x0000000000000086 in /home/crz/.javacpp/cache/llvm-13.0.1-1.5.7-linux-x86_64.jar/org/bytedeco/llvm/linux-x86_64/libjniLLVM.so at 0x00007193fbcfa000
stack at sp + 2 slots: 0x00000000000000b0 is an unknown value
stack at sp + 3 slots: 0x0000000000000003 is an unknown value
stack at sp + 4 slots: 0x00007194685fd658 is pointing into the stack for thread: 0x0000719460015000
stack at sp + 5 slots: 0x0000719460452b20 points into unknown readable memory: 0x0000719460452b30 | 30 2b 45 60 94 71 00 00
stack at sp + 6 slots: 0x00007194604822f0 points into unknown readable memory: 0x000071946047ac90 | 90 ac 47 60 94 71 00 00
stack at sp + 7 slots: 0x0000719460475570 points into unknown readable memory: 0x312d312e302e3331 | 31 33 2e 30 2e 31 2d 31


---------------  P R O C E S S  ---------------

Threads class SMR info:
_java_thread_list=0x00007194603e3460, length=13, elements={
0x0000719460015000, 0x00007194601ec000, 0x00007194601ee000, 0x00007194601f3800,
0x00007194601f5800, 0x00007194601f8000, 0x00007194601fa000, 0x00007194601fc000,
0x000071940c095800, 0x000071946022f000, 0x00007194081aa000, 0x00007194102a6800,
0x00007194603e4000
}

Java Threads: ( => current thread )
=>0x0000719460015000 JavaThread "main" [_thread_in_native, id=54778, stack(0x0000719468500000,0x0000719468600000)]
  0x00007194601ec000 JavaThread "Reference Handler" daemon [_thread_blocked, id=54785, stack(0x00007194350fa000,0x00007194351fa000)]
  0x00007194601ee000 JavaThread "Finalizer" daemon [_thread_blocked, id=54786, stack(0x0000719434ffa000,0x00007194350fa000)]
  0x00007194601f3800 JavaThread "Signal Dispatcher" daemon [_thread_blocked, id=54787, stack(0x0000719434900000,0x0000719434a00000)]
  0x00007194601f5800 JavaThread "Service Thread" daemon [_thread_blocked, id=54788, stack(0x0000719434800000,0x0000719434900000)]
  0x00007194601f8000 JavaThread "C2 CompilerThread0" daemon [_thread_blocked, id=54789, stack(0x0000719434700000,0x0000719434800000)]
  0x00007194601fa000 JavaThread "C1 CompilerThread0" daemon [_thread_blocked, id=54790, stack(0x0000719434600000,0x0000719434700000)]
  0x00007194601fc000 JavaThread "Sweeper thread" daemon [_thread_blocked, id=54791, stack(0x0000719434500000,0x0000719434600000)]
  0x000071940c095800 JavaThread "C1 CompilerThread1" daemon [_thread_blocked, id=54792, stack(0x0000719434400000,0x0000719434500000)]
  0x000071946022f000 JavaThread "Common-Cleaner" daemon [_thread_blocked, id=54794, stack(0x00007194341ff000,0x00007194342ff000)]
  0x00007194081aa000 JavaThread "C1 CompilerThread2" daemon [_thread_blocked, id=54795, stack(0x00007194340ff000,0x00007194341ff000)]
  0x00007194102a6800 JavaThread "C2 CompilerThread1" daemon [_thread_blocked, id=54796, stack(0x00007193fbf00000,0x00007193fc000000)]
  0x00007194603e4000 JavaThread "JavaCPP Deallocator" daemon [_thread_blocked, id=54797, stack(0x00007193fbe00000,0x00007193fbf00000)]

Other Threads:
  0x00007194601e9000 VMThread "VM Thread" [stack: 0x00007194351fb000,0x00007194352fb000] [id=54784]
  0x000071946022c800 WatcherThread [stack: 0x0000719434300000,0x0000719434400000] [id=54793]
  0x000071946002f800 GCTaskThread "GC Thread#0" [stack: 0x0000719466d00000,0x0000719466e00000] [id=54779]
  0x000071946008d800 ConcurrentGCThread "G1 Main Marker" [stack: 0x00007194643cb000,0x00007194644cb000] [id=54780]
  0x000071946008f800 ConcurrentGCThread "G1 Conc#0" [stack: 0x00007194642ca000,0x00007194643ca000] [id=54781]
  0x00007194601aa800 ConcurrentGCThread "G1 Refine#0" [stack: 0x0000719435bfd000,0x0000719435cfd000] [id=54782]
  0x00007194601ac800 ConcurrentGCThread "G1 Young RemSet Sampling" [stack: 0x0000719435afc000,0x0000719435bfc000] [id=54783]

Threads with active compile tasks:

VM state:not at safepoint (normal execution)

VM Mutex/Monitor currently owned by a thread: None

Heap address: 0x0000000708c00000, size: 3956 MB, Compressed Oops mode: Zero based, Oop shift amount: 3
Narrow klass base: 0x0000000800000000, Narrow klass shift: 3
Compressed class space size: 1073741824 Address: 0x0000000840000000

Heap:
 garbage-first heap   total 256000K, used 10960K [0x0000000708c00000, 0x0000000800000000)
  region size 1024K, 11 young (11264K), 0 survivors (0K)
 Metaspace       used 3913K, capacity 6715K, committed 6912K, reserved 1056768K
  class space    used 414K, capacity 707K, committed 768K, reserved 1048576K
Heap Regions: E=young(eden), S=young(survivor), O=old, HS=humongous(starts), HC=humongous(continues), CS=collection set, F=free, A=archive, TAMS=top-at-mark-start (previous, next)
|   0|0x0000000708c00000, 0x0000000708c00000, 0x0000000708d00000|  0%| F|  |TAMS 0x0000000708c00000, 0x0000000708c00000| Untracked 
|   1|0x0000000708d00000, 0x0000000708d00000, 0x0000000708e00000|  0%| F|  |TAMS 0x0000000708d00000, 0x0000000708d00000| Untracked 
|   2|0x0000000708e00000, 0x0000000708e00000, 0x0000000708f00000|  0%| F|  |TAMS 0x0000000708e00000, 0x0000000708e00000| Untracked 
|   3|0x0000000708f00000, 0x0000000708f00000, 0x0000000709000000|  0%| F|  |TAMS 0x0000000708f00000, 0x0000000708f00000| Untracked 
|   4|0x0000000709000000, 0x0000000709000000, 0x0000000709100000|  0%| F|  |TAMS 0x0000000709000000, 0x0000000709000000| Untracked 
|   5|0x0000000709100000, 0x0000000709100000, 0x0000000709200000|  0%| F|  |TAMS 0x0000000709100000, 0x0000000709100000| Untracked 
|   6|0x0000000709200000, 0x0000000709200000, 0x0000000709300000|  0%| F|  |TAMS 0x0000000709200000, 0x0000000709200000| Untracked 
|   7|0x0000000709300000, 0x0000000709300000, 0x0000000709400000|  0%| F|  |TAMS 0x0000000709300000, 0x0000000709300000| Untracked 
|   8|0x0000000709400000, 0x0000000709400000, 0x0000000709500000|  0%| F|  |TAMS 0x0000000709400000, 0x0000000709400000| Untracked 
|   9|0x0000000709500000, 0x0000000709500000, 0x0000000709600000|  0%| F|  |TAMS 0x0000000709500000, 0x0000000709500000| Untracked 
|  10|0x0000000709600000, 0x0000000709600000, 0x0000000709700000|  0%| F|  |TAMS 0x0000000709600000, 0x0000000709600000| Untracked 
|  11|0x0000000709700000, 0x0000000709700000, 0x0000000709800000|  0%| F|  |TAMS 0x0000000709700000, 0x0000000709700000| Untracked 
|  12|0x0000000709800000, 0x0000000709800000, 0x0000000709900000|  0%| F|  |TAMS 0x0000000709800000, 0x0000000709800000| Untracked 
|  13|0x0000000709900000, 0x0000000709900000, 0x0000000709a00000|  0%| F|  |TAMS 0x0000000709900000, 0x0000000709900000| Untracked 
|  14|0x0000000709a00000, 0x0000000709a00000, 0x0000000709b00000|  0%| F|  |TAMS 0x0000000709a00000, 0x0000000709a00000| Untracked 
|  15|0x0000000709b00000, 0x0000000709b00000, 0x0000000709c00000|  0%| F|  |TAMS 0x0000000709b00000, 0x0000000709b00000| Untracked 
|  16|0x0000000709c00000, 0x0000000709c00000, 0x0000000709d00000|  0%| F|  |TAMS 0x0000000709c00000, 0x0000000709c00000| Untracked 
|  17|0x0000000709d00000, 0x0000000709d00000, 0x0000000709e00000|  0%| F|  |TAMS 0x0000000709d00000, 0x0000000709d00000| Untracked 
|  18|0x0000000709e00000, 0x0000000709e00000, 0x0000000709f00000|  0%| F|  |TAMS 0x0000000709e00000, 0x0000000709e00000| Untracked 
|  19|0x0000000709f00000, 0x0000000709f00000, 0x000000070a000000|  0%| F|  |TAMS 0x0000000709f00000, 0x0000000709f00000| Untracked 
|  20|0x000000070a000000, 0x000000070a000000, 0x000000070a100000|  0%| F|  |TAMS 0x000000070a000000, 0x000000070a000000| Untracked 
|  21|0x000000070a100000, 0x000000070a100000, 0x000000070a200000|  0%| F|  |TAMS 0x000000070a100000, 0x000000070a100000| Untracked 
|  22|0x000000070a200000, 0x000000070a200000, 0x000000070a300000|  0%| F|  |TAMS 0x000000070a200000, 0x000000070a200000| Untracked 
|  23|0x000000070a300000, 0x000000070a300000, 0x000000070a400000|  0%| F|  |TAMS 0x000000070a300000, 0x000000070a300000| Untracked 
|  24|0x000000070a400000, 0x000000070a400000, 0x000000070a500000|  0%| F|  |TAMS 0x000000070a400000, 0x000000070a400000| Untracked 
|  25|0x000000070a500000, 0x000000070a500000, 0x000000070a600000|  0%| F|  |TAMS 0x000000070a500000, 0x000000070a500000| Untracked 
|  26|0x000000070a600000, 0x000000070a600000, 0x000000070a700000|  0%| F|  |TAMS 0x000000070a600000, 0x000000070a600000| Untracked 
|  27|0x000000070a700000, 0x000000070a700000, 0x000000070a800000|  0%| F|  |TAMS 0x000000070a700000, 0x000000070a700000| Untracked 
|  28|0x000000070a800000, 0x000000070a800000, 0x000000070a900000|  0%| F|  |TAMS 0x000000070a800000, 0x000000070a800000| Untracked 
|  29|0x000000070a900000, 0x000000070a900000, 0x000000070aa00000|  0%| F|  |TAMS 0x000000070a900000, 0x000000070a900000| Untracked 
|  30|0x000000070aa00000, 0x000000070aa00000, 0x000000070ab00000|  0%| F|  |TAMS 0x000000070aa00000, 0x000000070aa00000| Untracked 
|  31|0x000000070ab00000, 0x000000070ab00000, 0x000000070ac00000|  0%| F|  |TAMS 0x000000070ab00000, 0x000000070ab00000| Untracked 
|  32|0x000000070ac00000, 0x000000070ac00000, 0x000000070ad00000|  0%| F|  |TAMS 0x000000070ac00000, 0x000000070ac00000| Untracked 
|  33|0x000000070ad00000, 0x000000070ad00000, 0x000000070ae00000|  0%| F|  |TAMS 0x000000070ad00000, 0x000000070ad00000| Untracked 
|  34|0x000000070ae00000, 0x000000070ae00000, 0x000000070af00000|  0%| F|  |TAMS 0x000000070ae00000, 0x000000070ae00000| Untracked 
|  35|0x000000070af00000, 0x000000070af00000, 0x000000070b000000|  0%| F|  |TAMS 0x000000070af00000, 0x000000070af00000| Untracked 
|  36|0x000000070b000000, 0x000000070b000000, 0x000000070b100000|  0%| F|  |TAMS 0x000000070b000000, 0x000000070b000000| Untracked 
|  37|0x000000070b100000, 0x000000070b100000, 0x000000070b200000|  0%| F|  |TAMS 0x000000070b100000, 0x000000070b100000| Untracked 
|  38|0x000000070b200000, 0x000000070b200000, 0x000000070b300000|  0%| F|  |TAMS 0x000000070b200000, 0x000000070b200000| Untracked 
|  39|0x000000070b300000, 0x000000070b300000, 0x000000070b400000|  0%| F|  |TAMS 0x000000070b300000, 0x000000070b300000| Untracked 
|  40|0x000000070b400000, 0x000000070b400000, 0x000000070b500000|  0%| F|  |TAMS 0x000000070b400000, 0x000000070b400000| Untracked 
|  41|0x000000070b500000, 0x000000070b500000, 0x000000070b600000|  0%| F|  |TAMS 0x000000070b500000, 0x000000070b500000| Untracked 
|  42|0x000000070b600000, 0x000000070b600000, 0x000000070b700000|  0%| F|  |TAMS 0x000000070b600000, 0x000000070b600000| Untracked 
|  43|0x000000070b700000, 0x000000070b700000, 0x000000070b800000|  0%| F|  |TAMS 0x000000070b700000, 0x000000070b700000| Untracked 
|  44|0x000000070b800000, 0x000000070b800000, 0x000000070b900000|  0%| F|  |TAMS 0x000000070b800000, 0x000000070b800000| Untracked 
|  45|0x000000070b900000, 0x000000070b900000, 0x000000070ba00000|  0%| F|  |TAMS 0x000000070b900000, 0x000000070b900000| Untracked 
|  46|0x000000070ba00000, 0x000000070ba00000, 0x000000070bb00000|  0%| F|  |TAMS 0x000000070ba00000, 0x000000070ba00000| Untracked 
|  47|0x000000070bb00000, 0x000000070bb00000, 0x000000070bc00000|  0%| F|  |TAMS 0x000000070bb00000, 0x000000070bb00000| Untracked 
|  48|0x000000070bc00000, 0x000000070bc00000, 0x000000070bd00000|  0%| F|  |TAMS 0x000000070bc00000, 0x000000070bc00000| Untracked 
|  49|0x000000070bd00000, 0x000000070bd00000, 0x000000070be00000|  0%| F|  |TAMS 0x000000070bd00000, 0x000000070bd00000| Untracked 
|  50|0x000000070be00000, 0x000000070be00000, 0x000000070bf00000|  0%| F|  |TAMS 0x000000070be00000, 0x000000070be00000| Untracked 
|  51|0x000000070bf00000, 0x000000070bf00000, 0x000000070c000000|  0%| F|  |TAMS 0x000000070bf00000, 0x000000070bf00000| Untracked 
|  52|0x000000070c000000, 0x000000070c000000, 0x000000070c100000|  0%| F|  |TAMS 0x000000070c000000, 0x000000070c000000| Untracked 
|  53|0x000000070c100000, 0x000000070c100000, 0x000000070c200000|  0%| F|  |TAMS 0x000000070c100000, 0x000000070c100000| Untracked 
|  54|0x000000070c200000, 0x000000070c200000, 0x000000070c300000|  0%| F|  |TAMS 0x000000070c200000, 0x000000070c200000| Untracked 
|  55|0x000000070c300000, 0x000000070c300000, 0x000000070c400000|  0%| F|  |TAMS 0x000000070c300000, 0x000000070c300000| Untracked 
|  56|0x000000070c400000, 0x000000070c400000, 0x000000070c500000|  0%| F|  |TAMS 0x000000070c400000, 0x000000070c400000| Untracked 
|  57|0x000000070c500000, 0x000000070c500000, 0x000000070c600000|  0%| F|  |TAMS 0x000000070c500000, 0x000000070c500000| Untracked 
|  58|0x000000070c600000, 0x000000070c600000, 0x000000070c700000|  0%| F|  |TAMS 0x000000070c600000, 0x000000070c600000| Untracked 
|  59|0x000000070c700000, 0x000000070c700000, 0x000000070c800000|  0%| F|  |TAMS 0x000000070c700000, 0x000000070c700000| Untracked 
|  60|0x000000070c800000, 0x000000070c800000, 0x000000070c900000|  0%| F|  |TAMS 0x000000070c800000, 0x000000070c800000| Untracked 
|  61|0x000000070c900000, 0x000000070c900000, 0x000000070ca00000|  0%| F|  |TAMS 0x000000070c900000, 0x000000070c900000| Untracked 
|  62|0x000000070ca00000, 0x000000070ca00000, 0x000000070cb00000|  0%| F|  |TAMS 0x000000070ca00000, 0x000000070ca00000| Untracked 
|  63|0x000000070cb00000, 0x000000070cb00000, 0x000000070cc00000|  0%| F|  |TAMS 0x000000070cb00000, 0x000000070cb00000| Untracked 
|  64|0x000000070cc00000, 0x000000070cc00000, 0x000000070cd00000|  0%| F|  |TAMS 0x000000070cc00000, 0x000000070cc00000| Untracked 
|  65|0x000000070cd00000, 0x000000070cd00000, 0x000000070ce00000|  0%| F|  |TAMS 0x000000070cd00000, 0x000000070cd00000| Untracked 
|  66|0x000000070ce00000, 0x000000070ce00000, 0x000000070cf00000|  0%| F|  |TAMS 0x000000070ce00000, 0x000000070ce00000| Untracked 
|  67|0x000000070cf00000, 0x000000070cf00000, 0x000000070d000000|  0%| F|  |TAMS 0x000000070cf00000, 0x000000070cf00000| Untracked 
|  68|0x000000070d000000, 0x000000070d000000, 0x000000070d100000|  0%| F|  |TAMS 0x000000070d000000, 0x000000070d000000| Untracked 
|  69|0x000000070d100000, 0x000000070d100000, 0x000000070d200000|  0%| F|  |TAMS 0x000000070d100000, 0x000000070d100000| Untracked 
|  70|0x000000070d200000, 0x000000070d200000, 0x000000070d300000|  0%| F|  |TAMS 0x000000070d200000, 0x000000070d200000| Untracked 
|  71|0x000000070d300000, 0x000000070d300000, 0x000000070d400000|  0%| F|  |TAMS 0x000000070d300000, 0x000000070d300000| Untracked 
|  72|0x000000070d400000, 0x000000070d400000, 0x000000070d500000|  0%| F|  |TAMS 0x000000070d400000, 0x000000070d400000| Untracked 
|  73|0x000000070d500000, 0x000000070d500000, 0x000000070d600000|  0%| F|  |TAMS 0x000000070d500000, 0x000000070d500000| Untracked 
|  74|0x000000070d600000, 0x000000070d600000, 0x000000070d700000|  0%| F|  |TAMS 0x000000070d600000, 0x000000070d600000| Untracked 
|  75|0x000000070d700000, 0x000000070d700000, 0x000000070d800000|  0%| F|  |TAMS 0x000000070d700000, 0x000000070d700000| Untracked 
|  76|0x000000070d800000, 0x000000070d800000, 0x000000070d900000|  0%| F|  |TAMS 0x000000070d800000, 0x000000070d800000| Untracked 
|  77|0x000000070d900000, 0x000000070d900000, 0x000000070da00000|  0%| F|  |TAMS 0x000000070d900000, 0x000000070d900000| Untracked 
|  78|0x000000070da00000, 0x000000070da00000, 0x000000070db00000|  0%| F|  |TAMS 0x000000070da00000, 0x000000070da00000| Untracked 
|  79|0x000000070db00000, 0x000000070db00000, 0x000000070dc00000|  0%| F|  |TAMS 0x000000070db00000, 0x000000070db00000| Untracked 
|  80|0x000000070dc00000, 0x000000070dc00000, 0x000000070dd00000|  0%| F|  |TAMS 0x000000070dc00000, 0x000000070dc00000| Untracked 
|  81|0x000000070dd00000, 0x000000070dd00000, 0x000000070de00000|  0%| F|  |TAMS 0x000000070dd00000, 0x000000070dd00000| Untracked 
|  82|0x000000070de00000, 0x000000070de00000, 0x000000070df00000|  0%| F|  |TAMS 0x000000070de00000, 0x000000070de00000| Untracked 
|  83|0x000000070df00000, 0x000000070df00000, 0x000000070e000000|  0%| F|  |TAMS 0x000000070df00000, 0x000000070df00000| Untracked 
|  84|0x000000070e000000, 0x000000070e000000, 0x000000070e100000|  0%| F|  |TAMS 0x000000070e000000, 0x000000070e000000| Untracked 
|  85|0x000000070e100000, 0x000000070e100000, 0x000000070e200000|  0%| F|  |TAMS 0x000000070e100000, 0x000000070e100000| Untracked 
|  86|0x000000070e200000, 0x000000070e200000, 0x000000070e300000|  0%| F|  |TAMS 0x000000070e200000, 0x000000070e200000| Untracked 
|  87|0x000000070e300000, 0x000000070e300000, 0x000000070e400000|  0%| F|  |TAMS 0x000000070e300000, 0x000000070e300000| Untracked 
|  88|0x000000070e400000, 0x000000070e400000, 0x000000070e500000|  0%| F|  |TAMS 0x000000070e400000, 0x000000070e400000| Untracked 
|  89|0x000000070e500000, 0x000000070e500000, 0x000000070e600000|  0%| F|  |TAMS 0x000000070e500000, 0x000000070e500000| Untracked 
|  90|0x000000070e600000, 0x000000070e600000, 0x000000070e700000|  0%| F|  |TAMS 0x000000070e600000, 0x000000070e600000| Untracked 
|  91|0x000000070e700000, 0x000000070e700000, 0x000000070e800000|  0%| F|  |TAMS 0x000000070e700000, 0x000000070e700000| Untracked 
|  92|0x000000070e800000, 0x000000070e800000, 0x000000070e900000|  0%| F|  |TAMS 0x000000070e800000, 0x000000070e800000| Untracked 
|  93|0x000000070e900000, 0x000000070e900000, 0x000000070ea00000|  0%| F|  |TAMS 0x000000070e900000, 0x000000070e900000| Untracked 
|  94|0x000000070ea00000, 0x000000070ea00000, 0x000000070eb00000|  0%| F|  |TAMS 0x000000070ea00000, 0x000000070ea00000| Untracked 
|  95|0x000000070eb00000, 0x000000070eb00000, 0x000000070ec00000|  0%| F|  |TAMS 0x000000070eb00000, 0x000000070eb00000| Untracked 
|  96|0x000000070ec00000, 0x000000070ec00000, 0x000000070ed00000|  0%| F|  |TAMS 0x000000070ec00000, 0x000000070ec00000| Untracked 
|  97|0x000000070ed00000, 0x000000070ed00000, 0x000000070ee00000|  0%| F|  |TAMS 0x000000070ed00000, 0x000000070ed00000| Untracked 
|  98|0x000000070ee00000, 0x000000070ee00000, 0x000000070ef00000|  0%| F|  |TAMS 0x000000070ee00000, 0x000000070ee00000| Untracked 
|  99|0x000000070ef00000, 0x000000070ef00000, 0x000000070f000000|  0%| F|  |TAMS 0x000000070ef00000, 0x000000070ef00000| Untracked 
| 100|0x000000070f000000, 0x000000070f000000, 0x000000070f100000|  0%| F|  |TAMS 0x000000070f000000, 0x000000070f000000| Untracked 
| 101|0x000000070f100000, 0x000000070f100000, 0x000000070f200000|  0%| F|  |TAMS 0x000000070f100000, 0x000000070f100000| Untracked 
| 102|0x000000070f200000, 0x000000070f200000, 0x000000070f300000|  0%| F|  |TAMS 0x000000070f200000, 0x000000070f200000| Untracked 
| 103|0x000000070f300000, 0x000000070f300000, 0x000000070f400000|  0%| F|  |TAMS 0x000000070f300000, 0x000000070f300000| Untracked 
| 104|0x000000070f400000, 0x000000070f400000, 0x000000070f500000|  0%| F|  |TAMS 0x000000070f400000, 0x000000070f400000| Untracked 
| 105|0x000000070f500000, 0x000000070f500000, 0x000000070f600000|  0%| F|  |TAMS 0x000000070f500000, 0x000000070f500000| Untracked 
| 106|0x000000070f600000, 0x000000070f600000, 0x000000070f700000|  0%| F|  |TAMS 0x000000070f600000, 0x000000070f600000| Untracked 
| 107|0x000000070f700000, 0x000000070f700000, 0x000000070f800000|  0%| F|  |TAMS 0x000000070f700000, 0x000000070f700000| Untracked 
| 108|0x000000070f800000, 0x000000070f800000, 0x000000070f900000|  0%| F|  |TAMS 0x000000070f800000, 0x000000070f800000| Untracked 
| 109|0x000000070f900000, 0x000000070f900000, 0x000000070fa00000|  0%| F|  |TAMS 0x000000070f900000, 0x000000070f900000| Untracked 
| 110|0x000000070fa00000, 0x000000070fa00000, 0x000000070fb00000|  0%| F|  |TAMS 0x000000070fa00000, 0x000000070fa00000| Untracked 
| 111|0x000000070fb00000, 0x000000070fb00000, 0x000000070fc00000|  0%| F|  |TAMS 0x000000070fb00000, 0x000000070fb00000| Untracked 
| 112|0x000000070fc00000, 0x000000070fc00000, 0x000000070fd00000|  0%| F|  |TAMS 0x000000070fc00000, 0x000000070fc00000| Untracked 
| 113|0x000000070fd00000, 0x000000070fd00000, 0x000000070fe00000|  0%| F|  |TAMS 0x000000070fd00000, 0x000000070fd00000| Untracked 
| 114|0x000000070fe00000, 0x000000070fe00000, 0x000000070ff00000|  0%| F|  |TAMS 0x000000070fe00000, 0x000000070fe00000| Untracked 
| 115|0x000000070ff00000, 0x000000070ff00000, 0x0000000710000000|  0%| F|  |TAMS 0x000000070ff00000, 0x000000070ff00000| Untracked 
| 116|0x0000000710000000, 0x0000000710000000, 0x0000000710100000|  0%| F|  |TAMS 0x0000000710000000, 0x0000000710000000| Untracked 
| 117|0x0000000710100000, 0x0000000710100000, 0x0000000710200000|  0%| F|  |TAMS 0x0000000710100000, 0x0000000710100000| Untracked 
| 118|0x0000000710200000, 0x0000000710200000, 0x0000000710300000|  0%| F|  |TAMS 0x0000000710200000, 0x0000000710200000| Untracked 
| 119|0x0000000710300000, 0x0000000710300000, 0x0000000710400000|  0%| F|  |TAMS 0x0000000710300000, 0x0000000710300000| Untracked 
| 120|0x0000000710400000, 0x0000000710400000, 0x0000000710500000|  0%| F|  |TAMS 0x0000000710400000, 0x0000000710400000| Untracked 
| 121|0x0000000710500000, 0x0000000710500000, 0x0000000710600000|  0%| F|  |TAMS 0x0000000710500000, 0x0000000710500000| Untracked 
| 122|0x0000000710600000, 0x0000000710600000, 0x0000000710700000|  0%| F|  |TAMS 0x0000000710600000, 0x0000000710600000| Untracked 
| 123|0x0000000710700000, 0x0000000710700000, 0x0000000710800000|  0%| F|  |TAMS 0x0000000710700000, 0x0000000710700000| Untracked 
| 124|0x0000000710800000, 0x0000000710800000, 0x0000000710900000|  0%| F|  |TAMS 0x0000000710800000, 0x0000000710800000| Untracked 
| 125|0x0000000710900000, 0x0000000710900000, 0x0000000710a00000|  0%| F|  |TAMS 0x0000000710900000, 0x0000000710900000| Untracked 
| 126|0x0000000710a00000, 0x0000000710a00000, 0x0000000710b00000|  0%| F|  |TAMS 0x0000000710a00000, 0x0000000710a00000| Untracked 
| 127|0x0000000710b00000, 0x0000000710b00000, 0x0000000710c00000|  0%| F|  |TAMS 0x0000000710b00000, 0x0000000710b00000| Untracked 
| 128|0x0000000710c00000, 0x0000000710c00000, 0x0000000710d00000|  0%| F|  |TAMS 0x0000000710c00000, 0x0000000710c00000| Untracked 
| 129|0x0000000710d00000, 0x0000000710d00000, 0x0000000710e00000|  0%| F|  |TAMS 0x0000000710d00000, 0x0000000710d00000| Untracked 
| 130|0x0000000710e00000, 0x0000000710e00000, 0x0000000710f00000|  0%| F|  |TAMS 0x0000000710e00000, 0x0000000710e00000| Untracked 
| 131|0x0000000710f00000, 0x0000000710f00000, 0x0000000711000000|  0%| F|  |TAMS 0x0000000710f00000, 0x0000000710f00000| Untracked 
| 132|0x0000000711000000, 0x0000000711000000, 0x0000000711100000|  0%| F|  |TAMS 0x0000000711000000, 0x0000000711000000| Untracked 
| 133|0x0000000711100000, 0x0000000711100000, 0x0000000711200000|  0%| F|  |TAMS 0x0000000711100000, 0x0000000711100000| Untracked 
| 134|0x0000000711200000, 0x0000000711200000, 0x0000000711300000|  0%| F|  |TAMS 0x0000000711200000, 0x0000000711200000| Untracked 
| 135|0x0000000711300000, 0x0000000711300000, 0x0000000711400000|  0%| F|  |TAMS 0x0000000711300000, 0x0000000711300000| Untracked 
| 136|0x0000000711400000, 0x0000000711400000, 0x0000000711500000|  0%| F|  |TAMS 0x0000000711400000, 0x0000000711400000| Untracked 
| 137|0x0000000711500000, 0x0000000711500000, 0x0000000711600000|  0%| F|  |TAMS 0x0000000711500000, 0x0000000711500000| Untracked 
| 138|0x0000000711600000, 0x0000000711600000, 0x0000000711700000|  0%| F|  |TAMS 0x0000000711600000, 0x0000000711600000| Untracked 
| 139|0x0000000711700000, 0x0000000711700000, 0x0000000711800000|  0%| F|  |TAMS 0x0000000711700000, 0x0000000711700000| Untracked 
| 140|0x0000000711800000, 0x0000000711800000, 0x0000000711900000|  0%| F|  |TAMS 0x0000000711800000, 0x0000000711800000| Untracked 
| 141|0x0000000711900000, 0x0000000711900000, 0x0000000711a00000|  0%| F|  |TAMS 0x0000000711900000, 0x0000000711900000| Untracked 
| 142|0x0000000711a00000, 0x0000000711a00000, 0x0000000711b00000|  0%| F|  |TAMS 0x0000000711a00000, 0x0000000711a00000| Untracked 
| 143|0x0000000711b00000, 0x0000000711b00000, 0x0000000711c00000|  0%| F|  |TAMS 0x0000000711b00000, 0x0000000711b00000| Untracked 
| 144|0x0000000711c00000, 0x0000000711c00000, 0x0000000711d00000|  0%| F|  |TAMS 0x0000000711c00000, 0x0000000711c00000| Untracked 
| 145|0x0000000711d00000, 0x0000000711d00000, 0x0000000711e00000|  0%| F|  |TAMS 0x0000000711d00000, 0x0000000711d00000| Untracked 
| 146|0x0000000711e00000, 0x0000000711e00000, 0x0000000711f00000|  0%| F|  |TAMS 0x0000000711e00000, 0x0000000711e00000| Untracked 
| 147|0x0000000711f00000, 0x0000000711f00000, 0x0000000712000000|  0%| F|  |TAMS 0x0000000711f00000, 0x0000000711f00000| Untracked 
| 148|0x0000000712000000, 0x0000000712000000, 0x0000000712100000|  0%| F|  |TAMS 0x0000000712000000, 0x0000000712000000| Untracked 
| 149|0x0000000712100000, 0x0000000712100000, 0x0000000712200000|  0%| F|  |TAMS 0x0000000712100000, 0x0000000712100000| Untracked 
| 150|0x0000000712200000, 0x0000000712200000, 0x0000000712300000|  0%| F|  |TAMS 0x0000000712200000, 0x0000000712200000| Untracked 
| 151|0x0000000712300000, 0x0000000712300000, 0x0000000712400000|  0%| F|  |TAMS 0x0000000712300000, 0x0000000712300000| Untracked 
| 152|0x0000000712400000, 0x0000000712400000, 0x0000000712500000|  0%| F|  |TAMS 0x0000000712400000, 0x0000000712400000| Untracked 
| 153|0x0000000712500000, 0x0000000712500000, 0x0000000712600000|  0%| F|  |TAMS 0x0000000712500000, 0x0000000712500000| Untracked 
| 154|0x0000000712600000, 0x0000000712600000, 0x0000000712700000|  0%| F|  |TAMS 0x0000000712600000, 0x0000000712600000| Untracked 
| 155|0x0000000712700000, 0x0000000712700000, 0x0000000712800000|  0%| F|  |TAMS 0x0000000712700000, 0x0000000712700000| Untracked 
| 156|0x0000000712800000, 0x0000000712800000, 0x0000000712900000|  0%| F|  |TAMS 0x0000000712800000, 0x0000000712800000| Untracked 
| 157|0x0000000712900000, 0x0000000712900000, 0x0000000712a00000|  0%| F|  |TAMS 0x0000000712900000, 0x0000000712900000| Untracked 
| 158|0x0000000712a00000, 0x0000000712a00000, 0x0000000712b00000|  0%| F|  |TAMS 0x0000000712a00000, 0x0000000712a00000| Untracked 
| 159|0x0000000712b00000, 0x0000000712b00000, 0x0000000712c00000|  0%| F|  |TAMS 0x0000000712b00000, 0x0000000712b00000| Untracked 
| 160|0x0000000712c00000, 0x0000000712c00000, 0x0000000712d00000|  0%| F|  |TAMS 0x0000000712c00000, 0x0000000712c00000| Untracked 
| 161|0x0000000712d00000, 0x0000000712d00000, 0x0000000712e00000|  0%| F|  |TAMS 0x0000000712d00000, 0x0000000712d00000| Untracked 
| 162|0x0000000712e00000, 0x0000000712e00000, 0x0000000712f00000|  0%| F|  |TAMS 0x0000000712e00000, 0x0000000712e00000| Untracked 
| 163|0x0000000712f00000, 0x0000000712f00000, 0x0000000713000000|  0%| F|  |TAMS 0x0000000712f00000, 0x0000000712f00000| Untracked 
| 164|0x0000000713000000, 0x0000000713000000, 0x0000000713100000|  0%| F|  |TAMS 0x0000000713000000, 0x0000000713000000| Untracked 
| 165|0x0000000713100000, 0x0000000713100000, 0x0000000713200000|  0%| F|  |TAMS 0x0000000713100000, 0x0000000713100000| Untracked 
| 166|0x0000000713200000, 0x0000000713200000, 0x0000000713300000|  0%| F|  |TAMS 0x0000000713200000, 0x0000000713200000| Untracked 
| 167|0x0000000713300000, 0x0000000713300000, 0x0000000713400000|  0%| F|  |TAMS 0x0000000713300000, 0x0000000713300000| Untracked 
| 168|0x0000000713400000, 0x0000000713400000, 0x0000000713500000|  0%| F|  |TAMS 0x0000000713400000, 0x0000000713400000| Untracked 
| 169|0x0000000713500000, 0x0000000713500000, 0x0000000713600000|  0%| F|  |TAMS 0x0000000713500000, 0x0000000713500000| Untracked 
| 170|0x0000000713600000, 0x0000000713600000, 0x0000000713700000|  0%| F|  |TAMS 0x0000000713600000, 0x0000000713600000| Untracked 
| 171|0x0000000713700000, 0x0000000713700000, 0x0000000713800000|  0%| F|  |TAMS 0x0000000713700000, 0x0000000713700000| Untracked 
| 172|0x0000000713800000, 0x0000000713800000, 0x0000000713900000|  0%| F|  |TAMS 0x0000000713800000, 0x0000000713800000| Untracked 
| 173|0x0000000713900000, 0x0000000713900000, 0x0000000713a00000|  0%| F|  |TAMS 0x0000000713900000, 0x0000000713900000| Untracked 
| 174|0x0000000713a00000, 0x0000000713a00000, 0x0000000713b00000|  0%| F|  |TAMS 0x0000000713a00000, 0x0000000713a00000| Untracked 
| 175|0x0000000713b00000, 0x0000000713b00000, 0x0000000713c00000|  0%| F|  |TAMS 0x0000000713b00000, 0x0000000713b00000| Untracked 
| 176|0x0000000713c00000, 0x0000000713c00000, 0x0000000713d00000|  0%| F|  |TAMS 0x0000000713c00000, 0x0000000713c00000| Untracked 
| 177|0x0000000713d00000, 0x0000000713d00000, 0x0000000713e00000|  0%| F|  |TAMS 0x0000000713d00000, 0x0000000713d00000| Untracked 
| 178|0x0000000713e00000, 0x0000000713e00000, 0x0000000713f00000|  0%| F|  |TAMS 0x0000000713e00000, 0x0000000713e00000| Untracked 
| 179|0x0000000713f00000, 0x0000000713f00000, 0x0000000714000000|  0%| F|  |TAMS 0x0000000713f00000, 0x0000000713f00000| Untracked 
| 180|0x0000000714000000, 0x0000000714000000, 0x0000000714100000|  0%| F|  |TAMS 0x0000000714000000, 0x0000000714000000| Untracked 
| 181|0x0000000714100000, 0x0000000714100000, 0x0000000714200000|  0%| F|  |TAMS 0x0000000714100000, 0x0000000714100000| Untracked 
| 182|0x0000000714200000, 0x0000000714200000, 0x0000000714300000|  0%| F|  |TAMS 0x0000000714200000, 0x0000000714200000| Untracked 
| 183|0x0000000714300000, 0x0000000714300000, 0x0000000714400000|  0%| F|  |TAMS 0x0000000714300000, 0x0000000714300000| Untracked 
| 184|0x0000000714400000, 0x0000000714400000, 0x0000000714500000|  0%| F|  |TAMS 0x0000000714400000, 0x0000000714400000| Untracked 
| 185|0x0000000714500000, 0x0000000714500000, 0x0000000714600000|  0%| F|  |TAMS 0x0000000714500000, 0x0000000714500000| Untracked 
| 186|0x0000000714600000, 0x0000000714600000, 0x0000000714700000|  0%| F|  |TAMS 0x0000000714600000, 0x0000000714600000| Untracked 
| 187|0x0000000714700000, 0x0000000714700000, 0x0000000714800000|  0%| F|  |TAMS 0x0000000714700000, 0x0000000714700000| Untracked 
| 188|0x0000000714800000, 0x0000000714800000, 0x0000000714900000|  0%| F|  |TAMS 0x0000000714800000, 0x0000000714800000| Untracked 
| 189|0x0000000714900000, 0x0000000714900000, 0x0000000714a00000|  0%| F|  |TAMS 0x0000000714900000, 0x0000000714900000| Untracked 
| 190|0x0000000714a00000, 0x0000000714a00000, 0x0000000714b00000|  0%| F|  |TAMS 0x0000000714a00000, 0x0000000714a00000| Untracked 
| 191|0x0000000714b00000, 0x0000000714b00000, 0x0000000714c00000|  0%| F|  |TAMS 0x0000000714b00000, 0x0000000714b00000| Untracked 
| 192|0x0000000714c00000, 0x0000000714c00000, 0x0000000714d00000|  0%| F|  |TAMS 0x0000000714c00000, 0x0000000714c00000| Untracked 
| 193|0x0000000714d00000, 0x0000000714d00000, 0x0000000714e00000|  0%| F|  |TAMS 0x0000000714d00000, 0x0000000714d00000| Untracked 
| 194|0x0000000714e00000, 0x0000000714e00000, 0x0000000714f00000|  0%| F|  |TAMS 0x0000000714e00000, 0x0000000714e00000| Untracked 
| 195|0x0000000714f00000, 0x0000000714f00000, 0x0000000715000000|  0%| F|  |TAMS 0x0000000714f00000, 0x0000000714f00000| Untracked 
| 196|0x0000000715000000, 0x0000000715000000, 0x0000000715100000|  0%| F|  |TAMS 0x0000000715000000, 0x0000000715000000| Untracked 
| 197|0x0000000715100000, 0x0000000715100000, 0x0000000715200000|  0%| F|  |TAMS 0x0000000715100000, 0x0000000715100000| Untracked 
| 198|0x0000000715200000, 0x0000000715200000, 0x0000000715300000|  0%| F|  |TAMS 0x0000000715200000, 0x0000000715200000| Untracked 
| 199|0x0000000715300000, 0x0000000715300000, 0x0000000715400000|  0%| F|  |TAMS 0x0000000715300000, 0x0000000715300000| Untracked 
| 200|0x0000000715400000, 0x0000000715400000, 0x0000000715500000|  0%| F|  |TAMS 0x0000000715400000, 0x0000000715400000| Untracked 
| 201|0x0000000715500000, 0x0000000715500000, 0x0000000715600000|  0%| F|  |TAMS 0x0000000715500000, 0x0000000715500000| Untracked 
| 202|0x0000000715600000, 0x0000000715600000, 0x0000000715700000|  0%| F|  |TAMS 0x0000000715600000, 0x0000000715600000| Untracked 
| 203|0x0000000715700000, 0x0000000715700000, 0x0000000715800000|  0%| F|  |TAMS 0x0000000715700000, 0x0000000715700000| Untracked 
| 204|0x0000000715800000, 0x0000000715800000, 0x0000000715900000|  0%| F|  |TAMS 0x0000000715800000, 0x0000000715800000| Untracked 
| 205|0x0000000715900000, 0x0000000715900000, 0x0000000715a00000|  0%| F|  |TAMS 0x0000000715900000, 0x0000000715900000| Untracked 
| 206|0x0000000715a00000, 0x0000000715a00000, 0x0000000715b00000|  0%| F|  |TAMS 0x0000000715a00000, 0x0000000715a00000| Untracked 
| 207|0x0000000715b00000, 0x0000000715b00000, 0x0000000715c00000|  0%| F|  |TAMS 0x0000000715b00000, 0x0000000715b00000| Untracked 
| 208|0x0000000715c00000, 0x0000000715c00000, 0x0000000715d00000|  0%| F|  |TAMS 0x0000000715c00000, 0x0000000715c00000| Untracked 
| 209|0x0000000715d00000, 0x0000000715d00000, 0x0000000715e00000|  0%| F|  |TAMS 0x0000000715d00000, 0x0000000715d00000| Untracked 
| 210|0x0000000715e00000, 0x0000000715e00000, 0x0000000715f00000|  0%| F|  |TAMS 0x0000000715e00000, 0x0000000715e00000| Untracked 
| 211|0x0000000715f00000, 0x0000000715f00000, 0x0000000716000000|  0%| F|  |TAMS 0x0000000715f00000, 0x0000000715f00000| Untracked 
| 212|0x0000000716000000, 0x0000000716000000, 0x0000000716100000|  0%| F|  |TAMS 0x0000000716000000, 0x0000000716000000| Untracked 
| 213|0x0000000716100000, 0x0000000716100000, 0x0000000716200000|  0%| F|  |TAMS 0x0000000716100000, 0x0000000716100000| Untracked 
| 214|0x0000000716200000, 0x0000000716200000, 0x0000000716300000|  0%| F|  |TAMS 0x0000000716200000, 0x0000000716200000| Untracked 
| 215|0x0000000716300000, 0x0000000716300000, 0x0000000716400000|  0%| F|  |TAMS 0x0000000716300000, 0x0000000716300000| Untracked 
| 216|0x0000000716400000, 0x0000000716400000, 0x0000000716500000|  0%| F|  |TAMS 0x0000000716400000, 0x0000000716400000| Untracked 
| 217|0x0000000716500000, 0x0000000716500000, 0x0000000716600000|  0%| F|  |TAMS 0x0000000716500000, 0x0000000716500000| Untracked 
| 218|0x0000000716600000, 0x0000000716600000, 0x0000000716700000|  0%| F|  |TAMS 0x0000000716600000, 0x0000000716600000| Untracked 
| 219|0x0000000716700000, 0x0000000716700000, 0x0000000716800000|  0%| F|  |TAMS 0x0000000716700000, 0x0000000716700000| Untracked 
| 220|0x0000000716800000, 0x0000000716800000, 0x0000000716900000|  0%| F|  |TAMS 0x0000000716800000, 0x0000000716800000| Untracked 
| 221|0x0000000716900000, 0x0000000716900000, 0x0000000716a00000|  0%| F|  |TAMS 0x0000000716900000, 0x0000000716900000| Untracked 
| 222|0x0000000716a00000, 0x0000000716a00000, 0x0000000716b00000|  0%| F|  |TAMS 0x0000000716a00000, 0x0000000716a00000| Untracked 
| 223|0x0000000716b00000, 0x0000000716b00000, 0x0000000716c00000|  0%| F|  |TAMS 0x0000000716b00000, 0x0000000716b00000| Untracked 
| 224|0x0000000716c00000, 0x0000000716c00000, 0x0000000716d00000|  0%| F|  |TAMS 0x0000000716c00000, 0x0000000716c00000| Untracked 
| 225|0x0000000716d00000, 0x0000000716d00000, 0x0000000716e00000|  0%| F|  |TAMS 0x0000000716d00000, 0x0000000716d00000| Untracked 
| 226|0x0000000716e00000, 0x0000000716e00000, 0x0000000716f00000|  0%| F|  |TAMS 0x0000000716e00000, 0x0000000716e00000| Untracked 
| 227|0x0000000716f00000, 0x0000000716f00000, 0x0000000717000000|  0%| F|  |TAMS 0x0000000716f00000, 0x0000000716f00000| Untracked 
| 228|0x0000000717000000, 0x0000000717000000, 0x0000000717100000|  0%| F|  |TAMS 0x0000000717000000, 0x0000000717000000| Untracked 
| 229|0x0000000717100000, 0x0000000717100000, 0x0000000717200000|  0%| F|  |TAMS 0x0000000717100000, 0x0000000717100000| Untracked 
| 230|0x0000000717200000, 0x0000000717200000, 0x0000000717300000|  0%| F|  |TAMS 0x0000000717200000, 0x0000000717200000| Untracked 
| 231|0x0000000717300000, 0x0000000717300000, 0x0000000717400000|  0%| F|  |TAMS 0x0000000717300000, 0x0000000717300000| Untracked 
| 232|0x0000000717400000, 0x0000000717400000, 0x0000000717500000|  0%| F|  |TAMS 0x0000000717400000, 0x0000000717400000| Untracked 
| 233|0x0000000717500000, 0x0000000717500000, 0x0000000717600000|  0%| F|  |TAMS 0x0000000717500000, 0x0000000717500000| Untracked 
| 234|0x0000000717600000, 0x0000000717600000, 0x0000000717700000|  0%| F|  |TAMS 0x0000000717600000, 0x0000000717600000| Untracked 
| 235|0x0000000717700000, 0x0000000717700000, 0x0000000717800000|  0%| F|  |TAMS 0x0000000717700000, 0x0000000717700000| Untracked 
| 236|0x0000000717800000, 0x0000000717800000, 0x0000000717900000|  0%| F|  |TAMS 0x0000000717800000, 0x0000000717800000| Untracked 
| 237|0x0000000717900000, 0x0000000717983c10, 0x0000000717a00000| 51%| E|  |TAMS 0x0000000717900000, 0x0000000717900000| Complete 
| 238|0x0000000717a00000, 0x0000000717b00000, 0x0000000717b00000|100%| E|CS|TAMS 0x0000000717a00000, 0x0000000717a00000| Complete 
| 239|0x0000000717b00000, 0x0000000717c00000, 0x0000000717c00000|100%| E|CS|TAMS 0x0000000717b00000, 0x0000000717b00000| Complete 
| 240|0x0000000717c00000, 0x0000000717d00000, 0x0000000717d00000|100%| E|CS|TAMS 0x0000000717c00000, 0x0000000717c00000| Complete 
| 241|0x0000000717d00000, 0x0000000717e00000, 0x0000000717e00000|100%| E|CS|TAMS 0x0000000717d00000, 0x0000000717d00000| Complete 
| 242|0x0000000717e00000, 0x0000000717f00000, 0x0000000717f00000|100%| E|CS|TAMS 0x0000000717e00000, 0x0000000717e00000| Complete 
| 243|0x0000000717f00000, 0x0000000718000000, 0x0000000718000000|100%| E|CS|TAMS 0x0000000717f00000, 0x0000000717f00000| Complete 
| 244|0x0000000718000000, 0x0000000718100000, 0x0000000718100000|100%| E|CS|TAMS 0x0000000718000000, 0x0000000718000000| Complete 
| 245|0x0000000718100000, 0x0000000718200000, 0x0000000718200000|100%| E|CS|TAMS 0x0000000718100000, 0x0000000718100000| Complete 
| 246|0x0000000718200000, 0x0000000718300000, 0x0000000718300000|100%| E|CS|TAMS 0x0000000718200000, 0x0000000718200000| Complete 
| 247|0x0000000718300000, 0x0000000718400000, 0x0000000718400000|100%| E|CS|TAMS 0x0000000718300000, 0x0000000718300000| Complete 
|2930|0x00000007bfe00000, 0x00000007bfe48000, 0x00000007bff00000| 28%|OA|  |TAMS 0x00000007bfe00000, 0x00000007bfe00000| Untracked 
|2931|0x00000007bff00000, 0x00000007bff6c000, 0x00000007c0000000| 42%|CA|  |TAMS 0x00000007bff00000, 0x00000007bff00000| Untracked 

Card table byte_map: [0x0000719464e7c000,0x0000719465636000] _byte_map_base: 0x0000719461636000

Marking Bits (Prev, Next): (CMBitMap*) 0x000071946007d158, (CMBitMap*) 0x000071946007d190
 Prev Bits: [0x0000719440230000, 0x0000719444000000)
 Next Bits: [0x000071943c460000, 0x0000719440230000)

Polling page: 0x00007194689ca000

Metaspace:

Usage:
  Non-class:      5.87 MB capacity,     3.42 MB ( 58%) used,     2.44 MB ( 42%) free+waste,     8.56 KB ( <1%) overhead. 
      Class:    707.00 KB capacity,   414.11 KB ( 59%) used,   288.39 KB ( 41%) free+waste,     4.50 KB ( <1%) overhead. 
       Both:      6.56 MB capacity,     3.82 MB ( 58%) used,     2.72 MB ( 42%) free+waste,    13.06 KB ( <1%) overhead. 

Virtual space:
  Non-class space:        8.00 MB reserved,       6.00 MB ( 75%) committed 
      Class space:        1.00 GB reserved,     768.00 KB ( <1%) committed 
             Both:        1.01 GB reserved,       6.75 MB ( <1%) committed 

Chunk freelists:
   Non-Class:  28.00 KB
       Class:  0 bytes
        Both:  28.00 KB

MaxMetaspaceSize: unlimited
CompressedClassSpaceSize: 1.00 GB
Initial GC threshold: 20.80 MB
Current GC threshold: 20.80 MB
CDS: on

CodeHeap 'non-profiled nmethods': size=119172Kb used=240Kb max_used=240Kb free=118932Kb
 bounds [0x000071945019f000, 0x000071945040f000, 0x0000719457600000]
CodeHeap 'profiled nmethods': size=119168Kb used=1905Kb max_used=1905Kb free=117262Kb
 bounds [0x0000719448d3f000, 0x0000719448faf000, 0x000071945019f000]
CodeHeap 'non-nmethods': size=7420Kb used=2276Kb max_used=2293Kb free=5143Kb
 bounds [0x0000719448600000, 0x0000719448870000, 0x0000719448d3f000]
 total_blobs=1388 nmethods=978 adapters=322
 compilation: enabled
              stopped_count=0, restarted_count=0
 full_count=0

Compilation events (20 events):
Event: 0.163 Thread 0x00007194601fa000 nmethod 959 0x0000719448f12410 code [0x0000719448f125c0, 0x0000719448f126f0]
Event: 0.163 Thread 0x00007194601fa000  960       3       java.lang.invoke.InvokerBytecodeGenerator::emitStaticInvoke (258 bytes)
Event: 0.163 Thread 0x00007194081aa000 nmethod 965 0x0000719448f12790 code [0x0000719448f12960, 0x0000719448f12c50]
Event: 0.163 Thread 0x00007194081aa000  967       3       java.lang.invoke.LambdaForm$Name::newIndex (16 bytes)
Event: 0.163 Thread 0x00007194081aa000 nmethod 967 0x0000719448f12d90 code [0x0000719448f12f60, 0x0000719448f131e0]
Event: 0.163 Thread 0x00007194081aa000  968       3       jdk.internal.org.objectweb.asm.Frame::pop (45 bytes)
Event: 0.163 Thread 0x00007194081aa000 nmethod 968 0x0000719448f13290 code [0x0000719448f13440, 0x0000719448f135d0]
Event: 0.163 Thread 0x00007194102a6800  971       4       java.lang.String::checkBoundsBeginEnd (60 bytes)
Event: 0.163 Thread 0x00007194601fa000 nmethod 960 0x0000719448f13690 code [0x0000719448f139a0, 0x0000719448f14860]
Event: 0.163 Thread 0x00007194601fa000  972       3       jdk.internal.org.objectweb.asm.Frame::set (65 bytes)
Event: 0.164 Thread 0x00007194601f8000  973       4       java.util.ImmutableCollections$ListN::get (7 bytes)
Event: 0.164 Thread 0x00007194601fa000 nmethod 972 0x0000719448f14e10 code [0x0000719448f15000, 0x0000719448f15560]
Event: 0.164 Thread 0x000071940c095800 nmethod 957 0x0000719448f15710 code [0x0000719448f15c80, 0x0000719448f188d0]
Event: 0.164 Thread 0x00007194102a6800 nmethod 971 0x00007194501d9c90 code [0x00007194501d9e20, 0x00007194501d9eb8]
Event: 0.164 Thread 0x00007194601f8000 nmethod 973 0x00007194501d9f90 code [0x00007194501da120, 0x00007194501da1d8]
Event: 0.164 Thread 0x00007194081aa000  974       3       java.lang.invoke.LambdaForm::normalize (322 bytes)
Event: 0.164 Thread 0x00007194601f8000  975       4       java.lang.StringBuilder::toString (35 bytes)
Event: 0.164 Thread 0x000071940c095800  978       3       java.lang.invoke.DirectMethodHandle::internalMemberName (8 bytes)
Event: 0.164 Thread 0x000071940c095800 nmethod 978 0x0000719448f19510 code [0x0000719448f196c0, 0x0000719448f198b0]
Event: 0.164 Thread 0x00007194081aa000 nmethod 974 0x0000719448f19990 code [0x0000719448f19c60, 0x0000719448f1b010]

GC Heap History (0 events):
No events

Deoptimization events (20 events):
Event: 0.113 Thread 0x0000719460015000 DEOPT PACKING pc=0x00007194501af1cc sp=0x00007194685fd020
Event: 0.113 Thread 0x0000719460015000 DEOPT UNPACKING pc=0x0000719448649ea5 sp=0x00007194685fcfa0 mode 2
Event: 0.113 Thread 0x0000719460015000 Uncommon trap: trap_request=0xffffffbe fr.pc=0x00007194501af1cc relative=0x000000000000040c
Event: 0.113 Thread 0x0000719460015000 Uncommon trap: reason=profile_predicate action=maybe_recompile pc=0x00007194501af1cc method=java.lang.StringLatin1.indexOf([BI[BII)I @ 18 c2
Event: 0.113 Thread 0x0000719460015000 DEOPT PACKING pc=0x00007194501af1cc sp=0x00007194685fd020
Event: 0.113 Thread 0x0000719460015000 DEOPT UNPACKING pc=0x0000719448649ea5 sp=0x00007194685fcfa0 mode 2
Event: 0.118 Thread 0x0000719460015000 DEOPT PACKING pc=0x0000719448d93230 sp=0x00007194685fa6d0
Event: 0.118 Thread 0x0000719460015000 DEOPT UNPACKING pc=0x000071944864a64a sp=0x00007194685f9b48 mode 0
Event: 0.126 Thread 0x0000719460015000 Uncommon trap: trap_request=0xffffff4d fr.pc=0x00007194501c91d0 relative=0x0000000000000410
Event: 0.126 Thread 0x0000719460015000 Uncommon trap: reason=unstable_if action=reinterpret pc=0x00007194501c91d0 method=java.lang.StringLatin1.indexOf([BI[BII)I @ 91 c2
Event: 0.126 Thread 0x0000719460015000 DEOPT PACKING pc=0x00007194501c91d0 sp=0x00007194685fcfc0
Event: 0.126 Thread 0x0000719460015000 DEOPT UNPACKING pc=0x0000719448649ea5 sp=0x00007194685fcf40 mode 2
Event: 0.132 Thread 0x0000719460015000 DEOPT PACKING pc=0x0000719448e51c62 sp=0x00007194685fd690
Event: 0.132 Thread 0x0000719460015000 DEOPT UNPACKING pc=0x000071944864a64a sp=0x00007194685fcb28 mode 0
Event: 0.142 Thread 0x0000719460015000 DEOPT PACKING pc=0x0000719448d656cf sp=0x00007194685fd4f0
Event: 0.142 Thread 0x0000719460015000 DEOPT UNPACKING pc=0x000071944864a64a sp=0x00007194685fc998 mode 0
Event: 0.143 Thread 0x0000719460015000 DEOPT PACKING pc=0x0000719448d656cf sp=0x00007194685fd5f0
Event: 0.143 Thread 0x0000719460015000 DEOPT UNPACKING pc=0x000071944864a64a sp=0x00007194685fca98 mode 0
Event: 0.144 Thread 0x0000719460015000 DEOPT PACKING pc=0x0000719448d656cf sp=0x00007194685fd510
Event: 0.144 Thread 0x0000719460015000 DEOPT UNPACKING pc=0x000071944864a64a sp=0x00007194685fc9b8 mode 0

Classes redefined (0 events):
No events

Internal exceptions (20 events):
Event: 0.028 Thread 0x0000719460015000 Exception <a 'java/security/PrivilegedActionException'{0x000000071823be58}> (0x000000071823be58) thrown at [./src/hotspot/share/prims/jvm.cpp, line 1304]
Event: 0.028 Thread 0x0000719460015000 Exception <a 'java/security/PrivilegedActionException'{0x000000071823c128}> (0x000000071823c128) thrown at [./src/hotspot/share/prims/jvm.cpp, line 1304]
Event: 0.028 Thread 0x0000719460015000 Exception <a 'java/security/PrivilegedActionException'{0x000000071823cd40}> (0x000000071823cd40) thrown at [./src/hotspot/share/prims/jvm.cpp, line 1304]
Event: 0.028 Thread 0x0000719460015000 Exception <a 'java/security/PrivilegedActionException'{0x000000071823d010}> (0x000000071823d010) thrown at [./src/hotspot/share/prims/jvm.cpp, line 1304]
Event: 0.028 Thread 0x0000719460015000 Exception <a 'java/security/PrivilegedActionException'{0x000000071823dc28}> (0x000000071823dc28) thrown at [./src/hotspot/share/prims/jvm.cpp, line 1304]
Event: 0.028 Thread 0x0000719460015000 Exception <a 'java/security/PrivilegedActionException'{0x000000071823def8}> (0x000000071823def8) thrown at [./src/hotspot/share/prims/jvm.cpp, line 1304]
Event: 0.028 Thread 0x0000719460015000 Exception <a 'java/security/PrivilegedActionException'{0x000000071823eb28}> (0x000000071823eb28) thrown at [./src/hotspot/share/prims/jvm.cpp, line 1304]
Event: 0.028 Thread 0x0000719460015000 Exception <a 'java/security/PrivilegedActionException'{0x000000071823edf8}> (0x000000071823edf8) thrown at [./src/hotspot/share/prims/jvm.cpp, line 1304]
Event: 0.028 Thread 0x0000719460015000 Exception <a 'java/security/PrivilegedActionException'{0x000000071823fa28}> (0x000000071823fa28) thrown at [./src/hotspot/share/prims/jvm.cpp, line 1304]
Event: 0.028 Thread 0x0000719460015000 Exception <a 'java/security/PrivilegedActionException'{0x000000071823fcf8}> (0x000000071823fcf8) thrown at [./src/hotspot/share/prims/jvm.cpp, line 1304]
Event: 0.028 Thread 0x0000719460015000 Exception <a 'java/security/PrivilegedActionException'{0x0000000718240928}> (0x0000000718240928) thrown at [./src/hotspot/share/prims/jvm.cpp, line 1304]
Event: 0.028 Thread 0x0000719460015000 Exception <a 'java/security/PrivilegedActionException'{0x0000000718240bf8}> (0x0000000718240bf8) thrown at [./src/hotspot/share/prims/jvm.cpp, line 1304]
Event: 0.028 Thread 0x0000719460015000 Exception <a 'java/security/PrivilegedActionException'{0x0000000718241810}> (0x0000000718241810) thrown at [./src/hotspot/share/prims/jvm.cpp, line 1304]
Event: 0.028 Thread 0x0000719460015000 Exception <a 'java/security/PrivilegedActionException'{0x0000000718241ae0}> (0x0000000718241ae0) thrown at [./src/hotspot/share/prims/jvm.cpp, line 1304]
Event: 0.028 Thread 0x0000719460015000 Exception <a 'java/security/PrivilegedActionException'{0x0000000718242710}> (0x0000000718242710) thrown at [./src/hotspot/share/prims/jvm.cpp, line 1304]
Event: 0.028 Thread 0x0000719460015000 Exception <a 'java/security/PrivilegedActionException'{0x00000007182429e0}> (0x00000007182429e0) thrown at [./src/hotspot/share/prims/jvm.cpp, line 1304]
Event: 0.108 Thread 0x0000719460015000 Exception <a 'java/lang/NoSuchMethodError'{0x0000000717d357f0}: 'int java.lang.invoke.DirectMethodHandle$Holder.invokeStaticInit(java.lang.Object, java.lang.Object, java.lang.Object, java.lang.Object)'> (0x0000000717d357f0) thrown at [./src/hotspot/share/interpreter/linkResolver.cpp, line 772]
Event: 0.109 Thread 0x0000719460015000 Exception <a 'java/lang/IncompatibleClassChangeError'{0x0000000717d3f958}: Found class java.lang.Object, but interface was expected> (0x0000000717d3f958) thrown at [./src/hotspot/share/interpreter/linkResolver.cpp, line 839]
Event: 0.109 Thread 0x0000719460015000 Exception <a 'java/lang/NoSuchMethodError'{0x0000000717d42ba8}: 'void java.lang.invoke.DirectMethodHandle$Holder.invokeStaticInit(java.lang.Object, java.lang.Object)'> (0x0000000717d42ba8) thrown at [./src/hotspot/share/interpreter/linkResolver.cpp, line 772]
Event: 0.110 Thread 0x0000719460015000 Exception <a 'java/lang/NoSuchMethodError'{0x0000000717d48600}: 'int java.lang.invoke.DirectMethodHandle$Holder.invokeStaticInit(java.lang.Object, java.lang.Object)'> (0x0000000717d48600) thrown at [./src/hotspot/share/interpreter/linkResolver.cpp, line 772]

Events (20 events):
Event: 0.158 loading class org/bytedeco/llvm/LLVM/LLVMPassManagerBuilderRef
Event: 0.158 loading class org/bytedeco/llvm/LLVM/LLVMPassManagerBuilderRef done
Event: 0.158 loading class org/bytedeco/llvm/LLVM/LLVMPassBuilderOptionsRef
Event: 0.158 loading class org/bytedeco/llvm/LLVM/LLVMPassBuilderOptionsRef done
Event: 0.158 loading class org/bytedeco/llvm/LLVM/Pass
Event: 0.158 loading class org/bytedeco/llvm/LLVM/Pass done
Event: 0.158 loading class org/bytedeco/llvm/LLVM/LLVMNamedMDNodeRef
Event: 0.158 loading class org/bytedeco/llvm/LLVM/LLVMNamedMDNodeRef done
Event: 0.158 loading class org/bytedeco/llvm/LLVM/LLVMUseRef
Event: 0.158 loading class org/bytedeco/llvm/LLVM/LLVMUseRef done
Event: 0.158 loading class IRGenerationVisitor
Event: 0.158 loading class IRGenerationVisitor done
Event: 0.160 loading class java/util/stream/ReduceOps$1
Event: 0.160 loading class java/util/stream/ReduceOps$1 done
Event: 0.160 loading class java/util/stream/ReduceOps$1ReducingSink
Event: 0.160 loading class java/util/stream/ReduceOps$1ReducingSink done
Event: 0.161 loading class org/bytedeco/javacpp/PointerScope
Event: 0.161 loading class org/bytedeco/javacpp/PointerScope done
Event: 0.161 loading class org/bytedeco/javacpp/PointerScope$1
Event: 0.161 loading class org/bytedeco/javacpp/PointerScope$1 done


Dynamic libraries:
708c00000-718400000 rw-p 00000000 00:00 0 
718400000-7bfe00000 ---p 00000000 00:00 0 
7bfe00000-7bfe48000 rw-p 00b14000 08:30 134337                           /usr/lib/jvm/java-11-openjdk-amd64/lib/server/classes.jsa
7bfe48000-7bff00000 rw-p 00000000 00:00 0 
7bff00000-7bff6c000 rw-p 00aa8000 08:30 134337                           /usr/lib/jvm/java-11-openjdk-amd64/lib/server/classes.jsa
7bff6c000-7c0000000 rw-p 00000000 00:00 0 
7c0000000-800000000 ---p 00000000 00:00 0 
800000000-800002000 rwxp 00001000 08:30 134337                           /usr/lib/jvm/java-11-openjdk-amd64/lib/server/classes.jsa
800002000-8003ce000 rw-p 00003000 08:30 134337                           /usr/lib/jvm/java-11-openjdk-amd64/lib/server/classes.jsa
8003ce000-800aa6000 r--p 003cf000 08:30 134337                           /usr/lib/jvm/java-11-openjdk-amd64/lib/server/classes.jsa
800aa6000-800aa7000 rw-p 00aa7000 08:30 134337                           /usr/lib/jvm/java-11-openjdk-amd64/lib/server/classes.jsa
840000000-8400c0000 rw-p 00000000 00:00 0 
8400c0000-880000000 ---p 00000000 00:00 0 
5919ec9ad000-5919ec9ae000 r--p 00000000 08:30 134745                     /usr/lib/jvm/java-11-openjdk-amd64/bin/java
5919ec9ae000-5919ec9af000 r-xp 00001000 08:30 134745                     /usr/lib/jvm/java-11-openjdk-amd64/bin/java
5919ec9af000-5919ec9b0000 r--p 00002000 08:30 134745                     /usr/lib/jvm/java-11-openjdk-amd64/bin/java
5919ec9b0000-5919ec9b1000 r--p 00002000 08:30 134745                     /usr/lib/jvm/java-11-openjdk-amd64/bin/java
5919ec9b1000-5919ec9b2000 rw-p 00003000 08:30 134745                     /usr/lib/jvm/java-11-openjdk-amd64/bin/java
5919f4e42000-5919f4e63000 rw-p 00000000 00:00 0                          [heap]
7193e1400000-7193e1d26000 r--p 00000000 08:30 204242                     /home/crz/.javacpp/cache/llvm-13.0.1-1.5.7-linux-x86_64.jar/org/bytedeco/llvm/linux-x86_64/libLLVM-13.so
7193e1d26000-7193e56e9000 r-xp 00926000 08:30 204242                     /home/crz/.javacpp/cache/llvm-13.0.1-1.5.7-linux-x86_64.jar/org/bytedeco/llvm/linux-x86_64/libLLVM-13.so
7193e56e9000-7193e793e000 r--p 042e9000 08:30 204242                     /home/crz/.javacpp/cache/llvm-13.0.1-1.5.7-linux-x86_64.jar/org/bytedeco/llvm/linux-x86_64/libLLVM-13.so
7193e793e000-7193e7e53000 r--p 0653d000 08:30 204242                     /home/crz/.javacpp/cache/llvm-13.0.1-1.5.7-linux-x86_64.jar/org/bytedeco/llvm/linux-x86_64/libLLVM-13.so
7193e7e53000-7193e7e5e000 rw-p 06a52000 08:30 204242                     /home/crz/.javacpp/cache/llvm-13.0.1-1.5.7-linux-x86_64.jar/org/bytedeco/llvm/linux-x86_64/libLLVM-13.so
7193e7e5e000-7193e7ed4000 rw-p 00000000 00:00 0 
7193e8000000-7193e8021000 rw-p 00000000 00:00 0 
7193e8021000-7193ec000000 ---p 00000000 00:00 0 
7193f0000000-7193f002e000 rw-p 00000000 00:00 0 
7193f002e000-7193f4000000 ---p 00000000 00:00 0 
7193f4000000-7193f4021000 rw-p 00000000 00:00 0 
7193f4021000-7193f8000000 ---p 00000000 00:00 0 
7193fbcfa000-7193fbd5f000 r--p 00000000 08:30 204256                     /home/crz/.javacpp/cache/llvm-13.0.1-1.5.7-linux-x86_64.jar/org/bytedeco/llvm/linux-x86_64/libjniLLVM.so
7193fbd5f000-7193fbdcd000 r-xp 00065000 08:30 204256                     /home/crz/.javacpp/cache/llvm-13.0.1-1.5.7-linux-x86_64.jar/org/bytedeco/llvm/linux-x86_64/libjniLLVM.so
7193fbdcd000-7193fbdf8000 r--p 000d3000 08:30 204256                     /home/crz/.javacpp/cache/llvm-13.0.1-1.5.7-linux-x86_64.jar/org/bytedeco/llvm/linux-x86_64/libjniLLVM.so
7193fbdf8000-7193fbdfb000 r--p 000fd000 08:30 204256                     /home/crz/.javacpp/cache/llvm-13.0.1-1.5.7-linux-x86_64.jar/org/bytedeco/llvm/linux-x86_64/libjniLLVM.so
7193fbdfb000-7193fbdfe000 rw-p 00100000 08:30 204256                     /home/crz/.javacpp/cache/llvm-13.0.1-1.5.7-linux-x86_64.jar/org/bytedeco/llvm/linux-x86_64/libjniLLVM.so
7193fbdfe000-7193fbe00000 rw-p 00000000 00:00 0 
7193fbe00000-7193fbe04000 ---p 00000000 00:00 0 
7193fbe04000-7193fbf00000 rw-p 00000000 00:00 0 
7193fbf00000-7193fbf04000 ---p 00000000 00:00 0 
7193fbf04000-7193fc000000 rw-p 00000000 00:00 0 
7193fc000000-7193fc021000 rw-p 00000000 00:00 0 
7193fc021000-719400000000 ---p 00000000 00:00 0 
719400000000-719400021000 rw-p 00000000 00:00 0 
719400021000-719404000000 ---p 00000000 00:00 0 
719404000000-719404021000 rw-p 00000000 00:00 0 
719404021000-719408000000 ---p 00000000 00:00 0 
719408000000-7194081b6000 rw-p 00000000 00:00 0 
7194081b6000-71940c000000 ---p 00000000 00:00 0 
71940c000000-71940c2b4000 rw-p 00000000 00:00 0 
71940c2b4000-719410000000 ---p 00000000 00:00 0 
719410000000-7194102d8000 rw-p 00000000 00:00 0 
7194102d8000-719414000000 ---p 00000000 00:00 0 
719414000000-719414021000 rw-p 00000000 00:00 0 
719414021000-719418000000 ---p 00000000 00:00 0 
719418000000-719418021000 rw-p 00000000 00:00 0 
719418021000-71941c000000 ---p 00000000 00:00 0 
71941c000000-71941c021000 rw-p 00000000 00:00 0 
71941c021000-719420000000 ---p 00000000 00:00 0 
719420000000-719420021000 rw-p 00000000 00:00 0 
719420021000-719424000000 ---p 00000000 00:00 0 
719424000000-719424021000 rw-p 00000000 00:00 0 
719424021000-719428000000 ---p 00000000 00:00 0 
719428000000-719428021000 rw-p 00000000 00:00 0 
719428021000-71942c000000 ---p 00000000 00:00 0 
71942c000000-71942c021000 rw-p 00000000 00:00 0 
71942c021000-719430000000 ---p 00000000 00:00 0 
719430000000-719430021000 rw-p 00000000 00:00 0 
719430021000-719434000000 ---p 00000000 00:00 0 
7194340ff000-719434103000 ---p 00000000 00:00 0 
719434103000-7194341ff000 rw-p 00000000 00:00 0 
7194341ff000-719434203000 ---p 00000000 00:00 0 
719434203000-7194342ff000 rw-p 00000000 00:00 0 
7194342ff000-719434300000 ---p 00000000 00:00 0 
719434300000-719434400000 rw-p 00000000 00:00 0 
719434400000-719434404000 ---p 00000000 00:00 0 
719434404000-719434500000 rw-p 00000000 00:00 0 
719434500000-719434504000 ---p 00000000 00:00 0 
719434504000-719434600000 rw-p 00000000 00:00 0 
719434600000-719434604000 ---p 00000000 00:00 0 
719434604000-719434700000 rw-p 00000000 00:00 0 
719434700000-719434704000 ---p 00000000 00:00 0 
719434704000-719434800000 rw-p 00000000 00:00 0 
719434800000-719434804000 ---p 00000000 00:00 0 
719434804000-719434900000 rw-p 00000000 00:00 0 
719434900000-719434904000 ---p 00000000 00:00 0 
719434904000-719434a00000 rw-p 00000000 00:00 0 
719434a00000-719434fed000 r--p 00000000 08:30 2460                       /usr/lib/locale/locale-archive
719434ffa000-719434ffe000 ---p 00000000 00:00 0 
719434ffe000-7194350fa000 rw-p 00000000 00:00 0 
7194350fa000-7194350fe000 ---p 00000000 00:00 0 
7194350fe000-7194351fa000 rw-p 00000000 00:00 0 
7194351fa000-7194351fb000 ---p 00000000 00:00 0 
7194351fb000-7194358fb000 rw-p 00000000 00:00 0 
7194358fb000-719435afb000 ---p 00000000 00:00 0 
719435afb000-719435afc000 ---p 00000000 00:00 0 
719435afc000-719435bfc000 rw-p 00000000 00:00 0 
719435bfc000-719435bfd000 ---p 00000000 00:00 0 
719435bfd000-719438000000 rw-p 00000000 00:00 0 
719438000000-719438021000 rw-p 00000000 00:00 0 
719438021000-71943c000000 ---p 00000000 00:00 0 
71943c05c000-71943c840000 rw-p 00000000 00:00 0 
71943c840000-71943f228000 ---p 00000000 00:00 0 
71943f228000-71943f230000 rw-p 00000000 00:00 0 
71943f230000-719440230000 ---p 00000000 00:00 0 
719440230000-719440610000 rw-p 00000000 00:00 0 
719440610000-719442ff8000 ---p 00000000 00:00 0 
719442ff8000-719443000000 rw-p 00000000 00:00 0 
719443000000-719444000000 ---p 00000000 00:00 0 
719444000000-719444021000 rw-p 00000000 00:00 0 
719444021000-719448000000 ---p 00000000 00:00 0 
7194480ca000-719448600000 rw-p 00000000 00:00 0 
719448600000-719448870000 rwxp 00000000 00:00 0 
719448870000-719448d3f000 ---p 00000000 00:00 0 
719448d3f000-719448faf000 rwxp 00000000 00:00 0 
719448faf000-71945019f000 ---p 00000000 00:00 0 
71945019f000-71945040f000 rwxp 00000000 00:00 0 
71945040f000-719457600000 ---p 00000000 00:00 0 
719457600000-71945fe41000 r--s 00000000 08:30 134824                     /usr/lib/jvm/java-11-openjdk-amd64/lib/modules
71945fe42000-71945fe49000 r--p 00000000 08:30 204245                     /home/crz/.javacpp/cache/llvm-13.0.1-1.5.7-linux-x86_64.jar/org/bytedeco/llvm/linux-x86_64/libLTO.so.13
71945fe49000-71945fe51000 r-xp 00007000 08:30 204245                     /home/crz/.javacpp/cache/llvm-13.0.1-1.5.7-linux-x86_64.jar/org/bytedeco/llvm/linux-x86_64/libLTO.so.13
71945fe51000-71945fe53000 r--p 0000f000 08:30 204245                     /home/crz/.javacpp/cache/llvm-13.0.1-1.5.7-linux-x86_64.jar/org/bytedeco/llvm/linux-x86_64/libLTO.so.13
71945fe53000-71945fe54000 r--p 00010000 08:30 204245                     /home/crz/.javacpp/cache/llvm-13.0.1-1.5.7-linux-x86_64.jar/org/bytedeco/llvm/linux-x86_64/libLTO.so.13
71945fe54000-71945fe55000 rw-p 00011000 08:30 204245                     /home/crz/.javacpp/cache/llvm-13.0.1-1.5.7-linux-x86_64.jar/org/bytedeco/llvm/linux-x86_64/libLTO.so.13
71945fe55000-71945fe59000 r--p 00000000 08:30 204229                     /home/crz/.javacpp/cache/javacpp-1.5.7-linux-x86_64.jar/org/bytedeco/javacpp/linux-x86_64/libjnijavacpp.so
71945fe59000-71945fe60000 r-xp 00004000 08:30 204229                     /home/crz/.javacpp/cache/javacpp-1.5.7-linux-x86_64.jar/org/bytedeco/javacpp/linux-x86_64/libjnijavacpp.so
71945fe60000-71945fe64000 r--p 0000b000 08:30 204229                     /home/crz/.javacpp/cache/javacpp-1.5.7-linux-x86_64.jar/org/bytedeco/javacpp/linux-x86_64/libjnijavacpp.so
71945fe64000-71945fe65000 r--p 0000e000 08:30 204229                     /home/crz/.javacpp/cache/javacpp-1.5.7-linux-x86_64.jar/org/bytedeco/javacpp/linux-x86_64/libjnijavacpp.so
71945fe65000-71945fe66000 rw-p 0000f000 08:30 204229                     /home/crz/.javacpp/cache/javacpp-1.5.7-linux-x86_64.jar/org/bytedeco/javacpp/linux-x86_64/libjnijavacpp.so
71945fe66000-71945fe6a000 r--p 00000000 08:30 134814                     /usr/lib/jvm/java-11-openjdk-amd64/lib/libnet.so
71945fe6a000-71945fe78000 r-xp 00004000 08:30 134814                     /usr/lib/jvm/java-11-openjdk-amd64/lib/libnet.so
71945fe78000-71945fe7c000 r--p 00012000 08:30 134814                     /usr/lib/jvm/java-11-openjdk-amd64/lib/libnet.so
71945fe7c000-71945fe7d000 r--p 00015000 08:30 134814                     /usr/lib/jvm/java-11-openjdk-amd64/lib/libnet.so
71945fe7d000-71945fe7e000 rw-p 00016000 08:30 134814                     /usr/lib/jvm/java-11-openjdk-amd64/lib/libnet.so
71945fe7e000-719460000000 rw-p 00000000 00:00 0 
719460000000-719460488000 rw-p 00000000 00:00 0 
719460488000-719464000000 ---p 00000000 00:00 0 
719464002000-7194642c9000 rw-p 00000000 00:00 0 
7194642c9000-7194642ca000 ---p 00000000 00:00 0 
7194642ca000-7194643ca000 rw-p 00000000 00:00 0 
7194643ca000-7194643cb000 ---p 00000000 00:00 0 
7194643cb000-71946473e000 rw-p 00000000 00:00 0 
71946473e000-719464c7b000 ---p 00000000 00:00 0 
719464c7b000-719464c7c000 rw-p 00000000 00:00 0 
719464c7c000-719464e7c000 ---p 00000000 00:00 0 
719464e7c000-719464ef8000 rw-p 00000000 00:00 0 
719464ef8000-719465435000 ---p 00000000 00:00 0 
719465435000-719465436000 rw-p 00000000 00:00 0 
719465436000-719465636000 ---p 00000000 00:00 0 
719465636000-7194656b2000 rw-p 00000000 00:00 0 
7194656b2000-719465bef000 ---p 00000000 00:00 0 
719465bef000-719465bf0000 rw-p 00000000 00:00 0 
719465bf0000-719465df0000 ---p 00000000 00:00 0 
719465df0000-719466cff000 rw-p 00000000 00:00 0 
719466cff000-719466d00000 ---p 00000000 00:00 0 
719466d00000-719466e00000 rw-p 00000000 00:00 0 
719466e00000-719466e9a000 r--p 00000000 08:30 6947                       /usr/lib/x86_64-linux-gnu/libstdc++.so.6.0.30
719466e9a000-719466fab000 r-xp 0009a000 08:30 6947                       /usr/lib/x86_64-linux-gnu/libstdc++.so.6.0.30
719466fab000-71946701a000 r--p 001ab000 08:30 6947                       /usr/lib/x86_64-linux-gnu/libstdc++.so.6.0.30
71946701a000-71946701b000 ---p 0021a000 08:30 6947                       /usr/lib/x86_64-linux-gnu/libstdc++.so.6.0.30
71946701b000-719467026000 r--p 0021a000 08:30 6947                       /usr/lib/x86_64-linux-gnu/libstdc++.so.6.0.30
719467026000-719467029000 rw-p 00225000 08:30 6947                       /usr/lib/x86_64-linux-gnu/libstdc++.so.6.0.30
719467029000-71946702c000 rw-p 00000000 00:00 0 
71946702e000-719467033000 rw-p 00000000 00:00 0 
719467033000-719467117000 ---p 00000000 00:00 0 
719467117000-71946711c000 rw-p 00000000 00:00 0 
71946711c000-719467200000 ---p 00000000 00:00 0 
719467200000-719467483000 r--p 00000000 08:30 134827                     /usr/lib/jvm/java-11-openjdk-amd64/lib/server/libjvm.so
719467483000-71946812e000 r-xp 00283000 08:30 134827                     /usr/lib/jvm/java-11-openjdk-amd64/lib/server/libjvm.so
71946812e000-71946838a000 r--p 00f2e000 08:30 134827                     /usr/lib/jvm/java-11-openjdk-amd64/lib/server/libjvm.so
71946838a000-71946844e000 r--p 01189000 08:30 134827                     /usr/lib/jvm/java-11-openjdk-amd64/lib/server/libjvm.so
71946844e000-719468489000 rw-p 0124d000 08:30 134827                     /usr/lib/jvm/java-11-openjdk-amd64/lib/server/libjvm.so
719468489000-7194684e0000 rw-p 00000000 00:00 0 
7194684e0000-7194684e7000 r--s 00000000 08:30 126817                     /usr/lib/x86_64-linux-gnu/gconv/gconv-modules.cache
7194684e7000-7194684e8000 r--p 00000000 08:30 204251                     /home/crz/.javacpp/cache/llvm-13.0.1-1.5.7-linux-x86_64.jar/org/bytedeco/llvm/linux-x86_64/libRemarks.so.13
7194684e8000-7194684e9000 r-xp 00001000 08:30 204251                     /home/crz/.javacpp/cache/llvm-13.0.1-1.5.7-linux-x86_64.jar/org/bytedeco/llvm/linux-x86_64/libRemarks.so.13
7194684e9000-7194684ea000 r--p 00002000 08:30 204251                     /home/crz/.javacpp/cache/llvm-13.0.1-1.5.7-linux-x86_64.jar/org/bytedeco/llvm/linux-x86_64/libRemarks.so.13
7194684ea000-7194684eb000 r--p 00002000 08:30 204251                     /home/crz/.javacpp/cache/llvm-13.0.1-1.5.7-linux-x86_64.jar/org/bytedeco/llvm/linux-x86_64/libRemarks.so.13
7194684eb000-7194684ec000 rw-p 00003000 08:30 204251                     /home/crz/.javacpp/cache/llvm-13.0.1-1.5.7-linux-x86_64.jar/org/bytedeco/llvm/linux-x86_64/libRemarks.so.13
7194684ec000-7194684f3000 r--p 00000000 08:30 134815                     /usr/lib/jvm/java-11-openjdk-amd64/lib/libnio.so
7194684f3000-7194684fb000 r-xp 00007000 08:30 134815                     /usr/lib/jvm/java-11-openjdk-amd64/lib/libnio.so
7194684fb000-7194684fe000 r--p 0000f000 08:30 134815                     /usr/lib/jvm/java-11-openjdk-amd64/lib/libnio.so
7194684fe000-7194684ff000 r--p 00011000 08:30 134815                     /usr/lib/jvm/java-11-openjdk-amd64/lib/libnio.so
7194684ff000-719468500000 rw-p 00012000 08:30 134815                     /usr/lib/jvm/java-11-openjdk-amd64/lib/libnio.so
719468500000-719468504000 ---p 00000000 00:00 0 
719468504000-719468600000 rw-p 00000000 00:00 0 
719468600000-719468628000 r--p 00000000 08:30 94024                      /usr/lib/x86_64-linux-gnu/libc.so.6
719468628000-7194687bd000 r-xp 00028000 08:30 94024                      /usr/lib/x86_64-linux-gnu/libc.so.6
7194687bd000-719468815000 r--p 001bd000 08:30 94024                      /usr/lib/x86_64-linux-gnu/libc.so.6
719468815000-719468816000 ---p 00215000 08:30 94024                      /usr/lib/x86_64-linux-gnu/libc.so.6
719468816000-71946881a000 r--p 00215000 08:30 94024                      /usr/lib/x86_64-linux-gnu/libc.so.6
71946881a000-71946881c000 rw-p 00219000 08:30 94024                      /usr/lib/x86_64-linux-gnu/libc.so.6
71946881c000-719468829000 rw-p 00000000 00:00 0 
719468829000-71946882a000 r--p 00000000 08:30 94026                      /usr/lib/x86_64-linux-gnu/libdl.so.2
71946882a000-71946882b000 r-xp 00001000 08:30 94026                      /usr/lib/x86_64-linux-gnu/libdl.so.2
71946882b000-71946882c000 r--p 00002000 08:30 94026                      /usr/lib/x86_64-linux-gnu/libdl.so.2
71946882c000-71946882d000 r--p 00002000 08:30 94026                      /usr/lib/x86_64-linux-gnu/libdl.so.2
71946882d000-71946882e000 rw-p 00003000 08:30 94026                      /usr/lib/x86_64-linux-gnu/libdl.so.2
71946882e000-71946882f000 r--p 00000000 08:30 94037                      /usr/lib/x86_64-linux-gnu/libpthread.so.0
71946882f000-719468830000 r-xp 00001000 08:30 94037                      /usr/lib/x86_64-linux-gnu/libpthread.so.0
719468830000-719468831000 r--p 00002000 08:30 94037                      /usr/lib/x86_64-linux-gnu/libpthread.so.0
719468831000-719468832000 r--p 00002000 08:30 94037                      /usr/lib/x86_64-linux-gnu/libpthread.so.0
719468832000-719468833000 rw-p 00003000 08:30 94037                      /usr/lib/x86_64-linux-gnu/libpthread.so.0
719468833000-719468838000 rw-p 00000000 00:00 0 
719468838000-719468842000 ---p 00000000 00:00 0 
719468842000-719468844000 r--p 00000000 08:30 134823                     /usr/lib/jvm/java-11-openjdk-amd64/lib/libzip.so
719468844000-719468849000 r-xp 00002000 08:30 134823                     /usr/lib/jvm/java-11-openjdk-amd64/lib/libzip.so
719468849000-71946884b000 r--p 00007000 08:30 134823                     /usr/lib/jvm/java-11-openjdk-amd64/lib/libzip.so
71946884b000-71946884c000 r--p 00008000 08:30 134823                     /usr/lib/jvm/java-11-openjdk-amd64/lib/libzip.so
71946884c000-71946884d000 rw-p 00009000 08:30 134823                     /usr/lib/jvm/java-11-openjdk-amd64/lib/libzip.so
71946884d000-719468855000 rw-s 00000000 08:30 293160                     /tmp/hsperfdata_crz/54777
719468855000-719468857000 r--p 00000000 08:30 134806                     /usr/lib/jvm/java-11-openjdk-amd64/lib/libjimage.so
719468857000-71946885a000 r-xp 00002000 08:30 134806                     /usr/lib/jvm/java-11-openjdk-amd64/lib/libjimage.so
71946885a000-71946885b000 r--p 00005000 08:30 134806                     /usr/lib/jvm/java-11-openjdk-amd64/lib/libjimage.so
71946885b000-71946885c000 ---p 00006000 08:30 134806                     /usr/lib/jvm/java-11-openjdk-amd64/lib/libjimage.so
71946885c000-71946885d000 r--p 00006000 08:30 134806                     /usr/lib/jvm/java-11-openjdk-amd64/lib/libjimage.so
71946885d000-71946885e000 rw-p 00007000 08:30 134806                     /usr/lib/jvm/java-11-openjdk-amd64/lib/libjimage.so
71946885e000-71946886c000 r--p 00000000 08:30 134803                     /usr/lib/jvm/java-11-openjdk-amd64/lib/libjava.so
71946886c000-719468882000 r-xp 0000e000 08:30 134803                     /usr/lib/jvm/java-11-openjdk-amd64/lib/libjava.so
719468882000-719468889000 r--p 00024000 08:30 134803                     /usr/lib/jvm/java-11-openjdk-amd64/lib/libjava.so
719468889000-71946888a000 r--p 0002a000 08:30 134803                     /usr/lib/jvm/java-11-openjdk-amd64/lib/libjava.so
71946888a000-71946888b000 rw-p 0002b000 08:30 134803                     /usr/lib/jvm/java-11-openjdk-amd64/lib/libjava.so
71946888b000-71946888c000 rw-p 00000000 00:00 0 
71946888c000-71946888d000 r--p 00000000 08:30 94039                      /usr/lib/x86_64-linux-gnu/librt.so.1
71946888d000-71946888e000 r-xp 00001000 08:30 94039                      /usr/lib/x86_64-linux-gnu/librt.so.1
71946888e000-71946888f000 r--p 00002000 08:30 94039                      /usr/lib/x86_64-linux-gnu/librt.so.1
71946888f000-719468890000 r--p 00002000 08:30 94039                      /usr/lib/x86_64-linux-gnu/librt.so.1
719468890000-719468891000 rw-p 00003000 08:30 94039                      /usr/lib/x86_64-linux-gnu/librt.so.1
719468891000-719468894000 r--p 00000000 08:30 6709                       /usr/lib/x86_64-linux-gnu/libgcc_s.so.1
719468894000-7194688ab000 r-xp 00003000 08:30 6709                       /usr/lib/x86_64-linux-gnu/libgcc_s.so.1
7194688ab000-7194688af000 r--p 0001a000 08:30 6709                       /usr/lib/x86_64-linux-gnu/libgcc_s.so.1
7194688af000-7194688b0000 r--p 0001d000 08:30 6709                       /usr/lib/x86_64-linux-gnu/libgcc_s.so.1
7194688b0000-7194688b1000 rw-p 0001e000 08:30 6709                       /usr/lib/x86_64-linux-gnu/libgcc_s.so.1
7194688b1000-7194688bf000 r--p 00000000 08:30 94027                      /usr/lib/x86_64-linux-gnu/libm.so.6
7194688bf000-71946893b000 r-xp 0000e000 08:30 94027                      /usr/lib/x86_64-linux-gnu/libm.so.6
71946893b000-719468996000 r--p 0008a000 08:30 94027                      /usr/lib/x86_64-linux-gnu/libm.so.6
719468996000-719468997000 r--p 000e4000 08:30 94027                      /usr/lib/x86_64-linux-gnu/libm.so.6
719468997000-719468998000 rw-p 000e5000 08:30 94027                      /usr/lib/x86_64-linux-gnu/libm.so.6
719468998000-71946899b000 rw-p 00000000 00:00 0 
71946899b000-71946899e000 r--p 00000000 08:30 134788                     /usr/lib/jvm/java-11-openjdk-amd64/lib/jli/libjli.so
71946899e000-7194689a8000 r-xp 00003000 08:30 134788                     /usr/lib/jvm/java-11-openjdk-amd64/lib/jli/libjli.so
7194689a8000-7194689ab000 r--p 0000d000 08:30 134788                     /usr/lib/jvm/java-11-openjdk-amd64/lib/jli/libjli.so
7194689ab000-7194689ac000 ---p 00010000 08:30 134788                     /usr/lib/jvm/java-11-openjdk-amd64/lib/jli/libjli.so
7194689ac000-7194689ad000 r--p 00010000 08:30 134788                     /usr/lib/jvm/java-11-openjdk-amd64/lib/jli/libjli.so
7194689ad000-7194689ae000 rw-p 00011000 08:30 134788                     /usr/lib/jvm/java-11-openjdk-amd64/lib/jli/libjli.so
7194689ae000-7194689b0000 r--p 00000000 08:30 6997                       /usr/lib/x86_64-linux-gnu/libz.so.1.2.11
7194689b0000-7194689c1000 r-xp 00002000 08:30 6997                       /usr/lib/x86_64-linux-gnu/libz.so.1.2.11
7194689c1000-7194689c7000 r--p 00013000 08:30 6997                       /usr/lib/x86_64-linux-gnu/libz.so.1.2.11
7194689c7000-7194689c8000 ---p 00019000 08:30 6997                       /usr/lib/x86_64-linux-gnu/libz.so.1.2.11
7194689c8000-7194689c9000 r--p 00019000 08:30 6997                       /usr/lib/x86_64-linux-gnu/libz.so.1.2.11
7194689c9000-7194689ca000 rw-p 0001a000 08:30 6997                       /usr/lib/x86_64-linux-gnu/libz.so.1.2.11
7194689ca000-7194689cb000 ---p 00000000 00:00 0 
7194689cb000-7194689cc000 r--p 00000000 00:00 0 
7194689cc000-7194689d1000 r--p 00000000 08:30 134822                     /usr/lib/jvm/java-11-openjdk-amd64/lib/libverify.so
7194689d1000-7194689d8000 r-xp 00005000 08:30 134822                     /usr/lib/jvm/java-11-openjdk-amd64/lib/libverify.so
7194689d8000-7194689da000 r--p 0000c000 08:30 134822                     /usr/lib/jvm/java-11-openjdk-amd64/lib/libverify.so
7194689da000-7194689dc000 r--p 0000d000 08:30 134822                     /usr/lib/jvm/java-11-openjdk-amd64/lib/libverify.so
7194689dc000-7194689dd000 rw-p 0000f000 08:30 134822                     /usr/lib/jvm/java-11-openjdk-amd64/lib/libverify.so
7194689dd000-7194689df000 rw-p 00000000 00:00 0 
7194689df000-7194689e1000 r--p 00000000 08:30 94020                      /usr/lib/x86_64-linux-gnu/ld-linux-x86-64.so.2
7194689e1000-719468a0b000 r-xp 00002000 08:30 94020                      /usr/lib/x86_64-linux-gnu/ld-linux-x86-64.so.2
719468a0b000-719468a16000 r--p 0002c000 08:30 94020                      /usr/lib/x86_64-linux-gnu/ld-linux-x86-64.so.2
719468a17000-719468a19000 r--p 00037000 08:30 94020                      /usr/lib/x86_64-linux-gnu/ld-linux-x86-64.so.2
719468a19000-719468a1b000 rw-p 00039000 08:30 94020                      /usr/lib/x86_64-linux-gnu/ld-linux-x86-64.so.2
7fff3ac40000-7fff3ac62000 rw-p 00000000 00:00 0                          [stack]
7fff3ad74000-7fff3ad78000 r--p 00000000 00:00 0                          [vvar]
7fff3ad78000-7fff3ad7a000 r-xp 00000000 00:00 0                          [vdso]


VM Arguments:
java_command: Main tests/develop_test/2.sysy tests/develop_test/2.ll
java_class_path (initial): ./classes:/usr/local/lib/antlr-4.9.1-complete.jar:/usr/local/lib/llvm-13.0.1-1.5.7.jar:/usr/local/lib/llvm-13.0.1-1.5.7-linux-x86_64.jar:/usr/local/lib/llvm-platform-13.0.1-1.5.7.jar:/usr/local/lib/javacpp-1.5.7-linux-x86_64.jar:/usr/local/lib/javacpp-1.5.7.jar
Launcher Type: SUN_STANDARD

[Global flags]
     intx CICompilerCount                          = 12                                        {product} {ergonomic}
     uint ConcGCThreads                            = 4                                         {product} {ergonomic}
     uint G1ConcRefinementThreads                  = 15                                        {product} {ergonomic}
   size_t G1HeapRegionSize                         = 1048576                                   {product} {ergonomic}
    uintx GCDrainStackTargetSize                   = 64                                        {product} {ergonomic}
   size_t InitialHeapSize                          = 260046848                                 {product} {ergonomic}
   size_t MarkStackSize                            = 4194304                                   {product} {ergonomic}
   size_t MaxHeapSize                              = 4148166656                                {product} {ergonomic}
   size_t MaxNewSize                               = 2488270848                                {product} {ergonomic}
   size_t MinHeapDeltaBytes                        = 1048576                                   {product} {ergonomic}
    uintx NonNMethodCodeHeapSize                   = 7594288                                {pd product} {ergonomic}
    uintx NonProfiledCodeHeapSize                  = 122031976                              {pd product} {ergonomic}
    uintx ProfiledCodeHeapSize                     = 122031976                              {pd product} {ergonomic}
    uintx ReservedCodeCacheSize                    = 251658240                              {pd product} {ergonomic}
     bool SegmentedCodeCache                       = true                                      {product} {ergonomic}
     bool UseCompressedClassPointers               = true                                 {lp64_product} {ergonomic}
     bool UseCompressedOops                        = true                                 {lp64_product} {ergonomic}
     bool UseG1GC                                  = true                                      {product} {ergonomic}

Logging:
Log output configuration:
 #0: stdout all=warning uptime,level,tags
 #1: stderr all=off uptime,level,tags

Environment Variables:
CLASSPATH=/usr/local/lib/antlr-4.9.1-complete.jar:/usr/local/lib/llvm-13.0.1-1.5.7.jar:/usr/local/lib/llvm-13.0.1-1.5.7-linux-x86_64.jar:/usr/local/lib/llvm-platform-13.0.1-1.5.7.jar:/usr/local/lib/javacpp-1.5.7-linux-x86_64.jar:/usr/local/lib/javacpp-1.5.7.jar
PATH=/home/crz/.local/bin:/home/crz/.cargo/bin:/home/crz/.local/bin:~/my_script:/usr/local/sbin:/usr/local/bin:/usr/sbin:/usr/bin:/sbin:/bin:/usr/games:/usr/local/games:/usr/lib/wsl/lib:/mnt/c/Program Files/Java/jdk-21/bin:/mnt/c/Program Files/Common Files/Oracle/Java/javapath:/mnt/e/vmware/bin/:/mnt/c/Program Files (x86)/Common Files/Oracle/Java/java8path:/mnt/c/Program Files (x86)/Common Files/Oracle/Java/javapath:/mnt/c/Windows/system32:/mnt/c/Windows:/mnt/c/Windows/System32/Wbem:/mnt/c/Windows/System32/WindowsPowerShell/v1.0/:/mnt/c/Windows/System32/OpenSSH/:/mnt/c/Users/crz/Downloads/winlibs-x86_64-posix-seh-gcc-12.3.0-llvm-16.0.4-mingw-w64ucrt-11.0.0-r1.zip/mingw64/bin:/mnt/d/mingw64/bin:/mnt/d/Git/cmd:/mnt/c/Program Files/dotnet/:/mnt/e/SDL-CPLproj/SDL2/mingw(CLion+VSC)/SDL2-2.26.0-allinone/x86_64-w64-mingw32/bin:/mnt/c/Program Files/Cloudflare/Cloudflare WARP/:/mnt/c/Users/crz/AppData/Local/Programs/Python/Python311/Lib/site-packages/pyecharts:/mnt/c/Program Files/MATLAB/R2023a/runtime/win64:/mnt/c/Program Files/MATLAB/R2023a/bin:/mnt/c/Program Files/gs/gs10.03.1/bin:/mnt/e/:/mnt/e/bitvise-ssh:/mnt/d/:/mnt/c/ProgramData/chocolatey/bin:/mnt/c/Program Files/MySQL/MySQL Server 8.0/bin:/mnt/c/Program Files/MySQL/MySQL Shell 8.0/bin/:/mnt/e/anaconda3:/mnt/e/anaconda3/Library/mingw-w64/bin:/mnt/e/anaconda3/Library/usr/bin:/mnt/e/anaconda3/Library/bin:/mnt/e/anaconda3/Scripts:/mnt/c/Users/crz/AppData/Local/Microsoft/WindowsApps:/mnt/e/Microsoft VS Code/bin:/mnt/e/CLion 2022.3/bin:/mnt/c/Users/crz/AppData/Local/JetBrains/Toolbox/scripts:/mnt/d/PyCharm 2023.3.4/bin:/mnt/d/IntelliJ IDEA 2023.3.4/bin:/mnt/c/Users/crz/anaconda3/Lib/site-packages:/mnt/d/texlive/2024/bin/windows:/mnt/c/Users/crz/AppData/Roaming/npm:/mnt/d/WebStorm 2024.3.2.1/bin:/snap/bin:/mnt/c/Users/crz/AppData/Local/Programs/Microsoft VS Code/bin:/mnt/e/Microsoft\ VS\ Code/bin
SHELL=/bin/bash
DISPLAY=:0.0
HOSTTYPE=x86_64
LANG=en_US.UTF-8
LC_ALL=en_US.UTF-8
TERM=xterm-256color

Signal Handlers:
SIGSEGV: [libjvm.so+0xebbd40], sa_mask[0]=11111111011111111101111111111110, sa_flags=SA_RESTART|SA_SIGINFO
SIGBUS: [libjvm.so+0xebbd40], sa_mask[0]=11111111011111111101111111111110, sa_flags=SA_RESTART|SA_SIGINFO
SIGFPE: [libjvm.so+0xebbd40], sa_mask[0]=11111111011111111101111111111110, sa_flags=SA_RESTART|SA_SIGINFO
SIGPIPE: [libjvm.so+0xbfe040], sa_mask[0]=11111111011111111101111111111110, sa_flags=SA_RESTART|SA_SIGINFO
SIGXFSZ: [libjvm.so+0xbfe040], sa_mask[0]=11111111011111111101111111111110, sa_flags=SA_RESTART|SA_SIGINFO
SIGILL: [libjvm.so+0xebbd40], sa_mask[0]=11111111011111111101111111111110, sa_flags=SA_RESTART|SA_SIGINFO
SIGUSR2: [libjvm.so+0xbfdee0], sa_mask[0]=00000000000000000000000000000000, sa_flags=SA_RESTART|SA_SIGINFO
SIGHUP: [libjvm.so+0xbfe6a0], sa_mask[0]=11111111011111111101111111111110, sa_flags=SA_RESTART|SA_SIGINFO
SIGINT: [libjvm.so+0xbfe6a0], sa_mask[0]=11111111011111111101111111111110, sa_flags=SA_RESTART|SA_SIGINFO
SIGTERM: [libjvm.so+0xbfe6a0], sa_mask[0]=11111111011111111101111111111110, sa_flags=SA_RESTART|SA_SIGINFO
SIGQUIT: [libjvm.so+0xbfe6a0], sa_mask[0]=11111111011111111101111111111110, sa_flags=SA_RESTART|SA_SIGINFO


---------------  S Y S T E M  ---------------

OS:DISTRIB_ID=Ubuntu
DISTRIB_RELEASE=22.04
DISTRIB_CODENAME=jammy
DISTRIB_DESCRIPTION="Ubuntu 22.04.5 LTS"
uname:Linux 6.6.87.2-microsoft-standard-WSL2 #1 SMP PREEMPT_DYNAMIC Thu Jun  5 18:30:46 UTC 2025 x86_64
OS uptime: 0 days 13:06 hours
libc:glibc 2.35 NPTL 2.35 
rlimit (soft/hard): STACK 8192k/infinity , CORE 0k/infinity , NPROC 63245/63245 , NOFILE 1048576/1048576 , AS infinity/infinity , CPU infinity/infinity , DATA infinity/infinity , FSIZE infinity/infinity , MEMLOCK 65536k/65536k
load average:5.79 5.26 3.07

/proc/meminfo:
MemTotal:       16200860 kB
MemFree:        11712952 kB
MemAvailable:   12989808 kB
Buffers:           14032 kB
Cached:          1435380 kB
SwapCached:            0 kB
Active:           490208 kB
Inactive:        3486412 kB
Active(anon):       2728 kB
Inactive(anon):  2567704 kB
Active(file):     487480 kB
Inactive(file):   918708 kB
Unevictable:           0 kB
Mlocked:               0 kB
SwapTotal:       4194304 kB
SwapFree:        4194304 kB
Dirty:                12 kB
Writeback:             0 kB
AnonPages:       2527480 kB
Mapped:          1015188 kB
Shmem:             43224 kB
KReclaimable:     114576 kB
Slab:             222308 kB
SReclaimable:     114576 kB
SUnreclaim:       107732 kB
KernelStack:       10456 kB
PageTables:        17328 kB
SecPageTables:         0 kB
NFS_Unstable:          0 kB
Bounce:                0 kB
WritebackTmp:          0 kB
CommitLimit:    12294732 kB
Committed_AS:    5016072 kB
VmallocTotal:   34359738367 kB
VmallocUsed:       39828 kB
VmallocChunk:          0 kB
Percpu:            14784 kB
HardwareCorrupted:     0 kB
AnonHugePages:         0 kB
ShmemHugePages:        0 kB
ShmemPmdMapped:        0 kB
FileHugePages:         0 kB
FilePmdMapped:         0 kB
Unaccepted:            0 kB
HugePages_Total:       0
HugePages_Free:        0
HugePages_Rsvd:        0
HugePages_Surp:        0
Hugepagesize:       2048 kB
Hugetlb:               0 kB
DirectMap4k:      148480 kB
DirectMap2M:     8062976 kB
DirectMap1G:    16777216 kB

/sys/kernel/mm/transparent_hugepage/enabled:
always [madvise] never
/sys/kernel/mm/transparent_hugepage/defrag (defrag/compaction efforts parameter):
always defer defer+madvise [madvise] never

Process Memory:
Virtual Size: 7197384K (peak: 15576112K)
Resident Set Size: 99268K (peak: 99268K) (anon: 41920K, file: 57348K, shmem: 0K)
Swapped out: 0K
C-Heap outstanding allocations: 43807K, retained: 2920K
glibc malloc tunables: (default)

/proc/sys/kernel/threads-max (system-wide limit on the number of threads):
126490
/proc/sys/vm/max_map_count (maximum number of memory map areas a process may have):
65530
/proc/sys/kernel/pid_max (system-wide limit on number of process identifiers):
4194304

container (cgroup) information:
container_type: cgroupv2
cpu_cpuset_cpus: not supported
cpu_memory_nodes: not supported
active_processor_count: 20
cpu_quota: not supported
cpu_period: not supported
cpu_shares: not supported
memory_limit_in_bytes: not supported
memory_and_swap_limit_in_bytes: not supported
memory_soft_limit_in_bytes: not supported
memory_usage_in_bytes: not supported
memory_max_usage_in_bytes: not supported
memory_swap_current_in_bytes: not supported
memory_swap_max_limit_in_bytes: not supported
maximum number of tasks: not supported
current number of tasks: not supported

Hyper-V virtualization detected
Steal ticks since vm start: 0
Steal ticks percentage since vm start:  0.000

CPU:total 20 (initial active 20) (16 cores per cpu, 2 threads per core) family 6 model 186 stepping 2 microcode 0xffffffff, cmov, cx8, fxsr, mmx, sse, sse2, sse3, ssse3, sse4.1, sse4.2, popcnt, avx, avx2, aes, clmul, erms, 3dnowpref, lzcnt, ht, tsc, tscinvbit, bmi1, bmi2, adx, sha, fma
CPU Model and flags from /proc/cpuinfo:
model name	: 13th Gen Intel(R) Core(TM) i9-13900H
flags		: fpu vme de pse tsc msr pae mce cx8 apic sep mtrr pge mca cmov pat pse36 clflush mmx fxsr sse sse2 ss ht syscall nx pdpe1gb rdtscp lm constant_tsc rep_good nopl xtopology tsc_reliable nonstop_tsc cpuid tsc_known_freq pni pclmulqdq vmx ssse3 fma cx16 pcid sse4_1 sse4_2 x2apic movbe popcnt tsc_deadline_timer aes xsave avx f16c rdrand hypervisor lahf_lm abm 3dnowprefetch ssbd ibrs ibpb stibp ibrs_enhanced tpr_shadow ept vpid ept_ad fsgsbase tsc_adjust bmi1 avx2 smep bmi2 erms invpcid rdseed adx smap clflushopt clwb sha_ni xsaveopt xsavec xgetbv1 xsaves avx_vnni vnmi umip waitpkg gfni vaes vpclmulqdq rdpid movdiri movdir64b fsrm md_clear serialize flush_l1d arch_capabilities
Online cpus:
0-19
Offline cpus:

BIOS frequency limitation:
<Not Available>
Frequency switch latency (ns):
<Not Available>
Available cpu frequencies:
<Not Available>
Current governor:
<Not Available>
Core performance/turbo boost:
<Not Available>

Memory: 4k page, physical 16200860k(11712952k free), swap 4194304k(4194304k free)

vm_info: OpenJDK 64-Bit Server VM (11.0.27+6-post-Ubuntu-0ubuntu122.04) for linux-amd64 JRE (11.0.27+6-post-Ubuntu-0ubuntu122.04), built on Apr 21 2025 05:59:45 by "unknown" with gcc 11.4.0

END.
