#
# A fatal error has been detected by the Java Runtime Environment:
#
#  SIGSEGV (0xb) at pc=0x00007f7d2a150245, pid=37497, tid=37498
#
# JRE version: OpenJDK Runtime Environment (11.0.27+6) (build 11.0.27+6-post-Ubuntu-0ubuntu122.04)
# Java VM: OpenJDK 64-Bit Server VM (11.0.27+6-post-Ubuntu-0ubuntu122.04, mixed mode, sharing, tiered, compressed oops, g1 gc, linux-amd64)
# Problematic frame:
# C  [libLLVM-13.so+0xc24245]  LLVMSetOperand+0x35
#
# Core dump will be written. Default location: Core dumps may be processed with "/wsl-capture-crash %t %E %p %s" (or dumping to /home/crz/compilers/Lab/core.37497)
#
# If you would like to submit a bug report, please visit:
#   https://bugs.launchpad.net/ubuntu/+source/openjdk-lts
# The crash happened outside the Java Virtual Machine in native code.
# See problematic frame for where to report the bug.
#

---------------  S U M M A R Y ------------

Command Line: Main tests/lab6_test/constproptest2.sysy tests/lab6_test/constproptest2.ll

Host: 13th Gen Intel(R) Core(TM) i9-13900H, 20 cores, 15G, Ubuntu 22.04.5 LTS
Time: Wed May 21 13:39:34 2025 CST elapsed time: 0.156406 seconds (0d 0h 0m 0s)

---------------  T H R E A D  ---------------

Current thread (0x00007f7da4015800):  JavaThread "main" [_thread_in_native, id=37498, stack(0x00007f7daa6f8000,0x00007f7daa7f8000)]

Stack: [0x00007f7daa6f8000,0x00007f7daa7f8000],  sp=0x00007f7daa7f6728,  free space=1017k
Native frames: (J=compiled Java code, A=aot compiled Java code, j=interpreted, Vv=VM code, C=native code)
C  [libLLVM-13.so+0xc24245]  LLVMSetOperand+0x35
j  LLVMIROptimization.constprop()V+2553
j  Main.main([Ljava/lang/String;)V+191
v  ~StubRoutines::call_stub
V  [libjvm.so+0x878c93]  JavaCalls::call_helper(JavaValue*, methodHandle const&, JavaCallArguments*, Thread*)+0x373
V  [libjvm.so+0x902a21]  jni_invoke_static(JNIEnv_*, JavaValue*, _jobject*, JNICallType, _jmethodID*, JNI_ArgumentPusher*, Thread*) [clone .constprop.1]+0x341
V  [libjvm.so+0x905e68]  jni_CallStaticVoidMethod+0x168
C  [libjli.so+0x59f1]  JavaMain+0xd71
C  [libjli.so+0x99bd]  ThreadJavaMain+0xd

Java frames: (J=compiled Java code, j=interpreted, Vv=VM code)
j  org.bytedeco.llvm.global.LLVM.LLVMSetOperand(Lorg/bytedeco/llvm/LLVM/LLVMValueRef;ILorg/bytedeco/llvm/LLVM/LLVMValueRef;)V+0
j  LLVMIROptimization.constprop()V+2553
j  Main.main([Ljava/lang/String;)V+191
v  ~StubRoutines::call_stub

siginfo: si_signo: 11 (SIGSEGV), si_code: 128 (SI_KERNEL), si_addr: 0x0000000000000000

Register to memory mapping:

RAX=0x00007f7da44757c0 points into unknown readable memory: 0x00007f7da4479570 | 70 95 47 a4 7d 7f 00 00
RBX={method} {0x00007f7d790be4a8} 'LLVMSetOperand' '(Lorg/bytedeco/llvm/LLVM/LLVMValueRef;ILorg/bytedeco/llvm/LLVM/LLVMValueRef;)V' in 'org/bytedeco/llvm/global/LLVM'
RCX=0x00007f7da447a738 points into unknown readable memory: 0x00007f7da44757c0 | c0 57 47 a4 7d 7f 00 00
RDX=0x0001747865746e6f is an unknown value
RSP=0x00007f7daa7f6728 is pointing into the stack for thread: 0x00007f7da4015800
RBP=0x00007f7daa7f6798 is pointing into the stack for thread: 0x00007f7da4015800
RSI=0x0 is NULL
RDI=0x00007f7da447a1b0 points into unknown readable memory: 0x0001747865746e6f | 6f 6e 74 65 78 74 01 00
R8 =0x00007f7daa7f67b8 is pointing into the stack for thread: 0x00007f7da4015800
R9 =0x00000007178f2088 is an oop: org.bytedeco.llvm.LLVM.LLVMValueRef 
{0x00000007178f2088} - klass: 'org/bytedeco/llvm/LLVM/LLVMValueRef'
 - ---- fields (total size 6 words):
 - private 'deallocator' 'Lorg/bytedeco/javacpp/Pointer$Deallocator;' @12  NULL (0)
 - protected 'address' 'J' @16  409535423737455 (65746e6f 17478)
 - protected 'position' 'J' @24  0 (0 0)
 - protected 'limit' 'J' @32  0 (0 0)
 - protected 'capacity' 'J' @40  0 (0 0)
R10=0x00007f7d295c5fd0: <offset 0x0000000000099fd0> in /home/crz/.javacpp/cache/llvm-13.0.1-1.5.7-linux-x86_64.jar/org/bytedeco/llvm/linux-x86_64/libLLVM-13.so at 0x00007f7d2952c000
R11=0x00007f7d2a150210: LLVMSetOperand+0x0000000000000000 in /home/crz/.javacpp/cache/llvm-13.0.1-1.5.7-linux-x86_64.jar/org/bytedeco/llvm/linux-x86_64/libLLVM-13.so at 0x00007f7d2952c000
R12=0x0 is NULL
R13=0x00007f7d790be4a0 is pointing into metadata
R14=0x00007f7daa7f67c8 is pointing into the stack for thread: 0x00007f7da4015800
R15=0x00007f7da4015800 is a thread


Registers:
RAX=0x00007f7da44757c0, RBX=0x00007f7d790be4a8, RCX=0x00007f7da447a738, RDX=0x0001747865746e6f
RSP=0x00007f7daa7f6728, RBP=0x00007f7daa7f6798, RSI=0x0000000000000000, RDI=0x00007f7da447a1b0
R8 =0x00007f7daa7f67b8, R9 =0x00000007178f2088, R10=0x00007f7d295c5fd0, R11=0x00007f7d2a150210
R12=0x0000000000000000, R13=0x00007f7d790be4a0, R14=0x00007f7daa7f67c8, R15=0x00007f7da4015800
RIP=0x00007f7d2a150245, EFLAGS=0x0000000000010206, CSGSFS=0x002b000000000033, ERR=0x0000000000000000
  TRAPNO=0x000000000000000d

Top of Stack: (sp=0x00007f7daa7f6728)
0x00007f7daa7f6728:   00007f7d8c7cea30 00007f7daa7f6798
0x00007f7daa7f6738:   00007f7d8c7ce770 00007f7da4015800
0x00007f7daa7f6748:   00007f7d8c7ce736 00007f7daa7f6750
0x00007f7daa7f6758:   00007f7d790be4a0 00007f7daa7f67c8 

Instructions: (pc=0x00007f7d2a150245)
0x00007f7d2a150145:   00 83 e8 01 83 f8 01 77 12 48 8b 85 80 00 00 00
0x00007f7d2a150155:   48 83 c4 08 5b 5d c3 0f 1f 40 00 e8 db cf 13 00
0x00007f7d2a150165:   89 de 48 89 c7 8b 45 08 48 29 c6 48 8b 44 f5 00
0x00007f7d2a150175:   48 85 c0 74 db 80 38 01 75 49 48 8b 80 80 00 00
0x00007f7d2a150185:   00 48 83 c4 08 5b 5d c3 0f 1f 00 f6 47 17 40 74
0x00007f7d2a150195:   1a 48 8b 7f f8 89 de 48 c1 e6 05 48 8b 04 37 48
0x00007f7d2a1501a5:   83 c4 08 5b 5d c3 0f 1f 44 00 00 8b 47 14 25 ff
0x00007f7d2a1501b5:   ff ff 07 48 c1 e0 05 48 29 c7 eb d9 0f 1f 80 00
0x00007f7d2a1501c5:   00 00 00 48 83 c4 08 48 89 c6 5b 5d e9 9a cd 0d
0x00007f7d2a1501d5:   00 66 2e 0f 1f 84 00 00 00 00 00 89 f0 f6 47 17
0x00007f7d2a1501e5:   40 74 10 48 8b 7f f8 48 c1 e0 05 48 01 f8 c3 0f
0x00007f7d2a1501f5:   1f 40 00 8b 57 14 48 c1 e0 05 81 e2 ff ff ff 07
0x00007f7d2a150205:   48 c1 e2 05 48 29 d7 48 01 f8 c3 f6 47 17 40 74
0x00007f7d2a150215:   5a 48 8b 7f f8 89 f6 48 c1 e6 05 48 01 f7 48 83
0x00007f7d2a150225:   3f 00 74 14 48 8b 47 08 48 8b 4f 10 48 89 01 48
0x00007f7d2a150235:   85 c0 74 04 48 89 48 10 48 89 17 48 85 d2 74 21
0x00007f7d2a150245:   48 8b 42 08 48 8d 4a 08 48 89 47 08 48 85 c0 74
0x00007f7d2a150255:   08 48 8d 77 08 48 89 70 10 48 89 4f 10 48 89 7a
0x00007f7d2a150265:   08 c3 66 0f 1f 84 00 00 00 00 00 8b 47 14 25 ff
0x00007f7d2a150275:   ff ff 07 48 c1 e0 05 48 29 c7 eb 99 66 2e 0f 1f
0x00007f7d2a150285:   84 00 00 00 00 00 0f 1f 44 00 00 80 7f 10 15 74
0x00007f7d2a150295:   0a 8b 47 14 25 ff ff ff 07 c3 90 48 8b 4f 18 b8
0x00007f7d2a1502a5:   01 00 00 00 0f b6 11 83 ea 01 83 fa 01 76 ea 8b
0x00007f7d2a1502b5:   41 08 c3 0f 1f 84 00 00 00 00 00 e9 7b 8e ff ff
0x00007f7d2a1502c5:   66 2e 0f 1f 84 00 00 00 00 00 90 e9 8b ae ff ff
0x00007f7d2a1502d5:   66 2e 0f 1f 84 00 00 00 00 00 90 e9 4b e4 fe ff
0x00007f7d2a1502e5:   66 2e 0f 1f 84 00 00 00 00 00 90 e9 db e9 fe ff
0x00007f7d2a1502f5:   66 2e 0f 1f 84 00 00 00 00 00 90 31 c0 80 7f 10
0x00007f7d2a150305:   12 0f 96 c0 c3 66 0f 1f 44 00 00 80 7f 10 12 77
0x00007f7d2a150315:   1a 48 83 ec 08 e8 f1 6e fe ff 48 83 c4 08 0f b6
0x00007f7d2a150325:   c0 c3 66 0f 1f 84 00 00 00 00 00 31 c0 c3 66 2e
0x00007f7d2a150335:   0f 1f 84 00 00 00 00 00 0f 1f 00 0f b6 47 10 83 


Stack slot to memory mapping:
stack at sp + 0 slots: 0x00007f7d8c7cea30 is at code_begin+944 in an Interpreter codelet
method entry point (kind = native)  [0x00007f7d8c7ce680, 0x00007f7d8c7cf000]  2432 bytes
stack at sp + 1 slots: 0x00007f7daa7f6798 is pointing into the stack for thread: 0x00007f7da4015800
stack at sp + 2 slots: 0x00007f7d8c7ce770 is at code_begin+240 in an Interpreter codelet
method entry point (kind = native)  [0x00007f7d8c7ce680, 0x00007f7d8c7cf000]  2432 bytes
stack at sp + 3 slots: 0x00007f7da4015800 is a thread
stack at sp + 4 slots: 0x00007f7d8c7ce736 is at code_begin+182 in an Interpreter codelet
method entry point (kind = native)  [0x00007f7d8c7ce680, 0x00007f7d8c7cf000]  2432 bytes
stack at sp + 5 slots: 0x00007f7daa7f6750 is pointing into the stack for thread: 0x00007f7da4015800
stack at sp + 6 slots: 0x00007f7d790be4a0 is pointing into metadata
stack at sp + 7 slots: 0x00007f7daa7f67c8 is pointing into the stack for thread: 0x00007f7da4015800


---------------  P R O C E S S  ---------------

Threads class SMR info:
_java_thread_list=0x00007f7d481d7f70, length=12, elements={
0x00007f7da4015800, 0x00007f7da41ec000, 0x00007f7da41ee800, 0x00007f7da41f4000,
0x00007f7da41f6000, 0x00007f7da41f8000, 0x00007f7da41fa000, 0x00007f7da41fc000,
0x00007f7d5009e000, 0x00007f7da422f000, 0x00007f7da43d5800, 0x00007f7d481d6800
}

Java Threads: ( => current thread )
=>0x00007f7da4015800 JavaThread "main" [_thread_in_native, id=37498, stack(0x00007f7daa6f8000,0x00007f7daa7f8000)]
  0x00007f7da41ec000 JavaThread "Reference Handler" daemon [_thread_blocked, id=37505, stack(0x00007f7d78917000,0x00007f7d78a17000)]
  0x00007f7da41ee800 JavaThread "Finalizer" daemon [_thread_blocked, id=37506, stack(0x00007f7d78817000,0x00007f7d78917000)]
  0x00007f7da41f4000 JavaThread "Signal Dispatcher" daemon [_thread_blocked, id=37507, stack(0x00007f7d7812a000,0x00007f7d7822a000)]
  0x00007f7da41f6000 JavaThread "Service Thread" daemon [_thread_blocked, id=37508, stack(0x00007f7d7802a000,0x00007f7d7812a000)]
  0x00007f7da41f8000 JavaThread "C2 CompilerThread0" daemon [_thread_blocked, id=37509, stack(0x00007f7d57f00000,0x00007f7d58000000)]
  0x00007f7da41fa000 JavaThread "C1 CompilerThread0" daemon [_thread_blocked, id=37510, stack(0x00007f7d57e00000,0x00007f7d57f00000)]
  0x00007f7da41fc000 JavaThread "Sweeper thread" daemon [_thread_blocked, id=37511, stack(0x00007f7d57d00000,0x00007f7d57e00000)]
  0x00007f7d5009e000 JavaThread "C1 CompilerThread1" daemon [_thread_blocked, id=37512, stack(0x00007f7d57c00000,0x00007f7d57d00000)]
  0x00007f7da422f000 JavaThread "Common-Cleaner" daemon [_thread_blocked, id=37514, stack(0x00007f7d579ff000,0x00007f7d57aff000)]
  0x00007f7da43d5800 JavaThread "JavaCPP Deallocator" daemon [_thread_blocked, id=37515, stack(0x00007f7d578ce000,0x00007f7d579ce000)]
  0x00007f7d481d6800 JavaThread "C2 CompilerThread1" daemon [_thread_blocked, id=37516, stack(0x00007f7d577ce000,0x00007f7d578ce000)]

Other Threads:
  0x00007f7da41e9800 VMThread "VM Thread" [stack: 0x00007f7d78a18000,0x00007f7d78b18000] [id=37504]
  0x00007f7da422d000 WatcherThread [stack: 0x00007f7d57b00000,0x00007f7d57c00000] [id=37513]
  0x00007f7da402f800 GCTaskThread "GC Thread#0" [stack: 0x00007f7daa3c8000,0x00007f7daa4c8000] [id=37499]
  0x00007f7da408d800 ConcurrentGCThread "G1 Main Marker" [stack: 0x00007f7da824b000,0x00007f7da834b000] [id=37500]
  0x00007f7da408f800 ConcurrentGCThread "G1 Conc#0" [stack: 0x00007f7da814a000,0x00007f7da824a000] [id=37501]
  0x00007f7da41ab000 ConcurrentGCThread "G1 Refine#0" [stack: 0x00007f7d794f6000,0x00007f7d795f6000] [id=37502]
  0x00007f7da41ac800 ConcurrentGCThread "G1 Young RemSet Sampling" [stack: 0x00007f7d793f5000,0x00007f7d794f5000] [id=37503]

Threads with active compile tasks:

VM state:not at safepoint (normal execution)

VM Mutex/Monitor currently owned by a thread: None

Heap address: 0x0000000708a00000, size: 3958 MB, Compressed Oops mode: Zero based, Oop shift amount: 3
Narrow klass base: 0x0000000800000000, Narrow klass shift: 3
Compressed class space size: 1073741824 Address: 0x0000000840000000

Heap:
 garbage-first heap   total 256000K, used 9936K [0x0000000708a00000, 0x0000000800000000)
  region size 1024K, 10 young (10240K), 0 survivors (0K)
 Metaspace       used 3728K, capacity 6595K, committed 6912K, reserved 1056768K
  class space    used 394K, capacity 686K, committed 768K, reserved 1048576K
Heap Regions: E=young(eden), S=young(survivor), O=old, HS=humongous(starts), HC=humongous(continues), CS=collection set, F=free, A=archive, TAMS=top-at-mark-start (previous, next)
|   0|0x0000000708a00000, 0x0000000708a00000, 0x0000000708b00000|  0%| F|  |TAMS 0x0000000708a00000, 0x0000000708a00000| Untracked 
|   1|0x0000000708b00000, 0x0000000708b00000, 0x0000000708c00000|  0%| F|  |TAMS 0x0000000708b00000, 0x0000000708b00000| Untracked 
|   2|0x0000000708c00000, 0x0000000708c00000, 0x0000000708d00000|  0%| F|  |TAMS 0x0000000708c00000, 0x0000000708c00000| Untracked 
|   3|0x0000000708d00000, 0x0000000708d00000, 0x0000000708e00000|  0%| F|  |TAMS 0x0000000708d00000, 0x0000000708d00000| Untracked 
|   4|0x0000000708e00000, 0x0000000708e00000, 0x0000000708f00000|  0%| F|  |TAMS 0x0000000708e00000, 0x0000000708e00000| Untracked 
|   5|0x0000000708f00000, 0x0000000708f00000, 0x0000000709000000|  0%| F|  |TAMS 0x0000000708f00000, 0x0000000708f00000| Untracked 
|   6|0x0000000709000000, 0x0000000709000000, 0x0000000709100000|  0%| F|  |TAMS 0x0000000709000000, 0x0000000709000000| Untracked 
|   7|0x0000000709100000, 0x0000000709100000, 0x0000000709200000|  0%| F|  |TAMS 0x0000000709100000, 0x0000000709100000| Untracked 
|   8|0x0000000709200000, 0x0000000709200000, 0x0000000709300000|  0%| F|  |TAMS 0x0000000709200000, 0x0000000709200000| Untracked 
|   9|0x0000000709300000, 0x0000000709300000, 0x0000000709400000|  0%| F|  |TAMS 0x0000000709300000, 0x0000000709300000| Untracked 
|  10|0x0000000709400000, 0x0000000709400000, 0x0000000709500000|  0%| F|  |TAMS 0x0000000709400000, 0x0000000709400000| Untracked 
|  11|0x0000000709500000, 0x0000000709500000, 0x0000000709600000|  0%| F|  |TAMS 0x0000000709500000, 0x0000000709500000| Untracked 
|  12|0x0000000709600000, 0x0000000709600000, 0x0000000709700000|  0%| F|  |TAMS 0x0000000709600000, 0x0000000709600000| Untracked 
|  13|0x0000000709700000, 0x0000000709700000, 0x0000000709800000|  0%| F|  |TAMS 0x0000000709700000, 0x0000000709700000| Untracked 
|  14|0x0000000709800000, 0x0000000709800000, 0x0000000709900000|  0%| F|  |TAMS 0x0000000709800000, 0x0000000709800000| Untracked 
|  15|0x0000000709900000, 0x0000000709900000, 0x0000000709a00000|  0%| F|  |TAMS 0x0000000709900000, 0x0000000709900000| Untracked 
|  16|0x0000000709a00000, 0x0000000709a00000, 0x0000000709b00000|  0%| F|  |TAMS 0x0000000709a00000, 0x0000000709a00000| Untracked 
|  17|0x0000000709b00000, 0x0000000709b00000, 0x0000000709c00000|  0%| F|  |TAMS 0x0000000709b00000, 0x0000000709b00000| Untracked 
|  18|0x0000000709c00000, 0x0000000709c00000, 0x0000000709d00000|  0%| F|  |TAMS 0x0000000709c00000, 0x0000000709c00000| Untracked 
|  19|0x0000000709d00000, 0x0000000709d00000, 0x0000000709e00000|  0%| F|  |TAMS 0x0000000709d00000, 0x0000000709d00000| Untracked 
|  20|0x0000000709e00000, 0x0000000709e00000, 0x0000000709f00000|  0%| F|  |TAMS 0x0000000709e00000, 0x0000000709e00000| Untracked 
|  21|0x0000000709f00000, 0x0000000709f00000, 0x000000070a000000|  0%| F|  |TAMS 0x0000000709f00000, 0x0000000709f00000| Untracked 
|  22|0x000000070a000000, 0x000000070a000000, 0x000000070a100000|  0%| F|  |TAMS 0x000000070a000000, 0x000000070a000000| Untracked 
|  23|0x000000070a100000, 0x000000070a100000, 0x000000070a200000|  0%| F|  |TAMS 0x000000070a100000, 0x000000070a100000| Untracked 
|  24|0x000000070a200000, 0x000000070a200000, 0x000000070a300000|  0%| F|  |TAMS 0x000000070a200000, 0x000000070a200000| Untracked 
|  25|0x000000070a300000, 0x000000070a300000, 0x000000070a400000|  0%| F|  |TAMS 0x000000070a300000, 0x000000070a300000| Untracked 
|  26|0x000000070a400000, 0x000000070a400000, 0x000000070a500000|  0%| F|  |TAMS 0x000000070a400000, 0x000000070a400000| Untracked 
|  27|0x000000070a500000, 0x000000070a500000, 0x000000070a600000|  0%| F|  |TAMS 0x000000070a500000, 0x000000070a500000| Untracked 
|  28|0x000000070a600000, 0x000000070a600000, 0x000000070a700000|  0%| F|  |TAMS 0x000000070a600000, 0x000000070a600000| Untracked 
|  29|0x000000070a700000, 0x000000070a700000, 0x000000070a800000|  0%| F|  |TAMS 0x000000070a700000, 0x000000070a700000| Untracked 
|  30|0x000000070a800000, 0x000000070a800000, 0x000000070a900000|  0%| F|  |TAMS 0x000000070a800000, 0x000000070a800000| Untracked 
|  31|0x000000070a900000, 0x000000070a900000, 0x000000070aa00000|  0%| F|  |TAMS 0x000000070a900000, 0x000000070a900000| Untracked 
|  32|0x000000070aa00000, 0x000000070aa00000, 0x000000070ab00000|  0%| F|  |TAMS 0x000000070aa00000, 0x000000070aa00000| Untracked 
|  33|0x000000070ab00000, 0x000000070ab00000, 0x000000070ac00000|  0%| F|  |TAMS 0x000000070ab00000, 0x000000070ab00000| Untracked 
|  34|0x000000070ac00000, 0x000000070ac00000, 0x000000070ad00000|  0%| F|  |TAMS 0x000000070ac00000, 0x000000070ac00000| Untracked 
|  35|0x000000070ad00000, 0x000000070ad00000, 0x000000070ae00000|  0%| F|  |TAMS 0x000000070ad00000, 0x000000070ad00000| Untracked 
|  36|0x000000070ae00000, 0x000000070ae00000, 0x000000070af00000|  0%| F|  |TAMS 0x000000070ae00000, 0x000000070ae00000| Untracked 
|  37|0x000000070af00000, 0x000000070af00000, 0x000000070b000000|  0%| F|  |TAMS 0x000000070af00000, 0x000000070af00000| Untracked 
|  38|0x000000070b000000, 0x000000070b000000, 0x000000070b100000|  0%| F|  |TAMS 0x000000070b000000, 0x000000070b000000| Untracked 
|  39|0x000000070b100000, 0x000000070b100000, 0x000000070b200000|  0%| F|  |TAMS 0x000000070b100000, 0x000000070b100000| Untracked 
|  40|0x000000070b200000, 0x000000070b200000, 0x000000070b300000|  0%| F|  |TAMS 0x000000070b200000, 0x000000070b200000| Untracked 
|  41|0x000000070b300000, 0x000000070b300000, 0x000000070b400000|  0%| F|  |TAMS 0x000000070b300000, 0x000000070b300000| Untracked 
|  42|0x000000070b400000, 0x000000070b400000, 0x000000070b500000|  0%| F|  |TAMS 0x000000070b400000, 0x000000070b400000| Untracked 
|  43|0x000000070b500000, 0x000000070b500000, 0x000000070b600000|  0%| F|  |TAMS 0x000000070b500000, 0x000000070b500000| Untracked 
|  44|0x000000070b600000, 0x000000070b600000, 0x000000070b700000|  0%| F|  |TAMS 0x000000070b600000, 0x000000070b600000| Untracked 
|  45|0x000000070b700000, 0x000000070b700000, 0x000000070b800000|  0%| F|  |TAMS 0x000000070b700000, 0x000000070b700000| Untracked 
|  46|0x000000070b800000, 0x000000070b800000, 0x000000070b900000|  0%| F|  |TAMS 0x000000070b800000, 0x000000070b800000| Untracked 
|  47|0x000000070b900000, 0x000000070b900000, 0x000000070ba00000|  0%| F|  |TAMS 0x000000070b900000, 0x000000070b900000| Untracked 
|  48|0x000000070ba00000, 0x000000070ba00000, 0x000000070bb00000|  0%| F|  |TAMS 0x000000070ba00000, 0x000000070ba00000| Untracked 
|  49|0x000000070bb00000, 0x000000070bb00000, 0x000000070bc00000|  0%| F|  |TAMS 0x000000070bb00000, 0x000000070bb00000| Untracked 
|  50|0x000000070bc00000, 0x000000070bc00000, 0x000000070bd00000|  0%| F|  |TAMS 0x000000070bc00000, 0x000000070bc00000| Untracked 
|  51|0x000000070bd00000, 0x000000070bd00000, 0x000000070be00000|  0%| F|  |TAMS 0x000000070bd00000, 0x000000070bd00000| Untracked 
|  52|0x000000070be00000, 0x000000070be00000, 0x000000070bf00000|  0%| F|  |TAMS 0x000000070be00000, 0x000000070be00000| Untracked 
|  53|0x000000070bf00000, 0x000000070bf00000, 0x000000070c000000|  0%| F|  |TAMS 0x000000070bf00000, 0x000000070bf00000| Untracked 
|  54|0x000000070c000000, 0x000000070c000000, 0x000000070c100000|  0%| F|  |TAMS 0x000000070c000000, 0x000000070c000000| Untracked 
|  55|0x000000070c100000, 0x000000070c100000, 0x000000070c200000|  0%| F|  |TAMS 0x000000070c100000, 0x000000070c100000| Untracked 
|  56|0x000000070c200000, 0x000000070c200000, 0x000000070c300000|  0%| F|  |TAMS 0x000000070c200000, 0x000000070c200000| Untracked 
|  57|0x000000070c300000, 0x000000070c300000, 0x000000070c400000|  0%| F|  |TAMS 0x000000070c300000, 0x000000070c300000| Untracked 
|  58|0x000000070c400000, 0x000000070c400000, 0x000000070c500000|  0%| F|  |TAMS 0x000000070c400000, 0x000000070c400000| Untracked 
|  59|0x000000070c500000, 0x000000070c500000, 0x000000070c600000|  0%| F|  |TAMS 0x000000070c500000, 0x000000070c500000| Untracked 
|  60|0x000000070c600000, 0x000000070c600000, 0x000000070c700000|  0%| F|  |TAMS 0x000000070c600000, 0x000000070c600000| Untracked 
|  61|0x000000070c700000, 0x000000070c700000, 0x000000070c800000|  0%| F|  |TAMS 0x000000070c700000, 0x000000070c700000| Untracked 
|  62|0x000000070c800000, 0x000000070c800000, 0x000000070c900000|  0%| F|  |TAMS 0x000000070c800000, 0x000000070c800000| Untracked 
|  63|0x000000070c900000, 0x000000070c900000, 0x000000070ca00000|  0%| F|  |TAMS 0x000000070c900000, 0x000000070c900000| Untracked 
|  64|0x000000070ca00000, 0x000000070ca00000, 0x000000070cb00000|  0%| F|  |TAMS 0x000000070ca00000, 0x000000070ca00000| Untracked 
|  65|0x000000070cb00000, 0x000000070cb00000, 0x000000070cc00000|  0%| F|  |TAMS 0x000000070cb00000, 0x000000070cb00000| Untracked 
|  66|0x000000070cc00000, 0x000000070cc00000, 0x000000070cd00000|  0%| F|  |TAMS 0x000000070cc00000, 0x000000070cc00000| Untracked 
|  67|0x000000070cd00000, 0x000000070cd00000, 0x000000070ce00000|  0%| F|  |TAMS 0x000000070cd00000, 0x000000070cd00000| Untracked 
|  68|0x000000070ce00000, 0x000000070ce00000, 0x000000070cf00000|  0%| F|  |TAMS 0x000000070ce00000, 0x000000070ce00000| Untracked 
|  69|0x000000070cf00000, 0x000000070cf00000, 0x000000070d000000|  0%| F|  |TAMS 0x000000070cf00000, 0x000000070cf00000| Untracked 
|  70|0x000000070d000000, 0x000000070d000000, 0x000000070d100000|  0%| F|  |TAMS 0x000000070d000000, 0x000000070d000000| Untracked 
|  71|0x000000070d100000, 0x000000070d100000, 0x000000070d200000|  0%| F|  |TAMS 0x000000070d100000, 0x000000070d100000| Untracked 
|  72|0x000000070d200000, 0x000000070d200000, 0x000000070d300000|  0%| F|  |TAMS 0x000000070d200000, 0x000000070d200000| Untracked 
|  73|0x000000070d300000, 0x000000070d300000, 0x000000070d400000|  0%| F|  |TAMS 0x000000070d300000, 0x000000070d300000| Untracked 
|  74|0x000000070d400000, 0x000000070d400000, 0x000000070d500000|  0%| F|  |TAMS 0x000000070d400000, 0x000000070d400000| Untracked 
|  75|0x000000070d500000, 0x000000070d500000, 0x000000070d600000|  0%| F|  |TAMS 0x000000070d500000, 0x000000070d500000| Untracked 
|  76|0x000000070d600000, 0x000000070d600000, 0x000000070d700000|  0%| F|  |TAMS 0x000000070d600000, 0x000000070d600000| Untracked 
|  77|0x000000070d700000, 0x000000070d700000, 0x000000070d800000|  0%| F|  |TAMS 0x000000070d700000, 0x000000070d700000| Untracked 
|  78|0x000000070d800000, 0x000000070d800000, 0x000000070d900000|  0%| F|  |TAMS 0x000000070d800000, 0x000000070d800000| Untracked 
|  79|0x000000070d900000, 0x000000070d900000, 0x000000070da00000|  0%| F|  |TAMS 0x000000070d900000, 0x000000070d900000| Untracked 
|  80|0x000000070da00000, 0x000000070da00000, 0x000000070db00000|  0%| F|  |TAMS 0x000000070da00000, 0x000000070da00000| Untracked 
|  81|0x000000070db00000, 0x000000070db00000, 0x000000070dc00000|  0%| F|  |TAMS 0x000000070db00000, 0x000000070db00000| Untracked 
|  82|0x000000070dc00000, 0x000000070dc00000, 0x000000070dd00000|  0%| F|  |TAMS 0x000000070dc00000, 0x000000070dc00000| Untracked 
|  83|0x000000070dd00000, 0x000000070dd00000, 0x000000070de00000|  0%| F|  |TAMS 0x000000070dd00000, 0x000000070dd00000| Untracked 
|  84|0x000000070de00000, 0x000000070de00000, 0x000000070df00000|  0%| F|  |TAMS 0x000000070de00000, 0x000000070de00000| Untracked 
|  85|0x000000070df00000, 0x000000070df00000, 0x000000070e000000|  0%| F|  |TAMS 0x000000070df00000, 0x000000070df00000| Untracked 
|  86|0x000000070e000000, 0x000000070e000000, 0x000000070e100000|  0%| F|  |TAMS 0x000000070e000000, 0x000000070e000000| Untracked 
|  87|0x000000070e100000, 0x000000070e100000, 0x000000070e200000|  0%| F|  |TAMS 0x000000070e100000, 0x000000070e100000| Untracked 
|  88|0x000000070e200000, 0x000000070e200000, 0x000000070e300000|  0%| F|  |TAMS 0x000000070e200000, 0x000000070e200000| Untracked 
|  89|0x000000070e300000, 0x000000070e300000, 0x000000070e400000|  0%| F|  |TAMS 0x000000070e300000, 0x000000070e300000| Untracked 
|  90|0x000000070e400000, 0x000000070e400000, 0x000000070e500000|  0%| F|  |TAMS 0x000000070e400000, 0x000000070e400000| Untracked 
|  91|0x000000070e500000, 0x000000070e500000, 0x000000070e600000|  0%| F|  |TAMS 0x000000070e500000, 0x000000070e500000| Untracked 
|  92|0x000000070e600000, 0x000000070e600000, 0x000000070e700000|  0%| F|  |TAMS 0x000000070e600000, 0x000000070e600000| Untracked 
|  93|0x000000070e700000, 0x000000070e700000, 0x000000070e800000|  0%| F|  |TAMS 0x000000070e700000, 0x000000070e700000| Untracked 
|  94|0x000000070e800000, 0x000000070e800000, 0x000000070e900000|  0%| F|  |TAMS 0x000000070e800000, 0x000000070e800000| Untracked 
|  95|0x000000070e900000, 0x000000070e900000, 0x000000070ea00000|  0%| F|  |TAMS 0x000000070e900000, 0x000000070e900000| Untracked 
|  96|0x000000070ea00000, 0x000000070ea00000, 0x000000070eb00000|  0%| F|  |TAMS 0x000000070ea00000, 0x000000070ea00000| Untracked 
|  97|0x000000070eb00000, 0x000000070eb00000, 0x000000070ec00000|  0%| F|  |TAMS 0x000000070eb00000, 0x000000070eb00000| Untracked 
|  98|0x000000070ec00000, 0x000000070ec00000, 0x000000070ed00000|  0%| F|  |TAMS 0x000000070ec00000, 0x000000070ec00000| Untracked 
|  99|0x000000070ed00000, 0x000000070ed00000, 0x000000070ee00000|  0%| F|  |TAMS 0x000000070ed00000, 0x000000070ed00000| Untracked 
| 100|0x000000070ee00000, 0x000000070ee00000, 0x000000070ef00000|  0%| F|  |TAMS 0x000000070ee00000, 0x000000070ee00000| Untracked 
| 101|0x000000070ef00000, 0x000000070ef00000, 0x000000070f000000|  0%| F|  |TAMS 0x000000070ef00000, 0x000000070ef00000| Untracked 
| 102|0x000000070f000000, 0x000000070f000000, 0x000000070f100000|  0%| F|  |TAMS 0x000000070f000000, 0x000000070f000000| Untracked 
| 103|0x000000070f100000, 0x000000070f100000, 0x000000070f200000|  0%| F|  |TAMS 0x000000070f100000, 0x000000070f100000| Untracked 
| 104|0x000000070f200000, 0x000000070f200000, 0x000000070f300000|  0%| F|  |TAMS 0x000000070f200000, 0x000000070f200000| Untracked 
| 105|0x000000070f300000, 0x000000070f300000, 0x000000070f400000|  0%| F|  |TAMS 0x000000070f300000, 0x000000070f300000| Untracked 
| 106|0x000000070f400000, 0x000000070f400000, 0x000000070f500000|  0%| F|  |TAMS 0x000000070f400000, 0x000000070f400000| Untracked 
| 107|0x000000070f500000, 0x000000070f500000, 0x000000070f600000|  0%| F|  |TAMS 0x000000070f500000, 0x000000070f500000| Untracked 
| 108|0x000000070f600000, 0x000000070f600000, 0x000000070f700000|  0%| F|  |TAMS 0x000000070f600000, 0x000000070f600000| Untracked 
| 109|0x000000070f700000, 0x000000070f700000, 0x000000070f800000|  0%| F|  |TAMS 0x000000070f700000, 0x000000070f700000| Untracked 
| 110|0x000000070f800000, 0x000000070f800000, 0x000000070f900000|  0%| F|  |TAMS 0x000000070f800000, 0x000000070f800000| Untracked 
| 111|0x000000070f900000, 0x000000070f900000, 0x000000070fa00000|  0%| F|  |TAMS 0x000000070f900000, 0x000000070f900000| Untracked 
| 112|0x000000070fa00000, 0x000000070fa00000, 0x000000070fb00000|  0%| F|  |TAMS 0x000000070fa00000, 0x000000070fa00000| Untracked 
| 113|0x000000070fb00000, 0x000000070fb00000, 0x000000070fc00000|  0%| F|  |TAMS 0x000000070fb00000, 0x000000070fb00000| Untracked 
| 114|0x000000070fc00000, 0x000000070fc00000, 0x000000070fd00000|  0%| F|  |TAMS 0x000000070fc00000, 0x000000070fc00000| Untracked 
| 115|0x000000070fd00000, 0x000000070fd00000, 0x000000070fe00000|  0%| F|  |TAMS 0x000000070fd00000, 0x000000070fd00000| Untracked 
| 116|0x000000070fe00000, 0x000000070fe00000, 0x000000070ff00000|  0%| F|  |TAMS 0x000000070fe00000, 0x000000070fe00000| Untracked 
| 117|0x000000070ff00000, 0x000000070ff00000, 0x0000000710000000|  0%| F|  |TAMS 0x000000070ff00000, 0x000000070ff00000| Untracked 
| 118|0x0000000710000000, 0x0000000710000000, 0x0000000710100000|  0%| F|  |TAMS 0x0000000710000000, 0x0000000710000000| Untracked 
| 119|0x0000000710100000, 0x0000000710100000, 0x0000000710200000|  0%| F|  |TAMS 0x0000000710100000, 0x0000000710100000| Untracked 
| 120|0x0000000710200000, 0x0000000710200000, 0x0000000710300000|  0%| F|  |TAMS 0x0000000710200000, 0x0000000710200000| Untracked 
| 121|0x0000000710300000, 0x0000000710300000, 0x0000000710400000|  0%| F|  |TAMS 0x0000000710300000, 0x0000000710300000| Untracked 
| 122|0x0000000710400000, 0x0000000710400000, 0x0000000710500000|  0%| F|  |TAMS 0x0000000710400000, 0x0000000710400000| Untracked 
| 123|0x0000000710500000, 0x0000000710500000, 0x0000000710600000|  0%| F|  |TAMS 0x0000000710500000, 0x0000000710500000| Untracked 
| 124|0x0000000710600000, 0x0000000710600000, 0x0000000710700000|  0%| F|  |TAMS 0x0000000710600000, 0x0000000710600000| Untracked 
| 125|0x0000000710700000, 0x0000000710700000, 0x0000000710800000|  0%| F|  |TAMS 0x0000000710700000, 0x0000000710700000| Untracked 
| 126|0x0000000710800000, 0x0000000710800000, 0x0000000710900000|  0%| F|  |TAMS 0x0000000710800000, 0x0000000710800000| Untracked 
| 127|0x0000000710900000, 0x0000000710900000, 0x0000000710a00000|  0%| F|  |TAMS 0x0000000710900000, 0x0000000710900000| Untracked 
| 128|0x0000000710a00000, 0x0000000710a00000, 0x0000000710b00000|  0%| F|  |TAMS 0x0000000710a00000, 0x0000000710a00000| Untracked 
| 129|0x0000000710b00000, 0x0000000710b00000, 0x0000000710c00000|  0%| F|  |TAMS 0x0000000710b00000, 0x0000000710b00000| Untracked 
| 130|0x0000000710c00000, 0x0000000710c00000, 0x0000000710d00000|  0%| F|  |TAMS 0x0000000710c00000, 0x0000000710c00000| Untracked 
| 131|0x0000000710d00000, 0x0000000710d00000, 0x0000000710e00000|  0%| F|  |TAMS 0x0000000710d00000, 0x0000000710d00000| Untracked 
| 132|0x0000000710e00000, 0x0000000710e00000, 0x0000000710f00000|  0%| F|  |TAMS 0x0000000710e00000, 0x0000000710e00000| Untracked 
| 133|0x0000000710f00000, 0x0000000710f00000, 0x0000000711000000|  0%| F|  |TAMS 0x0000000710f00000, 0x0000000710f00000| Untracked 
| 134|0x0000000711000000, 0x0000000711000000, 0x0000000711100000|  0%| F|  |TAMS 0x0000000711000000, 0x0000000711000000| Untracked 
| 135|0x0000000711100000, 0x0000000711100000, 0x0000000711200000|  0%| F|  |TAMS 0x0000000711100000, 0x0000000711100000| Untracked 
| 136|0x0000000711200000, 0x0000000711200000, 0x0000000711300000|  0%| F|  |TAMS 0x0000000711200000, 0x0000000711200000| Untracked 
| 137|0x0000000711300000, 0x0000000711300000, 0x0000000711400000|  0%| F|  |TAMS 0x0000000711300000, 0x0000000711300000| Untracked 
| 138|0x0000000711400000, 0x0000000711400000, 0x0000000711500000|  0%| F|  |TAMS 0x0000000711400000, 0x0000000711400000| Untracked 
| 139|0x0000000711500000, 0x0000000711500000, 0x0000000711600000|  0%| F|  |TAMS 0x0000000711500000, 0x0000000711500000| Untracked 
| 140|0x0000000711600000, 0x0000000711600000, 0x0000000711700000|  0%| F|  |TAMS 0x0000000711600000, 0x0000000711600000| Untracked 
| 141|0x0000000711700000, 0x0000000711700000, 0x0000000711800000|  0%| F|  |TAMS 0x0000000711700000, 0x0000000711700000| Untracked 
| 142|0x0000000711800000, 0x0000000711800000, 0x0000000711900000|  0%| F|  |TAMS 0x0000000711800000, 0x0000000711800000| Untracked 
| 143|0x0000000711900000, 0x0000000711900000, 0x0000000711a00000|  0%| F|  |TAMS 0x0000000711900000, 0x0000000711900000| Untracked 
| 144|0x0000000711a00000, 0x0000000711a00000, 0x0000000711b00000|  0%| F|  |TAMS 0x0000000711a00000, 0x0000000711a00000| Untracked 
| 145|0x0000000711b00000, 0x0000000711b00000, 0x0000000711c00000|  0%| F|  |TAMS 0x0000000711b00000, 0x0000000711b00000| Untracked 
| 146|0x0000000711c00000, 0x0000000711c00000, 0x0000000711d00000|  0%| F|  |TAMS 0x0000000711c00000, 0x0000000711c00000| Untracked 
| 147|0x0000000711d00000, 0x0000000711d00000, 0x0000000711e00000|  0%| F|  |TAMS 0x0000000711d00000, 0x0000000711d00000| Untracked 
| 148|0x0000000711e00000, 0x0000000711e00000, 0x0000000711f00000|  0%| F|  |TAMS 0x0000000711e00000, 0x0000000711e00000| Untracked 
| 149|0x0000000711f00000, 0x0000000711f00000, 0x0000000712000000|  0%| F|  |TAMS 0x0000000711f00000, 0x0000000711f00000| Untracked 
| 150|0x0000000712000000, 0x0000000712000000, 0x0000000712100000|  0%| F|  |TAMS 0x0000000712000000, 0x0000000712000000| Untracked 
| 151|0x0000000712100000, 0x0000000712100000, 0x0000000712200000|  0%| F|  |TAMS 0x0000000712100000, 0x0000000712100000| Untracked 
| 152|0x0000000712200000, 0x0000000712200000, 0x0000000712300000|  0%| F|  |TAMS 0x0000000712200000, 0x0000000712200000| Untracked 
| 153|0x0000000712300000, 0x0000000712300000, 0x0000000712400000|  0%| F|  |TAMS 0x0000000712300000, 0x0000000712300000| Untracked 
| 154|0x0000000712400000, 0x0000000712400000, 0x0000000712500000|  0%| F|  |TAMS 0x0000000712400000, 0x0000000712400000| Untracked 
| 155|0x0000000712500000, 0x0000000712500000, 0x0000000712600000|  0%| F|  |TAMS 0x0000000712500000, 0x0000000712500000| Untracked 
| 156|0x0000000712600000, 0x0000000712600000, 0x0000000712700000|  0%| F|  |TAMS 0x0000000712600000, 0x0000000712600000| Untracked 
| 157|0x0000000712700000, 0x0000000712700000, 0x0000000712800000|  0%| F|  |TAMS 0x0000000712700000, 0x0000000712700000| Untracked 
| 158|0x0000000712800000, 0x0000000712800000, 0x0000000712900000|  0%| F|  |TAMS 0x0000000712800000, 0x0000000712800000| Untracked 
| 159|0x0000000712900000, 0x0000000712900000, 0x0000000712a00000|  0%| F|  |TAMS 0x0000000712900000, 0x0000000712900000| Untracked 
| 160|0x0000000712a00000, 0x0000000712a00000, 0x0000000712b00000|  0%| F|  |TAMS 0x0000000712a00000, 0x0000000712a00000| Untracked 
| 161|0x0000000712b00000, 0x0000000712b00000, 0x0000000712c00000|  0%| F|  |TAMS 0x0000000712b00000, 0x0000000712b00000| Untracked 
| 162|0x0000000712c00000, 0x0000000712c00000, 0x0000000712d00000|  0%| F|  |TAMS 0x0000000712c00000, 0x0000000712c00000| Untracked 
| 163|0x0000000712d00000, 0x0000000712d00000, 0x0000000712e00000|  0%| F|  |TAMS 0x0000000712d00000, 0x0000000712d00000| Untracked 
| 164|0x0000000712e00000, 0x0000000712e00000, 0x0000000712f00000|  0%| F|  |TAMS 0x0000000712e00000, 0x0000000712e00000| Untracked 
| 165|0x0000000712f00000, 0x0000000712f00000, 0x0000000713000000|  0%| F|  |TAMS 0x0000000712f00000, 0x0000000712f00000| Untracked 
| 166|0x0000000713000000, 0x0000000713000000, 0x0000000713100000|  0%| F|  |TAMS 0x0000000713000000, 0x0000000713000000| Untracked 
| 167|0x0000000713100000, 0x0000000713100000, 0x0000000713200000|  0%| F|  |TAMS 0x0000000713100000, 0x0000000713100000| Untracked 
| 168|0x0000000713200000, 0x0000000713200000, 0x0000000713300000|  0%| F|  |TAMS 0x0000000713200000, 0x0000000713200000| Untracked 
| 169|0x0000000713300000, 0x0000000713300000, 0x0000000713400000|  0%| F|  |TAMS 0x0000000713300000, 0x0000000713300000| Untracked 
| 170|0x0000000713400000, 0x0000000713400000, 0x0000000713500000|  0%| F|  |TAMS 0x0000000713400000, 0x0000000713400000| Untracked 
| 171|0x0000000713500000, 0x0000000713500000, 0x0000000713600000|  0%| F|  |TAMS 0x0000000713500000, 0x0000000713500000| Untracked 
| 172|0x0000000713600000, 0x0000000713600000, 0x0000000713700000|  0%| F|  |TAMS 0x0000000713600000, 0x0000000713600000| Untracked 
| 173|0x0000000713700000, 0x0000000713700000, 0x0000000713800000|  0%| F|  |TAMS 0x0000000713700000, 0x0000000713700000| Untracked 
| 174|0x0000000713800000, 0x0000000713800000, 0x0000000713900000|  0%| F|  |TAMS 0x0000000713800000, 0x0000000713800000| Untracked 
| 175|0x0000000713900000, 0x0000000713900000, 0x0000000713a00000|  0%| F|  |TAMS 0x0000000713900000, 0x0000000713900000| Untracked 
| 176|0x0000000713a00000, 0x0000000713a00000, 0x0000000713b00000|  0%| F|  |TAMS 0x0000000713a00000, 0x0000000713a00000| Untracked 
| 177|0x0000000713b00000, 0x0000000713b00000, 0x0000000713c00000|  0%| F|  |TAMS 0x0000000713b00000, 0x0000000713b00000| Untracked 
| 178|0x0000000713c00000, 0x0000000713c00000, 0x0000000713d00000|  0%| F|  |TAMS 0x0000000713c00000, 0x0000000713c00000| Untracked 
| 179|0x0000000713d00000, 0x0000000713d00000, 0x0000000713e00000|  0%| F|  |TAMS 0x0000000713d00000, 0x0000000713d00000| Untracked 
| 180|0x0000000713e00000, 0x0000000713e00000, 0x0000000713f00000|  0%| F|  |TAMS 0x0000000713e00000, 0x0000000713e00000| Untracked 
| 181|0x0000000713f00000, 0x0000000713f00000, 0x0000000714000000|  0%| F|  |TAMS 0x0000000713f00000, 0x0000000713f00000| Untracked 
| 182|0x0000000714000000, 0x0000000714000000, 0x0000000714100000|  0%| F|  |TAMS 0x0000000714000000, 0x0000000714000000| Untracked 
| 183|0x0000000714100000, 0x0000000714100000, 0x0000000714200000|  0%| F|  |TAMS 0x0000000714100000, 0x0000000714100000| Untracked 
| 184|0x0000000714200000, 0x0000000714200000, 0x0000000714300000|  0%| F|  |TAMS 0x0000000714200000, 0x0000000714200000| Untracked 
| 185|0x0000000714300000, 0x0000000714300000, 0x0000000714400000|  0%| F|  |TAMS 0x0000000714300000, 0x0000000714300000| Untracked 
| 186|0x0000000714400000, 0x0000000714400000, 0x0000000714500000|  0%| F|  |TAMS 0x0000000714400000, 0x0000000714400000| Untracked 
| 187|0x0000000714500000, 0x0000000714500000, 0x0000000714600000|  0%| F|  |TAMS 0x0000000714500000, 0x0000000714500000| Untracked 
| 188|0x0000000714600000, 0x0000000714600000, 0x0000000714700000|  0%| F|  |TAMS 0x0000000714600000, 0x0000000714600000| Untracked 
| 189|0x0000000714700000, 0x0000000714700000, 0x0000000714800000|  0%| F|  |TAMS 0x0000000714700000, 0x0000000714700000| Untracked 
| 190|0x0000000714800000, 0x0000000714800000, 0x0000000714900000|  0%| F|  |TAMS 0x0000000714800000, 0x0000000714800000| Untracked 
| 191|0x0000000714900000, 0x0000000714900000, 0x0000000714a00000|  0%| F|  |TAMS 0x0000000714900000, 0x0000000714900000| Untracked 
| 192|0x0000000714a00000, 0x0000000714a00000, 0x0000000714b00000|  0%| F|  |TAMS 0x0000000714a00000, 0x0000000714a00000| Untracked 
| 193|0x0000000714b00000, 0x0000000714b00000, 0x0000000714c00000|  0%| F|  |TAMS 0x0000000714b00000, 0x0000000714b00000| Untracked 
| 194|0x0000000714c00000, 0x0000000714c00000, 0x0000000714d00000|  0%| F|  |TAMS 0x0000000714c00000, 0x0000000714c00000| Untracked 
| 195|0x0000000714d00000, 0x0000000714d00000, 0x0000000714e00000|  0%| F|  |TAMS 0x0000000714d00000, 0x0000000714d00000| Untracked 
| 196|0x0000000714e00000, 0x0000000714e00000, 0x0000000714f00000|  0%| F|  |TAMS 0x0000000714e00000, 0x0000000714e00000| Untracked 
| 197|0x0000000714f00000, 0x0000000714f00000, 0x0000000715000000|  0%| F|  |TAMS 0x0000000714f00000, 0x0000000714f00000| Untracked 
| 198|0x0000000715000000, 0x0000000715000000, 0x0000000715100000|  0%| F|  |TAMS 0x0000000715000000, 0x0000000715000000| Untracked 
| 199|0x0000000715100000, 0x0000000715100000, 0x0000000715200000|  0%| F|  |TAMS 0x0000000715100000, 0x0000000715100000| Untracked 
| 200|0x0000000715200000, 0x0000000715200000, 0x0000000715300000|  0%| F|  |TAMS 0x0000000715200000, 0x0000000715200000| Untracked 
| 201|0x0000000715300000, 0x0000000715300000, 0x0000000715400000|  0%| F|  |TAMS 0x0000000715300000, 0x0000000715300000| Untracked 
| 202|0x0000000715400000, 0x0000000715400000, 0x0000000715500000|  0%| F|  |TAMS 0x0000000715400000, 0x0000000715400000| Untracked 
| 203|0x0000000715500000, 0x0000000715500000, 0x0000000715600000|  0%| F|  |TAMS 0x0000000715500000, 0x0000000715500000| Untracked 
| 204|0x0000000715600000, 0x0000000715600000, 0x0000000715700000|  0%| F|  |TAMS 0x0000000715600000, 0x0000000715600000| Untracked 
| 205|0x0000000715700000, 0x0000000715700000, 0x0000000715800000|  0%| F|  |TAMS 0x0000000715700000, 0x0000000715700000| Untracked 
| 206|0x0000000715800000, 0x0000000715800000, 0x0000000715900000|  0%| F|  |TAMS 0x0000000715800000, 0x0000000715800000| Untracked 
| 207|0x0000000715900000, 0x0000000715900000, 0x0000000715a00000|  0%| F|  |TAMS 0x0000000715900000, 0x0000000715900000| Untracked 
| 208|0x0000000715a00000, 0x0000000715a00000, 0x0000000715b00000|  0%| F|  |TAMS 0x0000000715a00000, 0x0000000715a00000| Untracked 
| 209|0x0000000715b00000, 0x0000000715b00000, 0x0000000715c00000|  0%| F|  |TAMS 0x0000000715b00000, 0x0000000715b00000| Untracked 
| 210|0x0000000715c00000, 0x0000000715c00000, 0x0000000715d00000|  0%| F|  |TAMS 0x0000000715c00000, 0x0000000715c00000| Untracked 
| 211|0x0000000715d00000, 0x0000000715d00000, 0x0000000715e00000|  0%| F|  |TAMS 0x0000000715d00000, 0x0000000715d00000| Untracked 
| 212|0x0000000715e00000, 0x0000000715e00000, 0x0000000715f00000|  0%| F|  |TAMS 0x0000000715e00000, 0x0000000715e00000| Untracked 
| 213|0x0000000715f00000, 0x0000000715f00000, 0x0000000716000000|  0%| F|  |TAMS 0x0000000715f00000, 0x0000000715f00000| Untracked 
| 214|0x0000000716000000, 0x0000000716000000, 0x0000000716100000|  0%| F|  |TAMS 0x0000000716000000, 0x0000000716000000| Untracked 
| 215|0x0000000716100000, 0x0000000716100000, 0x0000000716200000|  0%| F|  |TAMS 0x0000000716100000, 0x0000000716100000| Untracked 
| 216|0x0000000716200000, 0x0000000716200000, 0x0000000716300000|  0%| F|  |TAMS 0x0000000716200000, 0x0000000716200000| Untracked 
| 217|0x0000000716300000, 0x0000000716300000, 0x0000000716400000|  0%| F|  |TAMS 0x0000000716300000, 0x0000000716300000| Untracked 
| 218|0x0000000716400000, 0x0000000716400000, 0x0000000716500000|  0%| F|  |TAMS 0x0000000716400000, 0x0000000716400000| Untracked 
| 219|0x0000000716500000, 0x0000000716500000, 0x0000000716600000|  0%| F|  |TAMS 0x0000000716500000, 0x0000000716500000| Untracked 
| 220|0x0000000716600000, 0x0000000716600000, 0x0000000716700000|  0%| F|  |TAMS 0x0000000716600000, 0x0000000716600000| Untracked 
| 221|0x0000000716700000, 0x0000000716700000, 0x0000000716800000|  0%| F|  |TAMS 0x0000000716700000, 0x0000000716700000| Untracked 
| 222|0x0000000716800000, 0x0000000716800000, 0x0000000716900000|  0%| F|  |TAMS 0x0000000716800000, 0x0000000716800000| Untracked 
| 223|0x0000000716900000, 0x0000000716900000, 0x0000000716a00000|  0%| F|  |TAMS 0x0000000716900000, 0x0000000716900000| Untracked 
| 224|0x0000000716a00000, 0x0000000716a00000, 0x0000000716b00000|  0%| F|  |TAMS 0x0000000716a00000, 0x0000000716a00000| Untracked 
| 225|0x0000000716b00000, 0x0000000716b00000, 0x0000000716c00000|  0%| F|  |TAMS 0x0000000716b00000, 0x0000000716b00000| Untracked 
| 226|0x0000000716c00000, 0x0000000716c00000, 0x0000000716d00000|  0%| F|  |TAMS 0x0000000716c00000, 0x0000000716c00000| Untracked 
| 227|0x0000000716d00000, 0x0000000716d00000, 0x0000000716e00000|  0%| F|  |TAMS 0x0000000716d00000, 0x0000000716d00000| Untracked 
| 228|0x0000000716e00000, 0x0000000716e00000, 0x0000000716f00000|  0%| F|  |TAMS 0x0000000716e00000, 0x0000000716e00000| Untracked 
| 229|0x0000000716f00000, 0x0000000716f00000, 0x0000000717000000|  0%| F|  |TAMS 0x0000000716f00000, 0x0000000716f00000| Untracked 
| 230|0x0000000717000000, 0x0000000717000000, 0x0000000717100000|  0%| F|  |TAMS 0x0000000717000000, 0x0000000717000000| Untracked 
| 231|0x0000000717100000, 0x0000000717100000, 0x0000000717200000|  0%| F|  |TAMS 0x0000000717100000, 0x0000000717100000| Untracked 
| 232|0x0000000717200000, 0x0000000717200000, 0x0000000717300000|  0%| F|  |TAMS 0x0000000717200000, 0x0000000717200000| Untracked 
| 233|0x0000000717300000, 0x0000000717300000, 0x0000000717400000|  0%| F|  |TAMS 0x0000000717300000, 0x0000000717300000| Untracked 
| 234|0x0000000717400000, 0x0000000717400000, 0x0000000717500000|  0%| F|  |TAMS 0x0000000717400000, 0x0000000717400000| Untracked 
| 235|0x0000000717500000, 0x0000000717500000, 0x0000000717600000|  0%| F|  |TAMS 0x0000000717500000, 0x0000000717500000| Untracked 
| 236|0x0000000717600000, 0x0000000717600000, 0x0000000717700000|  0%| F|  |TAMS 0x0000000717600000, 0x0000000717600000| Untracked 
| 237|0x0000000717700000, 0x0000000717700000, 0x0000000717800000|  0%| F|  |TAMS 0x0000000717700000, 0x0000000717700000| Untracked 
| 238|0x0000000717800000, 0x00000007178f64a0, 0x0000000717900000| 96%| E|  |TAMS 0x0000000717800000, 0x0000000717800000| Complete 
| 239|0x0000000717900000, 0x0000000717a00000, 0x0000000717a00000|100%| E|CS|TAMS 0x0000000717900000, 0x0000000717900000| Complete 
| 240|0x0000000717a00000, 0x0000000717b00000, 0x0000000717b00000|100%| E|CS|TAMS 0x0000000717a00000, 0x0000000717a00000| Complete 
| 241|0x0000000717b00000, 0x0000000717c00000, 0x0000000717c00000|100%| E|CS|TAMS 0x0000000717b00000, 0x0000000717b00000| Complete 
| 242|0x0000000717c00000, 0x0000000717d00000, 0x0000000717d00000|100%| E|CS|TAMS 0x0000000717c00000, 0x0000000717c00000| Complete 
| 243|0x0000000717d00000, 0x0000000717e00000, 0x0000000717e00000|100%| E|CS|TAMS 0x0000000717d00000, 0x0000000717d00000| Complete 
| 244|0x0000000717e00000, 0x0000000717f00000, 0x0000000717f00000|100%| E|CS|TAMS 0x0000000717e00000, 0x0000000717e00000| Complete 
| 245|0x0000000717f00000, 0x0000000718000000, 0x0000000718000000|100%| E|CS|TAMS 0x0000000717f00000, 0x0000000717f00000| Complete 
| 246|0x0000000718000000, 0x0000000718100000, 0x0000000718100000|100%| E|CS|TAMS 0x0000000718000000, 0x0000000718000000| Complete 
| 247|0x0000000718100000, 0x0000000718200000, 0x0000000718200000|100%| E|CS|TAMS 0x0000000718100000, 0x0000000718100000| Complete 
|2932|0x00000007bfe00000, 0x00000007bfe48000, 0x00000007bff00000| 28%|OA|  |TAMS 0x00000007bfe00000, 0x00000007bfe00000| Untracked 
|2933|0x00000007bff00000, 0x00000007bff6c000, 0x00000007c0000000| 42%|CA|  |TAMS 0x00000007bff00000, 0x00000007bff00000| Untracked 

Card table byte_map: [0x00007f7da8542000,0x00007f7da8cfd000] _byte_map_base: 0x00007f7da4cfd000

Marking Bits (Prev, Next): (CMBitMap*) 0x00007f7da407d4a8, (CMBitMap*) 0x00007f7da407d4e0
 Prev Bits: [0x00007f7d84228000, 0x00007f7d88000000)
 Next Bits: [0x00007f7d80450000, 0x00007f7d84228000)

Polling page: 0x00007f7dac066000

Metaspace:

Usage:
  Non-class:      5.77 MB capacity,     3.26 MB ( 56%) used,     2.51 MB ( 43%) free+waste,     6.31 KB ( <1%) overhead. 
      Class:    686.00 KB capacity,   394.45 KB ( 58%) used,   288.36 KB ( 42%) free+waste,     3.19 KB ( <1%) overhead. 
       Both:      6.44 MB capacity,     3.64 MB ( 57%) used,     2.79 MB ( 43%) free+waste,     9.50 KB ( <1%) overhead. 

Virtual space:
  Non-class space:        8.00 MB reserved,       6.00 MB ( 75%) committed 
      Class space:        1.00 GB reserved,     768.00 KB ( <1%) committed 
             Both:        1.01 GB reserved,       6.75 MB ( <1%) committed 

Chunk freelists:
   Non-Class:  27.00 KB
       Class:  0 bytes
        Both:  27.00 KB

MaxMetaspaceSize: unlimited
CompressedClassSpaceSize: 1.00 GB
Initial GC threshold: 20.80 MB
Current GC threshold: 20.80 MB
CDS: on

CodeHeap 'non-profiled nmethods': size=119172Kb used=217Kb max_used=217Kb free=118954Kb
 bounds [0x00007f7d9435e000, 0x00007f7d945ce000, 0x00007f7d9b7bf000]
CodeHeap 'profiled nmethods': size=119168Kb used=1622Kb max_used=1622Kb free=117545Kb
 bounds [0x00007f7d8cefe000, 0x00007f7d8d16e000, 0x00007f7d9435e000]
CodeHeap 'non-nmethods': size=7420Kb used=1708Kb max_used=1727Kb free=5711Kb
 bounds [0x00007f7d8c7bf000, 0x00007f7d8ca2f000, 0x00007f7d8cefe000]
 total_blobs=1250 nmethods=845 adapters=318
 compilation: enabled
              stopped_count=0, restarted_count=0
 full_count=0

Compilation events (20 events):
Event: 0.154 Thread 0x00007f7d5009e000  835       3       java.util.HashMap$EntryIterator::next (5 bytes)
Event: 0.154 Thread 0x00007f7da41fa000  836       3       java.util.HashMap$EntryIterator::next (5 bytes)
Event: 0.154 Thread 0x00007f7d481d6800  837       4       java.util.HashMap::hash (20 bytes)
Event: 0.154 Thread 0x00007f7d5009e000 nmethod 835 0x00007f7d8d091c10 code [0x00007f7d8d091de0, 0x00007f7d8d091f80]
Event: 0.154 Thread 0x00007f7da41fa000 nmethod 836 0x00007f7d8d092090 code [0x00007f7d8d092240, 0x00007f7d8d092380]
Event: 0.154 Thread 0x00007f7da41fa000  838       1       java.util.HashMap::size (5 bytes)
Event: 0.154 Thread 0x00007f7da41fa000 nmethod 838 0x00007f7d94392910 code [0x00007f7d94392ac0, 0x00007f7d94392b90]
Event: 0.154 Thread 0x00007f7d5009e000  839       1       ConstPropValueHolder::getKind (5 bytes)
Event: 0.154 Thread 0x00007f7da41f8000  840       4       java.util.HashMap::putVal (300 bytes)
Event: 0.154 Thread 0x00007f7d5009e000 nmethod 839 0x00007f7d94392c10 code [0x00007f7d94392dc0, 0x00007f7d94392e90]
Event: 0.154 Thread 0x00007f7da41fa000  841       3       org.bytedeco.javacpp.Pointer::hashCode (6 bytes)
Event: 0.154 Thread 0x00007f7da41fa000 nmethod 841 0x00007f7d8d092410 code [0x00007f7d8d0925c0, 0x00007f7d8d0926d0]
Event: 0.154 Thread 0x00007f7d5009e000  842       3       java.util.HashMap$KeyIterator::next (8 bytes)
Event: 0.154 Thread 0x00007f7d5009e000 nmethod 842 0x00007f7d8d092790 code [0x00007f7d8d092940, 0x00007f7d8d092aa0]
Event: 0.154 Thread 0x00007f7d5009e000  844       3       java.util.HashMap::afterNodeAccess (1 bytes)
Event: 0.154 Thread 0x00007f7d5009e000 nmethod 844 0x00007f7d8d092b90 code [0x00007f7d8d092d40, 0x00007f7d8d092e50]
Event: 0.154 Thread 0x00007f7d481d6800 nmethod 837 0x00007f7d94392f10 code [0x00007f7d943930a0, 0x00007f7d94393158]
Event: 0.154 Thread 0x00007f7d481d6800  843       4       java.util.HashMap::get (23 bytes)
Event: 0.154 Thread 0x00007f7da41fa000  845       3       org.bytedeco.javacpp.Pointer::equals (82 bytes)
Event: 0.155 Thread 0x00007f7da41fa000 nmethod 845 0x00007f7d8d092f10 code [0x00007f7d8d093100, 0x00007f7d8d093750]

GC Heap History (0 events):
No events

Deoptimization events (20 events):
Event: 0.115 Thread 0x00007f7da4015800 DEOPT PACKING pc=0x00007f7d8cf246cf sp=0x00007f7daa7f5500
Event: 0.115 Thread 0x00007f7da4015800 DEOPT UNPACKING pc=0x00007f7d8c80964a sp=0x00007f7daa7f49a8 mode 0
Event: 0.116 Thread 0x00007f7da4015800 DEOPT PACKING pc=0x00007f7d8cf246cf sp=0x00007f7daa7f5500
Event: 0.116 Thread 0x00007f7da4015800 DEOPT UNPACKING pc=0x00007f7d8c80964a sp=0x00007f7daa7f49a8 mode 0
Event: 0.134 Thread 0x00007f7da4015800 Uncommon trap: trap_request=0xffffffc6 fr.pc=0x00007f7d94385194 relative=0x00000000000003b4
Event: 0.134 Thread 0x00007f7da4015800 Uncommon trap: reason=bimorphic_or_optimized_type_check action=maybe_recompile pc=0x00007f7d94385194 method=java.util.HashMap.getNode(ILjava/lang/Object;)Ljava/util/HashMap$Node; @ 126 c2
Event: 0.134 Thread 0x00007f7da4015800 DEOPT PACKING pc=0x00007f7d94385194 sp=0x00007f7daa7f60e0
Event: 0.134 Thread 0x00007f7da4015800 DEOPT UNPACKING pc=0x00007f7d8c808ea5 sp=0x00007f7daa7f6078 mode 2
Event: 0.138 Thread 0x00007f7da4015800 Uncommon trap: trap_request=0xffffffc6 fr.pc=0x00007f7d94385194 relative=0x00000000000003b4
Event: 0.138 Thread 0x00007f7da4015800 Uncommon trap: reason=bimorphic_or_optimized_type_check action=maybe_recompile pc=0x00007f7d94385194 method=java.util.HashMap.getNode(ILjava/lang/Object;)Ljava/util/HashMap$Node; @ 126 c2
Event: 0.138 Thread 0x00007f7da4015800 DEOPT PACKING pc=0x00007f7d94385194 sp=0x00007f7daa7f60e0
Event: 0.138 Thread 0x00007f7da4015800 DEOPT UNPACKING pc=0x00007f7d8c808ea5 sp=0x00007f7daa7f6078 mode 2
Event: 0.138 Thread 0x00007f7da4015800 Uncommon trap: trap_request=0xffffffc6 fr.pc=0x00007f7d94385194 relative=0x00000000000003b4
Event: 0.138 Thread 0x00007f7da4015800 Uncommon trap: reason=bimorphic_or_optimized_type_check action=maybe_recompile pc=0x00007f7d94385194 method=java.util.HashMap.getNode(ILjava/lang/Object;)Ljava/util/HashMap$Node; @ 126 c2
Event: 0.138 Thread 0x00007f7da4015800 DEOPT PACKING pc=0x00007f7d94385194 sp=0x00007f7daa7f5f40
Event: 0.138 Thread 0x00007f7da4015800 DEOPT UNPACKING pc=0x00007f7d8c808ea5 sp=0x00007f7daa7f5ed8 mode 2
Event: 0.138 Thread 0x00007f7da4015800 Uncommon trap: trap_request=0xffffffc6 fr.pc=0x00007f7d94385194 relative=0x00000000000003b4
Event: 0.138 Thread 0x00007f7da4015800 Uncommon trap: reason=bimorphic_or_optimized_type_check action=maybe_recompile pc=0x00007f7d94385194 method=java.util.HashMap.getNode(ILjava/lang/Object;)Ljava/util/HashMap$Node; @ 126 c2
Event: 0.138 Thread 0x00007f7da4015800 DEOPT PACKING pc=0x00007f7d94385194 sp=0x00007f7daa7f5f40
Event: 0.138 Thread 0x00007f7da4015800 DEOPT UNPACKING pc=0x00007f7d8c808ea5 sp=0x00007f7daa7f5ed8 mode 2

Classes redefined (0 events):
No events

Internal exceptions (20 events):
Event: 0.030 Thread 0x00007f7da4015800 Exception <a 'java/security/PrivilegedActionException'{0x000000071803a448}> (0x000000071803a448) thrown at [./src/hotspot/share/prims/jvm.cpp, line 1304]
Event: 0.030 Thread 0x00007f7da4015800 Exception <a 'java/security/PrivilegedActionException'{0x000000071803a718}> (0x000000071803a718) thrown at [./src/hotspot/share/prims/jvm.cpp, line 1304]
Event: 0.030 Thread 0x00007f7da4015800 Exception <a 'java/security/PrivilegedActionException'{0x000000071803b330}> (0x000000071803b330) thrown at [./src/hotspot/share/prims/jvm.cpp, line 1304]
Event: 0.030 Thread 0x00007f7da4015800 Exception <a 'java/security/PrivilegedActionException'{0x000000071803b600}> (0x000000071803b600) thrown at [./src/hotspot/share/prims/jvm.cpp, line 1304]
Event: 0.030 Thread 0x00007f7da4015800 Exception <a 'java/security/PrivilegedActionException'{0x000000071803c218}> (0x000000071803c218) thrown at [./src/hotspot/share/prims/jvm.cpp, line 1304]
Event: 0.030 Thread 0x00007f7da4015800 Exception <a 'java/security/PrivilegedActionException'{0x000000071803c4e8}> (0x000000071803c4e8) thrown at [./src/hotspot/share/prims/jvm.cpp, line 1304]
Event: 0.031 Thread 0x00007f7da4015800 Exception <a 'java/security/PrivilegedActionException'{0x000000071803d118}> (0x000000071803d118) thrown at [./src/hotspot/share/prims/jvm.cpp, line 1304]
Event: 0.031 Thread 0x00007f7da4015800 Exception <a 'java/security/PrivilegedActionException'{0x000000071803d3e8}> (0x000000071803d3e8) thrown at [./src/hotspot/share/prims/jvm.cpp, line 1304]
Event: 0.031 Thread 0x00007f7da4015800 Exception <a 'java/security/PrivilegedActionException'{0x000000071803e018}> (0x000000071803e018) thrown at [./src/hotspot/share/prims/jvm.cpp, line 1304]
Event: 0.031 Thread 0x00007f7da4015800 Exception <a 'java/security/PrivilegedActionException'{0x000000071803e2e8}> (0x000000071803e2e8) thrown at [./src/hotspot/share/prims/jvm.cpp, line 1304]
Event: 0.031 Thread 0x00007f7da4015800 Exception <a 'java/security/PrivilegedActionException'{0x000000071803ef18}> (0x000000071803ef18) thrown at [./src/hotspot/share/prims/jvm.cpp, line 1304]
Event: 0.031 Thread 0x00007f7da4015800 Exception <a 'java/security/PrivilegedActionException'{0x000000071803f1e8}> (0x000000071803f1e8) thrown at [./src/hotspot/share/prims/jvm.cpp, line 1304]
Event: 0.031 Thread 0x00007f7da4015800 Exception <a 'java/security/PrivilegedActionException'{0x000000071803fe00}> (0x000000071803fe00) thrown at [./src/hotspot/share/prims/jvm.cpp, line 1304]
Event: 0.031 Thread 0x00007f7da4015800 Exception <a 'java/security/PrivilegedActionException'{0x00000007180400d0}> (0x00000007180400d0) thrown at [./src/hotspot/share/prims/jvm.cpp, line 1304]
Event: 0.031 Thread 0x00007f7da4015800 Exception <a 'java/security/PrivilegedActionException'{0x0000000718040d00}> (0x0000000718040d00) thrown at [./src/hotspot/share/prims/jvm.cpp, line 1304]
Event: 0.031 Thread 0x00007f7da4015800 Exception <a 'java/security/PrivilegedActionException'{0x0000000718040fd0}> (0x0000000718040fd0) thrown at [./src/hotspot/share/prims/jvm.cpp, line 1304]
Event: 0.076 Thread 0x00007f7da4015800 Exception <a 'java/lang/NoSuchMethodError'{0x0000000717dc7a50}: 'int java.lang.invoke.DirectMethodHandle$Holder.invokeStaticInit(java.lang.Object, java.lang.Object, java.lang.Object, java.lang.Object)'> (0x0000000717dc7a50) thrown at [./src/hotspot/share/interpreter/linkResolver.cpp, line 772]
Event: 0.077 Thread 0x00007f7da4015800 Exception <a 'java/lang/IncompatibleClassChangeError'{0x0000000717dd1f38}: Found class java.lang.Object, but interface was expected> (0x0000000717dd1f38) thrown at [./src/hotspot/share/interpreter/linkResolver.cpp, line 839]
Event: 0.077 Thread 0x00007f7da4015800 Exception <a 'java/lang/NoSuchMethodError'{0x0000000717dd5188}: 'void java.lang.invoke.DirectMethodHandle$Holder.invokeStaticInit(java.lang.Object, java.lang.Object)'> (0x0000000717dd5188) thrown at [./src/hotspot/share/interpreter/linkResolver.cpp, line 772]
Event: 0.078 Thread 0x00007f7da4015800 Exception <a 'java/lang/NoSuchMethodError'{0x0000000717ddae78}: 'int java.lang.invoke.DirectMethodHandle$Holder.invokeStaticInit(java.lang.Object, java.lang.Object)'> (0x0000000717ddae78) thrown at [./src/hotspot/share/interpreter/linkResolver.cpp, line 772]

Events (20 events):
Event: 0.145 loading class java/lang/invoke/BoundMethodHandle$Species_LLLLLL
Event: 0.145 loading class java/lang/invoke/BoundMethodHandle$Species_LLLLLL done
Event: 0.146 loading class java/lang/invoke/BoundMethodHandle$Species_LLLLLLI
Event: 0.146 loading class java/lang/invoke/BoundMethodHandle$Species_LLLLLLI done
Event: 0.146 loading class java/lang/invoke/BoundMethodHandle$Species_LLLLLLII
Event: 0.147 loading class java/lang/invoke/BoundMethodHandle$Species_LLLLLLII done
Event: 0.147 loading class java/lang/invoke/BoundMethodHandle$Species_LLLLLLIIL
Event: 0.147 loading class java/lang/invoke/BoundMethodHandle$Species_LLLLLLIIL done
Event: 0.149 loading class LLVMIRToRiscv
Event: 0.149 loading class LLVMIRToRiscv done
Event: 0.150 loading class RegisterAllocator
Event: 0.150 loading class RegisterAllocator done
Event: 0.150 loading class AsmBuilder
Event: 0.150 loading class AsmBuilder done
Event: 0.153 loading class LLVMIROptimization
Event: 0.153 loading class LLVMIROptimization done
Event: 0.153 loading class ConstPropValueHolder
Event: 0.153 loading class ConstPropValueHolder done
Event: 0.153 loading class ConstPropValueHolder$Kind
Event: 0.153 loading class ConstPropValueHolder$Kind done


Dynamic libraries:
708a00000-718200000 rw-p 00000000 00:00 0 
718200000-7bfe00000 ---p 00000000 00:00 0 
7bfe00000-7bfe48000 rw-p 00b14000 08:20 134337                           /usr/lib/jvm/java-11-openjdk-amd64/lib/server/classes.jsa
7bfe48000-7bff00000 rw-p 00000000 00:00 0 
7bff00000-7bff6c000 rw-p 00aa8000 08:20 134337                           /usr/lib/jvm/java-11-openjdk-amd64/lib/server/classes.jsa
7bff6c000-7c0000000 rw-p 00000000 00:00 0 
7c0000000-800000000 ---p 00000000 00:00 0 
800000000-800002000 rwxp 00001000 08:20 134337                           /usr/lib/jvm/java-11-openjdk-amd64/lib/server/classes.jsa
800002000-8003ce000 rw-p 00003000 08:20 134337                           /usr/lib/jvm/java-11-openjdk-amd64/lib/server/classes.jsa
8003ce000-800aa6000 r--p 003cf000 08:20 134337                           /usr/lib/jvm/java-11-openjdk-amd64/lib/server/classes.jsa
800aa6000-800aa7000 rw-p 00aa7000 08:20 134337                           /usr/lib/jvm/java-11-openjdk-amd64/lib/server/classes.jsa
840000000-8400c0000 rw-p 00000000 00:00 0 
8400c0000-880000000 ---p 00000000 00:00 0 
561e24e99000-561e24e9a000 r--p 00000000 08:20 134745                     /usr/lib/jvm/java-11-openjdk-amd64/bin/java
561e24e9a000-561e24e9b000 r-xp 00001000 08:20 134745                     /usr/lib/jvm/java-11-openjdk-amd64/bin/java
561e24e9b000-561e24e9c000 r--p 00002000 08:20 134745                     /usr/lib/jvm/java-11-openjdk-amd64/bin/java
561e24e9c000-561e24e9d000 r--p 00002000 08:20 134745                     /usr/lib/jvm/java-11-openjdk-amd64/bin/java
561e24e9d000-561e24e9e000 rw-p 00003000 08:20 134745                     /usr/lib/jvm/java-11-openjdk-amd64/bin/java
561e284a5000-561e284c6000 rw-p 00000000 00:00 0                          [heap]
7f7d2952c000-7f7d29e52000 r--p 00000000 08:20 204242                     /home/crz/.javacpp/cache/llvm-13.0.1-1.5.7-linux-x86_64.jar/org/bytedeco/llvm/linux-x86_64/libLLVM-13.so
7f7d29e52000-7f7d2d815000 r-xp 00926000 08:20 204242                     /home/crz/.javacpp/cache/llvm-13.0.1-1.5.7-linux-x86_64.jar/org/bytedeco/llvm/linux-x86_64/libLLVM-13.so
7f7d2d815000-7f7d2fa6a000 r--p 042e9000 08:20 204242                     /home/crz/.javacpp/cache/llvm-13.0.1-1.5.7-linux-x86_64.jar/org/bytedeco/llvm/linux-x86_64/libLLVM-13.so
7f7d2fa6a000-7f7d2ff7f000 r--p 0653d000 08:20 204242                     /home/crz/.javacpp/cache/llvm-13.0.1-1.5.7-linux-x86_64.jar/org/bytedeco/llvm/linux-x86_64/libLLVM-13.so
7f7d2ff7f000-7f7d2ff8a000 rw-p 06a52000 08:20 204242                     /home/crz/.javacpp/cache/llvm-13.0.1-1.5.7-linux-x86_64.jar/org/bytedeco/llvm/linux-x86_64/libLLVM-13.so
7f7d2ff8a000-7f7d30000000 rw-p 00000000 00:00 0 
7f7d30000000-7f7d30084000 rw-p 00000000 00:00 0 
7f7d30084000-7f7d34000000 ---p 00000000 00:00 0 
7f7d38000000-7f7d38021000 rw-p 00000000 00:00 0 
7f7d38021000-7f7d3c000000 ---p 00000000 00:00 0 
7f7d3c000000-7f7d3c021000 rw-p 00000000 00:00 0 
7f7d3c021000-7f7d40000000 ---p 00000000 00:00 0 
7f7d40000000-7f7d4021d000 rw-p 00000000 00:00 0 
7f7d4021d000-7f7d44000000 ---p 00000000 00:00 0 
7f7d44000000-7f7d44021000 rw-p 00000000 00:00 0 
7f7d44021000-7f7d48000000 ---p 00000000 00:00 0 
7f7d48000000-7f7d481e1000 rw-p 00000000 00:00 0 
7f7d481e1000-7f7d4c000000 ---p 00000000 00:00 0 
7f7d4c000000-7f7d4c021000 rw-p 00000000 00:00 0 
7f7d4c021000-7f7d50000000 ---p 00000000 00:00 0 
7f7d50000000-7f7d5028b000 rw-p 00000000 00:00 0 
7f7d5028b000-7f7d54000000 ---p 00000000 00:00 0 
7f7d572fa000-7f7d576ae000 rw-p 00000000 00:00 0 
7f7d576ae000-7f7d576b5000 r--s 00000000 08:20 126784                     /usr/lib/x86_64-linux-gnu/gconv/gconv-modules.cache
7f7d576b5000-7f7d5771a000 r--p 00000000 08:20 204256                     /home/crz/.javacpp/cache/llvm-13.0.1-1.5.7-linux-x86_64.jar/org/bytedeco/llvm/linux-x86_64/libjniLLVM.so
7f7d5771a000-7f7d57788000 r-xp 00065000 08:20 204256                     /home/crz/.javacpp/cache/llvm-13.0.1-1.5.7-linux-x86_64.jar/org/bytedeco/llvm/linux-x86_64/libjniLLVM.so
7f7d57788000-7f7d577b3000 r--p 000d3000 08:20 204256                     /home/crz/.javacpp/cache/llvm-13.0.1-1.5.7-linux-x86_64.jar/org/bytedeco/llvm/linux-x86_64/libjniLLVM.so
7f7d577b3000-7f7d577b6000 r--p 000fd000 08:20 204256                     /home/crz/.javacpp/cache/llvm-13.0.1-1.5.7-linux-x86_64.jar/org/bytedeco/llvm/linux-x86_64/libjniLLVM.so
7f7d577b6000-7f7d577b9000 rw-p 00100000 08:20 204256                     /home/crz/.javacpp/cache/llvm-13.0.1-1.5.7-linux-x86_64.jar/org/bytedeco/llvm/linux-x86_64/libjniLLVM.so
7f7d577b9000-7f7d577bb000 rw-p 00000000 00:00 0 
7f7d577bb000-7f7d577c2000 r--p 00000000 08:20 204245                     /home/crz/.javacpp/cache/llvm-13.0.1-1.5.7-linux-x86_64.jar/org/bytedeco/llvm/linux-x86_64/libLTO.so.13
7f7d577c2000-7f7d577ca000 r-xp 00007000 08:20 204245                     /home/crz/.javacpp/cache/llvm-13.0.1-1.5.7-linux-x86_64.jar/org/bytedeco/llvm/linux-x86_64/libLTO.so.13
7f7d577ca000-7f7d577cc000 r--p 0000f000 08:20 204245                     /home/crz/.javacpp/cache/llvm-13.0.1-1.5.7-linux-x86_64.jar/org/bytedeco/llvm/linux-x86_64/libLTO.so.13
7f7d577cc000-7f7d577cd000 r--p 00010000 08:20 204245                     /home/crz/.javacpp/cache/llvm-13.0.1-1.5.7-linux-x86_64.jar/org/bytedeco/llvm/linux-x86_64/libLTO.so.13
7f7d577cd000-7f7d577ce000 rw-p 00011000 08:20 204245                     /home/crz/.javacpp/cache/llvm-13.0.1-1.5.7-linux-x86_64.jar/org/bytedeco/llvm/linux-x86_64/libLTO.so.13
7f7d577ce000-7f7d577d2000 ---p 00000000 00:00 0 
7f7d577d2000-7f7d578ce000 rw-p 00000000 00:00 0 
7f7d578ce000-7f7d578d2000 ---p 00000000 00:00 0 
7f7d578d2000-7f7d579ff000 rw-p 00000000 00:00 0 
7f7d579ff000-7f7d57a03000 ---p 00000000 00:00 0 
7f7d57a03000-7f7d57aff000 rw-p 00000000 00:00 0 
7f7d57aff000-7f7d57b00000 ---p 00000000 00:00 0 
7f7d57b00000-7f7d57c00000 rw-p 00000000 00:00 0 
7f7d57c00000-7f7d57c04000 ---p 00000000 00:00 0 
7f7d57c04000-7f7d57d00000 rw-p 00000000 00:00 0 
7f7d57d00000-7f7d57d04000 ---p 00000000 00:00 0 
7f7d57d04000-7f7d57e00000 rw-p 00000000 00:00 0 
7f7d57e00000-7f7d57e04000 ---p 00000000 00:00 0 
7f7d57e04000-7f7d57f00000 rw-p 00000000 00:00 0 
7f7d57f00000-7f7d57f04000 ---p 00000000 00:00 0 
7f7d57f04000-7f7d58000000 rw-p 00000000 00:00 0 
7f7d58000000-7f7d58021000 rw-p 00000000 00:00 0 
7f7d58021000-7f7d5c000000 ---p 00000000 00:00 0 
7f7d5c000000-7f7d5c021000 rw-p 00000000 00:00 0 
7f7d5c021000-7f7d60000000 ---p 00000000 00:00 0 
7f7d60000000-7f7d60021000 rw-p 00000000 00:00 0 
7f7d60021000-7f7d64000000 ---p 00000000 00:00 0 
7f7d64000000-7f7d64021000 rw-p 00000000 00:00 0 
7f7d64021000-7f7d68000000 ---p 00000000 00:00 0 
7f7d68000000-7f7d68021000 rw-p 00000000 00:00 0 
7f7d68021000-7f7d6c000000 ---p 00000000 00:00 0 
7f7d6c000000-7f7d6c021000 rw-p 00000000 00:00 0 
7f7d6c021000-7f7d70000000 ---p 00000000 00:00 0 
7f7d70000000-7f7d70021000 rw-p 00000000 00:00 0 
7f7d70021000-7f7d74000000 ---p 00000000 00:00 0 
7f7d74000000-7f7d74021000 rw-p 00000000 00:00 0 
7f7d74021000-7f7d78000000 ---p 00000000 00:00 0 
7f7d78001000-7f7d78005000 r--p 00000000 08:20 204229                     /home/crz/.javacpp/cache/javacpp-1.5.7-linux-x86_64.jar/org/bytedeco/javacpp/linux-x86_64/libjnijavacpp.so
7f7d78005000-7f7d7800c000 r-xp 00004000 08:20 204229                     /home/crz/.javacpp/cache/javacpp-1.5.7-linux-x86_64.jar/org/bytedeco/javacpp/linux-x86_64/libjnijavacpp.so
7f7d7800c000-7f7d78010000 r--p 0000b000 08:20 204229                     /home/crz/.javacpp/cache/javacpp-1.5.7-linux-x86_64.jar/org/bytedeco/javacpp/linux-x86_64/libjnijavacpp.so
7f7d78010000-7f7d78011000 r--p 0000e000 08:20 204229                     /home/crz/.javacpp/cache/javacpp-1.5.7-linux-x86_64.jar/org/bytedeco/javacpp/linux-x86_64/libjnijavacpp.so
7f7d78011000-7f7d78012000 rw-p 0000f000 08:20 204229                     /home/crz/.javacpp/cache/javacpp-1.5.7-linux-x86_64.jar/org/bytedeco/javacpp/linux-x86_64/libjnijavacpp.so
7f7d78012000-7f7d78016000 r--p 00000000 08:20 134814                     /usr/lib/jvm/java-11-openjdk-amd64/lib/libnet.so
7f7d78016000-7f7d78024000 r-xp 00004000 08:20 134814                     /usr/lib/jvm/java-11-openjdk-amd64/lib/libnet.so
7f7d78024000-7f7d78028000 r--p 00012000 08:20 134814                     /usr/lib/jvm/java-11-openjdk-amd64/lib/libnet.so
7f7d78028000-7f7d78029000 r--p 00015000 08:20 134814                     /usr/lib/jvm/java-11-openjdk-amd64/lib/libnet.so
7f7d78029000-7f7d7802a000 rw-p 00016000 08:20 134814                     /usr/lib/jvm/java-11-openjdk-amd64/lib/libnet.so
7f7d7802a000-7f7d7802e000 ---p 00000000 00:00 0 
7f7d7802e000-7f7d7812a000 rw-p 00000000 00:00 0 
7f7d7812a000-7f7d7812e000 ---p 00000000 00:00 0 
7f7d7812e000-7f7d7822a000 rw-p 00000000 00:00 0 
7f7d7822a000-7f7d78817000 r--p 00000000 08:20 13349                      /usr/lib/locale/locale-archive
7f7d78817000-7f7d7881b000 ---p 00000000 00:00 0 
7f7d7881b000-7f7d78917000 rw-p 00000000 00:00 0 
7f7d78917000-7f7d7891b000 ---p 00000000 00:00 0 
7f7d7891b000-7f7d78a17000 rw-p 00000000 00:00 0 
7f7d78a17000-7f7d78a18000 ---p 00000000 00:00 0 
7f7d78a18000-7f7d791f4000 rw-p 00000000 00:00 0 
7f7d791f4000-7f7d793f4000 ---p 00000000 00:00 0 
7f7d793f4000-7f7d793f5000 ---p 00000000 00:00 0 
7f7d793f5000-7f7d794f5000 rw-p 00000000 00:00 0 
7f7d794f5000-7f7d794f6000 ---p 00000000 00:00 0 
7f7d794f6000-7f7d7c000000 rw-p 00000000 00:00 0 
7f7d7c000000-7f7d7c021000 rw-p 00000000 00:00 0 
7f7d7c021000-7f7d80000000 ---p 00000000 00:00 0 
7f7d80006000-7f7d80007000 r--p 00000000 08:20 204251                     /home/crz/.javacpp/cache/llvm-13.0.1-1.5.7-linux-x86_64.jar/org/bytedeco/llvm/linux-x86_64/libRemarks.so.13
7f7d80007000-7f7d80008000 r-xp 00001000 08:20 204251                     /home/crz/.javacpp/cache/llvm-13.0.1-1.5.7-linux-x86_64.jar/org/bytedeco/llvm/linux-x86_64/libRemarks.so.13
7f7d80008000-7f7d80009000 r--p 00002000 08:20 204251                     /home/crz/.javacpp/cache/llvm-13.0.1-1.5.7-linux-x86_64.jar/org/bytedeco/llvm/linux-x86_64/libRemarks.so.13
7f7d80009000-7f7d8000a000 r--p 00002000 08:20 204251                     /home/crz/.javacpp/cache/llvm-13.0.1-1.5.7-linux-x86_64.jar/org/bytedeco/llvm/linux-x86_64/libRemarks.so.13
7f7d8000a000-7f7d8000b000 rw-p 00003000 08:20 204251                     /home/crz/.javacpp/cache/llvm-13.0.1-1.5.7-linux-x86_64.jar/org/bytedeco/llvm/linux-x86_64/libRemarks.so.13
7f7d8000b000-7f7d8000c000 r--p 00000000 08:20 104103                     /usr/lib/x86_64-linux-gnu/libdl.so.2
7f7d8000c000-7f7d8000d000 r-xp 00001000 08:20 104103                     /usr/lib/x86_64-linux-gnu/libdl.so.2
7f7d8000d000-7f7d8000e000 r--p 00002000 08:20 104103                     /usr/lib/x86_64-linux-gnu/libdl.so.2
7f7d8000e000-7f7d8000f000 r--p 00002000 08:20 104103                     /usr/lib/x86_64-linux-gnu/libdl.so.2
7f7d8000f000-7f7d80010000 rw-p 00003000 08:20 104103                     /usr/lib/x86_64-linux-gnu/libdl.so.2
7f7d80010000-7f7d80017000 r--p 00000000 08:20 134815                     /usr/lib/jvm/java-11-openjdk-amd64/lib/libnio.so
7f7d80017000-7f7d8001f000 r-xp 00007000 08:20 134815                     /usr/lib/jvm/java-11-openjdk-amd64/lib/libnio.so
7f7d8001f000-7f7d80022000 r--p 0000f000 08:20 134815                     /usr/lib/jvm/java-11-openjdk-amd64/lib/libnio.so
7f7d80022000-7f7d80023000 r--p 00011000 08:20 134815                     /usr/lib/jvm/java-11-openjdk-amd64/lib/libnio.so
7f7d80023000-7f7d80024000 rw-p 00012000 08:20 134815                     /usr/lib/jvm/java-11-openjdk-amd64/lib/libnio.so
7f7d80024000-7f7d80830000 rw-p 00000000 00:00 0 
7f7d80830000-7f7d83220000 ---p 00000000 00:00 0 
7f7d83220000-7f7d83228000 rw-p 00000000 00:00 0 
7f7d83228000-7f7d84228000 ---p 00000000 00:00 0 
7f7d84228000-7f7d84608000 rw-p 00000000 00:00 0 
7f7d84608000-7f7d86ff8000 ---p 00000000 00:00 0 
7f7d86ff8000-7f7d87000000 rw-p 00000000 00:00 0 
7f7d87000000-7f7d88000000 ---p 00000000 00:00 0 
7f7d88000000-7f7d88021000 rw-p 00000000 00:00 0 
7f7d88021000-7f7d8c000000 ---p 00000000 00:00 0 
7f7d8c004000-7f7d8c080000 rw-p 00000000 00:00 0 
7f7d8c080000-7f7d8c5be000 ---p 00000000 00:00 0 
7f7d8c5be000-7f7d8c5bf000 rw-p 00000000 00:00 0 
7f7d8c5bf000-7f7d8c7bf000 ---p 00000000 00:00 0 
7f7d8c7bf000-7f7d8ca2f000 rwxp 00000000 00:00 0 
7f7d8ca2f000-7f7d8cefe000 ---p 00000000 00:00 0 
7f7d8cefe000-7f7d8d16e000 rwxp 00000000 00:00 0 
7f7d8d16e000-7f7d9435e000 ---p 00000000 00:00 0 
7f7d9435e000-7f7d945ce000 rwxp 00000000 00:00 0 
7f7d945ce000-7f7d9b7bf000 ---p 00000000 00:00 0 
7f7d9b7bf000-7f7da4000000 r--s 00000000 08:20 134824                     /usr/lib/jvm/java-11-openjdk-amd64/lib/modules
7f7da4000000-7f7da4493000 rw-p 00000000 00:00 0 
7f7da4493000-7f7da8000000 ---p 00000000 00:00 0 
7f7da8001000-7f7da8002000 r--p 00000000 08:20 104244                     /usr/lib/x86_64-linux-gnu/libpthread.so.0
7f7da8002000-7f7da8003000 r-xp 00001000 08:20 104244                     /usr/lib/x86_64-linux-gnu/libpthread.so.0
7f7da8003000-7f7da8004000 r--p 00002000 08:20 104244                     /usr/lib/x86_64-linux-gnu/libpthread.so.0
7f7da8004000-7f7da8005000 r--p 00002000 08:20 104244                     /usr/lib/x86_64-linux-gnu/libpthread.so.0
7f7da8005000-7f7da8006000 rw-p 00003000 08:20 104244                     /usr/lib/x86_64-linux-gnu/libpthread.so.0
7f7da8006000-7f7da8149000 rw-p 00000000 00:00 0 
7f7da8149000-7f7da814a000 ---p 00000000 00:00 0 
7f7da814a000-7f7da824a000 rw-p 00000000 00:00 0 
7f7da824a000-7f7da824b000 ---p 00000000 00:00 0 
7f7da824b000-7f7da85be000 rw-p 00000000 00:00 0 
7f7da85be000-7f7da8afc000 ---p 00000000 00:00 0 
7f7da8afc000-7f7da8afd000 rw-p 00000000 00:00 0 
7f7da8afd000-7f7da8cfd000 ---p 00000000 00:00 0 
7f7da8cfd000-7f7da8d79000 rw-p 00000000 00:00 0 
7f7da8d79000-7f7da92b7000 ---p 00000000 00:00 0 
7f7da92b7000-7f7da92b8000 rw-p 00000000 00:00 0 
7f7da92b8000-7f7da94b8000 ---p 00000000 00:00 0 
7f7da94b8000-7f7daa3c7000 rw-p 00000000 00:00 0 
7f7daa3c7000-7f7daa3c8000 ---p 00000000 00:00 0 
7f7daa3c8000-7f7daa4cd000 rw-p 00000000 00:00 0 
7f7daa4cd000-7f7daa5b1000 ---p 00000000 00:00 0 
7f7daa5b1000-7f7daa5b6000 rw-p 00000000 00:00 0 
7f7daa5b6000-7f7daa69a000 ---p 00000000 00:00 0 
7f7daa69a000-7f7daa69f000 rw-p 00000000 00:00 0 
7f7daa69f000-7f7daa6a9000 ---p 00000000 00:00 0 
7f7daa6a9000-7f7daa6ab000 r--p 00000000 08:20 134823                     /usr/lib/jvm/java-11-openjdk-amd64/lib/libzip.so
7f7daa6ab000-7f7daa6b0000 r-xp 00002000 08:20 134823                     /usr/lib/jvm/java-11-openjdk-amd64/lib/libzip.so
7f7daa6b0000-7f7daa6b2000 r--p 00007000 08:20 134823                     /usr/lib/jvm/java-11-openjdk-amd64/lib/libzip.so
7f7daa6b2000-7f7daa6b3000 r--p 00008000 08:20 134823                     /usr/lib/jvm/java-11-openjdk-amd64/lib/libzip.so
7f7daa6b3000-7f7daa6b4000 rw-p 00009000 08:20 134823                     /usr/lib/jvm/java-11-openjdk-amd64/lib/libzip.so
7f7daa6b4000-7f7daa6bc000 rw-s 00000000 08:20 191237                     /tmp/hsperfdata_crz/37497
7f7daa6bc000-7f7daa6be000 r--p 00000000 08:20 134806                     /usr/lib/jvm/java-11-openjdk-amd64/lib/libjimage.so
7f7daa6be000-7f7daa6c1000 r-xp 00002000 08:20 134806                     /usr/lib/jvm/java-11-openjdk-amd64/lib/libjimage.so
7f7daa6c1000-7f7daa6c2000 r--p 00005000 08:20 134806                     /usr/lib/jvm/java-11-openjdk-amd64/lib/libjimage.so
7f7daa6c2000-7f7daa6c3000 ---p 00006000 08:20 134806                     /usr/lib/jvm/java-11-openjdk-amd64/lib/libjimage.so
7f7daa6c3000-7f7daa6c4000 r--p 00006000 08:20 134806                     /usr/lib/jvm/java-11-openjdk-amd64/lib/libjimage.so
7f7daa6c4000-7f7daa6c5000 rw-p 00007000 08:20 134806                     /usr/lib/jvm/java-11-openjdk-amd64/lib/libjimage.so
7f7daa6c5000-7f7daa6d3000 r--p 00000000 08:20 134803                     /usr/lib/jvm/java-11-openjdk-amd64/lib/libjava.so
7f7daa6d3000-7f7daa6e9000 r-xp 0000e000 08:20 134803                     /usr/lib/jvm/java-11-openjdk-amd64/lib/libjava.so
7f7daa6e9000-7f7daa6f0000 r--p 00024000 08:20 134803                     /usr/lib/jvm/java-11-openjdk-amd64/lib/libjava.so
7f7daa6f0000-7f7daa6f1000 r--p 0002a000 08:20 134803                     /usr/lib/jvm/java-11-openjdk-amd64/lib/libjava.so
7f7daa6f1000-7f7daa6f2000 rw-p 0002b000 08:20 134803                     /usr/lib/jvm/java-11-openjdk-amd64/lib/libjava.so
7f7daa6f2000-7f7daa6f3000 rw-p 00000000 00:00 0 
7f7daa6f3000-7f7daa6f4000 r--p 00000000 08:20 105137                     /usr/lib/x86_64-linux-gnu/librt.so.1
7f7daa6f4000-7f7daa6f5000 r-xp 00001000 08:20 105137                     /usr/lib/x86_64-linux-gnu/librt.so.1
7f7daa6f5000-7f7daa6f6000 r--p 00002000 08:20 105137                     /usr/lib/x86_64-linux-gnu/librt.so.1
7f7daa6f6000-7f7daa6f7000 r--p 00002000 08:20 105137                     /usr/lib/x86_64-linux-gnu/librt.so.1
7f7daa6f7000-7f7daa6f8000 rw-p 00003000 08:20 105137                     /usr/lib/x86_64-linux-gnu/librt.so.1
7f7daa6f8000-7f7daa6fc000 ---p 00000000 00:00 0 
7f7daa6fc000-7f7daa7f8000 rw-p 00000000 00:00 0 
7f7daa7f8000-7f7daa7fb000 r--p 00000000 08:20 6709                       /usr/lib/x86_64-linux-gnu/libgcc_s.so.1
7f7daa7fb000-7f7daa812000 r-xp 00003000 08:20 6709                       /usr/lib/x86_64-linux-gnu/libgcc_s.so.1
7f7daa812000-7f7daa816000 r--p 0001a000 08:20 6709                       /usr/lib/x86_64-linux-gnu/libgcc_s.so.1
7f7daa816000-7f7daa817000 r--p 0001d000 08:20 6709                       /usr/lib/x86_64-linux-gnu/libgcc_s.so.1
7f7daa817000-7f7daa818000 rw-p 0001e000 08:20 6709                       /usr/lib/x86_64-linux-gnu/libgcc_s.so.1
7f7daa818000-7f7daa826000 r--p 00000000 08:20 104109                     /usr/lib/x86_64-linux-gnu/libm.so.6
7f7daa826000-7f7daa8a2000 r-xp 0000e000 08:20 104109                     /usr/lib/x86_64-linux-gnu/libm.so.6
7f7daa8a2000-7f7daa8fd000 r--p 0008a000 08:20 104109                     /usr/lib/x86_64-linux-gnu/libm.so.6
7f7daa8fd000-7f7daa8fe000 r--p 000e4000 08:20 104109                     /usr/lib/x86_64-linux-gnu/libm.so.6
7f7daa8fe000-7f7daa8ff000 rw-p 000e5000 08:20 104109                     /usr/lib/x86_64-linux-gnu/libm.so.6
7f7daa8ff000-7f7daa999000 r--p 00000000 08:20 6947                       /usr/lib/x86_64-linux-gnu/libstdc++.so.6.0.30
7f7daa999000-7f7daaaaa000 r-xp 0009a000 08:20 6947                       /usr/lib/x86_64-linux-gnu/libstdc++.so.6.0.30
7f7daaaaa000-7f7daab19000 r--p 001ab000 08:20 6947                       /usr/lib/x86_64-linux-gnu/libstdc++.so.6.0.30
7f7daab19000-7f7daab1a000 ---p 0021a000 08:20 6947                       /usr/lib/x86_64-linux-gnu/libstdc++.so.6.0.30
7f7daab1a000-7f7daab25000 r--p 0021a000 08:20 6947                       /usr/lib/x86_64-linux-gnu/libstdc++.so.6.0.30
7f7daab25000-7f7daab28000 rw-p 00225000 08:20 6947                       /usr/lib/x86_64-linux-gnu/libstdc++.so.6.0.30
7f7daab28000-7f7daab2b000 rw-p 00000000 00:00 0 
7f7daab2b000-7f7daadae000 r--p 00000000 08:20 134827                     /usr/lib/jvm/java-11-openjdk-amd64/lib/server/libjvm.so
7f7daadae000-7f7daba59000 r-xp 00283000 08:20 134827                     /usr/lib/jvm/java-11-openjdk-amd64/lib/server/libjvm.so
7f7daba59000-7f7dabcb5000 r--p 00f2e000 08:20 134827                     /usr/lib/jvm/java-11-openjdk-amd64/lib/server/libjvm.so
7f7dabcb5000-7f7dabd79000 r--p 01189000 08:20 134827                     /usr/lib/jvm/java-11-openjdk-amd64/lib/server/libjvm.so
7f7dabd79000-7f7dabdb4000 rw-p 0124d000 08:20 134827                     /usr/lib/jvm/java-11-openjdk-amd64/lib/server/libjvm.so
7f7dabdb4000-7f7dabe0e000 rw-p 00000000 00:00 0 
7f7dabe0e000-7f7dabe36000 r--p 00000000 08:20 104085                     /usr/lib/x86_64-linux-gnu/libc.so.6
7f7dabe36000-7f7dabfcb000 r-xp 00028000 08:20 104085                     /usr/lib/x86_64-linux-gnu/libc.so.6
7f7dabfcb000-7f7dac023000 r--p 001bd000 08:20 104085                     /usr/lib/x86_64-linux-gnu/libc.so.6
7f7dac023000-7f7dac024000 ---p 00215000 08:20 104085                     /usr/lib/x86_64-linux-gnu/libc.so.6
7f7dac024000-7f7dac028000 r--p 00215000 08:20 104085                     /usr/lib/x86_64-linux-gnu/libc.so.6
7f7dac028000-7f7dac02a000 rw-p 00219000 08:20 104085                     /usr/lib/x86_64-linux-gnu/libc.so.6
7f7dac02a000-7f7dac037000 rw-p 00000000 00:00 0 
7f7dac037000-7f7dac03a000 r--p 00000000 08:20 134788                     /usr/lib/jvm/java-11-openjdk-amd64/lib/jli/libjli.so
7f7dac03a000-7f7dac044000 r-xp 00003000 08:20 134788                     /usr/lib/jvm/java-11-openjdk-amd64/lib/jli/libjli.so
7f7dac044000-7f7dac047000 r--p 0000d000 08:20 134788                     /usr/lib/jvm/java-11-openjdk-amd64/lib/jli/libjli.so
7f7dac047000-7f7dac048000 ---p 00010000 08:20 134788                     /usr/lib/jvm/java-11-openjdk-amd64/lib/jli/libjli.so
7f7dac048000-7f7dac049000 r--p 00010000 08:20 134788                     /usr/lib/jvm/java-11-openjdk-amd64/lib/jli/libjli.so
7f7dac049000-7f7dac04a000 rw-p 00011000 08:20 134788                     /usr/lib/jvm/java-11-openjdk-amd64/lib/jli/libjli.so
7f7dac04a000-7f7dac04c000 r--p 00000000 08:20 6997                       /usr/lib/x86_64-linux-gnu/libz.so.1.2.11
7f7dac04c000-7f7dac05d000 r-xp 00002000 08:20 6997                       /usr/lib/x86_64-linux-gnu/libz.so.1.2.11
7f7dac05d000-7f7dac063000 r--p 00013000 08:20 6997                       /usr/lib/x86_64-linux-gnu/libz.so.1.2.11
7f7dac063000-7f7dac064000 ---p 00019000 08:20 6997                       /usr/lib/x86_64-linux-gnu/libz.so.1.2.11
7f7dac064000-7f7dac065000 r--p 00019000 08:20 6997                       /usr/lib/x86_64-linux-gnu/libz.so.1.2.11
7f7dac065000-7f7dac066000 rw-p 0001a000 08:20 6997                       /usr/lib/x86_64-linux-gnu/libz.so.1.2.11
7f7dac066000-7f7dac067000 ---p 00000000 00:00 0 
7f7dac067000-7f7dac068000 r--p 00000000 00:00 0 
7f7dac068000-7f7dac06d000 r--p 00000000 08:20 134822                     /usr/lib/jvm/java-11-openjdk-amd64/lib/libverify.so
7f7dac06d000-7f7dac074000 r-xp 00005000 08:20 134822                     /usr/lib/jvm/java-11-openjdk-amd64/lib/libverify.so
7f7dac074000-7f7dac076000 r--p 0000c000 08:20 134822                     /usr/lib/jvm/java-11-openjdk-amd64/lib/libverify.so
7f7dac076000-7f7dac078000 r--p 0000d000 08:20 134822                     /usr/lib/jvm/java-11-openjdk-amd64/lib/libverify.so
7f7dac078000-7f7dac079000 rw-p 0000f000 08:20 134822                     /usr/lib/jvm/java-11-openjdk-amd64/lib/libverify.so
7f7dac079000-7f7dac07b000 rw-p 00000000 00:00 0 
7f7dac07b000-7f7dac07d000 r--p 00000000 08:20 104061                     /usr/lib/x86_64-linux-gnu/ld-linux-x86-64.so.2
7f7dac07d000-7f7dac0a7000 r-xp 00002000 08:20 104061                     /usr/lib/x86_64-linux-gnu/ld-linux-x86-64.so.2
7f7dac0a7000-7f7dac0b2000 r--p 0002c000 08:20 104061                     /usr/lib/x86_64-linux-gnu/ld-linux-x86-64.so.2
7f7dac0b3000-7f7dac0b5000 r--p 00037000 08:20 104061                     /usr/lib/x86_64-linux-gnu/ld-linux-x86-64.so.2
7f7dac0b5000-7f7dac0b7000 rw-p 00039000 08:20 104061                     /usr/lib/x86_64-linux-gnu/ld-linux-x86-64.so.2
7ffd7b7b8000-7ffd7b7da000 rw-p 00000000 00:00 0                          [stack]
7ffd7b7e8000-7ffd7b7ec000 r--p 00000000 00:00 0                          [vvar]
7ffd7b7ec000-7ffd7b7ee000 r-xp 00000000 00:00 0                          [vdso]


VM Arguments:
java_command: Main tests/lab6_test/constproptest2.sysy tests/lab6_test/constproptest2.ll
java_class_path (initial): ./classes:/usr/local/lib/antlr-4.9.1-complete.jar:/usr/local/lib/llvm-13.0.1-1.5.7.jar:/usr/local/lib/llvm-13.0.1-1.5.7-linux-x86_64.jar:/usr/local/lib/llvm-platform-13.0.1-1.5.7.jar:/usr/local/lib/javacpp-1.5.7-linux-x86_64.jar:/usr/local/lib/javacpp-1.5.7.jar
Launcher Type: SUN_STANDARD

[Global flags]
     intx CICompilerCount                          = 12                                        {product} {ergonomic}
     uint ConcGCThreads                            = 4                                         {product} {ergonomic}
     uint G1ConcRefinementThreads                  = 15                                        {product} {ergonomic}
   size_t G1HeapRegionSize                         = 1048576                                   {product} {ergonomic}
    uintx GCDrainStackTargetSize                   = 64                                        {product} {ergonomic}
   size_t InitialHeapSize                          = 260046848                                 {product} {ergonomic}
   size_t MarkStackSize                            = 4194304                                   {product} {ergonomic}
   size_t MaxHeapSize                              = 4150263808                                {product} {ergonomic}
   size_t MaxNewSize                               = 2489319424                                {product} {ergonomic}
   size_t MinHeapDeltaBytes                        = 1048576                                   {product} {ergonomic}
    uintx NonNMethodCodeHeapSize                   = 7594288                                {pd product} {ergonomic}
    uintx NonProfiledCodeHeapSize                  = 122031976                              {pd product} {ergonomic}
    uintx ProfiledCodeHeapSize                     = 122031976                              {pd product} {ergonomic}
    uintx ReservedCodeCacheSize                    = 251658240                              {pd product} {ergonomic}
     bool SegmentedCodeCache                       = true                                      {product} {ergonomic}
     bool UseCompressedClassPointers               = true                                 {lp64_product} {ergonomic}
     bool UseCompressedOops                        = true                                 {lp64_product} {ergonomic}
     bool UseG1GC                                  = true                                      {product} {ergonomic}

Logging:
Log output configuration:
 #0: stdout all=warning uptime,level,tags
 #1: stderr all=off uptime,level,tags

Environment Variables:
CLASSPATH=/usr/local/lib/antlr-4.9.1-complete.jar:/usr/local/lib/llvm-13.0.1-1.5.7.jar:/usr/local/lib/llvm-13.0.1-1.5.7-linux-x86_64.jar:/usr/local/lib/llvm-platform-13.0.1-1.5.7.jar:/usr/local/lib/javacpp-1.5.7-linux-x86_64.jar:/usr/local/lib/javacpp-1.5.7.jar
PATH=/home/crz/.local/bin:/home/crz/.cargo/bin:/home/crz/.local/bin:~/my_script:/usr/local/sbin:/usr/local/bin:/usr/sbin:/usr/bin:/sbin:/bin:/usr/games:/usr/local/games:/usr/lib/wsl/lib:/mnt/c/Program Files/Java/jdk-21/bin:/mnt/c/Program Files/Common Files/Oracle/Java/javapath:/mnt/e/vmware/bin/:/mnt/c/Program Files (x86)/Common Files/Oracle/Java/java8path:/mnt/c/Program Files (x86)/Common Files/Oracle/Java/javapath:/mnt/c/Windows/system32:/mnt/c/Windows:/mnt/c/Windows/System32/Wbem:/mnt/c/Windows/System32/WindowsPowerShell/v1.0/:/mnt/c/Windows/System32/OpenSSH/:/mnt/c/Users/crz/Downloads/winlibs-x86_64-posix-seh-gcc-12.3.0-llvm-16.0.4-mingw-w64ucrt-11.0.0-r1.zip/mingw64/bin:/mnt/d/mingw64/bin:/mnt/d/Git/cmd:/mnt/c/Program Files/dotnet/:/mnt/e/SDL-CPLproj/SDL2/mingw(CLion+VSC)/SDL2-2.26.0-allinone/x86_64-w64-mingw32/bin:/mnt/c/Program Files/Cloudflare/Cloudflare WARP/:/mnt/c/Users/crz/AppData/Local/Programs/Python/Python311/Lib/site-packages/pyecharts:/mnt/c/Program Files/MATLAB/R2023a/runtime/win64:/mnt/c/Program Files/MATLAB/R2023a/bin:/mnt/c/Program Files/gs/gs10.03.1/bin:/mnt/e/:/mnt/e/bitvise-ssh:/mnt/d/:/mnt/c/ProgramData/chocolatey/bin:/mnt/c/Program Files/MySQL/MySQL Server 8.0/bin:/mnt/c/Program Files/MySQL/MySQL Shell 8.0/bin/:/mnt/e/anaconda3:/mnt/e/anaconda3/Library/mingw-w64/bin:/mnt/e/anaconda3/Library/usr/bin:/mnt/e/anaconda3/Library/bin:/mnt/e/anaconda3/Scripts:/mnt/c/Users/crz/AppData/Local/Microsoft/WindowsApps:/mnt/c/Users/crz/Downloads/winlibs-x86_64-posix-seh-gcc-12.3.0-llvm-16.0.4-mingw-w64ucrt-11.0.0-r1.zip/mingw64/bin:/mnt/d/mingw64/bin:/mnt/e/Microsoft VS Code/bin:/mnt/e/CLion 2022.3/bin:/mnt/c/Users/crz/AppData/Local/JetBrains/Toolbox/scripts:/mnt/d/PyCharm 2023.3.4/bin:/mnt/d/IntelliJ IDEA 2023.3.4/bin:/mnt/c/Users/crz/anaconda3/Lib/site-packages:/mnt/d/texlive/2024/bin/windows:/mnt/c/Users/crz/AppData/Roaming/npm:/mnt/d/:/mnt/d/WebStorm 2024.3.2.1/bin:/snap/bin:/mnt/c/Users/crz/AppData/Local/Programs/Microsoft VS Code/bin:/mnt/e/Microsoft\ V
SHELL=/bin/bash
DISPLAY=:0.0
HOSTTYPE=x86_64
LANG=en_US.UTF-8
LC_ALL=en_US.UTF-8
TERM=xterm-256color

Signal Handlers:
SIGSEGV: [libjvm.so+0xebbd40], sa_mask[0]=11111111011111111101111111111110, sa_flags=SA_RESTART|SA_SIGINFO
SIGBUS: [libjvm.so+0xebbd40], sa_mask[0]=11111111011111111101111111111110, sa_flags=SA_RESTART|SA_SIGINFO
SIGFPE: [libjvm.so+0xebbd40], sa_mask[0]=11111111011111111101111111111110, sa_flags=SA_RESTART|SA_SIGINFO
SIGPIPE: [libjvm.so+0xbfe040], sa_mask[0]=11111111011111111101111111111110, sa_flags=SA_RESTART|SA_SIGINFO
SIGXFSZ: [libjvm.so+0xbfe040], sa_mask[0]=11111111011111111101111111111110, sa_flags=SA_RESTART|SA_SIGINFO
SIGILL: [libjvm.so+0xebbd40], sa_mask[0]=11111111011111111101111111111110, sa_flags=SA_RESTART|SA_SIGINFO
SIGUSR2: [libjvm.so+0xbfdee0], sa_mask[0]=00000000000000000000000000000000, sa_flags=SA_RESTART|SA_SIGINFO
SIGHUP: [libjvm.so+0xbfe6a0], sa_mask[0]=11111111011111111101111111111110, sa_flags=SA_RESTART|SA_SIGINFO
SIGINT: [libjvm.so+0xbfe6a0], sa_mask[0]=11111111011111111101111111111110, sa_flags=SA_RESTART|SA_SIGINFO
SIGTERM: [libjvm.so+0xbfe6a0], sa_mask[0]=11111111011111111101111111111110, sa_flags=SA_RESTART|SA_SIGINFO
SIGQUIT: [libjvm.so+0xbfe6a0], sa_mask[0]=11111111011111111101111111111110, sa_flags=SA_RESTART|SA_SIGINFO


---------------  S Y S T E M  ---------------

OS:DISTRIB_ID=Ubuntu
DISTRIB_RELEASE=22.04
DISTRIB_CODENAME=jammy
DISTRIB_DESCRIPTION="Ubuntu 22.04.5 LTS"
uname:Linux 5.15.167.4-microsoft-standard-WSL2 #1 SMP Tue Nov 5 00:21:55 UTC 2024 x86_64
OS uptime: 0 days 5:10 hours
libc:glibc 2.35 NPTL 2.35 
rlimit (soft/hard): STACK 8192k/infinity , CORE 0k/infinity , NPROC 63270/63270 , NOFILE 1048576/1048576 , AS infinity/infinity , CPU infinity/infinity , DATA infinity/infinity , FSIZE infinity/infinity , MEMLOCK 65536k/65536k
load average:9.09 4.13 2.09

/proc/meminfo:
MemTotal:       16204140 kB
MemFree:        11907520 kB
MemAvailable:   13042520 kB
Buffers:            9088 kB
Cached:          1355856 kB
SwapCached:            0 kB
Active:           443956 kB
Inactive:        3341280 kB
Active(anon):       2412 kB
Inactive(anon):  2459088 kB
Active(file):     441544 kB
Inactive(file):   882192 kB
Unevictable:           0 kB
Mlocked:               0 kB
SwapTotal:       4194304 kB
SwapFree:        4194304 kB
Dirty:                 8 kB
Writeback:             0 kB
AnonPages:       2328080 kB
Mapped:           982468 kB
Shmem:             41208 kB
KReclaimable:     118004 kB
Slab:             210000 kB
SReclaimable:     118004 kB
SUnreclaim:        91996 kB
KernelStack:       10252 kB
PageTables:        16584 kB
NFS_Unstable:          0 kB
Bounce:                0 kB
WritebackTmp:          0 kB
CommitLimit:    12296372 kB
Committed_AS:    4718292 kB
VmallocTotal:   34359738367 kB
VmallocUsed:       33664 kB
VmallocChunk:          0 kB
Percpu:            15840 kB
AnonHugePages:   1673216 kB
ShmemHugePages:        0 kB
ShmemPmdMapped:        0 kB
FileHugePages:         0 kB
FilePmdMapped:         0 kB
HugePages_Total:       0
HugePages_Free:        0
HugePages_Rsvd:        0
HugePages_Surp:        0
Hugepagesize:       2048 kB
Hugetlb:               0 kB
DirectMap4k:      152576 kB
DirectMap2M:    12253184 kB
DirectMap1G:    12582912 kB

/sys/kernel/mm/transparent_hugepage/enabled:
[always] madvise never
/sys/kernel/mm/transparent_hugepage/defrag (defrag/compaction efforts parameter):
always defer defer+madvise [madvise] never

Process Memory:
Virtual Size: 7136740K (peak: 15578236K)
Resident Set Size: 106192K (peak: 106192K) (anon: 48560K, file: 57632K, shmem: 0K)
Swapped out: 0K
C-Heap outstanding allocations: 47066K, retained: 2593K
glibc malloc tunables: (default)

/proc/sys/kernel/threads-max (system-wide limit on the number of threads):
126540
/proc/sys/vm/max_map_count (maximum number of memory map areas a process may have):
65530
/proc/sys/kernel/pid_max (system-wide limit on number of process identifiers):
4194304

container (cgroup) information:
container_type: cgroupv1
cpu_cpuset_cpus: 0-19
cpu_memory_nodes: 0
active_processor_count: 20
cpu_quota: no quota
cpu_period: 100000
cpu_shares: no shares
memory_limit_in_bytes: unlimited
memory_and_swap_limit_in_bytes: unlimited
memory_soft_limit_in_bytes: unlimited
memory_usage_in_bytes: 3693728 k
memory_max_usage_in_bytes: 5330956 k
kernel_memory_limit_in_bytes: unlimited
kernel_memory_usage_in_bytes: 111968 k
kernel_memory_max_usage_in_bytes: 152140 k
maximum number of tasks: not supported
current number of tasks: not supported

Hyper-V virtualization detected
Steal ticks since vm start: 0
Steal ticks percentage since vm start:  0.000

CPU:total 20 (initial active 20) (16 cores per cpu, 2 threads per core) family 6 model 186 stepping 2 microcode 0xffffffff, cmov, cx8, fxsr, mmx, sse, sse2, sse3, ssse3, sse4.1, sse4.2, popcnt, avx, avx2, aes, clmul, erms, 3dnowpref, lzcnt, ht, tsc, tscinvbit, bmi1, bmi2, adx, sha, fma
CPU Model and flags from /proc/cpuinfo:
model name	: 13th Gen Intel(R) Core(TM) i9-13900H
flags		: fpu vme de pse tsc msr pae mce cx8 apic sep mtrr pge mca cmov pat pse36 clflush mmx fxsr sse sse2 ss ht syscall nx pdpe1gb rdtscp lm constant_tsc rep_good nopl xtopology tsc_reliable nonstop_tsc cpuid pni pclmulqdq vmx ssse3 fma cx16 pcid sse4_1 sse4_2 x2apic movbe popcnt tsc_deadline_timer aes xsave avx f16c rdrand hypervisor lahf_lm abm 3dnowprefetch invpcid_single ssbd ibrs ibpb stibp ibrs_enhanced tpr_shadow vnmi ept vpid ept_ad fsgsbase tsc_adjust bmi1 avx2 smep bmi2 erms invpcid rdseed adx smap clflushopt clwb sha_ni xsaveopt xsavec xgetbv1 xsaves avx_vnni umip waitpkg gfni vaes vpclmulqdq rdpid movdiri movdir64b fsrm md_clear serialize flush_l1d arch_capabilities
Online cpus:
0-19
Offline cpus:

BIOS frequency limitation:
<Not Available>
Frequency switch latency (ns):
<Not Available>
Available cpu frequencies:
<Not Available>
Current governor:
<Not Available>
Core performance/turbo boost:
<Not Available>

Memory: 4k page, physical 16204140k(11907520k free), swap 4194304k(4194304k free)

vm_info: OpenJDK 64-Bit Server VM (11.0.27+6-post-Ubuntu-0ubuntu122.04) for linux-amd64 JRE (11.0.27+6-post-Ubuntu-0ubuntu122.04), built on Apr 21 2025 05:59:45 by "unknown" with gcc 11.4.0

END.
