#
# A fatal error has been detected by the Java Runtime Environment:
#
#  SIGSEGV (0xb) at pc=0x00007fae761530e0, pid=3365, tid=3366
#
# JRE version: OpenJDK Runtime Environment (11.0.27+6) (build 11.0.27+6-post-Ubuntu-0ubuntu122.04)
# Java VM: OpenJDK 64-Bit Server VM (11.0.27+6-post-Ubuntu-0ubuntu122.04, mixed mode, sharing, tiered, compressed oops, g1 gc, linux-amd64)
# Problematic frame:
# C  [libLLVM-13.so+0xc270e0]  LLVMGetInstructionParent+0x0
#
# Core dump will be written. Default location: Core dumps may be processed with "/wsl-capture-crash %t %E %p %s" (or dumping to /home/crz/compilers/Lab/core.3365)
#
# If you would like to submit a bug report, please visit:
#   https://bugs.launchpad.net/ubuntu/+source/openjdk-lts
# The crash happened outside the Java Virtual Machine in native code.
# See problematic frame for where to report the bug.
#

---------------  S U M M A R Y ------------

Command Line: Main tests/lab6_test/constproptest2.sysy tests/lab6_test/constproptest2.ll

Host: 13th Gen Intel(R) Core(TM) i9-13900H, 20 cores, 15G, Ubuntu 22.04.5 LTS
Time: Wed May 21 20:37:12 2025 CST elapsed time: 0.147762 seconds (0d 0h 0m 0s)

---------------  T H R E A D  ---------------

Current thread (0x00007faeec015800):  JavaThread "main" [_thread_in_native, id=3366, stack(0x00007faef0e6d000,0x00007faef0f6d000)]

Stack: [0x00007faef0e6d000,0x00007faef0f6d000],  sp=0x00007faef0f6b698,  free space=1017k
Native frames: (J=compiled Java code, A=aot compiled Java code, j=interpreted, Vv=VM code, C=native code)
C  [libLLVM-13.so+0xc270e0]  LLVMGetInstructionParent+0x0

Java frames: (J=compiled Java code, j=interpreted, Vv=VM code)
j  org.bytedeco.llvm.global.LLVM.LLVMGetInstructionParent(Lorg/bytedeco/llvm/LLVM/LLVMValueRef;)Lorg/bytedeco/llvm/LLVM/LLVMBasicBlockRef;+0
j  LLVMIROptimization.remove_redundant_block()Z+233
j  LLVMIROptimization.elem_dead_code()V+187
j  Main.main([Ljava/lang/String;)V+191
v  ~StubRoutines::call_stub

siginfo: si_signo: 11 (SIGSEGV), si_code: 1 (SEGV_MAPERR), si_addr: 0x0000000000000028

Register to memory mapping:

RAX=0x00007faebdecdfa0: Java_org_bytedeco_llvm_global_LLVM_LLVMGetInstructionParent+0x0000000000000000 in /home/crz/.javacpp/cache/llvm-13.0.1-1.5.7-linux-x86_64.jar/org/bytedeco/llvm/linux-x86_64/libjniLLVM.so at 0x00007faebde29000
RBX={method} {0x00007faebf7cb048} 'LLVMGetInstructionParent' '(Lorg/bytedeco/llvm/LLVM/LLVMValueRef;)Lorg/bytedeco/llvm/LLVM/LLVMBasicBlockRef;' in 'org/bytedeco/llvm/global/LLVM'
RCX=0x0000000000000001 is an unknown value
RDX=0x0 is NULL
RSP=0x00007faef0f6b698 is pointing into the stack for thread: 0x00007faeec015800
RBP=0x00007faeec015b50 points into unknown readable memory: 0x00007faef24f4b60 | 60 4b 4f f2 ae 7f 00 00
RSI=0x00007faef0f6b720 is pointing into the stack for thread: 0x00007faeec015800
RDI=0x0 is NULL
R8 ={method} {0x00007faebf7cb048} 'LLVMGetInstructionParent' '(Lorg/bytedeco/llvm/LLVM/LLVMValueRef;)Lorg/bytedeco/llvm/LLVM/LLVMBasicBlockRef;' in 'org/bytedeco/llvm/global/LLVM'
R9 =0x0000000000000002 is an unknown value
R10=0x00007fae75579cc8: <offset 0x000000000004dcc8> in /home/crz/.javacpp/cache/llvm-13.0.1-1.5.7-linux-x86_64.jar/org/bytedeco/llvm/linux-x86_64/libLLVM-13.so at 0x00007fae7552c000
R11=0x00007fae761530e0: LLVMGetInstructionParent+0x0000000000000000 in /home/crz/.javacpp/cache/llvm-13.0.1-1.5.7-linux-x86_64.jar/org/bytedeco/llvm/linux-x86_64/libLLVM-13.so at 0x00007fae7552c000
R12=0x0 is NULL
R13={method} {0x00007faebf7cb048} 'LLVMGetInstructionParent' '(Lorg/bytedeco/llvm/LLVM/LLVMValueRef;)Lorg/bytedeco/llvm/LLVM/LLVMBasicBlockRef;' in 'org/bytedeco/llvm/global/LLVM'
R14=0x00007faef0f6b730 is pointing into the stack for thread: 0x00007faeec015800
R15=0x00007faeec015800 is a thread


Registers:
RAX=0x00007faebdecdfa0, RBX=0x00007faebf7cb048, RCX=0x0000000000000001, RDX=0x0000000000000000
RSP=0x00007faef0f6b698, RBP=0x00007faeec015b50, RSI=0x00007faef0f6b720, RDI=0x0000000000000000
R8 =0x00007faebf7cb048, R9 =0x0000000000000002, R10=0x00007fae75579cc8, R11=0x00007fae761530e0
R12=0x0000000000000000, R13=0x00007faebf7cb048, R14=0x00007faef0f6b730, R15=0x00007faeec015800
RIP=0x00007fae761530e0, EFLAGS=0x0000000000010202, CSGSFS=0x002b000000000033, ERR=0x0000000000000004
  TRAPNO=0x000000000000000e

Top of Stack: (sp=0x00007faef0f6b698)
0x00007faef0f6b698:   00007faebdecdfcf 00007faef0f6b710
0x00007faef0f6b6a8:   0000000000000000 00007faebf7cb048
0x00007faef0f6b6b8:   00007faed47cea30 00007faed47ce736
0x00007faef0f6b6c8:   00007faef0f6b6c8 00007faebf7cb048 

Instructions: (pc=0x00007fae761530e0)
0x00007fae76152fe0:   00 e8 5a f2 cf ff 48 89 e2 49 89 d8 4c 89 e9 48
0x00007fae76152ff0:   89 ee 48 89 c7 49 89 c4 e8 93 81 fc ff 48 83 c4
0x00007fae76153000:   38 4c 89 e0 5b 5d 41 5c 41 5d c3 0f 1f 44 00 00
0x00007fae76153010:   41 55 41 54 49 89 f4 55 53 48 89 fb 48 83 ec 38
0x00007fae76153020:   48 8b 05 79 8a e3 05 48 85 c0 74 54 48 8b 2d 6d
0x00007fae76153030:   8a e3 05 b8 01 01 00 00 41 80 3c 24 00 66 89 44
0x00007fae76153040:   24 20 4c 8b 6b 38 74 09 4c 89 24 24 c6 44 24 20
0x00007fae76153050:   03 bf 40 00 00 00 e8 e5 f1 cf ff 48 89 e2 49 89
0x00007fae76153060:   d8 4c 89 e9 48 89 ee 48 89 c7 49 89 c4 e8 1e 81
0x00007fae76153070:   fc ff 48 83 c4 38 4c 89 e0 5b 5d 41 5c 41 5d c3
0x00007fae76153080:   48 8d 15 c9 9c ff ff 48 8d 35 a2 9c ff ff 48 8d
0x00007fae76153090:   3d 0b 8a e3 05 e8 66 df ec ff eb 90 0f 1f 40 00
0x00007fae761530a0:   e9 3b 7f fc ff 66 2e 0f 1f 84 00 00 00 00 00 90
0x00007fae761530b0:   e9 ab 7f fc ff 66 2e 0f 1f 84 00 00 00 00 00 90
0x00007fae761530c0:   e9 8b 96 fc ff 66 2e 0f 1f 84 00 00 00 00 00 90
0x00007fae761530d0:   e9 fb 95 fc ff 66 2e 0f 1f 84 00 00 00 00 00 90
0x00007fae761530e0:   48 8b 47 28 c3 66 2e 0f 1f 84 00 00 00 00 00 90
0x00007fae761530f0:   48 8b 47 30 48 83 c7 28 48 39 f8 74 13 48 85 c0
0x00007fae76153100:   74 0e 48 83 e8 18 c3 66 0f 1f 84 00 00 00 00 00
0x00007fae76153110:   31 c0 c3 66 2e 0f 1f 84 00 00 00 00 00 0f 1f 00
0x00007fae76153120:   48 8d 47 28 48 39 47 30 74 16 48 8b 47 28 48 8d
0x00007fae76153130:   50 e8 48 85 c0 48 0f 45 c2 c3 66 0f 1f 44 00 00
0x00007fae76153140:   31 c0 c3 66 2e 0f 1f 84 00 00 00 00 00 0f 1f 00
0x00007fae76153150:   48 85 ff 0f 84 98 0c d0 ff 48 8b 57 28 48 8b 47
0x00007fae76153160:   20 48 83 c2 28 48 39 d0 74 0e 48 85 c0 74 09 48
0x00007fae76153170:   83 e8 18 c3 0f 1f 40 00 31 c0 c3 0f 1f 44 00 00
0x00007fae76153180:   ba 00 00 00 00 48 8d 47 18 48 85 ff 48 0f 44 c2
0x00007fae76153190:   48 8b 57 28 48 39 42 30 74 16 48 8b 00 48 8d 50
0x00007fae761531a0:   e8 48 85 c0 48 0f 45 c2 c3 0f 1f 80 00 00 00 00
0x00007fae761531b0:   31 c0 c3 66 2e 0f 1f 84 00 00 00 00 00 0f 1f 00
0x00007fae761531c0:   e9 4b 19 09 00 66 2e 0f 1f 84 00 00 00 00 00 90
0x00007fae761531d0:   e9 6b 19 09 00 66 2e 0f 1f 84 00 00 00 00 00 90 


Stack slot to memory mapping:
stack at sp + 0 slots: 0x00007faebdecdfcf: Java_org_bytedeco_llvm_global_LLVM_LLVMGetInstructionParent+0x000000000000002f in /home/crz/.javacpp/cache/llvm-13.0.1-1.5.7-linux-x86_64.jar/org/bytedeco/llvm/linux-x86_64/libjniLLVM.so at 0x00007faebde29000
stack at sp + 1 slots: 0x00007faef0f6b710 is pointing into the stack for thread: 0x00007faeec015800
stack at sp + 2 slots: 0x0 is NULL
stack at sp + 3 slots: {method} {0x00007faebf7cb048} 'LLVMGetInstructionParent' '(Lorg/bytedeco/llvm/LLVM/LLVMValueRef;)Lorg/bytedeco/llvm/LLVM/LLVMBasicBlockRef;' in 'org/bytedeco/llvm/global/LLVM'
stack at sp + 4 slots: 0x00007faed47cea30 is at code_begin+944 in an Interpreter codelet
method entry point (kind = native)  [0x00007faed47ce680, 0x00007faed47cf000]  2432 bytes
stack at sp + 5 slots: 0x00007faed47ce736 is at code_begin+182 in an Interpreter codelet
method entry point (kind = native)  [0x00007faed47ce680, 0x00007faed47cf000]  2432 bytes
stack at sp + 6 slots: 0x00007faef0f6b6c8 is pointing into the stack for thread: 0x00007faeec015800
stack at sp + 7 slots: {method} {0x00007faebf7cb048} 'LLVMGetInstructionParent' '(Lorg/bytedeco/llvm/LLVM/LLVMValueRef;)Lorg/bytedeco/llvm/LLVM/LLVMBasicBlockRef;' in 'org/bytedeco/llvm/global/LLVM'


---------------  P R O C E S S  ---------------

Threads class SMR info:
_java_thread_list=0x00007fae982d99f0, length=13, elements={
0x00007faeec015800, 0x00007faeec1ec000, 0x00007faeec1ee800, 0x00007faeec1f4000,
0x00007faeec1f6000, 0x00007faeec1f8000, 0x00007faeec1fa000, 0x00007faeec1fc000,
0x00007fae9409d800, 0x00007faeec22f000, 0x00007faeec3bd800, 0x00007fae901c6800,
0x00007fae982d8000
}

Java Threads: ( => current thread )
=>0x00007faeec015800 JavaThread "main" [_thread_in_native, id=3366, stack(0x00007faef0e6d000,0x00007faef0f6d000)]
  0x00007faeec1ec000 JavaThread "Reference Handler" daemon [_thread_blocked, id=3373, stack(0x00007faebf079000,0x00007faebf179000)]
  0x00007faeec1ee800 JavaThread "Finalizer" daemon [_thread_blocked, id=3374, stack(0x00007faebef79000,0x00007faebf079000)]
  0x00007faeec1f4000 JavaThread "Signal Dispatcher" daemon [_thread_blocked, id=3375, stack(0x00007faebe88c000,0x00007faebe98c000)]
  0x00007faeec1f6000 JavaThread "Service Thread" daemon [_thread_blocked, id=3376, stack(0x00007faebe78c000,0x00007faebe88c000)]
  0x00007faeec1f8000 JavaThread "C2 CompilerThread0" daemon [_thread_blocked, id=3377, stack(0x00007faebe68c000,0x00007faebe78c000)]
  0x00007faeec1fa000 JavaThread "C1 CompilerThread0" daemon [_thread_blocked, id=3378, stack(0x00007faebe58c000,0x00007faebe68c000)]
  0x00007faeec1fc000 JavaThread "Sweeper thread" daemon [_thread_blocked, id=3379, stack(0x00007faebe48c000,0x00007faebe58c000)]
  0x00007fae9409d800 JavaThread "C1 CompilerThread1" daemon [_thread_blocked, id=3380, stack(0x00007faebe38c000,0x00007faebe48c000)]
  0x00007faeec22f000 JavaThread "Common-Cleaner" daemon [_thread_blocked, id=3382, stack(0x00007faebe18b000,0x00007faebe28b000)]
  0x00007faeec3bd800 JavaThread "JavaCPP Deallocator" daemon [_thread_blocked, id=3383, stack(0x00007faebe042000,0x00007faebe142000)]
  0x00007fae901c6800 JavaThread "C2 CompilerThread1" daemon [_thread_blocked, id=3384, stack(0x00007faebdf42000,0x00007faebe042000)]
  0x00007fae982d8000 JavaThread "C1 CompilerThread2" daemon [_thread_blocked, id=3385, stack(0x00007faebdd29000,0x00007faebde29000)]

Other Threads:
  0x00007faeec1e9800 VMThread "VM Thread" [stack: 0x00007faebf17a000,0x00007faebf27a000] [id=3372]
  0x00007faeec22d000 WatcherThread [stack: 0x00007faebe28c000,0x00007faebe38c000] [id=3381]
  0x00007faeec02f800 GCTaskThread "GC Thread#0" [stack: 0x00007faef0b3d000,0x00007faef0c3d000] [id=3367]
  0x00007faeec08d800 ConcurrentGCThread "G1 Main Marker" [stack: 0x00007faed40c4000,0x00007faed41c4000] [id=3368]
  0x00007faeec08f800 ConcurrentGCThread "G1 Conc#0" [stack: 0x00007faec6c1f000,0x00007faec6d1f000] [id=3369]
  0x00007faeec1ab000 ConcurrentGCThread "G1 Refine#0" [stack: 0x00007faebfbfd000,0x00007faebfcfd000] [id=3370]
  0x00007faeec1ac800 ConcurrentGCThread "G1 Young RemSet Sampling" [stack: 0x00007faebfafc000,0x00007faebfbfc000] [id=3371]

Threads with active compile tasks:

VM state:not at safepoint (normal execution)

VM Mutex/Monitor currently owned by a thread: None

Heap address: 0x0000000708a00000, size: 3958 MB, Compressed Oops mode: Zero based, Oop shift amount: 3
Narrow klass base: 0x0000000800000000, Narrow klass shift: 3
Compressed class space size: 1073741824 Address: 0x0000000840000000

Heap:
 garbage-first heap   total 256000K, used 10960K [0x0000000708a00000, 0x0000000800000000)
  region size 1024K, 11 young (11264K), 0 survivors (0K)
 Metaspace       used 3741K, capacity 6659K, committed 6912K, reserved 1056768K
  class space    used 394K, capacity 686K, committed 768K, reserved 1048576K
Heap Regions: E=young(eden), S=young(survivor), O=old, HS=humongous(starts), HC=humongous(continues), CS=collection set, F=free, A=archive, TAMS=top-at-mark-start (previous, next)
|   0|0x0000000708a00000, 0x0000000708a00000, 0x0000000708b00000|  0%| F|  |TAMS 0x0000000708a00000, 0x0000000708a00000| Untracked 
|   1|0x0000000708b00000, 0x0000000708b00000, 0x0000000708c00000|  0%| F|  |TAMS 0x0000000708b00000, 0x0000000708b00000| Untracked 
|   2|0x0000000708c00000, 0x0000000708c00000, 0x0000000708d00000|  0%| F|  |TAMS 0x0000000708c00000, 0x0000000708c00000| Untracked 
|   3|0x0000000708d00000, 0x0000000708d00000, 0x0000000708e00000|  0%| F|  |TAMS 0x0000000708d00000, 0x0000000708d00000| Untracked 
|   4|0x0000000708e00000, 0x0000000708e00000, 0x0000000708f00000|  0%| F|  |TAMS 0x0000000708e00000, 0x0000000708e00000| Untracked 
|   5|0x0000000708f00000, 0x0000000708f00000, 0x0000000709000000|  0%| F|  |TAMS 0x0000000708f00000, 0x0000000708f00000| Untracked 
|   6|0x0000000709000000, 0x0000000709000000, 0x0000000709100000|  0%| F|  |TAMS 0x0000000709000000, 0x0000000709000000| Untracked 
|   7|0x0000000709100000, 0x0000000709100000, 0x0000000709200000|  0%| F|  |TAMS 0x0000000709100000, 0x0000000709100000| Untracked 
|   8|0x0000000709200000, 0x0000000709200000, 0x0000000709300000|  0%| F|  |TAMS 0x0000000709200000, 0x0000000709200000| Untracked 
|   9|0x0000000709300000, 0x0000000709300000, 0x0000000709400000|  0%| F|  |TAMS 0x0000000709300000, 0x0000000709300000| Untracked 
|  10|0x0000000709400000, 0x0000000709400000, 0x0000000709500000|  0%| F|  |TAMS 0x0000000709400000, 0x0000000709400000| Untracked 
|  11|0x0000000709500000, 0x0000000709500000, 0x0000000709600000|  0%| F|  |TAMS 0x0000000709500000, 0x0000000709500000| Untracked 
|  12|0x0000000709600000, 0x0000000709600000, 0x0000000709700000|  0%| F|  |TAMS 0x0000000709600000, 0x0000000709600000| Untracked 
|  13|0x0000000709700000, 0x0000000709700000, 0x0000000709800000|  0%| F|  |TAMS 0x0000000709700000, 0x0000000709700000| Untracked 
|  14|0x0000000709800000, 0x0000000709800000, 0x0000000709900000|  0%| F|  |TAMS 0x0000000709800000, 0x0000000709800000| Untracked 
|  15|0x0000000709900000, 0x0000000709900000, 0x0000000709a00000|  0%| F|  |TAMS 0x0000000709900000, 0x0000000709900000| Untracked 
|  16|0x0000000709a00000, 0x0000000709a00000, 0x0000000709b00000|  0%| F|  |TAMS 0x0000000709a00000, 0x0000000709a00000| Untracked 
|  17|0x0000000709b00000, 0x0000000709b00000, 0x0000000709c00000|  0%| F|  |TAMS 0x0000000709b00000, 0x0000000709b00000| Untracked 
|  18|0x0000000709c00000, 0x0000000709c00000, 0x0000000709d00000|  0%| F|  |TAMS 0x0000000709c00000, 0x0000000709c00000| Untracked 
|  19|0x0000000709d00000, 0x0000000709d00000, 0x0000000709e00000|  0%| F|  |TAMS 0x0000000709d00000, 0x0000000709d00000| Untracked 
|  20|0x0000000709e00000, 0x0000000709e00000, 0x0000000709f00000|  0%| F|  |TAMS 0x0000000709e00000, 0x0000000709e00000| Untracked 
|  21|0x0000000709f00000, 0x0000000709f00000, 0x000000070a000000|  0%| F|  |TAMS 0x0000000709f00000, 0x0000000709f00000| Untracked 
|  22|0x000000070a000000, 0x000000070a000000, 0x000000070a100000|  0%| F|  |TAMS 0x000000070a000000, 0x000000070a000000| Untracked 
|  23|0x000000070a100000, 0x000000070a100000, 0x000000070a200000|  0%| F|  |TAMS 0x000000070a100000, 0x000000070a100000| Untracked 
|  24|0x000000070a200000, 0x000000070a200000, 0x000000070a300000|  0%| F|  |TAMS 0x000000070a200000, 0x000000070a200000| Untracked 
|  25|0x000000070a300000, 0x000000070a300000, 0x000000070a400000|  0%| F|  |TAMS 0x000000070a300000, 0x000000070a300000| Untracked 
|  26|0x000000070a400000, 0x000000070a400000, 0x000000070a500000|  0%| F|  |TAMS 0x000000070a400000, 0x000000070a400000| Untracked 
|  27|0x000000070a500000, 0x000000070a500000, 0x000000070a600000|  0%| F|  |TAMS 0x000000070a500000, 0x000000070a500000| Untracked 
|  28|0x000000070a600000, 0x000000070a600000, 0x000000070a700000|  0%| F|  |TAMS 0x000000070a600000, 0x000000070a600000| Untracked 
|  29|0x000000070a700000, 0x000000070a700000, 0x000000070a800000|  0%| F|  |TAMS 0x000000070a700000, 0x000000070a700000| Untracked 
|  30|0x000000070a800000, 0x000000070a800000, 0x000000070a900000|  0%| F|  |TAMS 0x000000070a800000, 0x000000070a800000| Untracked 
|  31|0x000000070a900000, 0x000000070a900000, 0x000000070aa00000|  0%| F|  |TAMS 0x000000070a900000, 0x000000070a900000| Untracked 
|  32|0x000000070aa00000, 0x000000070aa00000, 0x000000070ab00000|  0%| F|  |TAMS 0x000000070aa00000, 0x000000070aa00000| Untracked 
|  33|0x000000070ab00000, 0x000000070ab00000, 0x000000070ac00000|  0%| F|  |TAMS 0x000000070ab00000, 0x000000070ab00000| Untracked 
|  34|0x000000070ac00000, 0x000000070ac00000, 0x000000070ad00000|  0%| F|  |TAMS 0x000000070ac00000, 0x000000070ac00000| Untracked 
|  35|0x000000070ad00000, 0x000000070ad00000, 0x000000070ae00000|  0%| F|  |TAMS 0x000000070ad00000, 0x000000070ad00000| Untracked 
|  36|0x000000070ae00000, 0x000000070ae00000, 0x000000070af00000|  0%| F|  |TAMS 0x000000070ae00000, 0x000000070ae00000| Untracked 
|  37|0x000000070af00000, 0x000000070af00000, 0x000000070b000000|  0%| F|  |TAMS 0x000000070af00000, 0x000000070af00000| Untracked 
|  38|0x000000070b000000, 0x000000070b000000, 0x000000070b100000|  0%| F|  |TAMS 0x000000070b000000, 0x000000070b000000| Untracked 
|  39|0x000000070b100000, 0x000000070b100000, 0x000000070b200000|  0%| F|  |TAMS 0x000000070b100000, 0x000000070b100000| Untracked 
|  40|0x000000070b200000, 0x000000070b200000, 0x000000070b300000|  0%| F|  |TAMS 0x000000070b200000, 0x000000070b200000| Untracked 
|  41|0x000000070b300000, 0x000000070b300000, 0x000000070b400000|  0%| F|  |TAMS 0x000000070b300000, 0x000000070b300000| Untracked 
|  42|0x000000070b400000, 0x000000070b400000, 0x000000070b500000|  0%| F|  |TAMS 0x000000070b400000, 0x000000070b400000| Untracked 
|  43|0x000000070b500000, 0x000000070b500000, 0x000000070b600000|  0%| F|  |TAMS 0x000000070b500000, 0x000000070b500000| Untracked 
|  44|0x000000070b600000, 0x000000070b600000, 0x000000070b700000|  0%| F|  |TAMS 0x000000070b600000, 0x000000070b600000| Untracked 
|  45|0x000000070b700000, 0x000000070b700000, 0x000000070b800000|  0%| F|  |TAMS 0x000000070b700000, 0x000000070b700000| Untracked 
|  46|0x000000070b800000, 0x000000070b800000, 0x000000070b900000|  0%| F|  |TAMS 0x000000070b800000, 0x000000070b800000| Untracked 
|  47|0x000000070b900000, 0x000000070b900000, 0x000000070ba00000|  0%| F|  |TAMS 0x000000070b900000, 0x000000070b900000| Untracked 
|  48|0x000000070ba00000, 0x000000070ba00000, 0x000000070bb00000|  0%| F|  |TAMS 0x000000070ba00000, 0x000000070ba00000| Untracked 
|  49|0x000000070bb00000, 0x000000070bb00000, 0x000000070bc00000|  0%| F|  |TAMS 0x000000070bb00000, 0x000000070bb00000| Untracked 
|  50|0x000000070bc00000, 0x000000070bc00000, 0x000000070bd00000|  0%| F|  |TAMS 0x000000070bc00000, 0x000000070bc00000| Untracked 
|  51|0x000000070bd00000, 0x000000070bd00000, 0x000000070be00000|  0%| F|  |TAMS 0x000000070bd00000, 0x000000070bd00000| Untracked 
|  52|0x000000070be00000, 0x000000070be00000, 0x000000070bf00000|  0%| F|  |TAMS 0x000000070be00000, 0x000000070be00000| Untracked 
|  53|0x000000070bf00000, 0x000000070bf00000, 0x000000070c000000|  0%| F|  |TAMS 0x000000070bf00000, 0x000000070bf00000| Untracked 
|  54|0x000000070c000000, 0x000000070c000000, 0x000000070c100000|  0%| F|  |TAMS 0x000000070c000000, 0x000000070c000000| Untracked 
|  55|0x000000070c100000, 0x000000070c100000, 0x000000070c200000|  0%| F|  |TAMS 0x000000070c100000, 0x000000070c100000| Untracked 
|  56|0x000000070c200000, 0x000000070c200000, 0x000000070c300000|  0%| F|  |TAMS 0x000000070c200000, 0x000000070c200000| Untracked 
|  57|0x000000070c300000, 0x000000070c300000, 0x000000070c400000|  0%| F|  |TAMS 0x000000070c300000, 0x000000070c300000| Untracked 
|  58|0x000000070c400000, 0x000000070c400000, 0x000000070c500000|  0%| F|  |TAMS 0x000000070c400000, 0x000000070c400000| Untracked 
|  59|0x000000070c500000, 0x000000070c500000, 0x000000070c600000|  0%| F|  |TAMS 0x000000070c500000, 0x000000070c500000| Untracked 
|  60|0x000000070c600000, 0x000000070c600000, 0x000000070c700000|  0%| F|  |TAMS 0x000000070c600000, 0x000000070c600000| Untracked 
|  61|0x000000070c700000, 0x000000070c700000, 0x000000070c800000|  0%| F|  |TAMS 0x000000070c700000, 0x000000070c700000| Untracked 
|  62|0x000000070c800000, 0x000000070c800000, 0x000000070c900000|  0%| F|  |TAMS 0x000000070c800000, 0x000000070c800000| Untracked 
|  63|0x000000070c900000, 0x000000070c900000, 0x000000070ca00000|  0%| F|  |TAMS 0x000000070c900000, 0x000000070c900000| Untracked 
|  64|0x000000070ca00000, 0x000000070ca00000, 0x000000070cb00000|  0%| F|  |TAMS 0x000000070ca00000, 0x000000070ca00000| Untracked 
|  65|0x000000070cb00000, 0x000000070cb00000, 0x000000070cc00000|  0%| F|  |TAMS 0x000000070cb00000, 0x000000070cb00000| Untracked 
|  66|0x000000070cc00000, 0x000000070cc00000, 0x000000070cd00000|  0%| F|  |TAMS 0x000000070cc00000, 0x000000070cc00000| Untracked 
|  67|0x000000070cd00000, 0x000000070cd00000, 0x000000070ce00000|  0%| F|  |TAMS 0x000000070cd00000, 0x000000070cd00000| Untracked 
|  68|0x000000070ce00000, 0x000000070ce00000, 0x000000070cf00000|  0%| F|  |TAMS 0x000000070ce00000, 0x000000070ce00000| Untracked 
|  69|0x000000070cf00000, 0x000000070cf00000, 0x000000070d000000|  0%| F|  |TAMS 0x000000070cf00000, 0x000000070cf00000| Untracked 
|  70|0x000000070d000000, 0x000000070d000000, 0x000000070d100000|  0%| F|  |TAMS 0x000000070d000000, 0x000000070d000000| Untracked 
|  71|0x000000070d100000, 0x000000070d100000, 0x000000070d200000|  0%| F|  |TAMS 0x000000070d100000, 0x000000070d100000| Untracked 
|  72|0x000000070d200000, 0x000000070d200000, 0x000000070d300000|  0%| F|  |TAMS 0x000000070d200000, 0x000000070d200000| Untracked 
|  73|0x000000070d300000, 0x000000070d300000, 0x000000070d400000|  0%| F|  |TAMS 0x000000070d300000, 0x000000070d300000| Untracked 
|  74|0x000000070d400000, 0x000000070d400000, 0x000000070d500000|  0%| F|  |TAMS 0x000000070d400000, 0x000000070d400000| Untracked 
|  75|0x000000070d500000, 0x000000070d500000, 0x000000070d600000|  0%| F|  |TAMS 0x000000070d500000, 0x000000070d500000| Untracked 
|  76|0x000000070d600000, 0x000000070d600000, 0x000000070d700000|  0%| F|  |TAMS 0x000000070d600000, 0x000000070d600000| Untracked 
|  77|0x000000070d700000, 0x000000070d700000, 0x000000070d800000|  0%| F|  |TAMS 0x000000070d700000, 0x000000070d700000| Untracked 
|  78|0x000000070d800000, 0x000000070d800000, 0x000000070d900000|  0%| F|  |TAMS 0x000000070d800000, 0x000000070d800000| Untracked 
|  79|0x000000070d900000, 0x000000070d900000, 0x000000070da00000|  0%| F|  |TAMS 0x000000070d900000, 0x000000070d900000| Untracked 
|  80|0x000000070da00000, 0x000000070da00000, 0x000000070db00000|  0%| F|  |TAMS 0x000000070da00000, 0x000000070da00000| Untracked 
|  81|0x000000070db00000, 0x000000070db00000, 0x000000070dc00000|  0%| F|  |TAMS 0x000000070db00000, 0x000000070db00000| Untracked 
|  82|0x000000070dc00000, 0x000000070dc00000, 0x000000070dd00000|  0%| F|  |TAMS 0x000000070dc00000, 0x000000070dc00000| Untracked 
|  83|0x000000070dd00000, 0x000000070dd00000, 0x000000070de00000|  0%| F|  |TAMS 0x000000070dd00000, 0x000000070dd00000| Untracked 
|  84|0x000000070de00000, 0x000000070de00000, 0x000000070df00000|  0%| F|  |TAMS 0x000000070de00000, 0x000000070de00000| Untracked 
|  85|0x000000070df00000, 0x000000070df00000, 0x000000070e000000|  0%| F|  |TAMS 0x000000070df00000, 0x000000070df00000| Untracked 
|  86|0x000000070e000000, 0x000000070e000000, 0x000000070e100000|  0%| F|  |TAMS 0x000000070e000000, 0x000000070e000000| Untracked 
|  87|0x000000070e100000, 0x000000070e100000, 0x000000070e200000|  0%| F|  |TAMS 0x000000070e100000, 0x000000070e100000| Untracked 
|  88|0x000000070e200000, 0x000000070e200000, 0x000000070e300000|  0%| F|  |TAMS 0x000000070e200000, 0x000000070e200000| Untracked 
|  89|0x000000070e300000, 0x000000070e300000, 0x000000070e400000|  0%| F|  |TAMS 0x000000070e300000, 0x000000070e300000| Untracked 
|  90|0x000000070e400000, 0x000000070e400000, 0x000000070e500000|  0%| F|  |TAMS 0x000000070e400000, 0x000000070e400000| Untracked 
|  91|0x000000070e500000, 0x000000070e500000, 0x000000070e600000|  0%| F|  |TAMS 0x000000070e500000, 0x000000070e500000| Untracked 
|  92|0x000000070e600000, 0x000000070e600000, 0x000000070e700000|  0%| F|  |TAMS 0x000000070e600000, 0x000000070e600000| Untracked 
|  93|0x000000070e700000, 0x000000070e700000, 0x000000070e800000|  0%| F|  |TAMS 0x000000070e700000, 0x000000070e700000| Untracked 
|  94|0x000000070e800000, 0x000000070e800000, 0x000000070e900000|  0%| F|  |TAMS 0x000000070e800000, 0x000000070e800000| Untracked 
|  95|0x000000070e900000, 0x000000070e900000, 0x000000070ea00000|  0%| F|  |TAMS 0x000000070e900000, 0x000000070e900000| Untracked 
|  96|0x000000070ea00000, 0x000000070ea00000, 0x000000070eb00000|  0%| F|  |TAMS 0x000000070ea00000, 0x000000070ea00000| Untracked 
|  97|0x000000070eb00000, 0x000000070eb00000, 0x000000070ec00000|  0%| F|  |TAMS 0x000000070eb00000, 0x000000070eb00000| Untracked 
|  98|0x000000070ec00000, 0x000000070ec00000, 0x000000070ed00000|  0%| F|  |TAMS 0x000000070ec00000, 0x000000070ec00000| Untracked 
|  99|0x000000070ed00000, 0x000000070ed00000, 0x000000070ee00000|  0%| F|  |TAMS 0x000000070ed00000, 0x000000070ed00000| Untracked 
| 100|0x000000070ee00000, 0x000000070ee00000, 0x000000070ef00000|  0%| F|  |TAMS 0x000000070ee00000, 0x000000070ee00000| Untracked 
| 101|0x000000070ef00000, 0x000000070ef00000, 0x000000070f000000|  0%| F|  |TAMS 0x000000070ef00000, 0x000000070ef00000| Untracked 
| 102|0x000000070f000000, 0x000000070f000000, 0x000000070f100000|  0%| F|  |TAMS 0x000000070f000000, 0x000000070f000000| Untracked 
| 103|0x000000070f100000, 0x000000070f100000, 0x000000070f200000|  0%| F|  |TAMS 0x000000070f100000, 0x000000070f100000| Untracked 
| 104|0x000000070f200000, 0x000000070f200000, 0x000000070f300000|  0%| F|  |TAMS 0x000000070f200000, 0x000000070f200000| Untracked 
| 105|0x000000070f300000, 0x000000070f300000, 0x000000070f400000|  0%| F|  |TAMS 0x000000070f300000, 0x000000070f300000| Untracked 
| 106|0x000000070f400000, 0x000000070f400000, 0x000000070f500000|  0%| F|  |TAMS 0x000000070f400000, 0x000000070f400000| Untracked 
| 107|0x000000070f500000, 0x000000070f500000, 0x000000070f600000|  0%| F|  |TAMS 0x000000070f500000, 0x000000070f500000| Untracked 
| 108|0x000000070f600000, 0x000000070f600000, 0x000000070f700000|  0%| F|  |TAMS 0x000000070f600000, 0x000000070f600000| Untracked 
| 109|0x000000070f700000, 0x000000070f700000, 0x000000070f800000|  0%| F|  |TAMS 0x000000070f700000, 0x000000070f700000| Untracked 
| 110|0x000000070f800000, 0x000000070f800000, 0x000000070f900000|  0%| F|  |TAMS 0x000000070f800000, 0x000000070f800000| Untracked 
| 111|0x000000070f900000, 0x000000070f900000, 0x000000070fa00000|  0%| F|  |TAMS 0x000000070f900000, 0x000000070f900000| Untracked 
| 112|0x000000070fa00000, 0x000000070fa00000, 0x000000070fb00000|  0%| F|  |TAMS 0x000000070fa00000, 0x000000070fa00000| Untracked 
| 113|0x000000070fb00000, 0x000000070fb00000, 0x000000070fc00000|  0%| F|  |TAMS 0x000000070fb00000, 0x000000070fb00000| Untracked 
| 114|0x000000070fc00000, 0x000000070fc00000, 0x000000070fd00000|  0%| F|  |TAMS 0x000000070fc00000, 0x000000070fc00000| Untracked 
| 115|0x000000070fd00000, 0x000000070fd00000, 0x000000070fe00000|  0%| F|  |TAMS 0x000000070fd00000, 0x000000070fd00000| Untracked 
| 116|0x000000070fe00000, 0x000000070fe00000, 0x000000070ff00000|  0%| F|  |TAMS 0x000000070fe00000, 0x000000070fe00000| Untracked 
| 117|0x000000070ff00000, 0x000000070ff00000, 0x0000000710000000|  0%| F|  |TAMS 0x000000070ff00000, 0x000000070ff00000| Untracked 
| 118|0x0000000710000000, 0x0000000710000000, 0x0000000710100000|  0%| F|  |TAMS 0x0000000710000000, 0x0000000710000000| Untracked 
| 119|0x0000000710100000, 0x0000000710100000, 0x0000000710200000|  0%| F|  |TAMS 0x0000000710100000, 0x0000000710100000| Untracked 
| 120|0x0000000710200000, 0x0000000710200000, 0x0000000710300000|  0%| F|  |TAMS 0x0000000710200000, 0x0000000710200000| Untracked 
| 121|0x0000000710300000, 0x0000000710300000, 0x0000000710400000|  0%| F|  |TAMS 0x0000000710300000, 0x0000000710300000| Untracked 
| 122|0x0000000710400000, 0x0000000710400000, 0x0000000710500000|  0%| F|  |TAMS 0x0000000710400000, 0x0000000710400000| Untracked 
| 123|0x0000000710500000, 0x0000000710500000, 0x0000000710600000|  0%| F|  |TAMS 0x0000000710500000, 0x0000000710500000| Untracked 
| 124|0x0000000710600000, 0x0000000710600000, 0x0000000710700000|  0%| F|  |TAMS 0x0000000710600000, 0x0000000710600000| Untracked 
| 125|0x0000000710700000, 0x0000000710700000, 0x0000000710800000|  0%| F|  |TAMS 0x0000000710700000, 0x0000000710700000| Untracked 
| 126|0x0000000710800000, 0x0000000710800000, 0x0000000710900000|  0%| F|  |TAMS 0x0000000710800000, 0x0000000710800000| Untracked 
| 127|0x0000000710900000, 0x0000000710900000, 0x0000000710a00000|  0%| F|  |TAMS 0x0000000710900000, 0x0000000710900000| Untracked 
| 128|0x0000000710a00000, 0x0000000710a00000, 0x0000000710b00000|  0%| F|  |TAMS 0x0000000710a00000, 0x0000000710a00000| Untracked 
| 129|0x0000000710b00000, 0x0000000710b00000, 0x0000000710c00000|  0%| F|  |TAMS 0x0000000710b00000, 0x0000000710b00000| Untracked 
| 130|0x0000000710c00000, 0x0000000710c00000, 0x0000000710d00000|  0%| F|  |TAMS 0x0000000710c00000, 0x0000000710c00000| Untracked 
| 131|0x0000000710d00000, 0x0000000710d00000, 0x0000000710e00000|  0%| F|  |TAMS 0x0000000710d00000, 0x0000000710d00000| Untracked 
| 132|0x0000000710e00000, 0x0000000710e00000, 0x0000000710f00000|  0%| F|  |TAMS 0x0000000710e00000, 0x0000000710e00000| Untracked 
| 133|0x0000000710f00000, 0x0000000710f00000, 0x0000000711000000|  0%| F|  |TAMS 0x0000000710f00000, 0x0000000710f00000| Untracked 
| 134|0x0000000711000000, 0x0000000711000000, 0x0000000711100000|  0%| F|  |TAMS 0x0000000711000000, 0x0000000711000000| Untracked 
| 135|0x0000000711100000, 0x0000000711100000, 0x0000000711200000|  0%| F|  |TAMS 0x0000000711100000, 0x0000000711100000| Untracked 
| 136|0x0000000711200000, 0x0000000711200000, 0x0000000711300000|  0%| F|  |TAMS 0x0000000711200000, 0x0000000711200000| Untracked 
| 137|0x0000000711300000, 0x0000000711300000, 0x0000000711400000|  0%| F|  |TAMS 0x0000000711300000, 0x0000000711300000| Untracked 
| 138|0x0000000711400000, 0x0000000711400000, 0x0000000711500000|  0%| F|  |TAMS 0x0000000711400000, 0x0000000711400000| Untracked 
| 139|0x0000000711500000, 0x0000000711500000, 0x0000000711600000|  0%| F|  |TAMS 0x0000000711500000, 0x0000000711500000| Untracked 
| 140|0x0000000711600000, 0x0000000711600000, 0x0000000711700000|  0%| F|  |TAMS 0x0000000711600000, 0x0000000711600000| Untracked 
| 141|0x0000000711700000, 0x0000000711700000, 0x0000000711800000|  0%| F|  |TAMS 0x0000000711700000, 0x0000000711700000| Untracked 
| 142|0x0000000711800000, 0x0000000711800000, 0x0000000711900000|  0%| F|  |TAMS 0x0000000711800000, 0x0000000711800000| Untracked 
| 143|0x0000000711900000, 0x0000000711900000, 0x0000000711a00000|  0%| F|  |TAMS 0x0000000711900000, 0x0000000711900000| Untracked 
| 144|0x0000000711a00000, 0x0000000711a00000, 0x0000000711b00000|  0%| F|  |TAMS 0x0000000711a00000, 0x0000000711a00000| Untracked 
| 145|0x0000000711b00000, 0x0000000711b00000, 0x0000000711c00000|  0%| F|  |TAMS 0x0000000711b00000, 0x0000000711b00000| Untracked 
| 146|0x0000000711c00000, 0x0000000711c00000, 0x0000000711d00000|  0%| F|  |TAMS 0x0000000711c00000, 0x0000000711c00000| Untracked 
| 147|0x0000000711d00000, 0x0000000711d00000, 0x0000000711e00000|  0%| F|  |TAMS 0x0000000711d00000, 0x0000000711d00000| Untracked 
| 148|0x0000000711e00000, 0x0000000711e00000, 0x0000000711f00000|  0%| F|  |TAMS 0x0000000711e00000, 0x0000000711e00000| Untracked 
| 149|0x0000000711f00000, 0x0000000711f00000, 0x0000000712000000|  0%| F|  |TAMS 0x0000000711f00000, 0x0000000711f00000| Untracked 
| 150|0x0000000712000000, 0x0000000712000000, 0x0000000712100000|  0%| F|  |TAMS 0x0000000712000000, 0x0000000712000000| Untracked 
| 151|0x0000000712100000, 0x0000000712100000, 0x0000000712200000|  0%| F|  |TAMS 0x0000000712100000, 0x0000000712100000| Untracked 
| 152|0x0000000712200000, 0x0000000712200000, 0x0000000712300000|  0%| F|  |TAMS 0x0000000712200000, 0x0000000712200000| Untracked 
| 153|0x0000000712300000, 0x0000000712300000, 0x0000000712400000|  0%| F|  |TAMS 0x0000000712300000, 0x0000000712300000| Untracked 
| 154|0x0000000712400000, 0x0000000712400000, 0x0000000712500000|  0%| F|  |TAMS 0x0000000712400000, 0x0000000712400000| Untracked 
| 155|0x0000000712500000, 0x0000000712500000, 0x0000000712600000|  0%| F|  |TAMS 0x0000000712500000, 0x0000000712500000| Untracked 
| 156|0x0000000712600000, 0x0000000712600000, 0x0000000712700000|  0%| F|  |TAMS 0x0000000712600000, 0x0000000712600000| Untracked 
| 157|0x0000000712700000, 0x0000000712700000, 0x0000000712800000|  0%| F|  |TAMS 0x0000000712700000, 0x0000000712700000| Untracked 
| 158|0x0000000712800000, 0x0000000712800000, 0x0000000712900000|  0%| F|  |TAMS 0x0000000712800000, 0x0000000712800000| Untracked 
| 159|0x0000000712900000, 0x0000000712900000, 0x0000000712a00000|  0%| F|  |TAMS 0x0000000712900000, 0x0000000712900000| Untracked 
| 160|0x0000000712a00000, 0x0000000712a00000, 0x0000000712b00000|  0%| F|  |TAMS 0x0000000712a00000, 0x0000000712a00000| Untracked 
| 161|0x0000000712b00000, 0x0000000712b00000, 0x0000000712c00000|  0%| F|  |TAMS 0x0000000712b00000, 0x0000000712b00000| Untracked 
| 162|0x0000000712c00000, 0x0000000712c00000, 0x0000000712d00000|  0%| F|  |TAMS 0x0000000712c00000, 0x0000000712c00000| Untracked 
| 163|0x0000000712d00000, 0x0000000712d00000, 0x0000000712e00000|  0%| F|  |TAMS 0x0000000712d00000, 0x0000000712d00000| Untracked 
| 164|0x0000000712e00000, 0x0000000712e00000, 0x0000000712f00000|  0%| F|  |TAMS 0x0000000712e00000, 0x0000000712e00000| Untracked 
| 165|0x0000000712f00000, 0x0000000712f00000, 0x0000000713000000|  0%| F|  |TAMS 0x0000000712f00000, 0x0000000712f00000| Untracked 
| 166|0x0000000713000000, 0x0000000713000000, 0x0000000713100000|  0%| F|  |TAMS 0x0000000713000000, 0x0000000713000000| Untracked 
| 167|0x0000000713100000, 0x0000000713100000, 0x0000000713200000|  0%| F|  |TAMS 0x0000000713100000, 0x0000000713100000| Untracked 
| 168|0x0000000713200000, 0x0000000713200000, 0x0000000713300000|  0%| F|  |TAMS 0x0000000713200000, 0x0000000713200000| Untracked 
| 169|0x0000000713300000, 0x0000000713300000, 0x0000000713400000|  0%| F|  |TAMS 0x0000000713300000, 0x0000000713300000| Untracked 
| 170|0x0000000713400000, 0x0000000713400000, 0x0000000713500000|  0%| F|  |TAMS 0x0000000713400000, 0x0000000713400000| Untracked 
| 171|0x0000000713500000, 0x0000000713500000, 0x0000000713600000|  0%| F|  |TAMS 0x0000000713500000, 0x0000000713500000| Untracked 
| 172|0x0000000713600000, 0x0000000713600000, 0x0000000713700000|  0%| F|  |TAMS 0x0000000713600000, 0x0000000713600000| Untracked 
| 173|0x0000000713700000, 0x0000000713700000, 0x0000000713800000|  0%| F|  |TAMS 0x0000000713700000, 0x0000000713700000| Untracked 
| 174|0x0000000713800000, 0x0000000713800000, 0x0000000713900000|  0%| F|  |TAMS 0x0000000713800000, 0x0000000713800000| Untracked 
| 175|0x0000000713900000, 0x0000000713900000, 0x0000000713a00000|  0%| F|  |TAMS 0x0000000713900000, 0x0000000713900000| Untracked 
| 176|0x0000000713a00000, 0x0000000713a00000, 0x0000000713b00000|  0%| F|  |TAMS 0x0000000713a00000, 0x0000000713a00000| Untracked 
| 177|0x0000000713b00000, 0x0000000713b00000, 0x0000000713c00000|  0%| F|  |TAMS 0x0000000713b00000, 0x0000000713b00000| Untracked 
| 178|0x0000000713c00000, 0x0000000713c00000, 0x0000000713d00000|  0%| F|  |TAMS 0x0000000713c00000, 0x0000000713c00000| Untracked 
| 179|0x0000000713d00000, 0x0000000713d00000, 0x0000000713e00000|  0%| F|  |TAMS 0x0000000713d00000, 0x0000000713d00000| Untracked 
| 180|0x0000000713e00000, 0x0000000713e00000, 0x0000000713f00000|  0%| F|  |TAMS 0x0000000713e00000, 0x0000000713e00000| Untracked 
| 181|0x0000000713f00000, 0x0000000713f00000, 0x0000000714000000|  0%| F|  |TAMS 0x0000000713f00000, 0x0000000713f00000| Untracked 
| 182|0x0000000714000000, 0x0000000714000000, 0x0000000714100000|  0%| F|  |TAMS 0x0000000714000000, 0x0000000714000000| Untracked 
| 183|0x0000000714100000, 0x0000000714100000, 0x0000000714200000|  0%| F|  |TAMS 0x0000000714100000, 0x0000000714100000| Untracked 
| 184|0x0000000714200000, 0x0000000714200000, 0x0000000714300000|  0%| F|  |TAMS 0x0000000714200000, 0x0000000714200000| Untracked 
| 185|0x0000000714300000, 0x0000000714300000, 0x0000000714400000|  0%| F|  |TAMS 0x0000000714300000, 0x0000000714300000| Untracked 
| 186|0x0000000714400000, 0x0000000714400000, 0x0000000714500000|  0%| F|  |TAMS 0x0000000714400000, 0x0000000714400000| Untracked 
| 187|0x0000000714500000, 0x0000000714500000, 0x0000000714600000|  0%| F|  |TAMS 0x0000000714500000, 0x0000000714500000| Untracked 
| 188|0x0000000714600000, 0x0000000714600000, 0x0000000714700000|  0%| F|  |TAMS 0x0000000714600000, 0x0000000714600000| Untracked 
| 189|0x0000000714700000, 0x0000000714700000, 0x0000000714800000|  0%| F|  |TAMS 0x0000000714700000, 0x0000000714700000| Untracked 
| 190|0x0000000714800000, 0x0000000714800000, 0x0000000714900000|  0%| F|  |TAMS 0x0000000714800000, 0x0000000714800000| Untracked 
| 191|0x0000000714900000, 0x0000000714900000, 0x0000000714a00000|  0%| F|  |TAMS 0x0000000714900000, 0x0000000714900000| Untracked 
| 192|0x0000000714a00000, 0x0000000714a00000, 0x0000000714b00000|  0%| F|  |TAMS 0x0000000714a00000, 0x0000000714a00000| Untracked 
| 193|0x0000000714b00000, 0x0000000714b00000, 0x0000000714c00000|  0%| F|  |TAMS 0x0000000714b00000, 0x0000000714b00000| Untracked 
| 194|0x0000000714c00000, 0x0000000714c00000, 0x0000000714d00000|  0%| F|  |TAMS 0x0000000714c00000, 0x0000000714c00000| Untracked 
| 195|0x0000000714d00000, 0x0000000714d00000, 0x0000000714e00000|  0%| F|  |TAMS 0x0000000714d00000, 0x0000000714d00000| Untracked 
| 196|0x0000000714e00000, 0x0000000714e00000, 0x0000000714f00000|  0%| F|  |TAMS 0x0000000714e00000, 0x0000000714e00000| Untracked 
| 197|0x0000000714f00000, 0x0000000714f00000, 0x0000000715000000|  0%| F|  |TAMS 0x0000000714f00000, 0x0000000714f00000| Untracked 
| 198|0x0000000715000000, 0x0000000715000000, 0x0000000715100000|  0%| F|  |TAMS 0x0000000715000000, 0x0000000715000000| Untracked 
| 199|0x0000000715100000, 0x0000000715100000, 0x0000000715200000|  0%| F|  |TAMS 0x0000000715100000, 0x0000000715100000| Untracked 
| 200|0x0000000715200000, 0x0000000715200000, 0x0000000715300000|  0%| F|  |TAMS 0x0000000715200000, 0x0000000715200000| Untracked 
| 201|0x0000000715300000, 0x0000000715300000, 0x0000000715400000|  0%| F|  |TAMS 0x0000000715300000, 0x0000000715300000| Untracked 
| 202|0x0000000715400000, 0x0000000715400000, 0x0000000715500000|  0%| F|  |TAMS 0x0000000715400000, 0x0000000715400000| Untracked 
| 203|0x0000000715500000, 0x0000000715500000, 0x0000000715600000|  0%| F|  |TAMS 0x0000000715500000, 0x0000000715500000| Untracked 
| 204|0x0000000715600000, 0x0000000715600000, 0x0000000715700000|  0%| F|  |TAMS 0x0000000715600000, 0x0000000715600000| Untracked 
| 205|0x0000000715700000, 0x0000000715700000, 0x0000000715800000|  0%| F|  |TAMS 0x0000000715700000, 0x0000000715700000| Untracked 
| 206|0x0000000715800000, 0x0000000715800000, 0x0000000715900000|  0%| F|  |TAMS 0x0000000715800000, 0x0000000715800000| Untracked 
| 207|0x0000000715900000, 0x0000000715900000, 0x0000000715a00000|  0%| F|  |TAMS 0x0000000715900000, 0x0000000715900000| Untracked 
| 208|0x0000000715a00000, 0x0000000715a00000, 0x0000000715b00000|  0%| F|  |TAMS 0x0000000715a00000, 0x0000000715a00000| Untracked 
| 209|0x0000000715b00000, 0x0000000715b00000, 0x0000000715c00000|  0%| F|  |TAMS 0x0000000715b00000, 0x0000000715b00000| Untracked 
| 210|0x0000000715c00000, 0x0000000715c00000, 0x0000000715d00000|  0%| F|  |TAMS 0x0000000715c00000, 0x0000000715c00000| Untracked 
| 211|0x0000000715d00000, 0x0000000715d00000, 0x0000000715e00000|  0%| F|  |TAMS 0x0000000715d00000, 0x0000000715d00000| Untracked 
| 212|0x0000000715e00000, 0x0000000715e00000, 0x0000000715f00000|  0%| F|  |TAMS 0x0000000715e00000, 0x0000000715e00000| Untracked 
| 213|0x0000000715f00000, 0x0000000715f00000, 0x0000000716000000|  0%| F|  |TAMS 0x0000000715f00000, 0x0000000715f00000| Untracked 
| 214|0x0000000716000000, 0x0000000716000000, 0x0000000716100000|  0%| F|  |TAMS 0x0000000716000000, 0x0000000716000000| Untracked 
| 215|0x0000000716100000, 0x0000000716100000, 0x0000000716200000|  0%| F|  |TAMS 0x0000000716100000, 0x0000000716100000| Untracked 
| 216|0x0000000716200000, 0x0000000716200000, 0x0000000716300000|  0%| F|  |TAMS 0x0000000716200000, 0x0000000716200000| Untracked 
| 217|0x0000000716300000, 0x0000000716300000, 0x0000000716400000|  0%| F|  |TAMS 0x0000000716300000, 0x0000000716300000| Untracked 
| 218|0x0000000716400000, 0x0000000716400000, 0x0000000716500000|  0%| F|  |TAMS 0x0000000716400000, 0x0000000716400000| Untracked 
| 219|0x0000000716500000, 0x0000000716500000, 0x0000000716600000|  0%| F|  |TAMS 0x0000000716500000, 0x0000000716500000| Untracked 
| 220|0x0000000716600000, 0x0000000716600000, 0x0000000716700000|  0%| F|  |TAMS 0x0000000716600000, 0x0000000716600000| Untracked 
| 221|0x0000000716700000, 0x0000000716700000, 0x0000000716800000|  0%| F|  |TAMS 0x0000000716700000, 0x0000000716700000| Untracked 
| 222|0x0000000716800000, 0x0000000716800000, 0x0000000716900000|  0%| F|  |TAMS 0x0000000716800000, 0x0000000716800000| Untracked 
| 223|0x0000000716900000, 0x0000000716900000, 0x0000000716a00000|  0%| F|  |TAMS 0x0000000716900000, 0x0000000716900000| Untracked 
| 224|0x0000000716a00000, 0x0000000716a00000, 0x0000000716b00000|  0%| F|  |TAMS 0x0000000716a00000, 0x0000000716a00000| Untracked 
| 225|0x0000000716b00000, 0x0000000716b00000, 0x0000000716c00000|  0%| F|  |TAMS 0x0000000716b00000, 0x0000000716b00000| Untracked 
| 226|0x0000000716c00000, 0x0000000716c00000, 0x0000000716d00000|  0%| F|  |TAMS 0x0000000716c00000, 0x0000000716c00000| Untracked 
| 227|0x0000000716d00000, 0x0000000716d00000, 0x0000000716e00000|  0%| F|  |TAMS 0x0000000716d00000, 0x0000000716d00000| Untracked 
| 228|0x0000000716e00000, 0x0000000716e00000, 0x0000000716f00000|  0%| F|  |TAMS 0x0000000716e00000, 0x0000000716e00000| Untracked 
| 229|0x0000000716f00000, 0x0000000716f00000, 0x0000000717000000|  0%| F|  |TAMS 0x0000000716f00000, 0x0000000716f00000| Untracked 
| 230|0x0000000717000000, 0x0000000717000000, 0x0000000717100000|  0%| F|  |TAMS 0x0000000717000000, 0x0000000717000000| Untracked 
| 231|0x0000000717100000, 0x0000000717100000, 0x0000000717200000|  0%| F|  |TAMS 0x0000000717100000, 0x0000000717100000| Untracked 
| 232|0x0000000717200000, 0x0000000717200000, 0x0000000717300000|  0%| F|  |TAMS 0x0000000717200000, 0x0000000717200000| Untracked 
| 233|0x0000000717300000, 0x0000000717300000, 0x0000000717400000|  0%| F|  |TAMS 0x0000000717300000, 0x0000000717300000| Untracked 
| 234|0x0000000717400000, 0x0000000717400000, 0x0000000717500000|  0%| F|  |TAMS 0x0000000717400000, 0x0000000717400000| Untracked 
| 235|0x0000000717500000, 0x0000000717500000, 0x0000000717600000|  0%| F|  |TAMS 0x0000000717500000, 0x0000000717500000| Untracked 
| 236|0x0000000717600000, 0x0000000717600000, 0x0000000717700000|  0%| F|  |TAMS 0x0000000717600000, 0x0000000717600000| Untracked 
| 237|0x0000000717700000, 0x00000007177f68c0, 0x0000000717800000| 96%| E|  |TAMS 0x0000000717700000, 0x0000000717700000| Complete 
| 238|0x0000000717800000, 0x0000000717900000, 0x0000000717900000|100%| E|CS|TAMS 0x0000000717800000, 0x0000000717800000| Complete 
| 239|0x0000000717900000, 0x0000000717a00000, 0x0000000717a00000|100%| E|CS|TAMS 0x0000000717900000, 0x0000000717900000| Complete 
| 240|0x0000000717a00000, 0x0000000717b00000, 0x0000000717b00000|100%| E|CS|TAMS 0x0000000717a00000, 0x0000000717a00000| Complete 
| 241|0x0000000717b00000, 0x0000000717c00000, 0x0000000717c00000|100%| E|CS|TAMS 0x0000000717b00000, 0x0000000717b00000| Complete 
| 242|0x0000000717c00000, 0x0000000717d00000, 0x0000000717d00000|100%| E|CS|TAMS 0x0000000717c00000, 0x0000000717c00000| Complete 
| 243|0x0000000717d00000, 0x0000000717e00000, 0x0000000717e00000|100%| E|CS|TAMS 0x0000000717d00000, 0x0000000717d00000| Complete 
| 244|0x0000000717e00000, 0x0000000717f00000, 0x0000000717f00000|100%| E|CS|TAMS 0x0000000717e00000, 0x0000000717e00000| Complete 
| 245|0x0000000717f00000, 0x0000000718000000, 0x0000000718000000|100%| E|CS|TAMS 0x0000000717f00000, 0x0000000717f00000| Complete 
| 246|0x0000000718000000, 0x0000000718100000, 0x0000000718100000|100%| E|CS|TAMS 0x0000000718000000, 0x0000000718000000| Complete 
| 247|0x0000000718100000, 0x0000000718200000, 0x0000000718200000|100%| E|CS|TAMS 0x0000000718100000, 0x0000000718100000| Complete 
|2932|0x00000007bfe00000, 0x00000007bfe48000, 0x00000007bff00000| 28%|OA|  |TAMS 0x00000007bfe00000, 0x00000007bfe00000| Untracked 
|2933|0x00000007bff00000, 0x00000007bff6c000, 0x00000007c0000000| 42%|CA|  |TAMS 0x00000007bff00000, 0x00000007bff00000| Untracked 

Card table byte_map: [0x00007faecf08a000,0x00007faecf845000] _byte_map_base: 0x00007faecb845000

Marking Bits (Prev, Next): (CMBitMap*) 0x00007faeec07d4a8, (CMBitMap*) 0x00007faeec07d4e0
 Prev Bits: [0x00007faecaaf7000, 0x00007faece8cf000)
 Next Bits: [0x00007faec6d1f000, 0x00007faecaaf7000)

Polling page: 0x00007faef27db000

Metaspace:

Usage:
  Non-class:      5.83 MB capacity,     3.27 MB ( 56%) used,     2.56 MB ( 44%) free+waste,     6.38 KB ( <1%) overhead. 
      Class:    686.00 KB capacity,   394.49 KB ( 58%) used,   288.32 KB ( 42%) free+waste,     3.19 KB ( <1%) overhead. 
       Both:      6.50 MB capacity,     3.65 MB ( 56%) used,     2.84 MB ( 44%) free+waste,     9.56 KB ( <1%) overhead. 

Virtual space:
  Non-class space:        8.00 MB reserved,       6.00 MB ( 75%) committed 
      Class space:        1.00 GB reserved,     768.00 KB ( <1%) committed 
             Both:        1.01 GB reserved,       6.75 MB ( <1%) committed 

Chunk freelists:
   Non-Class:  63.00 KB
       Class:  0 bytes
        Both:  63.00 KB

MaxMetaspaceSize: unlimited
CompressedClassSpaceSize: 1.00 GB
Initial GC threshold: 20.80 MB
Current GC threshold: 20.80 MB
CDS: on

CodeHeap 'non-profiled nmethods': size=119172Kb used=221Kb max_used=221Kb free=118951Kb
 bounds [0x00007faedc35e000, 0x00007faedc5ce000, 0x00007faee37bf000]
CodeHeap 'profiled nmethods': size=119168Kb used=1644Kb max_used=1644Kb free=117523Kb
 bounds [0x00007faed4efe000, 0x00007faed516e000, 0x00007faedc35e000]
CodeHeap 'non-nmethods': size=7420Kb used=2272Kb max_used=2286Kb free=5147Kb
 bounds [0x00007faed47bf000, 0x00007faed4a2f000, 0x00007faed4efe000]
 total_blobs=1277 nmethods=871 adapters=318
 compilation: enabled
              stopped_count=0, restarted_count=0
 full_count=0

Compilation events (20 events):
Event: 0.136 Thread 0x00007faeec1f8000 nmethod 859 0x00007faedc393890 code [0x00007faedc393a20, 0x00007faedc393ad8]
Event: 0.136 Thread 0x00007faeec1f8000  857       4       java.util.HashMap::get (23 bytes)
Event: 0.136 Thread 0x00007faeec1fa000  865       3       java.lang.Integer::equals (29 bytes)
Event: 0.136 Thread 0x00007fae982d8000  866       3       java.util.HashMap::containsKey (18 bytes)
Event: 0.136 Thread 0x00007faeec1fa000 nmethod 865 0x00007faed5094810 code [0x00007faed50949e0, 0x00007faed5094dd0]
Event: 0.137 Thread 0x00007fae9409d800  867   !   3       java.nio.charset.Charset::defaultCharset (53 bytes)
Event: 0.137 Thread 0x00007fae982d8000 nmethod 866 0x00007faed5094e90 code [0x00007faed5095060, 0x00007faed50953b0]
Event: 0.137 Thread 0x00007fae982d8000  868       3       java.lang.String::<init> (9 bytes)
Event: 0.137 Thread 0x00007fae982d8000 nmethod 868 0x00007faed5095510 code [0x00007faed50956c0, 0x00007faed5095820]
Event: 0.137 Thread 0x00007fae982d8000  869       3       java.lang.String::<init> (38 bytes)
Event: 0.137 Thread 0x00007faeec1fa000  870       3       java.lang.StringCoding::decode (112 bytes)
Event: 0.137 Thread 0x00007fae9409d800 nmethod 867 0x00007faed5095910 code [0x00007faed5095bc0, 0x00007faed50968b0]
Event: 0.137 Thread 0x00007fae9409d800  871       3       java.util.HashSet::contains (9 bytes)
Event: 0.137 Thread 0x00007fae9409d800 nmethod 871 0x00007faed5096d90 code [0x00007faed5096f80, 0x00007faed50973d0]
Event: 0.137 Thread 0x00007fae982d8000 nmethod 869 0x00007faed5097510 code [0x00007faed50976e0, 0x00007faed5097950]
Event: 0.137 Thread 0x00007faeec1fa000 nmethod 870 0x00007faed5097a90 code [0x00007faed5097d80, 0x00007faed5098dd0]
Event: 0.138 Thread 0x00007faeec1f8000 nmethod 857 0x00007faedc393b90 code [0x00007faedc393d40, 0x00007faedc393ff8]
Event: 0.138 Thread 0x00007faeec1f8000  864       4       org.bytedeco.javacpp.Pointer::hashCode (6 bytes)
Event: 0.138 Thread 0x00007faeec1f8000 nmethod 864 0x00007faedc394210 code [0x00007faedc3943a0, 0x00007faedc394418]
Event: 0.140 Thread 0x00007fae901c6800 nmethod 852 0x00007faedc394510 code [0x00007faedc394700, 0x00007faedc394f10]

GC Heap History (0 events):
No events

Deoptimization events (20 events):
Event: 0.094 Thread 0x00007faeec015800 DEOPT PACKING pc=0x00007faed4f2464f sp=0x00007faef0f6a500
Event: 0.094 Thread 0x00007faeec015800 DEOPT UNPACKING pc=0x00007faed480964a sp=0x00007faef0f699a8 mode 0
Event: 0.095 Thread 0x00007faeec015800 DEOPT PACKING pc=0x00007faed4f2464f sp=0x00007faef0f6a520
Event: 0.095 Thread 0x00007faeec015800 DEOPT UNPACKING pc=0x00007faed480964a sp=0x00007faef0f699c8 mode 0
Event: 0.115 Thread 0x00007faeec015800 Uncommon trap: trap_request=0xffffffc6 fr.pc=0x00007faedc385c14 relative=0x00000000000003b4
Event: 0.115 Thread 0x00007faeec015800 Uncommon trap: reason=bimorphic_or_optimized_type_check action=maybe_recompile pc=0x00007faedc385c14 method=java.util.HashMap.getNode(ILjava/lang/Object;)Ljava/util/HashMap$Node; @ 126 c2
Event: 0.115 Thread 0x00007faeec015800 DEOPT PACKING pc=0x00007faedc385c14 sp=0x00007faef0f6b0e0
Event: 0.115 Thread 0x00007faeec015800 DEOPT UNPACKING pc=0x00007faed4808ea5 sp=0x00007faef0f6b078 mode 2
Event: 0.119 Thread 0x00007faeec015800 Uncommon trap: trap_request=0xffffffc6 fr.pc=0x00007faedc385c14 relative=0x00000000000003b4
Event: 0.119 Thread 0x00007faeec015800 Uncommon trap: reason=bimorphic_or_optimized_type_check action=maybe_recompile pc=0x00007faedc385c14 method=java.util.HashMap.getNode(ILjava/lang/Object;)Ljava/util/HashMap$Node; @ 126 c2
Event: 0.119 Thread 0x00007faeec015800 DEOPT PACKING pc=0x00007faedc385c14 sp=0x00007faef0f6b0e0
Event: 0.119 Thread 0x00007faeec015800 DEOPT UNPACKING pc=0x00007faed4808ea5 sp=0x00007faef0f6b078 mode 2
Event: 0.135 Thread 0x00007faeec015800 Uncommon trap: trap_request=0xffffffc6 fr.pc=0x00007faedc385c14 relative=0x00000000000003b4
Event: 0.135 Thread 0x00007faeec015800 Uncommon trap: reason=bimorphic_or_optimized_type_check action=maybe_recompile pc=0x00007faedc385c14 method=java.util.HashMap.getNode(ILjava/lang/Object;)Ljava/util/HashMap$Node; @ 126 c2
Event: 0.135 Thread 0x00007faeec015800 DEOPT PACKING pc=0x00007faedc385c14 sp=0x00007faef0f6b650
Event: 0.135 Thread 0x00007faeec015800 DEOPT UNPACKING pc=0x00007faed4808ea5 sp=0x00007faef0f6b5e8 mode 2
Event: 0.135 Thread 0x00007faeec015800 Uncommon trap: trap_request=0xffffffc6 fr.pc=0x00007faedc385c14 relative=0x00000000000003b4
Event: 0.135 Thread 0x00007faeec015800 Uncommon trap: reason=bimorphic_or_optimized_type_check action=maybe_recompile pc=0x00007faedc385c14 method=java.util.HashMap.getNode(ILjava/lang/Object;)Ljava/util/HashMap$Node; @ 126 c2
Event: 0.135 Thread 0x00007faeec015800 DEOPT PACKING pc=0x00007faedc385c14 sp=0x00007faef0f6b650
Event: 0.135 Thread 0x00007faeec015800 DEOPT UNPACKING pc=0x00007faed4808ea5 sp=0x00007faef0f6b5e8 mode 2

Classes redefined (0 events):
No events

Internal exceptions (20 events):
Event: 0.024 Thread 0x00007faeec015800 Exception <a 'java/security/PrivilegedActionException'{0x0000000718039d00}> (0x0000000718039d00) thrown at [./src/hotspot/share/prims/jvm.cpp, line 1304]
Event: 0.024 Thread 0x00007faeec015800 Exception <a 'java/security/PrivilegedActionException'{0x0000000718039fd0}> (0x0000000718039fd0) thrown at [./src/hotspot/share/prims/jvm.cpp, line 1304]
Event: 0.024 Thread 0x00007faeec015800 Exception <a 'java/security/PrivilegedActionException'{0x000000071803abe8}> (0x000000071803abe8) thrown at [./src/hotspot/share/prims/jvm.cpp, line 1304]
Event: 0.024 Thread 0x00007faeec015800 Exception <a 'java/security/PrivilegedActionException'{0x000000071803aeb8}> (0x000000071803aeb8) thrown at [./src/hotspot/share/prims/jvm.cpp, line 1304]
Event: 0.024 Thread 0x00007faeec015800 Exception <a 'java/security/PrivilegedActionException'{0x000000071803bad0}> (0x000000071803bad0) thrown at [./src/hotspot/share/prims/jvm.cpp, line 1304]
Event: 0.024 Thread 0x00007faeec015800 Exception <a 'java/security/PrivilegedActionException'{0x000000071803bda0}> (0x000000071803bda0) thrown at [./src/hotspot/share/prims/jvm.cpp, line 1304]
Event: 0.024 Thread 0x00007faeec015800 Exception <a 'java/security/PrivilegedActionException'{0x000000071803c9d0}> (0x000000071803c9d0) thrown at [./src/hotspot/share/prims/jvm.cpp, line 1304]
Event: 0.024 Thread 0x00007faeec015800 Exception <a 'java/security/PrivilegedActionException'{0x000000071803cca0}> (0x000000071803cca0) thrown at [./src/hotspot/share/prims/jvm.cpp, line 1304]
Event: 0.024 Thread 0x00007faeec015800 Exception <a 'java/security/PrivilegedActionException'{0x000000071803d8d0}> (0x000000071803d8d0) thrown at [./src/hotspot/share/prims/jvm.cpp, line 1304]
Event: 0.024 Thread 0x00007faeec015800 Exception <a 'java/security/PrivilegedActionException'{0x000000071803dba0}> (0x000000071803dba0) thrown at [./src/hotspot/share/prims/jvm.cpp, line 1304]
Event: 0.024 Thread 0x00007faeec015800 Exception <a 'java/security/PrivilegedActionException'{0x000000071803e7d0}> (0x000000071803e7d0) thrown at [./src/hotspot/share/prims/jvm.cpp, line 1304]
Event: 0.024 Thread 0x00007faeec015800 Exception <a 'java/security/PrivilegedActionException'{0x000000071803eaa0}> (0x000000071803eaa0) thrown at [./src/hotspot/share/prims/jvm.cpp, line 1304]
Event: 0.024 Thread 0x00007faeec015800 Exception <a 'java/security/PrivilegedActionException'{0x000000071803f6b8}> (0x000000071803f6b8) thrown at [./src/hotspot/share/prims/jvm.cpp, line 1304]
Event: 0.024 Thread 0x00007faeec015800 Exception <a 'java/security/PrivilegedActionException'{0x000000071803f988}> (0x000000071803f988) thrown at [./src/hotspot/share/prims/jvm.cpp, line 1304]
Event: 0.024 Thread 0x00007faeec015800 Exception <a 'java/security/PrivilegedActionException'{0x00000007180405b8}> (0x00000007180405b8) thrown at [./src/hotspot/share/prims/jvm.cpp, line 1304]
Event: 0.024 Thread 0x00007faeec015800 Exception <a 'java/security/PrivilegedActionException'{0x0000000718040888}> (0x0000000718040888) thrown at [./src/hotspot/share/prims/jvm.cpp, line 1304]
Event: 0.065 Thread 0x00007faeec015800 Exception <a 'java/lang/NoSuchMethodError'{0x0000000717dc7a50}: 'int java.lang.invoke.DirectMethodHandle$Holder.invokeStaticInit(java.lang.Object, java.lang.Object, java.lang.Object, java.lang.Object)'> (0x0000000717dc7a50) thrown at [./src/hotspot/share/interpreter/linkResolver.cpp, line 772]
Event: 0.066 Thread 0x00007faeec015800 Exception <a 'java/lang/IncompatibleClassChangeError'{0x0000000717dd1f38}: Found class java.lang.Object, but interface was expected> (0x0000000717dd1f38) thrown at [./src/hotspot/share/interpreter/linkResolver.cpp, line 839]
Event: 0.066 Thread 0x00007faeec015800 Exception <a 'java/lang/NoSuchMethodError'{0x0000000717dd5188}: 'void java.lang.invoke.DirectMethodHandle$Holder.invokeStaticInit(java.lang.Object, java.lang.Object)'> (0x0000000717dd5188) thrown at [./src/hotspot/share/interpreter/linkResolver.cpp, line 772]
Event: 0.067 Thread 0x00007faeec015800 Exception <a 'java/lang/NoSuchMethodError'{0x0000000717ddc198}: 'int java.lang.invoke.DirectMethodHandle$Holder.invokeStaticInit(java.lang.Object, java.lang.Object)'> (0x0000000717ddc198) thrown at [./src/hotspot/share/interpreter/linkResolver.cpp, line 772]

Events (20 events):
Event: 0.127 loading class java/lang/invoke/BoundMethodHandle$Species_LLLLLL
Event: 0.127 loading class java/lang/invoke/BoundMethodHandle$Species_LLLLLL done
Event: 0.128 loading class java/lang/invoke/BoundMethodHandle$Species_LLLLLLI
Event: 0.128 loading class java/lang/invoke/BoundMethodHandle$Species_LLLLLLI done
Event: 0.129 loading class java/lang/invoke/BoundMethodHandle$Species_LLLLLLII
Event: 0.129 loading class java/lang/invoke/BoundMethodHandle$Species_LLLLLLII done
Event: 0.129 loading class java/lang/invoke/BoundMethodHandle$Species_LLLLLLIIL
Event: 0.129 loading class java/lang/invoke/BoundMethodHandle$Species_LLLLLLIIL done
Event: 0.131 loading class LLVMIRToRiscv
Event: 0.131 loading class LLVMIRToRiscv done
Event: 0.131 loading class RegisterAllocator
Event: 0.131 loading class RegisterAllocator done
Event: 0.132 loading class AsmBuilder
Event: 0.132 loading class AsmBuilder done
Event: 0.134 loading class LLVMIROptimization
Event: 0.134 loading class LLVMIROptimization done
Event: 0.134 loading class ConstPropValueHolder
Event: 0.134 loading class ConstPropValueHolder done
Event: 0.134 loading class ConstPropValueHolder$Kind
Event: 0.134 loading class ConstPropValueHolder$Kind done


Dynamic libraries:
708a00000-718200000 rw-p 00000000 00:00 0 
718200000-7bfe00000 ---p 00000000 00:00 0 
7bfe00000-7bfe48000 rw-p 00b14000 08:20 134337                           /usr/lib/jvm/java-11-openjdk-amd64/lib/server/classes.jsa
7bfe48000-7bff00000 rw-p 00000000 00:00 0 
7bff00000-7bff6c000 rw-p 00aa8000 08:20 134337                           /usr/lib/jvm/java-11-openjdk-amd64/lib/server/classes.jsa
7bff6c000-7c0000000 rw-p 00000000 00:00 0 
7c0000000-800000000 ---p 00000000 00:00 0 
800000000-800002000 rwxp 00001000 08:20 134337                           /usr/lib/jvm/java-11-openjdk-amd64/lib/server/classes.jsa
800002000-8003ce000 rw-p 00003000 08:20 134337                           /usr/lib/jvm/java-11-openjdk-amd64/lib/server/classes.jsa
8003ce000-800aa6000 r--p 003cf000 08:20 134337                           /usr/lib/jvm/java-11-openjdk-amd64/lib/server/classes.jsa
800aa6000-800aa7000 rw-p 00aa7000 08:20 134337                           /usr/lib/jvm/java-11-openjdk-amd64/lib/server/classes.jsa
840000000-8400c0000 rw-p 00000000 00:00 0 
8400c0000-880000000 ---p 00000000 00:00 0 
557c74328000-557c74329000 r--p 00000000 08:20 134745                     /usr/lib/jvm/java-11-openjdk-amd64/bin/java
557c74329000-557c7432a000 r-xp 00001000 08:20 134745                     /usr/lib/jvm/java-11-openjdk-amd64/bin/java
557c7432a000-557c7432b000 r--p 00002000 08:20 134745                     /usr/lib/jvm/java-11-openjdk-amd64/bin/java
557c7432b000-557c7432c000 r--p 00002000 08:20 134745                     /usr/lib/jvm/java-11-openjdk-amd64/bin/java
557c7432c000-557c7432d000 rw-p 00003000 08:20 134745                     /usr/lib/jvm/java-11-openjdk-amd64/bin/java
557c97814000-557c97835000 rw-p 00000000 00:00 0                          [heap]
7fae70000000-7fae70021000 rw-p 00000000 00:00 0 
7fae70021000-7fae74000000 ---p 00000000 00:00 0 
7fae7552c000-7fae75e52000 r--p 00000000 08:20 204242                     /home/crz/.javacpp/cache/llvm-13.0.1-1.5.7-linux-x86_64.jar/org/bytedeco/llvm/linux-x86_64/libLLVM-13.so
7fae75e52000-7fae79815000 r-xp 00926000 08:20 204242                     /home/crz/.javacpp/cache/llvm-13.0.1-1.5.7-linux-x86_64.jar/org/bytedeco/llvm/linux-x86_64/libLLVM-13.so
7fae79815000-7fae7ba6a000 r--p 042e9000 08:20 204242                     /home/crz/.javacpp/cache/llvm-13.0.1-1.5.7-linux-x86_64.jar/org/bytedeco/llvm/linux-x86_64/libLLVM-13.so
7fae7ba6a000-7fae7bf7f000 r--p 0653d000 08:20 204242                     /home/crz/.javacpp/cache/llvm-13.0.1-1.5.7-linux-x86_64.jar/org/bytedeco/llvm/linux-x86_64/libLLVM-13.so
7fae7bf7f000-7fae7bf8a000 rw-p 06a52000 08:20 204242                     /home/crz/.javacpp/cache/llvm-13.0.1-1.5.7-linux-x86_64.jar/org/bytedeco/llvm/linux-x86_64/libLLVM-13.so
7fae7bf8a000-7fae7c000000 rw-p 00000000 00:00 0 
7fae7c000000-7fae7c021000 rw-p 00000000 00:00 0 
7fae7c021000-7fae80000000 ---p 00000000 00:00 0 
7fae80000000-7fae80054000 rw-p 00000000 00:00 0 
7fae80054000-7fae84000000 ---p 00000000 00:00 0 
7fae84000000-7fae84021000 rw-p 00000000 00:00 0 
7fae84021000-7fae88000000 ---p 00000000 00:00 0 
7fae88000000-7fae88021000 rw-p 00000000 00:00 0 
7fae88021000-7fae8c000000 ---p 00000000 00:00 0 
7fae8c000000-7fae8c021000 rw-p 00000000 00:00 0 
7fae8c021000-7fae90000000 ---p 00000000 00:00 0 
7fae90000000-7fae901d1000 rw-p 00000000 00:00 0 
7fae901d1000-7fae94000000 ---p 00000000 00:00 0 
7fae94000000-7fae94283000 rw-p 00000000 00:00 0 
7fae94283000-7fae98000000 ---p 00000000 00:00 0 
7fae98000000-7fae982fe000 rw-p 00000000 00:00 0 
7fae982fe000-7fae9c000000 ---p 00000000 00:00 0 
7fae9c000000-7fae9c021000 rw-p 00000000 00:00 0 
7fae9c021000-7faea0000000 ---p 00000000 00:00 0 
7faea0000000-7faea0021000 rw-p 00000000 00:00 0 
7faea0021000-7faea4000000 ---p 00000000 00:00 0 
7faea4000000-7faea4021000 rw-p 00000000 00:00 0 
7faea4021000-7faea8000000 ---p 00000000 00:00 0 
7faea8000000-7faea8021000 rw-p 00000000 00:00 0 
7faea8021000-7faeac000000 ---p 00000000 00:00 0 
7faeac000000-7faeac021000 rw-p 00000000 00:00 0 
7faeac021000-7faeb0000000 ---p 00000000 00:00 0 
7faeb0000000-7faeb0021000 rw-p 00000000 00:00 0 
7faeb0021000-7faeb4000000 ---p 00000000 00:00 0 
7faeb4000000-7faeb4021000 rw-p 00000000 00:00 0 
7faeb4021000-7faeb8000000 ---p 00000000 00:00 0 
7faeb8000000-7faeb8021000 rw-p 00000000 00:00 0 
7faeb8021000-7faebc000000 ---p 00000000 00:00 0 
7faebdd29000-7faebdd2d000 ---p 00000000 00:00 0 
7faebdd2d000-7faebde29000 rw-p 00000000 00:00 0 
7faebde29000-7faebde8e000 r--p 00000000 08:20 204256                     /home/crz/.javacpp/cache/llvm-13.0.1-1.5.7-linux-x86_64.jar/org/bytedeco/llvm/linux-x86_64/libjniLLVM.so
7faebde8e000-7faebdefc000 r-xp 00065000 08:20 204256                     /home/crz/.javacpp/cache/llvm-13.0.1-1.5.7-linux-x86_64.jar/org/bytedeco/llvm/linux-x86_64/libjniLLVM.so
7faebdefc000-7faebdf27000 r--p 000d3000 08:20 204256                     /home/crz/.javacpp/cache/llvm-13.0.1-1.5.7-linux-x86_64.jar/org/bytedeco/llvm/linux-x86_64/libjniLLVM.so
7faebdf27000-7faebdf2a000 r--p 000fd000 08:20 204256                     /home/crz/.javacpp/cache/llvm-13.0.1-1.5.7-linux-x86_64.jar/org/bytedeco/llvm/linux-x86_64/libjniLLVM.so
7faebdf2a000-7faebdf2d000 rw-p 00100000 08:20 204256                     /home/crz/.javacpp/cache/llvm-13.0.1-1.5.7-linux-x86_64.jar/org/bytedeco/llvm/linux-x86_64/libjniLLVM.so
7faebdf2d000-7faebdf2f000 rw-p 00000000 00:00 0 
7faebdf2f000-7faebdf36000 r--p 00000000 08:20 204245                     /home/crz/.javacpp/cache/llvm-13.0.1-1.5.7-linux-x86_64.jar/org/bytedeco/llvm/linux-x86_64/libLTO.so.13
7faebdf36000-7faebdf3e000 r-xp 00007000 08:20 204245                     /home/crz/.javacpp/cache/llvm-13.0.1-1.5.7-linux-x86_64.jar/org/bytedeco/llvm/linux-x86_64/libLTO.so.13
7faebdf3e000-7faebdf40000 r--p 0000f000 08:20 204245                     /home/crz/.javacpp/cache/llvm-13.0.1-1.5.7-linux-x86_64.jar/org/bytedeco/llvm/linux-x86_64/libLTO.so.13
7faebdf40000-7faebdf41000 r--p 00010000 08:20 204245                     /home/crz/.javacpp/cache/llvm-13.0.1-1.5.7-linux-x86_64.jar/org/bytedeco/llvm/linux-x86_64/libLTO.so.13
7faebdf41000-7faebdf42000 rw-p 00011000 08:20 204245                     /home/crz/.javacpp/cache/llvm-13.0.1-1.5.7-linux-x86_64.jar/org/bytedeco/llvm/linux-x86_64/libLTO.so.13
7faebdf42000-7faebdf46000 ---p 00000000 00:00 0 
7faebdf46000-7faebe042000 rw-p 00000000 00:00 0 
7faebe042000-7faebe046000 ---p 00000000 00:00 0 
7faebe046000-7faebe173000 rw-p 00000000 00:00 0 
7faebe173000-7faebe177000 r--p 00000000 08:20 134814                     /usr/lib/jvm/java-11-openjdk-amd64/lib/libnet.so
7faebe177000-7faebe185000 r-xp 00004000 08:20 134814                     /usr/lib/jvm/java-11-openjdk-amd64/lib/libnet.so
7faebe185000-7faebe189000 r--p 00012000 08:20 134814                     /usr/lib/jvm/java-11-openjdk-amd64/lib/libnet.so
7faebe189000-7faebe18a000 r--p 00015000 08:20 134814                     /usr/lib/jvm/java-11-openjdk-amd64/lib/libnet.so
7faebe18a000-7faebe18b000 rw-p 00016000 08:20 134814                     /usr/lib/jvm/java-11-openjdk-amd64/lib/libnet.so
7faebe18b000-7faebe18f000 ---p 00000000 00:00 0 
7faebe18f000-7faebe28b000 rw-p 00000000 00:00 0 
7faebe28b000-7faebe28c000 ---p 00000000 00:00 0 
7faebe28c000-7faebe38c000 rw-p 00000000 00:00 0 
7faebe38c000-7faebe390000 ---p 00000000 00:00 0 
7faebe390000-7faebe48c000 rw-p 00000000 00:00 0 
7faebe48c000-7faebe490000 ---p 00000000 00:00 0 
7faebe490000-7faebe58c000 rw-p 00000000 00:00 0 
7faebe58c000-7faebe590000 ---p 00000000 00:00 0 
7faebe590000-7faebe68c000 rw-p 00000000 00:00 0 
7faebe68c000-7faebe690000 ---p 00000000 00:00 0 
7faebe690000-7faebe78c000 rw-p 00000000 00:00 0 
7faebe78c000-7faebe790000 ---p 00000000 00:00 0 
7faebe790000-7faebe88c000 rw-p 00000000 00:00 0 
7faebe88c000-7faebe890000 ---p 00000000 00:00 0 
7faebe890000-7faebe98c000 rw-p 00000000 00:00 0 
7faebe98c000-7faebef79000 r--p 00000000 08:20 13349                      /usr/lib/locale/locale-archive
7faebef79000-7faebef7d000 ---p 00000000 00:00 0 
7faebef7d000-7faebf079000 rw-p 00000000 00:00 0 
7faebf079000-7faebf07d000 ---p 00000000 00:00 0 
7faebf07d000-7faebf179000 rw-p 00000000 00:00 0 
7faebf179000-7faebf17a000 ---p 00000000 00:00 0 
7faebf17a000-7faebf8fb000 rw-p 00000000 00:00 0 
7faebf8fb000-7faebfafb000 ---p 00000000 00:00 0 
7faebfafb000-7faebfafc000 ---p 00000000 00:00 0 
7faebfafc000-7faebfbfc000 rw-p 00000000 00:00 0 
7faebfbfc000-7faebfbfd000 ---p 00000000 00:00 0 
7faebfbfd000-7faec0000000 rw-p 00000000 00:00 0 
7faec0000000-7faec0021000 rw-p 00000000 00:00 0 
7faec0021000-7faec4000000 ---p 00000000 00:00 0 
7faec4001000-7faec4005000 r--p 00000000 08:20 204229                     /home/crz/.javacpp/cache/javacpp-1.5.7-linux-x86_64.jar/org/bytedeco/javacpp/linux-x86_64/libjnijavacpp.so
7faec4005000-7faec400c000 r-xp 00004000 08:20 204229                     /home/crz/.javacpp/cache/javacpp-1.5.7-linux-x86_64.jar/org/bytedeco/javacpp/linux-x86_64/libjnijavacpp.so
7faec400c000-7faec4010000 r--p 0000b000 08:20 204229                     /home/crz/.javacpp/cache/javacpp-1.5.7-linux-x86_64.jar/org/bytedeco/javacpp/linux-x86_64/libjnijavacpp.so
7faec4010000-7faec4011000 r--p 0000e000 08:20 204229                     /home/crz/.javacpp/cache/javacpp-1.5.7-linux-x86_64.jar/org/bytedeco/javacpp/linux-x86_64/libjnijavacpp.so
7faec4011000-7faec4012000 rw-p 0000f000 08:20 204229                     /home/crz/.javacpp/cache/javacpp-1.5.7-linux-x86_64.jar/org/bytedeco/javacpp/linux-x86_64/libjnijavacpp.so
7faec4012000-7faec6c1e000 rw-p 00000000 00:00 0 
7faec6c1e000-7faec6c1f000 ---p 00000000 00:00 0 
7faec6c1f000-7faec70ff000 rw-p 00000000 00:00 0 
7faec70ff000-7faec9aef000 ---p 00000000 00:00 0 
7faec9aef000-7faec9af7000 rw-p 00000000 00:00 0 
7faec9af7000-7faecaaf7000 ---p 00000000 00:00 0 
7faecaaf7000-7faecaed7000 rw-p 00000000 00:00 0 
7faecaed7000-7faecd8c7000 ---p 00000000 00:00 0 
7faecd8c7000-7faecd8cf000 rw-p 00000000 00:00 0 
7faecd8cf000-7faece8cf000 ---p 00000000 00:00 0 
7faece8cf000-7faece94b000 rw-p 00000000 00:00 0 
7faece94b000-7faecee89000 ---p 00000000 00:00 0 
7faecee89000-7faecee8a000 rw-p 00000000 00:00 0 
7faecee8a000-7faecf08a000 ---p 00000000 00:00 0 
7faecf08a000-7faecf106000 rw-p 00000000 00:00 0 
7faecf106000-7faecf644000 ---p 00000000 00:00 0 
7faecf644000-7faecf645000 rw-p 00000000 00:00 0 
7faecf645000-7faecf845000 ---p 00000000 00:00 0 
7faecf845000-7faecf8c1000 rw-p 00000000 00:00 0 
7faecf8c1000-7faecfdff000 ---p 00000000 00:00 0 
7faecfdff000-7faecfe00000 rw-p 00000000 00:00 0 
7faecfe00000-7faed0000000 ---p 00000000 00:00 0 
7faed0000000-7faed0021000 rw-p 00000000 00:00 0 
7faed0021000-7faed4000000 ---p 00000000 00:00 0 
7faed4004000-7faed400b000 r--s 00000000 08:20 126784                     /usr/lib/x86_64-linux-gnu/gconv/gconv-modules.cache
7faed400b000-7faed4012000 r--p 00000000 08:20 134815                     /usr/lib/jvm/java-11-openjdk-amd64/lib/libnio.so
7faed4012000-7faed401a000 r-xp 00007000 08:20 134815                     /usr/lib/jvm/java-11-openjdk-amd64/lib/libnio.so
7faed401a000-7faed401d000 r--p 0000f000 08:20 134815                     /usr/lib/jvm/java-11-openjdk-amd64/lib/libnio.so
7faed401d000-7faed401e000 r--p 00011000 08:20 134815                     /usr/lib/jvm/java-11-openjdk-amd64/lib/libnio.so
7faed401e000-7faed401f000 rw-p 00012000 08:20 134815                     /usr/lib/jvm/java-11-openjdk-amd64/lib/libnio.so
7faed401f000-7faed40c3000 rw-p 00000000 00:00 0 
7faed40c3000-7faed40c4000 ---p 00000000 00:00 0 
7faed40c4000-7faed47bf000 rw-p 00000000 00:00 0 
7faed47bf000-7faed4a2f000 rwxp 00000000 00:00 0 
7faed4a2f000-7faed4efe000 ---p 00000000 00:00 0 
7faed4efe000-7faed516e000 rwxp 00000000 00:00 0 
7faed516e000-7faedc35e000 ---p 00000000 00:00 0 
7faedc35e000-7faedc5ce000 rwxp 00000000 00:00 0 
7faedc5ce000-7faee37bf000 ---p 00000000 00:00 0 
7faee37bf000-7faeec000000 r--s 00000000 08:20 134824                     /usr/lib/jvm/java-11-openjdk-amd64/lib/modules
7faeec000000-7faeec476000 rw-p 00000000 00:00 0 
7faeec476000-7faef0000000 ---p 00000000 00:00 0 
7faef0001000-7faef0002000 r--p 00000000 08:20 204251                     /home/crz/.javacpp/cache/llvm-13.0.1-1.5.7-linux-x86_64.jar/org/bytedeco/llvm/linux-x86_64/libRemarks.so.13
7faef0002000-7faef0003000 r-xp 00001000 08:20 204251                     /home/crz/.javacpp/cache/llvm-13.0.1-1.5.7-linux-x86_64.jar/org/bytedeco/llvm/linux-x86_64/libRemarks.so.13
7faef0003000-7faef0004000 r--p 00002000 08:20 204251                     /home/crz/.javacpp/cache/llvm-13.0.1-1.5.7-linux-x86_64.jar/org/bytedeco/llvm/linux-x86_64/libRemarks.so.13
7faef0004000-7faef0005000 r--p 00002000 08:20 204251                     /home/crz/.javacpp/cache/llvm-13.0.1-1.5.7-linux-x86_64.jar/org/bytedeco/llvm/linux-x86_64/libRemarks.so.13
7faef0005000-7faef0006000 rw-p 00003000 08:20 204251                     /home/crz/.javacpp/cache/llvm-13.0.1-1.5.7-linux-x86_64.jar/org/bytedeco/llvm/linux-x86_64/libRemarks.so.13
7faef0006000-7faef0007000 r--p 00000000 08:20 104103                     /usr/lib/x86_64-linux-gnu/libdl.so.2
7faef0007000-7faef0008000 r-xp 00001000 08:20 104103                     /usr/lib/x86_64-linux-gnu/libdl.so.2
7faef0008000-7faef0009000 r--p 00002000 08:20 104103                     /usr/lib/x86_64-linux-gnu/libdl.so.2
7faef0009000-7faef000a000 r--p 00002000 08:20 104103                     /usr/lib/x86_64-linux-gnu/libdl.so.2
7faef000a000-7faef000b000 rw-p 00003000 08:20 104103                     /usr/lib/x86_64-linux-gnu/libdl.so.2
7faef000b000-7faef000c000 r--p 00000000 08:20 104244                     /usr/lib/x86_64-linux-gnu/libpthread.so.0
7faef000c000-7faef000d000 r-xp 00001000 08:20 104244                     /usr/lib/x86_64-linux-gnu/libpthread.so.0
7faef000d000-7faef000e000 r--p 00002000 08:20 104244                     /usr/lib/x86_64-linux-gnu/libpthread.so.0
7faef000e000-7faef000f000 r--p 00002000 08:20 104244                     /usr/lib/x86_64-linux-gnu/libpthread.so.0
7faef000f000-7faef0010000 rw-p 00003000 08:20 104244                     /usr/lib/x86_64-linux-gnu/libpthread.so.0
7faef0010000-7faef0b3c000 rw-p 00000000 00:00 0 
7faef0b3c000-7faef0b3d000 ---p 00000000 00:00 0 
7faef0b3d000-7faef0c42000 rw-p 00000000 00:00 0 
7faef0c42000-7faef0d26000 ---p 00000000 00:00 0 
7faef0d26000-7faef0d2b000 rw-p 00000000 00:00 0 
7faef0d2b000-7faef0e0f000 ---p 00000000 00:00 0 
7faef0e0f000-7faef0e14000 rw-p 00000000 00:00 0 
7faef0e14000-7faef0e1e000 ---p 00000000 00:00 0 
7faef0e1e000-7faef0e20000 r--p 00000000 08:20 134823                     /usr/lib/jvm/java-11-openjdk-amd64/lib/libzip.so
7faef0e20000-7faef0e25000 r-xp 00002000 08:20 134823                     /usr/lib/jvm/java-11-openjdk-amd64/lib/libzip.so
7faef0e25000-7faef0e27000 r--p 00007000 08:20 134823                     /usr/lib/jvm/java-11-openjdk-amd64/lib/libzip.so
7faef0e27000-7faef0e28000 r--p 00008000 08:20 134823                     /usr/lib/jvm/java-11-openjdk-amd64/lib/libzip.so
7faef0e28000-7faef0e29000 rw-p 00009000 08:20 134823                     /usr/lib/jvm/java-11-openjdk-amd64/lib/libzip.so
7faef0e29000-7faef0e31000 rw-s 00000000 08:20 157377                     /tmp/hsperfdata_crz/3365
7faef0e31000-7faef0e33000 r--p 00000000 08:20 134806                     /usr/lib/jvm/java-11-openjdk-amd64/lib/libjimage.so
7faef0e33000-7faef0e36000 r-xp 00002000 08:20 134806                     /usr/lib/jvm/java-11-openjdk-amd64/lib/libjimage.so
7faef0e36000-7faef0e37000 r--p 00005000 08:20 134806                     /usr/lib/jvm/java-11-openjdk-amd64/lib/libjimage.so
7faef0e37000-7faef0e38000 ---p 00006000 08:20 134806                     /usr/lib/jvm/java-11-openjdk-amd64/lib/libjimage.so
7faef0e38000-7faef0e39000 r--p 00006000 08:20 134806                     /usr/lib/jvm/java-11-openjdk-amd64/lib/libjimage.so
7faef0e39000-7faef0e3a000 rw-p 00007000 08:20 134806                     /usr/lib/jvm/java-11-openjdk-amd64/lib/libjimage.so
7faef0e3a000-7faef0e48000 r--p 00000000 08:20 134803                     /usr/lib/jvm/java-11-openjdk-amd64/lib/libjava.so
7faef0e48000-7faef0e5e000 r-xp 0000e000 08:20 134803                     /usr/lib/jvm/java-11-openjdk-amd64/lib/libjava.so
7faef0e5e000-7faef0e65000 r--p 00024000 08:20 134803                     /usr/lib/jvm/java-11-openjdk-amd64/lib/libjava.so
7faef0e65000-7faef0e66000 r--p 0002a000 08:20 134803                     /usr/lib/jvm/java-11-openjdk-amd64/lib/libjava.so
7faef0e66000-7faef0e67000 rw-p 0002b000 08:20 134803                     /usr/lib/jvm/java-11-openjdk-amd64/lib/libjava.so
7faef0e67000-7faef0e68000 rw-p 00000000 00:00 0 
7faef0e68000-7faef0e69000 r--p 00000000 08:20 105137                     /usr/lib/x86_64-linux-gnu/librt.so.1
7faef0e69000-7faef0e6a000 r-xp 00001000 08:20 105137                     /usr/lib/x86_64-linux-gnu/librt.so.1
7faef0e6a000-7faef0e6b000 r--p 00002000 08:20 105137                     /usr/lib/x86_64-linux-gnu/librt.so.1
7faef0e6b000-7faef0e6c000 r--p 00002000 08:20 105137                     /usr/lib/x86_64-linux-gnu/librt.so.1
7faef0e6c000-7faef0e6d000 rw-p 00003000 08:20 105137                     /usr/lib/x86_64-linux-gnu/librt.so.1
7faef0e6d000-7faef0e71000 ---p 00000000 00:00 0 
7faef0e71000-7faef0f6d000 rw-p 00000000 00:00 0 
7faef0f6d000-7faef0f70000 r--p 00000000 08:20 6709                       /usr/lib/x86_64-linux-gnu/libgcc_s.so.1
7faef0f70000-7faef0f87000 r-xp 00003000 08:20 6709                       /usr/lib/x86_64-linux-gnu/libgcc_s.so.1
7faef0f87000-7faef0f8b000 r--p 0001a000 08:20 6709                       /usr/lib/x86_64-linux-gnu/libgcc_s.so.1
7faef0f8b000-7faef0f8c000 r--p 0001d000 08:20 6709                       /usr/lib/x86_64-linux-gnu/libgcc_s.so.1
7faef0f8c000-7faef0f8d000 rw-p 0001e000 08:20 6709                       /usr/lib/x86_64-linux-gnu/libgcc_s.so.1
7faef0f8d000-7faef0f9b000 r--p 00000000 08:20 104109                     /usr/lib/x86_64-linux-gnu/libm.so.6
7faef0f9b000-7faef1017000 r-xp 0000e000 08:20 104109                     /usr/lib/x86_64-linux-gnu/libm.so.6
7faef1017000-7faef1072000 r--p 0008a000 08:20 104109                     /usr/lib/x86_64-linux-gnu/libm.so.6
7faef1072000-7faef1073000 r--p 000e4000 08:20 104109                     /usr/lib/x86_64-linux-gnu/libm.so.6
7faef1073000-7faef1074000 rw-p 000e5000 08:20 104109                     /usr/lib/x86_64-linux-gnu/libm.so.6
7faef1074000-7faef110e000 r--p 00000000 08:20 6947                       /usr/lib/x86_64-linux-gnu/libstdc++.so.6.0.30
7faef110e000-7faef121f000 r-xp 0009a000 08:20 6947                       /usr/lib/x86_64-linux-gnu/libstdc++.so.6.0.30
7faef121f000-7faef128e000 r--p 001ab000 08:20 6947                       /usr/lib/x86_64-linux-gnu/libstdc++.so.6.0.30
7faef128e000-7faef128f000 ---p 0021a000 08:20 6947                       /usr/lib/x86_64-linux-gnu/libstdc++.so.6.0.30
7faef128f000-7faef129a000 r--p 0021a000 08:20 6947                       /usr/lib/x86_64-linux-gnu/libstdc++.so.6.0.30
7faef129a000-7faef129d000 rw-p 00225000 08:20 6947                       /usr/lib/x86_64-linux-gnu/libstdc++.so.6.0.30
7faef129d000-7faef12a0000 rw-p 00000000 00:00 0 
7faef12a0000-7faef1523000 r--p 00000000 08:20 134827                     /usr/lib/jvm/java-11-openjdk-amd64/lib/server/libjvm.so
7faef1523000-7faef21ce000 r-xp 00283000 08:20 134827                     /usr/lib/jvm/java-11-openjdk-amd64/lib/server/libjvm.so
7faef21ce000-7faef242a000 r--p 00f2e000 08:20 134827                     /usr/lib/jvm/java-11-openjdk-amd64/lib/server/libjvm.so
7faef242a000-7faef24ee000 r--p 01189000 08:20 134827                     /usr/lib/jvm/java-11-openjdk-amd64/lib/server/libjvm.so
7faef24ee000-7faef2529000 rw-p 0124d000 08:20 134827                     /usr/lib/jvm/java-11-openjdk-amd64/lib/server/libjvm.so
7faef2529000-7faef2583000 rw-p 00000000 00:00 0 
7faef2583000-7faef25ab000 r--p 00000000 08:20 104085                     /usr/lib/x86_64-linux-gnu/libc.so.6
7faef25ab000-7faef2740000 r-xp 00028000 08:20 104085                     /usr/lib/x86_64-linux-gnu/libc.so.6
7faef2740000-7faef2798000 r--p 001bd000 08:20 104085                     /usr/lib/x86_64-linux-gnu/libc.so.6
7faef2798000-7faef2799000 ---p 00215000 08:20 104085                     /usr/lib/x86_64-linux-gnu/libc.so.6
7faef2799000-7faef279d000 r--p 00215000 08:20 104085                     /usr/lib/x86_64-linux-gnu/libc.so.6
7faef279d000-7faef279f000 rw-p 00219000 08:20 104085                     /usr/lib/x86_64-linux-gnu/libc.so.6
7faef279f000-7faef27ac000 rw-p 00000000 00:00 0 
7faef27ac000-7faef27af000 r--p 00000000 08:20 134788                     /usr/lib/jvm/java-11-openjdk-amd64/lib/jli/libjli.so
7faef27af000-7faef27b9000 r-xp 00003000 08:20 134788                     /usr/lib/jvm/java-11-openjdk-amd64/lib/jli/libjli.so
7faef27b9000-7faef27bc000 r--p 0000d000 08:20 134788                     /usr/lib/jvm/java-11-openjdk-amd64/lib/jli/libjli.so
7faef27bc000-7faef27bd000 ---p 00010000 08:20 134788                     /usr/lib/jvm/java-11-openjdk-amd64/lib/jli/libjli.so
7faef27bd000-7faef27be000 r--p 00010000 08:20 134788                     /usr/lib/jvm/java-11-openjdk-amd64/lib/jli/libjli.so
7faef27be000-7faef27bf000 rw-p 00011000 08:20 134788                     /usr/lib/jvm/java-11-openjdk-amd64/lib/jli/libjli.so
7faef27bf000-7faef27c1000 r--p 00000000 08:20 6997                       /usr/lib/x86_64-linux-gnu/libz.so.1.2.11
7faef27c1000-7faef27d2000 r-xp 00002000 08:20 6997                       /usr/lib/x86_64-linux-gnu/libz.so.1.2.11
7faef27d2000-7faef27d8000 r--p 00013000 08:20 6997                       /usr/lib/x86_64-linux-gnu/libz.so.1.2.11
7faef27d8000-7faef27d9000 ---p 00019000 08:20 6997                       /usr/lib/x86_64-linux-gnu/libz.so.1.2.11
7faef27d9000-7faef27da000 r--p 00019000 08:20 6997                       /usr/lib/x86_64-linux-gnu/libz.so.1.2.11
7faef27da000-7faef27db000 rw-p 0001a000 08:20 6997                       /usr/lib/x86_64-linux-gnu/libz.so.1.2.11
7faef27db000-7faef27dc000 ---p 00000000 00:00 0 
7faef27dc000-7faef27dd000 r--p 00000000 00:00 0 
7faef27dd000-7faef27e2000 r--p 00000000 08:20 134822                     /usr/lib/jvm/java-11-openjdk-amd64/lib/libverify.so
7faef27e2000-7faef27e9000 r-xp 00005000 08:20 134822                     /usr/lib/jvm/java-11-openjdk-amd64/lib/libverify.so
7faef27e9000-7faef27eb000 r--p 0000c000 08:20 134822                     /usr/lib/jvm/java-11-openjdk-amd64/lib/libverify.so
7faef27eb000-7faef27ed000 r--p 0000d000 08:20 134822                     /usr/lib/jvm/java-11-openjdk-amd64/lib/libverify.so
7faef27ed000-7faef27ee000 rw-p 0000f000 08:20 134822                     /usr/lib/jvm/java-11-openjdk-amd64/lib/libverify.so
7faef27ee000-7faef27f0000 rw-p 00000000 00:00 0 
7faef27f0000-7faef27f2000 r--p 00000000 08:20 104061                     /usr/lib/x86_64-linux-gnu/ld-linux-x86-64.so.2
7faef27f2000-7faef281c000 r-xp 00002000 08:20 104061                     /usr/lib/x86_64-linux-gnu/ld-linux-x86-64.so.2
7faef281c000-7faef2827000 r--p 0002c000 08:20 104061                     /usr/lib/x86_64-linux-gnu/ld-linux-x86-64.so.2
7faef2828000-7faef282a000 r--p 00037000 08:20 104061                     /usr/lib/x86_64-linux-gnu/ld-linux-x86-64.so.2
7faef282a000-7faef282c000 rw-p 00039000 08:20 104061                     /usr/lib/x86_64-linux-gnu/ld-linux-x86-64.so.2
7ffde2397000-7ffde23b9000 rw-p 00000000 00:00 0                          [stack]
7ffde23e5000-7ffde23e9000 r--p 00000000 00:00 0                          [vvar]
7ffde23e9000-7ffde23eb000 r-xp 00000000 00:00 0                          [vdso]


VM Arguments:
java_command: Main tests/lab6_test/constproptest2.sysy tests/lab6_test/constproptest2.ll
java_class_path (initial): ./classes:/usr/local/lib/antlr-4.9.1-complete.jar:/usr/local/lib/llvm-13.0.1-1.5.7.jar:/usr/local/lib/llvm-13.0.1-1.5.7-linux-x86_64.jar:/usr/local/lib/llvm-platform-13.0.1-1.5.7.jar:/usr/local/lib/javacpp-1.5.7-linux-x86_64.jar:/usr/local/lib/javacpp-1.5.7.jar
Launcher Type: SUN_STANDARD

[Global flags]
     intx CICompilerCount                          = 12                                        {product} {ergonomic}
     uint ConcGCThreads                            = 4                                         {product} {ergonomic}
     uint G1ConcRefinementThreads                  = 15                                        {product} {ergonomic}
   size_t G1HeapRegionSize                         = 1048576                                   {product} {ergonomic}
    uintx GCDrainStackTargetSize                   = 64                                        {product} {ergonomic}
   size_t InitialHeapSize                          = 260046848                                 {product} {ergonomic}
   size_t MarkStackSize                            = 4194304                                   {product} {ergonomic}
   size_t MaxHeapSize                              = 4150263808                                {product} {ergonomic}
   size_t MaxNewSize                               = 2489319424                                {product} {ergonomic}
   size_t MinHeapDeltaBytes                        = 1048576                                   {product} {ergonomic}
    uintx NonNMethodCodeHeapSize                   = 7594288                                {pd product} {ergonomic}
    uintx NonProfiledCodeHeapSize                  = 122031976                              {pd product} {ergonomic}
    uintx ProfiledCodeHeapSize                     = 122031976                              {pd product} {ergonomic}
    uintx ReservedCodeCacheSize                    = 251658240                              {pd product} {ergonomic}
     bool SegmentedCodeCache                       = true                                      {product} {ergonomic}
     bool UseCompressedClassPointers               = true                                 {lp64_product} {ergonomic}
     bool UseCompressedOops                        = true                                 {lp64_product} {ergonomic}
     bool UseG1GC                                  = true                                      {product} {ergonomic}

Logging:
Log output configuration:
 #0: stdout all=warning uptime,level,tags
 #1: stderr all=off uptime,level,tags

Environment Variables:
CLASSPATH=/usr/local/lib/antlr-4.9.1-complete.jar:/usr/local/lib/llvm-13.0.1-1.5.7.jar:/usr/local/lib/llvm-13.0.1-1.5.7-linux-x86_64.jar:/usr/local/lib/llvm-platform-13.0.1-1.5.7.jar:/usr/local/lib/javacpp-1.5.7-linux-x86_64.jar:/usr/local/lib/javacpp-1.5.7.jar
PATH=/home/crz/.local/bin:/home/crz/.cargo/bin:/home/crz/.local/bin:~/my_script:/usr/local/sbin:/usr/local/bin:/usr/sbin:/usr/bin:/sbin:/bin:/usr/games:/usr/local/games:/usr/lib/wsl/lib:/mnt/c/Program Files/Java/jdk-21/bin:/mnt/c/Program Files/Common Files/Oracle/Java/javapath:/mnt/e/vmware/bin/:/mnt/c/Program Files (x86)/Common Files/Oracle/Java/java8path:/mnt/c/Program Files (x86)/Common Files/Oracle/Java/javapath:/mnt/c/Windows/system32:/mnt/c/Windows:/mnt/c/Windows/System32/Wbem:/mnt/c/Windows/System32/WindowsPowerShell/v1.0/:/mnt/c/Windows/System32/OpenSSH/:/mnt/c/Users/crz/Downloads/winlibs-x86_64-posix-seh-gcc-12.3.0-llvm-16.0.4-mingw-w64ucrt-11.0.0-r1.zip/mingw64/bin:/mnt/d/mingw64/bin:/mnt/d/Git/cmd:/mnt/c/Program Files/dotnet/:/mnt/e/SDL-CPLproj/SDL2/mingw(CLion+VSC)/SDL2-2.26.0-allinone/x86_64-w64-mingw32/bin:/mnt/c/Program Files/Cloudflare/Cloudflare WARP/:/mnt/c/Users/crz/AppData/Local/Programs/Python/Python311/Lib/site-packages/pyecharts:/mnt/c/Program Files/MATLAB/R2023a/runtime/win64:/mnt/c/Program Files/MATLAB/R2023a/bin:/mnt/c/Program Files/gs/gs10.03.1/bin:/mnt/e/:/mnt/e/bitvise-ssh:/mnt/d/:/mnt/c/ProgramData/chocolatey/bin:/mnt/c/Program Files/MySQL/MySQL Server 8.0/bin:/mnt/c/Program Files/MySQL/MySQL Shell 8.0/bin/:/mnt/e/anaconda3:/mnt/e/anaconda3/Library/mingw-w64/bin:/mnt/e/anaconda3/Library/usr/bin:/mnt/e/anaconda3/Library/bin:/mnt/e/anaconda3/Scripts:/mnt/c/Users/crz/AppData/Local/Microsoft/WindowsApps:/mnt/c/Users/crz/Downloads/winlibs-x86_64-posix-seh-gcc-12.3.0-llvm-16.0.4-mingw-w64ucrt-11.0.0-r1.zip/mingw64/bin:/mnt/d/mingw64/bin:/mnt/e/Microsoft VS Code/bin:/mnt/e/CLion 2022.3/bin:/mnt/c/Users/crz/AppData/Local/JetBrains/Toolbox/scripts:/mnt/d/PyCharm 2023.3.4/bin:/mnt/d/IntelliJ IDEA 2023.3.4/bin:/mnt/c/Users/crz/anaconda3/Lib/site-packages:/mnt/d/texlive/2024/bin/windows:/mnt/c/Users/crz/AppData/Roaming/npm:/mnt/d/:/mnt/d/WebStorm 2024.3.2.1/bin:/snap/bin:/mnt/c/Users/crz/AppData/Local/Programs/Microsoft VS Code/bin:/mnt/e/Microsoft\ V
SHELL=/bin/bash
DISPLAY=:0.0
HOSTTYPE=x86_64
LANG=en_US.UTF-8
LC_ALL=en_US.UTF-8
TERM=xterm-256color

Signal Handlers:
SIGSEGV: [libjvm.so+0xebbd40], sa_mask[0]=11111111011111111101111111111110, sa_flags=SA_RESTART|SA_SIGINFO
SIGBUS: [libjvm.so+0xebbd40], sa_mask[0]=11111111011111111101111111111110, sa_flags=SA_RESTART|SA_SIGINFO
SIGFPE: [libjvm.so+0xebbd40], sa_mask[0]=11111111011111111101111111111110, sa_flags=SA_RESTART|SA_SIGINFO
SIGPIPE: [libjvm.so+0xbfe040], sa_mask[0]=11111111011111111101111111111110, sa_flags=SA_RESTART|SA_SIGINFO
SIGXFSZ: [libjvm.so+0xbfe040], sa_mask[0]=11111111011111111101111111111110, sa_flags=SA_RESTART|SA_SIGINFO
SIGILL: [libjvm.so+0xebbd40], sa_mask[0]=11111111011111111101111111111110, sa_flags=SA_RESTART|SA_SIGINFO
SIGUSR2: [libjvm.so+0xbfdee0], sa_mask[0]=00000000000000000000000000000000, sa_flags=SA_RESTART|SA_SIGINFO
SIGHUP: [libjvm.so+0xbfe6a0], sa_mask[0]=11111111011111111101111111111110, sa_flags=SA_RESTART|SA_SIGINFO
SIGINT: [libjvm.so+0xbfe6a0], sa_mask[0]=11111111011111111101111111111110, sa_flags=SA_RESTART|SA_SIGINFO
SIGTERM: [libjvm.so+0xbfe6a0], sa_mask[0]=11111111011111111101111111111110, sa_flags=SA_RESTART|SA_SIGINFO
SIGQUIT: [libjvm.so+0xbfe6a0], sa_mask[0]=11111111011111111101111111111110, sa_flags=SA_RESTART|SA_SIGINFO


---------------  S Y S T E M  ---------------

OS:DISTRIB_ID=Ubuntu
DISTRIB_RELEASE=22.04
DISTRIB_CODENAME=jammy
DISTRIB_DESCRIPTION="Ubuntu 22.04.5 LTS"
uname:Linux 5.15.167.4-microsoft-standard-WSL2 #1 SMP Tue Nov 5 00:21:55 UTC 2024 x86_64
OS uptime: 0 days 2:20 hours
libc:glibc 2.35 NPTL 2.35 
rlimit (soft/hard): STACK 8192k/infinity , CORE 0k/infinity , NPROC 63270/63270 , NOFILE 1048576/1048576 , AS infinity/infinity , CPU infinity/infinity , DATA infinity/infinity , FSIZE infinity/infinity , MEMLOCK 65536k/65536k
load average:1.69 0.97 0.71

/proc/meminfo:
MemTotal:       16204140 kB
MemFree:        12423712 kB
MemAvailable:   13396348 kB
Buffers:           15484 kB
Cached:          1213960 kB
SwapCached:            0 kB
Active:           196208 kB
Inactive:        3141212 kB
Active(anon):       2448 kB
Inactive(anon):  2147032 kB
Active(file):     193760 kB
Inactive(file):   994180 kB
Unevictable:           0 kB
Mlocked:               0 kB
SwapTotal:       4194304 kB
SwapFree:        4194304 kB
Dirty:                44 kB
Writeback:             0 kB
AnonPages:       2014136 kB
Mapped:           999100 kB
Shmem:             41504 kB
KReclaimable:      64872 kB
Slab:             152220 kB
SReclaimable:      64872 kB
SUnreclaim:        87348 kB
KernelStack:       10268 kB
PageTables:        16320 kB
NFS_Unstable:          0 kB
Bounce:                0 kB
WritebackTmp:          0 kB
CommitLimit:    12296372 kB
Committed_AS:    4399492 kB
VmallocTotal:   34359738367 kB
VmallocUsed:       33616 kB
VmallocChunk:          0 kB
Percpu:            14976 kB
AnonHugePages:   1394688 kB
ShmemHugePages:        0 kB
ShmemPmdMapped:        0 kB
FileHugePages:         0 kB
FilePmdMapped:         0 kB
HugePages_Total:       0
HugePages_Free:        0
HugePages_Rsvd:        0
HugePages_Surp:        0
Hugepagesize:       2048 kB
Hugetlb:               0 kB
DirectMap4k:      130048 kB
DirectMap2M:     8081408 kB
DirectMap1G:    16777216 kB

/sys/kernel/mm/transparent_hugepage/enabled:
[always] madvise never
/sys/kernel/mm/transparent_hugepage/defrag (defrag/compaction efforts parameter):
always defer defer+madvise [madvise] never

Process Memory:
Virtual Size: 7199508K (peak: 15578236K)
Resident Set Size: 103204K (peak: 103204K) (anon: 46700K, file: 56504K, shmem: 0K)
Swapped out: 0K
C-Heap outstanding allocations: 43827K, retained: 3036K
glibc malloc tunables: (default)

/proc/sys/kernel/threads-max (system-wide limit on the number of threads):
126540
/proc/sys/vm/max_map_count (maximum number of memory map areas a process may have):
65530
/proc/sys/kernel/pid_max (system-wide limit on number of process identifiers):
4194304

container (cgroup) information:
container_type: cgroupv1
cpu_cpuset_cpus: 0-19
cpu_memory_nodes: 0
active_processor_count: 20
cpu_quota: no quota
cpu_period: 100000
cpu_shares: no shares
memory_limit_in_bytes: unlimited
memory_and_swap_limit_in_bytes: unlimited
memory_soft_limit_in_bytes: unlimited
memory_usage_in_bytes: 3243912 k
memory_max_usage_in_bytes: 3536884 k
kernel_memory_limit_in_bytes: unlimited
kernel_memory_usage_in_bytes: 59920 k
kernel_memory_max_usage_in_bytes: 82692 k
maximum number of tasks: not supported
current number of tasks: not supported

Hyper-V virtualization detected
Steal ticks since vm start: 0
Steal ticks percentage since vm start:  0.000

CPU:total 20 (initial active 20) (16 cores per cpu, 2 threads per core) family 6 model 186 stepping 2 microcode 0xffffffff, cmov, cx8, fxsr, mmx, sse, sse2, sse3, ssse3, sse4.1, sse4.2, popcnt, avx, avx2, aes, clmul, erms, 3dnowpref, lzcnt, ht, tsc, tscinvbit, bmi1, bmi2, adx, sha, fma
CPU Model and flags from /proc/cpuinfo:
model name	: 13th Gen Intel(R) Core(TM) i9-13900H
flags		: fpu vme de pse tsc msr pae mce cx8 apic sep mtrr pge mca cmov pat pse36 clflush mmx fxsr sse sse2 ss ht syscall nx pdpe1gb rdtscp lm constant_tsc rep_good nopl xtopology tsc_reliable nonstop_tsc cpuid pni pclmulqdq vmx ssse3 fma cx16 pcid sse4_1 sse4_2 x2apic movbe popcnt tsc_deadline_timer aes xsave avx f16c rdrand hypervisor lahf_lm abm 3dnowprefetch invpcid_single ssbd ibrs ibpb stibp ibrs_enhanced tpr_shadow vnmi ept vpid ept_ad fsgsbase tsc_adjust bmi1 avx2 smep bmi2 erms invpcid rdseed adx smap clflushopt clwb sha_ni xsaveopt xsavec xgetbv1 xsaves avx_vnni umip waitpkg gfni vaes vpclmulqdq rdpid movdiri movdir64b fsrm md_clear serialize flush_l1d arch_capabilities
Online cpus:
0-19
Offline cpus:

BIOS frequency limitation:
<Not Available>
Frequency switch latency (ns):
<Not Available>
Available cpu frequencies:
<Not Available>
Current governor:
<Not Available>
Core performance/turbo boost:
<Not Available>

Memory: 4k page, physical 16204140k(12423712k free), swap 4194304k(4194304k free)

vm_info: OpenJDK 64-Bit Server VM (11.0.27+6-post-Ubuntu-0ubuntu122.04) for linux-amd64 JRE (11.0.27+6-post-Ubuntu-0ubuntu122.04), built on Apr 21 2025 05:59:45 by "unknown" with gcc 11.4.0

END.
