#
# A fatal error has been detected by the Java Runtime Environment:
#
#  SIGSEGV (0xb) at pc=0x00007fd74a11afbc, pid=27857, tid=27858
#
# JRE version: OpenJDK Runtime Environment (11.0.27+6) (build 11.0.27+6-post-Ubuntu-0ubuntu122.04)
# Java VM: OpenJDK 64-Bit Server VM (11.0.27+6-post-Ubuntu-0ubuntu122.04, mixed mode, sharing, tiered, compressed oops, g1 gc, linux-amd64)
# Problematic frame:
# C  [libLLVM-13.so+0xbeefbc]  void llvm::SymbolTableListTraits<llvm::Instruction>::setSymTabObject<llvm::Function*>(llvm::Function**, llvm::Function*)+0x13c
#
# Core dump will be written. Default location: Core dumps may be processed with "/wsl-capture-crash %t %E %p %s" (or dumping to /home/crz/compilers/Lab/core.27857)
#
# If you would like to submit a bug report, please visit:
#   https://bugs.launchpad.net/ubuntu/+source/openjdk-lts
# The crash happened outside the Java Virtual Machine in native code.
# See problematic frame for where to report the bug.
#

---------------  S U M M A R Y ------------

Command Line: Main tests/lab6_test/constproptest2.sysy tests/lab6_test/constproptest2.ll

Host: 13th Gen Intel(R) Core(TM) i9-13900H, 20 cores, 15G, Ubuntu 22.04.5 LTS
Time: Wed May 21 22:25:20 2025 CST elapsed time: 0.133655 seconds (0d 0h 0m 0s)

---------------  T H R E A D  ---------------

Current thread (0x00007fd7bc015800):  JavaThread "main" [_thread_in_native, id=27858, stack(0x00007fd7c38b1000,0x00007fd7c39b1000)]

Stack: [0x00007fd7c38b1000,0x00007fd7c39b1000],  sp=0x00007fd7c39af550,  free space=1017k
Native frames: (J=compiled Java code, A=aot compiled Java code, j=interpreted, Vv=VM code, C=native code)
C  [libLLVM-13.so+0xbeefbc]  void llvm::SymbolTableListTraits<llvm::Instruction>::setSymTabObject<llvm::Function*>(llvm::Function**, llvm::Function*)+0x13c

Java frames: (J=compiled Java code, j=interpreted, Vv=VM code)
j  org.bytedeco.llvm.global.LLVM.LLVMRemoveBasicBlockFromParent(Lorg/bytedeco/llvm/LLVM/LLVMBasicBlockRef;)V+0
j  LLVMIROptimization.append_inst(Lorg/bytedeco/llvm/LLVM/LLVMBasicBlockRef;Lorg/bytedeco/llvm/LLVM/LLVMBasicBlockRef;)V+217
j  LLVMIROptimization.merge_block()Z+271
j  LLVMIROptimization.remove_redundant_block()Z+464
j  LLVMIROptimization.elem_dead_code()V+199
j  Main.main([Ljava/lang/String;)V+191
v  ~StubRoutines::call_stub

siginfo: si_signo: 11 (SIGSEGV), si_code: 1 (SEGV_MAPERR), si_addr: 0x0000000000000017

Register to memory mapping:

RAX=0x00007fd7bc42aa18 points into unknown readable memory: 0x00007fd7bc45ed20 | 20 ed 45 bc d7 7f 00 00
RBX=0x0 is NULL
RCX=0x0000000000000010 is an unknown value
RDX=0x0 is NULL
RSP=0x00007fd7c39af550 is pointing into the stack for thread: 0x00007fd7bc015800
RBP=0x00007fd7bc45a028 points into unknown readable memory: 0x00007fd7bc462128 | 28 21 46 bc d7 7f 00 00
RSI=0x00007fd7bc45a038 points into unknown readable memory: 0x0000000000000000 | 00 00 00 00 00 00 00 00
RDI=0x00007fd7bc45a028 points into unknown readable memory: 0x00007fd7bc462128 | 28 21 46 bc d7 7f 00 00
R8 =0x00007fd7bc015b50 points into unknown readable memory: 0x00007fd7c4f38b60 | 60 8b f3 c4 d7 7f 00 00
R9 =0x00000007177a5ef8 is an oop: org.bytedeco.llvm.LLVM.LLVMBasicBlockRef 
{0x00000007177a5ef8} - klass: 'org/bytedeco/llvm/LLVM/LLVMBasicBlockRef'
 - ---- fields (total size 6 words):
 - private 'deallocator' 'Lorg/bytedeco/javacpp/Pointer$Deallocator;' @12  NULL (0)
 - protected 'address' 'J' @16  140564553375744 (bc45a000 7fd7)
 - protected 'position' 'J' @24  0 (0 0)
 - protected 'limit' 'J' @32  0 (0 0)
 - protected 'capacity' 'J' @40  0 (0 0)
R10=0x000000000000000e is an unknown value
R11=0x00007fd7c4f9cba4: <offset 0x00000000012b8ba4> in /usr/lib/jvm/java-11-openjdk-amd64/lib/server/libjvm.so at 0x00007fd7c3ce4000
R12=0x0 is NULL
R13=0x00007fd7bc4531f0 points into unknown readable memory: 0x00007fd7bc45aeb0 | b0 ae 45 bc d7 7f 00 00
R14=0x00007fd7c39af610 is pointing into the stack for thread: 0x00007fd7bc015800
R15=0x00007fd7bc015800 is a thread


Registers:
RAX=0x00007fd7bc42aa18, RBX=0x0000000000000000, RCX=0x0000000000000010, RDX=0x0000000000000000
RSP=0x00007fd7c39af550, RBP=0x00007fd7bc45a028, RSI=0x00007fd7bc45a038, RDI=0x00007fd7bc45a028
R8 =0x00007fd7bc015b50, R9 =0x00000007177a5ef8, R10=0x000000000000000e, R11=0x00007fd7c4f9cba4
R12=0x0000000000000000, R13=0x00007fd7bc4531f0, R14=0x00007fd7c39af610, R15=0x00007fd7bc015800
RIP=0x00007fd74a11afbc, EFLAGS=0x0000000000010246, CSGSFS=0x002b000000000033, ERR=0x0000000000000004
  TRAPNO=0x000000000000000e

Top of Stack: (sp=0x00007fd7c39af550)
0x00007fd7c39af550:   00007fd791cdb228 00007fd7bc45a000
0x00007fd7c39af560:   00007fd7bc42aa18 0000000000000000
0x00007fd7c39af570:   00007fd791cdaa40 00007fd74a11b07c
0x00007fd7c39af580:   0000000000000000 00007fd791cdaa40 

Instructions: (pc=0x00007fd74a11afbc)
0x00007fd74a11aebc:   5b 4d 85 ed 74 26 48 8b 5f 08 48 39 fb 74 4d 0f
0x00007fd74a11aecc:   1f 44 00 00 48 85 db 0f 84 e3 00 00 00 f6 43 ff
0x00007fd74a11aedc:   10 75 49 48 8b 5b 08 48 39 eb 75 e8 4d 85 e4 74
0x00007fd74a11aeec:   2b 48 8b 5d 08 48 39 eb 74 22 66 2e 0f 1f 84 00
0x00007fd74a11aefc:   00 00 00 00 48 85 db 0f 84 b3 00 00 00 f6 43 ff
0x00007fd74a11af0c:   10 75 41 48 8b 5b 08 48 39 eb 75 e8 48 83 c4 08
0x00007fd74a11af1c:   5b 5d 41 5c 41 5d c3 0f 1f 44 00 00 48 8d 7b e8
0x00007fd74a11af2c:   e8 bf 30 17 00 4c 89 ef 48 89 c6 e8 54 5c 17 00
0x00007fd74a11af3c:   48 8b 5b 08 48 39 dd 75 8b eb a1 66 0f 1f 84 00
0x00007fd74a11af4c:   00 00 00 00 48 8d 73 e8 4c 89 e7 e8 e4 5f 17 00
0x00007fd74a11af5c:   48 8b 5b 08 48 39 eb 75 9b 48 83 c4 08 5b 5d 41
0x00007fd74a11af6c:   5c 41 5d c3 48 89 16 48 8b 47 10 48 85 c0 74 9c
0x00007fd74a11af7c:   4c 8b 60 68 4d 85 e4 74 93 48 39 6d 00 0f 85 5e
0x00007fd74a11af8c:   ff ff ff eb 87 0f 1f 80 00 00 00 00 4d 85 ed 0f
0x00007fd74a11af9c:   84 77 ff ff ff 48 3b 3f 0f 84 6e ff ff ff 48 8b
0x00007fd74a11afac:   5f 08 48 39 df 0f 85 19 ff ff ff e9 5c ff ff ff
0x00007fd74a11afbc:   0f b6 04 25 17 00 00 00 0f 0b 66 2e 0f 1f 84 00
0x00007fd74a11afcc:   00 00 00 00 48 89 f2 48 8d 77 38 48 83 c7 28 e9
0x00007fd74a11afdc:   a0 fe ff ff 41 55 48 8d 77 38 31 d2 41 54 55 48
0x00007fd74a11afec:   89 fd 48 83 c7 28 53 48 83 ec 08 48 8b 5f 10 4c
0x00007fd74a11affc:   8b 67 f8 e8 7c fe ff ff f6 45 17 10 74 1c 4c 8b
0x00007fd74a11b00c:   6b 68 4d 85 ed 74 13 48 89 ef e8 d5 2f 17 00 4c
0x00007fd74a11b01c:   89 ef 48 89 c6 e8 6a 5b 17 00 48 8b 45 18 48 8b
0x00007fd74a11b02c:   55 20 66 0f ef c0 48 89 ef 48 89 02 48 89 50 08
0x00007fd74a11b03c:   0f 11 45 18 e8 7b ec ff ff 48 89 ef be 40 00 00
0x00007fd74a11b04c:   00 e8 3e 4e 6f 03 48 83 c4 08 4c 89 e0 5b 5d 41
0x00007fd74a11b05c:   5c 41 5d c3 55 48 8d 77 38 31 d2 53 48 89 fb 48
0x00007fd74a11b06c:   83 c7 28 48 83 ec 08 48 8b 6f 10 e8 04 fe ff ff
0x00007fd74a11b07c:   f6 43 17 10 74 1c 48 8b 6d 68 48 85 ed 74 13 48
0x00007fd74a11b08c:   89 df e8 5d 2f 17 00 48 89 ef 48 89 c6 e8 f2 5a
0x00007fd74a11b09c:   17 00 48 8b 43 18 48 8b 53 20 66 0f ef c0 48 89
0x00007fd74a11b0ac:   02 48 89 50 08 0f 11 43 18 48 83 c4 08 5b 5d c3 


Stack slot to memory mapping:
stack at sp + 0 slots: {method} {0x00007fd791cdb228} 'LLVMInstructionRemoveFromParent' '(Lorg/bytedeco/llvm/LLVM/LLVMValueRef;)V' in 'org/bytedeco/llvm/global/LLVM'
stack at sp + 1 slots: 0x00007fd7bc45a000 points into unknown readable memory: 0x00007fd7bc44fed0 | d0 fe 44 bc d7 7f 00 00
stack at sp + 2 slots: 0x00007fd7bc42aa18 points into unknown readable memory: 0x00007fd7bc45ed20 | 20 ed 45 bc d7 7f 00 00
stack at sp + 3 slots: 0x0 is NULL
stack at sp + 4 slots: {method} {0x00007fd791cdaa40} 'LLVMRemoveBasicBlockFromParent' '(Lorg/bytedeco/llvm/LLVM/LLVMBasicBlockRef;)V' in 'org/bytedeco/llvm/global/LLVM'
stack at sp + 5 slots: 0x00007fd74a11b07c: _ZN4llvm10BasicBlock16removeFromParentEv+0x000000000000001c in /home/crz/.javacpp/cache/llvm-13.0.1-1.5.7-linux-x86_64.jar/org/bytedeco/llvm/linux-x86_64/libLLVM-13.so at 0x00007fd74952c000
stack at sp + 6 slots: 0x0 is NULL
stack at sp + 7 slots: {method} {0x00007fd791cdaa40} 'LLVMRemoveBasicBlockFromParent' '(Lorg/bytedeco/llvm/LLVM/LLVMBasicBlockRef;)V' in 'org/bytedeco/llvm/global/LLVM'


---------------  P R O C E S S  ---------------

Threads class SMR info:
_java_thread_list=0x00007fd764126820, length=13, elements={
0x00007fd7bc015800, 0x00007fd7bc1ec000, 0x00007fd7bc1ee800, 0x00007fd7bc1f4000,
0x00007fd7bc1f6000, 0x00007fd7bc1f8000, 0x00007fd7bc1fa000, 0x00007fd7bc1fc000,
0x00007fd76c054000, 0x00007fd7bc22f000, 0x00007fd7bc3b5800, 0x00007fd76411e000,
0x00007fd764125000
}

Java Threads: ( => current thread )
=>0x00007fd7bc015800 JavaThread "main" [_thread_in_native, id=27858, stack(0x00007fd7c38b1000,0x00007fd7c39b1000)]
  0x00007fd7bc1ec000 JavaThread "Reference Handler" daemon [_thread_blocked, id=27865, stack(0x00007fd79824f000,0x00007fd79834f000)]
  0x00007fd7bc1ee800 JavaThread "Finalizer" daemon [_thread_blocked, id=27866, stack(0x00007fd79814f000,0x00007fd79824f000)]
  0x00007fd7bc1f4000 JavaThread "Signal Dispatcher" daemon [_thread_blocked, id=27867, stack(0x00007fd79804f000,0x00007fd79814f000)]
  0x00007fd7bc1f6000 JavaThread "Service Thread" daemon [_thread_blocked, id=27868, stack(0x00007fd791113000,0x00007fd791213000)]
  0x00007fd7bc1f8000 JavaThread "C2 CompilerThread0" daemon [_thread_blocked, id=27869, stack(0x00007fd791013000,0x00007fd791113000)]
  0x00007fd7bc1fa000 JavaThread "C1 CompilerThread0" daemon [_thread_blocked, id=27870, stack(0x00007fd790f13000,0x00007fd791013000)]
  0x00007fd7bc1fc000 JavaThread "Sweeper thread" daemon [_thread_blocked, id=27871, stack(0x00007fd790e13000,0x00007fd790f13000)]
  0x00007fd76c054000 JavaThread "C1 CompilerThread1" daemon [_thread_blocked, id=27872, stack(0x00007fd790d13000,0x00007fd790e13000)]
  0x00007fd7bc22f000 JavaThread "Common-Cleaner" daemon [_thread_blocked, id=27874, stack(0x00007fd790b12000,0x00007fd790c12000)]
  0x00007fd7bc3b5800 JavaThread "JavaCPP Deallocator" daemon [_thread_blocked, id=27875, stack(0x00007fd790a12000,0x00007fd790b12000)]
  0x00007fd76411e000 JavaThread "C2 CompilerThread1" daemon [_thread_blocked, id=27876, stack(0x00007fd790912000,0x00007fd790a12000)]
  0x00007fd764125000 JavaThread "C1 CompilerThread2" daemon [_thread_blocked, id=27877, stack(0x00007fd79070c000,0x00007fd79080c000)]

Other Threads:
  0x00007fd7bc1e9800 VMThread "VM Thread" [stack: 0x00007fd798350000,0x00007fd798450000] [id=27864]
  0x00007fd7bc22d000 WatcherThread [stack: 0x00007fd790c13000,0x00007fd790d13000] [id=27873]
  0x00007fd7bc02f800 GCTaskThread "GC Thread#0" [stack: 0x00007fd7c3581000,0x00007fd7c3681000] [id=27859]
  0x00007fd7bc08d800 ConcurrentGCThread "G1 Main Marker" [stack: 0x00007fd7c0c49000,0x00007fd7c0d49000] [id=27860]
  0x00007fd7bc08f800 ConcurrentGCThread "G1 Conc#0" [stack: 0x00007fd7c0b48000,0x00007fd7c0c48000] [id=27861]
  0x00007fd7bc1ab000 ConcurrentGCThread "G1 Refine#0" [stack: 0x00007fd7a42bb000,0x00007fd7a43bb000] [id=27862]
  0x00007fd7bc1ac800 ConcurrentGCThread "G1 Young RemSet Sampling" [stack: 0x00007fd7a41ba000,0x00007fd7a42ba000] [id=27863]

Threads with active compile tasks:

VM state:not at safepoint (normal execution)

VM Mutex/Monitor currently owned by a thread: None

Heap address: 0x0000000708a00000, size: 3958 MB, Compressed Oops mode: Zero based, Oop shift amount: 3
Narrow klass base: 0x0000000800000000, Narrow klass shift: 3
Compressed class space size: 1073741824 Address: 0x0000000840000000

Heap:
 garbage-first heap   total 256000K, used 10960K [0x0000000708a00000, 0x0000000800000000)
  region size 1024K, 11 young (11264K), 0 survivors (0K)
 Metaspace       used 3761K, capacity 6665K, committed 6912K, reserved 1056768K
  class space    used 395K, capacity 688K, committed 768K, reserved 1048576K
Heap Regions: E=young(eden), S=young(survivor), O=old, HS=humongous(starts), HC=humongous(continues), CS=collection set, F=free, A=archive, TAMS=top-at-mark-start (previous, next)
|   0|0x0000000708a00000, 0x0000000708a00000, 0x0000000708b00000|  0%| F|  |TAMS 0x0000000708a00000, 0x0000000708a00000| Untracked 
|   1|0x0000000708b00000, 0x0000000708b00000, 0x0000000708c00000|  0%| F|  |TAMS 0x0000000708b00000, 0x0000000708b00000| Untracked 
|   2|0x0000000708c00000, 0x0000000708c00000, 0x0000000708d00000|  0%| F|  |TAMS 0x0000000708c00000, 0x0000000708c00000| Untracked 
|   3|0x0000000708d00000, 0x0000000708d00000, 0x0000000708e00000|  0%| F|  |TAMS 0x0000000708d00000, 0x0000000708d00000| Untracked 
|   4|0x0000000708e00000, 0x0000000708e00000, 0x0000000708f00000|  0%| F|  |TAMS 0x0000000708e00000, 0x0000000708e00000| Untracked 
|   5|0x0000000708f00000, 0x0000000708f00000, 0x0000000709000000|  0%| F|  |TAMS 0x0000000708f00000, 0x0000000708f00000| Untracked 
|   6|0x0000000709000000, 0x0000000709000000, 0x0000000709100000|  0%| F|  |TAMS 0x0000000709000000, 0x0000000709000000| Untracked 
|   7|0x0000000709100000, 0x0000000709100000, 0x0000000709200000|  0%| F|  |TAMS 0x0000000709100000, 0x0000000709100000| Untracked 
|   8|0x0000000709200000, 0x0000000709200000, 0x0000000709300000|  0%| F|  |TAMS 0x0000000709200000, 0x0000000709200000| Untracked 
|   9|0x0000000709300000, 0x0000000709300000, 0x0000000709400000|  0%| F|  |TAMS 0x0000000709300000, 0x0000000709300000| Untracked 
|  10|0x0000000709400000, 0x0000000709400000, 0x0000000709500000|  0%| F|  |TAMS 0x0000000709400000, 0x0000000709400000| Untracked 
|  11|0x0000000709500000, 0x0000000709500000, 0x0000000709600000|  0%| F|  |TAMS 0x0000000709500000, 0x0000000709500000| Untracked 
|  12|0x0000000709600000, 0x0000000709600000, 0x0000000709700000|  0%| F|  |TAMS 0x0000000709600000, 0x0000000709600000| Untracked 
|  13|0x0000000709700000, 0x0000000709700000, 0x0000000709800000|  0%| F|  |TAMS 0x0000000709700000, 0x0000000709700000| Untracked 
|  14|0x0000000709800000, 0x0000000709800000, 0x0000000709900000|  0%| F|  |TAMS 0x0000000709800000, 0x0000000709800000| Untracked 
|  15|0x0000000709900000, 0x0000000709900000, 0x0000000709a00000|  0%| F|  |TAMS 0x0000000709900000, 0x0000000709900000| Untracked 
|  16|0x0000000709a00000, 0x0000000709a00000, 0x0000000709b00000|  0%| F|  |TAMS 0x0000000709a00000, 0x0000000709a00000| Untracked 
|  17|0x0000000709b00000, 0x0000000709b00000, 0x0000000709c00000|  0%| F|  |TAMS 0x0000000709b00000, 0x0000000709b00000| Untracked 
|  18|0x0000000709c00000, 0x0000000709c00000, 0x0000000709d00000|  0%| F|  |TAMS 0x0000000709c00000, 0x0000000709c00000| Untracked 
|  19|0x0000000709d00000, 0x0000000709d00000, 0x0000000709e00000|  0%| F|  |TAMS 0x0000000709d00000, 0x0000000709d00000| Untracked 
|  20|0x0000000709e00000, 0x0000000709e00000, 0x0000000709f00000|  0%| F|  |TAMS 0x0000000709e00000, 0x0000000709e00000| Untracked 
|  21|0x0000000709f00000, 0x0000000709f00000, 0x000000070a000000|  0%| F|  |TAMS 0x0000000709f00000, 0x0000000709f00000| Untracked 
|  22|0x000000070a000000, 0x000000070a000000, 0x000000070a100000|  0%| F|  |TAMS 0x000000070a000000, 0x000000070a000000| Untracked 
|  23|0x000000070a100000, 0x000000070a100000, 0x000000070a200000|  0%| F|  |TAMS 0x000000070a100000, 0x000000070a100000| Untracked 
|  24|0x000000070a200000, 0x000000070a200000, 0x000000070a300000|  0%| F|  |TAMS 0x000000070a200000, 0x000000070a200000| Untracked 
|  25|0x000000070a300000, 0x000000070a300000, 0x000000070a400000|  0%| F|  |TAMS 0x000000070a300000, 0x000000070a300000| Untracked 
|  26|0x000000070a400000, 0x000000070a400000, 0x000000070a500000|  0%| F|  |TAMS 0x000000070a400000, 0x000000070a400000| Untracked 
|  27|0x000000070a500000, 0x000000070a500000, 0x000000070a600000|  0%| F|  |TAMS 0x000000070a500000, 0x000000070a500000| Untracked 
|  28|0x000000070a600000, 0x000000070a600000, 0x000000070a700000|  0%| F|  |TAMS 0x000000070a600000, 0x000000070a600000| Untracked 
|  29|0x000000070a700000, 0x000000070a700000, 0x000000070a800000|  0%| F|  |TAMS 0x000000070a700000, 0x000000070a700000| Untracked 
|  30|0x000000070a800000, 0x000000070a800000, 0x000000070a900000|  0%| F|  |TAMS 0x000000070a800000, 0x000000070a800000| Untracked 
|  31|0x000000070a900000, 0x000000070a900000, 0x000000070aa00000|  0%| F|  |TAMS 0x000000070a900000, 0x000000070a900000| Untracked 
|  32|0x000000070aa00000, 0x000000070aa00000, 0x000000070ab00000|  0%| F|  |TAMS 0x000000070aa00000, 0x000000070aa00000| Untracked 
|  33|0x000000070ab00000, 0x000000070ab00000, 0x000000070ac00000|  0%| F|  |TAMS 0x000000070ab00000, 0x000000070ab00000| Untracked 
|  34|0x000000070ac00000, 0x000000070ac00000, 0x000000070ad00000|  0%| F|  |TAMS 0x000000070ac00000, 0x000000070ac00000| Untracked 
|  35|0x000000070ad00000, 0x000000070ad00000, 0x000000070ae00000|  0%| F|  |TAMS 0x000000070ad00000, 0x000000070ad00000| Untracked 
|  36|0x000000070ae00000, 0x000000070ae00000, 0x000000070af00000|  0%| F|  |TAMS 0x000000070ae00000, 0x000000070ae00000| Untracked 
|  37|0x000000070af00000, 0x000000070af00000, 0x000000070b000000|  0%| F|  |TAMS 0x000000070af00000, 0x000000070af00000| Untracked 
|  38|0x000000070b000000, 0x000000070b000000, 0x000000070b100000|  0%| F|  |TAMS 0x000000070b000000, 0x000000070b000000| Untracked 
|  39|0x000000070b100000, 0x000000070b100000, 0x000000070b200000|  0%| F|  |TAMS 0x000000070b100000, 0x000000070b100000| Untracked 
|  40|0x000000070b200000, 0x000000070b200000, 0x000000070b300000|  0%| F|  |TAMS 0x000000070b200000, 0x000000070b200000| Untracked 
|  41|0x000000070b300000, 0x000000070b300000, 0x000000070b400000|  0%| F|  |TAMS 0x000000070b300000, 0x000000070b300000| Untracked 
|  42|0x000000070b400000, 0x000000070b400000, 0x000000070b500000|  0%| F|  |TAMS 0x000000070b400000, 0x000000070b400000| Untracked 
|  43|0x000000070b500000, 0x000000070b500000, 0x000000070b600000|  0%| F|  |TAMS 0x000000070b500000, 0x000000070b500000| Untracked 
|  44|0x000000070b600000, 0x000000070b600000, 0x000000070b700000|  0%| F|  |TAMS 0x000000070b600000, 0x000000070b600000| Untracked 
|  45|0x000000070b700000, 0x000000070b700000, 0x000000070b800000|  0%| F|  |TAMS 0x000000070b700000, 0x000000070b700000| Untracked 
|  46|0x000000070b800000, 0x000000070b800000, 0x000000070b900000|  0%| F|  |TAMS 0x000000070b800000, 0x000000070b800000| Untracked 
|  47|0x000000070b900000, 0x000000070b900000, 0x000000070ba00000|  0%| F|  |TAMS 0x000000070b900000, 0x000000070b900000| Untracked 
|  48|0x000000070ba00000, 0x000000070ba00000, 0x000000070bb00000|  0%| F|  |TAMS 0x000000070ba00000, 0x000000070ba00000| Untracked 
|  49|0x000000070bb00000, 0x000000070bb00000, 0x000000070bc00000|  0%| F|  |TAMS 0x000000070bb00000, 0x000000070bb00000| Untracked 
|  50|0x000000070bc00000, 0x000000070bc00000, 0x000000070bd00000|  0%| F|  |TAMS 0x000000070bc00000, 0x000000070bc00000| Untracked 
|  51|0x000000070bd00000, 0x000000070bd00000, 0x000000070be00000|  0%| F|  |TAMS 0x000000070bd00000, 0x000000070bd00000| Untracked 
|  52|0x000000070be00000, 0x000000070be00000, 0x000000070bf00000|  0%| F|  |TAMS 0x000000070be00000, 0x000000070be00000| Untracked 
|  53|0x000000070bf00000, 0x000000070bf00000, 0x000000070c000000|  0%| F|  |TAMS 0x000000070bf00000, 0x000000070bf00000| Untracked 
|  54|0x000000070c000000, 0x000000070c000000, 0x000000070c100000|  0%| F|  |TAMS 0x000000070c000000, 0x000000070c000000| Untracked 
|  55|0x000000070c100000, 0x000000070c100000, 0x000000070c200000|  0%| F|  |TAMS 0x000000070c100000, 0x000000070c100000| Untracked 
|  56|0x000000070c200000, 0x000000070c200000, 0x000000070c300000|  0%| F|  |TAMS 0x000000070c200000, 0x000000070c200000| Untracked 
|  57|0x000000070c300000, 0x000000070c300000, 0x000000070c400000|  0%| F|  |TAMS 0x000000070c300000, 0x000000070c300000| Untracked 
|  58|0x000000070c400000, 0x000000070c400000, 0x000000070c500000|  0%| F|  |TAMS 0x000000070c400000, 0x000000070c400000| Untracked 
|  59|0x000000070c500000, 0x000000070c500000, 0x000000070c600000|  0%| F|  |TAMS 0x000000070c500000, 0x000000070c500000| Untracked 
|  60|0x000000070c600000, 0x000000070c600000, 0x000000070c700000|  0%| F|  |TAMS 0x000000070c600000, 0x000000070c600000| Untracked 
|  61|0x000000070c700000, 0x000000070c700000, 0x000000070c800000|  0%| F|  |TAMS 0x000000070c700000, 0x000000070c700000| Untracked 
|  62|0x000000070c800000, 0x000000070c800000, 0x000000070c900000|  0%| F|  |TAMS 0x000000070c800000, 0x000000070c800000| Untracked 
|  63|0x000000070c900000, 0x000000070c900000, 0x000000070ca00000|  0%| F|  |TAMS 0x000000070c900000, 0x000000070c900000| Untracked 
|  64|0x000000070ca00000, 0x000000070ca00000, 0x000000070cb00000|  0%| F|  |TAMS 0x000000070ca00000, 0x000000070ca00000| Untracked 
|  65|0x000000070cb00000, 0x000000070cb00000, 0x000000070cc00000|  0%| F|  |TAMS 0x000000070cb00000, 0x000000070cb00000| Untracked 
|  66|0x000000070cc00000, 0x000000070cc00000, 0x000000070cd00000|  0%| F|  |TAMS 0x000000070cc00000, 0x000000070cc00000| Untracked 
|  67|0x000000070cd00000, 0x000000070cd00000, 0x000000070ce00000|  0%| F|  |TAMS 0x000000070cd00000, 0x000000070cd00000| Untracked 
|  68|0x000000070ce00000, 0x000000070ce00000, 0x000000070cf00000|  0%| F|  |TAMS 0x000000070ce00000, 0x000000070ce00000| Untracked 
|  69|0x000000070cf00000, 0x000000070cf00000, 0x000000070d000000|  0%| F|  |TAMS 0x000000070cf00000, 0x000000070cf00000| Untracked 
|  70|0x000000070d000000, 0x000000070d000000, 0x000000070d100000|  0%| F|  |TAMS 0x000000070d000000, 0x000000070d000000| Untracked 
|  71|0x000000070d100000, 0x000000070d100000, 0x000000070d200000|  0%| F|  |TAMS 0x000000070d100000, 0x000000070d100000| Untracked 
|  72|0x000000070d200000, 0x000000070d200000, 0x000000070d300000|  0%| F|  |TAMS 0x000000070d200000, 0x000000070d200000| Untracked 
|  73|0x000000070d300000, 0x000000070d300000, 0x000000070d400000|  0%| F|  |TAMS 0x000000070d300000, 0x000000070d300000| Untracked 
|  74|0x000000070d400000, 0x000000070d400000, 0x000000070d500000|  0%| F|  |TAMS 0x000000070d400000, 0x000000070d400000| Untracked 
|  75|0x000000070d500000, 0x000000070d500000, 0x000000070d600000|  0%| F|  |TAMS 0x000000070d500000, 0x000000070d500000| Untracked 
|  76|0x000000070d600000, 0x000000070d600000, 0x000000070d700000|  0%| F|  |TAMS 0x000000070d600000, 0x000000070d600000| Untracked 
|  77|0x000000070d700000, 0x000000070d700000, 0x000000070d800000|  0%| F|  |TAMS 0x000000070d700000, 0x000000070d700000| Untracked 
|  78|0x000000070d800000, 0x000000070d800000, 0x000000070d900000|  0%| F|  |TAMS 0x000000070d800000, 0x000000070d800000| Untracked 
|  79|0x000000070d900000, 0x000000070d900000, 0x000000070da00000|  0%| F|  |TAMS 0x000000070d900000, 0x000000070d900000| Untracked 
|  80|0x000000070da00000, 0x000000070da00000, 0x000000070db00000|  0%| F|  |TAMS 0x000000070da00000, 0x000000070da00000| Untracked 
|  81|0x000000070db00000, 0x000000070db00000, 0x000000070dc00000|  0%| F|  |TAMS 0x000000070db00000, 0x000000070db00000| Untracked 
|  82|0x000000070dc00000, 0x000000070dc00000, 0x000000070dd00000|  0%| F|  |TAMS 0x000000070dc00000, 0x000000070dc00000| Untracked 
|  83|0x000000070dd00000, 0x000000070dd00000, 0x000000070de00000|  0%| F|  |TAMS 0x000000070dd00000, 0x000000070dd00000| Untracked 
|  84|0x000000070de00000, 0x000000070de00000, 0x000000070df00000|  0%| F|  |TAMS 0x000000070de00000, 0x000000070de00000| Untracked 
|  85|0x000000070df00000, 0x000000070df00000, 0x000000070e000000|  0%| F|  |TAMS 0x000000070df00000, 0x000000070df00000| Untracked 
|  86|0x000000070e000000, 0x000000070e000000, 0x000000070e100000|  0%| F|  |TAMS 0x000000070e000000, 0x000000070e000000| Untracked 
|  87|0x000000070e100000, 0x000000070e100000, 0x000000070e200000|  0%| F|  |TAMS 0x000000070e100000, 0x000000070e100000| Untracked 
|  88|0x000000070e200000, 0x000000070e200000, 0x000000070e300000|  0%| F|  |TAMS 0x000000070e200000, 0x000000070e200000| Untracked 
|  89|0x000000070e300000, 0x000000070e300000, 0x000000070e400000|  0%| F|  |TAMS 0x000000070e300000, 0x000000070e300000| Untracked 
|  90|0x000000070e400000, 0x000000070e400000, 0x000000070e500000|  0%| F|  |TAMS 0x000000070e400000, 0x000000070e400000| Untracked 
|  91|0x000000070e500000, 0x000000070e500000, 0x000000070e600000|  0%| F|  |TAMS 0x000000070e500000, 0x000000070e500000| Untracked 
|  92|0x000000070e600000, 0x000000070e600000, 0x000000070e700000|  0%| F|  |TAMS 0x000000070e600000, 0x000000070e600000| Untracked 
|  93|0x000000070e700000, 0x000000070e700000, 0x000000070e800000|  0%| F|  |TAMS 0x000000070e700000, 0x000000070e700000| Untracked 
|  94|0x000000070e800000, 0x000000070e800000, 0x000000070e900000|  0%| F|  |TAMS 0x000000070e800000, 0x000000070e800000| Untracked 
|  95|0x000000070e900000, 0x000000070e900000, 0x000000070ea00000|  0%| F|  |TAMS 0x000000070e900000, 0x000000070e900000| Untracked 
|  96|0x000000070ea00000, 0x000000070ea00000, 0x000000070eb00000|  0%| F|  |TAMS 0x000000070ea00000, 0x000000070ea00000| Untracked 
|  97|0x000000070eb00000, 0x000000070eb00000, 0x000000070ec00000|  0%| F|  |TAMS 0x000000070eb00000, 0x000000070eb00000| Untracked 
|  98|0x000000070ec00000, 0x000000070ec00000, 0x000000070ed00000|  0%| F|  |TAMS 0x000000070ec00000, 0x000000070ec00000| Untracked 
|  99|0x000000070ed00000, 0x000000070ed00000, 0x000000070ee00000|  0%| F|  |TAMS 0x000000070ed00000, 0x000000070ed00000| Untracked 
| 100|0x000000070ee00000, 0x000000070ee00000, 0x000000070ef00000|  0%| F|  |TAMS 0x000000070ee00000, 0x000000070ee00000| Untracked 
| 101|0x000000070ef00000, 0x000000070ef00000, 0x000000070f000000|  0%| F|  |TAMS 0x000000070ef00000, 0x000000070ef00000| Untracked 
| 102|0x000000070f000000, 0x000000070f000000, 0x000000070f100000|  0%| F|  |TAMS 0x000000070f000000, 0x000000070f000000| Untracked 
| 103|0x000000070f100000, 0x000000070f100000, 0x000000070f200000|  0%| F|  |TAMS 0x000000070f100000, 0x000000070f100000| Untracked 
| 104|0x000000070f200000, 0x000000070f200000, 0x000000070f300000|  0%| F|  |TAMS 0x000000070f200000, 0x000000070f200000| Untracked 
| 105|0x000000070f300000, 0x000000070f300000, 0x000000070f400000|  0%| F|  |TAMS 0x000000070f300000, 0x000000070f300000| Untracked 
| 106|0x000000070f400000, 0x000000070f400000, 0x000000070f500000|  0%| F|  |TAMS 0x000000070f400000, 0x000000070f400000| Untracked 
| 107|0x000000070f500000, 0x000000070f500000, 0x000000070f600000|  0%| F|  |TAMS 0x000000070f500000, 0x000000070f500000| Untracked 
| 108|0x000000070f600000, 0x000000070f600000, 0x000000070f700000|  0%| F|  |TAMS 0x000000070f600000, 0x000000070f600000| Untracked 
| 109|0x000000070f700000, 0x000000070f700000, 0x000000070f800000|  0%| F|  |TAMS 0x000000070f700000, 0x000000070f700000| Untracked 
| 110|0x000000070f800000, 0x000000070f800000, 0x000000070f900000|  0%| F|  |TAMS 0x000000070f800000, 0x000000070f800000| Untracked 
| 111|0x000000070f900000, 0x000000070f900000, 0x000000070fa00000|  0%| F|  |TAMS 0x000000070f900000, 0x000000070f900000| Untracked 
| 112|0x000000070fa00000, 0x000000070fa00000, 0x000000070fb00000|  0%| F|  |TAMS 0x000000070fa00000, 0x000000070fa00000| Untracked 
| 113|0x000000070fb00000, 0x000000070fb00000, 0x000000070fc00000|  0%| F|  |TAMS 0x000000070fb00000, 0x000000070fb00000| Untracked 
| 114|0x000000070fc00000, 0x000000070fc00000, 0x000000070fd00000|  0%| F|  |TAMS 0x000000070fc00000, 0x000000070fc00000| Untracked 
| 115|0x000000070fd00000, 0x000000070fd00000, 0x000000070fe00000|  0%| F|  |TAMS 0x000000070fd00000, 0x000000070fd00000| Untracked 
| 116|0x000000070fe00000, 0x000000070fe00000, 0x000000070ff00000|  0%| F|  |TAMS 0x000000070fe00000, 0x000000070fe00000| Untracked 
| 117|0x000000070ff00000, 0x000000070ff00000, 0x0000000710000000|  0%| F|  |TAMS 0x000000070ff00000, 0x000000070ff00000| Untracked 
| 118|0x0000000710000000, 0x0000000710000000, 0x0000000710100000|  0%| F|  |TAMS 0x0000000710000000, 0x0000000710000000| Untracked 
| 119|0x0000000710100000, 0x0000000710100000, 0x0000000710200000|  0%| F|  |TAMS 0x0000000710100000, 0x0000000710100000| Untracked 
| 120|0x0000000710200000, 0x0000000710200000, 0x0000000710300000|  0%| F|  |TAMS 0x0000000710200000, 0x0000000710200000| Untracked 
| 121|0x0000000710300000, 0x0000000710300000, 0x0000000710400000|  0%| F|  |TAMS 0x0000000710300000, 0x0000000710300000| Untracked 
| 122|0x0000000710400000, 0x0000000710400000, 0x0000000710500000|  0%| F|  |TAMS 0x0000000710400000, 0x0000000710400000| Untracked 
| 123|0x0000000710500000, 0x0000000710500000, 0x0000000710600000|  0%| F|  |TAMS 0x0000000710500000, 0x0000000710500000| Untracked 
| 124|0x0000000710600000, 0x0000000710600000, 0x0000000710700000|  0%| F|  |TAMS 0x0000000710600000, 0x0000000710600000| Untracked 
| 125|0x0000000710700000, 0x0000000710700000, 0x0000000710800000|  0%| F|  |TAMS 0x0000000710700000, 0x0000000710700000| Untracked 
| 126|0x0000000710800000, 0x0000000710800000, 0x0000000710900000|  0%| F|  |TAMS 0x0000000710800000, 0x0000000710800000| Untracked 
| 127|0x0000000710900000, 0x0000000710900000, 0x0000000710a00000|  0%| F|  |TAMS 0x0000000710900000, 0x0000000710900000| Untracked 
| 128|0x0000000710a00000, 0x0000000710a00000, 0x0000000710b00000|  0%| F|  |TAMS 0x0000000710a00000, 0x0000000710a00000| Untracked 
| 129|0x0000000710b00000, 0x0000000710b00000, 0x0000000710c00000|  0%| F|  |TAMS 0x0000000710b00000, 0x0000000710b00000| Untracked 
| 130|0x0000000710c00000, 0x0000000710c00000, 0x0000000710d00000|  0%| F|  |TAMS 0x0000000710c00000, 0x0000000710c00000| Untracked 
| 131|0x0000000710d00000, 0x0000000710d00000, 0x0000000710e00000|  0%| F|  |TAMS 0x0000000710d00000, 0x0000000710d00000| Untracked 
| 132|0x0000000710e00000, 0x0000000710e00000, 0x0000000710f00000|  0%| F|  |TAMS 0x0000000710e00000, 0x0000000710e00000| Untracked 
| 133|0x0000000710f00000, 0x0000000710f00000, 0x0000000711000000|  0%| F|  |TAMS 0x0000000710f00000, 0x0000000710f00000| Untracked 
| 134|0x0000000711000000, 0x0000000711000000, 0x0000000711100000|  0%| F|  |TAMS 0x0000000711000000, 0x0000000711000000| Untracked 
| 135|0x0000000711100000, 0x0000000711100000, 0x0000000711200000|  0%| F|  |TAMS 0x0000000711100000, 0x0000000711100000| Untracked 
| 136|0x0000000711200000, 0x0000000711200000, 0x0000000711300000|  0%| F|  |TAMS 0x0000000711200000, 0x0000000711200000| Untracked 
| 137|0x0000000711300000, 0x0000000711300000, 0x0000000711400000|  0%| F|  |TAMS 0x0000000711300000, 0x0000000711300000| Untracked 
| 138|0x0000000711400000, 0x0000000711400000, 0x0000000711500000|  0%| F|  |TAMS 0x0000000711400000, 0x0000000711400000| Untracked 
| 139|0x0000000711500000, 0x0000000711500000, 0x0000000711600000|  0%| F|  |TAMS 0x0000000711500000, 0x0000000711500000| Untracked 
| 140|0x0000000711600000, 0x0000000711600000, 0x0000000711700000|  0%| F|  |TAMS 0x0000000711600000, 0x0000000711600000| Untracked 
| 141|0x0000000711700000, 0x0000000711700000, 0x0000000711800000|  0%| F|  |TAMS 0x0000000711700000, 0x0000000711700000| Untracked 
| 142|0x0000000711800000, 0x0000000711800000, 0x0000000711900000|  0%| F|  |TAMS 0x0000000711800000, 0x0000000711800000| Untracked 
| 143|0x0000000711900000, 0x0000000711900000, 0x0000000711a00000|  0%| F|  |TAMS 0x0000000711900000, 0x0000000711900000| Untracked 
| 144|0x0000000711a00000, 0x0000000711a00000, 0x0000000711b00000|  0%| F|  |TAMS 0x0000000711a00000, 0x0000000711a00000| Untracked 
| 145|0x0000000711b00000, 0x0000000711b00000, 0x0000000711c00000|  0%| F|  |TAMS 0x0000000711b00000, 0x0000000711b00000| Untracked 
| 146|0x0000000711c00000, 0x0000000711c00000, 0x0000000711d00000|  0%| F|  |TAMS 0x0000000711c00000, 0x0000000711c00000| Untracked 
| 147|0x0000000711d00000, 0x0000000711d00000, 0x0000000711e00000|  0%| F|  |TAMS 0x0000000711d00000, 0x0000000711d00000| Untracked 
| 148|0x0000000711e00000, 0x0000000711e00000, 0x0000000711f00000|  0%| F|  |TAMS 0x0000000711e00000, 0x0000000711e00000| Untracked 
| 149|0x0000000711f00000, 0x0000000711f00000, 0x0000000712000000|  0%| F|  |TAMS 0x0000000711f00000, 0x0000000711f00000| Untracked 
| 150|0x0000000712000000, 0x0000000712000000, 0x0000000712100000|  0%| F|  |TAMS 0x0000000712000000, 0x0000000712000000| Untracked 
| 151|0x0000000712100000, 0x0000000712100000, 0x0000000712200000|  0%| F|  |TAMS 0x0000000712100000, 0x0000000712100000| Untracked 
| 152|0x0000000712200000, 0x0000000712200000, 0x0000000712300000|  0%| F|  |TAMS 0x0000000712200000, 0x0000000712200000| Untracked 
| 153|0x0000000712300000, 0x0000000712300000, 0x0000000712400000|  0%| F|  |TAMS 0x0000000712300000, 0x0000000712300000| Untracked 
| 154|0x0000000712400000, 0x0000000712400000, 0x0000000712500000|  0%| F|  |TAMS 0x0000000712400000, 0x0000000712400000| Untracked 
| 155|0x0000000712500000, 0x0000000712500000, 0x0000000712600000|  0%| F|  |TAMS 0x0000000712500000, 0x0000000712500000| Untracked 
| 156|0x0000000712600000, 0x0000000712600000, 0x0000000712700000|  0%| F|  |TAMS 0x0000000712600000, 0x0000000712600000| Untracked 
| 157|0x0000000712700000, 0x0000000712700000, 0x0000000712800000|  0%| F|  |TAMS 0x0000000712700000, 0x0000000712700000| Untracked 
| 158|0x0000000712800000, 0x0000000712800000, 0x0000000712900000|  0%| F|  |TAMS 0x0000000712800000, 0x0000000712800000| Untracked 
| 159|0x0000000712900000, 0x0000000712900000, 0x0000000712a00000|  0%| F|  |TAMS 0x0000000712900000, 0x0000000712900000| Untracked 
| 160|0x0000000712a00000, 0x0000000712a00000, 0x0000000712b00000|  0%| F|  |TAMS 0x0000000712a00000, 0x0000000712a00000| Untracked 
| 161|0x0000000712b00000, 0x0000000712b00000, 0x0000000712c00000|  0%| F|  |TAMS 0x0000000712b00000, 0x0000000712b00000| Untracked 
| 162|0x0000000712c00000, 0x0000000712c00000, 0x0000000712d00000|  0%| F|  |TAMS 0x0000000712c00000, 0x0000000712c00000| Untracked 
| 163|0x0000000712d00000, 0x0000000712d00000, 0x0000000712e00000|  0%| F|  |TAMS 0x0000000712d00000, 0x0000000712d00000| Untracked 
| 164|0x0000000712e00000, 0x0000000712e00000, 0x0000000712f00000|  0%| F|  |TAMS 0x0000000712e00000, 0x0000000712e00000| Untracked 
| 165|0x0000000712f00000, 0x0000000712f00000, 0x0000000713000000|  0%| F|  |TAMS 0x0000000712f00000, 0x0000000712f00000| Untracked 
| 166|0x0000000713000000, 0x0000000713000000, 0x0000000713100000|  0%| F|  |TAMS 0x0000000713000000, 0x0000000713000000| Untracked 
| 167|0x0000000713100000, 0x0000000713100000, 0x0000000713200000|  0%| F|  |TAMS 0x0000000713100000, 0x0000000713100000| Untracked 
| 168|0x0000000713200000, 0x0000000713200000, 0x0000000713300000|  0%| F|  |TAMS 0x0000000713200000, 0x0000000713200000| Untracked 
| 169|0x0000000713300000, 0x0000000713300000, 0x0000000713400000|  0%| F|  |TAMS 0x0000000713300000, 0x0000000713300000| Untracked 
| 170|0x0000000713400000, 0x0000000713400000, 0x0000000713500000|  0%| F|  |TAMS 0x0000000713400000, 0x0000000713400000| Untracked 
| 171|0x0000000713500000, 0x0000000713500000, 0x0000000713600000|  0%| F|  |TAMS 0x0000000713500000, 0x0000000713500000| Untracked 
| 172|0x0000000713600000, 0x0000000713600000, 0x0000000713700000|  0%| F|  |TAMS 0x0000000713600000, 0x0000000713600000| Untracked 
| 173|0x0000000713700000, 0x0000000713700000, 0x0000000713800000|  0%| F|  |TAMS 0x0000000713700000, 0x0000000713700000| Untracked 
| 174|0x0000000713800000, 0x0000000713800000, 0x0000000713900000|  0%| F|  |TAMS 0x0000000713800000, 0x0000000713800000| Untracked 
| 175|0x0000000713900000, 0x0000000713900000, 0x0000000713a00000|  0%| F|  |TAMS 0x0000000713900000, 0x0000000713900000| Untracked 
| 176|0x0000000713a00000, 0x0000000713a00000, 0x0000000713b00000|  0%| F|  |TAMS 0x0000000713a00000, 0x0000000713a00000| Untracked 
| 177|0x0000000713b00000, 0x0000000713b00000, 0x0000000713c00000|  0%| F|  |TAMS 0x0000000713b00000, 0x0000000713b00000| Untracked 
| 178|0x0000000713c00000, 0x0000000713c00000, 0x0000000713d00000|  0%| F|  |TAMS 0x0000000713c00000, 0x0000000713c00000| Untracked 
| 179|0x0000000713d00000, 0x0000000713d00000, 0x0000000713e00000|  0%| F|  |TAMS 0x0000000713d00000, 0x0000000713d00000| Untracked 
| 180|0x0000000713e00000, 0x0000000713e00000, 0x0000000713f00000|  0%| F|  |TAMS 0x0000000713e00000, 0x0000000713e00000| Untracked 
| 181|0x0000000713f00000, 0x0000000713f00000, 0x0000000714000000|  0%| F|  |TAMS 0x0000000713f00000, 0x0000000713f00000| Untracked 
| 182|0x0000000714000000, 0x0000000714000000, 0x0000000714100000|  0%| F|  |TAMS 0x0000000714000000, 0x0000000714000000| Untracked 
| 183|0x0000000714100000, 0x0000000714100000, 0x0000000714200000|  0%| F|  |TAMS 0x0000000714100000, 0x0000000714100000| Untracked 
| 184|0x0000000714200000, 0x0000000714200000, 0x0000000714300000|  0%| F|  |TAMS 0x0000000714200000, 0x0000000714200000| Untracked 
| 185|0x0000000714300000, 0x0000000714300000, 0x0000000714400000|  0%| F|  |TAMS 0x0000000714300000, 0x0000000714300000| Untracked 
| 186|0x0000000714400000, 0x0000000714400000, 0x0000000714500000|  0%| F|  |TAMS 0x0000000714400000, 0x0000000714400000| Untracked 
| 187|0x0000000714500000, 0x0000000714500000, 0x0000000714600000|  0%| F|  |TAMS 0x0000000714500000, 0x0000000714500000| Untracked 
| 188|0x0000000714600000, 0x0000000714600000, 0x0000000714700000|  0%| F|  |TAMS 0x0000000714600000, 0x0000000714600000| Untracked 
| 189|0x0000000714700000, 0x0000000714700000, 0x0000000714800000|  0%| F|  |TAMS 0x0000000714700000, 0x0000000714700000| Untracked 
| 190|0x0000000714800000, 0x0000000714800000, 0x0000000714900000|  0%| F|  |TAMS 0x0000000714800000, 0x0000000714800000| Untracked 
| 191|0x0000000714900000, 0x0000000714900000, 0x0000000714a00000|  0%| F|  |TAMS 0x0000000714900000, 0x0000000714900000| Untracked 
| 192|0x0000000714a00000, 0x0000000714a00000, 0x0000000714b00000|  0%| F|  |TAMS 0x0000000714a00000, 0x0000000714a00000| Untracked 
| 193|0x0000000714b00000, 0x0000000714b00000, 0x0000000714c00000|  0%| F|  |TAMS 0x0000000714b00000, 0x0000000714b00000| Untracked 
| 194|0x0000000714c00000, 0x0000000714c00000, 0x0000000714d00000|  0%| F|  |TAMS 0x0000000714c00000, 0x0000000714c00000| Untracked 
| 195|0x0000000714d00000, 0x0000000714d00000, 0x0000000714e00000|  0%| F|  |TAMS 0x0000000714d00000, 0x0000000714d00000| Untracked 
| 196|0x0000000714e00000, 0x0000000714e00000, 0x0000000714f00000|  0%| F|  |TAMS 0x0000000714e00000, 0x0000000714e00000| Untracked 
| 197|0x0000000714f00000, 0x0000000714f00000, 0x0000000715000000|  0%| F|  |TAMS 0x0000000714f00000, 0x0000000714f00000| Untracked 
| 198|0x0000000715000000, 0x0000000715000000, 0x0000000715100000|  0%| F|  |TAMS 0x0000000715000000, 0x0000000715000000| Untracked 
| 199|0x0000000715100000, 0x0000000715100000, 0x0000000715200000|  0%| F|  |TAMS 0x0000000715100000, 0x0000000715100000| Untracked 
| 200|0x0000000715200000, 0x0000000715200000, 0x0000000715300000|  0%| F|  |TAMS 0x0000000715200000, 0x0000000715200000| Untracked 
| 201|0x0000000715300000, 0x0000000715300000, 0x0000000715400000|  0%| F|  |TAMS 0x0000000715300000, 0x0000000715300000| Untracked 
| 202|0x0000000715400000, 0x0000000715400000, 0x0000000715500000|  0%| F|  |TAMS 0x0000000715400000, 0x0000000715400000| Untracked 
| 203|0x0000000715500000, 0x0000000715500000, 0x0000000715600000|  0%| F|  |TAMS 0x0000000715500000, 0x0000000715500000| Untracked 
| 204|0x0000000715600000, 0x0000000715600000, 0x0000000715700000|  0%| F|  |TAMS 0x0000000715600000, 0x0000000715600000| Untracked 
| 205|0x0000000715700000, 0x0000000715700000, 0x0000000715800000|  0%| F|  |TAMS 0x0000000715700000, 0x0000000715700000| Untracked 
| 206|0x0000000715800000, 0x0000000715800000, 0x0000000715900000|  0%| F|  |TAMS 0x0000000715800000, 0x0000000715800000| Untracked 
| 207|0x0000000715900000, 0x0000000715900000, 0x0000000715a00000|  0%| F|  |TAMS 0x0000000715900000, 0x0000000715900000| Untracked 
| 208|0x0000000715a00000, 0x0000000715a00000, 0x0000000715b00000|  0%| F|  |TAMS 0x0000000715a00000, 0x0000000715a00000| Untracked 
| 209|0x0000000715b00000, 0x0000000715b00000, 0x0000000715c00000|  0%| F|  |TAMS 0x0000000715b00000, 0x0000000715b00000| Untracked 
| 210|0x0000000715c00000, 0x0000000715c00000, 0x0000000715d00000|  0%| F|  |TAMS 0x0000000715c00000, 0x0000000715c00000| Untracked 
| 211|0x0000000715d00000, 0x0000000715d00000, 0x0000000715e00000|  0%| F|  |TAMS 0x0000000715d00000, 0x0000000715d00000| Untracked 
| 212|0x0000000715e00000, 0x0000000715e00000, 0x0000000715f00000|  0%| F|  |TAMS 0x0000000715e00000, 0x0000000715e00000| Untracked 
| 213|0x0000000715f00000, 0x0000000715f00000, 0x0000000716000000|  0%| F|  |TAMS 0x0000000715f00000, 0x0000000715f00000| Untracked 
| 214|0x0000000716000000, 0x0000000716000000, 0x0000000716100000|  0%| F|  |TAMS 0x0000000716000000, 0x0000000716000000| Untracked 
| 215|0x0000000716100000, 0x0000000716100000, 0x0000000716200000|  0%| F|  |TAMS 0x0000000716100000, 0x0000000716100000| Untracked 
| 216|0x0000000716200000, 0x0000000716200000, 0x0000000716300000|  0%| F|  |TAMS 0x0000000716200000, 0x0000000716200000| Untracked 
| 217|0x0000000716300000, 0x0000000716300000, 0x0000000716400000|  0%| F|  |TAMS 0x0000000716300000, 0x0000000716300000| Untracked 
| 218|0x0000000716400000, 0x0000000716400000, 0x0000000716500000|  0%| F|  |TAMS 0x0000000716400000, 0x0000000716400000| Untracked 
| 219|0x0000000716500000, 0x0000000716500000, 0x0000000716600000|  0%| F|  |TAMS 0x0000000716500000, 0x0000000716500000| Untracked 
| 220|0x0000000716600000, 0x0000000716600000, 0x0000000716700000|  0%| F|  |TAMS 0x0000000716600000, 0x0000000716600000| Untracked 
| 221|0x0000000716700000, 0x0000000716700000, 0x0000000716800000|  0%| F|  |TAMS 0x0000000716700000, 0x0000000716700000| Untracked 
| 222|0x0000000716800000, 0x0000000716800000, 0x0000000716900000|  0%| F|  |TAMS 0x0000000716800000, 0x0000000716800000| Untracked 
| 223|0x0000000716900000, 0x0000000716900000, 0x0000000716a00000|  0%| F|  |TAMS 0x0000000716900000, 0x0000000716900000| Untracked 
| 224|0x0000000716a00000, 0x0000000716a00000, 0x0000000716b00000|  0%| F|  |TAMS 0x0000000716a00000, 0x0000000716a00000| Untracked 
| 225|0x0000000716b00000, 0x0000000716b00000, 0x0000000716c00000|  0%| F|  |TAMS 0x0000000716b00000, 0x0000000716b00000| Untracked 
| 226|0x0000000716c00000, 0x0000000716c00000, 0x0000000716d00000|  0%| F|  |TAMS 0x0000000716c00000, 0x0000000716c00000| Untracked 
| 227|0x0000000716d00000, 0x0000000716d00000, 0x0000000716e00000|  0%| F|  |TAMS 0x0000000716d00000, 0x0000000716d00000| Untracked 
| 228|0x0000000716e00000, 0x0000000716e00000, 0x0000000716f00000|  0%| F|  |TAMS 0x0000000716e00000, 0x0000000716e00000| Untracked 
| 229|0x0000000716f00000, 0x0000000716f00000, 0x0000000717000000|  0%| F|  |TAMS 0x0000000716f00000, 0x0000000716f00000| Untracked 
| 230|0x0000000717000000, 0x0000000717000000, 0x0000000717100000|  0%| F|  |TAMS 0x0000000717000000, 0x0000000717000000| Untracked 
| 231|0x0000000717100000, 0x0000000717100000, 0x0000000717200000|  0%| F|  |TAMS 0x0000000717100000, 0x0000000717100000| Untracked 
| 232|0x0000000717200000, 0x0000000717200000, 0x0000000717300000|  0%| F|  |TAMS 0x0000000717200000, 0x0000000717200000| Untracked 
| 233|0x0000000717300000, 0x0000000717300000, 0x0000000717400000|  0%| F|  |TAMS 0x0000000717300000, 0x0000000717300000| Untracked 
| 234|0x0000000717400000, 0x0000000717400000, 0x0000000717500000|  0%| F|  |TAMS 0x0000000717400000, 0x0000000717400000| Untracked 
| 235|0x0000000717500000, 0x0000000717500000, 0x0000000717600000|  0%| F|  |TAMS 0x0000000717500000, 0x0000000717500000| Untracked 
| 236|0x0000000717600000, 0x0000000717600000, 0x0000000717700000|  0%| F|  |TAMS 0x0000000717600000, 0x0000000717600000| Untracked 
| 237|0x0000000717700000, 0x00000007177f6850, 0x0000000717800000| 96%| E|  |TAMS 0x0000000717700000, 0x0000000717700000| Complete 
| 238|0x0000000717800000, 0x0000000717900000, 0x0000000717900000|100%| E|CS|TAMS 0x0000000717800000, 0x0000000717800000| Complete 
| 239|0x0000000717900000, 0x0000000717a00000, 0x0000000717a00000|100%| E|CS|TAMS 0x0000000717900000, 0x0000000717900000| Complete 
| 240|0x0000000717a00000, 0x0000000717b00000, 0x0000000717b00000|100%| E|CS|TAMS 0x0000000717a00000, 0x0000000717a00000| Complete 
| 241|0x0000000717b00000, 0x0000000717c00000, 0x0000000717c00000|100%| E|CS|TAMS 0x0000000717b00000, 0x0000000717b00000| Complete 
| 242|0x0000000717c00000, 0x0000000717d00000, 0x0000000717d00000|100%| E|CS|TAMS 0x0000000717c00000, 0x0000000717c00000| Complete 
| 243|0x0000000717d00000, 0x0000000717e00000, 0x0000000717e00000|100%| E|CS|TAMS 0x0000000717d00000, 0x0000000717d00000| Complete 
| 244|0x0000000717e00000, 0x0000000717f00000, 0x0000000717f00000|100%| E|CS|TAMS 0x0000000717e00000, 0x0000000717e00000| Complete 
| 245|0x0000000717f00000, 0x0000000718000000, 0x0000000718000000|100%| E|CS|TAMS 0x0000000717f00000, 0x0000000717f00000| Complete 
| 246|0x0000000718000000, 0x0000000718100000, 0x0000000718100000|100%| E|CS|TAMS 0x0000000718000000, 0x0000000718000000| Complete 
| 247|0x0000000718100000, 0x0000000718200000, 0x0000000718200000|100%| E|CS|TAMS 0x0000000718100000, 0x0000000718100000| Complete 
|2932|0x00000007bfe00000, 0x00000007bfe48000, 0x00000007bff00000| 28%|OA|  |TAMS 0x00000007bfe00000, 0x00000007bfe00000| Untracked 
|2933|0x00000007bff00000, 0x00000007bff6c000, 0x00000007c0000000| 42%|CA|  |TAMS 0x00000007bff00000, 0x00000007bff00000| Untracked 

Card table byte_map: [0x00007fd7c16fb000,0x00007fd7c1eb6000] _byte_map_base: 0x00007fd7bdeb6000

Marking Bits (Prev, Next): (CMBitMap*) 0x00007fd7bc07d4a8, (CMBitMap*) 0x00007fd7bc07d4e0
 Prev Bits: [0x00007fd79c228000, 0x00007fd7a0000000)
 Next Bits: [0x00007fd798450000, 0x00007fd79c228000)

Polling page: 0x00007fd7c521f000

Metaspace:

Usage:
  Non-class:      5.84 MB capacity,     3.29 MB ( 56%) used,     2.54 MB ( 44%) free+waste,     6.62 KB ( <1%) overhead. 
      Class:    688.00 KB capacity,   395.67 KB ( 58%) used,   289.02 KB ( 42%) free+waste,     3.31 KB ( <1%) overhead. 
       Both:      6.51 MB capacity,     3.67 MB ( 56%) used,     2.83 MB ( 43%) free+waste,     9.94 KB ( <1%) overhead. 

Virtual space:
  Non-class space:        8.00 MB reserved,       6.00 MB ( 75%) committed 
      Class space:        1.00 GB reserved,     768.00 KB ( <1%) committed 
             Both:        1.01 GB reserved,       6.75 MB ( <1%) committed 

Chunk freelists:
   Non-Class:  39.00 KB
       Class:  0 bytes
        Both:  39.00 KB

MaxMetaspaceSize: unlimited
CompressedClassSpaceSize: 1.00 GB
Initial GC threshold: 20.80 MB
Current GC threshold: 20.80 MB
CDS: on

CodeHeap 'non-profiled nmethods': size=119172Kb used=224Kb max_used=224Kb free=118947Kb
 bounds [0x00007fd7ac35e000, 0x00007fd7ac5ce000, 0x00007fd7b37bf000]
CodeHeap 'profiled nmethods': size=119168Kb used=1643Kb max_used=1643Kb free=117524Kb
 bounds [0x00007fd7a4efe000, 0x00007fd7a516e000, 0x00007fd7ac35e000]
CodeHeap 'non-nmethods': size=7420Kb used=2271Kb max_used=2285Kb free=5148Kb
 bounds [0x00007fd7a47bf000, 0x00007fd7a4a2f000, 0x00007fd7a4efe000]
 total_blobs=1279 nmethods=873 adapters=318
 compilation: enabled
              stopped_count=0, restarted_count=0
 full_count=0

Compilation events (20 events):
Event: 0.132 Thread 0x00007fd76c054000 nmethod 865 0x00007fd7a5091090 code [0x00007fd7a5091260, 0x00007fd7a50915b0]
Event: 0.132 Thread 0x00007fd764125000  866   !   3       java.nio.charset.Charset::defaultCharset (53 bytes)
Event: 0.132 Thread 0x00007fd7bc1f8000 nmethod 847 0x00007fd7ac393e10 code [0x00007fd7ac393fc0, 0x00007fd7ac3941f8]
Event: 0.132 Thread 0x00007fd7bc1f8000  861       4       java.util.HashMap::hash (20 bytes)
Event: 0.132 Thread 0x00007fd76c054000  868       3       java.lang.String::<init> (38 bytes)
Event: 0.132 Thread 0x00007fd7bc1fa000  867       3       java.lang.String::<init> (9 bytes)
Event: 0.132 Thread 0x00007fd764125000 nmethod 866 0x00007fd7a5091710 code [0x00007fd7a50919c0, 0x00007fd7a50926b0]
Event: 0.132 Thread 0x00007fd764125000  869       3       java.lang.StringCoding::decode (112 bytes)
Event: 0.132 Thread 0x00007fd7bc1f8000 nmethod 861 0x00007fd7ac394410 code [0x00007fd7ac3945a0, 0x00007fd7ac394658]
Event: 0.132 Thread 0x00007fd7bc1f8000  857       4       java.util.HashMap::get (23 bytes)
Event: 0.132 Thread 0x00007fd76c054000 nmethod 868 0x00007fd7a5092b90 code [0x00007fd7a5092d60, 0x00007fd7a5092fd0]
Event: 0.132 Thread 0x00007fd7bc1fa000 nmethod 867 0x00007fd7a5093110 code [0x00007fd7a50932c0, 0x00007fd7a5093420]
Event: 0.132 Thread 0x00007fd76c054000  871       3       java.util.regex.Pattern::range (292 bytes)
Event: 0.132 Thread 0x00007fd7bc1fa000  870       3       java.util.HashSet::contains (9 bytes)
Event: 0.132 Thread 0x00007fd764125000 nmethod 869 0x00007fd7a5093510 code [0x00007fd7a5093800, 0x00007fd7a5094850]
Event: 0.132 Thread 0x00007fd764125000  872       1       java.lang.invoke.MethodTypeForm::basicType (5 bytes)
Event: 0.132 Thread 0x00007fd764125000 nmethod 872 0x00007fd7ac394710 code [0x00007fd7ac3948c0, 0x00007fd7ac394990]
Event: 0.132 Thread 0x00007fd764125000  873       3       java.lang.invoke.MemberName::getName (25 bytes)
Event: 0.133 Thread 0x00007fd7bc1fa000 nmethod 870 0x00007fd7a5094d90 code [0x00007fd7a5094f80, 0x00007fd7a50953d0]
Event: 0.133 Thread 0x00007fd764125000 nmethod 873 0x00007fd7a5095510 code [0x00007fd7a50956e0, 0x00007fd7a5095a80]

GC Heap History (0 events):
No events

Deoptimization events (20 events):
Event: 0.090 Thread 0x00007fd7bc015800 DEOPT PACKING pc=0x00007fd7a4f246cf sp=0x00007fd7c39ae500
Event: 0.090 Thread 0x00007fd7bc015800 DEOPT UNPACKING pc=0x00007fd7a480964a sp=0x00007fd7c39ad9a8 mode 0
Event: 0.091 Thread 0x00007fd7bc015800 DEOPT PACKING pc=0x00007fd7a4f246cf sp=0x00007fd7c39ae500
Event: 0.091 Thread 0x00007fd7bc015800 DEOPT UNPACKING pc=0x00007fd7a480964a sp=0x00007fd7c39ad9a8 mode 0
Event: 0.109 Thread 0x00007fd7bc015800 Uncommon trap: trap_request=0xffffffc6 fr.pc=0x00007fd7ac385a94 relative=0x00000000000003b4
Event: 0.109 Thread 0x00007fd7bc015800 Uncommon trap: reason=bimorphic_or_optimized_type_check action=maybe_recompile pc=0x00007fd7ac385a94 method=java.util.HashMap.getNode(ILjava/lang/Object;)Ljava/util/HashMap$Node; @ 126 c2
Event: 0.109 Thread 0x00007fd7bc015800 DEOPT PACKING pc=0x00007fd7ac385a94 sp=0x00007fd7c39af0e0
Event: 0.109 Thread 0x00007fd7bc015800 DEOPT UNPACKING pc=0x00007fd7a4808ea5 sp=0x00007fd7c39af078 mode 2
Event: 0.113 Thread 0x00007fd7bc015800 Uncommon trap: trap_request=0xffffffc6 fr.pc=0x00007fd7ac385a94 relative=0x00000000000003b4
Event: 0.113 Thread 0x00007fd7bc015800 Uncommon trap: reason=bimorphic_or_optimized_type_check action=maybe_recompile pc=0x00007fd7ac385a94 method=java.util.HashMap.getNode(ILjava/lang/Object;)Ljava/util/HashMap$Node; @ 126 c2
Event: 0.113 Thread 0x00007fd7bc015800 DEOPT PACKING pc=0x00007fd7ac385a94 sp=0x00007fd7c39af0e0
Event: 0.113 Thread 0x00007fd7bc015800 DEOPT UNPACKING pc=0x00007fd7a4808ea5 sp=0x00007fd7c39af078 mode 2
Event: 0.130 Thread 0x00007fd7bc015800 Uncommon trap: trap_request=0xffffffc6 fr.pc=0x00007fd7ac385a94 relative=0x00000000000003b4
Event: 0.130 Thread 0x00007fd7bc015800 Uncommon trap: reason=bimorphic_or_optimized_type_check action=maybe_recompile pc=0x00007fd7ac385a94 method=java.util.HashMap.getNode(ILjava/lang/Object;)Ljava/util/HashMap$Node; @ 126 c2
Event: 0.130 Thread 0x00007fd7bc015800 DEOPT PACKING pc=0x00007fd7ac385a94 sp=0x00007fd7c39af650
Event: 0.130 Thread 0x00007fd7bc015800 DEOPT UNPACKING pc=0x00007fd7a4808ea5 sp=0x00007fd7c39af5e8 mode 2
Event: 0.130 Thread 0x00007fd7bc015800 Uncommon trap: trap_request=0xffffffc6 fr.pc=0x00007fd7ac385a94 relative=0x00000000000003b4
Event: 0.130 Thread 0x00007fd7bc015800 Uncommon trap: reason=bimorphic_or_optimized_type_check action=maybe_recompile pc=0x00007fd7ac385a94 method=java.util.HashMap.getNode(ILjava/lang/Object;)Ljava/util/HashMap$Node; @ 126 c2
Event: 0.130 Thread 0x00007fd7bc015800 DEOPT PACKING pc=0x00007fd7ac385a94 sp=0x00007fd7c39af650
Event: 0.130 Thread 0x00007fd7bc015800 DEOPT UNPACKING pc=0x00007fd7a4808ea5 sp=0x00007fd7c39af5e8 mode 2

Classes redefined (0 events):
No events

Internal exceptions (20 events):
Event: 0.023 Thread 0x00007fd7bc015800 Exception <a 'java/security/PrivilegedActionException'{0x0000000718039d00}> (0x0000000718039d00) thrown at [./src/hotspot/share/prims/jvm.cpp, line 1304]
Event: 0.023 Thread 0x00007fd7bc015800 Exception <a 'java/security/PrivilegedActionException'{0x0000000718039fd0}> (0x0000000718039fd0) thrown at [./src/hotspot/share/prims/jvm.cpp, line 1304]
Event: 0.023 Thread 0x00007fd7bc015800 Exception <a 'java/security/PrivilegedActionException'{0x000000071803abe8}> (0x000000071803abe8) thrown at [./src/hotspot/share/prims/jvm.cpp, line 1304]
Event: 0.023 Thread 0x00007fd7bc015800 Exception <a 'java/security/PrivilegedActionException'{0x000000071803aeb8}> (0x000000071803aeb8) thrown at [./src/hotspot/share/prims/jvm.cpp, line 1304]
Event: 0.023 Thread 0x00007fd7bc015800 Exception <a 'java/security/PrivilegedActionException'{0x000000071803bad0}> (0x000000071803bad0) thrown at [./src/hotspot/share/prims/jvm.cpp, line 1304]
Event: 0.023 Thread 0x00007fd7bc015800 Exception <a 'java/security/PrivilegedActionException'{0x000000071803bda0}> (0x000000071803bda0) thrown at [./src/hotspot/share/prims/jvm.cpp, line 1304]
Event: 0.023 Thread 0x00007fd7bc015800 Exception <a 'java/security/PrivilegedActionException'{0x000000071803c9d0}> (0x000000071803c9d0) thrown at [./src/hotspot/share/prims/jvm.cpp, line 1304]
Event: 0.023 Thread 0x00007fd7bc015800 Exception <a 'java/security/PrivilegedActionException'{0x000000071803cca0}> (0x000000071803cca0) thrown at [./src/hotspot/share/prims/jvm.cpp, line 1304]
Event: 0.024 Thread 0x00007fd7bc015800 Exception <a 'java/security/PrivilegedActionException'{0x000000071803d8d0}> (0x000000071803d8d0) thrown at [./src/hotspot/share/prims/jvm.cpp, line 1304]
Event: 0.024 Thread 0x00007fd7bc015800 Exception <a 'java/security/PrivilegedActionException'{0x000000071803dba0}> (0x000000071803dba0) thrown at [./src/hotspot/share/prims/jvm.cpp, line 1304]
Event: 0.024 Thread 0x00007fd7bc015800 Exception <a 'java/security/PrivilegedActionException'{0x000000071803e7d0}> (0x000000071803e7d0) thrown at [./src/hotspot/share/prims/jvm.cpp, line 1304]
Event: 0.024 Thread 0x00007fd7bc015800 Exception <a 'java/security/PrivilegedActionException'{0x000000071803eaa0}> (0x000000071803eaa0) thrown at [./src/hotspot/share/prims/jvm.cpp, line 1304]
Event: 0.024 Thread 0x00007fd7bc015800 Exception <a 'java/security/PrivilegedActionException'{0x000000071803f6b8}> (0x000000071803f6b8) thrown at [./src/hotspot/share/prims/jvm.cpp, line 1304]
Event: 0.024 Thread 0x00007fd7bc015800 Exception <a 'java/security/PrivilegedActionException'{0x000000071803f988}> (0x000000071803f988) thrown at [./src/hotspot/share/prims/jvm.cpp, line 1304]
Event: 0.024 Thread 0x00007fd7bc015800 Exception <a 'java/security/PrivilegedActionException'{0x00000007180405b8}> (0x00000007180405b8) thrown at [./src/hotspot/share/prims/jvm.cpp, line 1304]
Event: 0.024 Thread 0x00007fd7bc015800 Exception <a 'java/security/PrivilegedActionException'{0x0000000718040888}> (0x0000000718040888) thrown at [./src/hotspot/share/prims/jvm.cpp, line 1304]
Event: 0.061 Thread 0x00007fd7bc015800 Exception <a 'java/lang/NoSuchMethodError'{0x0000000717dc7a50}: 'int java.lang.invoke.DirectMethodHandle$Holder.invokeStaticInit(java.lang.Object, java.lang.Object, java.lang.Object, java.lang.Object)'> (0x0000000717dc7a50) thrown at [./src/hotspot/share/interpreter/linkResolver.cpp, line 772]
Event: 0.062 Thread 0x00007fd7bc015800 Exception <a 'java/lang/IncompatibleClassChangeError'{0x0000000717dd1f38}: Found class java.lang.Object, but interface was expected> (0x0000000717dd1f38) thrown at [./src/hotspot/share/interpreter/linkResolver.cpp, line 839]
Event: 0.062 Thread 0x00007fd7bc015800 Exception <a 'java/lang/NoSuchMethodError'{0x0000000717dd5188}: 'void java.lang.invoke.DirectMethodHandle$Holder.invokeStaticInit(java.lang.Object, java.lang.Object)'> (0x0000000717dd5188) thrown at [./src/hotspot/share/interpreter/linkResolver.cpp, line 772]
Event: 0.063 Thread 0x00007fd7bc015800 Exception <a 'java/lang/NoSuchMethodError'{0x0000000717ddaed8}: 'int java.lang.invoke.DirectMethodHandle$Holder.invokeStaticInit(java.lang.Object, java.lang.Object)'> (0x0000000717ddaed8) thrown at [./src/hotspot/share/interpreter/linkResolver.cpp, line 772]

Events (20 events):
Event: 0.122 loading class java/lang/invoke/BoundMethodHandle$Species_LLLLLLI
Event: 0.122 loading class java/lang/invoke/BoundMethodHandle$Species_LLLLLLI done
Event: 0.123 loading class java/lang/invoke/BoundMethodHandle$Species_LLLLLLII
Event: 0.123 loading class java/lang/invoke/BoundMethodHandle$Species_LLLLLLII done
Event: 0.124 loading class java/lang/invoke/BoundMethodHandle$Species_LLLLLLIIL
Event: 0.124 loading class java/lang/invoke/BoundMethodHandle$Species_LLLLLLIIL done
Event: 0.126 loading class LLVMIRToRiscv
Event: 0.126 loading class LLVMIRToRiscv done
Event: 0.126 loading class RegisterAllocator
Event: 0.126 loading class RegisterAllocator done
Event: 0.126 loading class AsmBuilder
Event: 0.126 loading class AsmBuilder done
Event: 0.129 loading class LLVMIROptimization
Event: 0.129 loading class LLVMIROptimization done
Event: 0.130 loading class ConstPropValueHolder
Event: 0.130 loading class ConstPropValueHolder done
Event: 0.130 loading class ConstPropValueHolder$Kind
Event: 0.130 loading class ConstPropValueHolder$Kind done
Event: 0.132 loading class org/bytedeco/llvm/LLVM/LLVMValueRef
Event: 0.132 loading class org/bytedeco/llvm/LLVM/LLVMValueRef done


Dynamic libraries:
708a00000-718200000 rw-p 00000000 00:00 0 
718200000-7bfe00000 ---p 00000000 00:00 0 
7bfe00000-7bfe48000 rw-p 00b14000 08:20 134337                           /usr/lib/jvm/java-11-openjdk-amd64/lib/server/classes.jsa
7bfe48000-7bff00000 rw-p 00000000 00:00 0 
7bff00000-7bff6c000 rw-p 00aa8000 08:20 134337                           /usr/lib/jvm/java-11-openjdk-amd64/lib/server/classes.jsa
7bff6c000-7c0000000 rw-p 00000000 00:00 0 
7c0000000-800000000 ---p 00000000 00:00 0 
800000000-800002000 rwxp 00001000 08:20 134337                           /usr/lib/jvm/java-11-openjdk-amd64/lib/server/classes.jsa
800002000-8003ce000 rw-p 00003000 08:20 134337                           /usr/lib/jvm/java-11-openjdk-amd64/lib/server/classes.jsa
8003ce000-800aa6000 r--p 003cf000 08:20 134337                           /usr/lib/jvm/java-11-openjdk-amd64/lib/server/classes.jsa
800aa6000-800aa7000 rw-p 00aa7000 08:20 134337                           /usr/lib/jvm/java-11-openjdk-amd64/lib/server/classes.jsa
840000000-8400c0000 rw-p 00000000 00:00 0 
8400c0000-880000000 ---p 00000000 00:00 0 
559fe3d16000-559fe3d17000 r--p 00000000 08:20 134745                     /usr/lib/jvm/java-11-openjdk-amd64/bin/java
559fe3d17000-559fe3d18000 r-xp 00001000 08:20 134745                     /usr/lib/jvm/java-11-openjdk-amd64/bin/java
559fe3d18000-559fe3d19000 r--p 00002000 08:20 134745                     /usr/lib/jvm/java-11-openjdk-amd64/bin/java
559fe3d19000-559fe3d1a000 r--p 00002000 08:20 134745                     /usr/lib/jvm/java-11-openjdk-amd64/bin/java
559fe3d1a000-559fe3d1b000 rw-p 00003000 08:20 134745                     /usr/lib/jvm/java-11-openjdk-amd64/bin/java
55a009b4e000-55a009b6f000 rw-p 00000000 00:00 0                          [heap]
7fd744000000-7fd744021000 rw-p 00000000 00:00 0 
7fd744021000-7fd748000000 ---p 00000000 00:00 0 
7fd74952c000-7fd749e52000 r--p 00000000 08:20 204242                     /home/crz/.javacpp/cache/llvm-13.0.1-1.5.7-linux-x86_64.jar/org/bytedeco/llvm/linux-x86_64/libLLVM-13.so
7fd749e52000-7fd74d815000 r-xp 00926000 08:20 204242                     /home/crz/.javacpp/cache/llvm-13.0.1-1.5.7-linux-x86_64.jar/org/bytedeco/llvm/linux-x86_64/libLLVM-13.so
7fd74d815000-7fd74fa6a000 r--p 042e9000 08:20 204242                     /home/crz/.javacpp/cache/llvm-13.0.1-1.5.7-linux-x86_64.jar/org/bytedeco/llvm/linux-x86_64/libLLVM-13.so
7fd74fa6a000-7fd74ff7f000 r--p 0653d000 08:20 204242                     /home/crz/.javacpp/cache/llvm-13.0.1-1.5.7-linux-x86_64.jar/org/bytedeco/llvm/linux-x86_64/libLLVM-13.so
7fd74ff7f000-7fd74ff8a000 rw-p 06a52000 08:20 204242                     /home/crz/.javacpp/cache/llvm-13.0.1-1.5.7-linux-x86_64.jar/org/bytedeco/llvm/linux-x86_64/libLLVM-13.so
7fd74ff8a000-7fd750000000 rw-p 00000000 00:00 0 
7fd750000000-7fd750021000 rw-p 00000000 00:00 0 
7fd750021000-7fd754000000 ---p 00000000 00:00 0 
7fd754000000-7fd754051000 rw-p 00000000 00:00 0 
7fd754051000-7fd758000000 ---p 00000000 00:00 0 
7fd758000000-7fd758021000 rw-p 00000000 00:00 0 
7fd758021000-7fd75c000000 ---p 00000000 00:00 0 
7fd75c000000-7fd75c021000 rw-p 00000000 00:00 0 
7fd75c021000-7fd760000000 ---p 00000000 00:00 0 
7fd760000000-7fd760021000 rw-p 00000000 00:00 0 
7fd760021000-7fd764000000 ---p 00000000 00:00 0 
7fd764000000-7fd764129000 rw-p 00000000 00:00 0 
7fd764129000-7fd768000000 ---p 00000000 00:00 0 
7fd768000000-7fd76833b000 rw-p 00000000 00:00 0 
7fd76833b000-7fd76c000000 ---p 00000000 00:00 0 
7fd76c000000-7fd76c261000 rw-p 00000000 00:00 0 
7fd76c261000-7fd770000000 ---p 00000000 00:00 0 
7fd770000000-7fd770021000 rw-p 00000000 00:00 0 
7fd770021000-7fd774000000 ---p 00000000 00:00 0 
7fd774000000-7fd774021000 rw-p 00000000 00:00 0 
7fd774021000-7fd778000000 ---p 00000000 00:00 0 
7fd778000000-7fd778021000 rw-p 00000000 00:00 0 
7fd778021000-7fd77c000000 ---p 00000000 00:00 0 
7fd77c000000-7fd77c021000 rw-p 00000000 00:00 0 
7fd77c021000-7fd780000000 ---p 00000000 00:00 0 
7fd780000000-7fd780021000 rw-p 00000000 00:00 0 
7fd780021000-7fd784000000 ---p 00000000 00:00 0 
7fd784000000-7fd784021000 rw-p 00000000 00:00 0 
7fd784021000-7fd788000000 ---p 00000000 00:00 0 
7fd788000000-7fd788021000 rw-p 00000000 00:00 0 
7fd788021000-7fd78c000000 ---p 00000000 00:00 0 
7fd78c000000-7fd78c021000 rw-p 00000000 00:00 0 
7fd78c021000-7fd790000000 ---p 00000000 00:00 0 
7fd79070c000-7fd790710000 ---p 00000000 00:00 0 
7fd790710000-7fd79080c000 rw-p 00000000 00:00 0 
7fd79080c000-7fd790871000 r--p 00000000 08:20 204256                     /home/crz/.javacpp/cache/llvm-13.0.1-1.5.7-linux-x86_64.jar/org/bytedeco/llvm/linux-x86_64/libjniLLVM.so
7fd790871000-7fd7908df000 r-xp 00065000 08:20 204256                     /home/crz/.javacpp/cache/llvm-13.0.1-1.5.7-linux-x86_64.jar/org/bytedeco/llvm/linux-x86_64/libjniLLVM.so
7fd7908df000-7fd79090a000 r--p 000d3000 08:20 204256                     /home/crz/.javacpp/cache/llvm-13.0.1-1.5.7-linux-x86_64.jar/org/bytedeco/llvm/linux-x86_64/libjniLLVM.so
7fd79090a000-7fd79090d000 r--p 000fd000 08:20 204256                     /home/crz/.javacpp/cache/llvm-13.0.1-1.5.7-linux-x86_64.jar/org/bytedeco/llvm/linux-x86_64/libjniLLVM.so
7fd79090d000-7fd790910000 rw-p 00100000 08:20 204256                     /home/crz/.javacpp/cache/llvm-13.0.1-1.5.7-linux-x86_64.jar/org/bytedeco/llvm/linux-x86_64/libjniLLVM.so
7fd790910000-7fd790912000 rw-p 00000000 00:00 0 
7fd790912000-7fd790916000 ---p 00000000 00:00 0 
7fd790916000-7fd790a12000 rw-p 00000000 00:00 0 
7fd790a12000-7fd790a16000 ---p 00000000 00:00 0 
7fd790a16000-7fd790b12000 rw-p 00000000 00:00 0 
7fd790b12000-7fd790b16000 ---p 00000000 00:00 0 
7fd790b16000-7fd790c12000 rw-p 00000000 00:00 0 
7fd790c12000-7fd790c13000 ---p 00000000 00:00 0 
7fd790c13000-7fd790d13000 rw-p 00000000 00:00 0 
7fd790d13000-7fd790d17000 ---p 00000000 00:00 0 
7fd790d17000-7fd790e13000 rw-p 00000000 00:00 0 
7fd790e13000-7fd790e17000 ---p 00000000 00:00 0 
7fd790e17000-7fd790f13000 rw-p 00000000 00:00 0 
7fd790f13000-7fd790f17000 ---p 00000000 00:00 0 
7fd790f17000-7fd791013000 rw-p 00000000 00:00 0 
7fd791013000-7fd791017000 ---p 00000000 00:00 0 
7fd791017000-7fd791113000 rw-p 00000000 00:00 0 
7fd791113000-7fd791117000 ---p 00000000 00:00 0 
7fd791117000-7fd791213000 rw-p 00000000 00:00 0 
7fd791213000-7fd791800000 r--p 00000000 08:20 13349                      /usr/lib/locale/locale-archive
7fd791800000-7fd791e00000 rw-p 00000000 00:00 0 
7fd791e00000-7fd792000000 ---p 00000000 00:00 0 
7fd792000000-7fd794000000 rw-p 00000000 00:00 0 
7fd794000000-7fd794021000 rw-p 00000000 00:00 0 
7fd794021000-7fd798000000 ---p 00000000 00:00 0 
7fd79804f000-7fd798053000 ---p 00000000 00:00 0 
7fd798053000-7fd79814f000 rw-p 00000000 00:00 0 
7fd79814f000-7fd798153000 ---p 00000000 00:00 0 
7fd798153000-7fd79824f000 rw-p 00000000 00:00 0 
7fd79824f000-7fd798253000 ---p 00000000 00:00 0 
7fd798253000-7fd79834f000 rw-p 00000000 00:00 0 
7fd79834f000-7fd798350000 ---p 00000000 00:00 0 
7fd798350000-7fd798830000 rw-p 00000000 00:00 0 
7fd798830000-7fd79b220000 ---p 00000000 00:00 0 
7fd79b220000-7fd79b228000 rw-p 00000000 00:00 0 
7fd79b228000-7fd79c228000 ---p 00000000 00:00 0 
7fd79c228000-7fd79c608000 rw-p 00000000 00:00 0 
7fd79c608000-7fd79eff8000 ---p 00000000 00:00 0 
7fd79eff8000-7fd79f000000 rw-p 00000000 00:00 0 
7fd79f000000-7fd7a0000000 ---p 00000000 00:00 0 
7fd7a0000000-7fd7a0021000 rw-p 00000000 00:00 0 
7fd7a0021000-7fd7a4000000 ---p 00000000 00:00 0 
7fd7a4016000-7fd7a401d000 r--s 00000000 08:20 126784                     /usr/lib/x86_64-linux-gnu/gconv/gconv-modules.cache
7fd7a401d000-7fd7a401e000 r--p 00000000 08:20 204251                     /home/crz/.javacpp/cache/llvm-13.0.1-1.5.7-linux-x86_64.jar/org/bytedeco/llvm/linux-x86_64/libRemarks.so.13
7fd7a401e000-7fd7a401f000 r-xp 00001000 08:20 204251                     /home/crz/.javacpp/cache/llvm-13.0.1-1.5.7-linux-x86_64.jar/org/bytedeco/llvm/linux-x86_64/libRemarks.so.13
7fd7a401f000-7fd7a4020000 r--p 00002000 08:20 204251                     /home/crz/.javacpp/cache/llvm-13.0.1-1.5.7-linux-x86_64.jar/org/bytedeco/llvm/linux-x86_64/libRemarks.so.13
7fd7a4020000-7fd7a4021000 r--p 00002000 08:20 204251                     /home/crz/.javacpp/cache/llvm-13.0.1-1.5.7-linux-x86_64.jar/org/bytedeco/llvm/linux-x86_64/libRemarks.so.13
7fd7a4021000-7fd7a4022000 rw-p 00003000 08:20 204251                     /home/crz/.javacpp/cache/llvm-13.0.1-1.5.7-linux-x86_64.jar/org/bytedeco/llvm/linux-x86_64/libRemarks.so.13
7fd7a4022000-7fd7a4023000 r--p 00000000 08:20 104103                     /usr/lib/x86_64-linux-gnu/libdl.so.2
7fd7a4023000-7fd7a4024000 r-xp 00001000 08:20 104103                     /usr/lib/x86_64-linux-gnu/libdl.so.2
7fd7a4024000-7fd7a4025000 r--p 00002000 08:20 104103                     /usr/lib/x86_64-linux-gnu/libdl.so.2
7fd7a4025000-7fd7a4026000 r--p 00002000 08:20 104103                     /usr/lib/x86_64-linux-gnu/libdl.so.2
7fd7a4026000-7fd7a4027000 rw-p 00003000 08:20 104103                     /usr/lib/x86_64-linux-gnu/libdl.so.2
7fd7a4027000-7fd7a402e000 r--p 00000000 08:20 204245                     /home/crz/.javacpp/cache/llvm-13.0.1-1.5.7-linux-x86_64.jar/org/bytedeco/llvm/linux-x86_64/libLTO.so.13
7fd7a402e000-7fd7a4036000 r-xp 00007000 08:20 204245                     /home/crz/.javacpp/cache/llvm-13.0.1-1.5.7-linux-x86_64.jar/org/bytedeco/llvm/linux-x86_64/libLTO.so.13
7fd7a4036000-7fd7a4038000 r--p 0000f000 08:20 204245                     /home/crz/.javacpp/cache/llvm-13.0.1-1.5.7-linux-x86_64.jar/org/bytedeco/llvm/linux-x86_64/libLTO.so.13
7fd7a4038000-7fd7a4039000 r--p 00010000 08:20 204245                     /home/crz/.javacpp/cache/llvm-13.0.1-1.5.7-linux-x86_64.jar/org/bytedeco/llvm/linux-x86_64/libLTO.so.13
7fd7a4039000-7fd7a403a000 rw-p 00011000 08:20 204245                     /home/crz/.javacpp/cache/llvm-13.0.1-1.5.7-linux-x86_64.jar/org/bytedeco/llvm/linux-x86_64/libLTO.so.13
7fd7a403a000-7fd7a403e000 r--p 00000000 08:20 204229                     /home/crz/.javacpp/cache/javacpp-1.5.7-linux-x86_64.jar/org/bytedeco/javacpp/linux-x86_64/libjnijavacpp.so
7fd7a403e000-7fd7a4045000 r-xp 00004000 08:20 204229                     /home/crz/.javacpp/cache/javacpp-1.5.7-linux-x86_64.jar/org/bytedeco/javacpp/linux-x86_64/libjnijavacpp.so
7fd7a4045000-7fd7a4049000 r--p 0000b000 08:20 204229                     /home/crz/.javacpp/cache/javacpp-1.5.7-linux-x86_64.jar/org/bytedeco/javacpp/linux-x86_64/libjnijavacpp.so
7fd7a4049000-7fd7a404a000 r--p 0000e000 08:20 204229                     /home/crz/.javacpp/cache/javacpp-1.5.7-linux-x86_64.jar/org/bytedeco/javacpp/linux-x86_64/libjnijavacpp.so
7fd7a404a000-7fd7a404b000 rw-p 0000f000 08:20 204229                     /home/crz/.javacpp/cache/javacpp-1.5.7-linux-x86_64.jar/org/bytedeco/javacpp/linux-x86_64/libjnijavacpp.so
7fd7a404b000-7fd7a407c000 rw-p 00000000 00:00 0 
7fd7a407c000-7fd7a4080000 r--p 00000000 08:20 134814                     /usr/lib/jvm/java-11-openjdk-amd64/lib/libnet.so
7fd7a4080000-7fd7a408e000 r-xp 00004000 08:20 134814                     /usr/lib/jvm/java-11-openjdk-amd64/lib/libnet.so
7fd7a408e000-7fd7a4092000 r--p 00012000 08:20 134814                     /usr/lib/jvm/java-11-openjdk-amd64/lib/libnet.so
7fd7a4092000-7fd7a4093000 r--p 00015000 08:20 134814                     /usr/lib/jvm/java-11-openjdk-amd64/lib/libnet.so
7fd7a4093000-7fd7a4094000 rw-p 00016000 08:20 134814                     /usr/lib/jvm/java-11-openjdk-amd64/lib/libnet.so
7fd7a4094000-7fd7a41b9000 rw-p 00000000 00:00 0 
7fd7a41b9000-7fd7a41ba000 ---p 00000000 00:00 0 
7fd7a41ba000-7fd7a42ba000 rw-p 00000000 00:00 0 
7fd7a42ba000-7fd7a42bb000 ---p 00000000 00:00 0 
7fd7a42bb000-7fd7a47bf000 rw-p 00000000 00:00 0 
7fd7a47bf000-7fd7a4a2f000 rwxp 00000000 00:00 0 
7fd7a4a2f000-7fd7a4efe000 ---p 00000000 00:00 0 
7fd7a4efe000-7fd7a516e000 rwxp 00000000 00:00 0 
7fd7a516e000-7fd7ac35e000 ---p 00000000 00:00 0 
7fd7ac35e000-7fd7ac5ce000 rwxp 00000000 00:00 0 
7fd7ac5ce000-7fd7b37bf000 ---p 00000000 00:00 0 
7fd7b37bf000-7fd7bc000000 r--s 00000000 08:20 134824                     /usr/lib/jvm/java-11-openjdk-amd64/lib/modules
7fd7bc000000-7fd7bc46f000 rw-p 00000000 00:00 0 
7fd7bc46f000-7fd7c0000000 ---p 00000000 00:00 0 
7fd7c0002000-7fd7c0003000 r--p 00000000 08:20 104244                     /usr/lib/x86_64-linux-gnu/libpthread.so.0
7fd7c0003000-7fd7c0004000 r-xp 00001000 08:20 104244                     /usr/lib/x86_64-linux-gnu/libpthread.so.0
7fd7c0004000-7fd7c0005000 r--p 00002000 08:20 104244                     /usr/lib/x86_64-linux-gnu/libpthread.so.0
7fd7c0005000-7fd7c0006000 r--p 00002000 08:20 104244                     /usr/lib/x86_64-linux-gnu/libpthread.so.0
7fd7c0006000-7fd7c0007000 rw-p 00003000 08:20 104244                     /usr/lib/x86_64-linux-gnu/libpthread.so.0
7fd7c0007000-7fd7c000e000 r--p 00000000 08:20 134815                     /usr/lib/jvm/java-11-openjdk-amd64/lib/libnio.so
7fd7c000e000-7fd7c0016000 r-xp 00007000 08:20 134815                     /usr/lib/jvm/java-11-openjdk-amd64/lib/libnio.so
7fd7c0016000-7fd7c0019000 r--p 0000f000 08:20 134815                     /usr/lib/jvm/java-11-openjdk-amd64/lib/libnio.so
7fd7c0019000-7fd7c001a000 r--p 00011000 08:20 134815                     /usr/lib/jvm/java-11-openjdk-amd64/lib/libnio.so
7fd7c001a000-7fd7c001b000 rw-p 00012000 08:20 134815                     /usr/lib/jvm/java-11-openjdk-amd64/lib/libnio.so
7fd7c001b000-7fd7c0b47000 rw-p 00000000 00:00 0 
7fd7c0b47000-7fd7c0b48000 ---p 00000000 00:00 0 
7fd7c0b48000-7fd7c0c48000 rw-p 00000000 00:00 0 
7fd7c0c48000-7fd7c0c49000 ---p 00000000 00:00 0 
7fd7c0c49000-7fd7c0fbc000 rw-p 00000000 00:00 0 
7fd7c0fbc000-7fd7c14fa000 ---p 00000000 00:00 0 
7fd7c14fa000-7fd7c14fb000 rw-p 00000000 00:00 0 
7fd7c14fb000-7fd7c16fb000 ---p 00000000 00:00 0 
7fd7c16fb000-7fd7c1777000 rw-p 00000000 00:00 0 
7fd7c1777000-7fd7c1cb5000 ---p 00000000 00:00 0 
7fd7c1cb5000-7fd7c1cb6000 rw-p 00000000 00:00 0 
7fd7c1cb6000-7fd7c1eb6000 ---p 00000000 00:00 0 
7fd7c1eb6000-7fd7c1f32000 rw-p 00000000 00:00 0 
7fd7c1f32000-7fd7c2470000 ---p 00000000 00:00 0 
7fd7c2470000-7fd7c2471000 rw-p 00000000 00:00 0 
7fd7c2471000-7fd7c2671000 ---p 00000000 00:00 0 
7fd7c2671000-7fd7c3580000 rw-p 00000000 00:00 0 
7fd7c3580000-7fd7c3581000 ---p 00000000 00:00 0 
7fd7c3581000-7fd7c3686000 rw-p 00000000 00:00 0 
7fd7c3686000-7fd7c376a000 ---p 00000000 00:00 0 
7fd7c376a000-7fd7c376f000 rw-p 00000000 00:00 0 
7fd7c376f000-7fd7c3853000 ---p 00000000 00:00 0 
7fd7c3853000-7fd7c3858000 rw-p 00000000 00:00 0 
7fd7c3858000-7fd7c3862000 ---p 00000000 00:00 0 
7fd7c3862000-7fd7c3864000 r--p 00000000 08:20 134823                     /usr/lib/jvm/java-11-openjdk-amd64/lib/libzip.so
7fd7c3864000-7fd7c3869000 r-xp 00002000 08:20 134823                     /usr/lib/jvm/java-11-openjdk-amd64/lib/libzip.so
7fd7c3869000-7fd7c386b000 r--p 00007000 08:20 134823                     /usr/lib/jvm/java-11-openjdk-amd64/lib/libzip.so
7fd7c386b000-7fd7c386c000 r--p 00008000 08:20 134823                     /usr/lib/jvm/java-11-openjdk-amd64/lib/libzip.so
7fd7c386c000-7fd7c386d000 rw-p 00009000 08:20 134823                     /usr/lib/jvm/java-11-openjdk-amd64/lib/libzip.so
7fd7c386d000-7fd7c3875000 rw-s 00000000 08:20 191756                     /tmp/hsperfdata_crz/27857
7fd7c3875000-7fd7c3877000 r--p 00000000 08:20 134806                     /usr/lib/jvm/java-11-openjdk-amd64/lib/libjimage.so
7fd7c3877000-7fd7c387a000 r-xp 00002000 08:20 134806                     /usr/lib/jvm/java-11-openjdk-amd64/lib/libjimage.so
7fd7c387a000-7fd7c387b000 r--p 00005000 08:20 134806                     /usr/lib/jvm/java-11-openjdk-amd64/lib/libjimage.so
7fd7c387b000-7fd7c387c000 ---p 00006000 08:20 134806                     /usr/lib/jvm/java-11-openjdk-amd64/lib/libjimage.so
7fd7c387c000-7fd7c387d000 r--p 00006000 08:20 134806                     /usr/lib/jvm/java-11-openjdk-amd64/lib/libjimage.so
7fd7c387d000-7fd7c387e000 rw-p 00007000 08:20 134806                     /usr/lib/jvm/java-11-openjdk-amd64/lib/libjimage.so
7fd7c387e000-7fd7c388c000 r--p 00000000 08:20 134803                     /usr/lib/jvm/java-11-openjdk-amd64/lib/libjava.so
7fd7c388c000-7fd7c38a2000 r-xp 0000e000 08:20 134803                     /usr/lib/jvm/java-11-openjdk-amd64/lib/libjava.so
7fd7c38a2000-7fd7c38a9000 r--p 00024000 08:20 134803                     /usr/lib/jvm/java-11-openjdk-amd64/lib/libjava.so
7fd7c38a9000-7fd7c38aa000 r--p 0002a000 08:20 134803                     /usr/lib/jvm/java-11-openjdk-amd64/lib/libjava.so
7fd7c38aa000-7fd7c38ab000 rw-p 0002b000 08:20 134803                     /usr/lib/jvm/java-11-openjdk-amd64/lib/libjava.so
7fd7c38ab000-7fd7c38ac000 rw-p 00000000 00:00 0 
7fd7c38ac000-7fd7c38ad000 r--p 00000000 08:20 105137                     /usr/lib/x86_64-linux-gnu/librt.so.1
7fd7c38ad000-7fd7c38ae000 r-xp 00001000 08:20 105137                     /usr/lib/x86_64-linux-gnu/librt.so.1
7fd7c38ae000-7fd7c38af000 r--p 00002000 08:20 105137                     /usr/lib/x86_64-linux-gnu/librt.so.1
7fd7c38af000-7fd7c38b0000 r--p 00002000 08:20 105137                     /usr/lib/x86_64-linux-gnu/librt.so.1
7fd7c38b0000-7fd7c38b1000 rw-p 00003000 08:20 105137                     /usr/lib/x86_64-linux-gnu/librt.so.1
7fd7c38b1000-7fd7c38b5000 ---p 00000000 00:00 0 
7fd7c38b5000-7fd7c39b1000 rw-p 00000000 00:00 0 
7fd7c39b1000-7fd7c39b4000 r--p 00000000 08:20 6709                       /usr/lib/x86_64-linux-gnu/libgcc_s.so.1
7fd7c39b4000-7fd7c39cb000 r-xp 00003000 08:20 6709                       /usr/lib/x86_64-linux-gnu/libgcc_s.so.1
7fd7c39cb000-7fd7c39cf000 r--p 0001a000 08:20 6709                       /usr/lib/x86_64-linux-gnu/libgcc_s.so.1
7fd7c39cf000-7fd7c39d0000 r--p 0001d000 08:20 6709                       /usr/lib/x86_64-linux-gnu/libgcc_s.so.1
7fd7c39d0000-7fd7c39d1000 rw-p 0001e000 08:20 6709                       /usr/lib/x86_64-linux-gnu/libgcc_s.so.1
7fd7c39d1000-7fd7c39df000 r--p 00000000 08:20 104109                     /usr/lib/x86_64-linux-gnu/libm.so.6
7fd7c39df000-7fd7c3a5b000 r-xp 0000e000 08:20 104109                     /usr/lib/x86_64-linux-gnu/libm.so.6
7fd7c3a5b000-7fd7c3ab6000 r--p 0008a000 08:20 104109                     /usr/lib/x86_64-linux-gnu/libm.so.6
7fd7c3ab6000-7fd7c3ab7000 r--p 000e4000 08:20 104109                     /usr/lib/x86_64-linux-gnu/libm.so.6
7fd7c3ab7000-7fd7c3ab8000 rw-p 000e5000 08:20 104109                     /usr/lib/x86_64-linux-gnu/libm.so.6
7fd7c3ab8000-7fd7c3b52000 r--p 00000000 08:20 6947                       /usr/lib/x86_64-linux-gnu/libstdc++.so.6.0.30
7fd7c3b52000-7fd7c3c63000 r-xp 0009a000 08:20 6947                       /usr/lib/x86_64-linux-gnu/libstdc++.so.6.0.30
7fd7c3c63000-7fd7c3cd2000 r--p 001ab000 08:20 6947                       /usr/lib/x86_64-linux-gnu/libstdc++.so.6.0.30
7fd7c3cd2000-7fd7c3cd3000 ---p 0021a000 08:20 6947                       /usr/lib/x86_64-linux-gnu/libstdc++.so.6.0.30
7fd7c3cd3000-7fd7c3cde000 r--p 0021a000 08:20 6947                       /usr/lib/x86_64-linux-gnu/libstdc++.so.6.0.30
7fd7c3cde000-7fd7c3ce1000 rw-p 00225000 08:20 6947                       /usr/lib/x86_64-linux-gnu/libstdc++.so.6.0.30
7fd7c3ce1000-7fd7c3ce4000 rw-p 00000000 00:00 0 
7fd7c3ce4000-7fd7c3f67000 r--p 00000000 08:20 134827                     /usr/lib/jvm/java-11-openjdk-amd64/lib/server/libjvm.so
7fd7c3f67000-7fd7c4c12000 r-xp 00283000 08:20 134827                     /usr/lib/jvm/java-11-openjdk-amd64/lib/server/libjvm.so
7fd7c4c12000-7fd7c4e6e000 r--p 00f2e000 08:20 134827                     /usr/lib/jvm/java-11-openjdk-amd64/lib/server/libjvm.so
7fd7c4e6e000-7fd7c4f32000 r--p 01189000 08:20 134827                     /usr/lib/jvm/java-11-openjdk-amd64/lib/server/libjvm.so
7fd7c4f32000-7fd7c4f6d000 rw-p 0124d000 08:20 134827                     /usr/lib/jvm/java-11-openjdk-amd64/lib/server/libjvm.so
7fd7c4f6d000-7fd7c4fc7000 rw-p 00000000 00:00 0 
7fd7c4fc7000-7fd7c4fef000 r--p 00000000 08:20 104085                     /usr/lib/x86_64-linux-gnu/libc.so.6
7fd7c4fef000-7fd7c5184000 r-xp 00028000 08:20 104085                     /usr/lib/x86_64-linux-gnu/libc.so.6
7fd7c5184000-7fd7c51dc000 r--p 001bd000 08:20 104085                     /usr/lib/x86_64-linux-gnu/libc.so.6
7fd7c51dc000-7fd7c51dd000 ---p 00215000 08:20 104085                     /usr/lib/x86_64-linux-gnu/libc.so.6
7fd7c51dd000-7fd7c51e1000 r--p 00215000 08:20 104085                     /usr/lib/x86_64-linux-gnu/libc.so.6
7fd7c51e1000-7fd7c51e3000 rw-p 00219000 08:20 104085                     /usr/lib/x86_64-linux-gnu/libc.so.6
7fd7c51e3000-7fd7c51f0000 rw-p 00000000 00:00 0 
7fd7c51f0000-7fd7c51f3000 r--p 00000000 08:20 134788                     /usr/lib/jvm/java-11-openjdk-amd64/lib/jli/libjli.so
7fd7c51f3000-7fd7c51fd000 r-xp 00003000 08:20 134788                     /usr/lib/jvm/java-11-openjdk-amd64/lib/jli/libjli.so
7fd7c51fd000-7fd7c5200000 r--p 0000d000 08:20 134788                     /usr/lib/jvm/java-11-openjdk-amd64/lib/jli/libjli.so
7fd7c5200000-7fd7c5201000 ---p 00010000 08:20 134788                     /usr/lib/jvm/java-11-openjdk-amd64/lib/jli/libjli.so
7fd7c5201000-7fd7c5202000 r--p 00010000 08:20 134788                     /usr/lib/jvm/java-11-openjdk-amd64/lib/jli/libjli.so
7fd7c5202000-7fd7c5203000 rw-p 00011000 08:20 134788                     /usr/lib/jvm/java-11-openjdk-amd64/lib/jli/libjli.so
7fd7c5203000-7fd7c5205000 r--p 00000000 08:20 6997                       /usr/lib/x86_64-linux-gnu/libz.so.1.2.11
7fd7c5205000-7fd7c5216000 r-xp 00002000 08:20 6997                       /usr/lib/x86_64-linux-gnu/libz.so.1.2.11
7fd7c5216000-7fd7c521c000 r--p 00013000 08:20 6997                       /usr/lib/x86_64-linux-gnu/libz.so.1.2.11
7fd7c521c000-7fd7c521d000 ---p 00019000 08:20 6997                       /usr/lib/x86_64-linux-gnu/libz.so.1.2.11
7fd7c521d000-7fd7c521e000 r--p 00019000 08:20 6997                       /usr/lib/x86_64-linux-gnu/libz.so.1.2.11
7fd7c521e000-7fd7c521f000 rw-p 0001a000 08:20 6997                       /usr/lib/x86_64-linux-gnu/libz.so.1.2.11
7fd7c521f000-7fd7c5220000 ---p 00000000 00:00 0 
7fd7c5220000-7fd7c5221000 r--p 00000000 00:00 0 
7fd7c5221000-7fd7c5226000 r--p 00000000 08:20 134822                     /usr/lib/jvm/java-11-openjdk-amd64/lib/libverify.so
7fd7c5226000-7fd7c522d000 r-xp 00005000 08:20 134822                     /usr/lib/jvm/java-11-openjdk-amd64/lib/libverify.so
7fd7c522d000-7fd7c522f000 r--p 0000c000 08:20 134822                     /usr/lib/jvm/java-11-openjdk-amd64/lib/libverify.so
7fd7c522f000-7fd7c5231000 r--p 0000d000 08:20 134822                     /usr/lib/jvm/java-11-openjdk-amd64/lib/libverify.so
7fd7c5231000-7fd7c5232000 rw-p 0000f000 08:20 134822                     /usr/lib/jvm/java-11-openjdk-amd64/lib/libverify.so
7fd7c5232000-7fd7c5234000 rw-p 00000000 00:00 0 
7fd7c5234000-7fd7c5236000 r--p 00000000 08:20 104061                     /usr/lib/x86_64-linux-gnu/ld-linux-x86-64.so.2
7fd7c5236000-7fd7c5260000 r-xp 00002000 08:20 104061                     /usr/lib/x86_64-linux-gnu/ld-linux-x86-64.so.2
7fd7c5260000-7fd7c526b000 r--p 0002c000 08:20 104061                     /usr/lib/x86_64-linux-gnu/ld-linux-x86-64.so.2
7fd7c526c000-7fd7c526e000 r--p 00037000 08:20 104061                     /usr/lib/x86_64-linux-gnu/ld-linux-x86-64.so.2
7fd7c526e000-7fd7c5270000 rw-p 00039000 08:20 104061                     /usr/lib/x86_64-linux-gnu/ld-linux-x86-64.so.2
7ffd8d41d000-7ffd8d43f000 rw-p 00000000 00:00 0                          [stack]
7ffd8d520000-7ffd8d524000 r--p 00000000 00:00 0                          [vvar]
7ffd8d524000-7ffd8d526000 r-xp 00000000 00:00 0                          [vdso]


VM Arguments:
java_command: Main tests/lab6_test/constproptest2.sysy tests/lab6_test/constproptest2.ll
java_class_path (initial): ./classes:/usr/local/lib/antlr-4.9.1-complete.jar:/usr/local/lib/llvm-13.0.1-1.5.7.jar:/usr/local/lib/llvm-13.0.1-1.5.7-linux-x86_64.jar:/usr/local/lib/llvm-platform-13.0.1-1.5.7.jar:/usr/local/lib/javacpp-1.5.7-linux-x86_64.jar:/usr/local/lib/javacpp-1.5.7.jar
Launcher Type: SUN_STANDARD

[Global flags]
     intx CICompilerCount                          = 12                                        {product} {ergonomic}
     uint ConcGCThreads                            = 4                                         {product} {ergonomic}
     uint G1ConcRefinementThreads                  = 15                                        {product} {ergonomic}
   size_t G1HeapRegionSize                         = 1048576                                   {product} {ergonomic}
    uintx GCDrainStackTargetSize                   = 64                                        {product} {ergonomic}
   size_t InitialHeapSize                          = 260046848                                 {product} {ergonomic}
   size_t MarkStackSize                            = 4194304                                   {product} {ergonomic}
   size_t MaxHeapSize                              = 4150263808                                {product} {ergonomic}
   size_t MaxNewSize                               = 2489319424                                {product} {ergonomic}
   size_t MinHeapDeltaBytes                        = 1048576                                   {product} {ergonomic}
    uintx NonNMethodCodeHeapSize                   = 7594288                                {pd product} {ergonomic}
    uintx NonProfiledCodeHeapSize                  = 122031976                              {pd product} {ergonomic}
    uintx ProfiledCodeHeapSize                     = 122031976                              {pd product} {ergonomic}
    uintx ReservedCodeCacheSize                    = 251658240                              {pd product} {ergonomic}
     bool SegmentedCodeCache                       = true                                      {product} {ergonomic}
     bool UseCompressedClassPointers               = true                                 {lp64_product} {ergonomic}
     bool UseCompressedOops                        = true                                 {lp64_product} {ergonomic}
     bool UseG1GC                                  = true                                      {product} {ergonomic}

Logging:
Log output configuration:
 #0: stdout all=warning uptime,level,tags
 #1: stderr all=off uptime,level,tags

Environment Variables:
CLASSPATH=/usr/local/lib/antlr-4.9.1-complete.jar:/usr/local/lib/llvm-13.0.1-1.5.7.jar:/usr/local/lib/llvm-13.0.1-1.5.7-linux-x86_64.jar:/usr/local/lib/llvm-platform-13.0.1-1.5.7.jar:/usr/local/lib/javacpp-1.5.7-linux-x86_64.jar:/usr/local/lib/javacpp-1.5.7.jar
PATH=/home/crz/.local/bin:/home/crz/.cargo/bin:/home/crz/.local/bin:~/my_script:/usr/local/sbin:/usr/local/bin:/usr/sbin:/usr/bin:/sbin:/bin:/usr/games:/usr/local/games:/usr/lib/wsl/lib:/mnt/c/Program Files/Java/jdk-21/bin:/mnt/c/Program Files/Common Files/Oracle/Java/javapath:/mnt/e/vmware/bin/:/mnt/c/Program Files (x86)/Common Files/Oracle/Java/java8path:/mnt/c/Program Files (x86)/Common Files/Oracle/Java/javapath:/mnt/c/Windows/system32:/mnt/c/Windows:/mnt/c/Windows/System32/Wbem:/mnt/c/Windows/System32/WindowsPowerShell/v1.0/:/mnt/c/Windows/System32/OpenSSH/:/mnt/c/Users/crz/Downloads/winlibs-x86_64-posix-seh-gcc-12.3.0-llvm-16.0.4-mingw-w64ucrt-11.0.0-r1.zip/mingw64/bin:/mnt/d/mingw64/bin:/mnt/d/Git/cmd:/mnt/c/Program Files/dotnet/:/mnt/e/SDL-CPLproj/SDL2/mingw(CLion+VSC)/SDL2-2.26.0-allinone/x86_64-w64-mingw32/bin:/mnt/c/Program Files/Cloudflare/Cloudflare WARP/:/mnt/c/Users/crz/AppData/Local/Programs/Python/Python311/Lib/site-packages/pyecharts:/mnt/c/Program Files/MATLAB/R2023a/runtime/win64:/mnt/c/Program Files/MATLAB/R2023a/bin:/mnt/c/Program Files/gs/gs10.03.1/bin:/mnt/e/:/mnt/e/bitvise-ssh:/mnt/d/:/mnt/c/ProgramData/chocolatey/bin:/mnt/c/Program Files/MySQL/MySQL Server 8.0/bin:/mnt/c/Program Files/MySQL/MySQL Shell 8.0/bin/:/mnt/e/anaconda3:/mnt/e/anaconda3/Library/mingw-w64/bin:/mnt/e/anaconda3/Library/usr/bin:/mnt/e/anaconda3/Library/bin:/mnt/e/anaconda3/Scripts:/mnt/c/Users/crz/AppData/Local/Microsoft/WindowsApps:/mnt/c/Users/crz/Downloads/winlibs-x86_64-posix-seh-gcc-12.3.0-llvm-16.0.4-mingw-w64ucrt-11.0.0-r1.zip/mingw64/bin:/mnt/d/mingw64/bin:/mnt/e/Microsoft VS Code/bin:/mnt/e/CLion 2022.3/bin:/mnt/c/Users/crz/AppData/Local/JetBrains/Toolbox/scripts:/mnt/d/PyCharm 2023.3.4/bin:/mnt/d/IntelliJ IDEA 2023.3.4/bin:/mnt/c/Users/crz/anaconda3/Lib/site-packages:/mnt/d/texlive/2024/bin/windows:/mnt/c/Users/crz/AppData/Roaming/npm:/mnt/d/:/mnt/d/WebStorm 2024.3.2.1/bin:/snap/bin:/mnt/c/Users/crz/AppData/Local/Programs/Microsoft VS Code/bin:/mnt/e/Microsoft\ V
SHELL=/bin/bash
DISPLAY=:0.0
HOSTTYPE=x86_64
LANG=en_US.UTF-8
LC_ALL=en_US.UTF-8
TERM=xterm-256color

Signal Handlers:
SIGSEGV: [libjvm.so+0xebbd40], sa_mask[0]=11111111011111111101111111111110, sa_flags=SA_RESTART|SA_SIGINFO
SIGBUS: [libjvm.so+0xebbd40], sa_mask[0]=11111111011111111101111111111110, sa_flags=SA_RESTART|SA_SIGINFO
SIGFPE: [libjvm.so+0xebbd40], sa_mask[0]=11111111011111111101111111111110, sa_flags=SA_RESTART|SA_SIGINFO
SIGPIPE: [libjvm.so+0xbfe040], sa_mask[0]=11111111011111111101111111111110, sa_flags=SA_RESTART|SA_SIGINFO
SIGXFSZ: [libjvm.so+0xbfe040], sa_mask[0]=11111111011111111101111111111110, sa_flags=SA_RESTART|SA_SIGINFO
SIGILL: [libjvm.so+0xebbd40], sa_mask[0]=11111111011111111101111111111110, sa_flags=SA_RESTART|SA_SIGINFO
SIGUSR2: [libjvm.so+0xbfdee0], sa_mask[0]=00000000000000000000000000000000, sa_flags=SA_RESTART|SA_SIGINFO
SIGHUP: [libjvm.so+0xbfe6a0], sa_mask[0]=11111111011111111101111111111110, sa_flags=SA_RESTART|SA_SIGINFO
SIGINT: [libjvm.so+0xbfe6a0], sa_mask[0]=11111111011111111101111111111110, sa_flags=SA_RESTART|SA_SIGINFO
SIGTERM: [libjvm.so+0xbfe6a0], sa_mask[0]=11111111011111111101111111111110, sa_flags=SA_RESTART|SA_SIGINFO
SIGQUIT: [libjvm.so+0xbfe6a0], sa_mask[0]=11111111011111111101111111111110, sa_flags=SA_RESTART|SA_SIGINFO


---------------  S Y S T E M  ---------------

OS:DISTRIB_ID=Ubuntu
DISTRIB_RELEASE=22.04
DISTRIB_CODENAME=jammy
DISTRIB_DESCRIPTION="Ubuntu 22.04.5 LTS"
uname:Linux 5.15.167.4-microsoft-standard-WSL2 #1 SMP Tue Nov 5 00:21:55 UTC 2024 x86_64
OS uptime: 0 days 4:07 hours
libc:glibc 2.35 NPTL 2.35 
rlimit (soft/hard): STACK 8192k/infinity , CORE 0k/infinity , NPROC 63270/63270 , NOFILE 1048576/1048576 , AS infinity/infinity , CPU infinity/infinity , DATA infinity/infinity , FSIZE infinity/infinity , MEMLOCK 65536k/65536k
load average:2.54 1.54 1.18

/proc/meminfo:
MemTotal:       16204140 kB
MemFree:        12152792 kB
MemAvailable:   13346596 kB
Buffers:           19044 kB
Cached:          1431188 kB
SwapCached:            0 kB
Active:           480840 kB
Inactive:        3123184 kB
Active(anon):       2468 kB
Inactive(anon):  2193300 kB
Active(file):     478372 kB
Inactive(file):   929884 kB
Unevictable:           0 kB
Mlocked:               0 kB
SwapTotal:       4194304 kB
SwapFree:        4194304 kB
Dirty:                56 kB
Writeback:             0 kB
AnonPages:       2058228 kB
Mapped:           908840 kB
Shmem:             41976 kB
KReclaimable:      66576 kB
Slab:             156024 kB
SReclaimable:      66576 kB
SUnreclaim:        89448 kB
KernelStack:       10232 kB
PageTables:        15852 kB
NFS_Unstable:          0 kB
Bounce:                0 kB
WritebackTmp:          0 kB
CommitLimit:    12296372 kB
Committed_AS:    4528384 kB
VmallocTotal:   34359738367 kB
VmallocUsed:       33504 kB
VmallocChunk:          0 kB
Percpu:            14976 kB
AnonHugePages:   1511424 kB
ShmemHugePages:        0 kB
ShmemPmdMapped:        0 kB
FileHugePages:         0 kB
FilePmdMapped:         0 kB
HugePages_Total:       0
HugePages_Free:        0
HugePages_Rsvd:        0
HugePages_Surp:        0
Hugepagesize:       2048 kB
Hugetlb:               0 kB
DirectMap4k:      130048 kB
DirectMap2M:     8081408 kB
DirectMap1G:    16777216 kB

/sys/kernel/mm/transparent_hugepage/enabled:
[always] madvise never
/sys/kernel/mm/transparent_hugepage/defrag (defrag/compaction efforts parameter):
always defer defer+madvise [madvise] never

Process Memory:
Virtual Size: 7199508K (peak: 15578236K)
Resident Set Size: 104880K (peak: 104880K) (anon: 47128K, file: 57752K, shmem: 0K)
Swapped out: 0K
C-Heap outstanding allocations: 43189K, retained: 3066K
glibc malloc tunables: (default)

/proc/sys/kernel/threads-max (system-wide limit on the number of threads):
126540
/proc/sys/vm/max_map_count (maximum number of memory map areas a process may have):
65530
/proc/sys/kernel/pid_max (system-wide limit on number of process identifiers):
4194304

container (cgroup) information:
container_type: cgroupv1
cpu_cpuset_cpus: 0-19
cpu_memory_nodes: 0
active_processor_count: 20
cpu_quota: no quota
cpu_period: 100000
cpu_shares: no shares
memory_limit_in_bytes: unlimited
memory_and_swap_limit_in_bytes: unlimited
memory_soft_limit_in_bytes: unlimited
memory_usage_in_bytes: 3509940 k
memory_max_usage_in_bytes: 3536884 k
kernel_memory_limit_in_bytes: unlimited
kernel_memory_usage_in_bytes: 60328 k
kernel_memory_max_usage_in_bytes: 82692 k
maximum number of tasks: not supported
current number of tasks: not supported

Hyper-V virtualization detected
Steal ticks since vm start: 0
Steal ticks percentage since vm start:  0.000

CPU:total 20 (initial active 20) (16 cores per cpu, 2 threads per core) family 6 model 186 stepping 2 microcode 0xffffffff, cmov, cx8, fxsr, mmx, sse, sse2, sse3, ssse3, sse4.1, sse4.2, popcnt, avx, avx2, aes, clmul, erms, 3dnowpref, lzcnt, ht, tsc, tscinvbit, bmi1, bmi2, adx, sha, fma
CPU Model and flags from /proc/cpuinfo:
model name	: 13th Gen Intel(R) Core(TM) i9-13900H
flags		: fpu vme de pse tsc msr pae mce cx8 apic sep mtrr pge mca cmov pat pse36 clflush mmx fxsr sse sse2 ss ht syscall nx pdpe1gb rdtscp lm constant_tsc rep_good nopl xtopology tsc_reliable nonstop_tsc cpuid pni pclmulqdq vmx ssse3 fma cx16 pcid sse4_1 sse4_2 x2apic movbe popcnt tsc_deadline_timer aes xsave avx f16c rdrand hypervisor lahf_lm abm 3dnowprefetch invpcid_single ssbd ibrs ibpb stibp ibrs_enhanced tpr_shadow vnmi ept vpid ept_ad fsgsbase tsc_adjust bmi1 avx2 smep bmi2 erms invpcid rdseed adx smap clflushopt clwb sha_ni xsaveopt xsavec xgetbv1 xsaves avx_vnni umip waitpkg gfni vaes vpclmulqdq rdpid movdiri movdir64b fsrm md_clear serialize flush_l1d arch_capabilities
Online cpus:
0-19
Offline cpus:

BIOS frequency limitation:
<Not Available>
Frequency switch latency (ns):
<Not Available>
Available cpu frequencies:
<Not Available>
Current governor:
<Not Available>
Core performance/turbo boost:
<Not Available>

Memory: 4k page, physical 16204140k(12152792k free), swap 4194304k(4194304k free)

vm_info: OpenJDK 64-Bit Server VM (11.0.27+6-post-Ubuntu-0ubuntu122.04) for linux-amd64 JRE (11.0.27+6-post-Ubuntu-0ubuntu122.04), built on Apr 21 2025 05:59:45 by "unknown" with gcc 11.4.0

END.
