#
# A fatal error has been detected by the Java Runtime Environment:
#
#  SIGSEGV (0xb) at pc=0x00007f171614eec0, pid=314998, tid=314999
#
# JRE version: OpenJDK Runtime Environment (11.0.26+4) (build 11.0.26+4-post-Ubuntu-1ubuntu122.04)
# Java VM: OpenJDK 64-Bit Server VM (11.0.26+4-post-Ubuntu-1ubuntu122.04, mixed mode, sharing, tiered, compressed oops, g1 gc, linux-amd64)
# Problematic frame:
# C  [libLLVM-13.so+0xc22ec0]  LLVMTypeOf+0x0
#
# Core dump will be written. Default location: Core dumps may be processed with "/wsl-capture-crash %t %E %p %s" (or dumping to /home/crz/compilers/Lab/core.314998)
#
# If you would like to submit a bug report, please visit:
#   https://bugs.launchpad.net/ubuntu/+source/openjdk-lts
# The crash happened outside the Java Virtual Machine in native code.
# See problematic frame for where to report the bug.
#

---------------  S U M M A R Y ------------

Command Line: Main tests/IRtest_Lab4/aaa_2700_test.sysy tests/IRtest_Lab4/aaa_2700_test.ll

Host: 13th Gen Intel(R) Core(TM) i9-13900H, 20 cores, 15G, Ubuntu 22.04.5 LTS
Time: Sun Apr  6 23:08:51 2025 CST elapsed time: 0.128889 seconds (0d 0h 0m 0s)

---------------  T H R E A D  ---------------

Current thread (0x00007f1788015800):  JavaThread "main" [_thread_in_native, id=314999, stack(0x00007f178f63f000,0x00007f178f73f000)]

Stack: [0x00007f178f63f000,0x00007f178f73f000],  sp=0x00007f178f73bc78,  free space=1011k
Native frames: (J=compiled Java code, A=aot compiled Java code, j=interpreted, Vv=VM code, C=native code)
C  [libLLVM-13.so+0xc22ec0]  LLVMTypeOf+0x0

Java frames: (J=compiled Java code, j=interpreted, Vv=VM code)
j  org.bytedeco.llvm.global.LLVM.LLVMTypeOf(Lorg/bytedeco/llvm/LLVM/LLVMValueRef;)Lorg/bytedeco/llvm/LLVM/LLVMTypeRef;+0
j  IRGenerationVisitor.visitExp(LSysYParser$ExpContext;)Lorg/bytedeco/llvm/LLVM/LLVMValueRef;+229
j  IRGenerationVisitor.visitExp(LSysYParser$ExpContext;)Ljava/lang/Object;+2
j  SysYParser$ExpContext.accept(Lorg/antlr/v4/runtime/tree/ParseTreeVisitor;)Ljava/lang/Object;+12
j  IRGenerationVisitor.visit(Lorg/antlr/v4/runtime/tree/ParseTree;)Lorg/bytedeco/llvm/LLVM/LLVMValueRef;+8
j  IRGenerationVisitor.visitExp(LSysYParser$ExpContext;)Lorg/bytedeco/llvm/LLVM/LLVMValueRef;+449
j  IRGenerationVisitor.visitStmt(LSysYParser$StmtContext;)Lorg/bytedeco/llvm/LLVM/LLVMValueRef;+119
j  IRGenerationVisitor.visitStmt(LSysYParser$StmtContext;)Ljava/lang/Object;+2
j  SysYParser$StmtContext.accept(Lorg/antlr/v4/runtime/tree/ParseTreeVisitor;)Ljava/lang/Object;+12
j  IRGenerationVisitor.visit(Lorg/antlr/v4/runtime/tree/ParseTree;)Lorg/bytedeco/llvm/LLVM/LLVMValueRef;+8
j  IRGenerationVisitor.visitStmt(LSysYParser$StmtContext;)Lorg/bytedeco/llvm/LLVM/LLVMValueRef;+303
j  IRGenerationVisitor.visitStmt(LSysYParser$StmtContext;)Ljava/lang/Object;+2
j  SysYParser$StmtContext.accept(Lorg/antlr/v4/runtime/tree/ParseTreeVisitor;)Ljava/lang/Object;+12
j  IRGenerationVisitor.visit(Lorg/antlr/v4/runtime/tree/ParseTree;)Lorg/bytedeco/llvm/LLVM/LLVMValueRef;+8
j  IRGenerationVisitor.visitBlockItem(LSysYParser$BlockItemContext;)Lorg/bytedeco/llvm/LLVM/LLVMValueRef;+28
j  IRGenerationVisitor.visitBlockItem(LSysYParser$BlockItemContext;)Ljava/lang/Object;+2
j  SysYParser$BlockItemContext.accept(Lorg/antlr/v4/runtime/tree/ParseTreeVisitor;)Ljava/lang/Object;+12
j  IRGenerationVisitor.visit(Lorg/antlr/v4/runtime/tree/ParseTree;)Lorg/bytedeco/llvm/LLVM/LLVMValueRef;+8
j  IRGenerationVisitor.visit_block(LSysYParser$BlockContext;Lorg/bytedeco/llvm/LLVM/LLVMBasicBlockRef;Lorg/bytedeco/llvm/LLVM/LLVMBasicBlockRef;)Ljava/lang/Void;+135
j  IRGenerationVisitor.visitStmt(LSysYParser$StmtContext;)Lorg/bytedeco/llvm/LLVM/LLVMValueRef;+520
j  IRGenerationVisitor.visitStmt(LSysYParser$StmtContext;)Ljava/lang/Object;+2
j  SysYParser$StmtContext.accept(Lorg/antlr/v4/runtime/tree/ParseTreeVisitor;)Ljava/lang/Object;+12
j  IRGenerationVisitor.visit(Lorg/antlr/v4/runtime/tree/ParseTree;)Lorg/bytedeco/llvm/LLVM/LLVMValueRef;+8
j  IRGenerationVisitor.visitBlockItem(LSysYParser$BlockItemContext;)Lorg/bytedeco/llvm/LLVM/LLVMValueRef;+28
j  IRGenerationVisitor.visitBlockItem(LSysYParser$BlockItemContext;)Ljava/lang/Object;+2
j  SysYParser$BlockItemContext.accept(Lorg/antlr/v4/runtime/tree/ParseTreeVisitor;)Ljava/lang/Object;+12
j  IRGenerationVisitor.visit(Lorg/antlr/v4/runtime/tree/ParseTree;)Lorg/bytedeco/llvm/LLVM/LLVMValueRef;+8
j  IRGenerationVisitor.visit_block(LSysYParser$BlockContext;)Ljava/lang/Void;+28
j  IRGenerationVisitor.visitStmt(LSysYParser$StmtContext;)Lorg/bytedeco/llvm/LLVM/LLVMValueRef;+138
j  IRGenerationVisitor.visitStmt(LSysYParser$StmtContext;)Ljava/lang/Object;+2
j  SysYParser$StmtContext.accept(Lorg/antlr/v4/runtime/tree/ParseTreeVisitor;)Ljava/lang/Object;+12
j  IRGenerationVisitor.visit(Lorg/antlr/v4/runtime/tree/ParseTree;)Lorg/bytedeco/llvm/LLVM/LLVMValueRef;+8
j  IRGenerationVisitor.visitStmt(LSysYParser$StmtContext;)Lorg/bytedeco/llvm/LLVM/LLVMValueRef;+303
j  IRGenerationVisitor.visitStmt(LSysYParser$StmtContext;)Ljava/lang/Object;+2
j  SysYParser$StmtContext.accept(Lorg/antlr/v4/runtime/tree/ParseTreeVisitor;)Ljava/lang/Object;+12
j  IRGenerationVisitor.visit(Lorg/antlr/v4/runtime/tree/ParseTree;)Lorg/bytedeco/llvm/LLVM/LLVMValueRef;+8
j  IRGenerationVisitor.visitBlockItem(LSysYParser$BlockItemContext;)Lorg/bytedeco/llvm/LLVM/LLVMValueRef;+28
j  IRGenerationVisitor.visitBlockItem(LSysYParser$BlockItemContext;)Ljava/lang/Object;+2
j  SysYParser$BlockItemContext.accept(Lorg/antlr/v4/runtime/tree/ParseTreeVisitor;)Ljava/lang/Object;+12
j  IRGenerationVisitor.visit(Lorg/antlr/v4/runtime/tree/ParseTree;)Lorg/bytedeco/llvm/LLVM/LLVMValueRef;+8
j  IRGenerationVisitor.visit_block(LSysYParser$BlockContext;)Ljava/lang/Void;+28
j  IRGenerationVisitor.visitStmt(LSysYParser$StmtContext;)Lorg/bytedeco/llvm/LLVM/LLVMValueRef;+138
j  IRGenerationVisitor.visitStmt(LSysYParser$StmtContext;)Ljava/lang/Object;+2
j  SysYParser$StmtContext.accept(Lorg/antlr/v4/runtime/tree/ParseTreeVisitor;)Ljava/lang/Object;+12
j  IRGenerationVisitor.visit(Lorg/antlr/v4/runtime/tree/ParseTree;)Lorg/bytedeco/llvm/LLVM/LLVMValueRef;+8
j  IRGenerationVisitor.visitStmt(LSysYParser$StmtContext;)Lorg/bytedeco/llvm/LLVM/LLVMValueRef;+303
j  IRGenerationVisitor.visitStmt(LSysYParser$StmtContext;)Ljava/lang/Object;+2
j  SysYParser$StmtContext.accept(Lorg/antlr/v4/runtime/tree/ParseTreeVisitor;)Ljava/lang/Object;+12
j  IRGenerationVisitor.visit(Lorg/antlr/v4/runtime/tree/ParseTree;)Lorg/bytedeco/llvm/LLVM/LLVMValueRef;+8
j  IRGenerationVisitor.visitBlockItem(LSysYParser$BlockItemContext;)Lorg/bytedeco/llvm/LLVM/LLVMValueRef;+28
j  IRGenerationVisitor.visitBlockItem(LSysYParser$BlockItemContext;)Ljava/lang/Object;+2
j  SysYParser$BlockItemContext.accept(Lorg/antlr/v4/runtime/tree/ParseTreeVisitor;)Ljava/lang/Object;+12
j  IRGenerationVisitor.visit(Lorg/antlr/v4/runtime/tree/ParseTree;)Lorg/bytedeco/llvm/LLVM/LLVMValueRef;+8
j  IRGenerationVisitor.visit_block(LSysYParser$BlockContext;Ljava/util/List;)Ljava/lang/Void;+169
j  IRGenerationVisitor.visitFuncDef(LSysYParser$FuncDefContext;)Lorg/bytedeco/llvm/LLVM/LLVMValueRef;+357
j  IRGenerationVisitor.visitCompUnit(LSysYParser$CompUnitContext;)Lorg/bytedeco/llvm/LLVM/LLVMValueRef;+60
j  IRGenerationVisitor.visitCompUnit(LSysYParser$CompUnitContext;)Ljava/lang/Object;+2
j  SysYParser$CompUnitContext.accept(Lorg/antlr/v4/runtime/tree/ParseTreeVisitor;)Ljava/lang/Object;+12
j  IRGenerationVisitor.visit(Lorg/antlr/v4/runtime/tree/ParseTree;)Lorg/bytedeco/llvm/LLVM/LLVMValueRef;+8
j  IRGenerationVisitor.visitProgram(LSysYParser$ProgramContext;)Lorg/bytedeco/llvm/LLVM/LLVMValueRef;+5
j  IRGenerationVisitor.visitProgram(LSysYParser$ProgramContext;)Ljava/lang/Object;+2
j  SysYParser$ProgramContext.accept(Lorg/antlr/v4/runtime/tree/ParseTreeVisitor;)Ljava/lang/Object;+12
j  IRGenerationVisitor.visit(Lorg/antlr/v4/runtime/tree/ParseTree;)Lorg/bytedeco/llvm/LLVM/LLVMValueRef;+8
j  Main.main([Ljava/lang/String;)V+96
v  ~StubRoutines::call_stub

siginfo: si_signo: 11 (SIGSEGV), si_code: 1 (SEGV_MAPERR), si_addr: 0x0000000000000000

Register to memory mapping:

RAX=0x00007f175c6c98d0: Java_org_bytedeco_llvm_global_LLVM_LLVMTypeOf+0x0000000000000000 in /home/crz/.javacpp/cache/llvm-13.0.1-1.5.7-linux-x86_64.jar/org/bytedeco/llvm/linux-x86_64/libjniLLVM.so at 0x00007f175c607000
RBX={method} {0x00007f175dcc5230} 'LLVMTypeOf' '(Lorg/bytedeco/llvm/LLVM/LLVMValueRef;)Lorg/bytedeco/llvm/LLVM/LLVMTypeRef;' in 'org/bytedeco/llvm/global/LLVM'
RCX=0x0000000000000330 is an unknown value
RDX=0x0 is NULL
RSP=0x00007f178f73bc78 is pointing into the stack for thread: 0x00007f1788015800
RBP=0x00007f1788015b50 points into unknown readable memory: 0x00007f1790cc6b60 | 60 6b cc 90 17 7f 00 00
RSI=0x00007f178f73bd08 is pointing into the stack for thread: 0x00007f1788015800
RDI=0x0 is NULL
R8 =0x00007f175dc8a188 is pointing into metadata
R9 =0x0000000000000002 is an unknown value
R10=0x00007f17707d4a01 is at code_begin+897 in an Interpreter codelet
method entry point (kind = native)  [0x00007f17707d4680, 0x00007f17707d5000]  2432 bytes
R11=0x0000000717dd2d38 points into unknown readable memory: 0x00000016b3fc9e01 | 01 9e fc b3 16 00 00 00
R12=0x0 is NULL
R13={method} {0x00007f175dcc5230} 'LLVMTypeOf' '(Lorg/bytedeco/llvm/LLVM/LLVMValueRef;)Lorg/bytedeco/llvm/LLVM/LLVMTypeRef;' in 'org/bytedeco/llvm/global/LLVM'
R14=0x00007f178f73bd18 is pointing into the stack for thread: 0x00007f1788015800
R15=0x00007f1788015800 is a thread


Registers:
RAX=0x00007f175c6c98d0, RBX=0x00007f175dcc5230, RCX=0x0000000000000330, RDX=0x0000000000000000
RSP=0x00007f178f73bc78, RBP=0x00007f1788015b50, RSI=0x00007f178f73bd08, RDI=0x0000000000000000
R8 =0x00007f175dc8a188, R9 =0x0000000000000002, R10=0x00007f17707d4a01, R11=0x0000000717dd2d38
R12=0x0000000000000000, R13=0x00007f175dcc5230, R14=0x00007f178f73bd18, R15=0x00007f1788015800
RIP=0x00007f171614eec0, EFLAGS=0x0000000000010246, CSGSFS=0x002b000000000033, ERR=0x0000000000000004
  TRAPNO=0x000000000000000e

Top of Stack: (sp=0x00007f178f73bc78)
0x00007f178f73bc78:   00007f175c6c98ff 00007f178f73bcf8
0x00007f178f73bc88:   0000000000000000 00007f175dcc5230
0x00007f178f73bc98:   00007f17707d4a30 00007f17707cf0a6
0x00007f178f73bca8:   00000007178e68c8 00007f178f73bcb0 

Instructions: (pc=0x00007f171614eec0)
0x00007f171614edc0:   8b 47 08 c1 e8 08 c3 66 0f 1f 84 00 00 00 00 00
0x00007f171614edd0:   8b 47 20 c3 66 2e 0f 1f 84 00 00 00 00 00 66 90
0x00007f171614ede0:   e9 7b c2 12 00 66 2e 0f 1f 84 00 00 00 00 00 90
0x00007f171614edf0:   e9 7b c2 12 00 66 2e 0f 1f 84 00 00 00 00 00 90
0x00007f171614ee00:   e9 cb c2 12 00 66 2e 0f 1f 84 00 00 00 00 00 90
0x00007f171614ee10:   e9 ab c2 12 00 66 2e 0f 1f 84 00 00 00 00 00 90
0x00007f171614ee20:   48 8b 05 79 cc e3 05 48 85 c0 74 14 48 8b 3d 6d
0x00007f171614ee30:   cc e3 05 e9 28 c2 12 00 0f 1f 84 00 00 00 00 00
0x00007f171614ee40:   48 83 ec 08 48 8d 3d 55 cc e3 05 48 8d 15 fe de
0x00007f171614ee50:   ff ff 48 8d 35 d7 de ff ff e8 a2 21 ed ff 48 8b
0x00007f171614ee60:   3d 3b cc e3 05 48 83 c4 08 e9 f2 c1 12 00 66 90
0x00007f171614ee70:   48 8b 05 29 cc e3 05 48 85 c0 74 14 48 8b 3d 1d
0x00007f171614ee80:   cc e3 05 e9 e8 c1 12 00 0f 1f 84 00 00 00 00 00
0x00007f171614ee90:   48 83 ec 08 48 8d 3d 05 cc e3 05 48 8d 15 ae de
0x00007f171614eea0:   ff ff 48 8d 35 87 de ff ff e8 52 21 ed ff 48 8b
0x00007f171614eeb0:   3d eb cb e3 05 48 83 c4 08 e9 b2 c1 12 00 66 90
0x00007f171614eec0:   48 8b 07 c3 66 2e 0f 1f 84 00 00 00 00 00 66 90
0x00007f171614eed0:   0f b6 47 10 41 b8 18 00 00 00 3c 1a 77 0b 48 8d
0x00007f171614eee0:   15 9b a5 6d 03 44 8b 04 82 44 89 c0 c3 0f 1f 00
0x00007f171614eef0:   55 48 89 fd 53 48 89 f3 48 83 ec 08 e8 3f fb 13
0x00007f171614ef00:   00 48 89 ef 48 89 13 e8 34 fb 13 00 48 83 c4 08
0x00007f171614ef10:   5b 5d c3 66 2e 0f 1f 84 00 00 00 00 00 0f 1f 00
0x00007f171614ef20:   48 83 ec 38 b8 05 01 00 00 48 89 34 24 48 89 e6
0x00007f171614ef30:   66 89 44 24 20 48 89 54 24 08 e8 e1 f5 13 00 48
0x00007f171614ef40:   83 c4 38 c3 66 2e 0f 1f 84 00 00 00 00 00 66 90
0x00007f171614ef50:   48 83 ec 08 e8 e7 fa 13 00 48 83 c4 08 c3 66 90
0x00007f171614ef60:   48 83 ec 38 b8 01 01 00 00 80 3e 00 66 89 44 24
0x00007f171614ef70:   20 74 09 48 89 34 24 c6 44 24 20 03 48 89 e6 e8
0x00007f171614ef80:   9c f5 13 00 48 83 c4 38 c3 0f 1f 80 00 00 00 00
0x00007f171614ef90:   55 48 89 fd e8 07 45 f5 ff 48 89 ef ba 01 00 00
0x00007f171614efa0:   00 5d 48 89 c6 e9 d6 34 f9 ff 66 0f 1f 44 00 00
0x00007f171614efb0:   41 55 66 0f ef c0 31 c9 31 d2 41 54 31 f6 55 48 


Stack slot to memory mapping:
stack at sp + 0 slots: 0x00007f175c6c98ff: Java_org_bytedeco_llvm_global_LLVM_LLVMTypeOf+0x000000000000002f in /home/crz/.javacpp/cache/llvm-13.0.1-1.5.7-linux-x86_64.jar/org/bytedeco/llvm/linux-x86_64/libjniLLVM.so at 0x00007f175c607000
stack at sp + 1 slots: 0x00007f178f73bcf8 is pointing into the stack for thread: 0x00007f1788015800
stack at sp + 2 slots: 0x0 is NULL
stack at sp + 3 slots: {method} {0x00007f175dcc5230} 'LLVMTypeOf' '(Lorg/bytedeco/llvm/LLVM/LLVMValueRef;)Lorg/bytedeco/llvm/LLVM/LLVMTypeRef;' in 'org/bytedeco/llvm/global/LLVM'
stack at sp + 4 slots: 0x00007f17707d4a30 is at code_begin+944 in an Interpreter codelet
method entry point (kind = native)  [0x00007f17707d4680, 0x00007f17707d5000]  2432 bytes
stack at sp + 5 slots: 0x00007f17707cf0a6 is at code_begin+1894 in an Interpreter codelet
invoke return entry points  [0x00007f17707ce940, 0x00007f17707cf360]  2592 bytes
stack at sp + 6 slots: 0x00000007178e68c8 is an oop: IRGenerationVisitor 
{0x00000007178e68c8} - klass: 'IRGenerationVisitor'
 - ---- fields (total size 3 words):
 - private final 'module' 'Lorg/bytedeco/llvm/LLVM/LLVMModuleRef;' @12  a 'org/bytedeco/llvm/LLVM/LLVMModuleRef'{0x0000000717805788} (e2f00af1)
 - private final 'builder' 'Lorg/bytedeco/llvm/LLVM/LLVMBuilderRef;' @16  a 'org/bytedeco/llvm/LLVM/LLVMBuilderRef'{0x0000000717805850} (e2f00b0a)
 - private 'symbolTable' 'Lsemantic_check/SymbolTable;' @20  a 'semantic_check/SymbolTable'{0x00000007178e9ad0} (e2f1d35a)
stack at sp + 7 slots: 0x00007f178f73bcb0 is pointing into the stack for thread: 0x00007f1788015800


---------------  P R O C E S S  ---------------

Threads class SMR info:
_java_thread_list=0x00007f173020ecb0, length=12, elements={
0x00007f1788015800, 0x00007f17881ec800, 0x00007f17881ee800, 0x00007f17881f4000,
0x00007f17881f6000, 0x00007f17881f8000, 0x00007f17881fa000, 0x00007f17881fc000,
0x00007f173806c000, 0x00007f178822f000, 0x00007f17883b9000, 0x00007f173020d800
}

Java Threads: ( => current thread )
=>0x00007f1788015800 JavaThread "main" [_thread_in_native, id=314999, stack(0x00007f178f63f000,0x00007f178f73f000)]
  0x00007f17881ec800 JavaThread "Reference Handler" daemon [_thread_blocked, id=315006, stack(0x00007f176404d000,0x00007f176414d000)]
  0x00007f17881ee800 JavaThread "Finalizer" daemon [_thread_blocked, id=315007, stack(0x00007f175d700000,0x00007f175d800000)]
  0x00007f17881f4000 JavaThread "Signal Dispatcher" daemon [_thread_blocked, id=315008, stack(0x00007f175d013000,0x00007f175d113000)]
  0x00007f17881f6000 JavaThread "Service Thread" daemon [_thread_blocked, id=315009, stack(0x00007f175cf13000,0x00007f175d013000)]
  0x00007f17881f8000 JavaThread "C2 CompilerThread0" daemon [_thread_blocked, id=315010, stack(0x00007f175ce13000,0x00007f175cf13000)]
  0x00007f17881fa000 JavaThread "C1 CompilerThread0" daemon [_thread_blocked, id=315011, stack(0x00007f175cd13000,0x00007f175ce13000)]
  0x00007f17881fc000 JavaThread "Sweeper thread" daemon [_thread_blocked, id=315012, stack(0x00007f175cc13000,0x00007f175cd13000)]
  0x00007f173806c000 JavaThread "C1 CompilerThread1" daemon [_thread_blocked, id=315013, stack(0x00007f175cb13000,0x00007f175cc13000)]
  0x00007f178822f000 JavaThread "Common-Cleaner" daemon [_thread_blocked, id=315015, stack(0x00007f175c912000,0x00007f175ca12000)]
  0x00007f17883b9000 JavaThread "JavaCPP Deallocator" daemon [_thread_blocked, id=315017, stack(0x00007f175c812000,0x00007f175c912000)]
  0x00007f173020d800 JavaThread "C2 CompilerThread1" daemon [_thread_blocked, id=315018, stack(0x00007f175c712000,0x00007f175c812000)]

Other Threads:
  0x00007f17881e9800 VMThread "VM Thread" [stack: 0x00007f176414e000,0x00007f176424e000] [id=315005]
  0x00007f178822d000 WatcherThread [stack: 0x00007f175ca13000,0x00007f175cb13000] [id=315014]
  0x00007f178802f800 GCTaskThread "GC Thread#0" [stack: 0x00007f178f30f000,0x00007f178f40f000] [id=315000]
  0x00007f178808d800 ConcurrentGCThread "G1 Main Marker" [stack: 0x00007f178c9d7000,0x00007f178cad7000] [id=315001]
  0x00007f178808f800 ConcurrentGCThread "G1 Conc#0" [stack: 0x00007f178c8d6000,0x00007f178c9d6000] [id=315002]
  0x00007f17881ab000 ConcurrentGCThread "G1 Refine#0" [stack: 0x00007f1764350000,0x00007f1764450000] [id=315003]
  0x00007f17881ac800 ConcurrentGCThread "G1 Young RemSet Sampling" [stack: 0x00007f176424f000,0x00007f176434f000] [id=315004]

Threads with active compile tasks:

VM state:not at safepoint (normal execution)

VM Mutex/Monitor currently owned by a thread: None

Heap address: 0x0000000708a00000, size: 3958 MB, Compressed Oops mode: Zero based, Oop shift amount: 3
Narrow klass base: 0x0000000800000000, Narrow klass shift: 3
Compressed class space size: 1073741824 Address: 0x0000000840000000

Heap:
 garbage-first heap   total 256000K, used 9936K [0x0000000708a00000, 0x0000000800000000)
  region size 1024K, 11 young (11264K), 0 survivors (0K)
 Metaspace       used 3706K, capacity 6642K, committed 6912K, reserved 1056768K
  class space    used 389K, capacity 681K, committed 768K, reserved 1048576K
Heap Regions: E=young(eden), S=young(survivor), O=old, HS=humongous(starts), HC=humongous(continues), CS=collection set, F=free, A=archive, TAMS=top-at-mark-start (previous, next)
|   0|0x0000000708a00000, 0x0000000708a00000, 0x0000000708b00000|  0%| F|  |TAMS 0x0000000708a00000, 0x0000000708a00000| Untracked 
|   1|0x0000000708b00000, 0x0000000708b00000, 0x0000000708c00000|  0%| F|  |TAMS 0x0000000708b00000, 0x0000000708b00000| Untracked 
|   2|0x0000000708c00000, 0x0000000708c00000, 0x0000000708d00000|  0%| F|  |TAMS 0x0000000708c00000, 0x0000000708c00000| Untracked 
|   3|0x0000000708d00000, 0x0000000708d00000, 0x0000000708e00000|  0%| F|  |TAMS 0x0000000708d00000, 0x0000000708d00000| Untracked 
|   4|0x0000000708e00000, 0x0000000708e00000, 0x0000000708f00000|  0%| F|  |TAMS 0x0000000708e00000, 0x0000000708e00000| Untracked 
|   5|0x0000000708f00000, 0x0000000708f00000, 0x0000000709000000|  0%| F|  |TAMS 0x0000000708f00000, 0x0000000708f00000| Untracked 
|   6|0x0000000709000000, 0x0000000709000000, 0x0000000709100000|  0%| F|  |TAMS 0x0000000709000000, 0x0000000709000000| Untracked 
|   7|0x0000000709100000, 0x0000000709100000, 0x0000000709200000|  0%| F|  |TAMS 0x0000000709100000, 0x0000000709100000| Untracked 
|   8|0x0000000709200000, 0x0000000709200000, 0x0000000709300000|  0%| F|  |TAMS 0x0000000709200000, 0x0000000709200000| Untracked 
|   9|0x0000000709300000, 0x0000000709300000, 0x0000000709400000|  0%| F|  |TAMS 0x0000000709300000, 0x0000000709300000| Untracked 
|  10|0x0000000709400000, 0x0000000709400000, 0x0000000709500000|  0%| F|  |TAMS 0x0000000709400000, 0x0000000709400000| Untracked 
|  11|0x0000000709500000, 0x0000000709500000, 0x0000000709600000|  0%| F|  |TAMS 0x0000000709500000, 0x0000000709500000| Untracked 
|  12|0x0000000709600000, 0x0000000709600000, 0x0000000709700000|  0%| F|  |TAMS 0x0000000709600000, 0x0000000709600000| Untracked 
|  13|0x0000000709700000, 0x0000000709700000, 0x0000000709800000|  0%| F|  |TAMS 0x0000000709700000, 0x0000000709700000| Untracked 
|  14|0x0000000709800000, 0x0000000709800000, 0x0000000709900000|  0%| F|  |TAMS 0x0000000709800000, 0x0000000709800000| Untracked 
|  15|0x0000000709900000, 0x0000000709900000, 0x0000000709a00000|  0%| F|  |TAMS 0x0000000709900000, 0x0000000709900000| Untracked 
|  16|0x0000000709a00000, 0x0000000709a00000, 0x0000000709b00000|  0%| F|  |TAMS 0x0000000709a00000, 0x0000000709a00000| Untracked 
|  17|0x0000000709b00000, 0x0000000709b00000, 0x0000000709c00000|  0%| F|  |TAMS 0x0000000709b00000, 0x0000000709b00000| Untracked 
|  18|0x0000000709c00000, 0x0000000709c00000, 0x0000000709d00000|  0%| F|  |TAMS 0x0000000709c00000, 0x0000000709c00000| Untracked 
|  19|0x0000000709d00000, 0x0000000709d00000, 0x0000000709e00000|  0%| F|  |TAMS 0x0000000709d00000, 0x0000000709d00000| Untracked 
|  20|0x0000000709e00000, 0x0000000709e00000, 0x0000000709f00000|  0%| F|  |TAMS 0x0000000709e00000, 0x0000000709e00000| Untracked 
|  21|0x0000000709f00000, 0x0000000709f00000, 0x000000070a000000|  0%| F|  |TAMS 0x0000000709f00000, 0x0000000709f00000| Untracked 
|  22|0x000000070a000000, 0x000000070a000000, 0x000000070a100000|  0%| F|  |TAMS 0x000000070a000000, 0x000000070a000000| Untracked 
|  23|0x000000070a100000, 0x000000070a100000, 0x000000070a200000|  0%| F|  |TAMS 0x000000070a100000, 0x000000070a100000| Untracked 
|  24|0x000000070a200000, 0x000000070a200000, 0x000000070a300000|  0%| F|  |TAMS 0x000000070a200000, 0x000000070a200000| Untracked 
|  25|0x000000070a300000, 0x000000070a300000, 0x000000070a400000|  0%| F|  |TAMS 0x000000070a300000, 0x000000070a300000| Untracked 
|  26|0x000000070a400000, 0x000000070a400000, 0x000000070a500000|  0%| F|  |TAMS 0x000000070a400000, 0x000000070a400000| Untracked 
|  27|0x000000070a500000, 0x000000070a500000, 0x000000070a600000|  0%| F|  |TAMS 0x000000070a500000, 0x000000070a500000| Untracked 
|  28|0x000000070a600000, 0x000000070a600000, 0x000000070a700000|  0%| F|  |TAMS 0x000000070a600000, 0x000000070a600000| Untracked 
|  29|0x000000070a700000, 0x000000070a700000, 0x000000070a800000|  0%| F|  |TAMS 0x000000070a700000, 0x000000070a700000| Untracked 
|  30|0x000000070a800000, 0x000000070a800000, 0x000000070a900000|  0%| F|  |TAMS 0x000000070a800000, 0x000000070a800000| Untracked 
|  31|0x000000070a900000, 0x000000070a900000, 0x000000070aa00000|  0%| F|  |TAMS 0x000000070a900000, 0x000000070a900000| Untracked 
|  32|0x000000070aa00000, 0x000000070aa00000, 0x000000070ab00000|  0%| F|  |TAMS 0x000000070aa00000, 0x000000070aa00000| Untracked 
|  33|0x000000070ab00000, 0x000000070ab00000, 0x000000070ac00000|  0%| F|  |TAMS 0x000000070ab00000, 0x000000070ab00000| Untracked 
|  34|0x000000070ac00000, 0x000000070ac00000, 0x000000070ad00000|  0%| F|  |TAMS 0x000000070ac00000, 0x000000070ac00000| Untracked 
|  35|0x000000070ad00000, 0x000000070ad00000, 0x000000070ae00000|  0%| F|  |TAMS 0x000000070ad00000, 0x000000070ad00000| Untracked 
|  36|0x000000070ae00000, 0x000000070ae00000, 0x000000070af00000|  0%| F|  |TAMS 0x000000070ae00000, 0x000000070ae00000| Untracked 
|  37|0x000000070af00000, 0x000000070af00000, 0x000000070b000000|  0%| F|  |TAMS 0x000000070af00000, 0x000000070af00000| Untracked 
|  38|0x000000070b000000, 0x000000070b000000, 0x000000070b100000|  0%| F|  |TAMS 0x000000070b000000, 0x000000070b000000| Untracked 
|  39|0x000000070b100000, 0x000000070b100000, 0x000000070b200000|  0%| F|  |TAMS 0x000000070b100000, 0x000000070b100000| Untracked 
|  40|0x000000070b200000, 0x000000070b200000, 0x000000070b300000|  0%| F|  |TAMS 0x000000070b200000, 0x000000070b200000| Untracked 
|  41|0x000000070b300000, 0x000000070b300000, 0x000000070b400000|  0%| F|  |TAMS 0x000000070b300000, 0x000000070b300000| Untracked 
|  42|0x000000070b400000, 0x000000070b400000, 0x000000070b500000|  0%| F|  |TAMS 0x000000070b400000, 0x000000070b400000| Untracked 
|  43|0x000000070b500000, 0x000000070b500000, 0x000000070b600000|  0%| F|  |TAMS 0x000000070b500000, 0x000000070b500000| Untracked 
|  44|0x000000070b600000, 0x000000070b600000, 0x000000070b700000|  0%| F|  |TAMS 0x000000070b600000, 0x000000070b600000| Untracked 
|  45|0x000000070b700000, 0x000000070b700000, 0x000000070b800000|  0%| F|  |TAMS 0x000000070b700000, 0x000000070b700000| Untracked 
|  46|0x000000070b800000, 0x000000070b800000, 0x000000070b900000|  0%| F|  |TAMS 0x000000070b800000, 0x000000070b800000| Untracked 
|  47|0x000000070b900000, 0x000000070b900000, 0x000000070ba00000|  0%| F|  |TAMS 0x000000070b900000, 0x000000070b900000| Untracked 
|  48|0x000000070ba00000, 0x000000070ba00000, 0x000000070bb00000|  0%| F|  |TAMS 0x000000070ba00000, 0x000000070ba00000| Untracked 
|  49|0x000000070bb00000, 0x000000070bb00000, 0x000000070bc00000|  0%| F|  |TAMS 0x000000070bb00000, 0x000000070bb00000| Untracked 
|  50|0x000000070bc00000, 0x000000070bc00000, 0x000000070bd00000|  0%| F|  |TAMS 0x000000070bc00000, 0x000000070bc00000| Untracked 
|  51|0x000000070bd00000, 0x000000070bd00000, 0x000000070be00000|  0%| F|  |TAMS 0x000000070bd00000, 0x000000070bd00000| Untracked 
|  52|0x000000070be00000, 0x000000070be00000, 0x000000070bf00000|  0%| F|  |TAMS 0x000000070be00000, 0x000000070be00000| Untracked 
|  53|0x000000070bf00000, 0x000000070bf00000, 0x000000070c000000|  0%| F|  |TAMS 0x000000070bf00000, 0x000000070bf00000| Untracked 
|  54|0x000000070c000000, 0x000000070c000000, 0x000000070c100000|  0%| F|  |TAMS 0x000000070c000000, 0x000000070c000000| Untracked 
|  55|0x000000070c100000, 0x000000070c100000, 0x000000070c200000|  0%| F|  |TAMS 0x000000070c100000, 0x000000070c100000| Untracked 
|  56|0x000000070c200000, 0x000000070c200000, 0x000000070c300000|  0%| F|  |TAMS 0x000000070c200000, 0x000000070c200000| Untracked 
|  57|0x000000070c300000, 0x000000070c300000, 0x000000070c400000|  0%| F|  |TAMS 0x000000070c300000, 0x000000070c300000| Untracked 
|  58|0x000000070c400000, 0x000000070c400000, 0x000000070c500000|  0%| F|  |TAMS 0x000000070c400000, 0x000000070c400000| Untracked 
|  59|0x000000070c500000, 0x000000070c500000, 0x000000070c600000|  0%| F|  |TAMS 0x000000070c500000, 0x000000070c500000| Untracked 
|  60|0x000000070c600000, 0x000000070c600000, 0x000000070c700000|  0%| F|  |TAMS 0x000000070c600000, 0x000000070c600000| Untracked 
|  61|0x000000070c700000, 0x000000070c700000, 0x000000070c800000|  0%| F|  |TAMS 0x000000070c700000, 0x000000070c700000| Untracked 
|  62|0x000000070c800000, 0x000000070c800000, 0x000000070c900000|  0%| F|  |TAMS 0x000000070c800000, 0x000000070c800000| Untracked 
|  63|0x000000070c900000, 0x000000070c900000, 0x000000070ca00000|  0%| F|  |TAMS 0x000000070c900000, 0x000000070c900000| Untracked 
|  64|0x000000070ca00000, 0x000000070ca00000, 0x000000070cb00000|  0%| F|  |TAMS 0x000000070ca00000, 0x000000070ca00000| Untracked 
|  65|0x000000070cb00000, 0x000000070cb00000, 0x000000070cc00000|  0%| F|  |TAMS 0x000000070cb00000, 0x000000070cb00000| Untracked 
|  66|0x000000070cc00000, 0x000000070cc00000, 0x000000070cd00000|  0%| F|  |TAMS 0x000000070cc00000, 0x000000070cc00000| Untracked 
|  67|0x000000070cd00000, 0x000000070cd00000, 0x000000070ce00000|  0%| F|  |TAMS 0x000000070cd00000, 0x000000070cd00000| Untracked 
|  68|0x000000070ce00000, 0x000000070ce00000, 0x000000070cf00000|  0%| F|  |TAMS 0x000000070ce00000, 0x000000070ce00000| Untracked 
|  69|0x000000070cf00000, 0x000000070cf00000, 0x000000070d000000|  0%| F|  |TAMS 0x000000070cf00000, 0x000000070cf00000| Untracked 
|  70|0x000000070d000000, 0x000000070d000000, 0x000000070d100000|  0%| F|  |TAMS 0x000000070d000000, 0x000000070d000000| Untracked 
|  71|0x000000070d100000, 0x000000070d100000, 0x000000070d200000|  0%| F|  |TAMS 0x000000070d100000, 0x000000070d100000| Untracked 
|  72|0x000000070d200000, 0x000000070d200000, 0x000000070d300000|  0%| F|  |TAMS 0x000000070d200000, 0x000000070d200000| Untracked 
|  73|0x000000070d300000, 0x000000070d300000, 0x000000070d400000|  0%| F|  |TAMS 0x000000070d300000, 0x000000070d300000| Untracked 
|  74|0x000000070d400000, 0x000000070d400000, 0x000000070d500000|  0%| F|  |TAMS 0x000000070d400000, 0x000000070d400000| Untracked 
|  75|0x000000070d500000, 0x000000070d500000, 0x000000070d600000|  0%| F|  |TAMS 0x000000070d500000, 0x000000070d500000| Untracked 
|  76|0x000000070d600000, 0x000000070d600000, 0x000000070d700000|  0%| F|  |TAMS 0x000000070d600000, 0x000000070d600000| Untracked 
|  77|0x000000070d700000, 0x000000070d700000, 0x000000070d800000|  0%| F|  |TAMS 0x000000070d700000, 0x000000070d700000| Untracked 
|  78|0x000000070d800000, 0x000000070d800000, 0x000000070d900000|  0%| F|  |TAMS 0x000000070d800000, 0x000000070d800000| Untracked 
|  79|0x000000070d900000, 0x000000070d900000, 0x000000070da00000|  0%| F|  |TAMS 0x000000070d900000, 0x000000070d900000| Untracked 
|  80|0x000000070da00000, 0x000000070da00000, 0x000000070db00000|  0%| F|  |TAMS 0x000000070da00000, 0x000000070da00000| Untracked 
|  81|0x000000070db00000, 0x000000070db00000, 0x000000070dc00000|  0%| F|  |TAMS 0x000000070db00000, 0x000000070db00000| Untracked 
|  82|0x000000070dc00000, 0x000000070dc00000, 0x000000070dd00000|  0%| F|  |TAMS 0x000000070dc00000, 0x000000070dc00000| Untracked 
|  83|0x000000070dd00000, 0x000000070dd00000, 0x000000070de00000|  0%| F|  |TAMS 0x000000070dd00000, 0x000000070dd00000| Untracked 
|  84|0x000000070de00000, 0x000000070de00000, 0x000000070df00000|  0%| F|  |TAMS 0x000000070de00000, 0x000000070de00000| Untracked 
|  85|0x000000070df00000, 0x000000070df00000, 0x000000070e000000|  0%| F|  |TAMS 0x000000070df00000, 0x000000070df00000| Untracked 
|  86|0x000000070e000000, 0x000000070e000000, 0x000000070e100000|  0%| F|  |TAMS 0x000000070e000000, 0x000000070e000000| Untracked 
|  87|0x000000070e100000, 0x000000070e100000, 0x000000070e200000|  0%| F|  |TAMS 0x000000070e100000, 0x000000070e100000| Untracked 
|  88|0x000000070e200000, 0x000000070e200000, 0x000000070e300000|  0%| F|  |TAMS 0x000000070e200000, 0x000000070e200000| Untracked 
|  89|0x000000070e300000, 0x000000070e300000, 0x000000070e400000|  0%| F|  |TAMS 0x000000070e300000, 0x000000070e300000| Untracked 
|  90|0x000000070e400000, 0x000000070e400000, 0x000000070e500000|  0%| F|  |TAMS 0x000000070e400000, 0x000000070e400000| Untracked 
|  91|0x000000070e500000, 0x000000070e500000, 0x000000070e600000|  0%| F|  |TAMS 0x000000070e500000, 0x000000070e500000| Untracked 
|  92|0x000000070e600000, 0x000000070e600000, 0x000000070e700000|  0%| F|  |TAMS 0x000000070e600000, 0x000000070e600000| Untracked 
|  93|0x000000070e700000, 0x000000070e700000, 0x000000070e800000|  0%| F|  |TAMS 0x000000070e700000, 0x000000070e700000| Untracked 
|  94|0x000000070e800000, 0x000000070e800000, 0x000000070e900000|  0%| F|  |TAMS 0x000000070e800000, 0x000000070e800000| Untracked 
|  95|0x000000070e900000, 0x000000070e900000, 0x000000070ea00000|  0%| F|  |TAMS 0x000000070e900000, 0x000000070e900000| Untracked 
|  96|0x000000070ea00000, 0x000000070ea00000, 0x000000070eb00000|  0%| F|  |TAMS 0x000000070ea00000, 0x000000070ea00000| Untracked 
|  97|0x000000070eb00000, 0x000000070eb00000, 0x000000070ec00000|  0%| F|  |TAMS 0x000000070eb00000, 0x000000070eb00000| Untracked 
|  98|0x000000070ec00000, 0x000000070ec00000, 0x000000070ed00000|  0%| F|  |TAMS 0x000000070ec00000, 0x000000070ec00000| Untracked 
|  99|0x000000070ed00000, 0x000000070ed00000, 0x000000070ee00000|  0%| F|  |TAMS 0x000000070ed00000, 0x000000070ed00000| Untracked 
| 100|0x000000070ee00000, 0x000000070ee00000, 0x000000070ef00000|  0%| F|  |TAMS 0x000000070ee00000, 0x000000070ee00000| Untracked 
| 101|0x000000070ef00000, 0x000000070ef00000, 0x000000070f000000|  0%| F|  |TAMS 0x000000070ef00000, 0x000000070ef00000| Untracked 
| 102|0x000000070f000000, 0x000000070f000000, 0x000000070f100000|  0%| F|  |TAMS 0x000000070f000000, 0x000000070f000000| Untracked 
| 103|0x000000070f100000, 0x000000070f100000, 0x000000070f200000|  0%| F|  |TAMS 0x000000070f100000, 0x000000070f100000| Untracked 
| 104|0x000000070f200000, 0x000000070f200000, 0x000000070f300000|  0%| F|  |TAMS 0x000000070f200000, 0x000000070f200000| Untracked 
| 105|0x000000070f300000, 0x000000070f300000, 0x000000070f400000|  0%| F|  |TAMS 0x000000070f300000, 0x000000070f300000| Untracked 
| 106|0x000000070f400000, 0x000000070f400000, 0x000000070f500000|  0%| F|  |TAMS 0x000000070f400000, 0x000000070f400000| Untracked 
| 107|0x000000070f500000, 0x000000070f500000, 0x000000070f600000|  0%| F|  |TAMS 0x000000070f500000, 0x000000070f500000| Untracked 
| 108|0x000000070f600000, 0x000000070f600000, 0x000000070f700000|  0%| F|  |TAMS 0x000000070f600000, 0x000000070f600000| Untracked 
| 109|0x000000070f700000, 0x000000070f700000, 0x000000070f800000|  0%| F|  |TAMS 0x000000070f700000, 0x000000070f700000| Untracked 
| 110|0x000000070f800000, 0x000000070f800000, 0x000000070f900000|  0%| F|  |TAMS 0x000000070f800000, 0x000000070f800000| Untracked 
| 111|0x000000070f900000, 0x000000070f900000, 0x000000070fa00000|  0%| F|  |TAMS 0x000000070f900000, 0x000000070f900000| Untracked 
| 112|0x000000070fa00000, 0x000000070fa00000, 0x000000070fb00000|  0%| F|  |TAMS 0x000000070fa00000, 0x000000070fa00000| Untracked 
| 113|0x000000070fb00000, 0x000000070fb00000, 0x000000070fc00000|  0%| F|  |TAMS 0x000000070fb00000, 0x000000070fb00000| Untracked 
| 114|0x000000070fc00000, 0x000000070fc00000, 0x000000070fd00000|  0%| F|  |TAMS 0x000000070fc00000, 0x000000070fc00000| Untracked 
| 115|0x000000070fd00000, 0x000000070fd00000, 0x000000070fe00000|  0%| F|  |TAMS 0x000000070fd00000, 0x000000070fd00000| Untracked 
| 116|0x000000070fe00000, 0x000000070fe00000, 0x000000070ff00000|  0%| F|  |TAMS 0x000000070fe00000, 0x000000070fe00000| Untracked 
| 117|0x000000070ff00000, 0x000000070ff00000, 0x0000000710000000|  0%| F|  |TAMS 0x000000070ff00000, 0x000000070ff00000| Untracked 
| 118|0x0000000710000000, 0x0000000710000000, 0x0000000710100000|  0%| F|  |TAMS 0x0000000710000000, 0x0000000710000000| Untracked 
| 119|0x0000000710100000, 0x0000000710100000, 0x0000000710200000|  0%| F|  |TAMS 0x0000000710100000, 0x0000000710100000| Untracked 
| 120|0x0000000710200000, 0x0000000710200000, 0x0000000710300000|  0%| F|  |TAMS 0x0000000710200000, 0x0000000710200000| Untracked 
| 121|0x0000000710300000, 0x0000000710300000, 0x0000000710400000|  0%| F|  |TAMS 0x0000000710300000, 0x0000000710300000| Untracked 
| 122|0x0000000710400000, 0x0000000710400000, 0x0000000710500000|  0%| F|  |TAMS 0x0000000710400000, 0x0000000710400000| Untracked 
| 123|0x0000000710500000, 0x0000000710500000, 0x0000000710600000|  0%| F|  |TAMS 0x0000000710500000, 0x0000000710500000| Untracked 
| 124|0x0000000710600000, 0x0000000710600000, 0x0000000710700000|  0%| F|  |TAMS 0x0000000710600000, 0x0000000710600000| Untracked 
| 125|0x0000000710700000, 0x0000000710700000, 0x0000000710800000|  0%| F|  |TAMS 0x0000000710700000, 0x0000000710700000| Untracked 
| 126|0x0000000710800000, 0x0000000710800000, 0x0000000710900000|  0%| F|  |TAMS 0x0000000710800000, 0x0000000710800000| Untracked 
| 127|0x0000000710900000, 0x0000000710900000, 0x0000000710a00000|  0%| F|  |TAMS 0x0000000710900000, 0x0000000710900000| Untracked 
| 128|0x0000000710a00000, 0x0000000710a00000, 0x0000000710b00000|  0%| F|  |TAMS 0x0000000710a00000, 0x0000000710a00000| Untracked 
| 129|0x0000000710b00000, 0x0000000710b00000, 0x0000000710c00000|  0%| F|  |TAMS 0x0000000710b00000, 0x0000000710b00000| Untracked 
| 130|0x0000000710c00000, 0x0000000710c00000, 0x0000000710d00000|  0%| F|  |TAMS 0x0000000710c00000, 0x0000000710c00000| Untracked 
| 131|0x0000000710d00000, 0x0000000710d00000, 0x0000000710e00000|  0%| F|  |TAMS 0x0000000710d00000, 0x0000000710d00000| Untracked 
| 132|0x0000000710e00000, 0x0000000710e00000, 0x0000000710f00000|  0%| F|  |TAMS 0x0000000710e00000, 0x0000000710e00000| Untracked 
| 133|0x0000000710f00000, 0x0000000710f00000, 0x0000000711000000|  0%| F|  |TAMS 0x0000000710f00000, 0x0000000710f00000| Untracked 
| 134|0x0000000711000000, 0x0000000711000000, 0x0000000711100000|  0%| F|  |TAMS 0x0000000711000000, 0x0000000711000000| Untracked 
| 135|0x0000000711100000, 0x0000000711100000, 0x0000000711200000|  0%| F|  |TAMS 0x0000000711100000, 0x0000000711100000| Untracked 
| 136|0x0000000711200000, 0x0000000711200000, 0x0000000711300000|  0%| F|  |TAMS 0x0000000711200000, 0x0000000711200000| Untracked 
| 137|0x0000000711300000, 0x0000000711300000, 0x0000000711400000|  0%| F|  |TAMS 0x0000000711300000, 0x0000000711300000| Untracked 
| 138|0x0000000711400000, 0x0000000711400000, 0x0000000711500000|  0%| F|  |TAMS 0x0000000711400000, 0x0000000711400000| Untracked 
| 139|0x0000000711500000, 0x0000000711500000, 0x0000000711600000|  0%| F|  |TAMS 0x0000000711500000, 0x0000000711500000| Untracked 
| 140|0x0000000711600000, 0x0000000711600000, 0x0000000711700000|  0%| F|  |TAMS 0x0000000711600000, 0x0000000711600000| Untracked 
| 141|0x0000000711700000, 0x0000000711700000, 0x0000000711800000|  0%| F|  |TAMS 0x0000000711700000, 0x0000000711700000| Untracked 
| 142|0x0000000711800000, 0x0000000711800000, 0x0000000711900000|  0%| F|  |TAMS 0x0000000711800000, 0x0000000711800000| Untracked 
| 143|0x0000000711900000, 0x0000000711900000, 0x0000000711a00000|  0%| F|  |TAMS 0x0000000711900000, 0x0000000711900000| Untracked 
| 144|0x0000000711a00000, 0x0000000711a00000, 0x0000000711b00000|  0%| F|  |TAMS 0x0000000711a00000, 0x0000000711a00000| Untracked 
| 145|0x0000000711b00000, 0x0000000711b00000, 0x0000000711c00000|  0%| F|  |TAMS 0x0000000711b00000, 0x0000000711b00000| Untracked 
| 146|0x0000000711c00000, 0x0000000711c00000, 0x0000000711d00000|  0%| F|  |TAMS 0x0000000711c00000, 0x0000000711c00000| Untracked 
| 147|0x0000000711d00000, 0x0000000711d00000, 0x0000000711e00000|  0%| F|  |TAMS 0x0000000711d00000, 0x0000000711d00000| Untracked 
| 148|0x0000000711e00000, 0x0000000711e00000, 0x0000000711f00000|  0%| F|  |TAMS 0x0000000711e00000, 0x0000000711e00000| Untracked 
| 149|0x0000000711f00000, 0x0000000711f00000, 0x0000000712000000|  0%| F|  |TAMS 0x0000000711f00000, 0x0000000711f00000| Untracked 
| 150|0x0000000712000000, 0x0000000712000000, 0x0000000712100000|  0%| F|  |TAMS 0x0000000712000000, 0x0000000712000000| Untracked 
| 151|0x0000000712100000, 0x0000000712100000, 0x0000000712200000|  0%| F|  |TAMS 0x0000000712100000, 0x0000000712100000| Untracked 
| 152|0x0000000712200000, 0x0000000712200000, 0x0000000712300000|  0%| F|  |TAMS 0x0000000712200000, 0x0000000712200000| Untracked 
| 153|0x0000000712300000, 0x0000000712300000, 0x0000000712400000|  0%| F|  |TAMS 0x0000000712300000, 0x0000000712300000| Untracked 
| 154|0x0000000712400000, 0x0000000712400000, 0x0000000712500000|  0%| F|  |TAMS 0x0000000712400000, 0x0000000712400000| Untracked 
| 155|0x0000000712500000, 0x0000000712500000, 0x0000000712600000|  0%| F|  |TAMS 0x0000000712500000, 0x0000000712500000| Untracked 
| 156|0x0000000712600000, 0x0000000712600000, 0x0000000712700000|  0%| F|  |TAMS 0x0000000712600000, 0x0000000712600000| Untracked 
| 157|0x0000000712700000, 0x0000000712700000, 0x0000000712800000|  0%| F|  |TAMS 0x0000000712700000, 0x0000000712700000| Untracked 
| 158|0x0000000712800000, 0x0000000712800000, 0x0000000712900000|  0%| F|  |TAMS 0x0000000712800000, 0x0000000712800000| Untracked 
| 159|0x0000000712900000, 0x0000000712900000, 0x0000000712a00000|  0%| F|  |TAMS 0x0000000712900000, 0x0000000712900000| Untracked 
| 160|0x0000000712a00000, 0x0000000712a00000, 0x0000000712b00000|  0%| F|  |TAMS 0x0000000712a00000, 0x0000000712a00000| Untracked 
| 161|0x0000000712b00000, 0x0000000712b00000, 0x0000000712c00000|  0%| F|  |TAMS 0x0000000712b00000, 0x0000000712b00000| Untracked 
| 162|0x0000000712c00000, 0x0000000712c00000, 0x0000000712d00000|  0%| F|  |TAMS 0x0000000712c00000, 0x0000000712c00000| Untracked 
| 163|0x0000000712d00000, 0x0000000712d00000, 0x0000000712e00000|  0%| F|  |TAMS 0x0000000712d00000, 0x0000000712d00000| Untracked 
| 164|0x0000000712e00000, 0x0000000712e00000, 0x0000000712f00000|  0%| F|  |TAMS 0x0000000712e00000, 0x0000000712e00000| Untracked 
| 165|0x0000000712f00000, 0x0000000712f00000, 0x0000000713000000|  0%| F|  |TAMS 0x0000000712f00000, 0x0000000712f00000| Untracked 
| 166|0x0000000713000000, 0x0000000713000000, 0x0000000713100000|  0%| F|  |TAMS 0x0000000713000000, 0x0000000713000000| Untracked 
| 167|0x0000000713100000, 0x0000000713100000, 0x0000000713200000|  0%| F|  |TAMS 0x0000000713100000, 0x0000000713100000| Untracked 
| 168|0x0000000713200000, 0x0000000713200000, 0x0000000713300000|  0%| F|  |TAMS 0x0000000713200000, 0x0000000713200000| Untracked 
| 169|0x0000000713300000, 0x0000000713300000, 0x0000000713400000|  0%| F|  |TAMS 0x0000000713300000, 0x0000000713300000| Untracked 
| 170|0x0000000713400000, 0x0000000713400000, 0x0000000713500000|  0%| F|  |TAMS 0x0000000713400000, 0x0000000713400000| Untracked 
| 171|0x0000000713500000, 0x0000000713500000, 0x0000000713600000|  0%| F|  |TAMS 0x0000000713500000, 0x0000000713500000| Untracked 
| 172|0x0000000713600000, 0x0000000713600000, 0x0000000713700000|  0%| F|  |TAMS 0x0000000713600000, 0x0000000713600000| Untracked 
| 173|0x0000000713700000, 0x0000000713700000, 0x0000000713800000|  0%| F|  |TAMS 0x0000000713700000, 0x0000000713700000| Untracked 
| 174|0x0000000713800000, 0x0000000713800000, 0x0000000713900000|  0%| F|  |TAMS 0x0000000713800000, 0x0000000713800000| Untracked 
| 175|0x0000000713900000, 0x0000000713900000, 0x0000000713a00000|  0%| F|  |TAMS 0x0000000713900000, 0x0000000713900000| Untracked 
| 176|0x0000000713a00000, 0x0000000713a00000, 0x0000000713b00000|  0%| F|  |TAMS 0x0000000713a00000, 0x0000000713a00000| Untracked 
| 177|0x0000000713b00000, 0x0000000713b00000, 0x0000000713c00000|  0%| F|  |TAMS 0x0000000713b00000, 0x0000000713b00000| Untracked 
| 178|0x0000000713c00000, 0x0000000713c00000, 0x0000000713d00000|  0%| F|  |TAMS 0x0000000713c00000, 0x0000000713c00000| Untracked 
| 179|0x0000000713d00000, 0x0000000713d00000, 0x0000000713e00000|  0%| F|  |TAMS 0x0000000713d00000, 0x0000000713d00000| Untracked 
| 180|0x0000000713e00000, 0x0000000713e00000, 0x0000000713f00000|  0%| F|  |TAMS 0x0000000713e00000, 0x0000000713e00000| Untracked 
| 181|0x0000000713f00000, 0x0000000713f00000, 0x0000000714000000|  0%| F|  |TAMS 0x0000000713f00000, 0x0000000713f00000| Untracked 
| 182|0x0000000714000000, 0x0000000714000000, 0x0000000714100000|  0%| F|  |TAMS 0x0000000714000000, 0x0000000714000000| Untracked 
| 183|0x0000000714100000, 0x0000000714100000, 0x0000000714200000|  0%| F|  |TAMS 0x0000000714100000, 0x0000000714100000| Untracked 
| 184|0x0000000714200000, 0x0000000714200000, 0x0000000714300000|  0%| F|  |TAMS 0x0000000714200000, 0x0000000714200000| Untracked 
| 185|0x0000000714300000, 0x0000000714300000, 0x0000000714400000|  0%| F|  |TAMS 0x0000000714300000, 0x0000000714300000| Untracked 
| 186|0x0000000714400000, 0x0000000714400000, 0x0000000714500000|  0%| F|  |TAMS 0x0000000714400000, 0x0000000714400000| Untracked 
| 187|0x0000000714500000, 0x0000000714500000, 0x0000000714600000|  0%| F|  |TAMS 0x0000000714500000, 0x0000000714500000| Untracked 
| 188|0x0000000714600000, 0x0000000714600000, 0x0000000714700000|  0%| F|  |TAMS 0x0000000714600000, 0x0000000714600000| Untracked 
| 189|0x0000000714700000, 0x0000000714700000, 0x0000000714800000|  0%| F|  |TAMS 0x0000000714700000, 0x0000000714700000| Untracked 
| 190|0x0000000714800000, 0x0000000714800000, 0x0000000714900000|  0%| F|  |TAMS 0x0000000714800000, 0x0000000714800000| Untracked 
| 191|0x0000000714900000, 0x0000000714900000, 0x0000000714a00000|  0%| F|  |TAMS 0x0000000714900000, 0x0000000714900000| Untracked 
| 192|0x0000000714a00000, 0x0000000714a00000, 0x0000000714b00000|  0%| F|  |TAMS 0x0000000714a00000, 0x0000000714a00000| Untracked 
| 193|0x0000000714b00000, 0x0000000714b00000, 0x0000000714c00000|  0%| F|  |TAMS 0x0000000714b00000, 0x0000000714b00000| Untracked 
| 194|0x0000000714c00000, 0x0000000714c00000, 0x0000000714d00000|  0%| F|  |TAMS 0x0000000714c00000, 0x0000000714c00000| Untracked 
| 195|0x0000000714d00000, 0x0000000714d00000, 0x0000000714e00000|  0%| F|  |TAMS 0x0000000714d00000, 0x0000000714d00000| Untracked 
| 196|0x0000000714e00000, 0x0000000714e00000, 0x0000000714f00000|  0%| F|  |TAMS 0x0000000714e00000, 0x0000000714e00000| Untracked 
| 197|0x0000000714f00000, 0x0000000714f00000, 0x0000000715000000|  0%| F|  |TAMS 0x0000000714f00000, 0x0000000714f00000| Untracked 
| 198|0x0000000715000000, 0x0000000715000000, 0x0000000715100000|  0%| F|  |TAMS 0x0000000715000000, 0x0000000715000000| Untracked 
| 199|0x0000000715100000, 0x0000000715100000, 0x0000000715200000|  0%| F|  |TAMS 0x0000000715100000, 0x0000000715100000| Untracked 
| 200|0x0000000715200000, 0x0000000715200000, 0x0000000715300000|  0%| F|  |TAMS 0x0000000715200000, 0x0000000715200000| Untracked 
| 201|0x0000000715300000, 0x0000000715300000, 0x0000000715400000|  0%| F|  |TAMS 0x0000000715300000, 0x0000000715300000| Untracked 
| 202|0x0000000715400000, 0x0000000715400000, 0x0000000715500000|  0%| F|  |TAMS 0x0000000715400000, 0x0000000715400000| Untracked 
| 203|0x0000000715500000, 0x0000000715500000, 0x0000000715600000|  0%| F|  |TAMS 0x0000000715500000, 0x0000000715500000| Untracked 
| 204|0x0000000715600000, 0x0000000715600000, 0x0000000715700000|  0%| F|  |TAMS 0x0000000715600000, 0x0000000715600000| Untracked 
| 205|0x0000000715700000, 0x0000000715700000, 0x0000000715800000|  0%| F|  |TAMS 0x0000000715700000, 0x0000000715700000| Untracked 
| 206|0x0000000715800000, 0x0000000715800000, 0x0000000715900000|  0%| F|  |TAMS 0x0000000715800000, 0x0000000715800000| Untracked 
| 207|0x0000000715900000, 0x0000000715900000, 0x0000000715a00000|  0%| F|  |TAMS 0x0000000715900000, 0x0000000715900000| Untracked 
| 208|0x0000000715a00000, 0x0000000715a00000, 0x0000000715b00000|  0%| F|  |TAMS 0x0000000715a00000, 0x0000000715a00000| Untracked 
| 209|0x0000000715b00000, 0x0000000715b00000, 0x0000000715c00000|  0%| F|  |TAMS 0x0000000715b00000, 0x0000000715b00000| Untracked 
| 210|0x0000000715c00000, 0x0000000715c00000, 0x0000000715d00000|  0%| F|  |TAMS 0x0000000715c00000, 0x0000000715c00000| Untracked 
| 211|0x0000000715d00000, 0x0000000715d00000, 0x0000000715e00000|  0%| F|  |TAMS 0x0000000715d00000, 0x0000000715d00000| Untracked 
| 212|0x0000000715e00000, 0x0000000715e00000, 0x0000000715f00000|  0%| F|  |TAMS 0x0000000715e00000, 0x0000000715e00000| Untracked 
| 213|0x0000000715f00000, 0x0000000715f00000, 0x0000000716000000|  0%| F|  |TAMS 0x0000000715f00000, 0x0000000715f00000| Untracked 
| 214|0x0000000716000000, 0x0000000716000000, 0x0000000716100000|  0%| F|  |TAMS 0x0000000716000000, 0x0000000716000000| Untracked 
| 215|0x0000000716100000, 0x0000000716100000, 0x0000000716200000|  0%| F|  |TAMS 0x0000000716100000, 0x0000000716100000| Untracked 
| 216|0x0000000716200000, 0x0000000716200000, 0x0000000716300000|  0%| F|  |TAMS 0x0000000716200000, 0x0000000716200000| Untracked 
| 217|0x0000000716300000, 0x0000000716300000, 0x0000000716400000|  0%| F|  |TAMS 0x0000000716300000, 0x0000000716300000| Untracked 
| 218|0x0000000716400000, 0x0000000716400000, 0x0000000716500000|  0%| F|  |TAMS 0x0000000716400000, 0x0000000716400000| Untracked 
| 219|0x0000000716500000, 0x0000000716500000, 0x0000000716600000|  0%| F|  |TAMS 0x0000000716500000, 0x0000000716500000| Untracked 
| 220|0x0000000716600000, 0x0000000716600000, 0x0000000716700000|  0%| F|  |TAMS 0x0000000716600000, 0x0000000716600000| Untracked 
| 221|0x0000000716700000, 0x0000000716700000, 0x0000000716800000|  0%| F|  |TAMS 0x0000000716700000, 0x0000000716700000| Untracked 
| 222|0x0000000716800000, 0x0000000716800000, 0x0000000716900000|  0%| F|  |TAMS 0x0000000716800000, 0x0000000716800000| Untracked 
| 223|0x0000000716900000, 0x0000000716900000, 0x0000000716a00000|  0%| F|  |TAMS 0x0000000716900000, 0x0000000716900000| Untracked 
| 224|0x0000000716a00000, 0x0000000716a00000, 0x0000000716b00000|  0%| F|  |TAMS 0x0000000716a00000, 0x0000000716a00000| Untracked 
| 225|0x0000000716b00000, 0x0000000716b00000, 0x0000000716c00000|  0%| F|  |TAMS 0x0000000716b00000, 0x0000000716b00000| Untracked 
| 226|0x0000000716c00000, 0x0000000716c00000, 0x0000000716d00000|  0%| F|  |TAMS 0x0000000716c00000, 0x0000000716c00000| Untracked 
| 227|0x0000000716d00000, 0x0000000716d00000, 0x0000000716e00000|  0%| F|  |TAMS 0x0000000716d00000, 0x0000000716d00000| Untracked 
| 228|0x0000000716e00000, 0x0000000716e00000, 0x0000000716f00000|  0%| F|  |TAMS 0x0000000716e00000, 0x0000000716e00000| Untracked 
| 229|0x0000000716f00000, 0x0000000716f00000, 0x0000000717000000|  0%| F|  |TAMS 0x0000000716f00000, 0x0000000716f00000| Untracked 
| 230|0x0000000717000000, 0x0000000717000000, 0x0000000717100000|  0%| F|  |TAMS 0x0000000717000000, 0x0000000717000000| Untracked 
| 231|0x0000000717100000, 0x0000000717100000, 0x0000000717200000|  0%| F|  |TAMS 0x0000000717100000, 0x0000000717100000| Untracked 
| 232|0x0000000717200000, 0x0000000717200000, 0x0000000717300000|  0%| F|  |TAMS 0x0000000717200000, 0x0000000717200000| Untracked 
| 233|0x0000000717300000, 0x0000000717300000, 0x0000000717400000|  0%| F|  |TAMS 0x0000000717300000, 0x0000000717300000| Untracked 
| 234|0x0000000717400000, 0x0000000717400000, 0x0000000717500000|  0%| F|  |TAMS 0x0000000717400000, 0x0000000717400000| Untracked 
| 235|0x0000000717500000, 0x0000000717500000, 0x0000000717600000|  0%| F|  |TAMS 0x0000000717500000, 0x0000000717500000| Untracked 
| 236|0x0000000717600000, 0x0000000717600000, 0x0000000717700000|  0%| F|  |TAMS 0x0000000717600000, 0x0000000717600000| Untracked 
| 237|0x0000000717700000, 0x000000071777b638, 0x0000000717800000| 48%| E|  |TAMS 0x0000000717700000, 0x0000000717700000| Complete 
| 238|0x0000000717800000, 0x0000000717900000, 0x0000000717900000|100%| E|CS|TAMS 0x0000000717800000, 0x0000000717800000| Complete 
| 239|0x0000000717900000, 0x0000000717a00000, 0x0000000717a00000|100%| E|CS|TAMS 0x0000000717900000, 0x0000000717900000| Complete 
| 240|0x0000000717a00000, 0x0000000717b00000, 0x0000000717b00000|100%| E|CS|TAMS 0x0000000717a00000, 0x0000000717a00000| Complete 
| 241|0x0000000717b00000, 0x0000000717c00000, 0x0000000717c00000|100%| E|CS|TAMS 0x0000000717b00000, 0x0000000717b00000| Complete 
| 242|0x0000000717c00000, 0x0000000717d00000, 0x0000000717d00000|100%| E|CS|TAMS 0x0000000717c00000, 0x0000000717c00000| Complete 
| 243|0x0000000717d00000, 0x0000000717e00000, 0x0000000717e00000|100%| E|CS|TAMS 0x0000000717d00000, 0x0000000717d00000| Complete 
| 244|0x0000000717e00000, 0x0000000717f00000, 0x0000000717f00000|100%| E|  |TAMS 0x0000000717e00000, 0x0000000717e00000| Complete 
| 245|0x0000000717f00000, 0x0000000718000000, 0x0000000718000000|100%| E|CS|TAMS 0x0000000717f00000, 0x0000000717f00000| Complete 
| 246|0x0000000718000000, 0x0000000718100000, 0x0000000718100000|100%| E|CS|TAMS 0x0000000718000000, 0x0000000718000000| Complete 
| 247|0x0000000718100000, 0x0000000718200000, 0x0000000718200000|100%| E|CS|TAMS 0x0000000718100000, 0x0000000718100000| Complete 
|2932|0x00000007bfe00000, 0x00000007bfe48000, 0x00000007bff00000| 28%|OA|  |TAMS 0x00000007bfe00000, 0x00000007bfe00000| Untracked 
|2933|0x00000007bff00000, 0x00000007bff6c000, 0x00000007c0000000| 42%|CA|  |TAMS 0x00000007bff00000, 0x00000007bff00000| Untracked 

Card table byte_map: [0x00007f178d489000,0x00007f178dc44000] _byte_map_base: 0x00007f1789c44000

Marking Bits (Prev, Next): (CMBitMap*) 0x00007f178807d508, (CMBitMap*) 0x00007f178807d540
 Prev Bits: [0x00007f1768228000, 0x00007f176c000000)
 Next Bits: [0x00007f1764450000, 0x00007f1768228000)

Polling page: 0x00007f1790fad000

Metaspace:

Usage:
  Non-class:      5.82 MB capacity,     3.24 MB ( 56%) used,     2.58 MB ( 44%) free+waste,     5.62 KB ( <1%) overhead. 
      Class:    681.00 KB capacity,   389.66 KB ( 57%) used,   288.47 KB ( 42%) free+waste,     2.88 KB ( <1%) overhead. 
       Both:      6.49 MB capacity,     3.62 MB ( 56%) used,     2.86 MB ( 44%) free+waste,     8.50 KB ( <1%) overhead. 

Virtual space:
  Non-class space:        8.00 MB reserved,       6.00 MB ( 75%) committed 
      Class space:        1.00 GB reserved,     768.00 KB ( <1%) committed 
             Both:        1.01 GB reserved,       6.75 MB ( <1%) committed 

Chunk freelists:
   Non-Class:  55.00 KB
       Class:  0 bytes
        Both:  55.00 KB

MaxMetaspaceSize: unlimited
CompressedClassSpaceSize: 1.00 GB
Initial GC threshold: 20.80 MB
Current GC threshold: 20.80 MB
CDS: on

CodeHeap 'non-profiled nmethods': size=119172Kb used=223Kb max_used=223Kb free=118948Kb
 bounds [0x00007f1778364000, 0x00007f17785d4000, 0x00007f177f7c5000]
CodeHeap 'profiled nmethods': size=119168Kb used=1702Kb max_used=1702Kb free=117465Kb
 bounds [0x00007f1770f04000, 0x00007f1771174000, 0x00007f1778364000]
CodeHeap 'non-nmethods': size=7420Kb used=1707Kb max_used=1716Kb free=5712Kb
 bounds [0x00007f17707c5000, 0x00007f1770a35000, 0x00007f1770f04000]
 total_blobs=1283 nmethods=878 adapters=318
 compilation: enabled
              stopped_count=0, restarted_count=0
 full_count=0

Compilation events (20 events):
Event: 0.125 Thread 0x00007f173806c000 nmethod 847 0x00007f17710a0d10 code [0x00007f17710a0ec0, 0x00007f17710a1030]
Event: 0.125 Thread 0x00007f173806c000  856       1       java.lang.invoke.LambdaForm$Name::type (5 bytes)
Event: 0.125 Thread 0x00007f173806c000 nmethod 856 0x00007f177839b510 code [0x00007f177839b6c0, 0x00007f177839b790]
Event: 0.125 Thread 0x00007f173806c000  868       3       java.util.ImmutableCollections$ListN::size (6 bytes)
Event: 0.125 Thread 0x00007f173806c000 nmethod 868 0x00007f17710a1110 code [0x00007f17710a12c0, 0x00007f17710a13f0]
Event: 0.125 Thread 0x00007f173806c000  867       3       java.lang.invoke.LambdaForm$Name::<init> (44 bytes)
Event: 0.125 Thread 0x00007f17881fa000 nmethod 864 0x00007f17710a1490 code [0x00007f17710a1800, 0x00007f17710a3030]
Event: 0.125 Thread 0x00007f17881fa000  866       3       java.lang.invoke.MethodType::insertParameterTypes (121 bytes)
Event: 0.125 Thread 0x00007f173806c000 nmethod 867 0x00007f17710a3910 code [0x00007f17710a3b40, 0x00007f17710a4140]
Event: 0.125 Thread 0x00007f173806c000  870       3       java.lang.invoke.InvokerBytecodeGenerator::emitImplicitConversion (159 bytes)
Event: 0.125 Thread 0x00007f17881fa000 nmethod 866 0x00007f17710a4410 code [0x00007f17710a4700, 0x00007f17710a55b0]
Event: 0.125 Thread 0x00007f17881fa000  872       3       java.lang.String::<init> (55 bytes)
Event: 0.125 Thread 0x00007f173806c000 nmethod 870 0x00007f17710a5b90 code [0x00007f17710a5ee0, 0x00007f17710a6f50]
Event: 0.125 Thread 0x00007f173806c000  873   !   3       java.lang.StringCoding::decode (362 bytes)
Event: 0.125 Thread 0x00007f17881fa000 nmethod 872 0x00007f17710a7510 code [0x00007f17710a7700, 0x00007f17710a7aa0]
Event: 0.125 Thread 0x00007f17881fa000  871       3       jdk.internal.org.objectweb.asm.Frame::get (46 bytes)
Event: 0.125 Thread 0x00007f17881fa000 nmethod 871 0x00007f17710a7c10 code [0x00007f17710a7dc0, 0x00007f17710a7fd0]
Event: 0.126 Thread 0x00007f17881fa000  876       3       java.lang.Class::cast (27 bytes)
Event: 0.126 Thread 0x00007f17881fa000 nmethod 876 0x00007f17710a8090 code [0x00007f17710a8260, 0x00007f17710a8530]
Event: 0.126 Thread 0x00007f17881fa000  878       3       org.antlr.v4.runtime.ParserRuleContext::getChild (93 bytes)

GC Heap History (0 events):
No events

Deoptimization events (20 events):
Event: 0.092 Thread 0x00007f1788015800 DEOPT PACKING pc=0x00007f1770f40b4f sp=0x00007f178f73c610
Event: 0.092 Thread 0x00007f1788015800 DEOPT UNPACKING pc=0x00007f177080f64a sp=0x00007f178f73bab8 mode 0
Event: 0.092 Thread 0x00007f1788015800 DEOPT PACKING pc=0x00007f1770f40b4f sp=0x00007f178f73c510
Event: 0.092 Thread 0x00007f1788015800 DEOPT UNPACKING pc=0x00007f177080f64a sp=0x00007f178f73b9b8 mode 0
Event: 0.107 Thread 0x00007f1788015800 Uncommon trap: trap_request=0xffffffc6 fr.pc=0x00007f177838b994 relative=0x00000000000003b4
Event: 0.107 Thread 0x00007f1788015800 Uncommon trap: reason=bimorphic_or_optimized_type_check action=maybe_recompile pc=0x00007f177838b994 method=java.util.HashMap.getNode(ILjava/lang/Object;)Ljava/util/HashMap$Node; @ 126 c2
Event: 0.107 Thread 0x00007f1788015800 DEOPT PACKING pc=0x00007f177838b994 sp=0x00007f178f73cfd0
Event: 0.107 Thread 0x00007f1788015800 DEOPT UNPACKING pc=0x00007f177080eea5 sp=0x00007f178f73cf68 mode 2
Event: 0.107 Thread 0x00007f1788015800 Uncommon trap: trap_request=0xffffffc6 fr.pc=0x00007f177838b994 relative=0x00000000000003b4
Event: 0.107 Thread 0x00007f1788015800 Uncommon trap: reason=bimorphic_or_optimized_type_check action=maybe_recompile pc=0x00007f177838b994 method=java.util.HashMap.getNode(ILjava/lang/Object;)Ljava/util/HashMap$Node; @ 126 c2
Event: 0.107 Thread 0x00007f1788015800 DEOPT PACKING pc=0x00007f177838b994 sp=0x00007f178f73d0f0
Event: 0.107 Thread 0x00007f1788015800 DEOPT UNPACKING pc=0x00007f177080eea5 sp=0x00007f178f73d088 mode 2
Event: 0.108 Thread 0x00007f1788015800 Uncommon trap: trap_request=0xffffffc6 fr.pc=0x00007f177838b994 relative=0x00000000000003b4
Event: 0.108 Thread 0x00007f1788015800 Uncommon trap: reason=bimorphic_or_optimized_type_check action=maybe_recompile pc=0x00007f177838b994 method=java.util.HashMap.getNode(ILjava/lang/Object;)Ljava/util/HashMap$Node; @ 126 c2
Event: 0.108 Thread 0x00007f1788015800 DEOPT PACKING pc=0x00007f177838b994 sp=0x00007f178f73cfd0
Event: 0.108 Thread 0x00007f1788015800 DEOPT UNPACKING pc=0x00007f177080eea5 sp=0x00007f178f73cf68 mode 2
Event: 0.108 Thread 0x00007f1788015800 Uncommon trap: trap_request=0xffffffc6 fr.pc=0x00007f177838b994 relative=0x00000000000003b4
Event: 0.108 Thread 0x00007f1788015800 Uncommon trap: reason=bimorphic_or_optimized_type_check action=maybe_recompile pc=0x00007f177838b994 method=java.util.HashMap.getNode(ILjava/lang/Object;)Ljava/util/HashMap$Node; @ 126 c2
Event: 0.108 Thread 0x00007f1788015800 DEOPT PACKING pc=0x00007f177838b994 sp=0x00007f178f73cfd0
Event: 0.108 Thread 0x00007f1788015800 DEOPT UNPACKING pc=0x00007f177080eea5 sp=0x00007f178f73cf68 mode 2

Classes redefined (0 events):
No events

Internal exceptions (20 events):
Event: 0.052 Thread 0x00007f1788015800 Exception <a 'java/security/PrivilegedActionException'{0x0000000717db0470}> (0x0000000717db0470) thrown at [./src/hotspot/share/prims/jvm.cpp, line 1304]
Event: 0.052 Thread 0x00007f1788015800 Exception <a 'java/security/PrivilegedActionException'{0x0000000717db09e8}> (0x0000000717db09e8) thrown at [./src/hotspot/share/prims/jvm.cpp, line 1304]
Event: 0.052 Thread 0x00007f1788015800 Exception <a 'java/security/PrivilegedActionException'{0x0000000717db1600}> (0x0000000717db1600) thrown at [./src/hotspot/share/prims/jvm.cpp, line 1304]
Event: 0.052 Thread 0x00007f1788015800 Exception <a 'java/security/PrivilegedActionException'{0x0000000717db1b78}> (0x0000000717db1b78) thrown at [./src/hotspot/share/prims/jvm.cpp, line 1304]
Event: 0.052 Thread 0x00007f1788015800 Exception <a 'java/security/PrivilegedActionException'{0x0000000717db2790}> (0x0000000717db2790) thrown at [./src/hotspot/share/prims/jvm.cpp, line 1304]
Event: 0.052 Thread 0x00007f1788015800 Exception <a 'java/security/PrivilegedActionException'{0x0000000717db2d08}> (0x0000000717db2d08) thrown at [./src/hotspot/share/prims/jvm.cpp, line 1304]
Event: 0.052 Thread 0x00007f1788015800 Exception <a 'java/security/PrivilegedActionException'{0x0000000717db3938}> (0x0000000717db3938) thrown at [./src/hotspot/share/prims/jvm.cpp, line 1304]
Event: 0.052 Thread 0x00007f1788015800 Exception <a 'java/security/PrivilegedActionException'{0x0000000717db3eb0}> (0x0000000717db3eb0) thrown at [./src/hotspot/share/prims/jvm.cpp, line 1304]
Event: 0.052 Thread 0x00007f1788015800 Exception <a 'java/security/PrivilegedActionException'{0x0000000717db4ae0}> (0x0000000717db4ae0) thrown at [./src/hotspot/share/prims/jvm.cpp, line 1304]
Event: 0.052 Thread 0x00007f1788015800 Exception <a 'java/security/PrivilegedActionException'{0x0000000717db5058}> (0x0000000717db5058) thrown at [./src/hotspot/share/prims/jvm.cpp, line 1304]
Event: 0.052 Thread 0x00007f1788015800 Exception <a 'java/security/PrivilegedActionException'{0x0000000717db5c88}> (0x0000000717db5c88) thrown at [./src/hotspot/share/prims/jvm.cpp, line 1304]
Event: 0.052 Thread 0x00007f1788015800 Exception <a 'java/security/PrivilegedActionException'{0x0000000717db6200}> (0x0000000717db6200) thrown at [./src/hotspot/share/prims/jvm.cpp, line 1304]
Event: 0.052 Thread 0x00007f1788015800 Exception <a 'java/security/PrivilegedActionException'{0x0000000717db6e18}> (0x0000000717db6e18) thrown at [./src/hotspot/share/prims/jvm.cpp, line 1304]
Event: 0.052 Thread 0x00007f1788015800 Exception <a 'java/security/PrivilegedActionException'{0x0000000717db7390}> (0x0000000717db7390) thrown at [./src/hotspot/share/prims/jvm.cpp, line 1304]
Event: 0.052 Thread 0x00007f1788015800 Exception <a 'java/security/PrivilegedActionException'{0x0000000717db8218}> (0x0000000717db8218) thrown at [./src/hotspot/share/prims/jvm.cpp, line 1304]
Event: 0.052 Thread 0x00007f1788015800 Exception <a 'java/security/PrivilegedActionException'{0x0000000717db8790}> (0x0000000717db8790) thrown at [./src/hotspot/share/prims/jvm.cpp, line 1304]
Event: 0.059 Thread 0x00007f1788015800 Exception <a 'java/lang/NoSuchMethodError'{0x0000000717c279f8}: 'int java.lang.invoke.DirectMethodHandle$Holder.invokeStaticInit(java.lang.Object, java.lang.Object, java.lang.Object, java.lang.Object)'> (0x0000000717c279f8) thrown at [./src/hotspot/share/interpreter/linkResolver.cpp, line 772]
Event: 0.060 Thread 0x00007f1788015800 Exception <a 'java/lang/IncompatibleClassChangeError'{0x0000000717c31ee0}: Found class java.lang.Object, but interface was expected> (0x0000000717c31ee0) thrown at [./src/hotspot/share/interpreter/linkResolver.cpp, line 839]
Event: 0.061 Thread 0x00007f1788015800 Exception <a 'java/lang/NoSuchMethodError'{0x0000000717c35130}: 'void java.lang.invoke.DirectMethodHandle$Holder.invokeStaticInit(java.lang.Object, java.lang.Object)'> (0x0000000717c35130) thrown at [./src/hotspot/share/interpreter/linkResolver.cpp, line 772]
Event: 0.061 Thread 0x00007f1788015800 Exception <a 'java/lang/NoSuchMethodError'{0x0000000717c3ae60}: 'int java.lang.invoke.DirectMethodHandle$Holder.invokeStaticInit(java.lang.Object, java.lang.Object)'> (0x0000000717c3ae60) thrown at [./src/hotspot/share/interpreter/linkResolver.cpp, line 772]

Events (20 events):
Event: 0.119 Executing VM operation: Deoptimize
Event: 0.119 Executing VM operation: Deoptimize done
Event: 0.120 loading class java/lang/invoke/BoundMethodHandle$Species_LL
Event: 0.120 loading class java/lang/invoke/BoundMethodHandle$Species_LL done
Event: 0.121 loading class java/lang/invoke/BoundMethodHandle$Species_LLL
Event: 0.121 loading class java/lang/invoke/BoundMethodHandle$Species_LLL done
Event: 0.121 loading class java/lang/invoke/BoundMethodHandle$Species_LLLL
Event: 0.121 loading class java/lang/invoke/BoundMethodHandle$Species_LLLL done
Event: 0.122 loading class java/lang/invoke/BoundMethodHandle$Species_LLLLL
Event: 0.122 loading class java/lang/invoke/BoundMethodHandle$Species_LLLLL done
Event: 0.122 loading class java/lang/invoke/BoundMethodHandle$Species_LLLLLL
Event: 0.122 loading class java/lang/invoke/BoundMethodHandle$Species_LLLLLL done
Event: 0.123 loading class java/lang/invoke/BoundMethodHandle$Species_LLLLLLI
Event: 0.123 loading class java/lang/invoke/BoundMethodHandle$Species_LLLLLLI done
Event: 0.123 loading class java/lang/invoke/BoundMethodHandle$Species_LLLLLLII
Event: 0.123 loading class java/lang/invoke/BoundMethodHandle$Species_LLLLLLII done
Event: 0.124 loading class java/lang/invoke/BoundMethodHandle$Species_LLLLLLIIL
Event: 0.124 loading class java/lang/invoke/BoundMethodHandle$Species_LLLLLLIIL done
Event: 0.126 loading class java/util/AbstractMap$SimpleEntry
Event: 0.126 loading class java/util/AbstractMap$SimpleEntry done


Dynamic libraries:
708a00000-718200000 rw-p 00000000 00:00 0 
718200000-7bfe00000 ---p 00000000 00:00 0 
7bfe00000-7bfe48000 rw-p 00b14000 08:20 134904                           /usr/lib/jvm/java-11-openjdk-amd64/lib/server/classes.jsa
7bfe48000-7bff00000 rw-p 00000000 00:00 0 
7bff00000-7bff6c000 rw-p 00aa8000 08:20 134904                           /usr/lib/jvm/java-11-openjdk-amd64/lib/server/classes.jsa
7bff6c000-7c0000000 rw-p 00000000 00:00 0 
7c0000000-800000000 ---p 00000000 00:00 0 
800000000-800002000 rwxp 00001000 08:20 134904                           /usr/lib/jvm/java-11-openjdk-amd64/lib/server/classes.jsa
800002000-8003ce000 rw-p 00003000 08:20 134904                           /usr/lib/jvm/java-11-openjdk-amd64/lib/server/classes.jsa
8003ce000-800aa6000 r--p 003cf000 08:20 134904                           /usr/lib/jvm/java-11-openjdk-amd64/lib/server/classes.jsa
800aa6000-800aa7000 rw-p 00aa7000 08:20 134904                           /usr/lib/jvm/java-11-openjdk-amd64/lib/server/classes.jsa
840000000-8400c0000 rw-p 00000000 00:00 0 
8400c0000-880000000 ---p 00000000 00:00 0 
558c352f5000-558c352f6000 r--p 00000000 08:20 134294                     /usr/lib/jvm/java-11-openjdk-amd64/bin/java
558c352f6000-558c352f7000 r-xp 00001000 08:20 134294                     /usr/lib/jvm/java-11-openjdk-amd64/bin/java
558c352f7000-558c352f8000 r--p 00002000 08:20 134294                     /usr/lib/jvm/java-11-openjdk-amd64/bin/java
558c352f8000-558c352f9000 r--p 00002000 08:20 134294                     /usr/lib/jvm/java-11-openjdk-amd64/bin/java
558c352f9000-558c352fa000 rw-p 00003000 08:20 134294                     /usr/lib/jvm/java-11-openjdk-amd64/bin/java
558c3a874000-558c3a895000 rw-p 00000000 00:00 0                          [heap]
7f171552c000-7f1715e52000 r--p 00000000 08:20 204242                     /home/crz/.javacpp/cache/llvm-13.0.1-1.5.7-linux-x86_64.jar/org/bytedeco/llvm/linux-x86_64/libLLVM-13.so
7f1715e52000-7f1719815000 r-xp 00926000 08:20 204242                     /home/crz/.javacpp/cache/llvm-13.0.1-1.5.7-linux-x86_64.jar/org/bytedeco/llvm/linux-x86_64/libLLVM-13.so
7f1719815000-7f171ba6a000 r--p 042e9000 08:20 204242                     /home/crz/.javacpp/cache/llvm-13.0.1-1.5.7-linux-x86_64.jar/org/bytedeco/llvm/linux-x86_64/libLLVM-13.so
7f171ba6a000-7f171bf7f000 r--p 0653d000 08:20 204242                     /home/crz/.javacpp/cache/llvm-13.0.1-1.5.7-linux-x86_64.jar/org/bytedeco/llvm/linux-x86_64/libLLVM-13.so
7f171bf7f000-7f171bf8a000 rw-p 06a52000 08:20 204242                     /home/crz/.javacpp/cache/llvm-13.0.1-1.5.7-linux-x86_64.jar/org/bytedeco/llvm/linux-x86_64/libLLVM-13.so
7f171bf8a000-7f171c000000 rw-p 00000000 00:00 0 
7f171c000000-7f171c021000 rw-p 00000000 00:00 0 
7f171c021000-7f1720000000 ---p 00000000 00:00 0 
7f1720000000-7f1720048000 rw-p 00000000 00:00 0 
7f1720048000-7f1724000000 ---p 00000000 00:00 0 
7f1724000000-7f1724021000 rw-p 00000000 00:00 0 
7f1724021000-7f1728000000 ---p 00000000 00:00 0 
7f1728000000-7f1728021000 rw-p 00000000 00:00 0 
7f1728021000-7f172c000000 ---p 00000000 00:00 0 
7f172c000000-7f172c021000 rw-p 00000000 00:00 0 
7f172c021000-7f1730000000 ---p 00000000 00:00 0 
7f1730000000-7f173023b000 rw-p 00000000 00:00 0 
7f173023b000-7f1734000000 ---p 00000000 00:00 0 
7f1734000000-7f17342a3000 rw-p 00000000 00:00 0 
7f17342a3000-7f1738000000 ---p 00000000 00:00 0 
7f1738000000-7f173822b000 rw-p 00000000 00:00 0 
7f173822b000-7f173c000000 ---p 00000000 00:00 0 
7f173c000000-7f173c021000 rw-p 00000000 00:00 0 
7f173c021000-7f1740000000 ---p 00000000 00:00 0 
7f1740000000-7f1740021000 rw-p 00000000 00:00 0 
7f1740021000-7f1744000000 ---p 00000000 00:00 0 
7f1744000000-7f1744021000 rw-p 00000000 00:00 0 
7f1744021000-7f1748000000 ---p 00000000 00:00 0 
7f1748000000-7f1748021000 rw-p 00000000 00:00 0 
7f1748021000-7f174c000000 ---p 00000000 00:00 0 
7f174c000000-7f174c021000 rw-p 00000000 00:00 0 
7f174c021000-7f1750000000 ---p 00000000 00:00 0 
7f1750000000-7f1750021000 rw-p 00000000 00:00 0 
7f1750021000-7f1754000000 ---p 00000000 00:00 0 
7f1754000000-7f1754021000 rw-p 00000000 00:00 0 
7f1754021000-7f1758000000 ---p 00000000 00:00 0 
7f1758000000-7f1758021000 rw-p 00000000 00:00 0 
7f1758021000-7f175c000000 ---p 00000000 00:00 0 
7f175c600000-7f175c607000 r--s 00000000 08:20 126784                     /usr/lib/x86_64-linux-gnu/gconv/gconv-modules.cache
7f175c607000-7f175c66c000 r--p 00000000 08:20 204256                     /home/crz/.javacpp/cache/llvm-13.0.1-1.5.7-linux-x86_64.jar/org/bytedeco/llvm/linux-x86_64/libjniLLVM.so
7f175c66c000-7f175c6da000 r-xp 00065000 08:20 204256                     /home/crz/.javacpp/cache/llvm-13.0.1-1.5.7-linux-x86_64.jar/org/bytedeco/llvm/linux-x86_64/libjniLLVM.so
7f175c6da000-7f175c705000 r--p 000d3000 08:20 204256                     /home/crz/.javacpp/cache/llvm-13.0.1-1.5.7-linux-x86_64.jar/org/bytedeco/llvm/linux-x86_64/libjniLLVM.so
7f175c705000-7f175c708000 r--p 000fd000 08:20 204256                     /home/crz/.javacpp/cache/llvm-13.0.1-1.5.7-linux-x86_64.jar/org/bytedeco/llvm/linux-x86_64/libjniLLVM.so
7f175c708000-7f175c70b000 rw-p 00100000 08:20 204256                     /home/crz/.javacpp/cache/llvm-13.0.1-1.5.7-linux-x86_64.jar/org/bytedeco/llvm/linux-x86_64/libjniLLVM.so
7f175c70b000-7f175c70d000 rw-p 00000000 00:00 0 
7f175c70d000-7f175c70e000 r--p 00000000 08:20 204251                     /home/crz/.javacpp/cache/llvm-13.0.1-1.5.7-linux-x86_64.jar/org/bytedeco/llvm/linux-x86_64/libRemarks.so.13
7f175c70e000-7f175c70f000 r-xp 00001000 08:20 204251                     /home/crz/.javacpp/cache/llvm-13.0.1-1.5.7-linux-x86_64.jar/org/bytedeco/llvm/linux-x86_64/libRemarks.so.13
7f175c70f000-7f175c710000 r--p 00002000 08:20 204251                     /home/crz/.javacpp/cache/llvm-13.0.1-1.5.7-linux-x86_64.jar/org/bytedeco/llvm/linux-x86_64/libRemarks.so.13
7f175c710000-7f175c711000 r--p 00002000 08:20 204251                     /home/crz/.javacpp/cache/llvm-13.0.1-1.5.7-linux-x86_64.jar/org/bytedeco/llvm/linux-x86_64/libRemarks.so.13
7f175c711000-7f175c712000 rw-p 00003000 08:20 204251                     /home/crz/.javacpp/cache/llvm-13.0.1-1.5.7-linux-x86_64.jar/org/bytedeco/llvm/linux-x86_64/libRemarks.so.13
7f175c712000-7f175c716000 ---p 00000000 00:00 0 
7f175c716000-7f175c812000 rw-p 00000000 00:00 0 
7f175c812000-7f175c816000 ---p 00000000 00:00 0 
7f175c816000-7f175c912000 rw-p 00000000 00:00 0 
7f175c912000-7f175c916000 ---p 00000000 00:00 0 
7f175c916000-7f175ca12000 rw-p 00000000 00:00 0 
7f175ca12000-7f175ca13000 ---p 00000000 00:00 0 
7f175ca13000-7f175cb13000 rw-p 00000000 00:00 0 
7f175cb13000-7f175cb17000 ---p 00000000 00:00 0 
7f175cb17000-7f175cc13000 rw-p 00000000 00:00 0 
7f175cc13000-7f175cc17000 ---p 00000000 00:00 0 
7f175cc17000-7f175cd13000 rw-p 00000000 00:00 0 
7f175cd13000-7f175cd17000 ---p 00000000 00:00 0 
7f175cd17000-7f175ce13000 rw-p 00000000 00:00 0 
7f175ce13000-7f175ce17000 ---p 00000000 00:00 0 
7f175ce17000-7f175cf13000 rw-p 00000000 00:00 0 
7f175cf13000-7f175cf17000 ---p 00000000 00:00 0 
7f175cf17000-7f175d013000 rw-p 00000000 00:00 0 
7f175d013000-7f175d017000 ---p 00000000 00:00 0 
7f175d017000-7f175d113000 rw-p 00000000 00:00 0 
7f175d113000-7f175d700000 r--p 00000000 08:20 13349                      /usr/lib/locale/locale-archive
7f175d700000-7f175d704000 ---p 00000000 00:00 0 
7f175d704000-7f175de00000 rw-p 00000000 00:00 0 
7f175de00000-7f175e000000 ---p 00000000 00:00 0 
7f175e000000-7f1760000000 rw-p 00000000 00:00 0 
7f1760000000-7f1760021000 rw-p 00000000 00:00 0 
7f1760021000-7f1764000000 ---p 00000000 00:00 0 
7f1764004000-7f1764005000 r--p 00000000 08:20 104103                     /usr/lib/x86_64-linux-gnu/libdl.so.2
7f1764005000-7f1764006000 r-xp 00001000 08:20 104103                     /usr/lib/x86_64-linux-gnu/libdl.so.2
7f1764006000-7f1764007000 r--p 00002000 08:20 104103                     /usr/lib/x86_64-linux-gnu/libdl.so.2
7f1764007000-7f1764008000 r--p 00002000 08:20 104103                     /usr/lib/x86_64-linux-gnu/libdl.so.2
7f1764008000-7f1764009000 rw-p 00003000 08:20 104103                     /usr/lib/x86_64-linux-gnu/libdl.so.2
7f1764009000-7f1764010000 r--p 00000000 08:20 204245                     /home/crz/.javacpp/cache/llvm-13.0.1-1.5.7-linux-x86_64.jar/org/bytedeco/llvm/linux-x86_64/libLTO.so.13
7f1764010000-7f1764018000 r-xp 00007000 08:20 204245                     /home/crz/.javacpp/cache/llvm-13.0.1-1.5.7-linux-x86_64.jar/org/bytedeco/llvm/linux-x86_64/libLTO.so.13
7f1764018000-7f176401a000 r--p 0000f000 08:20 204245                     /home/crz/.javacpp/cache/llvm-13.0.1-1.5.7-linux-x86_64.jar/org/bytedeco/llvm/linux-x86_64/libLTO.so.13
7f176401a000-7f176401b000 r--p 00010000 08:20 204245                     /home/crz/.javacpp/cache/llvm-13.0.1-1.5.7-linux-x86_64.jar/org/bytedeco/llvm/linux-x86_64/libLTO.so.13
7f176401b000-7f176401c000 rw-p 00011000 08:20 204245                     /home/crz/.javacpp/cache/llvm-13.0.1-1.5.7-linux-x86_64.jar/org/bytedeco/llvm/linux-x86_64/libLTO.so.13
7f176401c000-7f176404d000 rw-p 00000000 00:00 0 
7f176404d000-7f1764051000 ---p 00000000 00:00 0 
7f1764051000-7f176414d000 rw-p 00000000 00:00 0 
7f176414d000-7f176414e000 ---p 00000000 00:00 0 
7f176414e000-7f176424e000 rw-p 00000000 00:00 0 
7f176424e000-7f176424f000 ---p 00000000 00:00 0 
7f176424f000-7f176434f000 rw-p 00000000 00:00 0 
7f176434f000-7f1764350000 ---p 00000000 00:00 0 
7f1764350000-7f1764830000 rw-p 00000000 00:00 0 
7f1764830000-7f1767220000 ---p 00000000 00:00 0 
7f1767220000-7f1767228000 rw-p 00000000 00:00 0 
7f1767228000-7f1768228000 ---p 00000000 00:00 0 
7f1768228000-7f1768608000 rw-p 00000000 00:00 0 
7f1768608000-7f176aff8000 ---p 00000000 00:00 0 
7f176aff8000-7f176b000000 rw-p 00000000 00:00 0 
7f176b000000-7f176c000000 ---p 00000000 00:00 0 
7f176c000000-7f176c021000 rw-p 00000000 00:00 0 
7f176c021000-7f1770000000 ---p 00000000 00:00 0 
7f1770000000-7f1770004000 r--p 00000000 08:20 204229                     /home/crz/.javacpp/cache/javacpp-1.5.7-linux-x86_64.jar/org/bytedeco/javacpp/linux-x86_64/libjnijavacpp.so
7f1770004000-7f177000b000 r-xp 00004000 08:20 204229                     /home/crz/.javacpp/cache/javacpp-1.5.7-linux-x86_64.jar/org/bytedeco/javacpp/linux-x86_64/libjnijavacpp.so
7f177000b000-7f177000f000 r--p 0000b000 08:20 204229                     /home/crz/.javacpp/cache/javacpp-1.5.7-linux-x86_64.jar/org/bytedeco/javacpp/linux-x86_64/libjnijavacpp.so
7f177000f000-7f1770010000 r--p 0000e000 08:20 204229                     /home/crz/.javacpp/cache/javacpp-1.5.7-linux-x86_64.jar/org/bytedeco/javacpp/linux-x86_64/libjnijavacpp.so
7f1770010000-7f1770011000 rw-p 0000f000 08:20 204229                     /home/crz/.javacpp/cache/javacpp-1.5.7-linux-x86_64.jar/org/bytedeco/javacpp/linux-x86_64/libjnijavacpp.so
7f1770011000-7f1770015000 r--p 00000000 08:20 134444                     /usr/lib/jvm/java-11-openjdk-amd64/lib/libnet.so
7f1770015000-7f1770023000 r-xp 00004000 08:20 134444                     /usr/lib/jvm/java-11-openjdk-amd64/lib/libnet.so
7f1770023000-7f1770027000 r--p 00012000 08:20 134444                     /usr/lib/jvm/java-11-openjdk-amd64/lib/libnet.so
7f1770027000-7f1770028000 r--p 00015000 08:20 134444                     /usr/lib/jvm/java-11-openjdk-amd64/lib/libnet.so
7f1770028000-7f1770029000 rw-p 00016000 08:20 134444                     /usr/lib/jvm/java-11-openjdk-amd64/lib/libnet.so
7f1770029000-7f1770030000 r--p 00000000 08:20 134445                     /usr/lib/jvm/java-11-openjdk-amd64/lib/libnio.so
7f1770030000-7f1770038000 r-xp 00007000 08:20 134445                     /usr/lib/jvm/java-11-openjdk-amd64/lib/libnio.so
7f1770038000-7f177003b000 r--p 0000f000 08:20 134445                     /usr/lib/jvm/java-11-openjdk-amd64/lib/libnio.so
7f177003b000-7f177003c000 r--p 00011000 08:20 134445                     /usr/lib/jvm/java-11-openjdk-amd64/lib/libnio.so
7f177003c000-7f177003d000 rw-p 00012000 08:20 134445                     /usr/lib/jvm/java-11-openjdk-amd64/lib/libnio.so
7f177003d000-7f17707c5000 rw-p 00000000 00:00 0 
7f17707c5000-7f1770a35000 rwxp 00000000 00:00 0 
7f1770a35000-7f1770f04000 ---p 00000000 00:00 0 
7f1770f04000-7f1771174000 rwxp 00000000 00:00 0 
7f1771174000-7f1778364000 ---p 00000000 00:00 0 
7f1778364000-7f17785d4000 rwxp 00000000 00:00 0 
7f17785d4000-7f177f7c5000 ---p 00000000 00:00 0 
7f177f7c5000-7f1788000000 r--s 00000000 08:20 134454                     /usr/lib/jvm/java-11-openjdk-amd64/lib/modules
7f1788000000-7f1788468000 rw-p 00000000 00:00 0 
7f1788468000-7f178c000000 ---p 00000000 00:00 0 
7f178c003000-7f178c004000 r--p 00000000 08:20 104244                     /usr/lib/x86_64-linux-gnu/libpthread.so.0
7f178c004000-7f178c005000 r-xp 00001000 08:20 104244                     /usr/lib/x86_64-linux-gnu/libpthread.so.0
7f178c005000-7f178c006000 r--p 00002000 08:20 104244                     /usr/lib/x86_64-linux-gnu/libpthread.so.0
7f178c006000-7f178c007000 r--p 00002000 08:20 104244                     /usr/lib/x86_64-linux-gnu/libpthread.so.0
7f178c007000-7f178c008000 rw-p 00003000 08:20 104244                     /usr/lib/x86_64-linux-gnu/libpthread.so.0
7f178c008000-7f178c8d5000 rw-p 00000000 00:00 0 
7f178c8d5000-7f178c8d6000 ---p 00000000 00:00 0 
7f178c8d6000-7f178c9d6000 rw-p 00000000 00:00 0 
7f178c9d6000-7f178c9d7000 ---p 00000000 00:00 0 
7f178c9d7000-7f178cd4a000 rw-p 00000000 00:00 0 
7f178cd4a000-7f178d288000 ---p 00000000 00:00 0 
7f178d288000-7f178d289000 rw-p 00000000 00:00 0 
7f178d289000-7f178d489000 ---p 00000000 00:00 0 
7f178d489000-7f178d505000 rw-p 00000000 00:00 0 
7f178d505000-7f178da43000 ---p 00000000 00:00 0 
7f178da43000-7f178da44000 rw-p 00000000 00:00 0 
7f178da44000-7f178dc44000 ---p 00000000 00:00 0 
7f178dc44000-7f178dcc0000 rw-p 00000000 00:00 0 
7f178dcc0000-7f178e1fe000 ---p 00000000 00:00 0 
7f178e1fe000-7f178e1ff000 rw-p 00000000 00:00 0 
7f178e1ff000-7f178e3ff000 ---p 00000000 00:00 0 
7f178e3ff000-7f178f30e000 rw-p 00000000 00:00 0 
7f178f30e000-7f178f30f000 ---p 00000000 00:00 0 
7f178f30f000-7f178f414000 rw-p 00000000 00:00 0 
7f178f414000-7f178f4f8000 ---p 00000000 00:00 0 
7f178f4f8000-7f178f4fd000 rw-p 00000000 00:00 0 
7f178f4fd000-7f178f5e1000 ---p 00000000 00:00 0 
7f178f5e1000-7f178f5e6000 rw-p 00000000 00:00 0 
7f178f5e6000-7f178f5f0000 ---p 00000000 00:00 0 
7f178f5f0000-7f178f5f2000 r--p 00000000 08:20 134453                     /usr/lib/jvm/java-11-openjdk-amd64/lib/libzip.so
7f178f5f2000-7f178f5f7000 r-xp 00002000 08:20 134453                     /usr/lib/jvm/java-11-openjdk-amd64/lib/libzip.so
7f178f5f7000-7f178f5f9000 r--p 00007000 08:20 134453                     /usr/lib/jvm/java-11-openjdk-amd64/lib/libzip.so
7f178f5f9000-7f178f5fa000 r--p 00008000 08:20 134453                     /usr/lib/jvm/java-11-openjdk-amd64/lib/libzip.so
7f178f5fa000-7f178f5fb000 rw-p 00009000 08:20 134453                     /usr/lib/jvm/java-11-openjdk-amd64/lib/libzip.so
7f178f5fb000-7f178f603000 rw-s 00000000 08:20 268942                     /tmp/hsperfdata_crz/314998
7f178f603000-7f178f605000 r--p 00000000 08:20 134436                     /usr/lib/jvm/java-11-openjdk-amd64/lib/libjimage.so
7f178f605000-7f178f608000 r-xp 00002000 08:20 134436                     /usr/lib/jvm/java-11-openjdk-amd64/lib/libjimage.so
7f178f608000-7f178f609000 r--p 00005000 08:20 134436                     /usr/lib/jvm/java-11-openjdk-amd64/lib/libjimage.so
7f178f609000-7f178f60a000 ---p 00006000 08:20 134436                     /usr/lib/jvm/java-11-openjdk-amd64/lib/libjimage.so
7f178f60a000-7f178f60b000 r--p 00006000 08:20 134436                     /usr/lib/jvm/java-11-openjdk-amd64/lib/libjimage.so
7f178f60b000-7f178f60c000 rw-p 00007000 08:20 134436                     /usr/lib/jvm/java-11-openjdk-amd64/lib/libjimage.so
7f178f60c000-7f178f61a000 r--p 00000000 08:20 134433                     /usr/lib/jvm/java-11-openjdk-amd64/lib/libjava.so
7f178f61a000-7f178f630000 r-xp 0000e000 08:20 134433                     /usr/lib/jvm/java-11-openjdk-amd64/lib/libjava.so
7f178f630000-7f178f637000 r--p 00024000 08:20 134433                     /usr/lib/jvm/java-11-openjdk-amd64/lib/libjava.so
7f178f637000-7f178f638000 r--p 0002a000 08:20 134433                     /usr/lib/jvm/java-11-openjdk-amd64/lib/libjava.so
7f178f638000-7f178f639000 rw-p 0002b000 08:20 134433                     /usr/lib/jvm/java-11-openjdk-amd64/lib/libjava.so
7f178f639000-7f178f63a000 rw-p 00000000 00:00 0 
7f178f63a000-7f178f63b000 r--p 00000000 08:20 105137                     /usr/lib/x86_64-linux-gnu/librt.so.1
7f178f63b000-7f178f63c000 r-xp 00001000 08:20 105137                     /usr/lib/x86_64-linux-gnu/librt.so.1
7f178f63c000-7f178f63d000 r--p 00002000 08:20 105137                     /usr/lib/x86_64-linux-gnu/librt.so.1
7f178f63d000-7f178f63e000 r--p 00002000 08:20 105137                     /usr/lib/x86_64-linux-gnu/librt.so.1
7f178f63e000-7f178f63f000 rw-p 00003000 08:20 105137                     /usr/lib/x86_64-linux-gnu/librt.so.1
7f178f63f000-7f178f643000 ---p 00000000 00:00 0 
7f178f643000-7f178f73f000 rw-p 00000000 00:00 0 
7f178f73f000-7f178f742000 r--p 00000000 08:20 6709                       /usr/lib/x86_64-linux-gnu/libgcc_s.so.1
7f178f742000-7f178f759000 r-xp 00003000 08:20 6709                       /usr/lib/x86_64-linux-gnu/libgcc_s.so.1
7f178f759000-7f178f75d000 r--p 0001a000 08:20 6709                       /usr/lib/x86_64-linux-gnu/libgcc_s.so.1
7f178f75d000-7f178f75e000 r--p 0001d000 08:20 6709                       /usr/lib/x86_64-linux-gnu/libgcc_s.so.1
7f178f75e000-7f178f75f000 rw-p 0001e000 08:20 6709                       /usr/lib/x86_64-linux-gnu/libgcc_s.so.1
7f178f75f000-7f178f76d000 r--p 00000000 08:20 104109                     /usr/lib/x86_64-linux-gnu/libm.so.6
7f178f76d000-7f178f7e9000 r-xp 0000e000 08:20 104109                     /usr/lib/x86_64-linux-gnu/libm.so.6
7f178f7e9000-7f178f844000 r--p 0008a000 08:20 104109                     /usr/lib/x86_64-linux-gnu/libm.so.6
7f178f844000-7f178f845000 r--p 000e4000 08:20 104109                     /usr/lib/x86_64-linux-gnu/libm.so.6
7f178f845000-7f178f846000 rw-p 000e5000 08:20 104109                     /usr/lib/x86_64-linux-gnu/libm.so.6
7f178f846000-7f178f8e0000 r--p 00000000 08:20 6947                       /usr/lib/x86_64-linux-gnu/libstdc++.so.6.0.30
7f178f8e0000-7f178f9f1000 r-xp 0009a000 08:20 6947                       /usr/lib/x86_64-linux-gnu/libstdc++.so.6.0.30
7f178f9f1000-7f178fa60000 r--p 001ab000 08:20 6947                       /usr/lib/x86_64-linux-gnu/libstdc++.so.6.0.30
7f178fa60000-7f178fa61000 ---p 0021a000 08:20 6947                       /usr/lib/x86_64-linux-gnu/libstdc++.so.6.0.30
7f178fa61000-7f178fa6c000 r--p 0021a000 08:20 6947                       /usr/lib/x86_64-linux-gnu/libstdc++.so.6.0.30
7f178fa6c000-7f178fa6f000 rw-p 00225000 08:20 6947                       /usr/lib/x86_64-linux-gnu/libstdc++.so.6.0.30
7f178fa6f000-7f178fa72000 rw-p 00000000 00:00 0 
7f178fa72000-7f178fcf5000 r--p 00000000 08:20 134459                     /usr/lib/jvm/java-11-openjdk-amd64/lib/server/libjvm.so
7f178fcf5000-7f17909a0000 r-xp 00283000 08:20 134459                     /usr/lib/jvm/java-11-openjdk-amd64/lib/server/libjvm.so
7f17909a0000-7f1790bfc000 r--p 00f2e000 08:20 134459                     /usr/lib/jvm/java-11-openjdk-amd64/lib/server/libjvm.so
7f1790bfc000-7f1790cc0000 r--p 01189000 08:20 134459                     /usr/lib/jvm/java-11-openjdk-amd64/lib/server/libjvm.so
7f1790cc0000-7f1790cfb000 rw-p 0124d000 08:20 134459                     /usr/lib/jvm/java-11-openjdk-amd64/lib/server/libjvm.so
7f1790cfb000-7f1790d55000 rw-p 00000000 00:00 0 
7f1790d55000-7f1790d7d000 r--p 00000000 08:20 104085                     /usr/lib/x86_64-linux-gnu/libc.so.6
7f1790d7d000-7f1790f12000 r-xp 00028000 08:20 104085                     /usr/lib/x86_64-linux-gnu/libc.so.6
7f1790f12000-7f1790f6a000 r--p 001bd000 08:20 104085                     /usr/lib/x86_64-linux-gnu/libc.so.6
7f1790f6a000-7f1790f6b000 ---p 00215000 08:20 104085                     /usr/lib/x86_64-linux-gnu/libc.so.6
7f1790f6b000-7f1790f6f000 r--p 00215000 08:20 104085                     /usr/lib/x86_64-linux-gnu/libc.so.6
7f1790f6f000-7f1790f71000 rw-p 00219000 08:20 104085                     /usr/lib/x86_64-linux-gnu/libc.so.6
7f1790f71000-7f1790f7e000 rw-p 00000000 00:00 0 
7f1790f7e000-7f1790f81000 r--p 00000000 08:20 134418                     /usr/lib/jvm/java-11-openjdk-amd64/lib/jli/libjli.so
7f1790f81000-7f1790f8b000 r-xp 00003000 08:20 134418                     /usr/lib/jvm/java-11-openjdk-amd64/lib/jli/libjli.so
7f1790f8b000-7f1790f8e000 r--p 0000d000 08:20 134418                     /usr/lib/jvm/java-11-openjdk-amd64/lib/jli/libjli.so
7f1790f8e000-7f1790f8f000 ---p 00010000 08:20 134418                     /usr/lib/jvm/java-11-openjdk-amd64/lib/jli/libjli.so
7f1790f8f000-7f1790f90000 r--p 00010000 08:20 134418                     /usr/lib/jvm/java-11-openjdk-amd64/lib/jli/libjli.so
7f1790f90000-7f1790f91000 rw-p 00011000 08:20 134418                     /usr/lib/jvm/java-11-openjdk-amd64/lib/jli/libjli.so
7f1790f91000-7f1790f93000 r--p 00000000 08:20 6997                       /usr/lib/x86_64-linux-gnu/libz.so.1.2.11
7f1790f93000-7f1790fa4000 r-xp 00002000 08:20 6997                       /usr/lib/x86_64-linux-gnu/libz.so.1.2.11
7f1790fa4000-7f1790faa000 r--p 00013000 08:20 6997                       /usr/lib/x86_64-linux-gnu/libz.so.1.2.11
7f1790faa000-7f1790fab000 ---p 00019000 08:20 6997                       /usr/lib/x86_64-linux-gnu/libz.so.1.2.11
7f1790fab000-7f1790fac000 r--p 00019000 08:20 6997                       /usr/lib/x86_64-linux-gnu/libz.so.1.2.11
7f1790fac000-7f1790fad000 rw-p 0001a000 08:20 6997                       /usr/lib/x86_64-linux-gnu/libz.so.1.2.11
7f1790fad000-7f1790fae000 ---p 00000000 00:00 0 
7f1790fae000-7f1790faf000 r--p 00000000 00:00 0 
7f1790faf000-7f1790fb4000 r--p 00000000 08:20 134452                     /usr/lib/jvm/java-11-openjdk-amd64/lib/libverify.so
7f1790fb4000-7f1790fbb000 r-xp 00005000 08:20 134452                     /usr/lib/jvm/java-11-openjdk-amd64/lib/libverify.so
7f1790fbb000-7f1790fbd000 r--p 0000c000 08:20 134452                     /usr/lib/jvm/java-11-openjdk-amd64/lib/libverify.so
7f1790fbd000-7f1790fbf000 r--p 0000d000 08:20 134452                     /usr/lib/jvm/java-11-openjdk-amd64/lib/libverify.so
7f1790fbf000-7f1790fc0000 rw-p 0000f000 08:20 134452                     /usr/lib/jvm/java-11-openjdk-amd64/lib/libverify.so
7f1790fc0000-7f1790fc2000 rw-p 00000000 00:00 0 
7f1790fc2000-7f1790fc4000 r--p 00000000 08:20 104061                     /usr/lib/x86_64-linux-gnu/ld-linux-x86-64.so.2
7f1790fc4000-7f1790fee000 r-xp 00002000 08:20 104061                     /usr/lib/x86_64-linux-gnu/ld-linux-x86-64.so.2
7f1790fee000-7f1790ff9000 r--p 0002c000 08:20 104061                     /usr/lib/x86_64-linux-gnu/ld-linux-x86-64.so.2
7f1790ffa000-7f1790ffc000 r--p 00037000 08:20 104061                     /usr/lib/x86_64-linux-gnu/ld-linux-x86-64.so.2
7f1790ffc000-7f1790ffe000 rw-p 00039000 08:20 104061                     /usr/lib/x86_64-linux-gnu/ld-linux-x86-64.so.2
7fff92468000-7fff92489000 rw-p 00000000 00:00 0                          [stack]
7fff92599000-7fff9259d000 r--p 00000000 00:00 0                          [vvar]
7fff9259d000-7fff9259f000 r-xp 00000000 00:00 0                          [vdso]


VM Arguments:
java_command: Main tests/IRtest_Lab4/aaa_2700_test.sysy tests/IRtest_Lab4/aaa_2700_test.ll
java_class_path (initial): ./classes:/usr/local/lib/antlr-4.9.1-complete.jar:/usr/local/lib/llvm-13.0.1-1.5.7.jar:/usr/local/lib/llvm-13.0.1-1.5.7-linux-x86_64.jar:/usr/local/lib/llvm-platform-13.0.1-1.5.7.jar:/usr/local/lib/javacpp-1.5.7-linux-x86_64.jar:/usr/local/lib/javacpp-1.5.7.jar
Launcher Type: SUN_STANDARD

[Global flags]
     intx CICompilerCount                          = 12                                        {product} {ergonomic}
     uint ConcGCThreads                            = 4                                         {product} {ergonomic}
     uint G1ConcRefinementThreads                  = 15                                        {product} {ergonomic}
   size_t G1HeapRegionSize                         = 1048576                                   {product} {ergonomic}
    uintx GCDrainStackTargetSize                   = 64                                        {product} {ergonomic}
   size_t InitialHeapSize                          = 260046848                                 {product} {ergonomic}
   size_t MarkStackSize                            = 4194304                                   {product} {ergonomic}
   size_t MaxHeapSize                              = 4150263808                                {product} {ergonomic}
   size_t MaxNewSize                               = 2489319424                                {product} {ergonomic}
   size_t MinHeapDeltaBytes                        = 1048576                                   {product} {ergonomic}
    uintx NonNMethodCodeHeapSize                   = 7594288                                {pd product} {ergonomic}
    uintx NonProfiledCodeHeapSize                  = 122031976                              {pd product} {ergonomic}
    uintx ProfiledCodeHeapSize                     = 122031976                              {pd product} {ergonomic}
    uintx ReservedCodeCacheSize                    = 251658240                              {pd product} {ergonomic}
     bool SegmentedCodeCache                       = true                                      {product} {ergonomic}
     bool UseCompressedClassPointers               = true                                 {lp64_product} {ergonomic}
     bool UseCompressedOops                        = true                                 {lp64_product} {ergonomic}
     bool UseG1GC                                  = true                                      {product} {ergonomic}

Logging:
Log output configuration:
 #0: stdout all=warning uptime,level,tags
 #1: stderr all=off uptime,level,tags

Environment Variables:
CLASSPATH=/usr/local/lib/antlr-4.9.1-complete.jar:/usr/local/lib/llvm-13.0.1-1.5.7.jar:/usr/local/lib/llvm-13.0.1-1.5.7-linux-x86_64.jar:/usr/local/lib/llvm-platform-13.0.1-1.5.7.jar:/usr/local/lib/javacpp-1.5.7-linux-x86_64.jar:/usr/local/lib/javacpp-1.5.7.jar
PATH=/home/crz/.local/bin:/home/crz/.cargo/bin:/home/crz/.local/bin:~/my_script:/usr/local/sbin:/usr/local/bin:/usr/sbin:/usr/bin:/sbin:/bin:/usr/games:/usr/local/games:/snap/bin:/mnt/c/Users/crz/AppData/Local/Programs/Microsoft VS Code/bin:/mnt/e/Microsoft\ VS\ Code/bin
SHELL=/bin/bash
DISPLAY=:0.0
LANG=en_US.UTF-8
LC_ALL=en_US.UTF-8
LC_CTYPE=en_US.UTF-8
LC_NUMERIC=en_US.UTF-8
LC_TIME=en_US.UTF-8
TERM=xterm-256color

Signal Handlers:
SIGSEGV: [libjvm.so+0xebbc90], sa_mask[0]=11111111011111111101111111111110, sa_flags=SA_RESTART|SA_SIGINFO
SIGBUS: [libjvm.so+0xebbc90], sa_mask[0]=11111111011111111101111111111110, sa_flags=SA_RESTART|SA_SIGINFO
SIGFPE: [libjvm.so+0xebbc90], sa_mask[0]=11111111011111111101111111111110, sa_flags=SA_RESTART|SA_SIGINFO
SIGPIPE: [libjvm.so+0xbfdf90], sa_mask[0]=11111111011111111101111111111110, sa_flags=SA_RESTART|SA_SIGINFO
SIGXFSZ: [libjvm.so+0xbfdf90], sa_mask[0]=11111111011111111101111111111110, sa_flags=SA_RESTART|SA_SIGINFO
SIGILL: [libjvm.so+0xebbc90], sa_mask[0]=11111111011111111101111111111110, sa_flags=SA_RESTART|SA_SIGINFO
SIGUSR2: [libjvm.so+0xbfde30], sa_mask[0]=00000000000000000000000000000000, sa_flags=SA_RESTART|SA_SIGINFO
SIGHUP: [libjvm.so+0xbfe5f0], sa_mask[0]=11111111011111111101111111111110, sa_flags=SA_RESTART|SA_SIGINFO
SIGINT: [libjvm.so+0xbfe5f0], sa_mask[0]=11111111011111111101111111111110, sa_flags=SA_RESTART|SA_SIGINFO
SIGTERM: [libjvm.so+0xbfe5f0], sa_mask[0]=11111111011111111101111111111110, sa_flags=SA_RESTART|SA_SIGINFO
SIGQUIT: [libjvm.so+0xbfe5f0], sa_mask[0]=11111111011111111101111111111110, sa_flags=SA_RESTART|SA_SIGINFO


---------------  S Y S T E M  ---------------

OS:DISTRIB_ID=Ubuntu
DISTRIB_RELEASE=22.04
DISTRIB_CODENAME=jammy
DISTRIB_DESCRIPTION="Ubuntu 22.04.5 LTS"
uname:Linux 5.15.167.4-microsoft-standard-WSL2 #1 SMP Tue Nov 5 00:21:55 UTC 2024 x86_64
OS uptime: 0 days 10:27 hours
libc:glibc 2.35 NPTL 2.35 
rlimit (soft/hard): STACK 8192k/infinity , CORE 0k/infinity , NPROC 63270/63270 , NOFILE 1048576/1048576 , AS infinity/infinity , CPU infinity/infinity , DATA infinity/infinity , FSIZE infinity/infinity , MEMLOCK 2025516k/2025516k
load average:0.14 0.51 0.51

/proc/meminfo:
MemTotal:       16204140 kB
MemFree:        11811012 kB
MemAvailable:   12702464 kB
Buffers:            9080 kB
Cached:          1115572 kB
SwapCached:            0 kB
Active:           217956 kB
Inactive:        3676292 kB
Active(anon):       2352 kB
Inactive(anon):  2809076 kB
Active(file):     215604 kB
Inactive(file):   867216 kB
Unevictable:           0 kB
Mlocked:               0 kB
SwapTotal:       4194304 kB
SwapFree:        4194304 kB
Dirty:                40 kB
Writeback:             0 kB
AnonPages:       2759004 kB
Mapped:           961632 kB
Shmem:             41832 kB
KReclaimable:     112740 kB
Slab:             203964 kB
SReclaimable:     112740 kB
SUnreclaim:        91224 kB
KernelStack:       10344 kB
PageTables:        17476 kB
NFS_Unstable:          0 kB
Bounce:                0 kB
WritebackTmp:          0 kB
CommitLimit:    12296372 kB
Committed_AS:    5040880 kB
VmallocTotal:   34359738367 kB
VmallocUsed:       33840 kB
VmallocChunk:          0 kB
Percpu:            15264 kB
AnonHugePages:   2273280 kB
ShmemHugePages:        0 kB
ShmemPmdMapped:        0 kB
FileHugePages:         0 kB
FilePmdMapped:         0 kB
HugePages_Total:       0
HugePages_Free:        0
HugePages_Rsvd:        0
HugePages_Surp:        0
Hugepagesize:       2048 kB
Hugetlb:               0 kB
DirectMap4k:      138240 kB
DirectMap2M:     9121792 kB
DirectMap1G:    15728640 kB

/sys/kernel/mm/transparent_hugepage/enabled:
[always] madvise never
/sys/kernel/mm/transparent_hugepage/defrag (defrag/compaction efforts parameter):
always defer defer+madvise [madvise] never

Process Memory:
Virtual Size: 7132920K (peak: 15578208K)
Resident Set Size: 103248K (peak: 103248K) (anon: 47276K, file: 55972K, shmem: 0K)
Swapped out: 0K
C-Heap outstanding allocations: 43490K, retained: 2537K
glibc malloc tunables: (default)

/proc/sys/kernel/threads-max (system-wide limit on the number of threads):
126540
/proc/sys/vm/max_map_count (maximum number of memory map areas a process may have):
65530
/proc/sys/kernel/pid_max (system-wide limit on number of process identifiers):
4194304

container (cgroup) information:
container_type: cgroupv1
cpu_cpuset_cpus: 0-19
cpu_memory_nodes: 0
active_processor_count: 20
cpu_quota: no quota
cpu_period: 100000
cpu_shares: no shares
memory_limit_in_bytes: unlimited
memory_and_swap_limit_in_bytes: unlimited
memory_soft_limit_in_bytes: unlimited
memory_usage_in_bytes: 245148 k
memory_max_usage_in_bytes: 466272 k
kernel_memory_usage_in_bytes: 5300 k
kernel_memory_max_usage_in_bytes: unlimited
kernel_memory_limit_in_bytes: 9300 k
maximum number of tasks: unlimited
current number of tasks: 24

Hyper-V virtualization detected
Steal ticks since vm start: 0
Steal ticks percentage since vm start:  0.000

CPU:total 20 (initial active 20) (16 cores per cpu, 2 threads per core) family 6 model 186 stepping 2 microcode 0xffffffff, cmov, cx8, fxsr, mmx, sse, sse2, sse3, ssse3, sse4.1, sse4.2, popcnt, avx, avx2, aes, clmul, erms, 3dnowpref, lzcnt, ht, tsc, tscinvbit, bmi1, bmi2, adx, sha, fma
CPU Model and flags from /proc/cpuinfo:
model name	: 13th Gen Intel(R) Core(TM) i9-13900H
flags		: fpu vme de pse tsc msr pae mce cx8 apic sep mtrr pge mca cmov pat pse36 clflush mmx fxsr sse sse2 ss ht syscall nx pdpe1gb rdtscp lm constant_tsc rep_good nopl xtopology tsc_reliable nonstop_tsc cpuid pni pclmulqdq vmx ssse3 fma cx16 pcid sse4_1 sse4_2 x2apic movbe popcnt tsc_deadline_timer aes xsave avx f16c rdrand hypervisor lahf_lm abm 3dnowprefetch invpcid_single ssbd ibrs ibpb stibp ibrs_enhanced tpr_shadow vnmi ept vpid ept_ad fsgsbase tsc_adjust bmi1 avx2 smep bmi2 erms invpcid rdseed adx smap clflushopt clwb sha_ni xsaveopt xsavec xgetbv1 xsaves avx_vnni umip waitpkg gfni vaes vpclmulqdq rdpid movdiri movdir64b fsrm md_clear serialize flush_l1d arch_capabilities
Online cpus:
0-19
Offline cpus:

BIOS frequency limitation:
<Not Available>
Frequency switch latency (ns):
<Not Available>
Available cpu frequencies:
<Not Available>
Current governor:
<Not Available>
Core performance/turbo boost:
<Not Available>

Memory: 4k page, physical 16204140k(11811012k free), swap 4194304k(4194304k free)

vm_info: OpenJDK 64-Bit Server VM (11.0.26+4-post-Ubuntu-1ubuntu122.04) for linux-amd64 JRE (11.0.26+4-post-Ubuntu-1ubuntu122.04), built on Jan 23 2025 23:02:35 by "unknown" with gcc 11.4.0

END.
