#
# A fatal error has been detected by the Java Runtime Environment:
#
#  SIGSEGV (0xb) at pc=0x00007fc8f228eaf8, pid=46936, tid=46937
#
# JRE version: OpenJDK Runtime Environment (11.0.27+6) (build 11.0.27+6-post-Ubuntu-0ubuntu122.04)
# Java VM: OpenJDK 64-Bit Server VM (11.0.27+6-post-Ubuntu-0ubuntu122.04, mixed mode, sharing, tiered, compressed oops, g1 gc, linux-amd64)
# Problematic frame:
# C  [libLLVM-13.so+0xd62af8]  llvm::Value::getName() const+0xb8
#
# Core dump will be written. Default location: Core dumps may be processed with "/wsl-capture-crash %t %E %p %s" (or dumping to /home/crz/compilers/Lab/core.46936)
#
# If you would like to submit a bug report, please visit:
#   https://bugs.launchpad.net/ubuntu/+source/openjdk-lts
# The crash happened outside the Java Virtual Machine in native code.
# See problematic frame for where to report the bug.
#

---------------  S U M M A R Y ------------

Command Line: Main tests/lab6_test/aa_runtimeerror_test.sysy tests/lab6_test/aa_runtimeerror_test.ll

Host: 13th Gen Intel(R) Core(TM) i9-13900H, 20 cores, 15G, Ubuntu 22.04.5 LTS
Time: Wed May 21 23:54:20 2025 CST elapsed time: 0.146012 seconds (0d 0h 0m 0s)

---------------  T H R E A D  ---------------

Current thread (0x00007fc96c015800):  JavaThread "main" [_thread_in_native, id=46937, stack(0x00007fc9728d3000,0x00007fc9729d3000)]

Stack: [0x00007fc9728d3000,0x00007fc9729d3000],  sp=0x00007fc9729d0ff0,  free space=1015k
Native frames: (J=compiled Java code, A=aot compiled Java code, j=interpreted, Vv=VM code, C=native code)
C  [libLLVM-13.so+0xd62af8]  llvm::Value::getName() const+0xb8

Java frames: (J=compiled Java code, j=interpreted, Vv=VM code)
j  org.bytedeco.llvm.global.LLVM.LLVMPrintValueToString(Lorg/bytedeco/llvm/LLVM/LLVMValueRef;)Lorg/bytedeco/javacpp/BytePointer;+0
j  LLVMIROptimization.buildgraph()V+330
j  LLVMIROptimization.elem_dead_code()Z+3
j  Main.main([Ljava/lang/String;)V+219
v  ~StubRoutines::call_stub

siginfo: si_signo: 11 (SIGSEGV), si_code: 1 (SEGV_MAPERR), si_addr: 0x0000000000000035

Register to memory mapping:

RAX=0x0000000000000045 is an unknown value
RBX=0x0000000000000001 is an unknown value
RCX=0x00007fc96c487898 points into unknown readable memory: 0x00007fc96c49c060 | 60 c0 49 6c c9 7f 00 00
RDX=0x0000000000000035 is an unknown value
RSP=0x00007fc9729d0ff0 is pointing into the stack for thread: 0x00007fc96c015800
RBP=0x00007fc9729d1100 is pointing into the stack for thread: 0x00007fc96c015800
RSI=0x00007fc96c49c860 points into unknown readable memory: 0x0000000000000000 | 00 00 00 00 00 00 00 00
RDI=0x00007fc9729d0ff0 is pointing into the stack for thread: 0x00007fc96c015800
R8 =0x0000000000000001 is an unknown value
R9 =0x00007fc96c487898 points into unknown readable memory: 0x00007fc96c49c060 | 60 c0 49 6c c9 7f 00 00
R10=0x000000000000007f is an unknown value
R11=0x0000000000000006 is an unknown value
R12=0x0000000000000002 is an unknown value
R13=0x0000000000000002 is an unknown value
R14=0x00007fc9729d1180 is pointing into the stack for thread: 0x00007fc96c015800
R15=0x00007fc96c49bbc0 points into unknown readable memory: 0x00007fc96c487cf8 | f8 7c 48 6c c9 7f 00 00


Registers:
RAX=0x0000000000000045, RBX=0x0000000000000001, RCX=0x00007fc96c487898, RDX=0x0000000000000035
RSP=0x00007fc9729d0ff0, RBP=0x00007fc9729d1100, RSI=0x00007fc96c49c860, RDI=0x00007fc9729d0ff0
R8 =0x0000000000000001, R9 =0x00007fc96c487898, R10=0x000000000000007f, R11=0x0000000000000006
R12=0x0000000000000002, R13=0x0000000000000002, R14=0x00007fc9729d1180, R15=0x00007fc96c49bbc0
RIP=0x00007fc8f228eaf8, EFLAGS=0x0000000000010202, CSGSFS=0x002b000000000033, ERR=0x0000000000000004
  TRAPNO=0x000000000000000e

Top of Stack: (sp=0x00007fc9729d0ff0)
0x00007fc9729d0ff0:   00007fc96c49c860 00007fc96c49c860
0x00007fc9729d1000:   0000000000000001 00007fc8f20cd3f5
0x00007fc9729d1010:   0000000000000001 00007fc9729d12e0
0x00007fc9729d1020:   0000000000000002 00007fc8f20de5d8 

Instructions: (pc=0x00007fc8f228eaf8)
0x00007fc8f228e9f8:   48 bc ff eb b7 48 83 3d ab e8 ce 05 00 74 23 83
0x00007fc8f228ea08:   ca ff f0 0f c1 50 f8 85 d2 7f ae 48 8d 74 24 0f
0x00007fc8f228ea18:   e8 53 48 bc ff eb a2 8b 50 f8 8d 4a ff 89 48 f8
0x00007fc8f228ea28:   eb c3 8b 50 f8 8d 4a ff 89 48 f8 eb da 66 2e 0f
0x00007fc8f228ea38:   1f 84 00 00 00 00 00 90 f6 47 17 10 75 0a 48 8d
0x00007fc8f228ea48:   05 f2 a0 6c 03 31 d2 c3 48 83 ec 18 48 8b 07 48
0x00007fc8f228ea58:   8b 00 48 8b 08 8b 81 98 01 00 00 4c 8b 81 88 01
0x00007fc8f228ea68:   00 00 4c 8d 89 88 01 00 00 85 c0 74 5b 89 f9 89
0x00007fc8f228ea78:   fa 44 8d 50 ff c1 ea 09 c1 e9 04 31 d1 44 21 d1
0x00007fc8f228ea88:   89 ce 48 c1 e6 04 4c 01 c6 48 8b 16 48 39 d7 75
0x00007fc8f228ea98:   67 89 c2 48 89 e7 4c 89 c9 48 89 d0 48 c1 e0 04
0x00007fc8f228eaa8:   49 8d 14 00 41 b8 01 00 00 00 e8 f9 f4 ff ff 48
0x00007fc8f228eab8:   8b 04 24 48 8b 50 08 48 8d 42 10 48 8b 12 48 83
0x00007fc8f228eac8:   c4 18 c3 0f 1f 44 00 00 48 c1 e0 04 48 89 e7 4c
0x00007fc8f228ead8:   89 c9 49 8d 34 00 41 b8 01 00 00 00 48 89 f2 e8
0x00007fc8f228eae8:   c4 f4 ff ff 48 8b 04 24 48 8b 50 08 48 8d 42 10
0x00007fc8f228eaf8:   48 8b 12 48 83 c4 18 c3 be 01 00 00 00 48 81 fa
0x00007fc8f228eb08:   00 f0 ff ff 74 c2 01 f1 44 8d 5e 01 44 21 d1 89
0x00007fc8f228eb18:   ce 48 c1 e6 04 4c 01 c6 48 8b 16 48 39 d7 0f 84
0x00007fc8f228eb28:   6d ff ff ff 44 89 de eb d4 66 2e 0f 1f 84 00 00
0x00007fc8f228eb38:   00 00 00 0f 1f 44 00 00 66 48 0f 6e c6 66 48 0f
0x00007fc8f228eb48:   6e ca 66 0f 6c c1 0f 11 07 45 84 c0 75 29 48 39
0x00007fc8f228eb58:   d6 74 24 0f 1f 44 00 00 48 8b 06 48 3d 00 f0 ff
0x00007fc8f228eb68:   ff 74 08 48 3d 00 e0 ff ff 75 0c 48 83 c6 10 48
0x00007fc8f228eb78:   89 37 48 39 f2 75 e1 c3 41 57 41 56 41 55 41 54
0x00007fc8f228eb88:   55 53 48 89 fb 48 83 ec 38 4c 8b 67 10 49 8b 04
0x00007fc8f228eb98:   24 48 8b 00 48 8b 28 4c 8b ad 08 09 00 00 44 8b
0x00007fc8f228eba8:   bd 18 09 00 00 41 f6 44 24 11 01 0f 85 67 01 00
0x00007fc8f228ebb8:   00 45 85 ff 0f 84 fb 01 00 00 45 89 e6 44 89 e0
0x00007fc8f228ebc8:   41 8d 77 ff c1 e8 09 41 c1 ee 04 41 31 c6 44 89
0x00007fc8f228ebd8:   f1 21 f1 89 c8 48 c1 e0 04 4c 01 e8 48 8b 10 49
0x00007fc8f228ebe8:   39 d4 0f 85 7c 03 00 00 48 8b 50 08 4c 89 ee 48 


Stack slot to memory mapping:
stack at sp + 0 slots: 0x00007fc96c49c860 points into unknown readable memory: 0x0000000000000000 | 00 00 00 00 00 00 00 00
stack at sp + 1 slots: 0x00007fc96c49c860 points into unknown readable memory: 0x0000000000000000 | 00 00 00 00 00 00 00 00
stack at sp + 2 slots: 0x0000000000000001 is an unknown value
stack at sp + 3 slots: 0x00007fc8f20cd3f5: <offset 0x0000000000ba13f5> in /home/crz/.javacpp/cache/llvm-13.0.1-1.5.7-linux-x86_64.jar/org/bytedeco/llvm/linux-x86_64/libLLVM-13.so at 0x00007fc8f152c000
stack at sp + 4 slots: 0x0000000000000001 is an unknown value
stack at sp + 5 slots: 0x00007fc9729d12e0 is pointing into the stack for thread: 0x00007fc96c015800
stack at sp + 6 slots: 0x0000000000000002 is an unknown value
stack at sp + 7 slots: 0x00007fc8f20de5d8: <offset 0x0000000000bb25d8> in /home/crz/.javacpp/cache/llvm-13.0.1-1.5.7-linux-x86_64.jar/org/bytedeco/llvm/linux-x86_64/libLLVM-13.so at 0x00007fc8f152c000


---------------  P R O C E S S  ---------------

Threads class SMR info:
_java_thread_list=0x00007fc91c2ae700, length=14, elements={
0x00007fc96c015800, 0x00007fc96c1ec000, 0x00007fc96c1ee800, 0x00007fc96c1f4000,
0x00007fc96c1f6000, 0x00007fc96c1f8000, 0x00007fc96c1fa000, 0x00007fc96c1fc000,
0x00007fc91c084000, 0x00007fc96c22f000, 0x00007fc96c3ed800, 0x00007fc908164000,
0x00007fc908165800, 0x00007fc91c2ad000
}

Java Threads: ( => current thread )
=>0x00007fc96c015800 JavaThread "main" [_thread_in_native, id=46937, stack(0x00007fc9728d3000,0x00007fc9729d3000)]
  0x00007fc96c1ec000 JavaThread "Reference Handler" daemon [_thread_blocked, id=46944, stack(0x00007fc940b19000,0x00007fc940c19000)]
  0x00007fc96c1ee800 JavaThread "Finalizer" daemon [_thread_blocked, id=46945, stack(0x00007fc940a19000,0x00007fc940b19000)]
  0x00007fc96c1f4000 JavaThread "Signal Dispatcher" daemon [_thread_blocked, id=46946, stack(0x00007fc94032c000,0x00007fc94042c000)]
  0x00007fc96c1f6000 JavaThread "Service Thread" daemon [_thread_blocked, id=46947, stack(0x00007fc94022c000,0x00007fc94032c000)]
  0x00007fc96c1f8000 JavaThread "C2 CompilerThread0" daemon [_thread_in_native, id=46948, stack(0x00007fc94012c000,0x00007fc94022c000)]
  0x00007fc96c1fa000 JavaThread "C1 CompilerThread0" daemon [_thread_blocked, id=46949, stack(0x00007fc94002c000,0x00007fc94012c000)]
  0x00007fc96c1fc000 JavaThread "Sweeper thread" daemon [_thread_blocked, id=46950, stack(0x00007fc917f00000,0x00007fc918000000)]
  0x00007fc91c084000 JavaThread "C1 CompilerThread1" daemon [_thread_blocked, id=46951, stack(0x00007fc917e00000,0x00007fc917f00000)]
  0x00007fc96c22f000 JavaThread "Common-Cleaner" daemon [_thread_blocked, id=46953, stack(0x00007fc917bff000,0x00007fc917cff000)]
  0x00007fc96c3ed800 JavaThread "JavaCPP Deallocator" daemon [_thread_blocked, id=46954, stack(0x00007fc917aa5000,0x00007fc917ba5000)]
  0x00007fc908164000 JavaThread "C2 CompilerThread1" daemon [_thread_blocked, id=46955, stack(0x00007fc9179a5000,0x00007fc917aa5000)]
  0x00007fc908165800 JavaThread "C2 CompilerThread2" daemon [_thread_in_native, id=46956, stack(0x00007fc9178a5000,0x00007fc9179a5000)]
  0x00007fc91c2ad000 JavaThread "C1 CompilerThread2" daemon [_thread_blocked, id=46957, stack(0x00007fc917695000,0x00007fc917795000)]

Other Threads:
  0x00007fc96c1e9800 VMThread "VM Thread" [stack: 0x00007fc940c1a000,0x00007fc940d1a000] [id=46943]
  0x00007fc96c22d000 WatcherThread [stack: 0x00007fc917d00000,0x00007fc917e00000] [id=46952]
  0x00007fc96c02f800 GCTaskThread "GC Thread#0" [stack: 0x00007fc9725a3000,0x00007fc9726a3000] [id=46938]
  0x00007fc96c08d800 ConcurrentGCThread "G1 Main Marker" [stack: 0x00007fc970426000,0x00007fc970526000] [id=46939]
  0x00007fc96c08f800 ConcurrentGCThread "G1 Conc#0" [stack: 0x00007fc970325000,0x00007fc970425000] [id=46940]
  0x00007fc96c1ab000 ConcurrentGCThread "G1 Refine#0" [stack: 0x00007fc9416f8000,0x00007fc9417f8000] [id=46941]
  0x00007fc96c1ac800 ConcurrentGCThread "G1 Young RemSet Sampling" [stack: 0x00007fc9415f7000,0x00007fc9416f7000] [id=46942]

Threads with active compile tasks:
C2 CompilerThread0      147  979       4       java.util.HashMap::putVal (300 bytes)
C2 CompilerThread2      147  978       4       java.util.HashMap::put (13 bytes)

VM state:not at safepoint (normal execution)

VM Mutex/Monitor currently owned by a thread: None

Heap address: 0x0000000708a00000, size: 3958 MB, Compressed Oops mode: Zero based, Oop shift amount: 3
Narrow klass base: 0x0000000800000000, Narrow klass shift: 3
Compressed class space size: 1073741824 Address: 0x0000000840000000

Heap:
 garbage-first heap   total 256000K, used 11984K [0x0000000708a00000, 0x0000000800000000)
  region size 1024K, 12 young (12288K), 0 survivors (0K)
 Metaspace       used 3837K, capacity 6661K, committed 6912K, reserved 1056768K
  class space    used 395K, capacity 686K, committed 768K, reserved 1048576K
Heap Regions: E=young(eden), S=young(survivor), O=old, HS=humongous(starts), HC=humongous(continues), CS=collection set, F=free, A=archive, TAMS=top-at-mark-start (previous, next)
|   0|0x0000000708a00000, 0x0000000708a00000, 0x0000000708b00000|  0%| F|  |TAMS 0x0000000708a00000, 0x0000000708a00000| Untracked 
|   1|0x0000000708b00000, 0x0000000708b00000, 0x0000000708c00000|  0%| F|  |TAMS 0x0000000708b00000, 0x0000000708b00000| Untracked 
|   2|0x0000000708c00000, 0x0000000708c00000, 0x0000000708d00000|  0%| F|  |TAMS 0x0000000708c00000, 0x0000000708c00000| Untracked 
|   3|0x0000000708d00000, 0x0000000708d00000, 0x0000000708e00000|  0%| F|  |TAMS 0x0000000708d00000, 0x0000000708d00000| Untracked 
|   4|0x0000000708e00000, 0x0000000708e00000, 0x0000000708f00000|  0%| F|  |TAMS 0x0000000708e00000, 0x0000000708e00000| Untracked 
|   5|0x0000000708f00000, 0x0000000708f00000, 0x0000000709000000|  0%| F|  |TAMS 0x0000000708f00000, 0x0000000708f00000| Untracked 
|   6|0x0000000709000000, 0x0000000709000000, 0x0000000709100000|  0%| F|  |TAMS 0x0000000709000000, 0x0000000709000000| Untracked 
|   7|0x0000000709100000, 0x0000000709100000, 0x0000000709200000|  0%| F|  |TAMS 0x0000000709100000, 0x0000000709100000| Untracked 
|   8|0x0000000709200000, 0x0000000709200000, 0x0000000709300000|  0%| F|  |TAMS 0x0000000709200000, 0x0000000709200000| Untracked 
|   9|0x0000000709300000, 0x0000000709300000, 0x0000000709400000|  0%| F|  |TAMS 0x0000000709300000, 0x0000000709300000| Untracked 
|  10|0x0000000709400000, 0x0000000709400000, 0x0000000709500000|  0%| F|  |TAMS 0x0000000709400000, 0x0000000709400000| Untracked 
|  11|0x0000000709500000, 0x0000000709500000, 0x0000000709600000|  0%| F|  |TAMS 0x0000000709500000, 0x0000000709500000| Untracked 
|  12|0x0000000709600000, 0x0000000709600000, 0x0000000709700000|  0%| F|  |TAMS 0x0000000709600000, 0x0000000709600000| Untracked 
|  13|0x0000000709700000, 0x0000000709700000, 0x0000000709800000|  0%| F|  |TAMS 0x0000000709700000, 0x0000000709700000| Untracked 
|  14|0x0000000709800000, 0x0000000709800000, 0x0000000709900000|  0%| F|  |TAMS 0x0000000709800000, 0x0000000709800000| Untracked 
|  15|0x0000000709900000, 0x0000000709900000, 0x0000000709a00000|  0%| F|  |TAMS 0x0000000709900000, 0x0000000709900000| Untracked 
|  16|0x0000000709a00000, 0x0000000709a00000, 0x0000000709b00000|  0%| F|  |TAMS 0x0000000709a00000, 0x0000000709a00000| Untracked 
|  17|0x0000000709b00000, 0x0000000709b00000, 0x0000000709c00000|  0%| F|  |TAMS 0x0000000709b00000, 0x0000000709b00000| Untracked 
|  18|0x0000000709c00000, 0x0000000709c00000, 0x0000000709d00000|  0%| F|  |TAMS 0x0000000709c00000, 0x0000000709c00000| Untracked 
|  19|0x0000000709d00000, 0x0000000709d00000, 0x0000000709e00000|  0%| F|  |TAMS 0x0000000709d00000, 0x0000000709d00000| Untracked 
|  20|0x0000000709e00000, 0x0000000709e00000, 0x0000000709f00000|  0%| F|  |TAMS 0x0000000709e00000, 0x0000000709e00000| Untracked 
|  21|0x0000000709f00000, 0x0000000709f00000, 0x000000070a000000|  0%| F|  |TAMS 0x0000000709f00000, 0x0000000709f00000| Untracked 
|  22|0x000000070a000000, 0x000000070a000000, 0x000000070a100000|  0%| F|  |TAMS 0x000000070a000000, 0x000000070a000000| Untracked 
|  23|0x000000070a100000, 0x000000070a100000, 0x000000070a200000|  0%| F|  |TAMS 0x000000070a100000, 0x000000070a100000| Untracked 
|  24|0x000000070a200000, 0x000000070a200000, 0x000000070a300000|  0%| F|  |TAMS 0x000000070a200000, 0x000000070a200000| Untracked 
|  25|0x000000070a300000, 0x000000070a300000, 0x000000070a400000|  0%| F|  |TAMS 0x000000070a300000, 0x000000070a300000| Untracked 
|  26|0x000000070a400000, 0x000000070a400000, 0x000000070a500000|  0%| F|  |TAMS 0x000000070a400000, 0x000000070a400000| Untracked 
|  27|0x000000070a500000, 0x000000070a500000, 0x000000070a600000|  0%| F|  |TAMS 0x000000070a500000, 0x000000070a500000| Untracked 
|  28|0x000000070a600000, 0x000000070a600000, 0x000000070a700000|  0%| F|  |TAMS 0x000000070a600000, 0x000000070a600000| Untracked 
|  29|0x000000070a700000, 0x000000070a700000, 0x000000070a800000|  0%| F|  |TAMS 0x000000070a700000, 0x000000070a700000| Untracked 
|  30|0x000000070a800000, 0x000000070a800000, 0x000000070a900000|  0%| F|  |TAMS 0x000000070a800000, 0x000000070a800000| Untracked 
|  31|0x000000070a900000, 0x000000070a900000, 0x000000070aa00000|  0%| F|  |TAMS 0x000000070a900000, 0x000000070a900000| Untracked 
|  32|0x000000070aa00000, 0x000000070aa00000, 0x000000070ab00000|  0%| F|  |TAMS 0x000000070aa00000, 0x000000070aa00000| Untracked 
|  33|0x000000070ab00000, 0x000000070ab00000, 0x000000070ac00000|  0%| F|  |TAMS 0x000000070ab00000, 0x000000070ab00000| Untracked 
|  34|0x000000070ac00000, 0x000000070ac00000, 0x000000070ad00000|  0%| F|  |TAMS 0x000000070ac00000, 0x000000070ac00000| Untracked 
|  35|0x000000070ad00000, 0x000000070ad00000, 0x000000070ae00000|  0%| F|  |TAMS 0x000000070ad00000, 0x000000070ad00000| Untracked 
|  36|0x000000070ae00000, 0x000000070ae00000, 0x000000070af00000|  0%| F|  |TAMS 0x000000070ae00000, 0x000000070ae00000| Untracked 
|  37|0x000000070af00000, 0x000000070af00000, 0x000000070b000000|  0%| F|  |TAMS 0x000000070af00000, 0x000000070af00000| Untracked 
|  38|0x000000070b000000, 0x000000070b000000, 0x000000070b100000|  0%| F|  |TAMS 0x000000070b000000, 0x000000070b000000| Untracked 
|  39|0x000000070b100000, 0x000000070b100000, 0x000000070b200000|  0%| F|  |TAMS 0x000000070b100000, 0x000000070b100000| Untracked 
|  40|0x000000070b200000, 0x000000070b200000, 0x000000070b300000|  0%| F|  |TAMS 0x000000070b200000, 0x000000070b200000| Untracked 
|  41|0x000000070b300000, 0x000000070b300000, 0x000000070b400000|  0%| F|  |TAMS 0x000000070b300000, 0x000000070b300000| Untracked 
|  42|0x000000070b400000, 0x000000070b400000, 0x000000070b500000|  0%| F|  |TAMS 0x000000070b400000, 0x000000070b400000| Untracked 
|  43|0x000000070b500000, 0x000000070b500000, 0x000000070b600000|  0%| F|  |TAMS 0x000000070b500000, 0x000000070b500000| Untracked 
|  44|0x000000070b600000, 0x000000070b600000, 0x000000070b700000|  0%| F|  |TAMS 0x000000070b600000, 0x000000070b600000| Untracked 
|  45|0x000000070b700000, 0x000000070b700000, 0x000000070b800000|  0%| F|  |TAMS 0x000000070b700000, 0x000000070b700000| Untracked 
|  46|0x000000070b800000, 0x000000070b800000, 0x000000070b900000|  0%| F|  |TAMS 0x000000070b800000, 0x000000070b800000| Untracked 
|  47|0x000000070b900000, 0x000000070b900000, 0x000000070ba00000|  0%| F|  |TAMS 0x000000070b900000, 0x000000070b900000| Untracked 
|  48|0x000000070ba00000, 0x000000070ba00000, 0x000000070bb00000|  0%| F|  |TAMS 0x000000070ba00000, 0x000000070ba00000| Untracked 
|  49|0x000000070bb00000, 0x000000070bb00000, 0x000000070bc00000|  0%| F|  |TAMS 0x000000070bb00000, 0x000000070bb00000| Untracked 
|  50|0x000000070bc00000, 0x000000070bc00000, 0x000000070bd00000|  0%| F|  |TAMS 0x000000070bc00000, 0x000000070bc00000| Untracked 
|  51|0x000000070bd00000, 0x000000070bd00000, 0x000000070be00000|  0%| F|  |TAMS 0x000000070bd00000, 0x000000070bd00000| Untracked 
|  52|0x000000070be00000, 0x000000070be00000, 0x000000070bf00000|  0%| F|  |TAMS 0x000000070be00000, 0x000000070be00000| Untracked 
|  53|0x000000070bf00000, 0x000000070bf00000, 0x000000070c000000|  0%| F|  |TAMS 0x000000070bf00000, 0x000000070bf00000| Untracked 
|  54|0x000000070c000000, 0x000000070c000000, 0x000000070c100000|  0%| F|  |TAMS 0x000000070c000000, 0x000000070c000000| Untracked 
|  55|0x000000070c100000, 0x000000070c100000, 0x000000070c200000|  0%| F|  |TAMS 0x000000070c100000, 0x000000070c100000| Untracked 
|  56|0x000000070c200000, 0x000000070c200000, 0x000000070c300000|  0%| F|  |TAMS 0x000000070c200000, 0x000000070c200000| Untracked 
|  57|0x000000070c300000, 0x000000070c300000, 0x000000070c400000|  0%| F|  |TAMS 0x000000070c300000, 0x000000070c300000| Untracked 
|  58|0x000000070c400000, 0x000000070c400000, 0x000000070c500000|  0%| F|  |TAMS 0x000000070c400000, 0x000000070c400000| Untracked 
|  59|0x000000070c500000, 0x000000070c500000, 0x000000070c600000|  0%| F|  |TAMS 0x000000070c500000, 0x000000070c500000| Untracked 
|  60|0x000000070c600000, 0x000000070c600000, 0x000000070c700000|  0%| F|  |TAMS 0x000000070c600000, 0x000000070c600000| Untracked 
|  61|0x000000070c700000, 0x000000070c700000, 0x000000070c800000|  0%| F|  |TAMS 0x000000070c700000, 0x000000070c700000| Untracked 
|  62|0x000000070c800000, 0x000000070c800000, 0x000000070c900000|  0%| F|  |TAMS 0x000000070c800000, 0x000000070c800000| Untracked 
|  63|0x000000070c900000, 0x000000070c900000, 0x000000070ca00000|  0%| F|  |TAMS 0x000000070c900000, 0x000000070c900000| Untracked 
|  64|0x000000070ca00000, 0x000000070ca00000, 0x000000070cb00000|  0%| F|  |TAMS 0x000000070ca00000, 0x000000070ca00000| Untracked 
|  65|0x000000070cb00000, 0x000000070cb00000, 0x000000070cc00000|  0%| F|  |TAMS 0x000000070cb00000, 0x000000070cb00000| Untracked 
|  66|0x000000070cc00000, 0x000000070cc00000, 0x000000070cd00000|  0%| F|  |TAMS 0x000000070cc00000, 0x000000070cc00000| Untracked 
|  67|0x000000070cd00000, 0x000000070cd00000, 0x000000070ce00000|  0%| F|  |TAMS 0x000000070cd00000, 0x000000070cd00000| Untracked 
|  68|0x000000070ce00000, 0x000000070ce00000, 0x000000070cf00000|  0%| F|  |TAMS 0x000000070ce00000, 0x000000070ce00000| Untracked 
|  69|0x000000070cf00000, 0x000000070cf00000, 0x000000070d000000|  0%| F|  |TAMS 0x000000070cf00000, 0x000000070cf00000| Untracked 
|  70|0x000000070d000000, 0x000000070d000000, 0x000000070d100000|  0%| F|  |TAMS 0x000000070d000000, 0x000000070d000000| Untracked 
|  71|0x000000070d100000, 0x000000070d100000, 0x000000070d200000|  0%| F|  |TAMS 0x000000070d100000, 0x000000070d100000| Untracked 
|  72|0x000000070d200000, 0x000000070d200000, 0x000000070d300000|  0%| F|  |TAMS 0x000000070d200000, 0x000000070d200000| Untracked 
|  73|0x000000070d300000, 0x000000070d300000, 0x000000070d400000|  0%| F|  |TAMS 0x000000070d300000, 0x000000070d300000| Untracked 
|  74|0x000000070d400000, 0x000000070d400000, 0x000000070d500000|  0%| F|  |TAMS 0x000000070d400000, 0x000000070d400000| Untracked 
|  75|0x000000070d500000, 0x000000070d500000, 0x000000070d600000|  0%| F|  |TAMS 0x000000070d500000, 0x000000070d500000| Untracked 
|  76|0x000000070d600000, 0x000000070d600000, 0x000000070d700000|  0%| F|  |TAMS 0x000000070d600000, 0x000000070d600000| Untracked 
|  77|0x000000070d700000, 0x000000070d700000, 0x000000070d800000|  0%| F|  |TAMS 0x000000070d700000, 0x000000070d700000| Untracked 
|  78|0x000000070d800000, 0x000000070d800000, 0x000000070d900000|  0%| F|  |TAMS 0x000000070d800000, 0x000000070d800000| Untracked 
|  79|0x000000070d900000, 0x000000070d900000, 0x000000070da00000|  0%| F|  |TAMS 0x000000070d900000, 0x000000070d900000| Untracked 
|  80|0x000000070da00000, 0x000000070da00000, 0x000000070db00000|  0%| F|  |TAMS 0x000000070da00000, 0x000000070da00000| Untracked 
|  81|0x000000070db00000, 0x000000070db00000, 0x000000070dc00000|  0%| F|  |TAMS 0x000000070db00000, 0x000000070db00000| Untracked 
|  82|0x000000070dc00000, 0x000000070dc00000, 0x000000070dd00000|  0%| F|  |TAMS 0x000000070dc00000, 0x000000070dc00000| Untracked 
|  83|0x000000070dd00000, 0x000000070dd00000, 0x000000070de00000|  0%| F|  |TAMS 0x000000070dd00000, 0x000000070dd00000| Untracked 
|  84|0x000000070de00000, 0x000000070de00000, 0x000000070df00000|  0%| F|  |TAMS 0x000000070de00000, 0x000000070de00000| Untracked 
|  85|0x000000070df00000, 0x000000070df00000, 0x000000070e000000|  0%| F|  |TAMS 0x000000070df00000, 0x000000070df00000| Untracked 
|  86|0x000000070e000000, 0x000000070e000000, 0x000000070e100000|  0%| F|  |TAMS 0x000000070e000000, 0x000000070e000000| Untracked 
|  87|0x000000070e100000, 0x000000070e100000, 0x000000070e200000|  0%| F|  |TAMS 0x000000070e100000, 0x000000070e100000| Untracked 
|  88|0x000000070e200000, 0x000000070e200000, 0x000000070e300000|  0%| F|  |TAMS 0x000000070e200000, 0x000000070e200000| Untracked 
|  89|0x000000070e300000, 0x000000070e300000, 0x000000070e400000|  0%| F|  |TAMS 0x000000070e300000, 0x000000070e300000| Untracked 
|  90|0x000000070e400000, 0x000000070e400000, 0x000000070e500000|  0%| F|  |TAMS 0x000000070e400000, 0x000000070e400000| Untracked 
|  91|0x000000070e500000, 0x000000070e500000, 0x000000070e600000|  0%| F|  |TAMS 0x000000070e500000, 0x000000070e500000| Untracked 
|  92|0x000000070e600000, 0x000000070e600000, 0x000000070e700000|  0%| F|  |TAMS 0x000000070e600000, 0x000000070e600000| Untracked 
|  93|0x000000070e700000, 0x000000070e700000, 0x000000070e800000|  0%| F|  |TAMS 0x000000070e700000, 0x000000070e700000| Untracked 
|  94|0x000000070e800000, 0x000000070e800000, 0x000000070e900000|  0%| F|  |TAMS 0x000000070e800000, 0x000000070e800000| Untracked 
|  95|0x000000070e900000, 0x000000070e900000, 0x000000070ea00000|  0%| F|  |TAMS 0x000000070e900000, 0x000000070e900000| Untracked 
|  96|0x000000070ea00000, 0x000000070ea00000, 0x000000070eb00000|  0%| F|  |TAMS 0x000000070ea00000, 0x000000070ea00000| Untracked 
|  97|0x000000070eb00000, 0x000000070eb00000, 0x000000070ec00000|  0%| F|  |TAMS 0x000000070eb00000, 0x000000070eb00000| Untracked 
|  98|0x000000070ec00000, 0x000000070ec00000, 0x000000070ed00000|  0%| F|  |TAMS 0x000000070ec00000, 0x000000070ec00000| Untracked 
|  99|0x000000070ed00000, 0x000000070ed00000, 0x000000070ee00000|  0%| F|  |TAMS 0x000000070ed00000, 0x000000070ed00000| Untracked 
| 100|0x000000070ee00000, 0x000000070ee00000, 0x000000070ef00000|  0%| F|  |TAMS 0x000000070ee00000, 0x000000070ee00000| Untracked 
| 101|0x000000070ef00000, 0x000000070ef00000, 0x000000070f000000|  0%| F|  |TAMS 0x000000070ef00000, 0x000000070ef00000| Untracked 
| 102|0x000000070f000000, 0x000000070f000000, 0x000000070f100000|  0%| F|  |TAMS 0x000000070f000000, 0x000000070f000000| Untracked 
| 103|0x000000070f100000, 0x000000070f100000, 0x000000070f200000|  0%| F|  |TAMS 0x000000070f100000, 0x000000070f100000| Untracked 
| 104|0x000000070f200000, 0x000000070f200000, 0x000000070f300000|  0%| F|  |TAMS 0x000000070f200000, 0x000000070f200000| Untracked 
| 105|0x000000070f300000, 0x000000070f300000, 0x000000070f400000|  0%| F|  |TAMS 0x000000070f300000, 0x000000070f300000| Untracked 
| 106|0x000000070f400000, 0x000000070f400000, 0x000000070f500000|  0%| F|  |TAMS 0x000000070f400000, 0x000000070f400000| Untracked 
| 107|0x000000070f500000, 0x000000070f500000, 0x000000070f600000|  0%| F|  |TAMS 0x000000070f500000, 0x000000070f500000| Untracked 
| 108|0x000000070f600000, 0x000000070f600000, 0x000000070f700000|  0%| F|  |TAMS 0x000000070f600000, 0x000000070f600000| Untracked 
| 109|0x000000070f700000, 0x000000070f700000, 0x000000070f800000|  0%| F|  |TAMS 0x000000070f700000, 0x000000070f700000| Untracked 
| 110|0x000000070f800000, 0x000000070f800000, 0x000000070f900000|  0%| F|  |TAMS 0x000000070f800000, 0x000000070f800000| Untracked 
| 111|0x000000070f900000, 0x000000070f900000, 0x000000070fa00000|  0%| F|  |TAMS 0x000000070f900000, 0x000000070f900000| Untracked 
| 112|0x000000070fa00000, 0x000000070fa00000, 0x000000070fb00000|  0%| F|  |TAMS 0x000000070fa00000, 0x000000070fa00000| Untracked 
| 113|0x000000070fb00000, 0x000000070fb00000, 0x000000070fc00000|  0%| F|  |TAMS 0x000000070fb00000, 0x000000070fb00000| Untracked 
| 114|0x000000070fc00000, 0x000000070fc00000, 0x000000070fd00000|  0%| F|  |TAMS 0x000000070fc00000, 0x000000070fc00000| Untracked 
| 115|0x000000070fd00000, 0x000000070fd00000, 0x000000070fe00000|  0%| F|  |TAMS 0x000000070fd00000, 0x000000070fd00000| Untracked 
| 116|0x000000070fe00000, 0x000000070fe00000, 0x000000070ff00000|  0%| F|  |TAMS 0x000000070fe00000, 0x000000070fe00000| Untracked 
| 117|0x000000070ff00000, 0x000000070ff00000, 0x0000000710000000|  0%| F|  |TAMS 0x000000070ff00000, 0x000000070ff00000| Untracked 
| 118|0x0000000710000000, 0x0000000710000000, 0x0000000710100000|  0%| F|  |TAMS 0x0000000710000000, 0x0000000710000000| Untracked 
| 119|0x0000000710100000, 0x0000000710100000, 0x0000000710200000|  0%| F|  |TAMS 0x0000000710100000, 0x0000000710100000| Untracked 
| 120|0x0000000710200000, 0x0000000710200000, 0x0000000710300000|  0%| F|  |TAMS 0x0000000710200000, 0x0000000710200000| Untracked 
| 121|0x0000000710300000, 0x0000000710300000, 0x0000000710400000|  0%| F|  |TAMS 0x0000000710300000, 0x0000000710300000| Untracked 
| 122|0x0000000710400000, 0x0000000710400000, 0x0000000710500000|  0%| F|  |TAMS 0x0000000710400000, 0x0000000710400000| Untracked 
| 123|0x0000000710500000, 0x0000000710500000, 0x0000000710600000|  0%| F|  |TAMS 0x0000000710500000, 0x0000000710500000| Untracked 
| 124|0x0000000710600000, 0x0000000710600000, 0x0000000710700000|  0%| F|  |TAMS 0x0000000710600000, 0x0000000710600000| Untracked 
| 125|0x0000000710700000, 0x0000000710700000, 0x0000000710800000|  0%| F|  |TAMS 0x0000000710700000, 0x0000000710700000| Untracked 
| 126|0x0000000710800000, 0x0000000710800000, 0x0000000710900000|  0%| F|  |TAMS 0x0000000710800000, 0x0000000710800000| Untracked 
| 127|0x0000000710900000, 0x0000000710900000, 0x0000000710a00000|  0%| F|  |TAMS 0x0000000710900000, 0x0000000710900000| Untracked 
| 128|0x0000000710a00000, 0x0000000710a00000, 0x0000000710b00000|  0%| F|  |TAMS 0x0000000710a00000, 0x0000000710a00000| Untracked 
| 129|0x0000000710b00000, 0x0000000710b00000, 0x0000000710c00000|  0%| F|  |TAMS 0x0000000710b00000, 0x0000000710b00000| Untracked 
| 130|0x0000000710c00000, 0x0000000710c00000, 0x0000000710d00000|  0%| F|  |TAMS 0x0000000710c00000, 0x0000000710c00000| Untracked 
| 131|0x0000000710d00000, 0x0000000710d00000, 0x0000000710e00000|  0%| F|  |TAMS 0x0000000710d00000, 0x0000000710d00000| Untracked 
| 132|0x0000000710e00000, 0x0000000710e00000, 0x0000000710f00000|  0%| F|  |TAMS 0x0000000710e00000, 0x0000000710e00000| Untracked 
| 133|0x0000000710f00000, 0x0000000710f00000, 0x0000000711000000|  0%| F|  |TAMS 0x0000000710f00000, 0x0000000710f00000| Untracked 
| 134|0x0000000711000000, 0x0000000711000000, 0x0000000711100000|  0%| F|  |TAMS 0x0000000711000000, 0x0000000711000000| Untracked 
| 135|0x0000000711100000, 0x0000000711100000, 0x0000000711200000|  0%| F|  |TAMS 0x0000000711100000, 0x0000000711100000| Untracked 
| 136|0x0000000711200000, 0x0000000711200000, 0x0000000711300000|  0%| F|  |TAMS 0x0000000711200000, 0x0000000711200000| Untracked 
| 137|0x0000000711300000, 0x0000000711300000, 0x0000000711400000|  0%| F|  |TAMS 0x0000000711300000, 0x0000000711300000| Untracked 
| 138|0x0000000711400000, 0x0000000711400000, 0x0000000711500000|  0%| F|  |TAMS 0x0000000711400000, 0x0000000711400000| Untracked 
| 139|0x0000000711500000, 0x0000000711500000, 0x0000000711600000|  0%| F|  |TAMS 0x0000000711500000, 0x0000000711500000| Untracked 
| 140|0x0000000711600000, 0x0000000711600000, 0x0000000711700000|  0%| F|  |TAMS 0x0000000711600000, 0x0000000711600000| Untracked 
| 141|0x0000000711700000, 0x0000000711700000, 0x0000000711800000|  0%| F|  |TAMS 0x0000000711700000, 0x0000000711700000| Untracked 
| 142|0x0000000711800000, 0x0000000711800000, 0x0000000711900000|  0%| F|  |TAMS 0x0000000711800000, 0x0000000711800000| Untracked 
| 143|0x0000000711900000, 0x0000000711900000, 0x0000000711a00000|  0%| F|  |TAMS 0x0000000711900000, 0x0000000711900000| Untracked 
| 144|0x0000000711a00000, 0x0000000711a00000, 0x0000000711b00000|  0%| F|  |TAMS 0x0000000711a00000, 0x0000000711a00000| Untracked 
| 145|0x0000000711b00000, 0x0000000711b00000, 0x0000000711c00000|  0%| F|  |TAMS 0x0000000711b00000, 0x0000000711b00000| Untracked 
| 146|0x0000000711c00000, 0x0000000711c00000, 0x0000000711d00000|  0%| F|  |TAMS 0x0000000711c00000, 0x0000000711c00000| Untracked 
| 147|0x0000000711d00000, 0x0000000711d00000, 0x0000000711e00000|  0%| F|  |TAMS 0x0000000711d00000, 0x0000000711d00000| Untracked 
| 148|0x0000000711e00000, 0x0000000711e00000, 0x0000000711f00000|  0%| F|  |TAMS 0x0000000711e00000, 0x0000000711e00000| Untracked 
| 149|0x0000000711f00000, 0x0000000711f00000, 0x0000000712000000|  0%| F|  |TAMS 0x0000000711f00000, 0x0000000711f00000| Untracked 
| 150|0x0000000712000000, 0x0000000712000000, 0x0000000712100000|  0%| F|  |TAMS 0x0000000712000000, 0x0000000712000000| Untracked 
| 151|0x0000000712100000, 0x0000000712100000, 0x0000000712200000|  0%| F|  |TAMS 0x0000000712100000, 0x0000000712100000| Untracked 
| 152|0x0000000712200000, 0x0000000712200000, 0x0000000712300000|  0%| F|  |TAMS 0x0000000712200000, 0x0000000712200000| Untracked 
| 153|0x0000000712300000, 0x0000000712300000, 0x0000000712400000|  0%| F|  |TAMS 0x0000000712300000, 0x0000000712300000| Untracked 
| 154|0x0000000712400000, 0x0000000712400000, 0x0000000712500000|  0%| F|  |TAMS 0x0000000712400000, 0x0000000712400000| Untracked 
| 155|0x0000000712500000, 0x0000000712500000, 0x0000000712600000|  0%| F|  |TAMS 0x0000000712500000, 0x0000000712500000| Untracked 
| 156|0x0000000712600000, 0x0000000712600000, 0x0000000712700000|  0%| F|  |TAMS 0x0000000712600000, 0x0000000712600000| Untracked 
| 157|0x0000000712700000, 0x0000000712700000, 0x0000000712800000|  0%| F|  |TAMS 0x0000000712700000, 0x0000000712700000| Untracked 
| 158|0x0000000712800000, 0x0000000712800000, 0x0000000712900000|  0%| F|  |TAMS 0x0000000712800000, 0x0000000712800000| Untracked 
| 159|0x0000000712900000, 0x0000000712900000, 0x0000000712a00000|  0%| F|  |TAMS 0x0000000712900000, 0x0000000712900000| Untracked 
| 160|0x0000000712a00000, 0x0000000712a00000, 0x0000000712b00000|  0%| F|  |TAMS 0x0000000712a00000, 0x0000000712a00000| Untracked 
| 161|0x0000000712b00000, 0x0000000712b00000, 0x0000000712c00000|  0%| F|  |TAMS 0x0000000712b00000, 0x0000000712b00000| Untracked 
| 162|0x0000000712c00000, 0x0000000712c00000, 0x0000000712d00000|  0%| F|  |TAMS 0x0000000712c00000, 0x0000000712c00000| Untracked 
| 163|0x0000000712d00000, 0x0000000712d00000, 0x0000000712e00000|  0%| F|  |TAMS 0x0000000712d00000, 0x0000000712d00000| Untracked 
| 164|0x0000000712e00000, 0x0000000712e00000, 0x0000000712f00000|  0%| F|  |TAMS 0x0000000712e00000, 0x0000000712e00000| Untracked 
| 165|0x0000000712f00000, 0x0000000712f00000, 0x0000000713000000|  0%| F|  |TAMS 0x0000000712f00000, 0x0000000712f00000| Untracked 
| 166|0x0000000713000000, 0x0000000713000000, 0x0000000713100000|  0%| F|  |TAMS 0x0000000713000000, 0x0000000713000000| Untracked 
| 167|0x0000000713100000, 0x0000000713100000, 0x0000000713200000|  0%| F|  |TAMS 0x0000000713100000, 0x0000000713100000| Untracked 
| 168|0x0000000713200000, 0x0000000713200000, 0x0000000713300000|  0%| F|  |TAMS 0x0000000713200000, 0x0000000713200000| Untracked 
| 169|0x0000000713300000, 0x0000000713300000, 0x0000000713400000|  0%| F|  |TAMS 0x0000000713300000, 0x0000000713300000| Untracked 
| 170|0x0000000713400000, 0x0000000713400000, 0x0000000713500000|  0%| F|  |TAMS 0x0000000713400000, 0x0000000713400000| Untracked 
| 171|0x0000000713500000, 0x0000000713500000, 0x0000000713600000|  0%| F|  |TAMS 0x0000000713500000, 0x0000000713500000| Untracked 
| 172|0x0000000713600000, 0x0000000713600000, 0x0000000713700000|  0%| F|  |TAMS 0x0000000713600000, 0x0000000713600000| Untracked 
| 173|0x0000000713700000, 0x0000000713700000, 0x0000000713800000|  0%| F|  |TAMS 0x0000000713700000, 0x0000000713700000| Untracked 
| 174|0x0000000713800000, 0x0000000713800000, 0x0000000713900000|  0%| F|  |TAMS 0x0000000713800000, 0x0000000713800000| Untracked 
| 175|0x0000000713900000, 0x0000000713900000, 0x0000000713a00000|  0%| F|  |TAMS 0x0000000713900000, 0x0000000713900000| Untracked 
| 176|0x0000000713a00000, 0x0000000713a00000, 0x0000000713b00000|  0%| F|  |TAMS 0x0000000713a00000, 0x0000000713a00000| Untracked 
| 177|0x0000000713b00000, 0x0000000713b00000, 0x0000000713c00000|  0%| F|  |TAMS 0x0000000713b00000, 0x0000000713b00000| Untracked 
| 178|0x0000000713c00000, 0x0000000713c00000, 0x0000000713d00000|  0%| F|  |TAMS 0x0000000713c00000, 0x0000000713c00000| Untracked 
| 179|0x0000000713d00000, 0x0000000713d00000, 0x0000000713e00000|  0%| F|  |TAMS 0x0000000713d00000, 0x0000000713d00000| Untracked 
| 180|0x0000000713e00000, 0x0000000713e00000, 0x0000000713f00000|  0%| F|  |TAMS 0x0000000713e00000, 0x0000000713e00000| Untracked 
| 181|0x0000000713f00000, 0x0000000713f00000, 0x0000000714000000|  0%| F|  |TAMS 0x0000000713f00000, 0x0000000713f00000| Untracked 
| 182|0x0000000714000000, 0x0000000714000000, 0x0000000714100000|  0%| F|  |TAMS 0x0000000714000000, 0x0000000714000000| Untracked 
| 183|0x0000000714100000, 0x0000000714100000, 0x0000000714200000|  0%| F|  |TAMS 0x0000000714100000, 0x0000000714100000| Untracked 
| 184|0x0000000714200000, 0x0000000714200000, 0x0000000714300000|  0%| F|  |TAMS 0x0000000714200000, 0x0000000714200000| Untracked 
| 185|0x0000000714300000, 0x0000000714300000, 0x0000000714400000|  0%| F|  |TAMS 0x0000000714300000, 0x0000000714300000| Untracked 
| 186|0x0000000714400000, 0x0000000714400000, 0x0000000714500000|  0%| F|  |TAMS 0x0000000714400000, 0x0000000714400000| Untracked 
| 187|0x0000000714500000, 0x0000000714500000, 0x0000000714600000|  0%| F|  |TAMS 0x0000000714500000, 0x0000000714500000| Untracked 
| 188|0x0000000714600000, 0x0000000714600000, 0x0000000714700000|  0%| F|  |TAMS 0x0000000714600000, 0x0000000714600000| Untracked 
| 189|0x0000000714700000, 0x0000000714700000, 0x0000000714800000|  0%| F|  |TAMS 0x0000000714700000, 0x0000000714700000| Untracked 
| 190|0x0000000714800000, 0x0000000714800000, 0x0000000714900000|  0%| F|  |TAMS 0x0000000714800000, 0x0000000714800000| Untracked 
| 191|0x0000000714900000, 0x0000000714900000, 0x0000000714a00000|  0%| F|  |TAMS 0x0000000714900000, 0x0000000714900000| Untracked 
| 192|0x0000000714a00000, 0x0000000714a00000, 0x0000000714b00000|  0%| F|  |TAMS 0x0000000714a00000, 0x0000000714a00000| Untracked 
| 193|0x0000000714b00000, 0x0000000714b00000, 0x0000000714c00000|  0%| F|  |TAMS 0x0000000714b00000, 0x0000000714b00000| Untracked 
| 194|0x0000000714c00000, 0x0000000714c00000, 0x0000000714d00000|  0%| F|  |TAMS 0x0000000714c00000, 0x0000000714c00000| Untracked 
| 195|0x0000000714d00000, 0x0000000714d00000, 0x0000000714e00000|  0%| F|  |TAMS 0x0000000714d00000, 0x0000000714d00000| Untracked 
| 196|0x0000000714e00000, 0x0000000714e00000, 0x0000000714f00000|  0%| F|  |TAMS 0x0000000714e00000, 0x0000000714e00000| Untracked 
| 197|0x0000000714f00000, 0x0000000714f00000, 0x0000000715000000|  0%| F|  |TAMS 0x0000000714f00000, 0x0000000714f00000| Untracked 
| 198|0x0000000715000000, 0x0000000715000000, 0x0000000715100000|  0%| F|  |TAMS 0x0000000715000000, 0x0000000715000000| Untracked 
| 199|0x0000000715100000, 0x0000000715100000, 0x0000000715200000|  0%| F|  |TAMS 0x0000000715100000, 0x0000000715100000| Untracked 
| 200|0x0000000715200000, 0x0000000715200000, 0x0000000715300000|  0%| F|  |TAMS 0x0000000715200000, 0x0000000715200000| Untracked 
| 201|0x0000000715300000, 0x0000000715300000, 0x0000000715400000|  0%| F|  |TAMS 0x0000000715300000, 0x0000000715300000| Untracked 
| 202|0x0000000715400000, 0x0000000715400000, 0x0000000715500000|  0%| F|  |TAMS 0x0000000715400000, 0x0000000715400000| Untracked 
| 203|0x0000000715500000, 0x0000000715500000, 0x0000000715600000|  0%| F|  |TAMS 0x0000000715500000, 0x0000000715500000| Untracked 
| 204|0x0000000715600000, 0x0000000715600000, 0x0000000715700000|  0%| F|  |TAMS 0x0000000715600000, 0x0000000715600000| Untracked 
| 205|0x0000000715700000, 0x0000000715700000, 0x0000000715800000|  0%| F|  |TAMS 0x0000000715700000, 0x0000000715700000| Untracked 
| 206|0x0000000715800000, 0x0000000715800000, 0x0000000715900000|  0%| F|  |TAMS 0x0000000715800000, 0x0000000715800000| Untracked 
| 207|0x0000000715900000, 0x0000000715900000, 0x0000000715a00000|  0%| F|  |TAMS 0x0000000715900000, 0x0000000715900000| Untracked 
| 208|0x0000000715a00000, 0x0000000715a00000, 0x0000000715b00000|  0%| F|  |TAMS 0x0000000715a00000, 0x0000000715a00000| Untracked 
| 209|0x0000000715b00000, 0x0000000715b00000, 0x0000000715c00000|  0%| F|  |TAMS 0x0000000715b00000, 0x0000000715b00000| Untracked 
| 210|0x0000000715c00000, 0x0000000715c00000, 0x0000000715d00000|  0%| F|  |TAMS 0x0000000715c00000, 0x0000000715c00000| Untracked 
| 211|0x0000000715d00000, 0x0000000715d00000, 0x0000000715e00000|  0%| F|  |TAMS 0x0000000715d00000, 0x0000000715d00000| Untracked 
| 212|0x0000000715e00000, 0x0000000715e00000, 0x0000000715f00000|  0%| F|  |TAMS 0x0000000715e00000, 0x0000000715e00000| Untracked 
| 213|0x0000000715f00000, 0x0000000715f00000, 0x0000000716000000|  0%| F|  |TAMS 0x0000000715f00000, 0x0000000715f00000| Untracked 
| 214|0x0000000716000000, 0x0000000716000000, 0x0000000716100000|  0%| F|  |TAMS 0x0000000716000000, 0x0000000716000000| Untracked 
| 215|0x0000000716100000, 0x0000000716100000, 0x0000000716200000|  0%| F|  |TAMS 0x0000000716100000, 0x0000000716100000| Untracked 
| 216|0x0000000716200000, 0x0000000716200000, 0x0000000716300000|  0%| F|  |TAMS 0x0000000716200000, 0x0000000716200000| Untracked 
| 217|0x0000000716300000, 0x0000000716300000, 0x0000000716400000|  0%| F|  |TAMS 0x0000000716300000, 0x0000000716300000| Untracked 
| 218|0x0000000716400000, 0x0000000716400000, 0x0000000716500000|  0%| F|  |TAMS 0x0000000716400000, 0x0000000716400000| Untracked 
| 219|0x0000000716500000, 0x0000000716500000, 0x0000000716600000|  0%| F|  |TAMS 0x0000000716500000, 0x0000000716500000| Untracked 
| 220|0x0000000716600000, 0x0000000716600000, 0x0000000716700000|  0%| F|  |TAMS 0x0000000716600000, 0x0000000716600000| Untracked 
| 221|0x0000000716700000, 0x0000000716700000, 0x0000000716800000|  0%| F|  |TAMS 0x0000000716700000, 0x0000000716700000| Untracked 
| 222|0x0000000716800000, 0x0000000716800000, 0x0000000716900000|  0%| F|  |TAMS 0x0000000716800000, 0x0000000716800000| Untracked 
| 223|0x0000000716900000, 0x0000000716900000, 0x0000000716a00000|  0%| F|  |TAMS 0x0000000716900000, 0x0000000716900000| Untracked 
| 224|0x0000000716a00000, 0x0000000716a00000, 0x0000000716b00000|  0%| F|  |TAMS 0x0000000716a00000, 0x0000000716a00000| Untracked 
| 225|0x0000000716b00000, 0x0000000716b00000, 0x0000000716c00000|  0%| F|  |TAMS 0x0000000716b00000, 0x0000000716b00000| Untracked 
| 226|0x0000000716c00000, 0x0000000716c00000, 0x0000000716d00000|  0%| F|  |TAMS 0x0000000716c00000, 0x0000000716c00000| Untracked 
| 227|0x0000000716d00000, 0x0000000716d00000, 0x0000000716e00000|  0%| F|  |TAMS 0x0000000716d00000, 0x0000000716d00000| Untracked 
| 228|0x0000000716e00000, 0x0000000716e00000, 0x0000000716f00000|  0%| F|  |TAMS 0x0000000716e00000, 0x0000000716e00000| Untracked 
| 229|0x0000000716f00000, 0x0000000716f00000, 0x0000000717000000|  0%| F|  |TAMS 0x0000000716f00000, 0x0000000716f00000| Untracked 
| 230|0x0000000717000000, 0x0000000717000000, 0x0000000717100000|  0%| F|  |TAMS 0x0000000717000000, 0x0000000717000000| Untracked 
| 231|0x0000000717100000, 0x0000000717100000, 0x0000000717200000|  0%| F|  |TAMS 0x0000000717100000, 0x0000000717100000| Untracked 
| 232|0x0000000717200000, 0x0000000717200000, 0x0000000717300000|  0%| F|  |TAMS 0x0000000717200000, 0x0000000717200000| Untracked 
| 233|0x0000000717300000, 0x0000000717300000, 0x0000000717400000|  0%| F|  |TAMS 0x0000000717300000, 0x0000000717300000| Untracked 
| 234|0x0000000717400000, 0x0000000717400000, 0x0000000717500000|  0%| F|  |TAMS 0x0000000717400000, 0x0000000717400000| Untracked 
| 235|0x0000000717500000, 0x0000000717500000, 0x0000000717600000|  0%| F|  |TAMS 0x0000000717500000, 0x0000000717500000| Untracked 
| 236|0x0000000717600000, 0x00000007176f6680, 0x0000000717700000| 96%| E|  |TAMS 0x0000000717600000, 0x0000000717600000| Complete 
| 237|0x0000000717700000, 0x0000000717800000, 0x0000000717800000|100%| E|CS|TAMS 0x0000000717700000, 0x0000000717700000| Complete 
| 238|0x0000000717800000, 0x0000000717900000, 0x0000000717900000|100%| E|CS|TAMS 0x0000000717800000, 0x0000000717800000| Complete 
| 239|0x0000000717900000, 0x0000000717a00000, 0x0000000717a00000|100%| E|CS|TAMS 0x0000000717900000, 0x0000000717900000| Complete 
| 240|0x0000000717a00000, 0x0000000717b00000, 0x0000000717b00000|100%| E|CS|TAMS 0x0000000717a00000, 0x0000000717a00000| Complete 
| 241|0x0000000717b00000, 0x0000000717c00000, 0x0000000717c00000|100%| E|CS|TAMS 0x0000000717b00000, 0x0000000717b00000| Complete 
| 242|0x0000000717c00000, 0x0000000717d00000, 0x0000000717d00000|100%| E|CS|TAMS 0x0000000717c00000, 0x0000000717c00000| Complete 
| 243|0x0000000717d00000, 0x0000000717e00000, 0x0000000717e00000|100%| E|CS|TAMS 0x0000000717d00000, 0x0000000717d00000| Complete 
| 244|0x0000000717e00000, 0x0000000717f00000, 0x0000000717f00000|100%| E|CS|TAMS 0x0000000717e00000, 0x0000000717e00000| Complete 
| 245|0x0000000717f00000, 0x0000000718000000, 0x0000000718000000|100%| E|CS|TAMS 0x0000000717f00000, 0x0000000717f00000| Complete 
| 246|0x0000000718000000, 0x0000000718100000, 0x0000000718100000|100%| E|CS|TAMS 0x0000000718000000, 0x0000000718000000| Complete 
| 247|0x0000000718100000, 0x0000000718200000, 0x0000000718200000|100%| E|CS|TAMS 0x0000000718100000, 0x0000000718100000| Complete 
|2932|0x00000007bfe00000, 0x00000007bfe48000, 0x00000007bff00000| 28%|OA|  |TAMS 0x00000007bfe00000, 0x00000007bfe00000| Untracked 
|2933|0x00000007bff00000, 0x00000007bff6c000, 0x00000007c0000000| 42%|CA|  |TAMS 0x00000007bff00000, 0x00000007bff00000| Untracked 

Card table byte_map: [0x00007fc97071d000,0x00007fc970ed8000] _byte_map_base: 0x00007fc96ced8000

Marking Bits (Prev, Next): (CMBitMap*) 0x00007fc96c07d4a8, (CMBitMap*) 0x00007fc96c07d4e0
 Prev Bits: [0x00007fc94c228000, 0x00007fc950000000)
 Next Bits: [0x00007fc948450000, 0x00007fc94c228000)

Polling page: 0x00007fc974241000

Metaspace:

Usage:
  Non-class:      5.83 MB capacity,     3.36 MB ( 58%) used,     2.47 MB ( 42%) free+waste,     6.50 KB ( <1%) overhead. 
      Class:    686.00 KB capacity,   395.09 KB ( 58%) used,   287.72 KB ( 42%) free+waste,     3.19 KB ( <1%) overhead. 
       Both:      6.50 MB capacity,     3.75 MB ( 58%) used,     2.75 MB ( 42%) free+waste,     9.69 KB ( <1%) overhead. 

Virtual space:
  Non-class space:        8.00 MB reserved,       6.00 MB ( 75%) committed 
      Class space:        1.00 GB reserved,     768.00 KB ( <1%) committed 
             Both:        1.01 GB reserved,       6.75 MB ( <1%) committed 

Chunk freelists:
   Non-Class:  17.00 KB
       Class:  0 bytes
        Both:  17.00 KB

MaxMetaspaceSize: unlimited
CompressedClassSpaceSize: 1.00 GB
Initial GC threshold: 20.80 MB
Current GC threshold: 20.80 MB
CDS: on

CodeHeap 'non-profiled nmethods': size=119172Kb used=249Kb max_used=249Kb free=118922Kb
 bounds [0x00007fc95c35e000, 0x00007fc95c5ce000, 0x00007fc9637bf000]
CodeHeap 'profiled nmethods': size=119168Kb used=1874Kb max_used=1874Kb free=117293Kb
 bounds [0x00007fc954efe000, 0x00007fc95516e000, 0x00007fc95c35e000]
CodeHeap 'non-nmethods': size=7420Kb used=2272Kb max_used=2285Kb free=5147Kb
 bounds [0x00007fc9547bf000, 0x00007fc954a2f000, 0x00007fc954efe000]
 total_blobs=1400 nmethods=994 adapters=318
 compilation: enabled
              stopped_count=0, restarted_count=0
 full_count=0

Compilation events (20 events):
Event: 0.143 Thread 0x00007fc96c1f8000  979       4       java.util.HashMap::putVal (300 bytes)
Event: 0.144 Thread 0x00007fc908164000 nmethod 943 0x00007fc95c39a310 code [0x00007fc95c39a4e0, 0x00007fc95c39a978]
Event: 0.144 Thread 0x00007fc908164000  981       4       ConstPropValueHolder::getIntValue (25 bytes)
Event: 0.145 Thread 0x00007fc96c1fa000  985       3       java.util.HashMap::removeNode (291 bytes)
Event: 0.145 Thread 0x00007fc91c084000  983       3       java.util.HashSet::remove (20 bytes)
Event: 0.145 Thread 0x00007fc908164000 nmethod 981 0x00007fc95c39b210 code [0x00007fc95c39b3a0, 0x00007fc95c39b438]
Event: 0.145 Thread 0x00007fc908164000  977       4       java.util.HashMap::afterNodeAccess (1 bytes)
Event: 0.145 Thread 0x00007fc91c2ad000  984       3       java.util.HashMap::remove (26 bytes)
Event: 0.145 Thread 0x00007fc908164000 nmethod 977 0x00007fc95c39b910 code [0x00007fc95c39baa0, 0x00007fc95c39bb18]
Event: 0.145 Thread 0x00007fc908164000  980       4       org.bytedeco.javacpp.Pointer::equals (82 bytes)
Event: 0.145 Thread 0x00007fc91c084000 nmethod 983 0x00007fc9550cbb90 code [0x00007fc9550cbd80, 0x00007fc9550cc250]
Event: 0.145 Thread 0x00007fc91c084000  988       3       java.util.HashSet::contains (9 bytes)
Event: 0.145 Thread 0x00007fc91c2ad000 nmethod 984 0x00007fc9550cc410 code [0x00007fc9550cc600, 0x00007fc9550cc970]
Event: 0.145 Thread 0x00007fc91c2ad000  989       3       java.util.HashMap$TreeNode::<init> (10 bytes)
Event: 0.145 Thread 0x00007fc91c084000 nmethod 988 0x00007fc9550ccb10 code [0x00007fc9550ccd00, 0x00007fc9550cd150]
Event: 0.145 Thread 0x00007fc91c084000  990       3       org.bytedeco.javacpp.Pointer::isNull (15 bytes)
Event: 0.145 Thread 0x00007fc91c084000 nmethod 990 0x00007fc9550cd290 code [0x00007fc9550cd440, 0x00007fc9550cd5b0]
Event: 0.145 Thread 0x00007fc91c2ad000 nmethod 989 0x00007fc9550cd690 code [0x00007fc9550cd860, 0x00007fc9550cdbd0]
Event: 0.145 Thread 0x00007fc908165800 nmethod 976 0x00007fc95c39bc10 code [0x00007fc95c39bda0, 0x00007fc95c39c1b8]
Event: 0.145 Thread 0x00007fc908165800  978       4       java.util.HashMap::put (13 bytes)

GC Heap History (0 events):
No events

Deoptimization events (20 events):
Event: 0.113 Thread 0x00007fc96c015800 DEOPT PACKING pc=0x00007fc95c385814 sp=0x00007fc9729d1020
Event: 0.113 Thread 0x00007fc96c015800 DEOPT UNPACKING pc=0x00007fc954808ea5 sp=0x00007fc9729d0fb8 mode 2
Event: 0.113 Thread 0x00007fc96c015800 Uncommon trap: trap_request=0xffffffc6 fr.pc=0x00007fc95c385814 relative=0x00000000000003b4
Event: 0.113 Thread 0x00007fc96c015800 Uncommon trap: reason=bimorphic_or_optimized_type_check action=maybe_recompile pc=0x00007fc95c385814 method=java.util.HashMap.getNode(ILjava/lang/Object;)Ljava/util/HashMap$Node; @ 126 c2
Event: 0.113 Thread 0x00007fc96c015800 DEOPT PACKING pc=0x00007fc95c385814 sp=0x00007fc9729d1020
Event: 0.113 Thread 0x00007fc96c015800 DEOPT UNPACKING pc=0x00007fc954808ea5 sp=0x00007fc9729d0fb8 mode 2
Event: 0.113 Thread 0x00007fc96c015800 Uncommon trap: trap_request=0xffffffc6 fr.pc=0x00007fc95c385814 relative=0x00000000000003b4
Event: 0.113 Thread 0x00007fc96c015800 Uncommon trap: reason=bimorphic_or_optimized_type_check action=maybe_recompile pc=0x00007fc95c385814 method=java.util.HashMap.getNode(ILjava/lang/Object;)Ljava/util/HashMap$Node; @ 126 c2
Event: 0.113 Thread 0x00007fc96c015800 DEOPT PACKING pc=0x00007fc95c385814 sp=0x00007fc9729d1020
Event: 0.113 Thread 0x00007fc96c015800 DEOPT UNPACKING pc=0x00007fc954808ea5 sp=0x00007fc9729d0fb8 mode 2
Event: 0.137 Thread 0x00007fc96c015800 Uncommon trap: trap_request=0xffffff4d fr.pc=0x00007fc95c389a88 relative=0x00000000000001c8
Event: 0.137 Thread 0x00007fc96c015800 Uncommon trap: reason=unstable_if action=reinterpret pc=0x00007fc95c389a88 method=java.util.HashMap.getNode(ILjava/lang/Object;)Ljava/util/HashMap$Node; @ 84 c2
Event: 0.137 Thread 0x00007fc96c015800 DEOPT PACKING pc=0x00007fc95c389a88 sp=0x00007fc9729d1640
Event: 0.137 Thread 0x00007fc96c015800 DEOPT UNPACKING pc=0x00007fc954808ea5 sp=0x00007fc9729d15d0 mode 2
Event: 0.141 Thread 0x00007fc96c015800 DEOPT PACKING pc=0x00007fc954fa6965 sp=0x00007fc9729d1500
Event: 0.141 Thread 0x00007fc96c015800 DEOPT UNPACKING pc=0x00007fc95480964a sp=0x00007fc9729d0980 mode 0
Event: 0.141 Thread 0x00007fc96c015800 Uncommon trap: trap_request=0xffffff4d fr.pc=0x00007fc95c3970cc relative=0x00000000000006cc
Event: 0.141 Thread 0x00007fc96c015800 Uncommon trap: reason=unstable_if action=reinterpret pc=0x00007fc95c3970cc method=java.util.HashMap.putVal(ILjava/lang/Object;Ljava/lang/Object;ZZ)Ljava/lang/Object; @ 109 c2
Event: 0.141 Thread 0x00007fc96c015800 DEOPT PACKING pc=0x00007fc95c3970cc sp=0x00007fc9729d16a0
Event: 0.141 Thread 0x00007fc96c015800 DEOPT UNPACKING pc=0x00007fc954808ea5 sp=0x00007fc9729d1628 mode 2

Classes redefined (0 events):
No events

Internal exceptions (20 events):
Event: 0.024 Thread 0x00007fc96c015800 Exception <a 'java/security/PrivilegedActionException'{0x0000000718039ea0}> (0x0000000718039ea0) thrown at [./src/hotspot/share/prims/jvm.cpp, line 1304]
Event: 0.024 Thread 0x00007fc96c015800 Exception <a 'java/security/PrivilegedActionException'{0x000000071803a170}> (0x000000071803a170) thrown at [./src/hotspot/share/prims/jvm.cpp, line 1304]
Event: 0.024 Thread 0x00007fc96c015800 Exception <a 'java/security/PrivilegedActionException'{0x000000071803ad88}> (0x000000071803ad88) thrown at [./src/hotspot/share/prims/jvm.cpp, line 1304]
Event: 0.024 Thread 0x00007fc96c015800 Exception <a 'java/security/PrivilegedActionException'{0x000000071803b058}> (0x000000071803b058) thrown at [./src/hotspot/share/prims/jvm.cpp, line 1304]
Event: 0.024 Thread 0x00007fc96c015800 Exception <a 'java/security/PrivilegedActionException'{0x000000071803bc70}> (0x000000071803bc70) thrown at [./src/hotspot/share/prims/jvm.cpp, line 1304]
Event: 0.024 Thread 0x00007fc96c015800 Exception <a 'java/security/PrivilegedActionException'{0x000000071803bf40}> (0x000000071803bf40) thrown at [./src/hotspot/share/prims/jvm.cpp, line 1304]
Event: 0.024 Thread 0x00007fc96c015800 Exception <a 'java/security/PrivilegedActionException'{0x000000071803cb70}> (0x000000071803cb70) thrown at [./src/hotspot/share/prims/jvm.cpp, line 1304]
Event: 0.024 Thread 0x00007fc96c015800 Exception <a 'java/security/PrivilegedActionException'{0x000000071803ce40}> (0x000000071803ce40) thrown at [./src/hotspot/share/prims/jvm.cpp, line 1304]
Event: 0.024 Thread 0x00007fc96c015800 Exception <a 'java/security/PrivilegedActionException'{0x000000071803da70}> (0x000000071803da70) thrown at [./src/hotspot/share/prims/jvm.cpp, line 1304]
Event: 0.024 Thread 0x00007fc96c015800 Exception <a 'java/security/PrivilegedActionException'{0x000000071803dd40}> (0x000000071803dd40) thrown at [./src/hotspot/share/prims/jvm.cpp, line 1304]
Event: 0.024 Thread 0x00007fc96c015800 Exception <a 'java/security/PrivilegedActionException'{0x000000071803e970}> (0x000000071803e970) thrown at [./src/hotspot/share/prims/jvm.cpp, line 1304]
Event: 0.024 Thread 0x00007fc96c015800 Exception <a 'java/security/PrivilegedActionException'{0x000000071803ec40}> (0x000000071803ec40) thrown at [./src/hotspot/share/prims/jvm.cpp, line 1304]
Event: 0.024 Thread 0x00007fc96c015800 Exception <a 'java/security/PrivilegedActionException'{0x000000071803f858}> (0x000000071803f858) thrown at [./src/hotspot/share/prims/jvm.cpp, line 1304]
Event: 0.024 Thread 0x00007fc96c015800 Exception <a 'java/security/PrivilegedActionException'{0x000000071803fb28}> (0x000000071803fb28) thrown at [./src/hotspot/share/prims/jvm.cpp, line 1304]
Event: 0.024 Thread 0x00007fc96c015800 Exception <a 'java/security/PrivilegedActionException'{0x0000000718040758}> (0x0000000718040758) thrown at [./src/hotspot/share/prims/jvm.cpp, line 1304]
Event: 0.024 Thread 0x00007fc96c015800 Exception <a 'java/security/PrivilegedActionException'{0x0000000718040a28}> (0x0000000718040a28) thrown at [./src/hotspot/share/prims/jvm.cpp, line 1304]
Event: 0.065 Thread 0x00007fc96c015800 Exception <a 'java/lang/NoSuchMethodError'{0x0000000717dc7a50}: 'int java.lang.invoke.DirectMethodHandle$Holder.invokeStaticInit(java.lang.Object, java.lang.Object, java.lang.Object, java.lang.Object)'> (0x0000000717dc7a50) thrown at [./src/hotspot/share/interpreter/linkResolver.cpp, line 772]
Event: 0.065 Thread 0x00007fc96c015800 Exception <a 'java/lang/IncompatibleClassChangeError'{0x0000000717dd1f38}: Found class java.lang.Object, but interface was expected> (0x0000000717dd1f38) thrown at [./src/hotspot/share/interpreter/linkResolver.cpp, line 839]
Event: 0.066 Thread 0x00007fc96c015800 Exception <a 'java/lang/NoSuchMethodError'{0x0000000717dd5188}: 'void java.lang.invoke.DirectMethodHandle$Holder.invokeStaticInit(java.lang.Object, java.lang.Object)'> (0x0000000717dd5188) thrown at [./src/hotspot/share/interpreter/linkResolver.cpp, line 772]
Event: 0.066 Thread 0x00007fc96c015800 Exception <a 'java/lang/NoSuchMethodError'{0x0000000717ddc658}: 'int java.lang.invoke.DirectMethodHandle$Holder.invokeStaticInit(java.lang.Object, java.lang.Object)'> (0x0000000717ddc658) thrown at [./src/hotspot/share/interpreter/linkResolver.cpp, line 772]

Events (20 events):
Event: 0.129 loading class java/lang/invoke/BoundMethodHandle$Species_LLLLLLII
Event: 0.129 loading class java/lang/invoke/BoundMethodHandle$Species_LLLLLLII done
Event: 0.129 loading class java/lang/invoke/BoundMethodHandle$Species_LLLLLLIIL
Event: 0.129 loading class java/lang/invoke/BoundMethodHandle$Species_LLLLLLIIL done
Event: 0.130 loading class semantic_check/Symbol
Event: 0.130 loading class semantic_check/Symbol done
Event: 0.131 loading class java/util/AbstractMap$SimpleEntry
Event: 0.131 loading class java/util/AbstractMap$SimpleEntry done
Event: 0.132 loading class LLVMIRToRiscv
Event: 0.132 loading class LLVMIRToRiscv done
Event: 0.132 loading class RegisterAllocator
Event: 0.132 loading class RegisterAllocator done
Event: 0.132 loading class AsmBuilder
Event: 0.132 loading class AsmBuilder done
Event: 0.135 loading class LLVMIROptimization
Event: 0.135 loading class LLVMIROptimization done
Event: 0.136 loading class ConstPropValueHolder
Event: 0.136 loading class ConstPropValueHolder done
Event: 0.136 loading class ConstPropValueHolder$Kind
Event: 0.136 loading class ConstPropValueHolder$Kind done


Dynamic libraries:
708a00000-718200000 rw-p 00000000 00:00 0 
718200000-7bfe00000 ---p 00000000 00:00 0 
7bfe00000-7bfe48000 rw-p 00b14000 08:20 134337                           /usr/lib/jvm/java-11-openjdk-amd64/lib/server/classes.jsa
7bfe48000-7bff00000 rw-p 00000000 00:00 0 
7bff00000-7bff6c000 rw-p 00aa8000 08:20 134337                           /usr/lib/jvm/java-11-openjdk-amd64/lib/server/classes.jsa
7bff6c000-7c0000000 rw-p 00000000 00:00 0 
7c0000000-800000000 ---p 00000000 00:00 0 
800000000-800002000 rwxp 00001000 08:20 134337                           /usr/lib/jvm/java-11-openjdk-amd64/lib/server/classes.jsa
800002000-8003ce000 rw-p 00003000 08:20 134337                           /usr/lib/jvm/java-11-openjdk-amd64/lib/server/classes.jsa
8003ce000-800aa6000 r--p 003cf000 08:20 134337                           /usr/lib/jvm/java-11-openjdk-amd64/lib/server/classes.jsa
800aa6000-800aa7000 rw-p 00aa7000 08:20 134337                           /usr/lib/jvm/java-11-openjdk-amd64/lib/server/classes.jsa
840000000-8400c0000 rw-p 00000000 00:00 0 
8400c0000-880000000 ---p 00000000 00:00 0 
560877cb6000-560877cb7000 r--p 00000000 08:20 134745                     /usr/lib/jvm/java-11-openjdk-amd64/bin/java
560877cb7000-560877cb8000 r-xp 00001000 08:20 134745                     /usr/lib/jvm/java-11-openjdk-amd64/bin/java
560877cb8000-560877cb9000 r--p 00002000 08:20 134745                     /usr/lib/jvm/java-11-openjdk-amd64/bin/java
560877cb9000-560877cba000 r--p 00002000 08:20 134745                     /usr/lib/jvm/java-11-openjdk-amd64/bin/java
560877cba000-560877cbb000 rw-p 00003000 08:20 134745                     /usr/lib/jvm/java-11-openjdk-amd64/bin/java
560884cae000-560884ccf000 rw-p 00000000 00:00 0                          [heap]
7fc8ec000000-7fc8ec021000 rw-p 00000000 00:00 0 
7fc8ec021000-7fc8f0000000 ---p 00000000 00:00 0 
7fc8f152c000-7fc8f1e52000 r--p 00000000 08:20 204242                     /home/crz/.javacpp/cache/llvm-13.0.1-1.5.7-linux-x86_64.jar/org/bytedeco/llvm/linux-x86_64/libLLVM-13.so
7fc8f1e52000-7fc8f5815000 r-xp 00926000 08:20 204242                     /home/crz/.javacpp/cache/llvm-13.0.1-1.5.7-linux-x86_64.jar/org/bytedeco/llvm/linux-x86_64/libLLVM-13.so
7fc8f5815000-7fc8f7a6a000 r--p 042e9000 08:20 204242                     /home/crz/.javacpp/cache/llvm-13.0.1-1.5.7-linux-x86_64.jar/org/bytedeco/llvm/linux-x86_64/libLLVM-13.so
7fc8f7a6a000-7fc8f7f7f000 r--p 0653d000 08:20 204242                     /home/crz/.javacpp/cache/llvm-13.0.1-1.5.7-linux-x86_64.jar/org/bytedeco/llvm/linux-x86_64/libLLVM-13.so
7fc8f7f7f000-7fc8f7f8a000 rw-p 06a52000 08:20 204242                     /home/crz/.javacpp/cache/llvm-13.0.1-1.5.7-linux-x86_64.jar/org/bytedeco/llvm/linux-x86_64/libLLVM-13.so
7fc8f7f8a000-7fc8f8000000 rw-p 00000000 00:00 0 
7fc8f8000000-7fc8f8081000 rw-p 00000000 00:00 0 
7fc8f8081000-7fc8fc000000 ---p 00000000 00:00 0 
7fc8fc000000-7fc8fc092000 rw-p 00000000 00:00 0 
7fc8fc092000-7fc900000000 ---p 00000000 00:00 0 
7fc900000000-7fc900021000 rw-p 00000000 00:00 0 
7fc900021000-7fc904000000 ---p 00000000 00:00 0 
7fc904000000-7fc904021000 rw-p 00000000 00:00 0 
7fc904021000-7fc908000000 ---p 00000000 00:00 0 
7fc908000000-7fc908171000 rw-p 00000000 00:00 0 
7fc908171000-7fc90c000000 ---p 00000000 00:00 0 
7fc90c000000-7fc90c021000 rw-p 00000000 00:00 0 
7fc90c021000-7fc910000000 ---p 00000000 00:00 0 
7fc910000000-7fc910021000 rw-p 00000000 00:00 0 
7fc910021000-7fc914000000 ---p 00000000 00:00 0 
7fc91768e000-7fc917695000 r--s 00000000 08:20 126784                     /usr/lib/x86_64-linux-gnu/gconv/gconv-modules.cache
7fc917695000-7fc917699000 ---p 00000000 00:00 0 
7fc917699000-7fc917795000 rw-p 00000000 00:00 0 
7fc917795000-7fc9177fa000 r--p 00000000 08:20 204256                     /home/crz/.javacpp/cache/llvm-13.0.1-1.5.7-linux-x86_64.jar/org/bytedeco/llvm/linux-x86_64/libjniLLVM.so
7fc9177fa000-7fc917868000 r-xp 00065000 08:20 204256                     /home/crz/.javacpp/cache/llvm-13.0.1-1.5.7-linux-x86_64.jar/org/bytedeco/llvm/linux-x86_64/libjniLLVM.so
7fc917868000-7fc917893000 r--p 000d3000 08:20 204256                     /home/crz/.javacpp/cache/llvm-13.0.1-1.5.7-linux-x86_64.jar/org/bytedeco/llvm/linux-x86_64/libjniLLVM.so
7fc917893000-7fc917896000 r--p 000fd000 08:20 204256                     /home/crz/.javacpp/cache/llvm-13.0.1-1.5.7-linux-x86_64.jar/org/bytedeco/llvm/linux-x86_64/libjniLLVM.so
7fc917896000-7fc917899000 rw-p 00100000 08:20 204256                     /home/crz/.javacpp/cache/llvm-13.0.1-1.5.7-linux-x86_64.jar/org/bytedeco/llvm/linux-x86_64/libjniLLVM.so
7fc917899000-7fc91789b000 rw-p 00000000 00:00 0 
7fc91789b000-7fc91789c000 r--p 00000000 08:20 204251                     /home/crz/.javacpp/cache/llvm-13.0.1-1.5.7-linux-x86_64.jar/org/bytedeco/llvm/linux-x86_64/libRemarks.so.13
7fc91789c000-7fc91789d000 r-xp 00001000 08:20 204251                     /home/crz/.javacpp/cache/llvm-13.0.1-1.5.7-linux-x86_64.jar/org/bytedeco/llvm/linux-x86_64/libRemarks.so.13
7fc91789d000-7fc91789e000 r--p 00002000 08:20 204251                     /home/crz/.javacpp/cache/llvm-13.0.1-1.5.7-linux-x86_64.jar/org/bytedeco/llvm/linux-x86_64/libRemarks.so.13
7fc91789e000-7fc91789f000 r--p 00002000 08:20 204251                     /home/crz/.javacpp/cache/llvm-13.0.1-1.5.7-linux-x86_64.jar/org/bytedeco/llvm/linux-x86_64/libRemarks.so.13
7fc91789f000-7fc9178a0000 rw-p 00003000 08:20 204251                     /home/crz/.javacpp/cache/llvm-13.0.1-1.5.7-linux-x86_64.jar/org/bytedeco/llvm/linux-x86_64/libRemarks.so.13
7fc9178a0000-7fc9178a1000 r--p 00000000 08:20 104103                     /usr/lib/x86_64-linux-gnu/libdl.so.2
7fc9178a1000-7fc9178a2000 r-xp 00001000 08:20 104103                     /usr/lib/x86_64-linux-gnu/libdl.so.2
7fc9178a2000-7fc9178a3000 r--p 00002000 08:20 104103                     /usr/lib/x86_64-linux-gnu/libdl.so.2
7fc9178a3000-7fc9178a4000 r--p 00002000 08:20 104103                     /usr/lib/x86_64-linux-gnu/libdl.so.2
7fc9178a4000-7fc9178a5000 rw-p 00003000 08:20 104103                     /usr/lib/x86_64-linux-gnu/libdl.so.2
7fc9178a5000-7fc9178a9000 ---p 00000000 00:00 0 
7fc9178a9000-7fc9179a5000 rw-p 00000000 00:00 0 
7fc9179a5000-7fc9179a9000 ---p 00000000 00:00 0 
7fc9179a9000-7fc917aa5000 rw-p 00000000 00:00 0 
7fc917aa5000-7fc917aa9000 ---p 00000000 00:00 0 
7fc917aa9000-7fc917ba5000 rw-p 00000000 00:00 0 
7fc917ba5000-7fc917ba6000 r--p 00000000 08:20 104244                     /usr/lib/x86_64-linux-gnu/libpthread.so.0
7fc917ba6000-7fc917ba7000 r-xp 00001000 08:20 104244                     /usr/lib/x86_64-linux-gnu/libpthread.so.0
7fc917ba7000-7fc917ba8000 r--p 00002000 08:20 104244                     /usr/lib/x86_64-linux-gnu/libpthread.so.0
7fc917ba8000-7fc917ba9000 r--p 00002000 08:20 104244                     /usr/lib/x86_64-linux-gnu/libpthread.so.0
7fc917ba9000-7fc917baa000 rw-p 00003000 08:20 104244                     /usr/lib/x86_64-linux-gnu/libpthread.so.0
7fc917baa000-7fc917bb1000 r--p 00000000 08:20 204245                     /home/crz/.javacpp/cache/llvm-13.0.1-1.5.7-linux-x86_64.jar/org/bytedeco/llvm/linux-x86_64/libLTO.so.13
7fc917bb1000-7fc917bb9000 r-xp 00007000 08:20 204245                     /home/crz/.javacpp/cache/llvm-13.0.1-1.5.7-linux-x86_64.jar/org/bytedeco/llvm/linux-x86_64/libLTO.so.13
7fc917bb9000-7fc917bbb000 r--p 0000f000 08:20 204245                     /home/crz/.javacpp/cache/llvm-13.0.1-1.5.7-linux-x86_64.jar/org/bytedeco/llvm/linux-x86_64/libLTO.so.13
7fc917bbb000-7fc917bbc000 r--p 00010000 08:20 204245                     /home/crz/.javacpp/cache/llvm-13.0.1-1.5.7-linux-x86_64.jar/org/bytedeco/llvm/linux-x86_64/libLTO.so.13
7fc917bbc000-7fc917bbd000 rw-p 00011000 08:20 204245                     /home/crz/.javacpp/cache/llvm-13.0.1-1.5.7-linux-x86_64.jar/org/bytedeco/llvm/linux-x86_64/libLTO.so.13
7fc917bbd000-7fc917bc1000 r--p 00000000 08:20 204229                     /home/crz/.javacpp/cache/javacpp-1.5.7-linux-x86_64.jar/org/bytedeco/javacpp/linux-x86_64/libjnijavacpp.so
7fc917bc1000-7fc917bc8000 r-xp 00004000 08:20 204229                     /home/crz/.javacpp/cache/javacpp-1.5.7-linux-x86_64.jar/org/bytedeco/javacpp/linux-x86_64/libjnijavacpp.so
7fc917bc8000-7fc917bcc000 r--p 0000b000 08:20 204229                     /home/crz/.javacpp/cache/javacpp-1.5.7-linux-x86_64.jar/org/bytedeco/javacpp/linux-x86_64/libjnijavacpp.so
7fc917bcc000-7fc917bcd000 r--p 0000e000 08:20 204229                     /home/crz/.javacpp/cache/javacpp-1.5.7-linux-x86_64.jar/org/bytedeco/javacpp/linux-x86_64/libjnijavacpp.so
7fc917bcd000-7fc917bce000 rw-p 0000f000 08:20 204229                     /home/crz/.javacpp/cache/javacpp-1.5.7-linux-x86_64.jar/org/bytedeco/javacpp/linux-x86_64/libjnijavacpp.so
7fc917bce000-7fc917bff000 rw-p 00000000 00:00 0 
7fc917bff000-7fc917c03000 ---p 00000000 00:00 0 
7fc917c03000-7fc917cff000 rw-p 00000000 00:00 0 
7fc917cff000-7fc917d00000 ---p 00000000 00:00 0 
7fc917d00000-7fc917e00000 rw-p 00000000 00:00 0 
7fc917e00000-7fc917e04000 ---p 00000000 00:00 0 
7fc917e04000-7fc917f00000 rw-p 00000000 00:00 0 
7fc917f00000-7fc917f04000 ---p 00000000 00:00 0 
7fc917f04000-7fc918000000 rw-p 00000000 00:00 0 
7fc918000000-7fc918286000 rw-p 00000000 00:00 0 
7fc918286000-7fc91c000000 ---p 00000000 00:00 0 
7fc91c000000-7fc91c2c3000 rw-p 00000000 00:00 0 
7fc91c2c3000-7fc920000000 ---p 00000000 00:00 0 
7fc920000000-7fc920021000 rw-p 00000000 00:00 0 
7fc920021000-7fc924000000 ---p 00000000 00:00 0 
7fc924000000-7fc924021000 rw-p 00000000 00:00 0 
7fc924021000-7fc928000000 ---p 00000000 00:00 0 
7fc928000000-7fc928021000 rw-p 00000000 00:00 0 
7fc928021000-7fc92c000000 ---p 00000000 00:00 0 
7fc92c000000-7fc92c021000 rw-p 00000000 00:00 0 
7fc92c021000-7fc930000000 ---p 00000000 00:00 0 
7fc930000000-7fc930021000 rw-p 00000000 00:00 0 
7fc930021000-7fc934000000 ---p 00000000 00:00 0 
7fc934000000-7fc934021000 rw-p 00000000 00:00 0 
7fc934021000-7fc938000000 ---p 00000000 00:00 0 
7fc938000000-7fc938021000 rw-p 00000000 00:00 0 
7fc938021000-7fc93c000000 ---p 00000000 00:00 0 
7fc93c000000-7fc93c021000 rw-p 00000000 00:00 0 
7fc93c021000-7fc940000000 ---p 00000000 00:00 0 
7fc940000000-7fc940004000 r--p 00000000 08:20 134814                     /usr/lib/jvm/java-11-openjdk-amd64/lib/libnet.so
7fc940004000-7fc940012000 r-xp 00004000 08:20 134814                     /usr/lib/jvm/java-11-openjdk-amd64/lib/libnet.so
7fc940012000-7fc940016000 r--p 00012000 08:20 134814                     /usr/lib/jvm/java-11-openjdk-amd64/lib/libnet.so
7fc940016000-7fc940017000 r--p 00015000 08:20 134814                     /usr/lib/jvm/java-11-openjdk-amd64/lib/libnet.so
7fc940017000-7fc940018000 rw-p 00016000 08:20 134814                     /usr/lib/jvm/java-11-openjdk-amd64/lib/libnet.so
7fc940018000-7fc94001f000 r--p 00000000 08:20 134815                     /usr/lib/jvm/java-11-openjdk-amd64/lib/libnio.so
7fc94001f000-7fc940027000 r-xp 00007000 08:20 134815                     /usr/lib/jvm/java-11-openjdk-amd64/lib/libnio.so
7fc940027000-7fc94002a000 r--p 0000f000 08:20 134815                     /usr/lib/jvm/java-11-openjdk-amd64/lib/libnio.so
7fc94002a000-7fc94002b000 r--p 00011000 08:20 134815                     /usr/lib/jvm/java-11-openjdk-amd64/lib/libnio.so
7fc94002b000-7fc94002c000 rw-p 00012000 08:20 134815                     /usr/lib/jvm/java-11-openjdk-amd64/lib/libnio.so
7fc94002c000-7fc940030000 ---p 00000000 00:00 0 
7fc940030000-7fc94012c000 rw-p 00000000 00:00 0 
7fc94012c000-7fc940130000 ---p 00000000 00:00 0 
7fc940130000-7fc94022c000 rw-p 00000000 00:00 0 
7fc94022c000-7fc940230000 ---p 00000000 00:00 0 
7fc940230000-7fc94032c000 rw-p 00000000 00:00 0 
7fc94032c000-7fc940330000 ---p 00000000 00:00 0 
7fc940330000-7fc94042c000 rw-p 00000000 00:00 0 
7fc94042c000-7fc940a19000 r--p 00000000 08:20 13349                      /usr/lib/locale/locale-archive
7fc940a19000-7fc940a1d000 ---p 00000000 00:00 0 
7fc940a1d000-7fc940b19000 rw-p 00000000 00:00 0 
7fc940b19000-7fc940b1d000 ---p 00000000 00:00 0 
7fc940b1d000-7fc940c19000 rw-p 00000000 00:00 0 
7fc940c19000-7fc940c1a000 ---p 00000000 00:00 0 
7fc940c1a000-7fc9413f6000 rw-p 00000000 00:00 0 
7fc9413f6000-7fc9415f6000 ---p 00000000 00:00 0 
7fc9415f6000-7fc9415f7000 ---p 00000000 00:00 0 
7fc9415f7000-7fc9416f7000 rw-p 00000000 00:00 0 
7fc9416f7000-7fc9416f8000 ---p 00000000 00:00 0 
7fc9416f8000-7fc944000000 rw-p 00000000 00:00 0 
7fc944000000-7fc944021000 rw-p 00000000 00:00 0 
7fc944021000-7fc948000000 ---p 00000000 00:00 0 
7fc948003000-7fc948830000 rw-p 00000000 00:00 0 
7fc948830000-7fc94b220000 ---p 00000000 00:00 0 
7fc94b220000-7fc94b228000 rw-p 00000000 00:00 0 
7fc94b228000-7fc94c228000 ---p 00000000 00:00 0 
7fc94c228000-7fc94c608000 rw-p 00000000 00:00 0 
7fc94c608000-7fc94eff8000 ---p 00000000 00:00 0 
7fc94eff8000-7fc94f000000 rw-p 00000000 00:00 0 
7fc94f000000-7fc950000000 ---p 00000000 00:00 0 
7fc950000000-7fc950021000 rw-p 00000000 00:00 0 
7fc950021000-7fc954000000 ---p 00000000 00:00 0 
7fc954004000-7fc954080000 rw-p 00000000 00:00 0 
7fc954080000-7fc9545be000 ---p 00000000 00:00 0 
7fc9545be000-7fc9545bf000 rw-p 00000000 00:00 0 
7fc9545bf000-7fc9547bf000 ---p 00000000 00:00 0 
7fc9547bf000-7fc954a2f000 rwxp 00000000 00:00 0 
7fc954a2f000-7fc954efe000 ---p 00000000 00:00 0 
7fc954efe000-7fc95516e000 rwxp 00000000 00:00 0 
7fc95516e000-7fc95c35e000 ---p 00000000 00:00 0 
7fc95c35e000-7fc95c5ce000 rwxp 00000000 00:00 0 
7fc95c5ce000-7fc9637bf000 ---p 00000000 00:00 0 
7fc9637bf000-7fc96c000000 r--s 00000000 08:20 134824                     /usr/lib/jvm/java-11-openjdk-amd64/lib/modules
7fc96c000000-7fc96c4ac000 rw-p 00000000 00:00 0 
7fc96c4ac000-7fc970000000 ---p 00000000 00:00 0 
7fc970000000-7fc970324000 rw-p 00000000 00:00 0 
7fc970324000-7fc970325000 ---p 00000000 00:00 0 
7fc970325000-7fc970425000 rw-p 00000000 00:00 0 
7fc970425000-7fc970426000 ---p 00000000 00:00 0 
7fc970426000-7fc970799000 rw-p 00000000 00:00 0 
7fc970799000-7fc970cd7000 ---p 00000000 00:00 0 
7fc970cd7000-7fc970cd8000 rw-p 00000000 00:00 0 
7fc970cd8000-7fc970ed8000 ---p 00000000 00:00 0 
7fc970ed8000-7fc970f54000 rw-p 00000000 00:00 0 
7fc970f54000-7fc971492000 ---p 00000000 00:00 0 
7fc971492000-7fc971493000 rw-p 00000000 00:00 0 
7fc971493000-7fc971693000 ---p 00000000 00:00 0 
7fc971693000-7fc9725a2000 rw-p 00000000 00:00 0 
7fc9725a2000-7fc9725a3000 ---p 00000000 00:00 0 
7fc9725a3000-7fc9726a8000 rw-p 00000000 00:00 0 
7fc9726a8000-7fc97278c000 ---p 00000000 00:00 0 
7fc97278c000-7fc972791000 rw-p 00000000 00:00 0 
7fc972791000-7fc972875000 ---p 00000000 00:00 0 
7fc972875000-7fc97287a000 rw-p 00000000 00:00 0 
7fc97287a000-7fc972884000 ---p 00000000 00:00 0 
7fc972884000-7fc972886000 r--p 00000000 08:20 134823                     /usr/lib/jvm/java-11-openjdk-amd64/lib/libzip.so
7fc972886000-7fc97288b000 r-xp 00002000 08:20 134823                     /usr/lib/jvm/java-11-openjdk-amd64/lib/libzip.so
7fc97288b000-7fc97288d000 r--p 00007000 08:20 134823                     /usr/lib/jvm/java-11-openjdk-amd64/lib/libzip.so
7fc97288d000-7fc97288e000 r--p 00008000 08:20 134823                     /usr/lib/jvm/java-11-openjdk-amd64/lib/libzip.so
7fc97288e000-7fc97288f000 rw-p 00009000 08:20 134823                     /usr/lib/jvm/java-11-openjdk-amd64/lib/libzip.so
7fc97288f000-7fc972897000 rw-s 00000000 08:20 191509                     /tmp/hsperfdata_crz/46936
7fc972897000-7fc972899000 r--p 00000000 08:20 134806                     /usr/lib/jvm/java-11-openjdk-amd64/lib/libjimage.so
7fc972899000-7fc97289c000 r-xp 00002000 08:20 134806                     /usr/lib/jvm/java-11-openjdk-amd64/lib/libjimage.so
7fc97289c000-7fc97289d000 r--p 00005000 08:20 134806                     /usr/lib/jvm/java-11-openjdk-amd64/lib/libjimage.so
7fc97289d000-7fc97289e000 ---p 00006000 08:20 134806                     /usr/lib/jvm/java-11-openjdk-amd64/lib/libjimage.so
7fc97289e000-7fc97289f000 r--p 00006000 08:20 134806                     /usr/lib/jvm/java-11-openjdk-amd64/lib/libjimage.so
7fc97289f000-7fc9728a0000 rw-p 00007000 08:20 134806                     /usr/lib/jvm/java-11-openjdk-amd64/lib/libjimage.so
7fc9728a0000-7fc9728ae000 r--p 00000000 08:20 134803                     /usr/lib/jvm/java-11-openjdk-amd64/lib/libjava.so
7fc9728ae000-7fc9728c4000 r-xp 0000e000 08:20 134803                     /usr/lib/jvm/java-11-openjdk-amd64/lib/libjava.so
7fc9728c4000-7fc9728cb000 r--p 00024000 08:20 134803                     /usr/lib/jvm/java-11-openjdk-amd64/lib/libjava.so
7fc9728cb000-7fc9728cc000 r--p 0002a000 08:20 134803                     /usr/lib/jvm/java-11-openjdk-amd64/lib/libjava.so
7fc9728cc000-7fc9728cd000 rw-p 0002b000 08:20 134803                     /usr/lib/jvm/java-11-openjdk-amd64/lib/libjava.so
7fc9728cd000-7fc9728ce000 rw-p 00000000 00:00 0 
7fc9728ce000-7fc9728cf000 r--p 00000000 08:20 105137                     /usr/lib/x86_64-linux-gnu/librt.so.1
7fc9728cf000-7fc9728d0000 r-xp 00001000 08:20 105137                     /usr/lib/x86_64-linux-gnu/librt.so.1
7fc9728d0000-7fc9728d1000 r--p 00002000 08:20 105137                     /usr/lib/x86_64-linux-gnu/librt.so.1
7fc9728d1000-7fc9728d2000 r--p 00002000 08:20 105137                     /usr/lib/x86_64-linux-gnu/librt.so.1
7fc9728d2000-7fc9728d3000 rw-p 00003000 08:20 105137                     /usr/lib/x86_64-linux-gnu/librt.so.1
7fc9728d3000-7fc9728d7000 ---p 00000000 00:00 0 
7fc9728d7000-7fc9729d3000 rw-p 00000000 00:00 0 
7fc9729d3000-7fc9729d6000 r--p 00000000 08:20 6709                       /usr/lib/x86_64-linux-gnu/libgcc_s.so.1
7fc9729d6000-7fc9729ed000 r-xp 00003000 08:20 6709                       /usr/lib/x86_64-linux-gnu/libgcc_s.so.1
7fc9729ed000-7fc9729f1000 r--p 0001a000 08:20 6709                       /usr/lib/x86_64-linux-gnu/libgcc_s.so.1
7fc9729f1000-7fc9729f2000 r--p 0001d000 08:20 6709                       /usr/lib/x86_64-linux-gnu/libgcc_s.so.1
7fc9729f2000-7fc9729f3000 rw-p 0001e000 08:20 6709                       /usr/lib/x86_64-linux-gnu/libgcc_s.so.1
7fc9729f3000-7fc972a01000 r--p 00000000 08:20 104109                     /usr/lib/x86_64-linux-gnu/libm.so.6
7fc972a01000-7fc972a7d000 r-xp 0000e000 08:20 104109                     /usr/lib/x86_64-linux-gnu/libm.so.6
7fc972a7d000-7fc972ad8000 r--p 0008a000 08:20 104109                     /usr/lib/x86_64-linux-gnu/libm.so.6
7fc972ad8000-7fc972ad9000 r--p 000e4000 08:20 104109                     /usr/lib/x86_64-linux-gnu/libm.so.6
7fc972ad9000-7fc972ada000 rw-p 000e5000 08:20 104109                     /usr/lib/x86_64-linux-gnu/libm.so.6
7fc972ada000-7fc972b74000 r--p 00000000 08:20 6947                       /usr/lib/x86_64-linux-gnu/libstdc++.so.6.0.30
7fc972b74000-7fc972c85000 r-xp 0009a000 08:20 6947                       /usr/lib/x86_64-linux-gnu/libstdc++.so.6.0.30
7fc972c85000-7fc972cf4000 r--p 001ab000 08:20 6947                       /usr/lib/x86_64-linux-gnu/libstdc++.so.6.0.30
7fc972cf4000-7fc972cf5000 ---p 0021a000 08:20 6947                       /usr/lib/x86_64-linux-gnu/libstdc++.so.6.0.30
7fc972cf5000-7fc972d00000 r--p 0021a000 08:20 6947                       /usr/lib/x86_64-linux-gnu/libstdc++.so.6.0.30
7fc972d00000-7fc972d03000 rw-p 00225000 08:20 6947                       /usr/lib/x86_64-linux-gnu/libstdc++.so.6.0.30
7fc972d03000-7fc972d06000 rw-p 00000000 00:00 0 
7fc972d06000-7fc972f89000 r--p 00000000 08:20 134827                     /usr/lib/jvm/java-11-openjdk-amd64/lib/server/libjvm.so
7fc972f89000-7fc973c34000 r-xp 00283000 08:20 134827                     /usr/lib/jvm/java-11-openjdk-amd64/lib/server/libjvm.so
7fc973c34000-7fc973e90000 r--p 00f2e000 08:20 134827                     /usr/lib/jvm/java-11-openjdk-amd64/lib/server/libjvm.so
7fc973e90000-7fc973f54000 r--p 01189000 08:20 134827                     /usr/lib/jvm/java-11-openjdk-amd64/lib/server/libjvm.so
7fc973f54000-7fc973f8f000 rw-p 0124d000 08:20 134827                     /usr/lib/jvm/java-11-openjdk-amd64/lib/server/libjvm.so
7fc973f8f000-7fc973fe9000 rw-p 00000000 00:00 0 
7fc973fe9000-7fc974011000 r--p 00000000 08:20 104085                     /usr/lib/x86_64-linux-gnu/libc.so.6
7fc974011000-7fc9741a6000 r-xp 00028000 08:20 104085                     /usr/lib/x86_64-linux-gnu/libc.so.6
7fc9741a6000-7fc9741fe000 r--p 001bd000 08:20 104085                     /usr/lib/x86_64-linux-gnu/libc.so.6
7fc9741fe000-7fc9741ff000 ---p 00215000 08:20 104085                     /usr/lib/x86_64-linux-gnu/libc.so.6
7fc9741ff000-7fc974203000 r--p 00215000 08:20 104085                     /usr/lib/x86_64-linux-gnu/libc.so.6
7fc974203000-7fc974205000 rw-p 00219000 08:20 104085                     /usr/lib/x86_64-linux-gnu/libc.so.6
7fc974205000-7fc974212000 rw-p 00000000 00:00 0 
7fc974212000-7fc974215000 r--p 00000000 08:20 134788                     /usr/lib/jvm/java-11-openjdk-amd64/lib/jli/libjli.so
7fc974215000-7fc97421f000 r-xp 00003000 08:20 134788                     /usr/lib/jvm/java-11-openjdk-amd64/lib/jli/libjli.so
7fc97421f000-7fc974222000 r--p 0000d000 08:20 134788                     /usr/lib/jvm/java-11-openjdk-amd64/lib/jli/libjli.so
7fc974222000-7fc974223000 ---p 00010000 08:20 134788                     /usr/lib/jvm/java-11-openjdk-amd64/lib/jli/libjli.so
7fc974223000-7fc974224000 r--p 00010000 08:20 134788                     /usr/lib/jvm/java-11-openjdk-amd64/lib/jli/libjli.so
7fc974224000-7fc974225000 rw-p 00011000 08:20 134788                     /usr/lib/jvm/java-11-openjdk-amd64/lib/jli/libjli.so
7fc974225000-7fc974227000 r--p 00000000 08:20 6997                       /usr/lib/x86_64-linux-gnu/libz.so.1.2.11
7fc974227000-7fc974238000 r-xp 00002000 08:20 6997                       /usr/lib/x86_64-linux-gnu/libz.so.1.2.11
7fc974238000-7fc97423e000 r--p 00013000 08:20 6997                       /usr/lib/x86_64-linux-gnu/libz.so.1.2.11
7fc97423e000-7fc97423f000 ---p 00019000 08:20 6997                       /usr/lib/x86_64-linux-gnu/libz.so.1.2.11
7fc97423f000-7fc974240000 r--p 00019000 08:20 6997                       /usr/lib/x86_64-linux-gnu/libz.so.1.2.11
7fc974240000-7fc974241000 rw-p 0001a000 08:20 6997                       /usr/lib/x86_64-linux-gnu/libz.so.1.2.11
7fc974241000-7fc974242000 ---p 00000000 00:00 0 
7fc974242000-7fc974243000 r--p 00000000 00:00 0 
7fc974243000-7fc974248000 r--p 00000000 08:20 134822                     /usr/lib/jvm/java-11-openjdk-amd64/lib/libverify.so
7fc974248000-7fc97424f000 r-xp 00005000 08:20 134822                     /usr/lib/jvm/java-11-openjdk-amd64/lib/libverify.so
7fc97424f000-7fc974251000 r--p 0000c000 08:20 134822                     /usr/lib/jvm/java-11-openjdk-amd64/lib/libverify.so
7fc974251000-7fc974253000 r--p 0000d000 08:20 134822                     /usr/lib/jvm/java-11-openjdk-amd64/lib/libverify.so
7fc974253000-7fc974254000 rw-p 0000f000 08:20 134822                     /usr/lib/jvm/java-11-openjdk-amd64/lib/libverify.so
7fc974254000-7fc974256000 rw-p 00000000 00:00 0 
7fc974256000-7fc974258000 r--p 00000000 08:20 104061                     /usr/lib/x86_64-linux-gnu/ld-linux-x86-64.so.2
7fc974258000-7fc974282000 r-xp 00002000 08:20 104061                     /usr/lib/x86_64-linux-gnu/ld-linux-x86-64.so.2
7fc974282000-7fc97428d000 r--p 0002c000 08:20 104061                     /usr/lib/x86_64-linux-gnu/ld-linux-x86-64.so.2
7fc97428e000-7fc974290000 r--p 00037000 08:20 104061                     /usr/lib/x86_64-linux-gnu/ld-linux-x86-64.so.2
7fc974290000-7fc974292000 rw-p 00039000 08:20 104061                     /usr/lib/x86_64-linux-gnu/ld-linux-x86-64.so.2
7ffef056a000-7ffef058c000 rw-p 00000000 00:00 0                          [stack]
7ffef05dd000-7ffef05e1000 r--p 00000000 00:00 0                          [vvar]
7ffef05e1000-7ffef05e3000 r-xp 00000000 00:00 0                          [vdso]


VM Arguments:
java_command: Main tests/lab6_test/aa_runtimeerror_test.sysy tests/lab6_test/aa_runtimeerror_test.ll
java_class_path (initial): ./classes:/usr/local/lib/antlr-4.9.1-complete.jar:/usr/local/lib/llvm-13.0.1-1.5.7.jar:/usr/local/lib/llvm-13.0.1-1.5.7-linux-x86_64.jar:/usr/local/lib/llvm-platform-13.0.1-1.5.7.jar:/usr/local/lib/javacpp-1.5.7-linux-x86_64.jar:/usr/local/lib/javacpp-1.5.7.jar
Launcher Type: SUN_STANDARD

[Global flags]
     intx CICompilerCount                          = 12                                        {product} {ergonomic}
     uint ConcGCThreads                            = 4                                         {product} {ergonomic}
     uint G1ConcRefinementThreads                  = 15                                        {product} {ergonomic}
   size_t G1HeapRegionSize                         = 1048576                                   {product} {ergonomic}
    uintx GCDrainStackTargetSize                   = 64                                        {product} {ergonomic}
   size_t InitialHeapSize                          = 260046848                                 {product} {ergonomic}
   size_t MarkStackSize                            = 4194304                                   {product} {ergonomic}
   size_t MaxHeapSize                              = 4150263808                                {product} {ergonomic}
   size_t MaxNewSize                               = 2489319424                                {product} {ergonomic}
   size_t MinHeapDeltaBytes                        = 1048576                                   {product} {ergonomic}
    uintx NonNMethodCodeHeapSize                   = 7594288                                {pd product} {ergonomic}
    uintx NonProfiledCodeHeapSize                  = 122031976                              {pd product} {ergonomic}
    uintx ProfiledCodeHeapSize                     = 122031976                              {pd product} {ergonomic}
    uintx ReservedCodeCacheSize                    = 251658240                              {pd product} {ergonomic}
     bool SegmentedCodeCache                       = true                                      {product} {ergonomic}
     bool UseCompressedClassPointers               = true                                 {lp64_product} {ergonomic}
     bool UseCompressedOops                        = true                                 {lp64_product} {ergonomic}
     bool UseG1GC                                  = true                                      {product} {ergonomic}

Logging:
Log output configuration:
 #0: stdout all=warning uptime,level,tags
 #1: stderr all=off uptime,level,tags

Environment Variables:
CLASSPATH=/usr/local/lib/antlr-4.9.1-complete.jar:/usr/local/lib/llvm-13.0.1-1.5.7.jar:/usr/local/lib/llvm-13.0.1-1.5.7-linux-x86_64.jar:/usr/local/lib/llvm-platform-13.0.1-1.5.7.jar:/usr/local/lib/javacpp-1.5.7-linux-x86_64.jar:/usr/local/lib/javacpp-1.5.7.jar
PATH=/home/crz/.local/bin:/home/crz/.cargo/bin:/home/crz/.local/bin:~/my_script:/usr/local/sbin:/usr/local/bin:/usr/sbin:/usr/bin:/sbin:/bin:/usr/games:/usr/local/games:/usr/lib/wsl/lib:/mnt/c/Program Files/Java/jdk-21/bin:/mnt/c/Program Files/Common Files/Oracle/Java/javapath:/mnt/e/vmware/bin/:/mnt/c/Program Files (x86)/Common Files/Oracle/Java/java8path:/mnt/c/Program Files (x86)/Common Files/Oracle/Java/javapath:/mnt/c/Windows/system32:/mnt/c/Windows:/mnt/c/Windows/System32/Wbem:/mnt/c/Windows/System32/WindowsPowerShell/v1.0/:/mnt/c/Windows/System32/OpenSSH/:/mnt/c/Users/crz/Downloads/winlibs-x86_64-posix-seh-gcc-12.3.0-llvm-16.0.4-mingw-w64ucrt-11.0.0-r1.zip/mingw64/bin:/mnt/d/mingw64/bin:/mnt/d/Git/cmd:/mnt/c/Program Files/dotnet/:/mnt/e/SDL-CPLproj/SDL2/mingw(CLion+VSC)/SDL2-2.26.0-allinone/x86_64-w64-mingw32/bin:/mnt/c/Program Files/Cloudflare/Cloudflare WARP/:/mnt/c/Users/crz/AppData/Local/Programs/Python/Python311/Lib/site-packages/pyecharts:/mnt/c/Program Files/MATLAB/R2023a/runtime/win64:/mnt/c/Program Files/MATLAB/R2023a/bin:/mnt/c/Program Files/gs/gs10.03.1/bin:/mnt/e/:/mnt/e/bitvise-ssh:/mnt/d/:/mnt/c/ProgramData/chocolatey/bin:/mnt/c/Program Files/MySQL/MySQL Server 8.0/bin:/mnt/c/Program Files/MySQL/MySQL Shell 8.0/bin/:/mnt/e/anaconda3:/mnt/e/anaconda3/Library/mingw-w64/bin:/mnt/e/anaconda3/Library/usr/bin:/mnt/e/anaconda3/Library/bin:/mnt/e/anaconda3/Scripts:/mnt/c/Users/crz/AppData/Local/Microsoft/WindowsApps:/mnt/c/Users/crz/Downloads/winlibs-x86_64-posix-seh-gcc-12.3.0-llvm-16.0.4-mingw-w64ucrt-11.0.0-r1.zip/mingw64/bin:/mnt/d/mingw64/bin:/mnt/e/Microsoft VS Code/bin:/mnt/e/CLion 2022.3/bin:/mnt/c/Users/crz/AppData/Local/JetBrains/Toolbox/scripts:/mnt/d/PyCharm 2023.3.4/bin:/mnt/d/IntelliJ IDEA 2023.3.4/bin:/mnt/c/Users/crz/anaconda3/Lib/site-packages:/mnt/d/texlive/2024/bin/windows:/mnt/c/Users/crz/AppData/Roaming/npm:/mnt/d/:/mnt/d/WebStorm 2024.3.2.1/bin:/snap/bin:/mnt/c/Users/crz/AppData/Local/Programs/Microsoft VS Code/bin:/mnt/e/Microsoft\ V
SHELL=/bin/bash
DISPLAY=:0.0
HOSTTYPE=x86_64
LANG=en_US.UTF-8
LC_ALL=en_US.UTF-8
TERM=xterm-256color

Signal Handlers:
SIGSEGV: [libjvm.so+0xebbd40], sa_mask[0]=11111111011111111101111111111110, sa_flags=SA_RESTART|SA_SIGINFO
SIGBUS: [libjvm.so+0xebbd40], sa_mask[0]=11111111011111111101111111111110, sa_flags=SA_RESTART|SA_SIGINFO
SIGFPE: [libjvm.so+0xebbd40], sa_mask[0]=11111111011111111101111111111110, sa_flags=SA_RESTART|SA_SIGINFO
SIGPIPE: [libjvm.so+0xbfe040], sa_mask[0]=11111111011111111101111111111110, sa_flags=SA_RESTART|SA_SIGINFO
SIGXFSZ: [libjvm.so+0xbfe040], sa_mask[0]=11111111011111111101111111111110, sa_flags=SA_RESTART|SA_SIGINFO
SIGILL: [libjvm.so+0xebbd40], sa_mask[0]=11111111011111111101111111111110, sa_flags=SA_RESTART|SA_SIGINFO
SIGUSR2: [libjvm.so+0xbfdee0], sa_mask[0]=00000000000000000000000000000000, sa_flags=SA_RESTART|SA_SIGINFO
SIGHUP: [libjvm.so+0xbfe6a0], sa_mask[0]=11111111011111111101111111111110, sa_flags=SA_RESTART|SA_SIGINFO
SIGINT: [libjvm.so+0xbfe6a0], sa_mask[0]=11111111011111111101111111111110, sa_flags=SA_RESTART|SA_SIGINFO
SIGTERM: [libjvm.so+0xbfe6a0], sa_mask[0]=11111111011111111101111111111110, sa_flags=SA_RESTART|SA_SIGINFO
SIGQUIT: [libjvm.so+0xbfe6a0], sa_mask[0]=11111111011111111101111111111110, sa_flags=SA_RESTART|SA_SIGINFO


---------------  S Y S T E M  ---------------

OS:DISTRIB_ID=Ubuntu
DISTRIB_RELEASE=22.04
DISTRIB_CODENAME=jammy
DISTRIB_DESCRIPTION="Ubuntu 22.04.5 LTS"
uname:Linux 5.15.167.4-microsoft-standard-WSL2 #1 SMP Tue Nov 5 00:21:55 UTC 2024 x86_64
OS uptime: 0 days 5:17 hours
libc:glibc 2.35 NPTL 2.35 
rlimit (soft/hard): STACK 8192k/infinity , CORE 0k/infinity , NPROC 63270/63270 , NOFILE 1048576/1048576 , AS infinity/infinity , CPU infinity/infinity , DATA infinity/infinity , FSIZE infinity/infinity , MEMLOCK 65536k/65536k
load average:1.83 0.52 0.33

/proc/meminfo:
MemTotal:       16204140 kB
MemFree:        12039636 kB
MemAvailable:   13116096 kB
Buffers:            7404 kB
Cached:          1326884 kB
SwapCached:            0 kB
Active:           202080 kB
Inactive:        3516180 kB
Active(anon):       2416 kB
Inactive(anon):  2423704 kB
Active(file):     199664 kB
Inactive(file):  1092476 kB
Unevictable:           0 kB
Mlocked:               0 kB
SwapTotal:       4194304 kB
SwapFree:        4194304 kB
Dirty:                40 kB
Writeback:            76 kB
AnonPages:       2282836 kB
Mapped:           973008 kB
Shmem:             42148 kB
KReclaimable:      64116 kB
Slab:             153868 kB
SReclaimable:      64116 kB
SUnreclaim:        89752 kB
KernelStack:       10416 kB
PageTables:        16316 kB
NFS_Unstable:          0 kB
Bounce:                0 kB
WritebackTmp:          0 kB
CommitLimit:    12296372 kB
Committed_AS:    4642380 kB
VmallocTotal:   34359738367 kB
VmallocUsed:       33504 kB
VmallocChunk:          0 kB
Percpu:            14976 kB
AnonHugePages:   1662976 kB
ShmemHugePages:        0 kB
ShmemPmdMapped:        0 kB
FileHugePages:         0 kB
FilePmdMapped:         0 kB
HugePages_Total:       0
HugePages_Free:        0
HugePages_Rsvd:        0
HugePages_Surp:        0
Hugepagesize:       2048 kB
Hugetlb:               0 kB
DirectMap4k:      130048 kB
DirectMap2M:     8081408 kB
DirectMap1G:    16777216 kB

/sys/kernel/mm/transparent_hugepage/enabled:
[always] madvise never
/sys/kernel/mm/transparent_hugepage/defrag (defrag/compaction efforts parameter):
always defer defer+madvise [madvise] never

Process Memory:
Virtual Size: 7266068K (peak: 15578236K)
Resident Set Size: 105180K (peak: 105432K) (anon: 47832K, file: 57348K, shmem: 0K)
Swapped out: 0K
C-Heap outstanding allocations: 44227K, retained: 2792K
glibc malloc tunables: (default)

/proc/sys/kernel/threads-max (system-wide limit on the number of threads):
126540
/proc/sys/vm/max_map_count (maximum number of memory map areas a process may have):
65530
/proc/sys/kernel/pid_max (system-wide limit on number of process identifiers):
4194304

container (cgroup) information:
container_type: cgroupv1
cpu_cpuset_cpus: 0-19
cpu_memory_nodes: 0
active_processor_count: 20
cpu_quota: no quota
cpu_period: 100000
cpu_shares: no shares
memory_limit_in_bytes: unlimited
memory_and_swap_limit_in_bytes: unlimited
memory_soft_limit_in_bytes: unlimited
memory_usage_in_bytes: 3618148 k
memory_max_usage_in_bytes: 3536884 k
kernel_memory_limit_in_bytes: unlimited
kernel_memory_usage_in_bytes: 56696 k
kernel_memory_max_usage_in_bytes: 82692 k
maximum number of tasks: not supported
current number of tasks: not supported

Hyper-V virtualization detected
Steal ticks since vm start: 0
Steal ticks percentage since vm start:  0.000

CPU:total 20 (initial active 20) (16 cores per cpu, 2 threads per core) family 6 model 186 stepping 2 microcode 0xffffffff, cmov, cx8, fxsr, mmx, sse, sse2, sse3, ssse3, sse4.1, sse4.2, popcnt, avx, avx2, aes, clmul, erms, 3dnowpref, lzcnt, ht, tsc, tscinvbit, bmi1, bmi2, adx, sha, fma
CPU Model and flags from /proc/cpuinfo:
model name	: 13th Gen Intel(R) Core(TM) i9-13900H
flags		: fpu vme de pse tsc msr pae mce cx8 apic sep mtrr pge mca cmov pat pse36 clflush mmx fxsr sse sse2 ss ht syscall nx pdpe1gb rdtscp lm constant_tsc rep_good nopl xtopology tsc_reliable nonstop_tsc cpuid pni pclmulqdq vmx ssse3 fma cx16 pcid sse4_1 sse4_2 x2apic movbe popcnt tsc_deadline_timer aes xsave avx f16c rdrand hypervisor lahf_lm abm 3dnowprefetch invpcid_single ssbd ibrs ibpb stibp ibrs_enhanced tpr_shadow vnmi ept vpid ept_ad fsgsbase tsc_adjust bmi1 avx2 smep bmi2 erms invpcid rdseed adx smap clflushopt clwb sha_ni xsaveopt xsavec xgetbv1 xsaves avx_vnni umip waitpkg gfni vaes vpclmulqdq rdpid movdiri movdir64b fsrm md_clear serialize flush_l1d arch_capabilities
Online cpus:
0-19
Offline cpus:

BIOS frequency limitation:
<Not Available>
Frequency switch latency (ns):
<Not Available>
Available cpu frequencies:
<Not Available>
Current governor:
<Not Available>
Core performance/turbo boost:
<Not Available>

Memory: 4k page, physical 16204140k(12039384k free), swap 4194304k(4194304k free)

vm_info: OpenJDK 64-Bit Server VM (11.0.27+6-post-Ubuntu-0ubuntu122.04) for linux-amd64 JRE (11.0.27+6-post-Ubuntu-0ubuntu122.04), built on Apr 21 2025 05:59:45 by "unknown" with gcc 11.4.0

END.
