#
# A fatal error has been detected by the Java Runtime Environment:
#
#  SIGSEGV (0xb) at pc=0x0000761b46162af8, pid=35688, tid=35689
#
# JRE version: OpenJDK Runtime Environment (11.0.27+6) (build 11.0.27+6-post-Ubuntu-0ubuntu122.04)
# Java VM: OpenJDK 64-Bit Server VM (11.0.27+6-post-Ubuntu-0ubuntu122.04, mixed mode, sharing, tiered, compressed oops, g1 gc, linux-amd64)
# Problematic frame:
# C  [libLLVM-13.so+0xd62af8]  llvm::Value::getName() const+0xb8
#
# Core dump will be written. Default location: Core dumps may be processed with "/wsl-capture-crash %t %E %p %s" (or dumping to /home/crz/compilers/Lab/core.35688)
#
# If you would like to submit a bug report, please visit:
#   https://bugs.launchpad.net/ubuntu/+source/openjdk-lts
# The crash happened outside the Java Virtual Machine in native code.
# See problematic frame for where to report the bug.
#

---------------  S U M M A R Y ------------

Command Line: com.example.Main tests/develop_test/IRoptimizetest.sysy tests/develop_test/IRoptimizetest.ll

Host: 13th Gen Intel(R) Core(TM) i9-13900H, 20 cores, 15G, Ubuntu 22.04.5 LTS
Time: Wed Jul 16 16:59:24 2025 CST elapsed time: 0.172734 seconds (0d 0h 0m 0s)

---------------  T H R E A D  ---------------

Current thread (0x0000761bbc015000):  JavaThread "main" [_thread_in_native, id=35689, stack(0x0000761bc1900000,0x0000761bc1a00000)]

Stack: [0x0000761bc1900000,0x0000761bc1a00000],  sp=0x0000761bc19fdf70,  free space=1015k
Native frames: (J=compiled Java code, A=aot compiled Java code, j=interpreted, Vv=VM code, C=native code)
C  [libLLVM-13.so+0xd62af8]  llvm::Value::getName() const+0xb8

Java frames: (J=compiled Java code, j=interpreted, Vv=VM code)
j  org.bytedeco.llvm.global.LLVM.LLVMPrintValueToString(Lorg/bytedeco/llvm/LLVM/LLVMValueRef;)Lorg/bytedeco/javacpp/BytePointer;+0
j  com.example.LLVMIROptimization.buildgraph(Lorg/bytedeco/llvm/LLVM/LLVMValueRef;)V+273
j  com.example.LLVMIROptimization.constprop(Lorg/bytedeco/llvm/LLVM/LLVMValueRef;)Z+4
j  com.example.Main.main([Ljava/lang/String;)V+319
v  ~StubRoutines::call_stub

siginfo: si_signo: 11 (SIGSEGV), si_code: 1 (SEGV_MAPERR), si_addr: 0x0000000000000035

Register to memory mapping:

RAX=0x0000000000000045 is an unknown value
RBX=0x0000000000000001 is an unknown value
RCX=0x0000761bbc4be7b8 points into unknown readable memory: 0x0000761bbc4c2890 | 90 28 4c bc 1b 76 00 00
RDX=0x0000000000000035 is an unknown value
RSP=0x0000761bc19fdf70 is pointing into the stack for thread: 0x0000761bbc015000
RBP=0x0000761bc19fe080 is pointing into the stack for thread: 0x0000761bbc015000
RSI=0x0000761bbc4c2c90 points into unknown readable memory: 0x0006000000410001 | 01 00 41 00 00 00 06 00
RDI=0x0000761bc19fdf70 is pointing into the stack for thread: 0x0000761bbc015000
R8 =0x0000000000000001 is an unknown value
R9 =0x0000761bbc4be7b8 points into unknown readable memory: 0x0000761bbc4c2890 | 90 28 4c bc 1b 76 00 00
R10=0x000000000000003f is an unknown value
R11=0x0000000000000004 is an unknown value
R12=0x0000000000000002 is an unknown value
R13=0x0000000000000002 is an unknown value
R14=0x0000761bc19fe100 is pointing into the stack for thread: 0x0000761bbc015000
R15=0x0000761bbc499580 points into unknown readable memory: 0x0000761bbc4bec18 | 18 ec 4b bc 1b 76 00 00


Registers:
RAX=0x0000000000000045, RBX=0x0000000000000001, RCX=0x0000761bbc4be7b8, RDX=0x0000000000000035
RSP=0x0000761bc19fdf70, RBP=0x0000761bc19fe080, RSI=0x0000761bbc4c2c90, RDI=0x0000761bc19fdf70
R8 =0x0000000000000001, R9 =0x0000761bbc4be7b8, R10=0x000000000000003f, R11=0x0000000000000004
R12=0x0000000000000002, R13=0x0000000000000002, R14=0x0000761bc19fe100, R15=0x0000761bbc499580
RIP=0x0000761b46162af8, EFLAGS=0x0000000000010202, CSGSFS=0x002b000000000033, ERR=0x0000000000000004
  TRAPNO=0x000000000000000e

Top of Stack: (sp=0x0000761bc19fdf70)
0x0000761bc19fdf70:   0000761bbc4c2c90 0000761bbc4c2c90
0x0000761bc19fdf80:   0000000000000001 0000761b45fa13f5
0x0000761bc19fdf90:   0000000000000001 0000761bc19fe260
0x0000761bc19fdfa0:   0000000000000002 0000761b45fb25d8 

Instructions: (pc=0x0000761b46162af8)
0x0000761b461629f8:   48 bc ff eb b7 48 83 3d ab e8 ce 05 00 74 23 83
0x0000761b46162a08:   ca ff f0 0f c1 50 f8 85 d2 7f ae 48 8d 74 24 0f
0x0000761b46162a18:   e8 53 48 bc ff eb a2 8b 50 f8 8d 4a ff 89 48 f8
0x0000761b46162a28:   eb c3 8b 50 f8 8d 4a ff 89 48 f8 eb da 66 2e 0f
0x0000761b46162a38:   1f 84 00 00 00 00 00 90 f6 47 17 10 75 0a 48 8d
0x0000761b46162a48:   05 f2 a0 6c 03 31 d2 c3 48 83 ec 18 48 8b 07 48
0x0000761b46162a58:   8b 00 48 8b 08 8b 81 98 01 00 00 4c 8b 81 88 01
0x0000761b46162a68:   00 00 4c 8d 89 88 01 00 00 85 c0 74 5b 89 f9 89
0x0000761b46162a78:   fa 44 8d 50 ff c1 ea 09 c1 e9 04 31 d1 44 21 d1
0x0000761b46162a88:   89 ce 48 c1 e6 04 4c 01 c6 48 8b 16 48 39 d7 75
0x0000761b46162a98:   67 89 c2 48 89 e7 4c 89 c9 48 89 d0 48 c1 e0 04
0x0000761b46162aa8:   49 8d 14 00 41 b8 01 00 00 00 e8 f9 f4 ff ff 48
0x0000761b46162ab8:   8b 04 24 48 8b 50 08 48 8d 42 10 48 8b 12 48 83
0x0000761b46162ac8:   c4 18 c3 0f 1f 44 00 00 48 c1 e0 04 48 89 e7 4c
0x0000761b46162ad8:   89 c9 49 8d 34 00 41 b8 01 00 00 00 48 89 f2 e8
0x0000761b46162ae8:   c4 f4 ff ff 48 8b 04 24 48 8b 50 08 48 8d 42 10
0x0000761b46162af8:   48 8b 12 48 83 c4 18 c3 be 01 00 00 00 48 81 fa
0x0000761b46162b08:   00 f0 ff ff 74 c2 01 f1 44 8d 5e 01 44 21 d1 89
0x0000761b46162b18:   ce 48 c1 e6 04 4c 01 c6 48 8b 16 48 39 d7 0f 84
0x0000761b46162b28:   6d ff ff ff 44 89 de eb d4 66 2e 0f 1f 84 00 00
0x0000761b46162b38:   00 00 00 0f 1f 44 00 00 66 48 0f 6e c6 66 48 0f
0x0000761b46162b48:   6e ca 66 0f 6c c1 0f 11 07 45 84 c0 75 29 48 39
0x0000761b46162b58:   d6 74 24 0f 1f 44 00 00 48 8b 06 48 3d 00 f0 ff
0x0000761b46162b68:   ff 74 08 48 3d 00 e0 ff ff 75 0c 48 83 c6 10 48
0x0000761b46162b78:   89 37 48 39 f2 75 e1 c3 41 57 41 56 41 55 41 54
0x0000761b46162b88:   55 53 48 89 fb 48 83 ec 38 4c 8b 67 10 49 8b 04
0x0000761b46162b98:   24 48 8b 00 48 8b 28 4c 8b ad 08 09 00 00 44 8b
0x0000761b46162ba8:   bd 18 09 00 00 41 f6 44 24 11 01 0f 85 67 01 00
0x0000761b46162bb8:   00 45 85 ff 0f 84 fb 01 00 00 45 89 e6 44 89 e0
0x0000761b46162bc8:   41 8d 77 ff c1 e8 09 41 c1 ee 04 41 31 c6 44 89
0x0000761b46162bd8:   f1 21 f1 89 c8 48 c1 e0 04 4c 01 e8 48 8b 10 49
0x0000761b46162be8:   39 d4 0f 85 7c 03 00 00 48 8b 50 08 4c 89 ee 48 


Stack slot to memory mapping:
stack at sp + 0 slots: 0x0000761bbc4c2c90 points into unknown readable memory: 0x0006000000410001 | 01 00 41 00 00 00 06 00
stack at sp + 1 slots: 0x0000761bbc4c2c90 points into unknown readable memory: 0x0006000000410001 | 01 00 41 00 00 00 06 00
stack at sp + 2 slots: 0x0000000000000001 is an unknown value
stack at sp + 3 slots: 0x0000761b45fa13f5: <offset 0x0000000000ba13f5> in /home/crz/.javacpp/cache/llvm-13.0.1-1.5.7-linux-x86_64.jar/org/bytedeco/llvm/linux-x86_64/libLLVM-13.so at 0x0000761b45400000
stack at sp + 4 slots: 0x0000000000000001 is an unknown value
stack at sp + 5 slots: 0x0000761bc19fe260 is pointing into the stack for thread: 0x0000761bbc015000
stack at sp + 6 slots: 0x0000000000000002 is an unknown value
stack at sp + 7 slots: 0x0000761b45fb25d8: <offset 0x0000000000bb25d8> in /home/crz/.javacpp/cache/llvm-13.0.1-1.5.7-linux-x86_64.jar/org/bytedeco/llvm/linux-x86_64/libLLVM-13.so at 0x0000761b45400000


---------------  P R O C E S S  ---------------

Threads class SMR info:
_java_thread_list=0x0000761b64190ff0, length=13, elements={
0x0000761bbc015000, 0x0000761bbc1ec000, 0x0000761bbc1ee000, 0x0000761bbc1f3800,
0x0000761bbc1f5800, 0x0000761bbc1f8000, 0x0000761bbc1fa000, 0x0000761bbc1fc000,
0x0000761b6805c000, 0x0000761bbc22f000, 0x0000761b68152000, 0x0000761bbc400800,
0x0000761b640c7000
}

Java Threads: ( => current thread )
=>0x0000761bbc015000 JavaThread "main" [_thread_in_native, id=35689, stack(0x0000761bc1900000,0x0000761bc1a00000)]
  0x0000761bbc1ec000 JavaThread "Reference Handler" daemon [_thread_blocked, id=35696, stack(0x0000761b8e4ee000,0x0000761b8e5ee000)]
  0x0000761bbc1ee000 JavaThread "Finalizer" daemon [_thread_blocked, id=35697, stack(0x0000761b8e3ee000,0x0000761b8e4ee000)]
  0x0000761bbc1f3800 JavaThread "Signal Dispatcher" daemon [_thread_blocked, id=35698, stack(0x0000761b8dd00000,0x0000761b8de00000)]
  0x0000761bbc1f5800 JavaThread "Service Thread" daemon [_thread_blocked, id=35699, stack(0x0000761b8dc00000,0x0000761b8dd00000)]
  0x0000761bbc1f8000 JavaThread "C2 CompilerThread0" daemon [_thread_blocked, id=35700, stack(0x0000761b8db00000,0x0000761b8dc00000)]
  0x0000761bbc1fa000 JavaThread "C1 CompilerThread0" daemon [_thread_blocked, id=35701, stack(0x0000761b8da00000,0x0000761b8db00000)]
  0x0000761bbc1fc000 JavaThread "Sweeper thread" daemon [_thread_blocked, id=35702, stack(0x0000761b8d900000,0x0000761b8da00000)]
  0x0000761b6805c000 JavaThread "C1 CompilerThread1" daemon [_thread_blocked, id=35703, stack(0x0000761b8d800000,0x0000761b8d900000)]
  0x0000761bbc22f000 JavaThread "Common-Cleaner" daemon [_thread_blocked, id=35705, stack(0x0000761b8d5ff000,0x0000761b8d6ff000)]
  0x0000761b68152000 JavaThread "C1 CompilerThread2" daemon [_thread_blocked, id=35706, stack(0x0000761b8d4ff000,0x0000761b8d5ff000)]
  0x0000761bbc400800 JavaThread "JavaCPP Deallocator" daemon [_thread_blocked, id=35707, stack(0x0000761b8d3ff000,0x0000761b8d4ff000)]
  0x0000761b640c7000 JavaThread "C2 CompilerThread1" daemon [_thread_blocked, id=35708, stack(0x0000761b8d2ff000,0x0000761b8d3ff000)]

Other Threads:
  0x0000761bbc1e9000 VMThread "VM Thread" [stack: 0x0000761b8e5ef000,0x0000761b8e6ef000] [id=35695]
  0x0000761bbc22c800 WatcherThread [stack: 0x0000761b8d700000,0x0000761b8d800000] [id=35704]
  0x0000761bbc02f800 GCTaskThread "GC Thread#0" [stack: 0x0000761bc0100000,0x0000761bc0200000] [id=35690]
  0x0000761bbc08d800 ConcurrentGCThread "G1 Main Marker" [stack: 0x0000761b96132000,0x0000761b96232000] [id=35691]
  0x0000761bbc08f800 ConcurrentGCThread "G1 Conc#0" [stack: 0x0000761b96031000,0x0000761b96131000] [id=35692]
  0x0000761bbc1aa800 ConcurrentGCThread "G1 Refine#0" [stack: 0x0000761b8eff1000,0x0000761b8f0f1000] [id=35693]
  0x0000761bbc1ac800 ConcurrentGCThread "G1 Young RemSet Sampling" [stack: 0x0000761b8eef0000,0x0000761b8eff0000] [id=35694]

Threads with active compile tasks:

VM state:not at safepoint (normal execution)

VM Mutex/Monitor currently owned by a thread: None

Heap address: 0x0000000708c00000, size: 3956 MB, Compressed Oops mode: Zero based, Oop shift amount: 3
Narrow klass base: 0x0000000800000000, Narrow klass shift: 3
Compressed class space size: 1073741824 Address: 0x0000000840000000

Heap:
 garbage-first heap   total 256000K, used 10960K [0x0000000708c00000, 0x0000000800000000)
  region size 1024K, 11 young (11264K), 0 survivors (0K)
 Metaspace       used 3973K, capacity 6812K, committed 7168K, reserved 1056768K
  class space    used 416K, capacity 696K, committed 768K, reserved 1048576K
Heap Regions: E=young(eden), S=young(survivor), O=old, HS=humongous(starts), HC=humongous(continues), CS=collection set, F=free, A=archive, TAMS=top-at-mark-start (previous, next)
|   0|0x0000000708c00000, 0x0000000708c00000, 0x0000000708d00000|  0%| F|  |TAMS 0x0000000708c00000, 0x0000000708c00000| Untracked 
|   1|0x0000000708d00000, 0x0000000708d00000, 0x0000000708e00000|  0%| F|  |TAMS 0x0000000708d00000, 0x0000000708d00000| Untracked 
|   2|0x0000000708e00000, 0x0000000708e00000, 0x0000000708f00000|  0%| F|  |TAMS 0x0000000708e00000, 0x0000000708e00000| Untracked 
|   3|0x0000000708f00000, 0x0000000708f00000, 0x0000000709000000|  0%| F|  |TAMS 0x0000000708f00000, 0x0000000708f00000| Untracked 
|   4|0x0000000709000000, 0x0000000709000000, 0x0000000709100000|  0%| F|  |TAMS 0x0000000709000000, 0x0000000709000000| Untracked 
|   5|0x0000000709100000, 0x0000000709100000, 0x0000000709200000|  0%| F|  |TAMS 0x0000000709100000, 0x0000000709100000| Untracked 
|   6|0x0000000709200000, 0x0000000709200000, 0x0000000709300000|  0%| F|  |TAMS 0x0000000709200000, 0x0000000709200000| Untracked 
|   7|0x0000000709300000, 0x0000000709300000, 0x0000000709400000|  0%| F|  |TAMS 0x0000000709300000, 0x0000000709300000| Untracked 
|   8|0x0000000709400000, 0x0000000709400000, 0x0000000709500000|  0%| F|  |TAMS 0x0000000709400000, 0x0000000709400000| Untracked 
|   9|0x0000000709500000, 0x0000000709500000, 0x0000000709600000|  0%| F|  |TAMS 0x0000000709500000, 0x0000000709500000| Untracked 
|  10|0x0000000709600000, 0x0000000709600000, 0x0000000709700000|  0%| F|  |TAMS 0x0000000709600000, 0x0000000709600000| Untracked 
|  11|0x0000000709700000, 0x0000000709700000, 0x0000000709800000|  0%| F|  |TAMS 0x0000000709700000, 0x0000000709700000| Untracked 
|  12|0x0000000709800000, 0x0000000709800000, 0x0000000709900000|  0%| F|  |TAMS 0x0000000709800000, 0x0000000709800000| Untracked 
|  13|0x0000000709900000, 0x0000000709900000, 0x0000000709a00000|  0%| F|  |TAMS 0x0000000709900000, 0x0000000709900000| Untracked 
|  14|0x0000000709a00000, 0x0000000709a00000, 0x0000000709b00000|  0%| F|  |TAMS 0x0000000709a00000, 0x0000000709a00000| Untracked 
|  15|0x0000000709b00000, 0x0000000709b00000, 0x0000000709c00000|  0%| F|  |TAMS 0x0000000709b00000, 0x0000000709b00000| Untracked 
|  16|0x0000000709c00000, 0x0000000709c00000, 0x0000000709d00000|  0%| F|  |TAMS 0x0000000709c00000, 0x0000000709c00000| Untracked 
|  17|0x0000000709d00000, 0x0000000709d00000, 0x0000000709e00000|  0%| F|  |TAMS 0x0000000709d00000, 0x0000000709d00000| Untracked 
|  18|0x0000000709e00000, 0x0000000709e00000, 0x0000000709f00000|  0%| F|  |TAMS 0x0000000709e00000, 0x0000000709e00000| Untracked 
|  19|0x0000000709f00000, 0x0000000709f00000, 0x000000070a000000|  0%| F|  |TAMS 0x0000000709f00000, 0x0000000709f00000| Untracked 
|  20|0x000000070a000000, 0x000000070a000000, 0x000000070a100000|  0%| F|  |TAMS 0x000000070a000000, 0x000000070a000000| Untracked 
|  21|0x000000070a100000, 0x000000070a100000, 0x000000070a200000|  0%| F|  |TAMS 0x000000070a100000, 0x000000070a100000| Untracked 
|  22|0x000000070a200000, 0x000000070a200000, 0x000000070a300000|  0%| F|  |TAMS 0x000000070a200000, 0x000000070a200000| Untracked 
|  23|0x000000070a300000, 0x000000070a300000, 0x000000070a400000|  0%| F|  |TAMS 0x000000070a300000, 0x000000070a300000| Untracked 
|  24|0x000000070a400000, 0x000000070a400000, 0x000000070a500000|  0%| F|  |TAMS 0x000000070a400000, 0x000000070a400000| Untracked 
|  25|0x000000070a500000, 0x000000070a500000, 0x000000070a600000|  0%| F|  |TAMS 0x000000070a500000, 0x000000070a500000| Untracked 
|  26|0x000000070a600000, 0x000000070a600000, 0x000000070a700000|  0%| F|  |TAMS 0x000000070a600000, 0x000000070a600000| Untracked 
|  27|0x000000070a700000, 0x000000070a700000, 0x000000070a800000|  0%| F|  |TAMS 0x000000070a700000, 0x000000070a700000| Untracked 
|  28|0x000000070a800000, 0x000000070a800000, 0x000000070a900000|  0%| F|  |TAMS 0x000000070a800000, 0x000000070a800000| Untracked 
|  29|0x000000070a900000, 0x000000070a900000, 0x000000070aa00000|  0%| F|  |TAMS 0x000000070a900000, 0x000000070a900000| Untracked 
|  30|0x000000070aa00000, 0x000000070aa00000, 0x000000070ab00000|  0%| F|  |TAMS 0x000000070aa00000, 0x000000070aa00000| Untracked 
|  31|0x000000070ab00000, 0x000000070ab00000, 0x000000070ac00000|  0%| F|  |TAMS 0x000000070ab00000, 0x000000070ab00000| Untracked 
|  32|0x000000070ac00000, 0x000000070ac00000, 0x000000070ad00000|  0%| F|  |TAMS 0x000000070ac00000, 0x000000070ac00000| Untracked 
|  33|0x000000070ad00000, 0x000000070ad00000, 0x000000070ae00000|  0%| F|  |TAMS 0x000000070ad00000, 0x000000070ad00000| Untracked 
|  34|0x000000070ae00000, 0x000000070ae00000, 0x000000070af00000|  0%| F|  |TAMS 0x000000070ae00000, 0x000000070ae00000| Untracked 
|  35|0x000000070af00000, 0x000000070af00000, 0x000000070b000000|  0%| F|  |TAMS 0x000000070af00000, 0x000000070af00000| Untracked 
|  36|0x000000070b000000, 0x000000070b000000, 0x000000070b100000|  0%| F|  |TAMS 0x000000070b000000, 0x000000070b000000| Untracked 
|  37|0x000000070b100000, 0x000000070b100000, 0x000000070b200000|  0%| F|  |TAMS 0x000000070b100000, 0x000000070b100000| Untracked 
|  38|0x000000070b200000, 0x000000070b200000, 0x000000070b300000|  0%| F|  |TAMS 0x000000070b200000, 0x000000070b200000| Untracked 
|  39|0x000000070b300000, 0x000000070b300000, 0x000000070b400000|  0%| F|  |TAMS 0x000000070b300000, 0x000000070b300000| Untracked 
|  40|0x000000070b400000, 0x000000070b400000, 0x000000070b500000|  0%| F|  |TAMS 0x000000070b400000, 0x000000070b400000| Untracked 
|  41|0x000000070b500000, 0x000000070b500000, 0x000000070b600000|  0%| F|  |TAMS 0x000000070b500000, 0x000000070b500000| Untracked 
|  42|0x000000070b600000, 0x000000070b600000, 0x000000070b700000|  0%| F|  |TAMS 0x000000070b600000, 0x000000070b600000| Untracked 
|  43|0x000000070b700000, 0x000000070b700000, 0x000000070b800000|  0%| F|  |TAMS 0x000000070b700000, 0x000000070b700000| Untracked 
|  44|0x000000070b800000, 0x000000070b800000, 0x000000070b900000|  0%| F|  |TAMS 0x000000070b800000, 0x000000070b800000| Untracked 
|  45|0x000000070b900000, 0x000000070b900000, 0x000000070ba00000|  0%| F|  |TAMS 0x000000070b900000, 0x000000070b900000| Untracked 
|  46|0x000000070ba00000, 0x000000070ba00000, 0x000000070bb00000|  0%| F|  |TAMS 0x000000070ba00000, 0x000000070ba00000| Untracked 
|  47|0x000000070bb00000, 0x000000070bb00000, 0x000000070bc00000|  0%| F|  |TAMS 0x000000070bb00000, 0x000000070bb00000| Untracked 
|  48|0x000000070bc00000, 0x000000070bc00000, 0x000000070bd00000|  0%| F|  |TAMS 0x000000070bc00000, 0x000000070bc00000| Untracked 
|  49|0x000000070bd00000, 0x000000070bd00000, 0x000000070be00000|  0%| F|  |TAMS 0x000000070bd00000, 0x000000070bd00000| Untracked 
|  50|0x000000070be00000, 0x000000070be00000, 0x000000070bf00000|  0%| F|  |TAMS 0x000000070be00000, 0x000000070be00000| Untracked 
|  51|0x000000070bf00000, 0x000000070bf00000, 0x000000070c000000|  0%| F|  |TAMS 0x000000070bf00000, 0x000000070bf00000| Untracked 
|  52|0x000000070c000000, 0x000000070c000000, 0x000000070c100000|  0%| F|  |TAMS 0x000000070c000000, 0x000000070c000000| Untracked 
|  53|0x000000070c100000, 0x000000070c100000, 0x000000070c200000|  0%| F|  |TAMS 0x000000070c100000, 0x000000070c100000| Untracked 
|  54|0x000000070c200000, 0x000000070c200000, 0x000000070c300000|  0%| F|  |TAMS 0x000000070c200000, 0x000000070c200000| Untracked 
|  55|0x000000070c300000, 0x000000070c300000, 0x000000070c400000|  0%| F|  |TAMS 0x000000070c300000, 0x000000070c300000| Untracked 
|  56|0x000000070c400000, 0x000000070c400000, 0x000000070c500000|  0%| F|  |TAMS 0x000000070c400000, 0x000000070c400000| Untracked 
|  57|0x000000070c500000, 0x000000070c500000, 0x000000070c600000|  0%| F|  |TAMS 0x000000070c500000, 0x000000070c500000| Untracked 
|  58|0x000000070c600000, 0x000000070c600000, 0x000000070c700000|  0%| F|  |TAMS 0x000000070c600000, 0x000000070c600000| Untracked 
|  59|0x000000070c700000, 0x000000070c700000, 0x000000070c800000|  0%| F|  |TAMS 0x000000070c700000, 0x000000070c700000| Untracked 
|  60|0x000000070c800000, 0x000000070c800000, 0x000000070c900000|  0%| F|  |TAMS 0x000000070c800000, 0x000000070c800000| Untracked 
|  61|0x000000070c900000, 0x000000070c900000, 0x000000070ca00000|  0%| F|  |TAMS 0x000000070c900000, 0x000000070c900000| Untracked 
|  62|0x000000070ca00000, 0x000000070ca00000, 0x000000070cb00000|  0%| F|  |TAMS 0x000000070ca00000, 0x000000070ca00000| Untracked 
|  63|0x000000070cb00000, 0x000000070cb00000, 0x000000070cc00000|  0%| F|  |TAMS 0x000000070cb00000, 0x000000070cb00000| Untracked 
|  64|0x000000070cc00000, 0x000000070cc00000, 0x000000070cd00000|  0%| F|  |TAMS 0x000000070cc00000, 0x000000070cc00000| Untracked 
|  65|0x000000070cd00000, 0x000000070cd00000, 0x000000070ce00000|  0%| F|  |TAMS 0x000000070cd00000, 0x000000070cd00000| Untracked 
|  66|0x000000070ce00000, 0x000000070ce00000, 0x000000070cf00000|  0%| F|  |TAMS 0x000000070ce00000, 0x000000070ce00000| Untracked 
|  67|0x000000070cf00000, 0x000000070cf00000, 0x000000070d000000|  0%| F|  |TAMS 0x000000070cf00000, 0x000000070cf00000| Untracked 
|  68|0x000000070d000000, 0x000000070d000000, 0x000000070d100000|  0%| F|  |TAMS 0x000000070d000000, 0x000000070d000000| Untracked 
|  69|0x000000070d100000, 0x000000070d100000, 0x000000070d200000|  0%| F|  |TAMS 0x000000070d100000, 0x000000070d100000| Untracked 
|  70|0x000000070d200000, 0x000000070d200000, 0x000000070d300000|  0%| F|  |TAMS 0x000000070d200000, 0x000000070d200000| Untracked 
|  71|0x000000070d300000, 0x000000070d300000, 0x000000070d400000|  0%| F|  |TAMS 0x000000070d300000, 0x000000070d300000| Untracked 
|  72|0x000000070d400000, 0x000000070d400000, 0x000000070d500000|  0%| F|  |TAMS 0x000000070d400000, 0x000000070d400000| Untracked 
|  73|0x000000070d500000, 0x000000070d500000, 0x000000070d600000|  0%| F|  |TAMS 0x000000070d500000, 0x000000070d500000| Untracked 
|  74|0x000000070d600000, 0x000000070d600000, 0x000000070d700000|  0%| F|  |TAMS 0x000000070d600000, 0x000000070d600000| Untracked 
|  75|0x000000070d700000, 0x000000070d700000, 0x000000070d800000|  0%| F|  |TAMS 0x000000070d700000, 0x000000070d700000| Untracked 
|  76|0x000000070d800000, 0x000000070d800000, 0x000000070d900000|  0%| F|  |TAMS 0x000000070d800000, 0x000000070d800000| Untracked 
|  77|0x000000070d900000, 0x000000070d900000, 0x000000070da00000|  0%| F|  |TAMS 0x000000070d900000, 0x000000070d900000| Untracked 
|  78|0x000000070da00000, 0x000000070da00000, 0x000000070db00000|  0%| F|  |TAMS 0x000000070da00000, 0x000000070da00000| Untracked 
|  79|0x000000070db00000, 0x000000070db00000, 0x000000070dc00000|  0%| F|  |TAMS 0x000000070db00000, 0x000000070db00000| Untracked 
|  80|0x000000070dc00000, 0x000000070dc00000, 0x000000070dd00000|  0%| F|  |TAMS 0x000000070dc00000, 0x000000070dc00000| Untracked 
|  81|0x000000070dd00000, 0x000000070dd00000, 0x000000070de00000|  0%| F|  |TAMS 0x000000070dd00000, 0x000000070dd00000| Untracked 
|  82|0x000000070de00000, 0x000000070de00000, 0x000000070df00000|  0%| F|  |TAMS 0x000000070de00000, 0x000000070de00000| Untracked 
|  83|0x000000070df00000, 0x000000070df00000, 0x000000070e000000|  0%| F|  |TAMS 0x000000070df00000, 0x000000070df00000| Untracked 
|  84|0x000000070e000000, 0x000000070e000000, 0x000000070e100000|  0%| F|  |TAMS 0x000000070e000000, 0x000000070e000000| Untracked 
|  85|0x000000070e100000, 0x000000070e100000, 0x000000070e200000|  0%| F|  |TAMS 0x000000070e100000, 0x000000070e100000| Untracked 
|  86|0x000000070e200000, 0x000000070e200000, 0x000000070e300000|  0%| F|  |TAMS 0x000000070e200000, 0x000000070e200000| Untracked 
|  87|0x000000070e300000, 0x000000070e300000, 0x000000070e400000|  0%| F|  |TAMS 0x000000070e300000, 0x000000070e300000| Untracked 
|  88|0x000000070e400000, 0x000000070e400000, 0x000000070e500000|  0%| F|  |TAMS 0x000000070e400000, 0x000000070e400000| Untracked 
|  89|0x000000070e500000, 0x000000070e500000, 0x000000070e600000|  0%| F|  |TAMS 0x000000070e500000, 0x000000070e500000| Untracked 
|  90|0x000000070e600000, 0x000000070e600000, 0x000000070e700000|  0%| F|  |TAMS 0x000000070e600000, 0x000000070e600000| Untracked 
|  91|0x000000070e700000, 0x000000070e700000, 0x000000070e800000|  0%| F|  |TAMS 0x000000070e700000, 0x000000070e700000| Untracked 
|  92|0x000000070e800000, 0x000000070e800000, 0x000000070e900000|  0%| F|  |TAMS 0x000000070e800000, 0x000000070e800000| Untracked 
|  93|0x000000070e900000, 0x000000070e900000, 0x000000070ea00000|  0%| F|  |TAMS 0x000000070e900000, 0x000000070e900000| Untracked 
|  94|0x000000070ea00000, 0x000000070ea00000, 0x000000070eb00000|  0%| F|  |TAMS 0x000000070ea00000, 0x000000070ea00000| Untracked 
|  95|0x000000070eb00000, 0x000000070eb00000, 0x000000070ec00000|  0%| F|  |TAMS 0x000000070eb00000, 0x000000070eb00000| Untracked 
|  96|0x000000070ec00000, 0x000000070ec00000, 0x000000070ed00000|  0%| F|  |TAMS 0x000000070ec00000, 0x000000070ec00000| Untracked 
|  97|0x000000070ed00000, 0x000000070ed00000, 0x000000070ee00000|  0%| F|  |TAMS 0x000000070ed00000, 0x000000070ed00000| Untracked 
|  98|0x000000070ee00000, 0x000000070ee00000, 0x000000070ef00000|  0%| F|  |TAMS 0x000000070ee00000, 0x000000070ee00000| Untracked 
|  99|0x000000070ef00000, 0x000000070ef00000, 0x000000070f000000|  0%| F|  |TAMS 0x000000070ef00000, 0x000000070ef00000| Untracked 
| 100|0x000000070f000000, 0x000000070f000000, 0x000000070f100000|  0%| F|  |TAMS 0x000000070f000000, 0x000000070f000000| Untracked 
| 101|0x000000070f100000, 0x000000070f100000, 0x000000070f200000|  0%| F|  |TAMS 0x000000070f100000, 0x000000070f100000| Untracked 
| 102|0x000000070f200000, 0x000000070f200000, 0x000000070f300000|  0%| F|  |TAMS 0x000000070f200000, 0x000000070f200000| Untracked 
| 103|0x000000070f300000, 0x000000070f300000, 0x000000070f400000|  0%| F|  |TAMS 0x000000070f300000, 0x000000070f300000| Untracked 
| 104|0x000000070f400000, 0x000000070f400000, 0x000000070f500000|  0%| F|  |TAMS 0x000000070f400000, 0x000000070f400000| Untracked 
| 105|0x000000070f500000, 0x000000070f500000, 0x000000070f600000|  0%| F|  |TAMS 0x000000070f500000, 0x000000070f500000| Untracked 
| 106|0x000000070f600000, 0x000000070f600000, 0x000000070f700000|  0%| F|  |TAMS 0x000000070f600000, 0x000000070f600000| Untracked 
| 107|0x000000070f700000, 0x000000070f700000, 0x000000070f800000|  0%| F|  |TAMS 0x000000070f700000, 0x000000070f700000| Untracked 
| 108|0x000000070f800000, 0x000000070f800000, 0x000000070f900000|  0%| F|  |TAMS 0x000000070f800000, 0x000000070f800000| Untracked 
| 109|0x000000070f900000, 0x000000070f900000, 0x000000070fa00000|  0%| F|  |TAMS 0x000000070f900000, 0x000000070f900000| Untracked 
| 110|0x000000070fa00000, 0x000000070fa00000, 0x000000070fb00000|  0%| F|  |TAMS 0x000000070fa00000, 0x000000070fa00000| Untracked 
| 111|0x000000070fb00000, 0x000000070fb00000, 0x000000070fc00000|  0%| F|  |TAMS 0x000000070fb00000, 0x000000070fb00000| Untracked 
| 112|0x000000070fc00000, 0x000000070fc00000, 0x000000070fd00000|  0%| F|  |TAMS 0x000000070fc00000, 0x000000070fc00000| Untracked 
| 113|0x000000070fd00000, 0x000000070fd00000, 0x000000070fe00000|  0%| F|  |TAMS 0x000000070fd00000, 0x000000070fd00000| Untracked 
| 114|0x000000070fe00000, 0x000000070fe00000, 0x000000070ff00000|  0%| F|  |TAMS 0x000000070fe00000, 0x000000070fe00000| Untracked 
| 115|0x000000070ff00000, 0x000000070ff00000, 0x0000000710000000|  0%| F|  |TAMS 0x000000070ff00000, 0x000000070ff00000| Untracked 
| 116|0x0000000710000000, 0x0000000710000000, 0x0000000710100000|  0%| F|  |TAMS 0x0000000710000000, 0x0000000710000000| Untracked 
| 117|0x0000000710100000, 0x0000000710100000, 0x0000000710200000|  0%| F|  |TAMS 0x0000000710100000, 0x0000000710100000| Untracked 
| 118|0x0000000710200000, 0x0000000710200000, 0x0000000710300000|  0%| F|  |TAMS 0x0000000710200000, 0x0000000710200000| Untracked 
| 119|0x0000000710300000, 0x0000000710300000, 0x0000000710400000|  0%| F|  |TAMS 0x0000000710300000, 0x0000000710300000| Untracked 
| 120|0x0000000710400000, 0x0000000710400000, 0x0000000710500000|  0%| F|  |TAMS 0x0000000710400000, 0x0000000710400000| Untracked 
| 121|0x0000000710500000, 0x0000000710500000, 0x0000000710600000|  0%| F|  |TAMS 0x0000000710500000, 0x0000000710500000| Untracked 
| 122|0x0000000710600000, 0x0000000710600000, 0x0000000710700000|  0%| F|  |TAMS 0x0000000710600000, 0x0000000710600000| Untracked 
| 123|0x0000000710700000, 0x0000000710700000, 0x0000000710800000|  0%| F|  |TAMS 0x0000000710700000, 0x0000000710700000| Untracked 
| 124|0x0000000710800000, 0x0000000710800000, 0x0000000710900000|  0%| F|  |TAMS 0x0000000710800000, 0x0000000710800000| Untracked 
| 125|0x0000000710900000, 0x0000000710900000, 0x0000000710a00000|  0%| F|  |TAMS 0x0000000710900000, 0x0000000710900000| Untracked 
| 126|0x0000000710a00000, 0x0000000710a00000, 0x0000000710b00000|  0%| F|  |TAMS 0x0000000710a00000, 0x0000000710a00000| Untracked 
| 127|0x0000000710b00000, 0x0000000710b00000, 0x0000000710c00000|  0%| F|  |TAMS 0x0000000710b00000, 0x0000000710b00000| Untracked 
| 128|0x0000000710c00000, 0x0000000710c00000, 0x0000000710d00000|  0%| F|  |TAMS 0x0000000710c00000, 0x0000000710c00000| Untracked 
| 129|0x0000000710d00000, 0x0000000710d00000, 0x0000000710e00000|  0%| F|  |TAMS 0x0000000710d00000, 0x0000000710d00000| Untracked 
| 130|0x0000000710e00000, 0x0000000710e00000, 0x0000000710f00000|  0%| F|  |TAMS 0x0000000710e00000, 0x0000000710e00000| Untracked 
| 131|0x0000000710f00000, 0x0000000710f00000, 0x0000000711000000|  0%| F|  |TAMS 0x0000000710f00000, 0x0000000710f00000| Untracked 
| 132|0x0000000711000000, 0x0000000711000000, 0x0000000711100000|  0%| F|  |TAMS 0x0000000711000000, 0x0000000711000000| Untracked 
| 133|0x0000000711100000, 0x0000000711100000, 0x0000000711200000|  0%| F|  |TAMS 0x0000000711100000, 0x0000000711100000| Untracked 
| 134|0x0000000711200000, 0x0000000711200000, 0x0000000711300000|  0%| F|  |TAMS 0x0000000711200000, 0x0000000711200000| Untracked 
| 135|0x0000000711300000, 0x0000000711300000, 0x0000000711400000|  0%| F|  |TAMS 0x0000000711300000, 0x0000000711300000| Untracked 
| 136|0x0000000711400000, 0x0000000711400000, 0x0000000711500000|  0%| F|  |TAMS 0x0000000711400000, 0x0000000711400000| Untracked 
| 137|0x0000000711500000, 0x0000000711500000, 0x0000000711600000|  0%| F|  |TAMS 0x0000000711500000, 0x0000000711500000| Untracked 
| 138|0x0000000711600000, 0x0000000711600000, 0x0000000711700000|  0%| F|  |TAMS 0x0000000711600000, 0x0000000711600000| Untracked 
| 139|0x0000000711700000, 0x0000000711700000, 0x0000000711800000|  0%| F|  |TAMS 0x0000000711700000, 0x0000000711700000| Untracked 
| 140|0x0000000711800000, 0x0000000711800000, 0x0000000711900000|  0%| F|  |TAMS 0x0000000711800000, 0x0000000711800000| Untracked 
| 141|0x0000000711900000, 0x0000000711900000, 0x0000000711a00000|  0%| F|  |TAMS 0x0000000711900000, 0x0000000711900000| Untracked 
| 142|0x0000000711a00000, 0x0000000711a00000, 0x0000000711b00000|  0%| F|  |TAMS 0x0000000711a00000, 0x0000000711a00000| Untracked 
| 143|0x0000000711b00000, 0x0000000711b00000, 0x0000000711c00000|  0%| F|  |TAMS 0x0000000711b00000, 0x0000000711b00000| Untracked 
| 144|0x0000000711c00000, 0x0000000711c00000, 0x0000000711d00000|  0%| F|  |TAMS 0x0000000711c00000, 0x0000000711c00000| Untracked 
| 145|0x0000000711d00000, 0x0000000711d00000, 0x0000000711e00000|  0%| F|  |TAMS 0x0000000711d00000, 0x0000000711d00000| Untracked 
| 146|0x0000000711e00000, 0x0000000711e00000, 0x0000000711f00000|  0%| F|  |TAMS 0x0000000711e00000, 0x0000000711e00000| Untracked 
| 147|0x0000000711f00000, 0x0000000711f00000, 0x0000000712000000|  0%| F|  |TAMS 0x0000000711f00000, 0x0000000711f00000| Untracked 
| 148|0x0000000712000000, 0x0000000712000000, 0x0000000712100000|  0%| F|  |TAMS 0x0000000712000000, 0x0000000712000000| Untracked 
| 149|0x0000000712100000, 0x0000000712100000, 0x0000000712200000|  0%| F|  |TAMS 0x0000000712100000, 0x0000000712100000| Untracked 
| 150|0x0000000712200000, 0x0000000712200000, 0x0000000712300000|  0%| F|  |TAMS 0x0000000712200000, 0x0000000712200000| Untracked 
| 151|0x0000000712300000, 0x0000000712300000, 0x0000000712400000|  0%| F|  |TAMS 0x0000000712300000, 0x0000000712300000| Untracked 
| 152|0x0000000712400000, 0x0000000712400000, 0x0000000712500000|  0%| F|  |TAMS 0x0000000712400000, 0x0000000712400000| Untracked 
| 153|0x0000000712500000, 0x0000000712500000, 0x0000000712600000|  0%| F|  |TAMS 0x0000000712500000, 0x0000000712500000| Untracked 
| 154|0x0000000712600000, 0x0000000712600000, 0x0000000712700000|  0%| F|  |TAMS 0x0000000712600000, 0x0000000712600000| Untracked 
| 155|0x0000000712700000, 0x0000000712700000, 0x0000000712800000|  0%| F|  |TAMS 0x0000000712700000, 0x0000000712700000| Untracked 
| 156|0x0000000712800000, 0x0000000712800000, 0x0000000712900000|  0%| F|  |TAMS 0x0000000712800000, 0x0000000712800000| Untracked 
| 157|0x0000000712900000, 0x0000000712900000, 0x0000000712a00000|  0%| F|  |TAMS 0x0000000712900000, 0x0000000712900000| Untracked 
| 158|0x0000000712a00000, 0x0000000712a00000, 0x0000000712b00000|  0%| F|  |TAMS 0x0000000712a00000, 0x0000000712a00000| Untracked 
| 159|0x0000000712b00000, 0x0000000712b00000, 0x0000000712c00000|  0%| F|  |TAMS 0x0000000712b00000, 0x0000000712b00000| Untracked 
| 160|0x0000000712c00000, 0x0000000712c00000, 0x0000000712d00000|  0%| F|  |TAMS 0x0000000712c00000, 0x0000000712c00000| Untracked 
| 161|0x0000000712d00000, 0x0000000712d00000, 0x0000000712e00000|  0%| F|  |TAMS 0x0000000712d00000, 0x0000000712d00000| Untracked 
| 162|0x0000000712e00000, 0x0000000712e00000, 0x0000000712f00000|  0%| F|  |TAMS 0x0000000712e00000, 0x0000000712e00000| Untracked 
| 163|0x0000000712f00000, 0x0000000712f00000, 0x0000000713000000|  0%| F|  |TAMS 0x0000000712f00000, 0x0000000712f00000| Untracked 
| 164|0x0000000713000000, 0x0000000713000000, 0x0000000713100000|  0%| F|  |TAMS 0x0000000713000000, 0x0000000713000000| Untracked 
| 165|0x0000000713100000, 0x0000000713100000, 0x0000000713200000|  0%| F|  |TAMS 0x0000000713100000, 0x0000000713100000| Untracked 
| 166|0x0000000713200000, 0x0000000713200000, 0x0000000713300000|  0%| F|  |TAMS 0x0000000713200000, 0x0000000713200000| Untracked 
| 167|0x0000000713300000, 0x0000000713300000, 0x0000000713400000|  0%| F|  |TAMS 0x0000000713300000, 0x0000000713300000| Untracked 
| 168|0x0000000713400000, 0x0000000713400000, 0x0000000713500000|  0%| F|  |TAMS 0x0000000713400000, 0x0000000713400000| Untracked 
| 169|0x0000000713500000, 0x0000000713500000, 0x0000000713600000|  0%| F|  |TAMS 0x0000000713500000, 0x0000000713500000| Untracked 
| 170|0x0000000713600000, 0x0000000713600000, 0x0000000713700000|  0%| F|  |TAMS 0x0000000713600000, 0x0000000713600000| Untracked 
| 171|0x0000000713700000, 0x0000000713700000, 0x0000000713800000|  0%| F|  |TAMS 0x0000000713700000, 0x0000000713700000| Untracked 
| 172|0x0000000713800000, 0x0000000713800000, 0x0000000713900000|  0%| F|  |TAMS 0x0000000713800000, 0x0000000713800000| Untracked 
| 173|0x0000000713900000, 0x0000000713900000, 0x0000000713a00000|  0%| F|  |TAMS 0x0000000713900000, 0x0000000713900000| Untracked 
| 174|0x0000000713a00000, 0x0000000713a00000, 0x0000000713b00000|  0%| F|  |TAMS 0x0000000713a00000, 0x0000000713a00000| Untracked 
| 175|0x0000000713b00000, 0x0000000713b00000, 0x0000000713c00000|  0%| F|  |TAMS 0x0000000713b00000, 0x0000000713b00000| Untracked 
| 176|0x0000000713c00000, 0x0000000713c00000, 0x0000000713d00000|  0%| F|  |TAMS 0x0000000713c00000, 0x0000000713c00000| Untracked 
| 177|0x0000000713d00000, 0x0000000713d00000, 0x0000000713e00000|  0%| F|  |TAMS 0x0000000713d00000, 0x0000000713d00000| Untracked 
| 178|0x0000000713e00000, 0x0000000713e00000, 0x0000000713f00000|  0%| F|  |TAMS 0x0000000713e00000, 0x0000000713e00000| Untracked 
| 179|0x0000000713f00000, 0x0000000713f00000, 0x0000000714000000|  0%| F|  |TAMS 0x0000000713f00000, 0x0000000713f00000| Untracked 
| 180|0x0000000714000000, 0x0000000714000000, 0x0000000714100000|  0%| F|  |TAMS 0x0000000714000000, 0x0000000714000000| Untracked 
| 181|0x0000000714100000, 0x0000000714100000, 0x0000000714200000|  0%| F|  |TAMS 0x0000000714100000, 0x0000000714100000| Untracked 
| 182|0x0000000714200000, 0x0000000714200000, 0x0000000714300000|  0%| F|  |TAMS 0x0000000714200000, 0x0000000714200000| Untracked 
| 183|0x0000000714300000, 0x0000000714300000, 0x0000000714400000|  0%| F|  |TAMS 0x0000000714300000, 0x0000000714300000| Untracked 
| 184|0x0000000714400000, 0x0000000714400000, 0x0000000714500000|  0%| F|  |TAMS 0x0000000714400000, 0x0000000714400000| Untracked 
| 185|0x0000000714500000, 0x0000000714500000, 0x0000000714600000|  0%| F|  |TAMS 0x0000000714500000, 0x0000000714500000| Untracked 
| 186|0x0000000714600000, 0x0000000714600000, 0x0000000714700000|  0%| F|  |TAMS 0x0000000714600000, 0x0000000714600000| Untracked 
| 187|0x0000000714700000, 0x0000000714700000, 0x0000000714800000|  0%| F|  |TAMS 0x0000000714700000, 0x0000000714700000| Untracked 
| 188|0x0000000714800000, 0x0000000714800000, 0x0000000714900000|  0%| F|  |TAMS 0x0000000714800000, 0x0000000714800000| Untracked 
| 189|0x0000000714900000, 0x0000000714900000, 0x0000000714a00000|  0%| F|  |TAMS 0x0000000714900000, 0x0000000714900000| Untracked 
| 190|0x0000000714a00000, 0x0000000714a00000, 0x0000000714b00000|  0%| F|  |TAMS 0x0000000714a00000, 0x0000000714a00000| Untracked 
| 191|0x0000000714b00000, 0x0000000714b00000, 0x0000000714c00000|  0%| F|  |TAMS 0x0000000714b00000, 0x0000000714b00000| Untracked 
| 192|0x0000000714c00000, 0x0000000714c00000, 0x0000000714d00000|  0%| F|  |TAMS 0x0000000714c00000, 0x0000000714c00000| Untracked 
| 193|0x0000000714d00000, 0x0000000714d00000, 0x0000000714e00000|  0%| F|  |TAMS 0x0000000714d00000, 0x0000000714d00000| Untracked 
| 194|0x0000000714e00000, 0x0000000714e00000, 0x0000000714f00000|  0%| F|  |TAMS 0x0000000714e00000, 0x0000000714e00000| Untracked 
| 195|0x0000000714f00000, 0x0000000714f00000, 0x0000000715000000|  0%| F|  |TAMS 0x0000000714f00000, 0x0000000714f00000| Untracked 
| 196|0x0000000715000000, 0x0000000715000000, 0x0000000715100000|  0%| F|  |TAMS 0x0000000715000000, 0x0000000715000000| Untracked 
| 197|0x0000000715100000, 0x0000000715100000, 0x0000000715200000|  0%| F|  |TAMS 0x0000000715100000, 0x0000000715100000| Untracked 
| 198|0x0000000715200000, 0x0000000715200000, 0x0000000715300000|  0%| F|  |TAMS 0x0000000715200000, 0x0000000715200000| Untracked 
| 199|0x0000000715300000, 0x0000000715300000, 0x0000000715400000|  0%| F|  |TAMS 0x0000000715300000, 0x0000000715300000| Untracked 
| 200|0x0000000715400000, 0x0000000715400000, 0x0000000715500000|  0%| F|  |TAMS 0x0000000715400000, 0x0000000715400000| Untracked 
| 201|0x0000000715500000, 0x0000000715500000, 0x0000000715600000|  0%| F|  |TAMS 0x0000000715500000, 0x0000000715500000| Untracked 
| 202|0x0000000715600000, 0x0000000715600000, 0x0000000715700000|  0%| F|  |TAMS 0x0000000715600000, 0x0000000715600000| Untracked 
| 203|0x0000000715700000, 0x0000000715700000, 0x0000000715800000|  0%| F|  |TAMS 0x0000000715700000, 0x0000000715700000| Untracked 
| 204|0x0000000715800000, 0x0000000715800000, 0x0000000715900000|  0%| F|  |TAMS 0x0000000715800000, 0x0000000715800000| Untracked 
| 205|0x0000000715900000, 0x0000000715900000, 0x0000000715a00000|  0%| F|  |TAMS 0x0000000715900000, 0x0000000715900000| Untracked 
| 206|0x0000000715a00000, 0x0000000715a00000, 0x0000000715b00000|  0%| F|  |TAMS 0x0000000715a00000, 0x0000000715a00000| Untracked 
| 207|0x0000000715b00000, 0x0000000715b00000, 0x0000000715c00000|  0%| F|  |TAMS 0x0000000715b00000, 0x0000000715b00000| Untracked 
| 208|0x0000000715c00000, 0x0000000715c00000, 0x0000000715d00000|  0%| F|  |TAMS 0x0000000715c00000, 0x0000000715c00000| Untracked 
| 209|0x0000000715d00000, 0x0000000715d00000, 0x0000000715e00000|  0%| F|  |TAMS 0x0000000715d00000, 0x0000000715d00000| Untracked 
| 210|0x0000000715e00000, 0x0000000715e00000, 0x0000000715f00000|  0%| F|  |TAMS 0x0000000715e00000, 0x0000000715e00000| Untracked 
| 211|0x0000000715f00000, 0x0000000715f00000, 0x0000000716000000|  0%| F|  |TAMS 0x0000000715f00000, 0x0000000715f00000| Untracked 
| 212|0x0000000716000000, 0x0000000716000000, 0x0000000716100000|  0%| F|  |TAMS 0x0000000716000000, 0x0000000716000000| Untracked 
| 213|0x0000000716100000, 0x0000000716100000, 0x0000000716200000|  0%| F|  |TAMS 0x0000000716100000, 0x0000000716100000| Untracked 
| 214|0x0000000716200000, 0x0000000716200000, 0x0000000716300000|  0%| F|  |TAMS 0x0000000716200000, 0x0000000716200000| Untracked 
| 215|0x0000000716300000, 0x0000000716300000, 0x0000000716400000|  0%| F|  |TAMS 0x0000000716300000, 0x0000000716300000| Untracked 
| 216|0x0000000716400000, 0x0000000716400000, 0x0000000716500000|  0%| F|  |TAMS 0x0000000716400000, 0x0000000716400000| Untracked 
| 217|0x0000000716500000, 0x0000000716500000, 0x0000000716600000|  0%| F|  |TAMS 0x0000000716500000, 0x0000000716500000| Untracked 
| 218|0x0000000716600000, 0x0000000716600000, 0x0000000716700000|  0%| F|  |TAMS 0x0000000716600000, 0x0000000716600000| Untracked 
| 219|0x0000000716700000, 0x0000000716700000, 0x0000000716800000|  0%| F|  |TAMS 0x0000000716700000, 0x0000000716700000| Untracked 
| 220|0x0000000716800000, 0x0000000716800000, 0x0000000716900000|  0%| F|  |TAMS 0x0000000716800000, 0x0000000716800000| Untracked 
| 221|0x0000000716900000, 0x0000000716900000, 0x0000000716a00000|  0%| F|  |TAMS 0x0000000716900000, 0x0000000716900000| Untracked 
| 222|0x0000000716a00000, 0x0000000716a00000, 0x0000000716b00000|  0%| F|  |TAMS 0x0000000716a00000, 0x0000000716a00000| Untracked 
| 223|0x0000000716b00000, 0x0000000716b00000, 0x0000000716c00000|  0%| F|  |TAMS 0x0000000716b00000, 0x0000000716b00000| Untracked 
| 224|0x0000000716c00000, 0x0000000716c00000, 0x0000000716d00000|  0%| F|  |TAMS 0x0000000716c00000, 0x0000000716c00000| Untracked 
| 225|0x0000000716d00000, 0x0000000716d00000, 0x0000000716e00000|  0%| F|  |TAMS 0x0000000716d00000, 0x0000000716d00000| Untracked 
| 226|0x0000000716e00000, 0x0000000716e00000, 0x0000000716f00000|  0%| F|  |TAMS 0x0000000716e00000, 0x0000000716e00000| Untracked 
| 227|0x0000000716f00000, 0x0000000716f00000, 0x0000000717000000|  0%| F|  |TAMS 0x0000000716f00000, 0x0000000716f00000| Untracked 
| 228|0x0000000717000000, 0x0000000717000000, 0x0000000717100000|  0%| F|  |TAMS 0x0000000717000000, 0x0000000717000000| Untracked 
| 229|0x0000000717100000, 0x0000000717100000, 0x0000000717200000|  0%| F|  |TAMS 0x0000000717100000, 0x0000000717100000| Untracked 
| 230|0x0000000717200000, 0x0000000717200000, 0x0000000717300000|  0%| F|  |TAMS 0x0000000717200000, 0x0000000717200000| Untracked 
| 231|0x0000000717300000, 0x0000000717300000, 0x0000000717400000|  0%| F|  |TAMS 0x0000000717300000, 0x0000000717300000| Untracked 
| 232|0x0000000717400000, 0x0000000717400000, 0x0000000717500000|  0%| F|  |TAMS 0x0000000717400000, 0x0000000717400000| Untracked 
| 233|0x0000000717500000, 0x0000000717500000, 0x0000000717600000|  0%| F|  |TAMS 0x0000000717500000, 0x0000000717500000| Untracked 
| 234|0x0000000717600000, 0x0000000717600000, 0x0000000717700000|  0%| F|  |TAMS 0x0000000717600000, 0x0000000717600000| Untracked 
| 235|0x0000000717700000, 0x0000000717700000, 0x0000000717800000|  0%| F|  |TAMS 0x0000000717700000, 0x0000000717700000| Untracked 
| 236|0x0000000717800000, 0x0000000717800000, 0x0000000717900000|  0%| F|  |TAMS 0x0000000717800000, 0x0000000717800000| Untracked 
| 237|0x0000000717900000, 0x00000007179fe160, 0x0000000717a00000| 99%| E|  |TAMS 0x0000000717900000, 0x0000000717900000| Complete 
| 238|0x0000000717a00000, 0x0000000717b00000, 0x0000000717b00000|100%| E|CS|TAMS 0x0000000717a00000, 0x0000000717a00000| Complete 
| 239|0x0000000717b00000, 0x0000000717c00000, 0x0000000717c00000|100%| E|CS|TAMS 0x0000000717b00000, 0x0000000717b00000| Complete 
| 240|0x0000000717c00000, 0x0000000717d00000, 0x0000000717d00000|100%| E|CS|TAMS 0x0000000717c00000, 0x0000000717c00000| Complete 
| 241|0x0000000717d00000, 0x0000000717e00000, 0x0000000717e00000|100%| E|CS|TAMS 0x0000000717d00000, 0x0000000717d00000| Complete 
| 242|0x0000000717e00000, 0x0000000717f00000, 0x0000000717f00000|100%| E|CS|TAMS 0x0000000717e00000, 0x0000000717e00000| Complete 
| 243|0x0000000717f00000, 0x0000000718000000, 0x0000000718000000|100%| E|CS|TAMS 0x0000000717f00000, 0x0000000717f00000| Complete 
| 244|0x0000000718000000, 0x0000000718100000, 0x0000000718100000|100%| E|CS|TAMS 0x0000000718000000, 0x0000000718000000| Complete 
| 245|0x0000000718100000, 0x0000000718200000, 0x0000000718200000|100%| E|CS|TAMS 0x0000000718100000, 0x0000000718100000| Complete 
| 246|0x0000000718200000, 0x0000000718300000, 0x0000000718300000|100%| E|CS|TAMS 0x0000000718200000, 0x0000000718200000| Complete 
| 247|0x0000000718300000, 0x0000000718400000, 0x0000000718400000|100%| E|CS|TAMS 0x0000000718300000, 0x0000000718300000| Complete 
|2930|0x00000007bfe00000, 0x00000007bfe48000, 0x00000007bff00000| 28%|OA|  |TAMS 0x00000007bfe00000, 0x00000007bfe00000| Untracked 
|2931|0x00000007bff00000, 0x00000007bff6c000, 0x00000007c0000000| 42%|CA|  |TAMS 0x00000007bff00000, 0x00000007bff00000| Untracked 

Card table byte_map: [0x0000761b9e783000,0x0000761b9ef3d000] _byte_map_base: 0x0000761b9af3d000

Marking Bits (Prev, Next): (CMBitMap*) 0x0000761bbc07d1b8, (CMBitMap*) 0x0000761bbc07d1f0
 Prev Bits: [0x0000761b9a1f9000, 0x0000761b9dfc9000)
 Next Bits: [0x0000761b96429000, 0x0000761b9a1f9000)

Polling page: 0x0000761bc1dff000

Metaspace:

Usage:
  Non-class:      5.97 MB capacity,     3.47 MB ( 58%) used,     2.49 MB ( 42%) free+waste,     7.44 KB ( <1%) overhead. 
      Class:    696.00 KB capacity,   416.10 KB ( 60%) used,   276.09 KB ( 40%) free+waste,     3.81 KB ( <1%) overhead. 
       Both:      6.65 MB capacity,     3.88 MB ( 58%) used,     2.76 MB ( 42%) free+waste,    11.25 KB ( <1%) overhead. 

Virtual space:
  Non-class space:        8.00 MB reserved,       6.25 MB ( 78%) committed 
      Class space:        1.00 GB reserved,     768.00 KB ( <1%) committed 
             Both:        1.01 GB reserved,       7.00 MB ( <1%) committed 

Chunk freelists:
   Non-Class:  32.00 KB
       Class:  8.00 KB
        Both:  40.00 KB

MaxMetaspaceSize: unlimited
CompressedClassSpaceSize: 1.00 GB
Initial GC threshold: 20.80 MB
Current GC threshold: 20.80 MB
CDS: on

CodeHeap 'non-profiled nmethods': size=119172Kb used=227Kb max_used=227Kb free=118944Kb
 bounds [0x0000761bac19f000, 0x0000761bac40f000, 0x0000761bb3600000]
CodeHeap 'profiled nmethods': size=119168Kb used=1760Kb max_used=1760Kb free=117407Kb
 bounds [0x0000761ba4d3f000, 0x0000761ba4faf000, 0x0000761bac19f000]
CodeHeap 'non-nmethods': size=7420Kb used=2272Kb max_used=2297Kb free=5147Kb
 bounds [0x0000761ba4600000, 0x0000761ba4870000, 0x0000761ba4d3f000]
 total_blobs=1318 nmethods=910 adapters=320
 compilation: enabled
              stopped_count=0, restarted_count=0
 full_count=0

Compilation events (20 events):
Event: 0.168 Thread 0x0000761b6805c000 nmethod 898 0x0000761ba4ef1e90 code [0x0000761ba4ef20c0, 0x0000761ba4ef29c0]
Event: 0.168 Thread 0x0000761b68152000  899       3       sun.invoke.util.Wrapper::forBasicType (16 bytes)
Event: 0.168 Thread 0x0000761b68152000 nmethod 899 0x0000761ba4ef2c90 code [0x0000761ba4ef2e60, 0x0000761ba4ef2fe0]
Event: 0.169 Thread 0x0000761b6805c000  901       1       java.lang.reflect.Method::getDeclaringClass (5 bytes)
Event: 0.169 Thread 0x0000761b6805c000 nmethod 901 0x0000761bac1d6a90 code [0x0000761bac1d6c40, 0x0000761bac1d6d10]
Event: 0.169 Thread 0x0000761b6805c000  903       3       sun.invoke.util.BytecodeDescriptor::unparseSig (91 bytes)
Event: 0.169 Thread 0x0000761b68152000  905       3       java.lang.invoke.InvokerBytecodeGenerator::emitLoadInsn (21 bytes)
Event: 0.169 Thread 0x0000761bbc1fa000  904       3       java.lang.invoke.InvokerBytecodeGenerator::emitPushArgument (120 bytes)
Event: 0.169 Thread 0x0000761b640c7000  907       4       java.lang.invoke.MethodType::parameterType (7 bytes)
Event: 0.169 Thread 0x0000761b68152000 nmethod 905 0x0000761ba4ef3090 code [0x0000761ba4ef3260, 0x0000761ba4ef34d0]
Event: 0.169 Thread 0x0000761b68152000  906       3       java.lang.invoke.InvokerBytecodeGenerator::loadInsnOpcode (86 bytes)
Event: 0.169 Thread 0x0000761b6805c000 nmethod 903 0x0000761ba4ef3610 code [0x0000761ba4ef38a0, 0x0000761ba4ef40c0]
Event: 0.169 Thread 0x0000761bbc1f8000  908       4       jdk.internal.org.objectweb.asm.ByteVector::putUTF8 (142 bytes)
Event: 0.170 Thread 0x0000761b640c7000 nmethod 907 0x0000761bac1d6d90 code [0x0000761bac1d6f20, 0x0000761bac1d6fd8]
Event: 0.170 Thread 0x0000761b68152000 nmethod 906 0x0000761ba4ef4490 code [0x0000761ba4ef4720, 0x0000761ba4ef5250]
Event: 0.170 Thread 0x0000761bbc1fa000 nmethod 904 0x0000761ba4ef5610 code [0x0000761ba4ef58e0, 0x0000761ba4ef6740]
Event: 0.170 Thread 0x0000761b6805c000  909       1       java.util.HashMap::size (5 bytes)
Event: 0.170 Thread 0x0000761b6805c000 nmethod 909 0x0000761bac1d7090 code [0x0000761bac1d7240, 0x0000761bac1d7310]
Event: 0.171 Thread 0x0000761b68152000  910       3       java.nio.ByteBuffer::position (6 bytes)
Event: 0.171 Thread 0x0000761b68152000 nmethod 910 0x0000761ba4ef6c10 code [0x0000761ba4ef6dc0, 0x0000761ba4ef6fa0]

GC Heap History (0 events):
No events

Deoptimization events (20 events):
Event: 0.108 Thread 0x0000761bbc015000 Uncommon trap: trap_request=0xffffffbe fr.pc=0x0000761bac1ae5c4 relative=0x0000000000000404
Event: 0.108 Thread 0x0000761bbc015000 Uncommon trap: reason=profile_predicate action=maybe_recompile pc=0x0000761bac1ae5c4 method=java.lang.StringLatin1.indexOf([BI[BII)I @ 18 c2
Event: 0.108 Thread 0x0000761bbc015000 DEOPT PACKING pc=0x0000761bac1ae5c4 sp=0x0000761bc19fd000
Event: 0.108 Thread 0x0000761bbc015000 DEOPT UNPACKING pc=0x0000761ba4649ea5 sp=0x0000761bc19fcf80 mode 2
Event: 0.108 Thread 0x0000761bbc015000 Uncommon trap: trap_request=0xffffffbe fr.pc=0x0000761bac1ae5c4 relative=0x0000000000000404
Event: 0.108 Thread 0x0000761bbc015000 Uncommon trap: reason=profile_predicate action=maybe_recompile pc=0x0000761bac1ae5c4 method=java.lang.StringLatin1.indexOf([BI[BII)I @ 18 c2
Event: 0.108 Thread 0x0000761bbc015000 DEOPT PACKING pc=0x0000761bac1ae5c4 sp=0x0000761bc19fd000
Event: 0.108 Thread 0x0000761bbc015000 DEOPT UNPACKING pc=0x0000761ba4649ea5 sp=0x0000761bc19fcf80 mode 2
Event: 0.109 Thread 0x0000761bbc015000 DEOPT PACKING pc=0x0000761ba4d8e330 sp=0x0000761bc19fcf10
Event: 0.109 Thread 0x0000761bbc015000 DEOPT UNPACKING pc=0x0000761ba464a64a sp=0x0000761bc19fc388 mode 0
Event: 0.125 Thread 0x0000761bbc015000 DEOPT PACKING pc=0x0000761ba4e24362 sp=0x0000761bc19fa800
Event: 0.125 Thread 0x0000761bbc015000 DEOPT UNPACKING pc=0x0000761ba464a64a sp=0x0000761bc19f9c98 mode 0
Event: 0.137 Thread 0x0000761bbc015000 DEOPT PACKING pc=0x0000761ba4d6564f sp=0x0000761bc19fd5d0
Event: 0.137 Thread 0x0000761bbc015000 DEOPT UNPACKING pc=0x0000761ba464a64a sp=0x0000761bc19fca78 mode 0
Event: 0.138 Thread 0x0000761bbc015000 DEOPT PACKING pc=0x0000761ba4d6564f sp=0x0000761bc19fd4d0
Event: 0.138 Thread 0x0000761bbc015000 DEOPT UNPACKING pc=0x0000761ba464a64a sp=0x0000761bc19fc978 mode 0
Event: 0.165 Thread 0x0000761bbc015000 Uncommon trap: trap_request=0xffffff4d fr.pc=0x0000761bac1cea44 relative=0x0000000000000484
Event: 0.165 Thread 0x0000761bbc015000 Uncommon trap: reason=unstable_if action=reinterpret pc=0x0000761bac1cea44 method=java.lang.StringLatin1.replace([BCC)Ljava/lang/String; @ 19 c2
Event: 0.165 Thread 0x0000761bbc015000 DEOPT PACKING pc=0x0000761bac1cea44 sp=0x0000761bc19fd530
Event: 0.165 Thread 0x0000761bbc015000 DEOPT UNPACKING pc=0x0000761ba4649ea5 sp=0x0000761bc19fd4c0 mode 2

Classes redefined (0 events):
No events

Internal exceptions (20 events):
Event: 0.029 Thread 0x0000761bbc015000 Exception <a 'java/security/PrivilegedActionException'{0x000000071823ded0}> (0x000000071823ded0) thrown at [./src/hotspot/share/prims/jvm.cpp, line 1304]
Event: 0.029 Thread 0x0000761bbc015000 Exception <a 'java/security/PrivilegedActionException'{0x000000071823e1a0}> (0x000000071823e1a0) thrown at [./src/hotspot/share/prims/jvm.cpp, line 1304]
Event: 0.029 Thread 0x0000761bbc015000 Exception <a 'java/security/PrivilegedActionException'{0x000000071823edb8}> (0x000000071823edb8) thrown at [./src/hotspot/share/prims/jvm.cpp, line 1304]
Event: 0.029 Thread 0x0000761bbc015000 Exception <a 'java/security/PrivilegedActionException'{0x000000071823f088}> (0x000000071823f088) thrown at [./src/hotspot/share/prims/jvm.cpp, line 1304]
Event: 0.029 Thread 0x0000761bbc015000 Exception <a 'java/security/PrivilegedActionException'{0x000000071823fca0}> (0x000000071823fca0) thrown at [./src/hotspot/share/prims/jvm.cpp, line 1304]
Event: 0.029 Thread 0x0000761bbc015000 Exception <a 'java/security/PrivilegedActionException'{0x000000071823ff70}> (0x000000071823ff70) thrown at [./src/hotspot/share/prims/jvm.cpp, line 1304]
Event: 0.029 Thread 0x0000761bbc015000 Exception <a 'java/security/PrivilegedActionException'{0x0000000718240ba0}> (0x0000000718240ba0) thrown at [./src/hotspot/share/prims/jvm.cpp, line 1304]
Event: 0.029 Thread 0x0000761bbc015000 Exception <a 'java/security/PrivilegedActionException'{0x0000000718240e70}> (0x0000000718240e70) thrown at [./src/hotspot/share/prims/jvm.cpp, line 1304]
Event: 0.029 Thread 0x0000761bbc015000 Exception <a 'java/security/PrivilegedActionException'{0x0000000718241aa0}> (0x0000000718241aa0) thrown at [./src/hotspot/share/prims/jvm.cpp, line 1304]
Event: 0.029 Thread 0x0000761bbc015000 Exception <a 'java/security/PrivilegedActionException'{0x0000000718241d70}> (0x0000000718241d70) thrown at [./src/hotspot/share/prims/jvm.cpp, line 1304]
Event: 0.029 Thread 0x0000761bbc015000 Exception <a 'java/security/PrivilegedActionException'{0x00000007182429a0}> (0x00000007182429a0) thrown at [./src/hotspot/share/prims/jvm.cpp, line 1304]
Event: 0.029 Thread 0x0000761bbc015000 Exception <a 'java/security/PrivilegedActionException'{0x0000000718242c70}> (0x0000000718242c70) thrown at [./src/hotspot/share/prims/jvm.cpp, line 1304]
Event: 0.029 Thread 0x0000761bbc015000 Exception <a 'java/security/PrivilegedActionException'{0x0000000718243888}> (0x0000000718243888) thrown at [./src/hotspot/share/prims/jvm.cpp, line 1304]
Event: 0.029 Thread 0x0000761bbc015000 Exception <a 'java/security/PrivilegedActionException'{0x0000000718243b58}> (0x0000000718243b58) thrown at [./src/hotspot/share/prims/jvm.cpp, line 1304]
Event: 0.029 Thread 0x0000761bbc015000 Exception <a 'java/security/PrivilegedActionException'{0x0000000718244788}> (0x0000000718244788) thrown at [./src/hotspot/share/prims/jvm.cpp, line 1304]
Event: 0.029 Thread 0x0000761bbc015000 Exception <a 'java/security/PrivilegedActionException'{0x0000000718244a58}> (0x0000000718244a58) thrown at [./src/hotspot/share/prims/jvm.cpp, line 1304]
Event: 0.103 Thread 0x0000761bbc015000 Exception <a 'java/lang/NoSuchMethodError'{0x0000000717eec798}: 'int java.lang.invoke.DirectMethodHandle$Holder.invokeStaticInit(java.lang.Object, java.lang.Object, java.lang.Object, java.lang.Object)'> (0x0000000717eec798) thrown at [./src/hotspot/share/interpreter/linkResolver.cpp, line 772]
Event: 0.104 Thread 0x0000761bbc015000 Exception <a 'java/lang/IncompatibleClassChangeError'{0x0000000717ef6900}: Found class java.lang.Object, but interface was expected> (0x0000000717ef6900) thrown at [./src/hotspot/share/interpreter/linkResolver.cpp, line 839]
Event: 0.104 Thread 0x0000761bbc015000 Exception <a 'java/lang/NoSuchMethodError'{0x0000000717ef9b50}: 'void java.lang.invoke.DirectMethodHandle$Holder.invokeStaticInit(java.lang.Object, java.lang.Object)'> (0x0000000717ef9b50) thrown at [./src/hotspot/share/interpreter/linkResolver.cpp, line 772]
Event: 0.105 Thread 0x0000761bbc015000 Exception <a 'java/lang/NoSuchMethodError'{0x0000000717eff5a8}: 'int java.lang.invoke.DirectMethodHandle$Holder.invokeStaticInit(java.lang.Object, java.lang.Object)'> (0x0000000717eff5a8) thrown at [./src/hotspot/share/interpreter/linkResolver.cpp, line 772]

Events (20 events):
Event: 0.166 loading class com/example/ConstPropValueHolder$Kind
Event: 0.166 loading class com/example/ConstPropValueHolder$Kind done
Event: 0.167 loading class java/util/HashMap$EntrySpliterator
Event: 0.167 loading class java/util/HashMap$EntrySpliterator done
Event: 0.167 loading class java/util/LinkedHashSet
Event: 0.167 loading class java/util/LinkedHashSet done
Event: 0.167 loading class java/util/LinkedHashMap$LinkedKeySet
Event: 0.167 loading class java/util/LinkedHashMap$LinkedKeySet done
Event: 0.167 loading class java/util/LinkedHashMap$LinkedKeyIterator
Event: 0.167 loading class java/util/LinkedHashMap$LinkedKeyIterator done
Event: 0.168 loading class java/util/stream/SortedOps
Event: 0.168 loading class java/util/stream/SortedOps done
Event: 0.168 loading class java/util/stream/SortedOps$OfRef
Event: 0.168 loading class java/util/stream/ReferencePipeline$StatefulOp
Event: 0.168 loading class java/util/stream/ReferencePipeline$StatefulOp done
Event: 0.168 loading class java/util/stream/SortedOps$OfRef done
Event: 0.170 loading class java/util/stream/SortedOps$SizedRefSortingSink
Event: 0.170 loading class java/util/stream/SortedOps$AbstractRefSortingSink
Event: 0.170 loading class java/util/stream/SortedOps$AbstractRefSortingSink done
Event: 0.170 loading class java/util/stream/SortedOps$SizedRefSortingSink done


Dynamic libraries:
708c00000-718400000 rw-p 00000000 00:00 0 
718400000-7bfe00000 ---p 00000000 00:00 0 
7bfe00000-7bfe48000 rw-p 00b14000 08:30 134337                           /usr/lib/jvm/java-11-openjdk-amd64/lib/server/classes.jsa
7bfe48000-7bff00000 rw-p 00000000 00:00 0 
7bff00000-7bff6c000 rw-p 00aa8000 08:30 134337                           /usr/lib/jvm/java-11-openjdk-amd64/lib/server/classes.jsa
7bff6c000-7c0000000 rw-p 00000000 00:00 0 
7c0000000-800000000 ---p 00000000 00:00 0 
800000000-800002000 rwxp 00001000 08:30 134337                           /usr/lib/jvm/java-11-openjdk-amd64/lib/server/classes.jsa
800002000-8003ce000 rw-p 00003000 08:30 134337                           /usr/lib/jvm/java-11-openjdk-amd64/lib/server/classes.jsa
8003ce000-800aa6000 r--p 003cf000 08:30 134337                           /usr/lib/jvm/java-11-openjdk-amd64/lib/server/classes.jsa
800aa6000-800aa7000 rw-p 00aa7000 08:30 134337                           /usr/lib/jvm/java-11-openjdk-amd64/lib/server/classes.jsa
840000000-8400c0000 rw-p 00000000 00:00 0 
8400c0000-880000000 ---p 00000000 00:00 0 
5f2a2662c000-5f2a2662d000 r--p 00000000 08:30 134745                     /usr/lib/jvm/java-11-openjdk-amd64/bin/java
5f2a2662d000-5f2a2662e000 r-xp 00001000 08:30 134745                     /usr/lib/jvm/java-11-openjdk-amd64/bin/java
5f2a2662e000-5f2a2662f000 r--p 00002000 08:30 134745                     /usr/lib/jvm/java-11-openjdk-amd64/bin/java
5f2a2662f000-5f2a26630000 r--p 00002000 08:30 134745                     /usr/lib/jvm/java-11-openjdk-amd64/bin/java
5f2a26630000-5f2a26631000 rw-p 00003000 08:30 134745                     /usr/lib/jvm/java-11-openjdk-amd64/bin/java
5f2a29e4a000-5f2a29e6b000 rw-p 00000000 00:00 0                          [heap]
761b40000000-761b4002c000 rw-p 00000000 00:00 0 
761b4002c000-761b44000000 ---p 00000000 00:00 0 
761b45400000-761b45d26000 r--p 00000000 08:30 204242                     /home/crz/.javacpp/cache/llvm-13.0.1-1.5.7-linux-x86_64.jar/org/bytedeco/llvm/linux-x86_64/libLLVM-13.so
761b45d26000-761b496e9000 r-xp 00926000 08:30 204242                     /home/crz/.javacpp/cache/llvm-13.0.1-1.5.7-linux-x86_64.jar/org/bytedeco/llvm/linux-x86_64/libLLVM-13.so
761b496e9000-761b4b93e000 r--p 042e9000 08:30 204242                     /home/crz/.javacpp/cache/llvm-13.0.1-1.5.7-linux-x86_64.jar/org/bytedeco/llvm/linux-x86_64/libLLVM-13.so
761b4b93e000-761b4be53000 r--p 0653d000 08:30 204242                     /home/crz/.javacpp/cache/llvm-13.0.1-1.5.7-linux-x86_64.jar/org/bytedeco/llvm/linux-x86_64/libLLVM-13.so
761b4be53000-761b4be5e000 rw-p 06a52000 08:30 204242                     /home/crz/.javacpp/cache/llvm-13.0.1-1.5.7-linux-x86_64.jar/org/bytedeco/llvm/linux-x86_64/libLLVM-13.so
761b4be5e000-761b4bed4000 rw-p 00000000 00:00 0 
761b4c000000-761b4c06d000 rw-p 00000000 00:00 0 
761b4c06d000-761b50000000 ---p 00000000 00:00 0 
761b50000000-761b50021000 rw-p 00000000 00:00 0 
761b50021000-761b54000000 ---p 00000000 00:00 0 
761b54000000-761b54021000 rw-p 00000000 00:00 0 
761b54021000-761b58000000 ---p 00000000 00:00 0 
761b58000000-761b58021000 rw-p 00000000 00:00 0 
761b58021000-761b5c000000 ---p 00000000 00:00 0 
761b5c000000-761b5c021000 rw-p 00000000 00:00 0 
761b5c021000-761b60000000 ---p 00000000 00:00 0 
761b60000000-761b601e6000 rw-p 00000000 00:00 0 
761b601e6000-761b64000000 ---p 00000000 00:00 0 
761b64000000-761b64326000 rw-p 00000000 00:00 0 
761b64326000-761b68000000 ---p 00000000 00:00 0 
761b68000000-761b681c7000 rw-p 00000000 00:00 0 
761b681c7000-761b6c000000 ---p 00000000 00:00 0 
761b6c000000-761b6c021000 rw-p 00000000 00:00 0 
761b6c021000-761b70000000 ---p 00000000 00:00 0 
761b70000000-761b70021000 rw-p 00000000 00:00 0 
761b70021000-761b74000000 ---p 00000000 00:00 0 
761b74000000-761b74021000 rw-p 00000000 00:00 0 
761b74021000-761b78000000 ---p 00000000 00:00 0 
761b78000000-761b78021000 rw-p 00000000 00:00 0 
761b78021000-761b7c000000 ---p 00000000 00:00 0 
761b7c000000-761b7c021000 rw-p 00000000 00:00 0 
761b7c021000-761b80000000 ---p 00000000 00:00 0 
761b80000000-761b80021000 rw-p 00000000 00:00 0 
761b80021000-761b84000000 ---p 00000000 00:00 0 
761b84000000-761b84021000 rw-p 00000000 00:00 0 
761b84021000-761b88000000 ---p 00000000 00:00 0 
761b88000000-761b88021000 rw-p 00000000 00:00 0 
761b88021000-761b8c000000 ---p 00000000 00:00 0 
761b8d1f9000-761b8d25e000 r--p 00000000 08:30 204256                     /home/crz/.javacpp/cache/llvm-13.0.1-1.5.7-linux-x86_64.jar/org/bytedeco/llvm/linux-x86_64/libjniLLVM.so
761b8d25e000-761b8d2cc000 r-xp 00065000 08:30 204256                     /home/crz/.javacpp/cache/llvm-13.0.1-1.5.7-linux-x86_64.jar/org/bytedeco/llvm/linux-x86_64/libjniLLVM.so
761b8d2cc000-761b8d2f7000 r--p 000d3000 08:30 204256                     /home/crz/.javacpp/cache/llvm-13.0.1-1.5.7-linux-x86_64.jar/org/bytedeco/llvm/linux-x86_64/libjniLLVM.so
761b8d2f7000-761b8d2fa000 r--p 000fd000 08:30 204256                     /home/crz/.javacpp/cache/llvm-13.0.1-1.5.7-linux-x86_64.jar/org/bytedeco/llvm/linux-x86_64/libjniLLVM.so
761b8d2fa000-761b8d2fd000 rw-p 00100000 08:30 204256                     /home/crz/.javacpp/cache/llvm-13.0.1-1.5.7-linux-x86_64.jar/org/bytedeco/llvm/linux-x86_64/libjniLLVM.so
761b8d2fd000-761b8d2ff000 rw-p 00000000 00:00 0 
761b8d2ff000-761b8d303000 ---p 00000000 00:00 0 
761b8d303000-761b8d3ff000 rw-p 00000000 00:00 0 
761b8d3ff000-761b8d403000 ---p 00000000 00:00 0 
761b8d403000-761b8d4ff000 rw-p 00000000 00:00 0 
761b8d4ff000-761b8d503000 ---p 00000000 00:00 0 
761b8d503000-761b8d5ff000 rw-p 00000000 00:00 0 
761b8d5ff000-761b8d603000 ---p 00000000 00:00 0 
761b8d603000-761b8d6ff000 rw-p 00000000 00:00 0 
761b8d6ff000-761b8d700000 ---p 00000000 00:00 0 
761b8d700000-761b8d800000 rw-p 00000000 00:00 0 
761b8d800000-761b8d804000 ---p 00000000 00:00 0 
761b8d804000-761b8d900000 rw-p 00000000 00:00 0 
761b8d900000-761b8d904000 ---p 00000000 00:00 0 
761b8d904000-761b8da00000 rw-p 00000000 00:00 0 
761b8da00000-761b8da04000 ---p 00000000 00:00 0 
761b8da04000-761b8db00000 rw-p 00000000 00:00 0 
761b8db00000-761b8db04000 ---p 00000000 00:00 0 
761b8db04000-761b8dc00000 rw-p 00000000 00:00 0 
761b8dc00000-761b8dc04000 ---p 00000000 00:00 0 
761b8dc04000-761b8dd00000 rw-p 00000000 00:00 0 
761b8dd00000-761b8dd04000 ---p 00000000 00:00 0 
761b8dd04000-761b8de00000 rw-p 00000000 00:00 0 
761b8de00000-761b8e3ed000 r--p 00000000 08:30 2460                       /usr/lib/locale/locale-archive
761b8e3ee000-761b8e3f2000 ---p 00000000 00:00 0 
761b8e3f2000-761b8e4ee000 rw-p 00000000 00:00 0 
761b8e4ee000-761b8e4f2000 ---p 00000000 00:00 0 
761b8e4f2000-761b8e5ee000 rw-p 00000000 00:00 0 
761b8e5ee000-761b8e5ef000 ---p 00000000 00:00 0 
761b8e5ef000-761b8ed2f000 rw-p 00000000 00:00 0 
761b8ed2f000-761b8eeef000 ---p 00000000 00:00 0 
761b8eeef000-761b8eef0000 ---p 00000000 00:00 0 
761b8eef0000-761b8eff0000 rw-p 00000000 00:00 0 
761b8eff0000-761b8eff1000 ---p 00000000 00:00 0 
761b8eff1000-761b90000000 rw-p 00000000 00:00 0 
761b90000000-761b90021000 rw-p 00000000 00:00 0 
761b90021000-761b94000000 ---p 00000000 00:00 0 
761b94030000-761b96030000 rw-p 00000000 00:00 0 
761b96030000-761b96031000 ---p 00000000 00:00 0 
761b96031000-761b96131000 rw-p 00000000 00:00 0 
761b96131000-761b96132000 ---p 00000000 00:00 0 
761b96132000-761b96809000 rw-p 00000000 00:00 0 
761b96809000-761b991f1000 ---p 00000000 00:00 0 
761b991f1000-761b991f9000 rw-p 00000000 00:00 0 
761b991f9000-761b9a1f9000 ---p 00000000 00:00 0 
761b9a1f9000-761b9a5d9000 rw-p 00000000 00:00 0 
761b9a5d9000-761b9cfc1000 ---p 00000000 00:00 0 
761b9cfc1000-761b9cfc9000 rw-p 00000000 00:00 0 
761b9cfc9000-761b9dfc9000 ---p 00000000 00:00 0 
761b9dfc9000-761b9e045000 rw-p 00000000 00:00 0 
761b9e045000-761b9e582000 ---p 00000000 00:00 0 
761b9e582000-761b9e583000 rw-p 00000000 00:00 0 
761b9e583000-761b9e783000 ---p 00000000 00:00 0 
761b9e783000-761b9e7ff000 rw-p 00000000 00:00 0 
761b9e7ff000-761b9ed3c000 ---p 00000000 00:00 0 
761b9ed3c000-761b9ed3d000 rw-p 00000000 00:00 0 
761b9ed3d000-761b9ef3d000 ---p 00000000 00:00 0 
761b9ef3d000-761b9efb9000 rw-p 00000000 00:00 0 
761b9efb9000-761b9f4f6000 ---p 00000000 00:00 0 
761b9f4f6000-761b9f4f7000 rw-p 00000000 00:00 0 
761b9f4f7000-761b9f6f7000 ---p 00000000 00:00 0 
761b9f6f7000-761ba0000000 rw-p 00000000 00:00 0 
761ba0000000-761ba0021000 rw-p 00000000 00:00 0 
761ba0021000-761ba4000000 ---p 00000000 00:00 0 
761ba40fb000-761ba4600000 rw-p 00000000 00:00 0 
761ba4600000-761ba4870000 rwxp 00000000 00:00 0 
761ba4870000-761ba4d3f000 ---p 00000000 00:00 0 
761ba4d3f000-761ba4faf000 rwxp 00000000 00:00 0 
761ba4faf000-761bac19f000 ---p 00000000 00:00 0 
761bac19f000-761bac40f000 rwxp 00000000 00:00 0 
761bac40f000-761bb3600000 ---p 00000000 00:00 0 
761bb3600000-761bbbe41000 r--s 00000000 08:30 134824                     /usr/lib/jvm/java-11-openjdk-amd64/lib/modules
761bbbe77000-761bbbe7e000 r--s 00000000 08:30 126817                     /usr/lib/x86_64-linux-gnu/gconv/gconv-modules.cache
761bbbe7e000-761bbc000000 rw-p 00000000 00:00 0 
761bbc000000-761bbc4da000 rw-p 00000000 00:00 0 
761bbc4da000-761bc0000000 ---p 00000000 00:00 0 
761bc0006000-761bc000d000 r--p 00000000 08:30 204245                     /home/crz/.javacpp/cache/llvm-13.0.1-1.5.7-linux-x86_64.jar/org/bytedeco/llvm/linux-x86_64/libLTO.so.13
761bc000d000-761bc0015000 r-xp 00007000 08:30 204245                     /home/crz/.javacpp/cache/llvm-13.0.1-1.5.7-linux-x86_64.jar/org/bytedeco/llvm/linux-x86_64/libLTO.so.13
761bc0015000-761bc0017000 r--p 0000f000 08:30 204245                     /home/crz/.javacpp/cache/llvm-13.0.1-1.5.7-linux-x86_64.jar/org/bytedeco/llvm/linux-x86_64/libLTO.so.13
761bc0017000-761bc0018000 r--p 00010000 08:30 204245                     /home/crz/.javacpp/cache/llvm-13.0.1-1.5.7-linux-x86_64.jar/org/bytedeco/llvm/linux-x86_64/libLTO.so.13
761bc0018000-761bc0019000 rw-p 00011000 08:30 204245                     /home/crz/.javacpp/cache/llvm-13.0.1-1.5.7-linux-x86_64.jar/org/bytedeco/llvm/linux-x86_64/libLTO.so.13
761bc0019000-761bc001d000 r--p 00000000 08:30 204229                     /home/crz/.javacpp/cache/javacpp-1.5.7-linux-x86_64.jar/org/bytedeco/javacpp/linux-x86_64/libjnijavacpp.so
761bc001d000-761bc0024000 r-xp 00004000 08:30 204229                     /home/crz/.javacpp/cache/javacpp-1.5.7-linux-x86_64.jar/org/bytedeco/javacpp/linux-x86_64/libjnijavacpp.so
761bc0024000-761bc0028000 r--p 0000b000 08:30 204229                     /home/crz/.javacpp/cache/javacpp-1.5.7-linux-x86_64.jar/org/bytedeco/javacpp/linux-x86_64/libjnijavacpp.so
761bc0028000-761bc0029000 r--p 0000e000 08:30 204229                     /home/crz/.javacpp/cache/javacpp-1.5.7-linux-x86_64.jar/org/bytedeco/javacpp/linux-x86_64/libjnijavacpp.so
761bc0029000-761bc002a000 rw-p 0000f000 08:30 204229                     /home/crz/.javacpp/cache/javacpp-1.5.7-linux-x86_64.jar/org/bytedeco/javacpp/linux-x86_64/libjnijavacpp.so
761bc002a000-761bc00ff000 rw-p 00000000 00:00 0 
761bc00ff000-761bc0100000 ---p 00000000 00:00 0 
761bc0100000-761bc0200000 rw-p 00000000 00:00 0 
761bc0200000-761bc029a000 r--p 00000000 08:30 6947                       /usr/lib/x86_64-linux-gnu/libstdc++.so.6.0.30
761bc029a000-761bc03ab000 r-xp 0009a000 08:30 6947                       /usr/lib/x86_64-linux-gnu/libstdc++.so.6.0.30
761bc03ab000-761bc041a000 r--p 001ab000 08:30 6947                       /usr/lib/x86_64-linux-gnu/libstdc++.so.6.0.30
761bc041a000-761bc041b000 ---p 0021a000 08:30 6947                       /usr/lib/x86_64-linux-gnu/libstdc++.so.6.0.30
761bc041b000-761bc0426000 r--p 0021a000 08:30 6947                       /usr/lib/x86_64-linux-gnu/libstdc++.so.6.0.30
761bc0426000-761bc0429000 rw-p 00225000 08:30 6947                       /usr/lib/x86_64-linux-gnu/libstdc++.so.6.0.30
761bc0429000-761bc042c000 rw-p 00000000 00:00 0 
761bc042e000-761bc0433000 rw-p 00000000 00:00 0 
761bc0433000-761bc0517000 ---p 00000000 00:00 0 
761bc0517000-761bc051c000 rw-p 00000000 00:00 0 
761bc051c000-761bc0600000 ---p 00000000 00:00 0 
761bc0600000-761bc0883000 r--p 00000000 08:30 134827                     /usr/lib/jvm/java-11-openjdk-amd64/lib/server/libjvm.so
761bc0883000-761bc152e000 r-xp 00283000 08:30 134827                     /usr/lib/jvm/java-11-openjdk-amd64/lib/server/libjvm.so
761bc152e000-761bc178a000 r--p 00f2e000 08:30 134827                     /usr/lib/jvm/java-11-openjdk-amd64/lib/server/libjvm.so
761bc178a000-761bc184e000 r--p 01189000 08:30 134827                     /usr/lib/jvm/java-11-openjdk-amd64/lib/server/libjvm.so
761bc184e000-761bc1889000 rw-p 0124d000 08:30 134827                     /usr/lib/jvm/java-11-openjdk-amd64/lib/server/libjvm.so
761bc1889000-761bc18e0000 rw-p 00000000 00:00 0 
761bc18e3000-761bc18e4000 r--p 00000000 08:30 204251                     /home/crz/.javacpp/cache/llvm-13.0.1-1.5.7-linux-x86_64.jar/org/bytedeco/llvm/linux-x86_64/libRemarks.so.13
761bc18e4000-761bc18e5000 r-xp 00001000 08:30 204251                     /home/crz/.javacpp/cache/llvm-13.0.1-1.5.7-linux-x86_64.jar/org/bytedeco/llvm/linux-x86_64/libRemarks.so.13
761bc18e5000-761bc18e6000 r--p 00002000 08:30 204251                     /home/crz/.javacpp/cache/llvm-13.0.1-1.5.7-linux-x86_64.jar/org/bytedeco/llvm/linux-x86_64/libRemarks.so.13
761bc18e6000-761bc18e7000 r--p 00002000 08:30 204251                     /home/crz/.javacpp/cache/llvm-13.0.1-1.5.7-linux-x86_64.jar/org/bytedeco/llvm/linux-x86_64/libRemarks.so.13
761bc18e7000-761bc18e8000 rw-p 00003000 08:30 204251                     /home/crz/.javacpp/cache/llvm-13.0.1-1.5.7-linux-x86_64.jar/org/bytedeco/llvm/linux-x86_64/libRemarks.so.13
761bc18e8000-761bc18ec000 r--p 00000000 08:30 134814                     /usr/lib/jvm/java-11-openjdk-amd64/lib/libnet.so
761bc18ec000-761bc18fa000 r-xp 00004000 08:30 134814                     /usr/lib/jvm/java-11-openjdk-amd64/lib/libnet.so
761bc18fa000-761bc18fe000 r--p 00012000 08:30 134814                     /usr/lib/jvm/java-11-openjdk-amd64/lib/libnet.so
761bc18fe000-761bc18ff000 r--p 00015000 08:30 134814                     /usr/lib/jvm/java-11-openjdk-amd64/lib/libnet.so
761bc18ff000-761bc1900000 rw-p 00016000 08:30 134814                     /usr/lib/jvm/java-11-openjdk-amd64/lib/libnet.so
761bc1900000-761bc1904000 ---p 00000000 00:00 0 
761bc1904000-761bc1a00000 rw-p 00000000 00:00 0 
761bc1a00000-761bc1a28000 r--p 00000000 08:30 94024                      /usr/lib/x86_64-linux-gnu/libc.so.6
761bc1a28000-761bc1bbd000 r-xp 00028000 08:30 94024                      /usr/lib/x86_64-linux-gnu/libc.so.6
761bc1bbd000-761bc1c15000 r--p 001bd000 08:30 94024                      /usr/lib/x86_64-linux-gnu/libc.so.6
761bc1c15000-761bc1c16000 ---p 00215000 08:30 94024                      /usr/lib/x86_64-linux-gnu/libc.so.6
761bc1c16000-761bc1c1a000 r--p 00215000 08:30 94024                      /usr/lib/x86_64-linux-gnu/libc.so.6
761bc1c1a000-761bc1c1c000 rw-p 00219000 08:30 94024                      /usr/lib/x86_64-linux-gnu/libc.so.6
761bc1c1c000-761bc1c29000 rw-p 00000000 00:00 0 
761bc1c29000-761bc1c2a000 r--p 00000000 08:30 94026                      /usr/lib/x86_64-linux-gnu/libdl.so.2
761bc1c2a000-761bc1c2b000 r-xp 00001000 08:30 94026                      /usr/lib/x86_64-linux-gnu/libdl.so.2
761bc1c2b000-761bc1c2c000 r--p 00002000 08:30 94026                      /usr/lib/x86_64-linux-gnu/libdl.so.2
761bc1c2c000-761bc1c2d000 r--p 00002000 08:30 94026                      /usr/lib/x86_64-linux-gnu/libdl.so.2
761bc1c2d000-761bc1c2e000 rw-p 00003000 08:30 94026                      /usr/lib/x86_64-linux-gnu/libdl.so.2
761bc1c2e000-761bc1c2f000 r--p 00000000 08:30 94037                      /usr/lib/x86_64-linux-gnu/libpthread.so.0
761bc1c2f000-761bc1c30000 r-xp 00001000 08:30 94037                      /usr/lib/x86_64-linux-gnu/libpthread.so.0
761bc1c30000-761bc1c31000 r--p 00002000 08:30 94037                      /usr/lib/x86_64-linux-gnu/libpthread.so.0
761bc1c31000-761bc1c32000 r--p 00002000 08:30 94037                      /usr/lib/x86_64-linux-gnu/libpthread.so.0
761bc1c32000-761bc1c33000 rw-p 00003000 08:30 94037                      /usr/lib/x86_64-linux-gnu/libpthread.so.0
761bc1c33000-761bc1c3a000 r--p 00000000 08:30 134815                     /usr/lib/jvm/java-11-openjdk-amd64/lib/libnio.so
761bc1c3a000-761bc1c42000 r-xp 00007000 08:30 134815                     /usr/lib/jvm/java-11-openjdk-amd64/lib/libnio.so
761bc1c42000-761bc1c45000 r--p 0000f000 08:30 134815                     /usr/lib/jvm/java-11-openjdk-amd64/lib/libnio.so
761bc1c45000-761bc1c46000 r--p 00011000 08:30 134815                     /usr/lib/jvm/java-11-openjdk-amd64/lib/libnio.so
761bc1c46000-761bc1c47000 rw-p 00012000 08:30 134815                     /usr/lib/jvm/java-11-openjdk-amd64/lib/libnio.so
761bc1c47000-761bc1c6d000 rw-p 00000000 00:00 0 
761bc1c6d000-761bc1c77000 ---p 00000000 00:00 0 
761bc1c77000-761bc1c79000 r--p 00000000 08:30 134823                     /usr/lib/jvm/java-11-openjdk-amd64/lib/libzip.so
761bc1c79000-761bc1c7e000 r-xp 00002000 08:30 134823                     /usr/lib/jvm/java-11-openjdk-amd64/lib/libzip.so
761bc1c7e000-761bc1c80000 r--p 00007000 08:30 134823                     /usr/lib/jvm/java-11-openjdk-amd64/lib/libzip.so
761bc1c80000-761bc1c81000 r--p 00008000 08:30 134823                     /usr/lib/jvm/java-11-openjdk-amd64/lib/libzip.so
761bc1c81000-761bc1c82000 rw-p 00009000 08:30 134823                     /usr/lib/jvm/java-11-openjdk-amd64/lib/libzip.so
761bc1c82000-761bc1c8a000 rw-s 00000000 08:30 311379                     /tmp/hsperfdata_crz/35688
761bc1c8a000-761bc1c8c000 r--p 00000000 08:30 134806                     /usr/lib/jvm/java-11-openjdk-amd64/lib/libjimage.so
761bc1c8c000-761bc1c8f000 r-xp 00002000 08:30 134806                     /usr/lib/jvm/java-11-openjdk-amd64/lib/libjimage.so
761bc1c8f000-761bc1c90000 r--p 00005000 08:30 134806                     /usr/lib/jvm/java-11-openjdk-amd64/lib/libjimage.so
761bc1c90000-761bc1c91000 ---p 00006000 08:30 134806                     /usr/lib/jvm/java-11-openjdk-amd64/lib/libjimage.so
761bc1c91000-761bc1c92000 r--p 00006000 08:30 134806                     /usr/lib/jvm/java-11-openjdk-amd64/lib/libjimage.so
761bc1c92000-761bc1c93000 rw-p 00007000 08:30 134806                     /usr/lib/jvm/java-11-openjdk-amd64/lib/libjimage.so
761bc1c93000-761bc1ca1000 r--p 00000000 08:30 134803                     /usr/lib/jvm/java-11-openjdk-amd64/lib/libjava.so
761bc1ca1000-761bc1cb7000 r-xp 0000e000 08:30 134803                     /usr/lib/jvm/java-11-openjdk-amd64/lib/libjava.so
761bc1cb7000-761bc1cbe000 r--p 00024000 08:30 134803                     /usr/lib/jvm/java-11-openjdk-amd64/lib/libjava.so
761bc1cbe000-761bc1cbf000 r--p 0002a000 08:30 134803                     /usr/lib/jvm/java-11-openjdk-amd64/lib/libjava.so
761bc1cbf000-761bc1cc0000 rw-p 0002b000 08:30 134803                     /usr/lib/jvm/java-11-openjdk-amd64/lib/libjava.so
761bc1cc0000-761bc1cc1000 rw-p 00000000 00:00 0 
761bc1cc1000-761bc1cc2000 r--p 00000000 08:30 94039                      /usr/lib/x86_64-linux-gnu/librt.so.1
761bc1cc2000-761bc1cc3000 r-xp 00001000 08:30 94039                      /usr/lib/x86_64-linux-gnu/librt.so.1
761bc1cc3000-761bc1cc4000 r--p 00002000 08:30 94039                      /usr/lib/x86_64-linux-gnu/librt.so.1
761bc1cc4000-761bc1cc5000 r--p 00002000 08:30 94039                      /usr/lib/x86_64-linux-gnu/librt.so.1
761bc1cc5000-761bc1cc6000 rw-p 00003000 08:30 94039                      /usr/lib/x86_64-linux-gnu/librt.so.1
761bc1cc6000-761bc1cc9000 r--p 00000000 08:30 6709                       /usr/lib/x86_64-linux-gnu/libgcc_s.so.1
761bc1cc9000-761bc1ce0000 r-xp 00003000 08:30 6709                       /usr/lib/x86_64-linux-gnu/libgcc_s.so.1
761bc1ce0000-761bc1ce4000 r--p 0001a000 08:30 6709                       /usr/lib/x86_64-linux-gnu/libgcc_s.so.1
761bc1ce4000-761bc1ce5000 r--p 0001d000 08:30 6709                       /usr/lib/x86_64-linux-gnu/libgcc_s.so.1
761bc1ce5000-761bc1ce6000 rw-p 0001e000 08:30 6709                       /usr/lib/x86_64-linux-gnu/libgcc_s.so.1
761bc1ce6000-761bc1cf4000 r--p 00000000 08:30 94027                      /usr/lib/x86_64-linux-gnu/libm.so.6
761bc1cf4000-761bc1d70000 r-xp 0000e000 08:30 94027                      /usr/lib/x86_64-linux-gnu/libm.so.6
761bc1d70000-761bc1dcb000 r--p 0008a000 08:30 94027                      /usr/lib/x86_64-linux-gnu/libm.so.6
761bc1dcb000-761bc1dcc000 r--p 000e4000 08:30 94027                      /usr/lib/x86_64-linux-gnu/libm.so.6
761bc1dcc000-761bc1dcd000 rw-p 000e5000 08:30 94027                      /usr/lib/x86_64-linux-gnu/libm.so.6
761bc1dcd000-761bc1dd0000 rw-p 00000000 00:00 0 
761bc1dd0000-761bc1dd3000 r--p 00000000 08:30 134788                     /usr/lib/jvm/java-11-openjdk-amd64/lib/jli/libjli.so
761bc1dd3000-761bc1ddd000 r-xp 00003000 08:30 134788                     /usr/lib/jvm/java-11-openjdk-amd64/lib/jli/libjli.so
761bc1ddd000-761bc1de0000 r--p 0000d000 08:30 134788                     /usr/lib/jvm/java-11-openjdk-amd64/lib/jli/libjli.so
761bc1de0000-761bc1de1000 ---p 00010000 08:30 134788                     /usr/lib/jvm/java-11-openjdk-amd64/lib/jli/libjli.so
761bc1de1000-761bc1de2000 r--p 00010000 08:30 134788                     /usr/lib/jvm/java-11-openjdk-amd64/lib/jli/libjli.so
761bc1de2000-761bc1de3000 rw-p 00011000 08:30 134788                     /usr/lib/jvm/java-11-openjdk-amd64/lib/jli/libjli.so
761bc1de3000-761bc1de5000 r--p 00000000 08:30 6997                       /usr/lib/x86_64-linux-gnu/libz.so.1.2.11
761bc1de5000-761bc1df6000 r-xp 00002000 08:30 6997                       /usr/lib/x86_64-linux-gnu/libz.so.1.2.11
761bc1df6000-761bc1dfc000 r--p 00013000 08:30 6997                       /usr/lib/x86_64-linux-gnu/libz.so.1.2.11
761bc1dfc000-761bc1dfd000 ---p 00019000 08:30 6997                       /usr/lib/x86_64-linux-gnu/libz.so.1.2.11
761bc1dfd000-761bc1dfe000 r--p 00019000 08:30 6997                       /usr/lib/x86_64-linux-gnu/libz.so.1.2.11
761bc1dfe000-761bc1dff000 rw-p 0001a000 08:30 6997                       /usr/lib/x86_64-linux-gnu/libz.so.1.2.11
761bc1dff000-761bc1e00000 ---p 00000000 00:00 0 
761bc1e00000-761bc1e01000 r--p 00000000 00:00 0 
761bc1e01000-761bc1e06000 r--p 00000000 08:30 134822                     /usr/lib/jvm/java-11-openjdk-amd64/lib/libverify.so
761bc1e06000-761bc1e0d000 r-xp 00005000 08:30 134822                     /usr/lib/jvm/java-11-openjdk-amd64/lib/libverify.so
761bc1e0d000-761bc1e0f000 r--p 0000c000 08:30 134822                     /usr/lib/jvm/java-11-openjdk-amd64/lib/libverify.so
761bc1e0f000-761bc1e11000 r--p 0000d000 08:30 134822                     /usr/lib/jvm/java-11-openjdk-amd64/lib/libverify.so
761bc1e11000-761bc1e12000 rw-p 0000f000 08:30 134822                     /usr/lib/jvm/java-11-openjdk-amd64/lib/libverify.so
761bc1e12000-761bc1e14000 rw-p 00000000 00:00 0 
761bc1e14000-761bc1e16000 r--p 00000000 08:30 94020                      /usr/lib/x86_64-linux-gnu/ld-linux-x86-64.so.2
761bc1e16000-761bc1e40000 r-xp 00002000 08:30 94020                      /usr/lib/x86_64-linux-gnu/ld-linux-x86-64.so.2
761bc1e40000-761bc1e4b000 r--p 0002c000 08:30 94020                      /usr/lib/x86_64-linux-gnu/ld-linux-x86-64.so.2
761bc1e4c000-761bc1e4e000 r--p 00037000 08:30 94020                      /usr/lib/x86_64-linux-gnu/ld-linux-x86-64.so.2
761bc1e4e000-761bc1e50000 rw-p 00039000 08:30 94020                      /usr/lib/x86_64-linux-gnu/ld-linux-x86-64.so.2
7ffec8da1000-7ffec8dc3000 rw-p 00000000 00:00 0                          [stack]
7ffec8dcc000-7ffec8dd0000 r--p 00000000 00:00 0                          [vvar]
7ffec8dd0000-7ffec8dd2000 r-xp 00000000 00:00 0                          [vdso]


VM Arguments:
java_command: com.example.Main tests/develop_test/IRoptimizetest.sysy tests/develop_test/IRoptimizetest.ll
java_class_path (initial): ./classes:/usr/local/lib/antlr-4.9.1-complete.jar:/usr/local/lib/llvm-13.0.1-1.5.7.jar:/usr/local/lib/llvm-13.0.1-1.5.7-linux-x86_64.jar:/usr/local/lib/llvm-platform-13.0.1-1.5.7.jar:/usr/local/lib/javacpp-1.5.7-linux-x86_64.jar:/usr/local/lib/javacpp-1.5.7.jar
Launcher Type: SUN_STANDARD

[Global flags]
     intx CICompilerCount                          = 12                                        {product} {ergonomic}
     uint ConcGCThreads                            = 4                                         {product} {ergonomic}
     uint G1ConcRefinementThreads                  = 15                                        {product} {ergonomic}
   size_t G1HeapRegionSize                         = 1048576                                   {product} {ergonomic}
    uintx GCDrainStackTargetSize                   = 64                                        {product} {ergonomic}
   size_t InitialHeapSize                          = 260046848                                 {product} {ergonomic}
   size_t MarkStackSize                            = 4194304                                   {product} {ergonomic}
   size_t MaxHeapSize                              = 4148166656                                {product} {ergonomic}
   size_t MaxNewSize                               = 2488270848                                {product} {ergonomic}
   size_t MinHeapDeltaBytes                        = 1048576                                   {product} {ergonomic}
    uintx NonNMethodCodeHeapSize                   = 7594288                                {pd product} {ergonomic}
    uintx NonProfiledCodeHeapSize                  = 122031976                              {pd product} {ergonomic}
    uintx ProfiledCodeHeapSize                     = 122031976                              {pd product} {ergonomic}
    uintx ReservedCodeCacheSize                    = 251658240                              {pd product} {ergonomic}
     bool SegmentedCodeCache                       = true                                      {product} {ergonomic}
     bool UseCompressedClassPointers               = true                                 {lp64_product} {ergonomic}
     bool UseCompressedOops                        = true                                 {lp64_product} {ergonomic}
     bool UseG1GC                                  = true                                      {product} {ergonomic}

Logging:
Log output configuration:
 #0: stdout all=warning uptime,level,tags
 #1: stderr all=off uptime,level,tags

Environment Variables:
CLASSPATH=/usr/local/lib/antlr-4.9.1-complete.jar:/usr/local/lib/llvm-13.0.1-1.5.7.jar:/usr/local/lib/llvm-13.0.1-1.5.7-linux-x86_64.jar:/usr/local/lib/llvm-platform-13.0.1-1.5.7.jar:/usr/local/lib/javacpp-1.5.7-linux-x86_64.jar:/usr/local/lib/javacpp-1.5.7.jar
PATH=/home/crz/.local/bin:/home/crz/.cargo/bin:/home/crz/.local/bin:~/my_script:/usr/local/sbin:/usr/local/bin:/usr/sbin:/usr/bin:/sbin:/bin:/usr/games:/usr/local/games:/usr/lib/wsl/lib:/mnt/c/Program Files/Java/jdk-21/bin:/mnt/c/Program Files/Common Files/Oracle/Java/javapath:/mnt/e/vmware/bin/:/mnt/c/Program Files (x86)/Common Files/Oracle/Java/java8path:/mnt/c/Program Files (x86)/Common Files/Oracle/Java/javapath:/mnt/c/Windows/system32:/mnt/c/Windows:/mnt/c/Windows/System32/Wbem:/mnt/c/Windows/System32/WindowsPowerShell/v1.0/:/mnt/c/Windows/System32/OpenSSH/:/mnt/c/Users/crz/Downloads/winlibs-x86_64-posix-seh-gcc-12.3.0-llvm-16.0.4-mingw-w64ucrt-11.0.0-r1.zip/mingw64/bin:/mnt/d/mingw64/bin:/mnt/d/Git/cmd:/mnt/c/Program Files/dotnet/:/mnt/e/SDL-CPLproj/SDL2/mingw(CLion+VSC)/SDL2-2.26.0-allinone/x86_64-w64-mingw32/bin:/mnt/c/Program Files/Cloudflare/Cloudflare WARP/:/mnt/c/Users/crz/AppData/Local/Programs/Python/Python311/Lib/site-packages/pyecharts:/mnt/c/Program Files/MATLAB/R2023a/runtime/win64:/mnt/c/Program Files/MATLAB/R2023a/bin:/mnt/c/Program Files/gs/gs10.03.1/bin:/mnt/e/:/mnt/e/bitvise-ssh:/mnt/d/:/mnt/c/ProgramData/chocolatey/bin:/mnt/c/Program Files/MySQL/MySQL Server 8.0/bin:/mnt/c/Program Files/MySQL/MySQL Shell 8.0/bin/:/mnt/e/anaconda3:/mnt/e/anaconda3/Library/mingw-w64/bin:/mnt/e/anaconda3/Library/usr/bin:/mnt/e/anaconda3/Library/bin:/mnt/e/anaconda3/Scripts:/mnt/c/Users/crz/AppData/Local/Microsoft/WindowsApps:/mnt/c/Users/crz/Downloads/winlibs-x86_64-posix-seh-gcc-12.3.0-llvm-16.0.4-mingw-w64ucrt-11.0.0-r1.zip/mingw64/bin:/mnt/d/mingw64/bin:/mnt/e/Microsoft VS Code/bin:/mnt/e/CLion 2022.3/bin:/mnt/c/Users/crz/AppData/Local/JetBrains/Toolbox/scripts:/mnt/d/PyCharm 2023.3.4/bin:/mnt/d/IntelliJ IDEA 2023.3.4/bin:/mnt/c/Users/crz/anaconda3/Lib/site-packages:/mnt/d/texlive/2024/bin/windows:/mnt/c/Users/crz/AppData/Roaming/npm:/mnt/d/:/mnt/d/WebStorm 2024.3.2.1/bin:/snap/bin:/mnt/c/Users/crz/AppData/Local/Programs/Microsoft VS Code/bin:/mnt/e/Microsoft\ V
SHELL=/bin/bash
DISPLAY=:0.0
HOSTTYPE=x86_64
LANG=en_US.UTF-8
LC_ALL=en_US.UTF-8
TERM=xterm-256color

Signal Handlers:
SIGSEGV: [libjvm.so+0xebbd40], sa_mask[0]=11111111011111111101111111111110, sa_flags=SA_RESTART|SA_SIGINFO
SIGBUS: [libjvm.so+0xebbd40], sa_mask[0]=11111111011111111101111111111110, sa_flags=SA_RESTART|SA_SIGINFO
SIGFPE: [libjvm.so+0xebbd40], sa_mask[0]=11111111011111111101111111111110, sa_flags=SA_RESTART|SA_SIGINFO
SIGPIPE: [libjvm.so+0xbfe040], sa_mask[0]=11111111011111111101111111111110, sa_flags=SA_RESTART|SA_SIGINFO
SIGXFSZ: [libjvm.so+0xbfe040], sa_mask[0]=11111111011111111101111111111110, sa_flags=SA_RESTART|SA_SIGINFO
SIGILL: [libjvm.so+0xebbd40], sa_mask[0]=11111111011111111101111111111110, sa_flags=SA_RESTART|SA_SIGINFO
SIGUSR2: [libjvm.so+0xbfdee0], sa_mask[0]=00000000000000000000000000000000, sa_flags=SA_RESTART|SA_SIGINFO
SIGHUP: [libjvm.so+0xbfe6a0], sa_mask[0]=11111111011111111101111111111110, sa_flags=SA_RESTART|SA_SIGINFO
SIGINT: [libjvm.so+0xbfe6a0], sa_mask[0]=11111111011111111101111111111110, sa_flags=SA_RESTART|SA_SIGINFO
SIGTERM: [libjvm.so+0xbfe6a0], sa_mask[0]=11111111011111111101111111111110, sa_flags=SA_RESTART|SA_SIGINFO
SIGQUIT: [libjvm.so+0xbfe6a0], sa_mask[0]=11111111011111111101111111111110, sa_flags=SA_RESTART|SA_SIGINFO


---------------  S Y S T E M  ---------------

OS:DISTRIB_ID=Ubuntu
DISTRIB_RELEASE=22.04
DISTRIB_CODENAME=jammy
DISTRIB_DESCRIPTION="Ubuntu 22.04.5 LTS"
uname:Linux 6.6.87.2-microsoft-standard-WSL2 #1 SMP PREEMPT_DYNAMIC Thu Jun  5 18:30:46 UTC 2025 x86_64
OS uptime: 0 days 8:32 hours
libc:glibc 2.35 NPTL 2.35 
rlimit (soft/hard): STACK 8192k/infinity , CORE 0k/infinity , NPROC 63245/63245 , NOFILE 1048576/1048576 , AS infinity/infinity , CPU infinity/infinity , DATA infinity/infinity , FSIZE infinity/infinity , MEMLOCK 65536k/65536k
load average:5.60 3.73 2.35

/proc/meminfo:
MemTotal:       16200876 kB
MemFree:        11403388 kB
MemAvailable:   12721708 kB
Buffers:           15416 kB
Cached:          1465068 kB
SwapCached:            0 kB
Active:           498012 kB
Inactive:        3769892 kB
Active(anon):       2716 kB
Inactive(anon):  2826928 kB
Active(file):     495296 kB
Inactive(file):   942964 kB
Unevictable:           0 kB
Mlocked:               0 kB
SwapTotal:       4194304 kB
SwapFree:        4194304 kB
Dirty:                36 kB
Writeback:             0 kB
AnonPages:       2787548 kB
Mapped:          1030696 kB
Shmem:             42224 kB
KReclaimable:     127868 kB
Slab:             233880 kB
SReclaimable:     127868 kB
SUnreclaim:       106012 kB
KernelStack:       10400 kB
PageTables:        18176 kB
SecPageTables:         0 kB
NFS_Unstable:          0 kB
Bounce:                0 kB
WritebackTmp:          0 kB
CommitLimit:    12294740 kB
Committed_AS:    5299784 kB
VmallocTotal:   34359738367 kB
VmallocUsed:       39716 kB
VmallocChunk:          0 kB
Percpu:            14400 kB
HardwareCorrupted:     0 kB
AnonHugePages:         0 kB
ShmemHugePages:        0 kB
ShmemPmdMapped:        0 kB
FileHugePages:         0 kB
FilePmdMapped:         0 kB
Unaccepted:            0 kB
HugePages_Total:       0
HugePages_Free:        0
HugePages_Rsvd:        0
HugePages_Surp:        0
Hugepagesize:       2048 kB
Hugetlb:               0 kB
DirectMap4k:      119808 kB
DirectMap2M:     9140224 kB
DirectMap1G:    15728640 kB

/sys/kernel/mm/transparent_hugepage/enabled:
always [madvise] never
/sys/kernel/mm/transparent_hugepage/defrag (defrag/compaction efforts parameter):
always defer defer+madvise [madvise] never

Process Memory:
Virtual Size: 7197384K (peak: 15576112K)
Resident Set Size: 100320K (peak: 100320K) (anon: 42240K, file: 58080K, shmem: 0K)
Swapped out: 0K
C-Heap outstanding allocations: 44086K, retained: 2821K
glibc malloc tunables: (default)

/proc/sys/kernel/threads-max (system-wide limit on the number of threads):
126491
/proc/sys/vm/max_map_count (maximum number of memory map areas a process may have):
65530
/proc/sys/kernel/pid_max (system-wide limit on number of process identifiers):
4194304

container (cgroup) information:
container_type: cgroupv2
cpu_cpuset_cpus: not supported
cpu_memory_nodes: not supported
active_processor_count: 20
cpu_quota: not supported
cpu_period: not supported
cpu_shares: not supported
memory_limit_in_bytes: not supported
memory_and_swap_limit_in_bytes: not supported
memory_soft_limit_in_bytes: not supported
memory_usage_in_bytes: not supported
memory_max_usage_in_bytes: not supported
memory_swap_current_in_bytes: not supported
memory_swap_max_limit_in_bytes: not supported
maximum number of tasks: not supported
current number of tasks: not supported

Hyper-V virtualization detected
Steal ticks since vm start: 0
Steal ticks percentage since vm start:  0.000

CPU:total 20 (initial active 20) (16 cores per cpu, 2 threads per core) family 6 model 186 stepping 2 microcode 0xffffffff, cmov, cx8, fxsr, mmx, sse, sse2, sse3, ssse3, sse4.1, sse4.2, popcnt, avx, avx2, aes, clmul, erms, 3dnowpref, lzcnt, ht, tsc, tscinvbit, bmi1, bmi2, adx, sha, fma
CPU Model and flags from /proc/cpuinfo:
model name	: 13th Gen Intel(R) Core(TM) i9-13900H
flags		: fpu vme de pse tsc msr pae mce cx8 apic sep mtrr pge mca cmov pat pse36 clflush mmx fxsr sse sse2 ss ht syscall nx pdpe1gb rdtscp lm constant_tsc rep_good nopl xtopology tsc_reliable nonstop_tsc cpuid tsc_known_freq pni pclmulqdq vmx ssse3 fma cx16 pcid sse4_1 sse4_2 x2apic movbe popcnt tsc_deadline_timer aes xsave avx f16c rdrand hypervisor lahf_lm abm 3dnowprefetch ssbd ibrs ibpb stibp ibrs_enhanced tpr_shadow ept vpid ept_ad fsgsbase tsc_adjust bmi1 avx2 smep bmi2 erms invpcid rdseed adx smap clflushopt clwb sha_ni xsaveopt xsavec xgetbv1 xsaves avx_vnni vnmi umip waitpkg gfni vaes vpclmulqdq rdpid movdiri movdir64b fsrm md_clear serialize flush_l1d arch_capabilities
Online cpus:
0-19
Offline cpus:

BIOS frequency limitation:
<Not Available>
Frequency switch latency (ns):
<Not Available>
Available cpu frequencies:
<Not Available>
Current governor:
<Not Available>
Core performance/turbo boost:
<Not Available>

Memory: 4k page, physical 16200876k(11403388k free), swap 4194304k(4194304k free)

vm_info: OpenJDK 64-Bit Server VM (11.0.27+6-post-Ubuntu-0ubuntu122.04) for linux-amd64 JRE (11.0.27+6-post-Ubuntu-0ubuntu122.04), built on Apr 21 2025 05:59:45 by "unknown" with gcc 11.4.0

END.
