#
# A fatal error has been detected by the Java Runtime Environment:
#
#  SIGSEGV (0xb) at pc=0x00007f99ba11b082, pid=28437, tid=28438
#
# JRE version: OpenJDK Runtime Environment (11.0.27+6) (build 11.0.27+6-post-Ubuntu-0ubuntu122.04)
# Java VM: OpenJDK 64-Bit Server VM (11.0.27+6-post-Ubuntu-0ubuntu122.04, mixed mode, sharing, tiered, compressed oops, g1 gc, linux-amd64)
# Problematic frame:
# C  [libLLVM-13.so+0xbef082]  llvm::BasicBlock::removeFromParent()+0x22
#
# Core dump will be written. Default location: Core dumps may be processed with "/wsl-capture-crash %t %E %p %s" (or dumping to /home/crz/compilers/Lab/core.28437)
#
# If you would like to submit a bug report, please visit:
#   https://bugs.launchpad.net/ubuntu/+source/openjdk-lts
# The crash happened outside the Java Virtual Machine in native code.
# See problematic frame for where to report the bug.
#

---------------  S U M M A R Y ------------

Command Line: Main tests/lab6_test/constproptest2.sysy tests/lab6_test/constproptest2.ll

Host: 13th Gen Intel(R) Core(TM) i9-13900H, 20 cores, 15G, Ubuntu 22.04.5 LTS
Time: Wed May 21 22:26:01 2025 CST elapsed time: 0.144507 seconds (0d 0h 0m 0s)

---------------  T H R E A D  ---------------

Current thread (0x00007f9a30015800):  JavaThread "main" [_thread_in_native, id=28438, stack(0x00007f9a35136000,0x00007f9a35236000)]

Stack: [0x00007f9a35136000,0x00007f9a35236000],  sp=0x00007f9a35234580,  free space=1017k
Native frames: (J=compiled Java code, A=aot compiled Java code, j=interpreted, Vv=VM code, C=native code)
C  [libLLVM-13.so+0xbef082]  llvm::BasicBlock::removeFromParent()+0x22

Java frames: (J=compiled Java code, j=interpreted, Vv=VM code)
j  org.bytedeco.llvm.global.LLVM.LLVMRemoveBasicBlockFromParent(Lorg/bytedeco/llvm/LLVM/LLVMBasicBlockRef;)V+0
j  LLVMIROptimization.append_inst(Lorg/bytedeco/llvm/LLVM/LLVMBasicBlockRef;Lorg/bytedeco/llvm/LLVM/LLVMBasicBlockRef;)V+217
j  LLVMIROptimization.merge_block()Z+271
j  LLVMIROptimization.remove_redundant_block()Z+464
j  LLVMIROptimization.elem_dead_code()V+199
j  Main.main([Ljava/lang/String;)V+191
v  ~StubRoutines::call_stub

siginfo: si_signo: 11 (SIGSEGV), si_code: 1 (SEGV_MAPERR), si_addr: 0x0000000000000068

Register to memory mapping:

RAX=0x0 is NULL
RBX=0x00007f9a30488ee0 points into unknown readable memory: 0x00007f9a30477880 | 80 78 47 30 9a 7f 00 00
RCX=0x0000000000000018 is an unknown value
RDX=0x0 is NULL
RSP=0x00007f9a35234580 is pointing into the stack for thread: 0x00007f9a30015800
RBP=0x0 is NULL
RSI=0x00007f9a30488f18 points into unknown readable memory: 0x0000000000000000 | 00 00 00 00 00 00 00 00
RDI=0x00007f9a30488f08 points into unknown readable memory: 0x00007f9a3048a5a8 | a8 a5 48 30 9a 7f 00 00
R8 =0x00007f9a30015b50 points into unknown readable memory: 0x00007f9a367bdb60 | 60 db 7b 36 9a 7f 00 00
R9 =0x00000007177a6ae0 is an oop: org.bytedeco.llvm.LLVM.LLVMBasicBlockRef 
{0x00000007177a6ae0} - klass: 'org/bytedeco/llvm/LLVM/LLVMBasicBlockRef'
 - ---- fields (total size 6 words):
 - private 'deallocator' 'Lorg/bytedeco/javacpp/Pointer$Deallocator;' @12  NULL (0)
 - protected 'address' 'J' @16  140300211752672 (30488ee0 7f9a)
 - protected 'position' 'J' @24  0 (0 0)
 - protected 'limit' 'J' @32  0 (0 0)
 - protected 'capacity' 'J' @40  0 (0 0)
R10=0x000000000000000e is an unknown value
R11=0x00007f9a36821ba4: <offset 0x00000000012b8ba4> in /usr/lib/jvm/java-11-openjdk-amd64/lib/server/libjvm.so at 0x00007f9a35569000
R12=0x0 is NULL
R13={method} {0x00007f9a039daa40} 'LLVMRemoveBasicBlockFromParent' '(Lorg/bytedeco/llvm/LLVM/LLVMBasicBlockRef;)V' in 'org/bytedeco/llvm/global/LLVM'
R14=0x00007f9a35234610 is pointing into the stack for thread: 0x00007f9a30015800
R15=0x00007f9a30015800 is a thread


Registers:
RAX=0x0000000000000000, RBX=0x00007f9a30488ee0, RCX=0x0000000000000018, RDX=0x0000000000000000
RSP=0x00007f9a35234580, RBP=0x0000000000000000, RSI=0x00007f9a30488f18, RDI=0x00007f9a30488f08
R8 =0x00007f9a30015b50, R9 =0x00000007177a6ae0, R10=0x000000000000000e, R11=0x00007f9a36821ba4
R12=0x0000000000000000, R13=0x00007f9a039daa40, R14=0x00007f9a35234610, R15=0x00007f9a30015800
RIP=0x00007f99ba11b082, EFLAGS=0x0000000000010202, CSGSFS=0x002b000000000033, ERR=0x0000000000000004
  TRAPNO=0x000000000000000e

Top of Stack: (sp=0x00007f9a35234580)
0x00007f9a35234580:   0000000000000000 00007f9a039daa40
0x00007f9a35234590:   00007f9a352345f0 00007f9a187cea30
0x00007f9a352345a0:   00007f9a352345a0 00007f9a352345a8
0x00007f9a352345b0:   0000000000000000 00007f9a35234610 

Instructions: (pc=0x00007f99ba11b082)
0x00007f99ba11af82:   e4 74 93 48 39 6d 00 0f 85 5e ff ff ff eb 87 0f
0x00007f99ba11af92:   1f 80 00 00 00 00 4d 85 ed 0f 84 77 ff ff ff 48
0x00007f99ba11afa2:   3b 3f 0f 84 6e ff ff ff 48 8b 5f 08 48 39 df 0f
0x00007f99ba11afb2:   85 19 ff ff ff e9 5c ff ff ff 0f b6 04 25 17 00
0x00007f99ba11afc2:   00 00 0f 0b 66 2e 0f 1f 84 00 00 00 00 00 48 89
0x00007f99ba11afd2:   f2 48 8d 77 38 48 83 c7 28 e9 a0 fe ff ff 41 55
0x00007f99ba11afe2:   48 8d 77 38 31 d2 41 54 55 48 89 fd 48 83 c7 28
0x00007f99ba11aff2:   53 48 83 ec 08 48 8b 5f 10 4c 8b 67 f8 e8 7c fe
0x00007f99ba11b002:   ff ff f6 45 17 10 74 1c 4c 8b 6b 68 4d 85 ed 74
0x00007f99ba11b012:   13 48 89 ef e8 d5 2f 17 00 4c 89 ef 48 89 c6 e8
0x00007f99ba11b022:   6a 5b 17 00 48 8b 45 18 48 8b 55 20 66 0f ef c0
0x00007f99ba11b032:   48 89 ef 48 89 02 48 89 50 08 0f 11 45 18 e8 7b
0x00007f99ba11b042:   ec ff ff 48 89 ef be 40 00 00 00 e8 3e 4e 6f 03
0x00007f99ba11b052:   48 83 c4 08 4c 89 e0 5b 5d 41 5c 41 5d c3 55 48
0x00007f99ba11b062:   8d 77 38 31 d2 53 48 89 fb 48 83 c7 28 48 83 ec
0x00007f99ba11b072:   08 48 8b 6f 10 e8 04 fe ff ff f6 43 17 10 74 1c
0x00007f99ba11b082:   48 8b 6d 68 48 85 ed 74 13 48 89 df e8 5d 2f 17
0x00007f99ba11b092:   00 48 89 ef 48 89 c6 e8 f2 5a 17 00 48 8b 43 18
0x00007f99ba11b0a2:   48 8b 53 20 66 0f ef c0 48 89 02 48 89 50 08 0f
0x00007f99ba11b0b2:   11 43 18 48 83 c4 08 5b 5d c3 0f 1f 40 00 41 55
0x00007f99ba11b0c2:   41 54 49 89 f4 55 53 48 89 fb 48 83 c7 28 48 8d
0x00007f99ba11b0d2:   73 38 48 83 ec 08 48 85 d2 74 53 48 89 d5 4c 8d
0x00007f99ba11b0e2:   6a 18 4c 89 e2 e8 94 fd ff ff f6 43 17 10 75 26
0x00007f99ba11b0f2:   48 8b 55 18 48 8d 43 18 4c 89 6b 20 48 89 53 18
0x00007f99ba11b102:   48 89 42 08 48 89 45 18 48 83 c4 08 5b 5d 41 5c
0x00007f99ba11b112:   41 5d c3 0f 1f 00 49 8b 7c 24 68 48 85 ff 74 d0
0x00007f99ba11b122:   48 89 de e8 16 5e 17 00 eb c6 0f 1f 40 00 4c 89
0x00007f99ba11b132:   e2 e8 48 fd ff ff f6 43 17 10 74 12 49 8b 7c 24
0x00007f99ba11b142:   68 48 85 ff 74 08 48 89 de e8 f0 5d 17 00 49 8b
0x00007f99ba11b152:   54 24 48 49 8d 4c 24 48 48 8d 43 18 66 48 0f 6e
0x00007f99ba11b162:   c9 66 48 0f 6e c2 66 0f 6c c1 0f 11 43 18 48 89
0x00007f99ba11b172:   42 08 49 89 44 24 48 48 83 c4 08 5b 5d 41 5c 41 


Stack slot to memory mapping:
stack at sp + 0 slots: 0x0 is NULL
stack at sp + 1 slots: {method} {0x00007f9a039daa40} 'LLVMRemoveBasicBlockFromParent' '(Lorg/bytedeco/llvm/LLVM/LLVMBasicBlockRef;)V' in 'org/bytedeco/llvm/global/LLVM'
stack at sp + 2 slots: 0x00007f9a352345f0 is pointing into the stack for thread: 0x00007f9a30015800
stack at sp + 3 slots: 0x00007f9a187cea30 is at code_begin+944 in an Interpreter codelet
method entry point (kind = native)  [0x00007f9a187ce680, 0x00007f9a187cf000]  2432 bytes
stack at sp + 4 slots: 0x00007f9a352345a0 is pointing into the stack for thread: 0x00007f9a30015800
stack at sp + 5 slots: 0x00007f9a352345a8 is pointing into the stack for thread: 0x00007f9a30015800
stack at sp + 6 slots: 0x0 is NULL
stack at sp + 7 slots: 0x00007f9a35234610 is pointing into the stack for thread: 0x00007f9a30015800


---------------  P R O C E S S  ---------------

Threads class SMR info:
_java_thread_list=0x00007f99d416d5d0, length=14, elements={
0x00007f9a30015800, 0x00007f9a301ec000, 0x00007f9a301ee800, 0x00007f9a301f4000,
0x00007f9a301f6000, 0x00007f9a301f8000, 0x00007f9a301fa000, 0x00007f9a301fc000,
0x00007f99d8096000, 0x00007f9a30237000, 0x00007f9a303dd800, 0x00007f99dc1c5000,
0x00007f99d416a000, 0x00007f99d416c000
}

Java Threads: ( => current thread )
=>0x00007f9a30015800 JavaThread "main" [_thread_in_native, id=28438, stack(0x00007f9a35136000,0x00007f9a35236000)]
  0x00007f9a301ec000 JavaThread "Reference Handler" daemon [_thread_blocked, id=28445, stack(0x00007f9a032fc000,0x00007f9a033fc000)]
  0x00007f9a301ee800 JavaThread "Finalizer" daemon [_thread_blocked, id=28446, stack(0x00007f9a031fc000,0x00007f9a032fc000)]
  0x00007f9a301f4000 JavaThread "Signal Dispatcher" daemon [_thread_blocked, id=28447, stack(0x00007f9a02b0f000,0x00007f9a02c0f000)]
  0x00007f9a301f6000 JavaThread "Service Thread" daemon [_thread_blocked, id=28448, stack(0x00007f9a02a0f000,0x00007f9a02b0f000)]
  0x00007f9a301f8000 JavaThread "C2 CompilerThread0" daemon [_thread_blocked, id=28449, stack(0x00007f9a0290f000,0x00007f9a02a0f000)]
  0x00007f9a301fa000 JavaThread "C1 CompilerThread0" daemon [_thread_blocked, id=28450, stack(0x00007f9a0280f000,0x00007f9a0290f000)]
  0x00007f9a301fc000 JavaThread "Sweeper thread" daemon [_thread_blocked, id=28451, stack(0x00007f9a0270f000,0x00007f9a0280f000)]
  0x00007f99d8096000 JavaThread "C1 CompilerThread1" daemon [_thread_blocked, id=28452, stack(0x00007f9a0260f000,0x00007f9a0270f000)]
  0x00007f9a30237000 JavaThread "Common-Cleaner" daemon [_thread_blocked, id=28454, stack(0x00007f9a0240e000,0x00007f9a0250e000)]
  0x00007f9a303dd800 JavaThread "JavaCPP Deallocator" daemon [_thread_blocked, id=28455, stack(0x00007f9a0230e000,0x00007f9a0240e000)]
  0x00007f99dc1c5000 JavaThread "C2 CompilerThread1" daemon [_thread_blocked, id=28456, stack(0x00007f9a0220e000,0x00007f9a0230e000)]
  0x00007f99d416a000 JavaThread "C1 CompilerThread2" daemon [_thread_blocked, id=28457, stack(0x00007f9a01ff5000,0x00007f9a020f5000)]
  0x00007f99d416c000 JavaThread "C1 CompilerThread3" daemon [_thread_blocked, id=28458, stack(0x00007f9a01ef5000,0x00007f9a01ff5000)]

Other Threads:
  0x00007f9a301e9800 VMThread "VM Thread" [stack: 0x00007f9a033fd000,0x00007f9a034fd000] [id=28444]
  0x00007f9a30235000 WatcherThread [stack: 0x00007f9a0250f000,0x00007f9a0260f000] [id=28453]
  0x00007f9a3002f800 GCTaskThread "GC Thread#0" [stack: 0x00007f9a34e06000,0x00007f9a34f06000] [id=28439]
  0x00007f9a3008d800 ConcurrentGCThread "G1 Main Marker" [stack: 0x00007f9a182c6000,0x00007f9a183c6000] [id=28440]
  0x00007f9a3008f800 ConcurrentGCThread "G1 Conc#0" [stack: 0x00007f9a181c5000,0x00007f9a182c5000] [id=28441]
  0x00007f9a301ab000 ConcurrentGCThread "G1 Refine#0" [stack: 0x00007f9a03dff000,0x00007f9a03eff000] [id=28442]
  0x00007f9a301ac800 ConcurrentGCThread "G1 Young RemSet Sampling" [stack: 0x00007f9a03cfe000,0x00007f9a03dfe000] [id=28443]

Threads with active compile tasks:

VM state:not at safepoint (normal execution)

VM Mutex/Monitor currently owned by a thread: None

Heap address: 0x0000000708a00000, size: 3958 MB, Compressed Oops mode: Zero based, Oop shift amount: 3
Narrow klass base: 0x0000000800000000, Narrow klass shift: 3
Compressed class space size: 1073741824 Address: 0x0000000840000000

Heap:
 garbage-first heap   total 256000K, used 10960K [0x0000000708a00000, 0x0000000800000000)
  region size 1024K, 11 young (11264K), 0 survivors (0K)
 Metaspace       used 3769K, capacity 6665K, committed 6912K, reserved 1056768K
  class space    used 395K, capacity 688K, committed 768K, reserved 1048576K
Heap Regions: E=young(eden), S=young(survivor), O=old, HS=humongous(starts), HC=humongous(continues), CS=collection set, F=free, A=archive, TAMS=top-at-mark-start (previous, next)
|   0|0x0000000708a00000, 0x0000000708a00000, 0x0000000708b00000|  0%| F|  |TAMS 0x0000000708a00000, 0x0000000708a00000| Untracked 
|   1|0x0000000708b00000, 0x0000000708b00000, 0x0000000708c00000|  0%| F|  |TAMS 0x0000000708b00000, 0x0000000708b00000| Untracked 
|   2|0x0000000708c00000, 0x0000000708c00000, 0x0000000708d00000|  0%| F|  |TAMS 0x0000000708c00000, 0x0000000708c00000| Untracked 
|   3|0x0000000708d00000, 0x0000000708d00000, 0x0000000708e00000|  0%| F|  |TAMS 0x0000000708d00000, 0x0000000708d00000| Untracked 
|   4|0x0000000708e00000, 0x0000000708e00000, 0x0000000708f00000|  0%| F|  |TAMS 0x0000000708e00000, 0x0000000708e00000| Untracked 
|   5|0x0000000708f00000, 0x0000000708f00000, 0x0000000709000000|  0%| F|  |TAMS 0x0000000708f00000, 0x0000000708f00000| Untracked 
|   6|0x0000000709000000, 0x0000000709000000, 0x0000000709100000|  0%| F|  |TAMS 0x0000000709000000, 0x0000000709000000| Untracked 
|   7|0x0000000709100000, 0x0000000709100000, 0x0000000709200000|  0%| F|  |TAMS 0x0000000709100000, 0x0000000709100000| Untracked 
|   8|0x0000000709200000, 0x0000000709200000, 0x0000000709300000|  0%| F|  |TAMS 0x0000000709200000, 0x0000000709200000| Untracked 
|   9|0x0000000709300000, 0x0000000709300000, 0x0000000709400000|  0%| F|  |TAMS 0x0000000709300000, 0x0000000709300000| Untracked 
|  10|0x0000000709400000, 0x0000000709400000, 0x0000000709500000|  0%| F|  |TAMS 0x0000000709400000, 0x0000000709400000| Untracked 
|  11|0x0000000709500000, 0x0000000709500000, 0x0000000709600000|  0%| F|  |TAMS 0x0000000709500000, 0x0000000709500000| Untracked 
|  12|0x0000000709600000, 0x0000000709600000, 0x0000000709700000|  0%| F|  |TAMS 0x0000000709600000, 0x0000000709600000| Untracked 
|  13|0x0000000709700000, 0x0000000709700000, 0x0000000709800000|  0%| F|  |TAMS 0x0000000709700000, 0x0000000709700000| Untracked 
|  14|0x0000000709800000, 0x0000000709800000, 0x0000000709900000|  0%| F|  |TAMS 0x0000000709800000, 0x0000000709800000| Untracked 
|  15|0x0000000709900000, 0x0000000709900000, 0x0000000709a00000|  0%| F|  |TAMS 0x0000000709900000, 0x0000000709900000| Untracked 
|  16|0x0000000709a00000, 0x0000000709a00000, 0x0000000709b00000|  0%| F|  |TAMS 0x0000000709a00000, 0x0000000709a00000| Untracked 
|  17|0x0000000709b00000, 0x0000000709b00000, 0x0000000709c00000|  0%| F|  |TAMS 0x0000000709b00000, 0x0000000709b00000| Untracked 
|  18|0x0000000709c00000, 0x0000000709c00000, 0x0000000709d00000|  0%| F|  |TAMS 0x0000000709c00000, 0x0000000709c00000| Untracked 
|  19|0x0000000709d00000, 0x0000000709d00000, 0x0000000709e00000|  0%| F|  |TAMS 0x0000000709d00000, 0x0000000709d00000| Untracked 
|  20|0x0000000709e00000, 0x0000000709e00000, 0x0000000709f00000|  0%| F|  |TAMS 0x0000000709e00000, 0x0000000709e00000| Untracked 
|  21|0x0000000709f00000, 0x0000000709f00000, 0x000000070a000000|  0%| F|  |TAMS 0x0000000709f00000, 0x0000000709f00000| Untracked 
|  22|0x000000070a000000, 0x000000070a000000, 0x000000070a100000|  0%| F|  |TAMS 0x000000070a000000, 0x000000070a000000| Untracked 
|  23|0x000000070a100000, 0x000000070a100000, 0x000000070a200000|  0%| F|  |TAMS 0x000000070a100000, 0x000000070a100000| Untracked 
|  24|0x000000070a200000, 0x000000070a200000, 0x000000070a300000|  0%| F|  |TAMS 0x000000070a200000, 0x000000070a200000| Untracked 
|  25|0x000000070a300000, 0x000000070a300000, 0x000000070a400000|  0%| F|  |TAMS 0x000000070a300000, 0x000000070a300000| Untracked 
|  26|0x000000070a400000, 0x000000070a400000, 0x000000070a500000|  0%| F|  |TAMS 0x000000070a400000, 0x000000070a400000| Untracked 
|  27|0x000000070a500000, 0x000000070a500000, 0x000000070a600000|  0%| F|  |TAMS 0x000000070a500000, 0x000000070a500000| Untracked 
|  28|0x000000070a600000, 0x000000070a600000, 0x000000070a700000|  0%| F|  |TAMS 0x000000070a600000, 0x000000070a600000| Untracked 
|  29|0x000000070a700000, 0x000000070a700000, 0x000000070a800000|  0%| F|  |TAMS 0x000000070a700000, 0x000000070a700000| Untracked 
|  30|0x000000070a800000, 0x000000070a800000, 0x000000070a900000|  0%| F|  |TAMS 0x000000070a800000, 0x000000070a800000| Untracked 
|  31|0x000000070a900000, 0x000000070a900000, 0x000000070aa00000|  0%| F|  |TAMS 0x000000070a900000, 0x000000070a900000| Untracked 
|  32|0x000000070aa00000, 0x000000070aa00000, 0x000000070ab00000|  0%| F|  |TAMS 0x000000070aa00000, 0x000000070aa00000| Untracked 
|  33|0x000000070ab00000, 0x000000070ab00000, 0x000000070ac00000|  0%| F|  |TAMS 0x000000070ab00000, 0x000000070ab00000| Untracked 
|  34|0x000000070ac00000, 0x000000070ac00000, 0x000000070ad00000|  0%| F|  |TAMS 0x000000070ac00000, 0x000000070ac00000| Untracked 
|  35|0x000000070ad00000, 0x000000070ad00000, 0x000000070ae00000|  0%| F|  |TAMS 0x000000070ad00000, 0x000000070ad00000| Untracked 
|  36|0x000000070ae00000, 0x000000070ae00000, 0x000000070af00000|  0%| F|  |TAMS 0x000000070ae00000, 0x000000070ae00000| Untracked 
|  37|0x000000070af00000, 0x000000070af00000, 0x000000070b000000|  0%| F|  |TAMS 0x000000070af00000, 0x000000070af00000| Untracked 
|  38|0x000000070b000000, 0x000000070b000000, 0x000000070b100000|  0%| F|  |TAMS 0x000000070b000000, 0x000000070b000000| Untracked 
|  39|0x000000070b100000, 0x000000070b100000, 0x000000070b200000|  0%| F|  |TAMS 0x000000070b100000, 0x000000070b100000| Untracked 
|  40|0x000000070b200000, 0x000000070b200000, 0x000000070b300000|  0%| F|  |TAMS 0x000000070b200000, 0x000000070b200000| Untracked 
|  41|0x000000070b300000, 0x000000070b300000, 0x000000070b400000|  0%| F|  |TAMS 0x000000070b300000, 0x000000070b300000| Untracked 
|  42|0x000000070b400000, 0x000000070b400000, 0x000000070b500000|  0%| F|  |TAMS 0x000000070b400000, 0x000000070b400000| Untracked 
|  43|0x000000070b500000, 0x000000070b500000, 0x000000070b600000|  0%| F|  |TAMS 0x000000070b500000, 0x000000070b500000| Untracked 
|  44|0x000000070b600000, 0x000000070b600000, 0x000000070b700000|  0%| F|  |TAMS 0x000000070b600000, 0x000000070b600000| Untracked 
|  45|0x000000070b700000, 0x000000070b700000, 0x000000070b800000|  0%| F|  |TAMS 0x000000070b700000, 0x000000070b700000| Untracked 
|  46|0x000000070b800000, 0x000000070b800000, 0x000000070b900000|  0%| F|  |TAMS 0x000000070b800000, 0x000000070b800000| Untracked 
|  47|0x000000070b900000, 0x000000070b900000, 0x000000070ba00000|  0%| F|  |TAMS 0x000000070b900000, 0x000000070b900000| Untracked 
|  48|0x000000070ba00000, 0x000000070ba00000, 0x000000070bb00000|  0%| F|  |TAMS 0x000000070ba00000, 0x000000070ba00000| Untracked 
|  49|0x000000070bb00000, 0x000000070bb00000, 0x000000070bc00000|  0%| F|  |TAMS 0x000000070bb00000, 0x000000070bb00000| Untracked 
|  50|0x000000070bc00000, 0x000000070bc00000, 0x000000070bd00000|  0%| F|  |TAMS 0x000000070bc00000, 0x000000070bc00000| Untracked 
|  51|0x000000070bd00000, 0x000000070bd00000, 0x000000070be00000|  0%| F|  |TAMS 0x000000070bd00000, 0x000000070bd00000| Untracked 
|  52|0x000000070be00000, 0x000000070be00000, 0x000000070bf00000|  0%| F|  |TAMS 0x000000070be00000, 0x000000070be00000| Untracked 
|  53|0x000000070bf00000, 0x000000070bf00000, 0x000000070c000000|  0%| F|  |TAMS 0x000000070bf00000, 0x000000070bf00000| Untracked 
|  54|0x000000070c000000, 0x000000070c000000, 0x000000070c100000|  0%| F|  |TAMS 0x000000070c000000, 0x000000070c000000| Untracked 
|  55|0x000000070c100000, 0x000000070c100000, 0x000000070c200000|  0%| F|  |TAMS 0x000000070c100000, 0x000000070c100000| Untracked 
|  56|0x000000070c200000, 0x000000070c200000, 0x000000070c300000|  0%| F|  |TAMS 0x000000070c200000, 0x000000070c200000| Untracked 
|  57|0x000000070c300000, 0x000000070c300000, 0x000000070c400000|  0%| F|  |TAMS 0x000000070c300000, 0x000000070c300000| Untracked 
|  58|0x000000070c400000, 0x000000070c400000, 0x000000070c500000|  0%| F|  |TAMS 0x000000070c400000, 0x000000070c400000| Untracked 
|  59|0x000000070c500000, 0x000000070c500000, 0x000000070c600000|  0%| F|  |TAMS 0x000000070c500000, 0x000000070c500000| Untracked 
|  60|0x000000070c600000, 0x000000070c600000, 0x000000070c700000|  0%| F|  |TAMS 0x000000070c600000, 0x000000070c600000| Untracked 
|  61|0x000000070c700000, 0x000000070c700000, 0x000000070c800000|  0%| F|  |TAMS 0x000000070c700000, 0x000000070c700000| Untracked 
|  62|0x000000070c800000, 0x000000070c800000, 0x000000070c900000|  0%| F|  |TAMS 0x000000070c800000, 0x000000070c800000| Untracked 
|  63|0x000000070c900000, 0x000000070c900000, 0x000000070ca00000|  0%| F|  |TAMS 0x000000070c900000, 0x000000070c900000| Untracked 
|  64|0x000000070ca00000, 0x000000070ca00000, 0x000000070cb00000|  0%| F|  |TAMS 0x000000070ca00000, 0x000000070ca00000| Untracked 
|  65|0x000000070cb00000, 0x000000070cb00000, 0x000000070cc00000|  0%| F|  |TAMS 0x000000070cb00000, 0x000000070cb00000| Untracked 
|  66|0x000000070cc00000, 0x000000070cc00000, 0x000000070cd00000|  0%| F|  |TAMS 0x000000070cc00000, 0x000000070cc00000| Untracked 
|  67|0x000000070cd00000, 0x000000070cd00000, 0x000000070ce00000|  0%| F|  |TAMS 0x000000070cd00000, 0x000000070cd00000| Untracked 
|  68|0x000000070ce00000, 0x000000070ce00000, 0x000000070cf00000|  0%| F|  |TAMS 0x000000070ce00000, 0x000000070ce00000| Untracked 
|  69|0x000000070cf00000, 0x000000070cf00000, 0x000000070d000000|  0%| F|  |TAMS 0x000000070cf00000, 0x000000070cf00000| Untracked 
|  70|0x000000070d000000, 0x000000070d000000, 0x000000070d100000|  0%| F|  |TAMS 0x000000070d000000, 0x000000070d000000| Untracked 
|  71|0x000000070d100000, 0x000000070d100000, 0x000000070d200000|  0%| F|  |TAMS 0x000000070d100000, 0x000000070d100000| Untracked 
|  72|0x000000070d200000, 0x000000070d200000, 0x000000070d300000|  0%| F|  |TAMS 0x000000070d200000, 0x000000070d200000| Untracked 
|  73|0x000000070d300000, 0x000000070d300000, 0x000000070d400000|  0%| F|  |TAMS 0x000000070d300000, 0x000000070d300000| Untracked 
|  74|0x000000070d400000, 0x000000070d400000, 0x000000070d500000|  0%| F|  |TAMS 0x000000070d400000, 0x000000070d400000| Untracked 
|  75|0x000000070d500000, 0x000000070d500000, 0x000000070d600000|  0%| F|  |TAMS 0x000000070d500000, 0x000000070d500000| Untracked 
|  76|0x000000070d600000, 0x000000070d600000, 0x000000070d700000|  0%| F|  |TAMS 0x000000070d600000, 0x000000070d600000| Untracked 
|  77|0x000000070d700000, 0x000000070d700000, 0x000000070d800000|  0%| F|  |TAMS 0x000000070d700000, 0x000000070d700000| Untracked 
|  78|0x000000070d800000, 0x000000070d800000, 0x000000070d900000|  0%| F|  |TAMS 0x000000070d800000, 0x000000070d800000| Untracked 
|  79|0x000000070d900000, 0x000000070d900000, 0x000000070da00000|  0%| F|  |TAMS 0x000000070d900000, 0x000000070d900000| Untracked 
|  80|0x000000070da00000, 0x000000070da00000, 0x000000070db00000|  0%| F|  |TAMS 0x000000070da00000, 0x000000070da00000| Untracked 
|  81|0x000000070db00000, 0x000000070db00000, 0x000000070dc00000|  0%| F|  |TAMS 0x000000070db00000, 0x000000070db00000| Untracked 
|  82|0x000000070dc00000, 0x000000070dc00000, 0x000000070dd00000|  0%| F|  |TAMS 0x000000070dc00000, 0x000000070dc00000| Untracked 
|  83|0x000000070dd00000, 0x000000070dd00000, 0x000000070de00000|  0%| F|  |TAMS 0x000000070dd00000, 0x000000070dd00000| Untracked 
|  84|0x000000070de00000, 0x000000070de00000, 0x000000070df00000|  0%| F|  |TAMS 0x000000070de00000, 0x000000070de00000| Untracked 
|  85|0x000000070df00000, 0x000000070df00000, 0x000000070e000000|  0%| F|  |TAMS 0x000000070df00000, 0x000000070df00000| Untracked 
|  86|0x000000070e000000, 0x000000070e000000, 0x000000070e100000|  0%| F|  |TAMS 0x000000070e000000, 0x000000070e000000| Untracked 
|  87|0x000000070e100000, 0x000000070e100000, 0x000000070e200000|  0%| F|  |TAMS 0x000000070e100000, 0x000000070e100000| Untracked 
|  88|0x000000070e200000, 0x000000070e200000, 0x000000070e300000|  0%| F|  |TAMS 0x000000070e200000, 0x000000070e200000| Untracked 
|  89|0x000000070e300000, 0x000000070e300000, 0x000000070e400000|  0%| F|  |TAMS 0x000000070e300000, 0x000000070e300000| Untracked 
|  90|0x000000070e400000, 0x000000070e400000, 0x000000070e500000|  0%| F|  |TAMS 0x000000070e400000, 0x000000070e400000| Untracked 
|  91|0x000000070e500000, 0x000000070e500000, 0x000000070e600000|  0%| F|  |TAMS 0x000000070e500000, 0x000000070e500000| Untracked 
|  92|0x000000070e600000, 0x000000070e600000, 0x000000070e700000|  0%| F|  |TAMS 0x000000070e600000, 0x000000070e600000| Untracked 
|  93|0x000000070e700000, 0x000000070e700000, 0x000000070e800000|  0%| F|  |TAMS 0x000000070e700000, 0x000000070e700000| Untracked 
|  94|0x000000070e800000, 0x000000070e800000, 0x000000070e900000|  0%| F|  |TAMS 0x000000070e800000, 0x000000070e800000| Untracked 
|  95|0x000000070e900000, 0x000000070e900000, 0x000000070ea00000|  0%| F|  |TAMS 0x000000070e900000, 0x000000070e900000| Untracked 
|  96|0x000000070ea00000, 0x000000070ea00000, 0x000000070eb00000|  0%| F|  |TAMS 0x000000070ea00000, 0x000000070ea00000| Untracked 
|  97|0x000000070eb00000, 0x000000070eb00000, 0x000000070ec00000|  0%| F|  |TAMS 0x000000070eb00000, 0x000000070eb00000| Untracked 
|  98|0x000000070ec00000, 0x000000070ec00000, 0x000000070ed00000|  0%| F|  |TAMS 0x000000070ec00000, 0x000000070ec00000| Untracked 
|  99|0x000000070ed00000, 0x000000070ed00000, 0x000000070ee00000|  0%| F|  |TAMS 0x000000070ed00000, 0x000000070ed00000| Untracked 
| 100|0x000000070ee00000, 0x000000070ee00000, 0x000000070ef00000|  0%| F|  |TAMS 0x000000070ee00000, 0x000000070ee00000| Untracked 
| 101|0x000000070ef00000, 0x000000070ef00000, 0x000000070f000000|  0%| F|  |TAMS 0x000000070ef00000, 0x000000070ef00000| Untracked 
| 102|0x000000070f000000, 0x000000070f000000, 0x000000070f100000|  0%| F|  |TAMS 0x000000070f000000, 0x000000070f000000| Untracked 
| 103|0x000000070f100000, 0x000000070f100000, 0x000000070f200000|  0%| F|  |TAMS 0x000000070f100000, 0x000000070f100000| Untracked 
| 104|0x000000070f200000, 0x000000070f200000, 0x000000070f300000|  0%| F|  |TAMS 0x000000070f200000, 0x000000070f200000| Untracked 
| 105|0x000000070f300000, 0x000000070f300000, 0x000000070f400000|  0%| F|  |TAMS 0x000000070f300000, 0x000000070f300000| Untracked 
| 106|0x000000070f400000, 0x000000070f400000, 0x000000070f500000|  0%| F|  |TAMS 0x000000070f400000, 0x000000070f400000| Untracked 
| 107|0x000000070f500000, 0x000000070f500000, 0x000000070f600000|  0%| F|  |TAMS 0x000000070f500000, 0x000000070f500000| Untracked 
| 108|0x000000070f600000, 0x000000070f600000, 0x000000070f700000|  0%| F|  |TAMS 0x000000070f600000, 0x000000070f600000| Untracked 
| 109|0x000000070f700000, 0x000000070f700000, 0x000000070f800000|  0%| F|  |TAMS 0x000000070f700000, 0x000000070f700000| Untracked 
| 110|0x000000070f800000, 0x000000070f800000, 0x000000070f900000|  0%| F|  |TAMS 0x000000070f800000, 0x000000070f800000| Untracked 
| 111|0x000000070f900000, 0x000000070f900000, 0x000000070fa00000|  0%| F|  |TAMS 0x000000070f900000, 0x000000070f900000| Untracked 
| 112|0x000000070fa00000, 0x000000070fa00000, 0x000000070fb00000|  0%| F|  |TAMS 0x000000070fa00000, 0x000000070fa00000| Untracked 
| 113|0x000000070fb00000, 0x000000070fb00000, 0x000000070fc00000|  0%| F|  |TAMS 0x000000070fb00000, 0x000000070fb00000| Untracked 
| 114|0x000000070fc00000, 0x000000070fc00000, 0x000000070fd00000|  0%| F|  |TAMS 0x000000070fc00000, 0x000000070fc00000| Untracked 
| 115|0x000000070fd00000, 0x000000070fd00000, 0x000000070fe00000|  0%| F|  |TAMS 0x000000070fd00000, 0x000000070fd00000| Untracked 
| 116|0x000000070fe00000, 0x000000070fe00000, 0x000000070ff00000|  0%| F|  |TAMS 0x000000070fe00000, 0x000000070fe00000| Untracked 
| 117|0x000000070ff00000, 0x000000070ff00000, 0x0000000710000000|  0%| F|  |TAMS 0x000000070ff00000, 0x000000070ff00000| Untracked 
| 118|0x0000000710000000, 0x0000000710000000, 0x0000000710100000|  0%| F|  |TAMS 0x0000000710000000, 0x0000000710000000| Untracked 
| 119|0x0000000710100000, 0x0000000710100000, 0x0000000710200000|  0%| F|  |TAMS 0x0000000710100000, 0x0000000710100000| Untracked 
| 120|0x0000000710200000, 0x0000000710200000, 0x0000000710300000|  0%| F|  |TAMS 0x0000000710200000, 0x0000000710200000| Untracked 
| 121|0x0000000710300000, 0x0000000710300000, 0x0000000710400000|  0%| F|  |TAMS 0x0000000710300000, 0x0000000710300000| Untracked 
| 122|0x0000000710400000, 0x0000000710400000, 0x0000000710500000|  0%| F|  |TAMS 0x0000000710400000, 0x0000000710400000| Untracked 
| 123|0x0000000710500000, 0x0000000710500000, 0x0000000710600000|  0%| F|  |TAMS 0x0000000710500000, 0x0000000710500000| Untracked 
| 124|0x0000000710600000, 0x0000000710600000, 0x0000000710700000|  0%| F|  |TAMS 0x0000000710600000, 0x0000000710600000| Untracked 
| 125|0x0000000710700000, 0x0000000710700000, 0x0000000710800000|  0%| F|  |TAMS 0x0000000710700000, 0x0000000710700000| Untracked 
| 126|0x0000000710800000, 0x0000000710800000, 0x0000000710900000|  0%| F|  |TAMS 0x0000000710800000, 0x0000000710800000| Untracked 
| 127|0x0000000710900000, 0x0000000710900000, 0x0000000710a00000|  0%| F|  |TAMS 0x0000000710900000, 0x0000000710900000| Untracked 
| 128|0x0000000710a00000, 0x0000000710a00000, 0x0000000710b00000|  0%| F|  |TAMS 0x0000000710a00000, 0x0000000710a00000| Untracked 
| 129|0x0000000710b00000, 0x0000000710b00000, 0x0000000710c00000|  0%| F|  |TAMS 0x0000000710b00000, 0x0000000710b00000| Untracked 
| 130|0x0000000710c00000, 0x0000000710c00000, 0x0000000710d00000|  0%| F|  |TAMS 0x0000000710c00000, 0x0000000710c00000| Untracked 
| 131|0x0000000710d00000, 0x0000000710d00000, 0x0000000710e00000|  0%| F|  |TAMS 0x0000000710d00000, 0x0000000710d00000| Untracked 
| 132|0x0000000710e00000, 0x0000000710e00000, 0x0000000710f00000|  0%| F|  |TAMS 0x0000000710e00000, 0x0000000710e00000| Untracked 
| 133|0x0000000710f00000, 0x0000000710f00000, 0x0000000711000000|  0%| F|  |TAMS 0x0000000710f00000, 0x0000000710f00000| Untracked 
| 134|0x0000000711000000, 0x0000000711000000, 0x0000000711100000|  0%| F|  |TAMS 0x0000000711000000, 0x0000000711000000| Untracked 
| 135|0x0000000711100000, 0x0000000711100000, 0x0000000711200000|  0%| F|  |TAMS 0x0000000711100000, 0x0000000711100000| Untracked 
| 136|0x0000000711200000, 0x0000000711200000, 0x0000000711300000|  0%| F|  |TAMS 0x0000000711200000, 0x0000000711200000| Untracked 
| 137|0x0000000711300000, 0x0000000711300000, 0x0000000711400000|  0%| F|  |TAMS 0x0000000711300000, 0x0000000711300000| Untracked 
| 138|0x0000000711400000, 0x0000000711400000, 0x0000000711500000|  0%| F|  |TAMS 0x0000000711400000, 0x0000000711400000| Untracked 
| 139|0x0000000711500000, 0x0000000711500000, 0x0000000711600000|  0%| F|  |TAMS 0x0000000711500000, 0x0000000711500000| Untracked 
| 140|0x0000000711600000, 0x0000000711600000, 0x0000000711700000|  0%| F|  |TAMS 0x0000000711600000, 0x0000000711600000| Untracked 
| 141|0x0000000711700000, 0x0000000711700000, 0x0000000711800000|  0%| F|  |TAMS 0x0000000711700000, 0x0000000711700000| Untracked 
| 142|0x0000000711800000, 0x0000000711800000, 0x0000000711900000|  0%| F|  |TAMS 0x0000000711800000, 0x0000000711800000| Untracked 
| 143|0x0000000711900000, 0x0000000711900000, 0x0000000711a00000|  0%| F|  |TAMS 0x0000000711900000, 0x0000000711900000| Untracked 
| 144|0x0000000711a00000, 0x0000000711a00000, 0x0000000711b00000|  0%| F|  |TAMS 0x0000000711a00000, 0x0000000711a00000| Untracked 
| 145|0x0000000711b00000, 0x0000000711b00000, 0x0000000711c00000|  0%| F|  |TAMS 0x0000000711b00000, 0x0000000711b00000| Untracked 
| 146|0x0000000711c00000, 0x0000000711c00000, 0x0000000711d00000|  0%| F|  |TAMS 0x0000000711c00000, 0x0000000711c00000| Untracked 
| 147|0x0000000711d00000, 0x0000000711d00000, 0x0000000711e00000|  0%| F|  |TAMS 0x0000000711d00000, 0x0000000711d00000| Untracked 
| 148|0x0000000711e00000, 0x0000000711e00000, 0x0000000711f00000|  0%| F|  |TAMS 0x0000000711e00000, 0x0000000711e00000| Untracked 
| 149|0x0000000711f00000, 0x0000000711f00000, 0x0000000712000000|  0%| F|  |TAMS 0x0000000711f00000, 0x0000000711f00000| Untracked 
| 150|0x0000000712000000, 0x0000000712000000, 0x0000000712100000|  0%| F|  |TAMS 0x0000000712000000, 0x0000000712000000| Untracked 
| 151|0x0000000712100000, 0x0000000712100000, 0x0000000712200000|  0%| F|  |TAMS 0x0000000712100000, 0x0000000712100000| Untracked 
| 152|0x0000000712200000, 0x0000000712200000, 0x0000000712300000|  0%| F|  |TAMS 0x0000000712200000, 0x0000000712200000| Untracked 
| 153|0x0000000712300000, 0x0000000712300000, 0x0000000712400000|  0%| F|  |TAMS 0x0000000712300000, 0x0000000712300000| Untracked 
| 154|0x0000000712400000, 0x0000000712400000, 0x0000000712500000|  0%| F|  |TAMS 0x0000000712400000, 0x0000000712400000| Untracked 
| 155|0x0000000712500000, 0x0000000712500000, 0x0000000712600000|  0%| F|  |TAMS 0x0000000712500000, 0x0000000712500000| Untracked 
| 156|0x0000000712600000, 0x0000000712600000, 0x0000000712700000|  0%| F|  |TAMS 0x0000000712600000, 0x0000000712600000| Untracked 
| 157|0x0000000712700000, 0x0000000712700000, 0x0000000712800000|  0%| F|  |TAMS 0x0000000712700000, 0x0000000712700000| Untracked 
| 158|0x0000000712800000, 0x0000000712800000, 0x0000000712900000|  0%| F|  |TAMS 0x0000000712800000, 0x0000000712800000| Untracked 
| 159|0x0000000712900000, 0x0000000712900000, 0x0000000712a00000|  0%| F|  |TAMS 0x0000000712900000, 0x0000000712900000| Untracked 
| 160|0x0000000712a00000, 0x0000000712a00000, 0x0000000712b00000|  0%| F|  |TAMS 0x0000000712a00000, 0x0000000712a00000| Untracked 
| 161|0x0000000712b00000, 0x0000000712b00000, 0x0000000712c00000|  0%| F|  |TAMS 0x0000000712b00000, 0x0000000712b00000| Untracked 
| 162|0x0000000712c00000, 0x0000000712c00000, 0x0000000712d00000|  0%| F|  |TAMS 0x0000000712c00000, 0x0000000712c00000| Untracked 
| 163|0x0000000712d00000, 0x0000000712d00000, 0x0000000712e00000|  0%| F|  |TAMS 0x0000000712d00000, 0x0000000712d00000| Untracked 
| 164|0x0000000712e00000, 0x0000000712e00000, 0x0000000712f00000|  0%| F|  |TAMS 0x0000000712e00000, 0x0000000712e00000| Untracked 
| 165|0x0000000712f00000, 0x0000000712f00000, 0x0000000713000000|  0%| F|  |TAMS 0x0000000712f00000, 0x0000000712f00000| Untracked 
| 166|0x0000000713000000, 0x0000000713000000, 0x0000000713100000|  0%| F|  |TAMS 0x0000000713000000, 0x0000000713000000| Untracked 
| 167|0x0000000713100000, 0x0000000713100000, 0x0000000713200000|  0%| F|  |TAMS 0x0000000713100000, 0x0000000713100000| Untracked 
| 168|0x0000000713200000, 0x0000000713200000, 0x0000000713300000|  0%| F|  |TAMS 0x0000000713200000, 0x0000000713200000| Untracked 
| 169|0x0000000713300000, 0x0000000713300000, 0x0000000713400000|  0%| F|  |TAMS 0x0000000713300000, 0x0000000713300000| Untracked 
| 170|0x0000000713400000, 0x0000000713400000, 0x0000000713500000|  0%| F|  |TAMS 0x0000000713400000, 0x0000000713400000| Untracked 
| 171|0x0000000713500000, 0x0000000713500000, 0x0000000713600000|  0%| F|  |TAMS 0x0000000713500000, 0x0000000713500000| Untracked 
| 172|0x0000000713600000, 0x0000000713600000, 0x0000000713700000|  0%| F|  |TAMS 0x0000000713600000, 0x0000000713600000| Untracked 
| 173|0x0000000713700000, 0x0000000713700000, 0x0000000713800000|  0%| F|  |TAMS 0x0000000713700000, 0x0000000713700000| Untracked 
| 174|0x0000000713800000, 0x0000000713800000, 0x0000000713900000|  0%| F|  |TAMS 0x0000000713800000, 0x0000000713800000| Untracked 
| 175|0x0000000713900000, 0x0000000713900000, 0x0000000713a00000|  0%| F|  |TAMS 0x0000000713900000, 0x0000000713900000| Untracked 
| 176|0x0000000713a00000, 0x0000000713a00000, 0x0000000713b00000|  0%| F|  |TAMS 0x0000000713a00000, 0x0000000713a00000| Untracked 
| 177|0x0000000713b00000, 0x0000000713b00000, 0x0000000713c00000|  0%| F|  |TAMS 0x0000000713b00000, 0x0000000713b00000| Untracked 
| 178|0x0000000713c00000, 0x0000000713c00000, 0x0000000713d00000|  0%| F|  |TAMS 0x0000000713c00000, 0x0000000713c00000| Untracked 
| 179|0x0000000713d00000, 0x0000000713d00000, 0x0000000713e00000|  0%| F|  |TAMS 0x0000000713d00000, 0x0000000713d00000| Untracked 
| 180|0x0000000713e00000, 0x0000000713e00000, 0x0000000713f00000|  0%| F|  |TAMS 0x0000000713e00000, 0x0000000713e00000| Untracked 
| 181|0x0000000713f00000, 0x0000000713f00000, 0x0000000714000000|  0%| F|  |TAMS 0x0000000713f00000, 0x0000000713f00000| Untracked 
| 182|0x0000000714000000, 0x0000000714000000, 0x0000000714100000|  0%| F|  |TAMS 0x0000000714000000, 0x0000000714000000| Untracked 
| 183|0x0000000714100000, 0x0000000714100000, 0x0000000714200000|  0%| F|  |TAMS 0x0000000714100000, 0x0000000714100000| Untracked 
| 184|0x0000000714200000, 0x0000000714200000, 0x0000000714300000|  0%| F|  |TAMS 0x0000000714200000, 0x0000000714200000| Untracked 
| 185|0x0000000714300000, 0x0000000714300000, 0x0000000714400000|  0%| F|  |TAMS 0x0000000714300000, 0x0000000714300000| Untracked 
| 186|0x0000000714400000, 0x0000000714400000, 0x0000000714500000|  0%| F|  |TAMS 0x0000000714400000, 0x0000000714400000| Untracked 
| 187|0x0000000714500000, 0x0000000714500000, 0x0000000714600000|  0%| F|  |TAMS 0x0000000714500000, 0x0000000714500000| Untracked 
| 188|0x0000000714600000, 0x0000000714600000, 0x0000000714700000|  0%| F|  |TAMS 0x0000000714600000, 0x0000000714600000| Untracked 
| 189|0x0000000714700000, 0x0000000714700000, 0x0000000714800000|  0%| F|  |TAMS 0x0000000714700000, 0x0000000714700000| Untracked 
| 190|0x0000000714800000, 0x0000000714800000, 0x0000000714900000|  0%| F|  |TAMS 0x0000000714800000, 0x0000000714800000| Untracked 
| 191|0x0000000714900000, 0x0000000714900000, 0x0000000714a00000|  0%| F|  |TAMS 0x0000000714900000, 0x0000000714900000| Untracked 
| 192|0x0000000714a00000, 0x0000000714a00000, 0x0000000714b00000|  0%| F|  |TAMS 0x0000000714a00000, 0x0000000714a00000| Untracked 
| 193|0x0000000714b00000, 0x0000000714b00000, 0x0000000714c00000|  0%| F|  |TAMS 0x0000000714b00000, 0x0000000714b00000| Untracked 
| 194|0x0000000714c00000, 0x0000000714c00000, 0x0000000714d00000|  0%| F|  |TAMS 0x0000000714c00000, 0x0000000714c00000| Untracked 
| 195|0x0000000714d00000, 0x0000000714d00000, 0x0000000714e00000|  0%| F|  |TAMS 0x0000000714d00000, 0x0000000714d00000| Untracked 
| 196|0x0000000714e00000, 0x0000000714e00000, 0x0000000714f00000|  0%| F|  |TAMS 0x0000000714e00000, 0x0000000714e00000| Untracked 
| 197|0x0000000714f00000, 0x0000000714f00000, 0x0000000715000000|  0%| F|  |TAMS 0x0000000714f00000, 0x0000000714f00000| Untracked 
| 198|0x0000000715000000, 0x0000000715000000, 0x0000000715100000|  0%| F|  |TAMS 0x0000000715000000, 0x0000000715000000| Untracked 
| 199|0x0000000715100000, 0x0000000715100000, 0x0000000715200000|  0%| F|  |TAMS 0x0000000715100000, 0x0000000715100000| Untracked 
| 200|0x0000000715200000, 0x0000000715200000, 0x0000000715300000|  0%| F|  |TAMS 0x0000000715200000, 0x0000000715200000| Untracked 
| 201|0x0000000715300000, 0x0000000715300000, 0x0000000715400000|  0%| F|  |TAMS 0x0000000715300000, 0x0000000715300000| Untracked 
| 202|0x0000000715400000, 0x0000000715400000, 0x0000000715500000|  0%| F|  |TAMS 0x0000000715400000, 0x0000000715400000| Untracked 
| 203|0x0000000715500000, 0x0000000715500000, 0x0000000715600000|  0%| F|  |TAMS 0x0000000715500000, 0x0000000715500000| Untracked 
| 204|0x0000000715600000, 0x0000000715600000, 0x0000000715700000|  0%| F|  |TAMS 0x0000000715600000, 0x0000000715600000| Untracked 
| 205|0x0000000715700000, 0x0000000715700000, 0x0000000715800000|  0%| F|  |TAMS 0x0000000715700000, 0x0000000715700000| Untracked 
| 206|0x0000000715800000, 0x0000000715800000, 0x0000000715900000|  0%| F|  |TAMS 0x0000000715800000, 0x0000000715800000| Untracked 
| 207|0x0000000715900000, 0x0000000715900000, 0x0000000715a00000|  0%| F|  |TAMS 0x0000000715900000, 0x0000000715900000| Untracked 
| 208|0x0000000715a00000, 0x0000000715a00000, 0x0000000715b00000|  0%| F|  |TAMS 0x0000000715a00000, 0x0000000715a00000| Untracked 
| 209|0x0000000715b00000, 0x0000000715b00000, 0x0000000715c00000|  0%| F|  |TAMS 0x0000000715b00000, 0x0000000715b00000| Untracked 
| 210|0x0000000715c00000, 0x0000000715c00000, 0x0000000715d00000|  0%| F|  |TAMS 0x0000000715c00000, 0x0000000715c00000| Untracked 
| 211|0x0000000715d00000, 0x0000000715d00000, 0x0000000715e00000|  0%| F|  |TAMS 0x0000000715d00000, 0x0000000715d00000| Untracked 
| 212|0x0000000715e00000, 0x0000000715e00000, 0x0000000715f00000|  0%| F|  |TAMS 0x0000000715e00000, 0x0000000715e00000| Untracked 
| 213|0x0000000715f00000, 0x0000000715f00000, 0x0000000716000000|  0%| F|  |TAMS 0x0000000715f00000, 0x0000000715f00000| Untracked 
| 214|0x0000000716000000, 0x0000000716000000, 0x0000000716100000|  0%| F|  |TAMS 0x0000000716000000, 0x0000000716000000| Untracked 
| 215|0x0000000716100000, 0x0000000716100000, 0x0000000716200000|  0%| F|  |TAMS 0x0000000716100000, 0x0000000716100000| Untracked 
| 216|0x0000000716200000, 0x0000000716200000, 0x0000000716300000|  0%| F|  |TAMS 0x0000000716200000, 0x0000000716200000| Untracked 
| 217|0x0000000716300000, 0x0000000716300000, 0x0000000716400000|  0%| F|  |TAMS 0x0000000716300000, 0x0000000716300000| Untracked 
| 218|0x0000000716400000, 0x0000000716400000, 0x0000000716500000|  0%| F|  |TAMS 0x0000000716400000, 0x0000000716400000| Untracked 
| 219|0x0000000716500000, 0x0000000716500000, 0x0000000716600000|  0%| F|  |TAMS 0x0000000716500000, 0x0000000716500000| Untracked 
| 220|0x0000000716600000, 0x0000000716600000, 0x0000000716700000|  0%| F|  |TAMS 0x0000000716600000, 0x0000000716600000| Untracked 
| 221|0x0000000716700000, 0x0000000716700000, 0x0000000716800000|  0%| F|  |TAMS 0x0000000716700000, 0x0000000716700000| Untracked 
| 222|0x0000000716800000, 0x0000000716800000, 0x0000000716900000|  0%| F|  |TAMS 0x0000000716800000, 0x0000000716800000| Untracked 
| 223|0x0000000716900000, 0x0000000716900000, 0x0000000716a00000|  0%| F|  |TAMS 0x0000000716900000, 0x0000000716900000| Untracked 
| 224|0x0000000716a00000, 0x0000000716a00000, 0x0000000716b00000|  0%| F|  |TAMS 0x0000000716a00000, 0x0000000716a00000| Untracked 
| 225|0x0000000716b00000, 0x0000000716b00000, 0x0000000716c00000|  0%| F|  |TAMS 0x0000000716b00000, 0x0000000716b00000| Untracked 
| 226|0x0000000716c00000, 0x0000000716c00000, 0x0000000716d00000|  0%| F|  |TAMS 0x0000000716c00000, 0x0000000716c00000| Untracked 
| 227|0x0000000716d00000, 0x0000000716d00000, 0x0000000716e00000|  0%| F|  |TAMS 0x0000000716d00000, 0x0000000716d00000| Untracked 
| 228|0x0000000716e00000, 0x0000000716e00000, 0x0000000716f00000|  0%| F|  |TAMS 0x0000000716e00000, 0x0000000716e00000| Untracked 
| 229|0x0000000716f00000, 0x0000000716f00000, 0x0000000717000000|  0%| F|  |TAMS 0x0000000716f00000, 0x0000000716f00000| Untracked 
| 230|0x0000000717000000, 0x0000000717000000, 0x0000000717100000|  0%| F|  |TAMS 0x0000000717000000, 0x0000000717000000| Untracked 
| 231|0x0000000717100000, 0x0000000717100000, 0x0000000717200000|  0%| F|  |TAMS 0x0000000717100000, 0x0000000717100000| Untracked 
| 232|0x0000000717200000, 0x0000000717200000, 0x0000000717300000|  0%| F|  |TAMS 0x0000000717200000, 0x0000000717200000| Untracked 
| 233|0x0000000717300000, 0x0000000717300000, 0x0000000717400000|  0%| F|  |TAMS 0x0000000717300000, 0x0000000717300000| Untracked 
| 234|0x0000000717400000, 0x0000000717400000, 0x0000000717500000|  0%| F|  |TAMS 0x0000000717400000, 0x0000000717400000| Untracked 
| 235|0x0000000717500000, 0x0000000717500000, 0x0000000717600000|  0%| F|  |TAMS 0x0000000717500000, 0x0000000717500000| Untracked 
| 236|0x0000000717600000, 0x0000000717600000, 0x0000000717700000|  0%| F|  |TAMS 0x0000000717600000, 0x0000000717600000| Untracked 
| 237|0x0000000717700000, 0x00000007177f6850, 0x0000000717800000| 96%| E|  |TAMS 0x0000000717700000, 0x0000000717700000| Complete 
| 238|0x0000000717800000, 0x0000000717900000, 0x0000000717900000|100%| E|CS|TAMS 0x0000000717800000, 0x0000000717800000| Complete 
| 239|0x0000000717900000, 0x0000000717a00000, 0x0000000717a00000|100%| E|CS|TAMS 0x0000000717900000, 0x0000000717900000| Complete 
| 240|0x0000000717a00000, 0x0000000717b00000, 0x0000000717b00000|100%| E|CS|TAMS 0x0000000717a00000, 0x0000000717a00000| Complete 
| 241|0x0000000717b00000, 0x0000000717c00000, 0x0000000717c00000|100%| E|CS|TAMS 0x0000000717b00000, 0x0000000717b00000| Complete 
| 242|0x0000000717c00000, 0x0000000717d00000, 0x0000000717d00000|100%| E|CS|TAMS 0x0000000717c00000, 0x0000000717c00000| Complete 
| 243|0x0000000717d00000, 0x0000000717e00000, 0x0000000717e00000|100%| E|CS|TAMS 0x0000000717d00000, 0x0000000717d00000| Complete 
| 244|0x0000000717e00000, 0x0000000717f00000, 0x0000000717f00000|100%| E|CS|TAMS 0x0000000717e00000, 0x0000000717e00000| Complete 
| 245|0x0000000717f00000, 0x0000000718000000, 0x0000000718000000|100%| E|CS|TAMS 0x0000000717f00000, 0x0000000717f00000| Complete 
| 246|0x0000000718000000, 0x0000000718100000, 0x0000000718100000|100%| E|CS|TAMS 0x0000000718000000, 0x0000000718000000| Complete 
| 247|0x0000000718100000, 0x0000000718200000, 0x0000000718200000|100%| E|CS|TAMS 0x0000000718100000, 0x0000000718100000| Complete 
|2932|0x00000007bfe00000, 0x00000007bfe48000, 0x00000007bff00000| 28%|OA|  |TAMS 0x00000007bfe00000, 0x00000007bfe00000| Untracked 
|2933|0x00000007bff00000, 0x00000007bff6c000, 0x00000007c0000000| 42%|CA|  |TAMS 0x00000007bff00000, 0x00000007bff00000| Untracked 

Card table byte_map: [0x00007f9a1308a000,0x00007f9a13845000] _byte_map_base: 0x00007f9a0f845000

Marking Bits (Prev, Next): (CMBitMap*) 0x00007f9a3007d4a8, (CMBitMap*) 0x00007f9a3007d4e0
 Prev Bits: [0x00007f9a0eaf7000, 0x00007f9a128cf000)
 Next Bits: [0x00007f9a0ad1f000, 0x00007f9a0eaf7000)

Polling page: 0x00007f9a36aa4000

Metaspace:

Usage:
  Non-class:      5.84 MB capacity,     3.30 MB ( 56%) used,     2.54 MB ( 43%) free+waste,     6.62 KB ( <1%) overhead. 
      Class:    688.00 KB capacity,   395.67 KB ( 58%) used,   289.02 KB ( 42%) free+waste,     3.31 KB ( <1%) overhead. 
       Both:      6.51 MB capacity,     3.68 MB ( 57%) used,     2.82 MB ( 43%) free+waste,     9.94 KB ( <1%) overhead. 

Virtual space:
  Non-class space:        8.00 MB reserved,       6.00 MB ( 75%) committed 
      Class space:        1.00 GB reserved,     768.00 KB ( <1%) committed 
             Both:        1.01 GB reserved,       6.75 MB ( <1%) committed 

Chunk freelists:
   Non-Class:  51.00 KB
       Class:  0 bytes
        Both:  51.00 KB

MaxMetaspaceSize: unlimited
CompressedClassSpaceSize: 1.00 GB
Initial GC threshold: 20.80 MB
Current GC threshold: 20.80 MB
CDS: on

CodeHeap 'non-profiled nmethods': size=119172Kb used=224Kb max_used=224Kb free=118947Kb
 bounds [0x00007f9a2035e000, 0x00007f9a205ce000, 0x00007f9a277bf000]
CodeHeap 'profiled nmethods': size=119168Kb used=1679Kb max_used=1679Kb free=117488Kb
 bounds [0x00007f9a18efe000, 0x00007f9a1916e000, 0x00007f9a2035e000]
CodeHeap 'non-nmethods': size=7420Kb used=2836Kb max_used=2849Kb free=4584Kb
 bounds [0x00007f9a187bf000, 0x00007f9a18a8f000, 0x00007f9a18efe000]
 total_blobs=1290 nmethods=883 adapters=318
 compilation: enabled
              stopped_count=0, restarted_count=0
 full_count=0

Compilation events (20 events):
Event: 0.142 Thread 0x00007f99d416c000  876   !   3       java.nio.charset.Charset::defaultCharset (53 bytes)
Event: 0.142 Thread 0x00007f9a301f8000  868       4       java.util.HashMap::get (23 bytes)
Event: 0.142 Thread 0x00007f99d8096000 nmethod 875 0x00007f9a1909a110 code [0x00007f9a1909a2e0, 0x00007f9a1909a6d0]
Event: 0.142 Thread 0x00007f99d8096000  877       3       java.lang.String::<init> (9 bytes)
Event: 0.142 Thread 0x00007f99d8096000 nmethod 877 0x00007f9a1909a790 code [0x00007f9a1909a940, 0x00007f9a1909aaa0]
Event: 0.142 Thread 0x00007f99d416c000 nmethod 876 0x00007f9a1909ab90 code [0x00007f9a1909ae40, 0x00007f9a1909bb30]
Event: 0.142 Thread 0x00007f99d416c000  879       3       java.lang.StringCoding::decode (112 bytes)
Event: 0.142 Thread 0x00007f99d416a000  878       3       java.lang.String::<init> (38 bytes)
Event: 0.142 Thread 0x00007f9a301fa000  880       3       java.util.HashSet::contains (9 bytes)
Event: 0.142 Thread 0x00007f99d416a000 nmethod 878 0x00007f9a1909c010 code [0x00007f9a1909c1e0, 0x00007f9a1909c450]
Event: 0.142 Thread 0x00007f9a301fa000 nmethod 880 0x00007f9a1909c590 code [0x00007f9a1909c780, 0x00007f9a1909cbd0]
Event: 0.142 Thread 0x00007f99d8096000  881       3       java.util.regex.Pattern::range (292 bytes)
Event: 0.143 Thread 0x00007f99d416c000 nmethod 879 0x00007f9a1909cd10 code [0x00007f9a1909d000, 0x00007f9a1909e050]
Event: 0.143 Thread 0x00007f99d416c000  882       1       java.lang.invoke.MethodTypeForm::basicType (5 bytes)
Event: 0.143 Thread 0x00007f99d416c000 nmethod 882 0x00007f9a20394510 code [0x00007f9a203946c0, 0x00007f9a20394790]
Event: 0.143 Thread 0x00007f9a301fa000  883       3       java.lang.invoke.MemberName::getName (25 bytes)
Event: 0.143 Thread 0x00007f9a301fa000 nmethod 883 0x00007f9a1909e590 code [0x00007f9a1909e760, 0x00007f9a1909eb00]
Event: 0.143 Thread 0x00007f99d8096000 nmethod 881 0x00007f9a1909ec10 code [0x00007f9a1909f0c0, 0x00007f9a190a12e0]
Event: 0.143 Thread 0x00007f9a301f8000 nmethod 868 0x00007f9a20394810 code [0x00007f9a203949c0, 0x00007f9a20394c78]
Event: 0.143 Thread 0x00007f9a301f8000  874       4       org.bytedeco.javacpp.Pointer::hashCode (6 bytes)

GC Heap History (0 events):
No events

Deoptimization events (20 events):
Event: 0.099 Thread 0x00007f9a30015800 DEOPT PACKING pc=0x00007f9a18f242cf sp=0x00007f9a35233500
Event: 0.099 Thread 0x00007f9a30015800 DEOPT UNPACKING pc=0x00007f9a1880964a sp=0x00007f9a352329a8 mode 0
Event: 0.100 Thread 0x00007f9a30015800 DEOPT PACKING pc=0x00007f9a18f242cf sp=0x00007f9a35233500
Event: 0.100 Thread 0x00007f9a30015800 DEOPT UNPACKING pc=0x00007f9a1880964a sp=0x00007f9a352329a8 mode 0
Event: 0.117 Thread 0x00007f9a30015800 Uncommon trap: trap_request=0xffffffc6 fr.pc=0x00007f9a20385f14 relative=0x00000000000003b4
Event: 0.117 Thread 0x00007f9a30015800 Uncommon trap: reason=bimorphic_or_optimized_type_check action=maybe_recompile pc=0x00007f9a20385f14 method=java.util.HashMap.getNode(ILjava/lang/Object;)Ljava/util/HashMap$Node; @ 126 c2
Event: 0.117 Thread 0x00007f9a30015800 DEOPT PACKING pc=0x00007f9a20385f14 sp=0x00007f9a352340e0
Event: 0.117 Thread 0x00007f9a30015800 DEOPT UNPACKING pc=0x00007f9a18808ea5 sp=0x00007f9a35234078 mode 2
Event: 0.121 Thread 0x00007f9a30015800 Uncommon trap: trap_request=0xffffffc6 fr.pc=0x00007f9a20385f14 relative=0x00000000000003b4
Event: 0.121 Thread 0x00007f9a30015800 Uncommon trap: reason=bimorphic_or_optimized_type_check action=maybe_recompile pc=0x00007f9a20385f14 method=java.util.HashMap.getNode(ILjava/lang/Object;)Ljava/util/HashMap$Node; @ 126 c2
Event: 0.121 Thread 0x00007f9a30015800 DEOPT PACKING pc=0x00007f9a20385f14 sp=0x00007f9a352340e0
Event: 0.121 Thread 0x00007f9a30015800 DEOPT UNPACKING pc=0x00007f9a18808ea5 sp=0x00007f9a35234078 mode 2
Event: 0.140 Thread 0x00007f9a30015800 Uncommon trap: trap_request=0xffffffc6 fr.pc=0x00007f9a20385f14 relative=0x00000000000003b4
Event: 0.140 Thread 0x00007f9a30015800 Uncommon trap: reason=bimorphic_or_optimized_type_check action=maybe_recompile pc=0x00007f9a20385f14 method=java.util.HashMap.getNode(ILjava/lang/Object;)Ljava/util/HashMap$Node; @ 126 c2
Event: 0.140 Thread 0x00007f9a30015800 DEOPT PACKING pc=0x00007f9a20385f14 sp=0x00007f9a35234650
Event: 0.140 Thread 0x00007f9a30015800 DEOPT UNPACKING pc=0x00007f9a18808ea5 sp=0x00007f9a352345e8 mode 2
Event: 0.140 Thread 0x00007f9a30015800 Uncommon trap: trap_request=0xffffffc6 fr.pc=0x00007f9a20385f14 relative=0x00000000000003b4
Event: 0.140 Thread 0x00007f9a30015800 Uncommon trap: reason=bimorphic_or_optimized_type_check action=maybe_recompile pc=0x00007f9a20385f14 method=java.util.HashMap.getNode(ILjava/lang/Object;)Ljava/util/HashMap$Node; @ 126 c2
Event: 0.140 Thread 0x00007f9a30015800 DEOPT PACKING pc=0x00007f9a20385f14 sp=0x00007f9a35234650
Event: 0.140 Thread 0x00007f9a30015800 DEOPT UNPACKING pc=0x00007f9a18808ea5 sp=0x00007f9a352345e8 mode 2

Classes redefined (0 events):
No events

Internal exceptions (20 events):
Event: 0.024 Thread 0x00007f9a30015800 Exception <a 'java/security/PrivilegedActionException'{0x0000000718039cc8}> (0x0000000718039cc8) thrown at [./src/hotspot/share/prims/jvm.cpp, line 1304]
Event: 0.024 Thread 0x00007f9a30015800 Exception <a 'java/security/PrivilegedActionException'{0x0000000718039f98}> (0x0000000718039f98) thrown at [./src/hotspot/share/prims/jvm.cpp, line 1304]
Event: 0.024 Thread 0x00007f9a30015800 Exception <a 'java/security/PrivilegedActionException'{0x000000071803abb0}> (0x000000071803abb0) thrown at [./src/hotspot/share/prims/jvm.cpp, line 1304]
Event: 0.024 Thread 0x00007f9a30015800 Exception <a 'java/security/PrivilegedActionException'{0x000000071803ae80}> (0x000000071803ae80) thrown at [./src/hotspot/share/prims/jvm.cpp, line 1304]
Event: 0.024 Thread 0x00007f9a30015800 Exception <a 'java/security/PrivilegedActionException'{0x000000071803ba98}> (0x000000071803ba98) thrown at [./src/hotspot/share/prims/jvm.cpp, line 1304]
Event: 0.024 Thread 0x00007f9a30015800 Exception <a 'java/security/PrivilegedActionException'{0x000000071803bd68}> (0x000000071803bd68) thrown at [./src/hotspot/share/prims/jvm.cpp, line 1304]
Event: 0.024 Thread 0x00007f9a30015800 Exception <a 'java/security/PrivilegedActionException'{0x000000071803c998}> (0x000000071803c998) thrown at [./src/hotspot/share/prims/jvm.cpp, line 1304]
Event: 0.024 Thread 0x00007f9a30015800 Exception <a 'java/security/PrivilegedActionException'{0x000000071803cc68}> (0x000000071803cc68) thrown at [./src/hotspot/share/prims/jvm.cpp, line 1304]
Event: 0.024 Thread 0x00007f9a30015800 Exception <a 'java/security/PrivilegedActionException'{0x000000071803d898}> (0x000000071803d898) thrown at [./src/hotspot/share/prims/jvm.cpp, line 1304]
Event: 0.024 Thread 0x00007f9a30015800 Exception <a 'java/security/PrivilegedActionException'{0x000000071803db68}> (0x000000071803db68) thrown at [./src/hotspot/share/prims/jvm.cpp, line 1304]
Event: 0.024 Thread 0x00007f9a30015800 Exception <a 'java/security/PrivilegedActionException'{0x000000071803e798}> (0x000000071803e798) thrown at [./src/hotspot/share/prims/jvm.cpp, line 1304]
Event: 0.024 Thread 0x00007f9a30015800 Exception <a 'java/security/PrivilegedActionException'{0x000000071803ea68}> (0x000000071803ea68) thrown at [./src/hotspot/share/prims/jvm.cpp, line 1304]
Event: 0.024 Thread 0x00007f9a30015800 Exception <a 'java/security/PrivilegedActionException'{0x000000071803f680}> (0x000000071803f680) thrown at [./src/hotspot/share/prims/jvm.cpp, line 1304]
Event: 0.024 Thread 0x00007f9a30015800 Exception <a 'java/security/PrivilegedActionException'{0x000000071803f950}> (0x000000071803f950) thrown at [./src/hotspot/share/prims/jvm.cpp, line 1304]
Event: 0.024 Thread 0x00007f9a30015800 Exception <a 'java/security/PrivilegedActionException'{0x0000000718040580}> (0x0000000718040580) thrown at [./src/hotspot/share/prims/jvm.cpp, line 1304]
Event: 0.024 Thread 0x00007f9a30015800 Exception <a 'java/security/PrivilegedActionException'{0x0000000718040850}> (0x0000000718040850) thrown at [./src/hotspot/share/prims/jvm.cpp, line 1304]
Event: 0.070 Thread 0x00007f9a30015800 Exception <a 'java/lang/NoSuchMethodError'{0x0000000717dc7a50}: 'int java.lang.invoke.DirectMethodHandle$Holder.invokeStaticInit(java.lang.Object, java.lang.Object, java.lang.Object, java.lang.Object)'> (0x0000000717dc7a50) thrown at [./src/hotspot/share/interpreter/linkResolver.cpp, line 772]
Event: 0.071 Thread 0x00007f9a30015800 Exception <a 'java/lang/IncompatibleClassChangeError'{0x0000000717dd1f38}: Found class java.lang.Object, but interface was expected> (0x0000000717dd1f38) thrown at [./src/hotspot/share/interpreter/linkResolver.cpp, line 839]
Event: 0.071 Thread 0x00007f9a30015800 Exception <a 'java/lang/NoSuchMethodError'{0x0000000717dd5188}: 'void java.lang.invoke.DirectMethodHandle$Holder.invokeStaticInit(java.lang.Object, java.lang.Object)'> (0x0000000717dd5188) thrown at [./src/hotspot/share/interpreter/linkResolver.cpp, line 772]
Event: 0.072 Thread 0x00007f9a30015800 Exception <a 'java/lang/NoSuchMethodError'{0x0000000717ddaed8}: 'int java.lang.invoke.DirectMethodHandle$Holder.invokeStaticInit(java.lang.Object, java.lang.Object)'> (0x0000000717ddaed8) thrown at [./src/hotspot/share/interpreter/linkResolver.cpp, line 772]

Events (20 events):
Event: 0.132 loading class java/lang/invoke/BoundMethodHandle$Species_LLLLLLI
Event: 0.132 loading class java/lang/invoke/BoundMethodHandle$Species_LLLLLLI done
Event: 0.133 loading class java/lang/invoke/BoundMethodHandle$Species_LLLLLLII
Event: 0.133 loading class java/lang/invoke/BoundMethodHandle$Species_LLLLLLII done
Event: 0.134 loading class java/lang/invoke/BoundMethodHandle$Species_LLLLLLIIL
Event: 0.134 loading class java/lang/invoke/BoundMethodHandle$Species_LLLLLLIIL done
Event: 0.136 loading class LLVMIRToRiscv
Event: 0.136 loading class LLVMIRToRiscv done
Event: 0.136 loading class RegisterAllocator
Event: 0.136 loading class RegisterAllocator done
Event: 0.136 loading class AsmBuilder
Event: 0.136 loading class AsmBuilder done
Event: 0.139 loading class LLVMIROptimization
Event: 0.139 loading class LLVMIROptimization done
Event: 0.139 loading class ConstPropValueHolder
Event: 0.139 loading class ConstPropValueHolder done
Event: 0.139 loading class ConstPropValueHolder$Kind
Event: 0.139 loading class ConstPropValueHolder$Kind done
Event: 0.143 loading class org/bytedeco/llvm/LLVM/LLVMValueRef
Event: 0.143 loading class org/bytedeco/llvm/LLVM/LLVMValueRef done


Dynamic libraries:
708a00000-718200000 rw-p 00000000 00:00 0 
718200000-7bfe00000 ---p 00000000 00:00 0 
7bfe00000-7bfe48000 rw-p 00b14000 08:20 134337                           /usr/lib/jvm/java-11-openjdk-amd64/lib/server/classes.jsa
7bfe48000-7bff00000 rw-p 00000000 00:00 0 
7bff00000-7bff6c000 rw-p 00aa8000 08:20 134337                           /usr/lib/jvm/java-11-openjdk-amd64/lib/server/classes.jsa
7bff6c000-7c0000000 rw-p 00000000 00:00 0 
7c0000000-800000000 ---p 00000000 00:00 0 
800000000-800002000 rwxp 00001000 08:20 134337                           /usr/lib/jvm/java-11-openjdk-amd64/lib/server/classes.jsa
800002000-8003ce000 rw-p 00003000 08:20 134337                           /usr/lib/jvm/java-11-openjdk-amd64/lib/server/classes.jsa
8003ce000-800aa6000 r--p 003cf000 08:20 134337                           /usr/lib/jvm/java-11-openjdk-amd64/lib/server/classes.jsa
800aa6000-800aa7000 rw-p 00aa7000 08:20 134337                           /usr/lib/jvm/java-11-openjdk-amd64/lib/server/classes.jsa
840000000-8400c0000 rw-p 00000000 00:00 0 
8400c0000-880000000 ---p 00000000 00:00 0 
55f6a61bd000-55f6a61be000 r--p 00000000 08:20 134745                     /usr/lib/jvm/java-11-openjdk-amd64/bin/java
55f6a61be000-55f6a61bf000 r-xp 00001000 08:20 134745                     /usr/lib/jvm/java-11-openjdk-amd64/bin/java
55f6a61bf000-55f6a61c0000 r--p 00002000 08:20 134745                     /usr/lib/jvm/java-11-openjdk-amd64/bin/java
55f6a61c0000-55f6a61c1000 r--p 00002000 08:20 134745                     /usr/lib/jvm/java-11-openjdk-amd64/bin/java
55f6a61c1000-55f6a61c2000 rw-p 00003000 08:20 134745                     /usr/lib/jvm/java-11-openjdk-amd64/bin/java
55f6cf324000-55f6cf345000 rw-p 00000000 00:00 0                          [heap]
7f99ac000000-7f99ac021000 rw-p 00000000 00:00 0 
7f99ac021000-7f99b0000000 ---p 00000000 00:00 0 
7f99b4000000-7f99b4021000 rw-p 00000000 00:00 0 
7f99b4021000-7f99b8000000 ---p 00000000 00:00 0 
7f99b952c000-7f99b9e52000 r--p 00000000 08:20 204242                     /home/crz/.javacpp/cache/llvm-13.0.1-1.5.7-linux-x86_64.jar/org/bytedeco/llvm/linux-x86_64/libLLVM-13.so
7f99b9e52000-7f99bd815000 r-xp 00926000 08:20 204242                     /home/crz/.javacpp/cache/llvm-13.0.1-1.5.7-linux-x86_64.jar/org/bytedeco/llvm/linux-x86_64/libLLVM-13.so
7f99bd815000-7f99bfa6a000 r--p 042e9000 08:20 204242                     /home/crz/.javacpp/cache/llvm-13.0.1-1.5.7-linux-x86_64.jar/org/bytedeco/llvm/linux-x86_64/libLLVM-13.so
7f99bfa6a000-7f99bff7f000 r--p 0653d000 08:20 204242                     /home/crz/.javacpp/cache/llvm-13.0.1-1.5.7-linux-x86_64.jar/org/bytedeco/llvm/linux-x86_64/libLLVM-13.so
7f99bff7f000-7f99bff8a000 rw-p 06a52000 08:20 204242                     /home/crz/.javacpp/cache/llvm-13.0.1-1.5.7-linux-x86_64.jar/org/bytedeco/llvm/linux-x86_64/libLLVM-13.so
7f99bff8a000-7f99c0000000 rw-p 00000000 00:00 0 
7f99c0000000-7f99c0021000 rw-p 00000000 00:00 0 
7f99c0021000-7f99c4000000 ---p 00000000 00:00 0 
7f99c4000000-7f99c4054000 rw-p 00000000 00:00 0 
7f99c4054000-7f99c8000000 ---p 00000000 00:00 0 
7f99c8000000-7f99c8021000 rw-p 00000000 00:00 0 
7f99c8021000-7f99cc000000 ---p 00000000 00:00 0 
7f99cc000000-7f99cc021000 rw-p 00000000 00:00 0 
7f99cc021000-7f99d0000000 ---p 00000000 00:00 0 
7f99d0000000-7f99d0021000 rw-p 00000000 00:00 0 
7f99d0021000-7f99d4000000 ---p 00000000 00:00 0 
7f99d4000000-7f99d4170000 rw-p 00000000 00:00 0 
7f99d4170000-7f99d8000000 ---p 00000000 00:00 0 
7f99d8000000-7f99d8277000 rw-p 00000000 00:00 0 
7f99d8277000-7f99dc000000 ---p 00000000 00:00 0 
7f99dc000000-7f99dc2df000 rw-p 00000000 00:00 0 
7f99dc2df000-7f99e0000000 ---p 00000000 00:00 0 
7f99e0000000-7f99e0021000 rw-p 00000000 00:00 0 
7f99e0021000-7f99e4000000 ---p 00000000 00:00 0 
7f99e4000000-7f99e4021000 rw-p 00000000 00:00 0 
7f99e4021000-7f99e8000000 ---p 00000000 00:00 0 
7f99e8000000-7f99e8021000 rw-p 00000000 00:00 0 
7f99e8021000-7f99ec000000 ---p 00000000 00:00 0 
7f99ec000000-7f99ec021000 rw-p 00000000 00:00 0 
7f99ec021000-7f99f0000000 ---p 00000000 00:00 0 
7f99f0000000-7f99f0021000 rw-p 00000000 00:00 0 
7f99f0021000-7f99f4000000 ---p 00000000 00:00 0 
7f99f4000000-7f99f4021000 rw-p 00000000 00:00 0 
7f99f4021000-7f99f8000000 ---p 00000000 00:00 0 
7f99f8000000-7f99f8021000 rw-p 00000000 00:00 0 
7f99f8021000-7f99fc000000 ---p 00000000 00:00 0 
7f99fc000000-7f99fc021000 rw-p 00000000 00:00 0 
7f99fc021000-7f9a00000000 ---p 00000000 00:00 0 
7f9a01ef5000-7f9a01ef9000 ---p 00000000 00:00 0 
7f9a01ef9000-7f9a01ff5000 rw-p 00000000 00:00 0 
7f9a01ff5000-7f9a01ff9000 ---p 00000000 00:00 0 
7f9a01ff9000-7f9a020f5000 rw-p 00000000 00:00 0 
7f9a020f5000-7f9a0215a000 r--p 00000000 08:20 204256                     /home/crz/.javacpp/cache/llvm-13.0.1-1.5.7-linux-x86_64.jar/org/bytedeco/llvm/linux-x86_64/libjniLLVM.so
7f9a0215a000-7f9a021c8000 r-xp 00065000 08:20 204256                     /home/crz/.javacpp/cache/llvm-13.0.1-1.5.7-linux-x86_64.jar/org/bytedeco/llvm/linux-x86_64/libjniLLVM.so
7f9a021c8000-7f9a021f3000 r--p 000d3000 08:20 204256                     /home/crz/.javacpp/cache/llvm-13.0.1-1.5.7-linux-x86_64.jar/org/bytedeco/llvm/linux-x86_64/libjniLLVM.so
7f9a021f3000-7f9a021f6000 r--p 000fd000 08:20 204256                     /home/crz/.javacpp/cache/llvm-13.0.1-1.5.7-linux-x86_64.jar/org/bytedeco/llvm/linux-x86_64/libjniLLVM.so
7f9a021f6000-7f9a021f9000 rw-p 00100000 08:20 204256                     /home/crz/.javacpp/cache/llvm-13.0.1-1.5.7-linux-x86_64.jar/org/bytedeco/llvm/linux-x86_64/libjniLLVM.so
7f9a021f9000-7f9a021fb000 rw-p 00000000 00:00 0 
7f9a021fb000-7f9a02202000 r--p 00000000 08:20 204245                     /home/crz/.javacpp/cache/llvm-13.0.1-1.5.7-linux-x86_64.jar/org/bytedeco/llvm/linux-x86_64/libLTO.so.13
7f9a02202000-7f9a0220a000 r-xp 00007000 08:20 204245                     /home/crz/.javacpp/cache/llvm-13.0.1-1.5.7-linux-x86_64.jar/org/bytedeco/llvm/linux-x86_64/libLTO.so.13
7f9a0220a000-7f9a0220c000 r--p 0000f000 08:20 204245                     /home/crz/.javacpp/cache/llvm-13.0.1-1.5.7-linux-x86_64.jar/org/bytedeco/llvm/linux-x86_64/libLTO.so.13
7f9a0220c000-7f9a0220d000 r--p 00010000 08:20 204245                     /home/crz/.javacpp/cache/llvm-13.0.1-1.5.7-linux-x86_64.jar/org/bytedeco/llvm/linux-x86_64/libLTO.so.13
7f9a0220d000-7f9a0220e000 rw-p 00011000 08:20 204245                     /home/crz/.javacpp/cache/llvm-13.0.1-1.5.7-linux-x86_64.jar/org/bytedeco/llvm/linux-x86_64/libLTO.so.13
7f9a0220e000-7f9a02212000 ---p 00000000 00:00 0 
7f9a02212000-7f9a0230e000 rw-p 00000000 00:00 0 
7f9a0230e000-7f9a02312000 ---p 00000000 00:00 0 
7f9a02312000-7f9a0240e000 rw-p 00000000 00:00 0 
7f9a0240e000-7f9a02412000 ---p 00000000 00:00 0 
7f9a02412000-7f9a0250e000 rw-p 00000000 00:00 0 
7f9a0250e000-7f9a0250f000 ---p 00000000 00:00 0 
7f9a0250f000-7f9a0260f000 rw-p 00000000 00:00 0 
7f9a0260f000-7f9a02613000 ---p 00000000 00:00 0 
7f9a02613000-7f9a0270f000 rw-p 00000000 00:00 0 
7f9a0270f000-7f9a02713000 ---p 00000000 00:00 0 
7f9a02713000-7f9a0280f000 rw-p 00000000 00:00 0 
7f9a0280f000-7f9a02813000 ---p 00000000 00:00 0 
7f9a02813000-7f9a0290f000 rw-p 00000000 00:00 0 
7f9a0290f000-7f9a02913000 ---p 00000000 00:00 0 
7f9a02913000-7f9a02a0f000 rw-p 00000000 00:00 0 
7f9a02a0f000-7f9a02a13000 ---p 00000000 00:00 0 
7f9a02a13000-7f9a02b0f000 rw-p 00000000 00:00 0 
7f9a02b0f000-7f9a02b13000 ---p 00000000 00:00 0 
7f9a02b13000-7f9a02c0f000 rw-p 00000000 00:00 0 
7f9a02c0f000-7f9a031fc000 r--p 00000000 08:20 13349                      /usr/lib/locale/locale-archive
7f9a031fc000-7f9a03200000 ---p 00000000 00:00 0 
7f9a03200000-7f9a032fc000 rw-p 00000000 00:00 0 
7f9a032fc000-7f9a03300000 ---p 00000000 00:00 0 
7f9a03300000-7f9a033fc000 rw-p 00000000 00:00 0 
7f9a033fc000-7f9a033fd000 ---p 00000000 00:00 0 
7f9a033fd000-7f9a03afd000 rw-p 00000000 00:00 0 
7f9a03afd000-7f9a03cfd000 ---p 00000000 00:00 0 
7f9a03cfd000-7f9a03cfe000 ---p 00000000 00:00 0 
7f9a03cfe000-7f9a03dfe000 rw-p 00000000 00:00 0 
7f9a03dfe000-7f9a03dff000 ---p 00000000 00:00 0 
7f9a03dff000-7f9a04000000 rw-p 00000000 00:00 0 
7f9a04000000-7f9a04021000 rw-p 00000000 00:00 0 
7f9a04021000-7f9a08000000 ---p 00000000 00:00 0 
7f9a08001000-7f9a08008000 r--s 00000000 08:20 126784                     /usr/lib/x86_64-linux-gnu/gconv/gconv-modules.cache
7f9a08008000-7f9a08009000 r--p 00000000 08:20 204251                     /home/crz/.javacpp/cache/llvm-13.0.1-1.5.7-linux-x86_64.jar/org/bytedeco/llvm/linux-x86_64/libRemarks.so.13
7f9a08009000-7f9a0800a000 r-xp 00001000 08:20 204251                     /home/crz/.javacpp/cache/llvm-13.0.1-1.5.7-linux-x86_64.jar/org/bytedeco/llvm/linux-x86_64/libRemarks.so.13
7f9a0800a000-7f9a0800b000 r--p 00002000 08:20 204251                     /home/crz/.javacpp/cache/llvm-13.0.1-1.5.7-linux-x86_64.jar/org/bytedeco/llvm/linux-x86_64/libRemarks.so.13
7f9a0800b000-7f9a0800c000 r--p 00002000 08:20 204251                     /home/crz/.javacpp/cache/llvm-13.0.1-1.5.7-linux-x86_64.jar/org/bytedeco/llvm/linux-x86_64/libRemarks.so.13
7f9a0800c000-7f9a0800d000 rw-p 00003000 08:20 204251                     /home/crz/.javacpp/cache/llvm-13.0.1-1.5.7-linux-x86_64.jar/org/bytedeco/llvm/linux-x86_64/libRemarks.so.13
7f9a0800d000-7f9a0800e000 r--p 00000000 08:20 104103                     /usr/lib/x86_64-linux-gnu/libdl.so.2
7f9a0800e000-7f9a0800f000 r-xp 00001000 08:20 104103                     /usr/lib/x86_64-linux-gnu/libdl.so.2
7f9a0800f000-7f9a08010000 r--p 00002000 08:20 104103                     /usr/lib/x86_64-linux-gnu/libdl.so.2
7f9a08010000-7f9a08011000 r--p 00002000 08:20 104103                     /usr/lib/x86_64-linux-gnu/libdl.so.2
7f9a08011000-7f9a08012000 rw-p 00003000 08:20 104103                     /usr/lib/x86_64-linux-gnu/libdl.so.2
7f9a08012000-7f9a0b0ff000 rw-p 00000000 00:00 0 
7f9a0b0ff000-7f9a0daef000 ---p 00000000 00:00 0 
7f9a0daef000-7f9a0daf7000 rw-p 00000000 00:00 0 
7f9a0daf7000-7f9a0eaf7000 ---p 00000000 00:00 0 
7f9a0eaf7000-7f9a0eed7000 rw-p 00000000 00:00 0 
7f9a0eed7000-7f9a118c7000 ---p 00000000 00:00 0 
7f9a118c7000-7f9a118cf000 rw-p 00000000 00:00 0 
7f9a118cf000-7f9a128cf000 ---p 00000000 00:00 0 
7f9a128cf000-7f9a1294b000 rw-p 00000000 00:00 0 
7f9a1294b000-7f9a12e89000 ---p 00000000 00:00 0 
7f9a12e89000-7f9a12e8a000 rw-p 00000000 00:00 0 
7f9a12e8a000-7f9a1308a000 ---p 00000000 00:00 0 
7f9a1308a000-7f9a13106000 rw-p 00000000 00:00 0 
7f9a13106000-7f9a13644000 ---p 00000000 00:00 0 
7f9a13644000-7f9a13645000 rw-p 00000000 00:00 0 
7f9a13645000-7f9a13845000 ---p 00000000 00:00 0 
7f9a13845000-7f9a138c1000 rw-p 00000000 00:00 0 
7f9a138c1000-7f9a13dff000 ---p 00000000 00:00 0 
7f9a13dff000-7f9a13e00000 rw-p 00000000 00:00 0 
7f9a13e00000-7f9a14000000 ---p 00000000 00:00 0 
7f9a14000000-7f9a14021000 rw-p 00000000 00:00 0 
7f9a14021000-7f9a18000000 ---p 00000000 00:00 0 
7f9a18000000-7f9a18004000 r--p 00000000 08:20 204229                     /home/crz/.javacpp/cache/javacpp-1.5.7-linux-x86_64.jar/org/bytedeco/javacpp/linux-x86_64/libjnijavacpp.so
7f9a18004000-7f9a1800b000 r-xp 00004000 08:20 204229                     /home/crz/.javacpp/cache/javacpp-1.5.7-linux-x86_64.jar/org/bytedeco/javacpp/linux-x86_64/libjnijavacpp.so
7f9a1800b000-7f9a1800f000 r--p 0000b000 08:20 204229                     /home/crz/.javacpp/cache/javacpp-1.5.7-linux-x86_64.jar/org/bytedeco/javacpp/linux-x86_64/libjnijavacpp.so
7f9a1800f000-7f9a18010000 r--p 0000e000 08:20 204229                     /home/crz/.javacpp/cache/javacpp-1.5.7-linux-x86_64.jar/org/bytedeco/javacpp/linux-x86_64/libjnijavacpp.so
7f9a18010000-7f9a18011000 rw-p 0000f000 08:20 204229                     /home/crz/.javacpp/cache/javacpp-1.5.7-linux-x86_64.jar/org/bytedeco/javacpp/linux-x86_64/libjnijavacpp.so
7f9a18011000-7f9a181c4000 rw-p 00000000 00:00 0 
7f9a181c4000-7f9a181c5000 ---p 00000000 00:00 0 
7f9a181c5000-7f9a182c5000 rw-p 00000000 00:00 0 
7f9a182c5000-7f9a182c6000 ---p 00000000 00:00 0 
7f9a182c6000-7f9a187bf000 rw-p 00000000 00:00 0 
7f9a187bf000-7f9a18a8f000 rwxp 00000000 00:00 0 
7f9a18a8f000-7f9a18efe000 ---p 00000000 00:00 0 
7f9a18efe000-7f9a1916e000 rwxp 00000000 00:00 0 
7f9a1916e000-7f9a2035e000 ---p 00000000 00:00 0 
7f9a2035e000-7f9a205ce000 rwxp 00000000 00:00 0 
7f9a205ce000-7f9a277bf000 ---p 00000000 00:00 0 
7f9a277bf000-7f9a30000000 r--s 00000000 08:20 134824                     /usr/lib/jvm/java-11-openjdk-amd64/lib/modules
7f9a30000000-7f9a30497000 rw-p 00000000 00:00 0 
7f9a30497000-7f9a34000000 ---p 00000000 00:00 0 
7f9a34002000-7f9a34003000 r--p 00000000 08:20 104244                     /usr/lib/x86_64-linux-gnu/libpthread.so.0
7f9a34003000-7f9a34004000 r-xp 00001000 08:20 104244                     /usr/lib/x86_64-linux-gnu/libpthread.so.0
7f9a34004000-7f9a34005000 r--p 00002000 08:20 104244                     /usr/lib/x86_64-linux-gnu/libpthread.so.0
7f9a34005000-7f9a34006000 r--p 00002000 08:20 104244                     /usr/lib/x86_64-linux-gnu/libpthread.so.0
7f9a34006000-7f9a34007000 rw-p 00003000 08:20 104244                     /usr/lib/x86_64-linux-gnu/libpthread.so.0
7f9a34007000-7f9a3400b000 r--p 00000000 08:20 134814                     /usr/lib/jvm/java-11-openjdk-amd64/lib/libnet.so
7f9a3400b000-7f9a34019000 r-xp 00004000 08:20 134814                     /usr/lib/jvm/java-11-openjdk-amd64/lib/libnet.so
7f9a34019000-7f9a3401d000 r--p 00012000 08:20 134814                     /usr/lib/jvm/java-11-openjdk-amd64/lib/libnet.so
7f9a3401d000-7f9a3401e000 r--p 00015000 08:20 134814                     /usr/lib/jvm/java-11-openjdk-amd64/lib/libnet.so
7f9a3401e000-7f9a3401f000 rw-p 00016000 08:20 134814                     /usr/lib/jvm/java-11-openjdk-amd64/lib/libnet.so
7f9a3401f000-7f9a34026000 r--p 00000000 08:20 134815                     /usr/lib/jvm/java-11-openjdk-amd64/lib/libnio.so
7f9a34026000-7f9a3402e000 r-xp 00007000 08:20 134815                     /usr/lib/jvm/java-11-openjdk-amd64/lib/libnio.so
7f9a3402e000-7f9a34031000 r--p 0000f000 08:20 134815                     /usr/lib/jvm/java-11-openjdk-amd64/lib/libnio.so
7f9a34031000-7f9a34032000 r--p 00011000 08:20 134815                     /usr/lib/jvm/java-11-openjdk-amd64/lib/libnio.so
7f9a34032000-7f9a34033000 rw-p 00012000 08:20 134815                     /usr/lib/jvm/java-11-openjdk-amd64/lib/libnio.so
7f9a34033000-7f9a34e05000 rw-p 00000000 00:00 0 
7f9a34e05000-7f9a34e06000 ---p 00000000 00:00 0 
7f9a34e06000-7f9a34f0b000 rw-p 00000000 00:00 0 
7f9a34f0b000-7f9a34fef000 ---p 00000000 00:00 0 
7f9a34fef000-7f9a34ff4000 rw-p 00000000 00:00 0 
7f9a34ff4000-7f9a350d8000 ---p 00000000 00:00 0 
7f9a350d8000-7f9a350de000 rw-p 00000000 00:00 0 
7f9a350de000-7f9a350e7000 ---p 00000000 00:00 0 
7f9a350e7000-7f9a350e9000 r--p 00000000 08:20 134823                     /usr/lib/jvm/java-11-openjdk-amd64/lib/libzip.so
7f9a350e9000-7f9a350ee000 r-xp 00002000 08:20 134823                     /usr/lib/jvm/java-11-openjdk-amd64/lib/libzip.so
7f9a350ee000-7f9a350f0000 r--p 00007000 08:20 134823                     /usr/lib/jvm/java-11-openjdk-amd64/lib/libzip.so
7f9a350f0000-7f9a350f1000 r--p 00008000 08:20 134823                     /usr/lib/jvm/java-11-openjdk-amd64/lib/libzip.so
7f9a350f1000-7f9a350f2000 rw-p 00009000 08:20 134823                     /usr/lib/jvm/java-11-openjdk-amd64/lib/libzip.so
7f9a350f2000-7f9a350fa000 rw-s 00000000 08:20 191759                     /tmp/hsperfdata_crz/28437
7f9a350fa000-7f9a350fc000 r--p 00000000 08:20 134806                     /usr/lib/jvm/java-11-openjdk-amd64/lib/libjimage.so
7f9a350fc000-7f9a350ff000 r-xp 00002000 08:20 134806                     /usr/lib/jvm/java-11-openjdk-amd64/lib/libjimage.so
7f9a350ff000-7f9a35100000 r--p 00005000 08:20 134806                     /usr/lib/jvm/java-11-openjdk-amd64/lib/libjimage.so
7f9a35100000-7f9a35101000 ---p 00006000 08:20 134806                     /usr/lib/jvm/java-11-openjdk-amd64/lib/libjimage.so
7f9a35101000-7f9a35102000 r--p 00006000 08:20 134806                     /usr/lib/jvm/java-11-openjdk-amd64/lib/libjimage.so
7f9a35102000-7f9a35103000 rw-p 00007000 08:20 134806                     /usr/lib/jvm/java-11-openjdk-amd64/lib/libjimage.so
7f9a35103000-7f9a35111000 r--p 00000000 08:20 134803                     /usr/lib/jvm/java-11-openjdk-amd64/lib/libjava.so
7f9a35111000-7f9a35127000 r-xp 0000e000 08:20 134803                     /usr/lib/jvm/java-11-openjdk-amd64/lib/libjava.so
7f9a35127000-7f9a3512e000 r--p 00024000 08:20 134803                     /usr/lib/jvm/java-11-openjdk-amd64/lib/libjava.so
7f9a3512e000-7f9a3512f000 r--p 0002a000 08:20 134803                     /usr/lib/jvm/java-11-openjdk-amd64/lib/libjava.so
7f9a3512f000-7f9a35130000 rw-p 0002b000 08:20 134803                     /usr/lib/jvm/java-11-openjdk-amd64/lib/libjava.so
7f9a35130000-7f9a35131000 rw-p 00000000 00:00 0 
7f9a35131000-7f9a35132000 r--p 00000000 08:20 105137                     /usr/lib/x86_64-linux-gnu/librt.so.1
7f9a35132000-7f9a35133000 r-xp 00001000 08:20 105137                     /usr/lib/x86_64-linux-gnu/librt.so.1
7f9a35133000-7f9a35134000 r--p 00002000 08:20 105137                     /usr/lib/x86_64-linux-gnu/librt.so.1
7f9a35134000-7f9a35135000 r--p 00002000 08:20 105137                     /usr/lib/x86_64-linux-gnu/librt.so.1
7f9a35135000-7f9a35136000 rw-p 00003000 08:20 105137                     /usr/lib/x86_64-linux-gnu/librt.so.1
7f9a35136000-7f9a3513a000 ---p 00000000 00:00 0 
7f9a3513a000-7f9a35236000 rw-p 00000000 00:00 0 
7f9a35236000-7f9a35239000 r--p 00000000 08:20 6709                       /usr/lib/x86_64-linux-gnu/libgcc_s.so.1
7f9a35239000-7f9a35250000 r-xp 00003000 08:20 6709                       /usr/lib/x86_64-linux-gnu/libgcc_s.so.1
7f9a35250000-7f9a35254000 r--p 0001a000 08:20 6709                       /usr/lib/x86_64-linux-gnu/libgcc_s.so.1
7f9a35254000-7f9a35255000 r--p 0001d000 08:20 6709                       /usr/lib/x86_64-linux-gnu/libgcc_s.so.1
7f9a35255000-7f9a35256000 rw-p 0001e000 08:20 6709                       /usr/lib/x86_64-linux-gnu/libgcc_s.so.1
7f9a35256000-7f9a35264000 r--p 00000000 08:20 104109                     /usr/lib/x86_64-linux-gnu/libm.so.6
7f9a35264000-7f9a352e0000 r-xp 0000e000 08:20 104109                     /usr/lib/x86_64-linux-gnu/libm.so.6
7f9a352e0000-7f9a3533b000 r--p 0008a000 08:20 104109                     /usr/lib/x86_64-linux-gnu/libm.so.6
7f9a3533b000-7f9a3533c000 r--p 000e4000 08:20 104109                     /usr/lib/x86_64-linux-gnu/libm.so.6
7f9a3533c000-7f9a3533d000 rw-p 000e5000 08:20 104109                     /usr/lib/x86_64-linux-gnu/libm.so.6
7f9a3533d000-7f9a353d7000 r--p 00000000 08:20 6947                       /usr/lib/x86_64-linux-gnu/libstdc++.so.6.0.30
7f9a353d7000-7f9a354e8000 r-xp 0009a000 08:20 6947                       /usr/lib/x86_64-linux-gnu/libstdc++.so.6.0.30
7f9a354e8000-7f9a35557000 r--p 001ab000 08:20 6947                       /usr/lib/x86_64-linux-gnu/libstdc++.so.6.0.30
7f9a35557000-7f9a35558000 ---p 0021a000 08:20 6947                       /usr/lib/x86_64-linux-gnu/libstdc++.so.6.0.30
7f9a35558000-7f9a35563000 r--p 0021a000 08:20 6947                       /usr/lib/x86_64-linux-gnu/libstdc++.so.6.0.30
7f9a35563000-7f9a35566000 rw-p 00225000 08:20 6947                       /usr/lib/x86_64-linux-gnu/libstdc++.so.6.0.30
7f9a35566000-7f9a35569000 rw-p 00000000 00:00 0 
7f9a35569000-7f9a357ec000 r--p 00000000 08:20 134827                     /usr/lib/jvm/java-11-openjdk-amd64/lib/server/libjvm.so
7f9a357ec000-7f9a36497000 r-xp 00283000 08:20 134827                     /usr/lib/jvm/java-11-openjdk-amd64/lib/server/libjvm.so
7f9a36497000-7f9a366f3000 r--p 00f2e000 08:20 134827                     /usr/lib/jvm/java-11-openjdk-amd64/lib/server/libjvm.so
7f9a366f3000-7f9a367b7000 r--p 01189000 08:20 134827                     /usr/lib/jvm/java-11-openjdk-amd64/lib/server/libjvm.so
7f9a367b7000-7f9a367f2000 rw-p 0124d000 08:20 134827                     /usr/lib/jvm/java-11-openjdk-amd64/lib/server/libjvm.so
7f9a367f2000-7f9a3684c000 rw-p 00000000 00:00 0 
7f9a3684c000-7f9a36874000 r--p 00000000 08:20 104085                     /usr/lib/x86_64-linux-gnu/libc.so.6
7f9a36874000-7f9a36a09000 r-xp 00028000 08:20 104085                     /usr/lib/x86_64-linux-gnu/libc.so.6
7f9a36a09000-7f9a36a61000 r--p 001bd000 08:20 104085                     /usr/lib/x86_64-linux-gnu/libc.so.6
7f9a36a61000-7f9a36a62000 ---p 00215000 08:20 104085                     /usr/lib/x86_64-linux-gnu/libc.so.6
7f9a36a62000-7f9a36a66000 r--p 00215000 08:20 104085                     /usr/lib/x86_64-linux-gnu/libc.so.6
7f9a36a66000-7f9a36a68000 rw-p 00219000 08:20 104085                     /usr/lib/x86_64-linux-gnu/libc.so.6
7f9a36a68000-7f9a36a75000 rw-p 00000000 00:00 0 
7f9a36a75000-7f9a36a78000 r--p 00000000 08:20 134788                     /usr/lib/jvm/java-11-openjdk-amd64/lib/jli/libjli.so
7f9a36a78000-7f9a36a82000 r-xp 00003000 08:20 134788                     /usr/lib/jvm/java-11-openjdk-amd64/lib/jli/libjli.so
7f9a36a82000-7f9a36a85000 r--p 0000d000 08:20 134788                     /usr/lib/jvm/java-11-openjdk-amd64/lib/jli/libjli.so
7f9a36a85000-7f9a36a86000 ---p 00010000 08:20 134788                     /usr/lib/jvm/java-11-openjdk-amd64/lib/jli/libjli.so
7f9a36a86000-7f9a36a87000 r--p 00010000 08:20 134788                     /usr/lib/jvm/java-11-openjdk-amd64/lib/jli/libjli.so
7f9a36a87000-7f9a36a88000 rw-p 00011000 08:20 134788                     /usr/lib/jvm/java-11-openjdk-amd64/lib/jli/libjli.so
7f9a36a88000-7f9a36a8a000 r--p 00000000 08:20 6997                       /usr/lib/x86_64-linux-gnu/libz.so.1.2.11
7f9a36a8a000-7f9a36a9b000 r-xp 00002000 08:20 6997                       /usr/lib/x86_64-linux-gnu/libz.so.1.2.11
7f9a36a9b000-7f9a36aa1000 r--p 00013000 08:20 6997                       /usr/lib/x86_64-linux-gnu/libz.so.1.2.11
7f9a36aa1000-7f9a36aa2000 ---p 00019000 08:20 6997                       /usr/lib/x86_64-linux-gnu/libz.so.1.2.11
7f9a36aa2000-7f9a36aa3000 r--p 00019000 08:20 6997                       /usr/lib/x86_64-linux-gnu/libz.so.1.2.11
7f9a36aa3000-7f9a36aa4000 rw-p 0001a000 08:20 6997                       /usr/lib/x86_64-linux-gnu/libz.so.1.2.11
7f9a36aa4000-7f9a36aa5000 ---p 00000000 00:00 0 
7f9a36aa5000-7f9a36aa6000 r--p 00000000 00:00 0 
7f9a36aa6000-7f9a36aab000 r--p 00000000 08:20 134822                     /usr/lib/jvm/java-11-openjdk-amd64/lib/libverify.so
7f9a36aab000-7f9a36ab2000 r-xp 00005000 08:20 134822                     /usr/lib/jvm/java-11-openjdk-amd64/lib/libverify.so
7f9a36ab2000-7f9a36ab4000 r--p 0000c000 08:20 134822                     /usr/lib/jvm/java-11-openjdk-amd64/lib/libverify.so
7f9a36ab4000-7f9a36ab6000 r--p 0000d000 08:20 134822                     /usr/lib/jvm/java-11-openjdk-amd64/lib/libverify.so
7f9a36ab6000-7f9a36ab7000 rw-p 0000f000 08:20 134822                     /usr/lib/jvm/java-11-openjdk-amd64/lib/libverify.so
7f9a36ab7000-7f9a36ab9000 rw-p 00000000 00:00 0 
7f9a36ab9000-7f9a36abb000 r--p 00000000 08:20 104061                     /usr/lib/x86_64-linux-gnu/ld-linux-x86-64.so.2
7f9a36abb000-7f9a36ae5000 r-xp 00002000 08:20 104061                     /usr/lib/x86_64-linux-gnu/ld-linux-x86-64.so.2
7f9a36ae5000-7f9a36af0000 r--p 0002c000 08:20 104061                     /usr/lib/x86_64-linux-gnu/ld-linux-x86-64.so.2
7f9a36af1000-7f9a36af3000 r--p 00037000 08:20 104061                     /usr/lib/x86_64-linux-gnu/ld-linux-x86-64.so.2
7f9a36af3000-7f9a36af5000 rw-p 00039000 08:20 104061                     /usr/lib/x86_64-linux-gnu/ld-linux-x86-64.so.2
7ffe09677000-7ffe09699000 rw-p 00000000 00:00 0                          [stack]
7ffe097f4000-7ffe097f8000 r--p 00000000 00:00 0                          [vvar]
7ffe097f8000-7ffe097fa000 r-xp 00000000 00:00 0                          [vdso]


VM Arguments:
java_command: Main tests/lab6_test/constproptest2.sysy tests/lab6_test/constproptest2.ll
java_class_path (initial): ./classes:/usr/local/lib/antlr-4.9.1-complete.jar:/usr/local/lib/llvm-13.0.1-1.5.7.jar:/usr/local/lib/llvm-13.0.1-1.5.7-linux-x86_64.jar:/usr/local/lib/llvm-platform-13.0.1-1.5.7.jar:/usr/local/lib/javacpp-1.5.7-linux-x86_64.jar:/usr/local/lib/javacpp-1.5.7.jar
Launcher Type: SUN_STANDARD

[Global flags]
     intx CICompilerCount                          = 12                                        {product} {ergonomic}
     uint ConcGCThreads                            = 4                                         {product} {ergonomic}
     uint G1ConcRefinementThreads                  = 15                                        {product} {ergonomic}
   size_t G1HeapRegionSize                         = 1048576                                   {product} {ergonomic}
    uintx GCDrainStackTargetSize                   = 64                                        {product} {ergonomic}
   size_t InitialHeapSize                          = 260046848                                 {product} {ergonomic}
   size_t MarkStackSize                            = 4194304                                   {product} {ergonomic}
   size_t MaxHeapSize                              = 4150263808                                {product} {ergonomic}
   size_t MaxNewSize                               = 2489319424                                {product} {ergonomic}
   size_t MinHeapDeltaBytes                        = 1048576                                   {product} {ergonomic}
    uintx NonNMethodCodeHeapSize                   = 7594288                                {pd product} {ergonomic}
    uintx NonProfiledCodeHeapSize                  = 122031976                              {pd product} {ergonomic}
    uintx ProfiledCodeHeapSize                     = 122031976                              {pd product} {ergonomic}
    uintx ReservedCodeCacheSize                    = 251658240                              {pd product} {ergonomic}
     bool SegmentedCodeCache                       = true                                      {product} {ergonomic}
     bool UseCompressedClassPointers               = true                                 {lp64_product} {ergonomic}
     bool UseCompressedOops                        = true                                 {lp64_product} {ergonomic}
     bool UseG1GC                                  = true                                      {product} {ergonomic}

Logging:
Log output configuration:
 #0: stdout all=warning uptime,level,tags
 #1: stderr all=off uptime,level,tags

Environment Variables:
CLASSPATH=/usr/local/lib/antlr-4.9.1-complete.jar:/usr/local/lib/llvm-13.0.1-1.5.7.jar:/usr/local/lib/llvm-13.0.1-1.5.7-linux-x86_64.jar:/usr/local/lib/llvm-platform-13.0.1-1.5.7.jar:/usr/local/lib/javacpp-1.5.7-linux-x86_64.jar:/usr/local/lib/javacpp-1.5.7.jar
PATH=/home/crz/.local/bin:/home/crz/.cargo/bin:/home/crz/.local/bin:~/my_script:/usr/local/sbin:/usr/local/bin:/usr/sbin:/usr/bin:/sbin:/bin:/usr/games:/usr/local/games:/usr/lib/wsl/lib:/mnt/c/Program Files/Java/jdk-21/bin:/mnt/c/Program Files/Common Files/Oracle/Java/javapath:/mnt/e/vmware/bin/:/mnt/c/Program Files (x86)/Common Files/Oracle/Java/java8path:/mnt/c/Program Files (x86)/Common Files/Oracle/Java/javapath:/mnt/c/Windows/system32:/mnt/c/Windows:/mnt/c/Windows/System32/Wbem:/mnt/c/Windows/System32/WindowsPowerShell/v1.0/:/mnt/c/Windows/System32/OpenSSH/:/mnt/c/Users/crz/Downloads/winlibs-x86_64-posix-seh-gcc-12.3.0-llvm-16.0.4-mingw-w64ucrt-11.0.0-r1.zip/mingw64/bin:/mnt/d/mingw64/bin:/mnt/d/Git/cmd:/mnt/c/Program Files/dotnet/:/mnt/e/SDL-CPLproj/SDL2/mingw(CLion+VSC)/SDL2-2.26.0-allinone/x86_64-w64-mingw32/bin:/mnt/c/Program Files/Cloudflare/Cloudflare WARP/:/mnt/c/Users/crz/AppData/Local/Programs/Python/Python311/Lib/site-packages/pyecharts:/mnt/c/Program Files/MATLAB/R2023a/runtime/win64:/mnt/c/Program Files/MATLAB/R2023a/bin:/mnt/c/Program Files/gs/gs10.03.1/bin:/mnt/e/:/mnt/e/bitvise-ssh:/mnt/d/:/mnt/c/ProgramData/chocolatey/bin:/mnt/c/Program Files/MySQL/MySQL Server 8.0/bin:/mnt/c/Program Files/MySQL/MySQL Shell 8.0/bin/:/mnt/e/anaconda3:/mnt/e/anaconda3/Library/mingw-w64/bin:/mnt/e/anaconda3/Library/usr/bin:/mnt/e/anaconda3/Library/bin:/mnt/e/anaconda3/Scripts:/mnt/c/Users/crz/AppData/Local/Microsoft/WindowsApps:/mnt/c/Users/crz/Downloads/winlibs-x86_64-posix-seh-gcc-12.3.0-llvm-16.0.4-mingw-w64ucrt-11.0.0-r1.zip/mingw64/bin:/mnt/d/mingw64/bin:/mnt/e/Microsoft VS Code/bin:/mnt/e/CLion 2022.3/bin:/mnt/c/Users/crz/AppData/Local/JetBrains/Toolbox/scripts:/mnt/d/PyCharm 2023.3.4/bin:/mnt/d/IntelliJ IDEA 2023.3.4/bin:/mnt/c/Users/crz/anaconda3/Lib/site-packages:/mnt/d/texlive/2024/bin/windows:/mnt/c/Users/crz/AppData/Roaming/npm:/mnt/d/:/mnt/d/WebStorm 2024.3.2.1/bin:/snap/bin:/mnt/c/Users/crz/AppData/Local/Programs/Microsoft VS Code/bin:/mnt/e/Microsoft\ V
SHELL=/bin/bash
DISPLAY=:0.0
HOSTTYPE=x86_64
LANG=en_US.UTF-8
LC_ALL=en_US.UTF-8
TERM=xterm-256color

Signal Handlers:
SIGSEGV: [libjvm.so+0xebbd40], sa_mask[0]=11111111011111111101111111111110, sa_flags=SA_RESTART|SA_SIGINFO
SIGBUS: [libjvm.so+0xebbd40], sa_mask[0]=11111111011111111101111111111110, sa_flags=SA_RESTART|SA_SIGINFO
SIGFPE: [libjvm.so+0xebbd40], sa_mask[0]=11111111011111111101111111111110, sa_flags=SA_RESTART|SA_SIGINFO
SIGPIPE: [libjvm.so+0xbfe040], sa_mask[0]=11111111011111111101111111111110, sa_flags=SA_RESTART|SA_SIGINFO
SIGXFSZ: [libjvm.so+0xbfe040], sa_mask[0]=11111111011111111101111111111110, sa_flags=SA_RESTART|SA_SIGINFO
SIGILL: [libjvm.so+0xebbd40], sa_mask[0]=11111111011111111101111111111110, sa_flags=SA_RESTART|SA_SIGINFO
SIGUSR2: [libjvm.so+0xbfdee0], sa_mask[0]=00000000000000000000000000000000, sa_flags=SA_RESTART|SA_SIGINFO
SIGHUP: [libjvm.so+0xbfe6a0], sa_mask[0]=11111111011111111101111111111110, sa_flags=SA_RESTART|SA_SIGINFO
SIGINT: [libjvm.so+0xbfe6a0], sa_mask[0]=11111111011111111101111111111110, sa_flags=SA_RESTART|SA_SIGINFO
SIGTERM: [libjvm.so+0xbfe6a0], sa_mask[0]=11111111011111111101111111111110, sa_flags=SA_RESTART|SA_SIGINFO
SIGQUIT: [libjvm.so+0xbfe6a0], sa_mask[0]=11111111011111111101111111111110, sa_flags=SA_RESTART|SA_SIGINFO


---------------  S Y S T E M  ---------------

OS:DISTRIB_ID=Ubuntu
DISTRIB_RELEASE=22.04
DISTRIB_CODENAME=jammy
DISTRIB_DESCRIPTION="Ubuntu 22.04.5 LTS"
uname:Linux 5.15.167.4-microsoft-standard-WSL2 #1 SMP Tue Nov 5 00:21:55 UTC 2024 x86_64
OS uptime: 0 days 4:08 hours
libc:glibc 2.35 NPTL 2.35 
rlimit (soft/hard): STACK 8192k/infinity , CORE 0k/infinity , NPROC 63270/63270 , NOFILE 1048576/1048576 , AS infinity/infinity , CPU infinity/infinity , DATA infinity/infinity , FSIZE infinity/infinity , MEMLOCK 65536k/65536k
load average:2.49 1.70 1.26

/proc/meminfo:
MemTotal:       16204140 kB
MemFree:        12063304 kB
MemAvailable:   13256696 kB
Buffers:           19140 kB
Cached:          1430676 kB
SwapCached:            0 kB
Active:           480908 kB
Inactive:        3202760 kB
Active(anon):       2476 kB
Inactive(anon):  2273352 kB
Active(file):     478432 kB
Inactive(file):   929408 kB
Unevictable:           0 kB
Mlocked:               0 kB
SwapTotal:       4194304 kB
SwapFree:        4194304 kB
Dirty:                12 kB
Writeback:             0 kB
AnonPages:       2138208 kB
Mapped:           909168 kB
Shmem:             41976 kB
KReclaimable:      66584 kB
Slab:             156072 kB
SReclaimable:      66584 kB
SUnreclaim:        89488 kB
KernelStack:       10184 kB
PageTables:        16056 kB
NFS_Unstable:          0 kB
Bounce:                0 kB
WritebackTmp:          0 kB
CommitLimit:    12296372 kB
Committed_AS:    4530328 kB
VmallocTotal:   34359738367 kB
VmallocUsed:       33504 kB
VmallocChunk:          0 kB
Percpu:            14976 kB
AnonHugePages:   1515520 kB
ShmemHugePages:        0 kB
ShmemPmdMapped:        0 kB
FileHugePages:         0 kB
FilePmdMapped:         0 kB
HugePages_Total:       0
HugePages_Free:        0
HugePages_Rsvd:        0
HugePages_Surp:        0
Hugepagesize:       2048 kB
Hugetlb:               0 kB
DirectMap4k:      130048 kB
DirectMap2M:     8081408 kB
DirectMap1G:    16777216 kB

/sys/kernel/mm/transparent_hugepage/enabled:
[always] madvise never
/sys/kernel/mm/transparent_hugepage/defrag (defrag/compaction efforts parameter):
always defer defer+madvise [madvise] never

Process Memory:
Virtual Size: 7266068K (peak: 15578236K)
Resident Set Size: 103500K (peak: 103500K) (anon: 45996K, file: 57504K, shmem: 0K)
Swapped out: 0K
C-Heap outstanding allocations: 43397K, retained: 3170K
glibc malloc tunables: (default)

/proc/sys/kernel/threads-max (system-wide limit on the number of threads):
126540
/proc/sys/vm/max_map_count (maximum number of memory map areas a process may have):
65530
/proc/sys/kernel/pid_max (system-wide limit on number of process identifiers):
4194304

container (cgroup) information:
container_type: cgroupv1
cpu_cpuset_cpus: 0-19
cpu_memory_nodes: 0
active_processor_count: 20
cpu_quota: no quota
cpu_period: 100000
cpu_shares: no shares
memory_limit_in_bytes: unlimited
memory_and_swap_limit_in_bytes: unlimited
memory_soft_limit_in_bytes: unlimited
memory_usage_in_bytes: 3588404 k
memory_max_usage_in_bytes: 3536884 k
kernel_memory_limit_in_bytes: unlimited
kernel_memory_usage_in_bytes: 60336 k
kernel_memory_max_usage_in_bytes: 82692 k
maximum number of tasks: not supported
current number of tasks: not supported

Hyper-V virtualization detected
Steal ticks since vm start: 0
Steal ticks percentage since vm start:  0.000

CPU:total 20 (initial active 20) (16 cores per cpu, 2 threads per core) family 6 model 186 stepping 2 microcode 0xffffffff, cmov, cx8, fxsr, mmx, sse, sse2, sse3, ssse3, sse4.1, sse4.2, popcnt, avx, avx2, aes, clmul, erms, 3dnowpref, lzcnt, ht, tsc, tscinvbit, bmi1, bmi2, adx, sha, fma
CPU Model and flags from /proc/cpuinfo:
model name	: 13th Gen Intel(R) Core(TM) i9-13900H
flags		: fpu vme de pse tsc msr pae mce cx8 apic sep mtrr pge mca cmov pat pse36 clflush mmx fxsr sse sse2 ss ht syscall nx pdpe1gb rdtscp lm constant_tsc rep_good nopl xtopology tsc_reliable nonstop_tsc cpuid pni pclmulqdq vmx ssse3 fma cx16 pcid sse4_1 sse4_2 x2apic movbe popcnt tsc_deadline_timer aes xsave avx f16c rdrand hypervisor lahf_lm abm 3dnowprefetch invpcid_single ssbd ibrs ibpb stibp ibrs_enhanced tpr_shadow vnmi ept vpid ept_ad fsgsbase tsc_adjust bmi1 avx2 smep bmi2 erms invpcid rdseed adx smap clflushopt clwb sha_ni xsaveopt xsavec xgetbv1 xsaves avx_vnni umip waitpkg gfni vaes vpclmulqdq rdpid movdiri movdir64b fsrm md_clear serialize flush_l1d arch_capabilities
Online cpus:
0-19
Offline cpus:

BIOS frequency limitation:
<Not Available>
Frequency switch latency (ns):
<Not Available>
Available cpu frequencies:
<Not Available>
Current governor:
<Not Available>
Core performance/turbo boost:
<Not Available>

Memory: 4k page, physical 16204140k(12063304k free), swap 4194304k(4194304k free)

vm_info: OpenJDK 64-Bit Server VM (11.0.27+6-post-Ubuntu-0ubuntu122.04) for linux-amd64 JRE (11.0.27+6-post-Ubuntu-0ubuntu122.04), built on Apr 21 2025 05:59:45 by "unknown" with gcc 11.4.0

END.
