#
# A fatal error has been detected by the Java Runtime Environment:
#
#  SIGSEGV (0xb) at pc=0x00007f59de02ca66, pid=20523, tid=20524
#
# JRE version: OpenJDK Runtime Environment (11.0.27+6) (build 11.0.27+6-post-Ubuntu-0ubuntu122.04)
# Java VM: OpenJDK 64-Bit Server VM (11.0.27+6-post-Ubuntu-0ubuntu122.04, mixed mode, sharing, tiered, compressed oops, g1 gc, linux-amd64)
# Problematic frame:
# C  [libLLVM-13.so+0xc2ca66]  LLVMBuildStore+0x26
#
# Core dump will be written. Default location: Core dumps may be processed with "/wsl-capture-crash %t %E %p %s" (or dumping to /home/crz/compilers/Lab/core.20523)
#
# If you would like to submit a bug report, please visit:
#   https://bugs.launchpad.net/ubuntu/+source/openjdk-lts
# The crash happened outside the Java Virtual Machine in native code.
# See problematic frame for where to report the bug.
#

---------------  S U M M A R Y ------------

Command Line: Main tests/develop_test/1.sysy tests/develop_test/.ll

Host: 13th Gen Intel(R) Core(TM) i9-13900H, 20 cores, 15G, Ubuntu 22.04.5 LTS
Time: Thu Jul  3 15:58:34 2025 CST elapsed time: 0.168728 seconds (0d 0h 0m 0s)

---------------  T H R E A D  ---------------

Current thread (0x00007f5a50015000):  JavaThread "main" [_thread_in_native, id=20524, stack(0x00007f5a58b00000,0x00007f5a58c00000)]

Stack: [0x00007f5a58b00000,0x00007f5a58c00000],  sp=0x00007f5a58bfdbc0,  free space=1014k
Native frames: (J=compiled Java code, A=aot compiled Java code, j=interpreted, Vv=VM code, C=native code)
C  [libLLVM-13.so+0xc2ca66]  LLVMBuildStore+0x26

Java frames: (J=compiled Java code, j=interpreted, Vv=VM code)
j  org.bytedeco.llvm.global.LLVM.LLVMBuildStore(Lorg/bytedeco/llvm/LLVM/LLVMBuilderRef;Lorg/bytedeco/llvm/LLVM/LLVMValueRef;Lorg/bytedeco/llvm/LLVM/LLVMValueRef;)Lorg/bytedeco/llvm/LLVM/LLVMValueRef;+0
j  IRGenerationVisitor.fillArrayInLocal(Lorg/bytedeco/llvm/LLVM/LLVMValueRef;Lsemantic_check/ArrayType;LSysYParser$ConstInitValContext;Ljava/util/List;)V+258
j  IRGenerationVisitor.fillArrayInLocal(Lorg/bytedeco/llvm/LLVM/LLVMValueRef;Lsemantic_check/ArrayType;LSysYParser$ConstInitValContext;Ljava/util/List;)V+396
j  IRGenerationVisitor.getConstDef(LSysYParser$ConstDefContext;)Lsemantic_check/Symbol;+313
j  IRGenerationVisitor.visitConstDecl(LSysYParser$ConstDeclContext;)Lorg/bytedeco/llvm/LLVM/LLVMValueRef;+31
j  IRGenerationVisitor.visitConstDecl(LSysYParser$ConstDeclContext;)Ljava/lang/Object;+2
j  SysYParser$ConstDeclContext.accept(Lorg/antlr/v4/runtime/tree/ParseTreeVisitor;)Ljava/lang/Object;+12
j  IRGenerationVisitor.visit(Lorg/antlr/v4/runtime/tree/ParseTree;)Lorg/bytedeco/llvm/LLVM/LLVMValueRef;+8
j  IRGenerationVisitor.visitDecl(LSysYParser$DeclContext;)Lorg/bytedeco/llvm/LLVM/LLVMValueRef;+24
j  IRGenerationVisitor.visitDecl(LSysYParser$DeclContext;)Ljava/lang/Object;+2
j  SysYParser$DeclContext.accept(Lorg/antlr/v4/runtime/tree/ParseTreeVisitor;)Ljava/lang/Object;+12
j  IRGenerationVisitor.visit(Lorg/antlr/v4/runtime/tree/ParseTree;)Lorg/bytedeco/llvm/LLVM/LLVMValueRef;+8
j  IRGenerationVisitor.visitBlockItem(LSysYParser$BlockItemContext;)Lorg/bytedeco/llvm/LLVM/LLVMValueRef;+12
j  IRGenerationVisitor.visitBlockItem(LSysYParser$BlockItemContext;)Ljava/lang/Object;+2
j  SysYParser$BlockItemContext.accept(Lorg/antlr/v4/runtime/tree/ParseTreeVisitor;)Ljava/lang/Object;+12
j  IRGenerationVisitor.visit(Lorg/antlr/v4/runtime/tree/ParseTree;)Lorg/bytedeco/llvm/LLVM/LLVMValueRef;+8
j  IRGenerationVisitor.visit_block(LSysYParser$BlockContext;Ljava/util/List;)Ljava/lang/Void;+177
j  IRGenerationVisitor.visitFuncDef(LSysYParser$FuncDefContext;)Lorg/bytedeco/llvm/LLVM/LLVMValueRef;+357
j  IRGenerationVisitor.visitCompUnit(LSysYParser$CompUnitContext;)Lorg/bytedeco/llvm/LLVM/LLVMValueRef;+60
j  IRGenerationVisitor.visitCompUnit(LSysYParser$CompUnitContext;)Ljava/lang/Object;+2
j  SysYParser$CompUnitContext.accept(Lorg/antlr/v4/runtime/tree/ParseTreeVisitor;)Ljava/lang/Object;+12
j  IRGenerationVisitor.visit(Lorg/antlr/v4/runtime/tree/ParseTree;)Lorg/bytedeco/llvm/LLVM/LLVMValueRef;+8
j  IRGenerationVisitor.visitProgram(LSysYParser$ProgramContext;)Lorg/bytedeco/llvm/LLVM/LLVMValueRef;+5
j  IRGenerationVisitor.visitProgram(LSysYParser$ProgramContext;)Ljava/lang/Object;+2
j  SysYParser$ProgramContext.accept(Lorg/antlr/v4/runtime/tree/ParseTreeVisitor;)Ljava/lang/Object;+12
j  IRGenerationVisitor.visit(Lorg/antlr/v4/runtime/tree/ParseTree;)Lorg/bytedeco/llvm/LLVM/LLVMValueRef;+8
j  Main.main([Ljava/lang/String;)V+202
v  ~StubRoutines::call_stub

siginfo: si_signo: 11 (SIGSEGV), si_code: 1 (SEGV_MAPERR), si_addr: 0x0000000000000000

Register to memory mapping:

RAX=0x00007f5a504810f0 points into unknown readable memory: 0x000000000a000100 | 00 01 00 0a 00 00 00 00
RBX=0x0 is NULL
RCX=0x0 is NULL
RDX=0x00007f5a504702c0 points into unknown readable memory: 0x00007f5a50487a60 | 60 7a 48 50 5a 7f 00 00
RSP=0x00007f5a58bfdbc0 is pointing into the stack for thread: 0x00007f5a50015000
RBP=0x00007f5a5045f5a0 points into unknown readable memory: 0x00007f5a5045f5b0 | b0 f5 45 50 5a 7f 00 00
RSI=0x0 is NULL
RDI=0x00007f5a50481020 points into unknown readable memory: 0x00007f5a50470820 | 20 08 47 50 5a 7f 00 00
R8 =0x00007f5a58bfdcf0 is pointing into the stack for thread: 0x00007f5a50015000
R9 =0x00000007179799c0 is an oop: org.bytedeco.llvm.LLVM.LLVMValueRef 
{0x00000007179799c0} - klass: 'org/bytedeco/llvm/LLVM/LLVMValueRef'
 - ---- fields (total size 6 words):
 - private 'deallocator' 'Lorg/bytedeco/javacpp/Pointer$Deallocator;' @12  NULL (0)
 - protected 'address' 'J' @16  140025870615232 (504702c0 7f5a)
 - protected 'position' 'J' @24  0 (0 0)
 - protected 'limit' 'J' @32  0 (0 0)
 - protected 'capacity' 'J' @40  0 (0 0)
R10=0x00007f59dd447f80: <offset 0x0000000000047f80> in /home/crz/.javacpp/cache/llvm-13.0.1-1.5.7-linux-x86_64.jar/org/bytedeco/llvm/linux-x86_64/libLLVM-13.so at 0x00007f59dd400000
R11=0x00007f59de02ca40: LLVMBuildStore+0x0000000000000000 in /home/crz/.javacpp/cache/llvm-13.0.1-1.5.7-linux-x86_64.jar/org/bytedeco/llvm/linux-x86_64/libLLVM-13.so at 0x00007f59dd400000
R12=0x00007f5a5045f5a0 points into unknown readable memory: 0x00007f5a5045f5b0 | b0 f5 45 50 5a 7f 00 00
R13=0x0 is NULL
R14=0x00007f5a504702c0 points into unknown readable memory: 0x00007f5a50487a60 | 60 7a 48 50 5a 7f 00 00
R15=0x00007f5a504702c0 points into unknown readable memory: 0x00007f5a50487a60 | 60 7a 48 50 5a 7f 00 00


Registers:
RAX=0x00007f5a504810f0, RBX=0x0000000000000000, RCX=0x0000000000000000, RDX=0x00007f5a504702c0
RSP=0x00007f5a58bfdbc0, RBP=0x00007f5a5045f5a0, RSI=0x0000000000000000, RDI=0x00007f5a50481020
R8 =0x00007f5a58bfdcf0, R9 =0x00000007179799c0, R10=0x00007f59dd447f80, R11=0x00007f59de02ca40
R12=0x00007f5a5045f5a0, R13=0x0000000000000000, R14=0x00007f5a504702c0, R15=0x00007f5a504702c0
RIP=0x00007f59de02ca66, EFLAGS=0x0000000000010206, CSGSFS=0x002b000000000033, ERR=0x0000000000000004
  TRAPNO=0x000000000000000e

Top of Stack: (sp=0x00007f5a58bfdbc0)
0x00007f5a58bfdbc0:   00007f5a58a964f0 3ff0000000000000
0x00007f5a58bfdbd0:   00007f5a50015000 00007f5a50015ce0
0x00007f5a58bfdbe0:   00007f5a50015000 00007f5a58bfdc20
0x00007f5a58bfdbf0:   0000000000000000 00007f5a50015350 

Instructions: (pc=0x00007f59de02ca66)
0x00007f59de02c966:   55 49 89 f5 be 01 01 00 00 41 54 55 48 89 fd 53
0x00007f59de02c976:   48 83 ec 60 80 39 00 66 89 74 24 20 74 09 48 89
0x00007f59de02c986:   0c 24 c6 44 24 20 03 48 8b 7d 30 e8 ea 14 fc ff
0x00007f59de02c996:   48 89 c7 e8 62 46 0e 00 4c 89 ee 48 89 c7 e8 c7
0x00007f59de02c9a6:   45 01 00 be 01 00 00 00 bf 40 00 00 00 89 c3 b8
0x00007f59de02c9b6:   01 01 00 00 66 89 44 24 50 e8 bc 09 13 00 48 8d
0x00007f59de02c9c6:   4c 24 30 41 89 d9 45 31 c0 48 83 ec 08 48 89 c7
0x00007f59de02c9d6:   4c 89 f2 4c 89 ee 6a 00 49 89 c4 e8 3a 5c 09 00
0x00007f59de02c9e6:   48 8b 7d 50 48 8b 4d 30 4c 89 e6 48 8d 54 24 10
0x00007f59de02c9f6:   4c 8b 45 38 48 8b 07 ff 50 10 48 8b 5d 00 8b 6d
0x00007f59de02ca06:   08 5a 59 48 c1 e5 04 48 01 dd 48 39 eb 74 1a 0f
0x00007f59de02ca16:   1f 00 48 8b 53 08 8b 33 4c 89 e7 48 83 c3 10 e8
0x00007f59de02ca26:   16 14 0e 00 48 39 dd 75 e9 48 83 c4 60 4c 89 e0
0x00007f59de02ca36:   5b 5d 41 5c 41 5d 41 5e c3 90 41 56 49 89 d6 41
0x00007f59de02ca46:   55 49 89 f5 41 54 55 48 89 fd 53 48 83 ec 30 48
0x00007f59de02ca56:   8b 7f 30 e8 22 14 fc ff 48 89 c7 e8 9a 45 0e 00
0x00007f59de02ca66:   49 8b 75 00 48 89 c7 e8 fe 44 01 00 be 02 00 00
0x00007f59de02ca76:   00 bf 40 00 00 00 89 c3 b8 01 01 00 00 66 89 44
0x00007f59de02ca86:   24 20 e8 f3 08 13 00 41 89 d8 45 31 c9 31 c9 48
0x00007f59de02ca96:   89 c7 4c 89 f2 4c 89 ee 49 89 c4 e8 6a 62 09 00
0x00007f59de02caa6:   48 8b 7d 50 48 8b 4d 30 48 89 e2 4c 8b 45 38 4c
0x00007f59de02cab6:   89 e6 48 8b 07 ff 50 10 48 8b 5d 00 8b 6d 08 48
0x00007f59de02cac6:   c1 e5 04 48 01 dd 48 39 eb 74 1e 0f 1f 80 00 00
0x00007f59de02cad6:   00 00 48 8b 53 08 8b 33 4c 89 e7 48 83 c3 10 e8
0x00007f59de02cae6:   56 13 0e 00 48 39 dd 75 e9 48 83 c4 30 4c 89 e0
0x00007f59de02caf6:   5b 5d 41 5c 41 5d 41 5e c3 90 41 56 b8 01 01 00
0x00007f59de02cb06:   00 41 55 41 89 f5 41 54 55 48 89 fd 53 48 83 ec
0x00007f59de02cb16:   30 80 39 00 66 89 44 24 20 74 09 48 89 0c 24 c6
0x00007f59de02cb26:   44 24 20 03 45 31 f6 85 d2 bf 40 00 00 00 41 0f
0x00007f59de02cb36:   94 c6 31 f6 e8 41 08 13 00 48 8b 75 40 45 31 c0
0x00007f59de02cb46:   44 89 f1 48 89 c7 44 89 ea 49 89 c4 e8 39 6f 09
0x00007f59de02cb56:   00 48 8b 7d 50 48 8b 4d 30 48 89 e2 4c 8b 45 38 


Stack slot to memory mapping:
stack at sp + 0 slots: 0x00007f5a58a964f0: <offset 0x00000000012964f0> in /usr/lib/jvm/java-11-openjdk-amd64/lib/server/libjvm.so at 0x00007f5a57800000
stack at sp + 1 slots: 0x3ff0000000000000 is an unknown value
stack at sp + 2 slots: 0x00007f5a50015000 is a thread
stack at sp + 3 slots: 0x00007f5a50015ce0 points into unknown readable memory: 0x0000003c00000001 | 01 00 00 00 3c 00 00 00
stack at sp + 4 slots: 0x00007f5a50015000 is a thread
stack at sp + 5 slots: 0x00007f5a58bfdc20 is pointing into the stack for thread: 0x00007f5a50015000
stack at sp + 6 slots: 0x0 is NULL
stack at sp + 7 slots: 0x00007f5a50015350 points into unknown readable memory: 0x00007f5a58a54b60 | 60 4b a5 58 5a 7f 00 00


---------------  P R O C E S S  ---------------

Threads class SMR info:
_java_thread_list=0x00007f59f8246290, length=13, elements={
0x00007f5a50015000, 0x00007f5a501ec000, 0x00007f5a501ee000, 0x00007f5a501f3800,
0x00007f5a501f5800, 0x00007f5a501f8000, 0x00007f5a501fa000, 0x00007f5a501fc000,
0x00007f59fc0a6000, 0x00007f5a5022f000, 0x00007f5a001e8000, 0x00007f5a503ef800,
0x00007f59f8244800
}

Java Threads: ( => current thread )
=>0x00007f5a50015000 JavaThread "main" [_thread_in_native, id=20524, stack(0x00007f5a58b00000,0x00007f5a58c00000)]
  0x00007f5a501ec000 JavaThread "Reference Handler" daemon [_thread_blocked, id=20531, stack(0x00007f5a25700000,0x00007f5a25800000)]
  0x00007f5a501ee000 JavaThread "Finalizer" daemon [_thread_blocked, id=20532, stack(0x00007f5a25600000,0x00007f5a25700000)]
  0x00007f5a501f3800 JavaThread "Signal Dispatcher" daemon [_thread_blocked, id=20533, stack(0x00007f5a24f00000,0x00007f5a25000000)]
  0x00007f5a501f5800 JavaThread "Service Thread" daemon [_thread_blocked, id=20534, stack(0x00007f5a24e00000,0x00007f5a24f00000)]
  0x00007f5a501f8000 JavaThread "C2 CompilerThread0" daemon [_thread_blocked, id=20535, stack(0x00007f5a24d00000,0x00007f5a24e00000)]
  0x00007f5a501fa000 JavaThread "C1 CompilerThread0" daemon [_thread_blocked, id=20536, stack(0x00007f5a24c00000,0x00007f5a24d00000)]
  0x00007f5a501fc000 JavaThread "Sweeper thread" daemon [_thread_blocked, id=20537, stack(0x00007f5a24b00000,0x00007f5a24c00000)]
  0x00007f59fc0a6000 JavaThread "C1 CompilerThread1" daemon [_thread_blocked, id=20538, stack(0x00007f5a24a00000,0x00007f5a24b00000)]
  0x00007f5a5022f000 JavaThread "Common-Cleaner" daemon [_thread_blocked, id=20540, stack(0x00007f5a247ff000,0x00007f5a248ff000)]
  0x00007f5a001e8000 JavaThread "C1 CompilerThread2" daemon [_thread_blocked, id=20541, stack(0x00007f5a246ff000,0x00007f5a247ff000)]
  0x00007f5a503ef800 JavaThread "JavaCPP Deallocator" daemon [_thread_blocked, id=20542, stack(0x00007f5a245ff000,0x00007f5a246ff000)]
  0x00007f59f8244800 JavaThread "C2 CompilerThread1" daemon [_thread_blocked, id=20543, stack(0x00007f5a244ff000,0x00007f5a245ff000)]

Other Threads:
  0x00007f5a501e9000 VMThread "VM Thread" [stack: 0x00007f5a2c05d000,0x00007f5a2c15d000] [id=20530]
  0x00007f5a5022c800 WatcherThread [stack: 0x00007f5a24900000,0x00007f5a24a00000] [id=20539]
  0x00007f5a5002f800 GCTaskThread "GC Thread#0" [stack: 0x00007f5a57300000,0x00007f5a57400000] [id=20525]
  0x00007f5a5008d800 ConcurrentGCThread "G1 Main Marker" [stack: 0x00007f5a549cb000,0x00007f5a54acb000] [id=20526]
  0x00007f5a5008f800 ConcurrentGCThread "G1 Conc#0" [stack: 0x00007f5a548ca000,0x00007f5a549ca000] [id=20527]
  0x00007f5a501aa800 ConcurrentGCThread "G1 Refine#0" [stack: 0x00007f5a2c25f000,0x00007f5a2c35f000] [id=20528]
  0x00007f5a501ac800 ConcurrentGCThread "G1 Young RemSet Sampling" [stack: 0x00007f5a2c15e000,0x00007f5a2c25e000] [id=20529]

Threads with active compile tasks:

VM state:not at safepoint (normal execution)

VM Mutex/Monitor currently owned by a thread: None

Heap address: 0x0000000708c00000, size: 3956 MB, Compressed Oops mode: Zero based, Oop shift amount: 3
Narrow klass base: 0x0000000800000000, Narrow klass shift: 3
Compressed class space size: 1073741824 Address: 0x0000000840000000

Heap:
 garbage-first heap   total 256000K, used 9936K [0x0000000708c00000, 0x0000000800000000)
  region size 1024K, 11 young (11264K), 0 survivors (0K)
 Metaspace       used 3779K, capacity 6613K, committed 6912K, reserved 1056768K
  class space    used 404K, capacity 693K, committed 768K, reserved 1048576K
Heap Regions: E=young(eden), S=young(survivor), O=old, HS=humongous(starts), HC=humongous(continues), CS=collection set, F=free, A=archive, TAMS=top-at-mark-start (previous, next)
|   0|0x0000000708c00000, 0x0000000708c00000, 0x0000000708d00000|  0%| F|  |TAMS 0x0000000708c00000, 0x0000000708c00000| Untracked 
|   1|0x0000000708d00000, 0x0000000708d00000, 0x0000000708e00000|  0%| F|  |TAMS 0x0000000708d00000, 0x0000000708d00000| Untracked 
|   2|0x0000000708e00000, 0x0000000708e00000, 0x0000000708f00000|  0%| F|  |TAMS 0x0000000708e00000, 0x0000000708e00000| Untracked 
|   3|0x0000000708f00000, 0x0000000708f00000, 0x0000000709000000|  0%| F|  |TAMS 0x0000000708f00000, 0x0000000708f00000| Untracked 
|   4|0x0000000709000000, 0x0000000709000000, 0x0000000709100000|  0%| F|  |TAMS 0x0000000709000000, 0x0000000709000000| Untracked 
|   5|0x0000000709100000, 0x0000000709100000, 0x0000000709200000|  0%| F|  |TAMS 0x0000000709100000, 0x0000000709100000| Untracked 
|   6|0x0000000709200000, 0x0000000709200000, 0x0000000709300000|  0%| F|  |TAMS 0x0000000709200000, 0x0000000709200000| Untracked 
|   7|0x0000000709300000, 0x0000000709300000, 0x0000000709400000|  0%| F|  |TAMS 0x0000000709300000, 0x0000000709300000| Untracked 
|   8|0x0000000709400000, 0x0000000709400000, 0x0000000709500000|  0%| F|  |TAMS 0x0000000709400000, 0x0000000709400000| Untracked 
|   9|0x0000000709500000, 0x0000000709500000, 0x0000000709600000|  0%| F|  |TAMS 0x0000000709500000, 0x0000000709500000| Untracked 
|  10|0x0000000709600000, 0x0000000709600000, 0x0000000709700000|  0%| F|  |TAMS 0x0000000709600000, 0x0000000709600000| Untracked 
|  11|0x0000000709700000, 0x0000000709700000, 0x0000000709800000|  0%| F|  |TAMS 0x0000000709700000, 0x0000000709700000| Untracked 
|  12|0x0000000709800000, 0x0000000709800000, 0x0000000709900000|  0%| F|  |TAMS 0x0000000709800000, 0x0000000709800000| Untracked 
|  13|0x0000000709900000, 0x0000000709900000, 0x0000000709a00000|  0%| F|  |TAMS 0x0000000709900000, 0x0000000709900000| Untracked 
|  14|0x0000000709a00000, 0x0000000709a00000, 0x0000000709b00000|  0%| F|  |TAMS 0x0000000709a00000, 0x0000000709a00000| Untracked 
|  15|0x0000000709b00000, 0x0000000709b00000, 0x0000000709c00000|  0%| F|  |TAMS 0x0000000709b00000, 0x0000000709b00000| Untracked 
|  16|0x0000000709c00000, 0x0000000709c00000, 0x0000000709d00000|  0%| F|  |TAMS 0x0000000709c00000, 0x0000000709c00000| Untracked 
|  17|0x0000000709d00000, 0x0000000709d00000, 0x0000000709e00000|  0%| F|  |TAMS 0x0000000709d00000, 0x0000000709d00000| Untracked 
|  18|0x0000000709e00000, 0x0000000709e00000, 0x0000000709f00000|  0%| F|  |TAMS 0x0000000709e00000, 0x0000000709e00000| Untracked 
|  19|0x0000000709f00000, 0x0000000709f00000, 0x000000070a000000|  0%| F|  |TAMS 0x0000000709f00000, 0x0000000709f00000| Untracked 
|  20|0x000000070a000000, 0x000000070a000000, 0x000000070a100000|  0%| F|  |TAMS 0x000000070a000000, 0x000000070a000000| Untracked 
|  21|0x000000070a100000, 0x000000070a100000, 0x000000070a200000|  0%| F|  |TAMS 0x000000070a100000, 0x000000070a100000| Untracked 
|  22|0x000000070a200000, 0x000000070a200000, 0x000000070a300000|  0%| F|  |TAMS 0x000000070a200000, 0x000000070a200000| Untracked 
|  23|0x000000070a300000, 0x000000070a300000, 0x000000070a400000|  0%| F|  |TAMS 0x000000070a300000, 0x000000070a300000| Untracked 
|  24|0x000000070a400000, 0x000000070a400000, 0x000000070a500000|  0%| F|  |TAMS 0x000000070a400000, 0x000000070a400000| Untracked 
|  25|0x000000070a500000, 0x000000070a500000, 0x000000070a600000|  0%| F|  |TAMS 0x000000070a500000, 0x000000070a500000| Untracked 
|  26|0x000000070a600000, 0x000000070a600000, 0x000000070a700000|  0%| F|  |TAMS 0x000000070a600000, 0x000000070a600000| Untracked 
|  27|0x000000070a700000, 0x000000070a700000, 0x000000070a800000|  0%| F|  |TAMS 0x000000070a700000, 0x000000070a700000| Untracked 
|  28|0x000000070a800000, 0x000000070a800000, 0x000000070a900000|  0%| F|  |TAMS 0x000000070a800000, 0x000000070a800000| Untracked 
|  29|0x000000070a900000, 0x000000070a900000, 0x000000070aa00000|  0%| F|  |TAMS 0x000000070a900000, 0x000000070a900000| Untracked 
|  30|0x000000070aa00000, 0x000000070aa00000, 0x000000070ab00000|  0%| F|  |TAMS 0x000000070aa00000, 0x000000070aa00000| Untracked 
|  31|0x000000070ab00000, 0x000000070ab00000, 0x000000070ac00000|  0%| F|  |TAMS 0x000000070ab00000, 0x000000070ab00000| Untracked 
|  32|0x000000070ac00000, 0x000000070ac00000, 0x000000070ad00000|  0%| F|  |TAMS 0x000000070ac00000, 0x000000070ac00000| Untracked 
|  33|0x000000070ad00000, 0x000000070ad00000, 0x000000070ae00000|  0%| F|  |TAMS 0x000000070ad00000, 0x000000070ad00000| Untracked 
|  34|0x000000070ae00000, 0x000000070ae00000, 0x000000070af00000|  0%| F|  |TAMS 0x000000070ae00000, 0x000000070ae00000| Untracked 
|  35|0x000000070af00000, 0x000000070af00000, 0x000000070b000000|  0%| F|  |TAMS 0x000000070af00000, 0x000000070af00000| Untracked 
|  36|0x000000070b000000, 0x000000070b000000, 0x000000070b100000|  0%| F|  |TAMS 0x000000070b000000, 0x000000070b000000| Untracked 
|  37|0x000000070b100000, 0x000000070b100000, 0x000000070b200000|  0%| F|  |TAMS 0x000000070b100000, 0x000000070b100000| Untracked 
|  38|0x000000070b200000, 0x000000070b200000, 0x000000070b300000|  0%| F|  |TAMS 0x000000070b200000, 0x000000070b200000| Untracked 
|  39|0x000000070b300000, 0x000000070b300000, 0x000000070b400000|  0%| F|  |TAMS 0x000000070b300000, 0x000000070b300000| Untracked 
|  40|0x000000070b400000, 0x000000070b400000, 0x000000070b500000|  0%| F|  |TAMS 0x000000070b400000, 0x000000070b400000| Untracked 
|  41|0x000000070b500000, 0x000000070b500000, 0x000000070b600000|  0%| F|  |TAMS 0x000000070b500000, 0x000000070b500000| Untracked 
|  42|0x000000070b600000, 0x000000070b600000, 0x000000070b700000|  0%| F|  |TAMS 0x000000070b600000, 0x000000070b600000| Untracked 
|  43|0x000000070b700000, 0x000000070b700000, 0x000000070b800000|  0%| F|  |TAMS 0x000000070b700000, 0x000000070b700000| Untracked 
|  44|0x000000070b800000, 0x000000070b800000, 0x000000070b900000|  0%| F|  |TAMS 0x000000070b800000, 0x000000070b800000| Untracked 
|  45|0x000000070b900000, 0x000000070b900000, 0x000000070ba00000|  0%| F|  |TAMS 0x000000070b900000, 0x000000070b900000| Untracked 
|  46|0x000000070ba00000, 0x000000070ba00000, 0x000000070bb00000|  0%| F|  |TAMS 0x000000070ba00000, 0x000000070ba00000| Untracked 
|  47|0x000000070bb00000, 0x000000070bb00000, 0x000000070bc00000|  0%| F|  |TAMS 0x000000070bb00000, 0x000000070bb00000| Untracked 
|  48|0x000000070bc00000, 0x000000070bc00000, 0x000000070bd00000|  0%| F|  |TAMS 0x000000070bc00000, 0x000000070bc00000| Untracked 
|  49|0x000000070bd00000, 0x000000070bd00000, 0x000000070be00000|  0%| F|  |TAMS 0x000000070bd00000, 0x000000070bd00000| Untracked 
|  50|0x000000070be00000, 0x000000070be00000, 0x000000070bf00000|  0%| F|  |TAMS 0x000000070be00000, 0x000000070be00000| Untracked 
|  51|0x000000070bf00000, 0x000000070bf00000, 0x000000070c000000|  0%| F|  |TAMS 0x000000070bf00000, 0x000000070bf00000| Untracked 
|  52|0x000000070c000000, 0x000000070c000000, 0x000000070c100000|  0%| F|  |TAMS 0x000000070c000000, 0x000000070c000000| Untracked 
|  53|0x000000070c100000, 0x000000070c100000, 0x000000070c200000|  0%| F|  |TAMS 0x000000070c100000, 0x000000070c100000| Untracked 
|  54|0x000000070c200000, 0x000000070c200000, 0x000000070c300000|  0%| F|  |TAMS 0x000000070c200000, 0x000000070c200000| Untracked 
|  55|0x000000070c300000, 0x000000070c300000, 0x000000070c400000|  0%| F|  |TAMS 0x000000070c300000, 0x000000070c300000| Untracked 
|  56|0x000000070c400000, 0x000000070c400000, 0x000000070c500000|  0%| F|  |TAMS 0x000000070c400000, 0x000000070c400000| Untracked 
|  57|0x000000070c500000, 0x000000070c500000, 0x000000070c600000|  0%| F|  |TAMS 0x000000070c500000, 0x000000070c500000| Untracked 
|  58|0x000000070c600000, 0x000000070c600000, 0x000000070c700000|  0%| F|  |TAMS 0x000000070c600000, 0x000000070c600000| Untracked 
|  59|0x000000070c700000, 0x000000070c700000, 0x000000070c800000|  0%| F|  |TAMS 0x000000070c700000, 0x000000070c700000| Untracked 
|  60|0x000000070c800000, 0x000000070c800000, 0x000000070c900000|  0%| F|  |TAMS 0x000000070c800000, 0x000000070c800000| Untracked 
|  61|0x000000070c900000, 0x000000070c900000, 0x000000070ca00000|  0%| F|  |TAMS 0x000000070c900000, 0x000000070c900000| Untracked 
|  62|0x000000070ca00000, 0x000000070ca00000, 0x000000070cb00000|  0%| F|  |TAMS 0x000000070ca00000, 0x000000070ca00000| Untracked 
|  63|0x000000070cb00000, 0x000000070cb00000, 0x000000070cc00000|  0%| F|  |TAMS 0x000000070cb00000, 0x000000070cb00000| Untracked 
|  64|0x000000070cc00000, 0x000000070cc00000, 0x000000070cd00000|  0%| F|  |TAMS 0x000000070cc00000, 0x000000070cc00000| Untracked 
|  65|0x000000070cd00000, 0x000000070cd00000, 0x000000070ce00000|  0%| F|  |TAMS 0x000000070cd00000, 0x000000070cd00000| Untracked 
|  66|0x000000070ce00000, 0x000000070ce00000, 0x000000070cf00000|  0%| F|  |TAMS 0x000000070ce00000, 0x000000070ce00000| Untracked 
|  67|0x000000070cf00000, 0x000000070cf00000, 0x000000070d000000|  0%| F|  |TAMS 0x000000070cf00000, 0x000000070cf00000| Untracked 
|  68|0x000000070d000000, 0x000000070d000000, 0x000000070d100000|  0%| F|  |TAMS 0x000000070d000000, 0x000000070d000000| Untracked 
|  69|0x000000070d100000, 0x000000070d100000, 0x000000070d200000|  0%| F|  |TAMS 0x000000070d100000, 0x000000070d100000| Untracked 
|  70|0x000000070d200000, 0x000000070d200000, 0x000000070d300000|  0%| F|  |TAMS 0x000000070d200000, 0x000000070d200000| Untracked 
|  71|0x000000070d300000, 0x000000070d300000, 0x000000070d400000|  0%| F|  |TAMS 0x000000070d300000, 0x000000070d300000| Untracked 
|  72|0x000000070d400000, 0x000000070d400000, 0x000000070d500000|  0%| F|  |TAMS 0x000000070d400000, 0x000000070d400000| Untracked 
|  73|0x000000070d500000, 0x000000070d500000, 0x000000070d600000|  0%| F|  |TAMS 0x000000070d500000, 0x000000070d500000| Untracked 
|  74|0x000000070d600000, 0x000000070d600000, 0x000000070d700000|  0%| F|  |TAMS 0x000000070d600000, 0x000000070d600000| Untracked 
|  75|0x000000070d700000, 0x000000070d700000, 0x000000070d800000|  0%| F|  |TAMS 0x000000070d700000, 0x000000070d700000| Untracked 
|  76|0x000000070d800000, 0x000000070d800000, 0x000000070d900000|  0%| F|  |TAMS 0x000000070d800000, 0x000000070d800000| Untracked 
|  77|0x000000070d900000, 0x000000070d900000, 0x000000070da00000|  0%| F|  |TAMS 0x000000070d900000, 0x000000070d900000| Untracked 
|  78|0x000000070da00000, 0x000000070da00000, 0x000000070db00000|  0%| F|  |TAMS 0x000000070da00000, 0x000000070da00000| Untracked 
|  79|0x000000070db00000, 0x000000070db00000, 0x000000070dc00000|  0%| F|  |TAMS 0x000000070db00000, 0x000000070db00000| Untracked 
|  80|0x000000070dc00000, 0x000000070dc00000, 0x000000070dd00000|  0%| F|  |TAMS 0x000000070dc00000, 0x000000070dc00000| Untracked 
|  81|0x000000070dd00000, 0x000000070dd00000, 0x000000070de00000|  0%| F|  |TAMS 0x000000070dd00000, 0x000000070dd00000| Untracked 
|  82|0x000000070de00000, 0x000000070de00000, 0x000000070df00000|  0%| F|  |TAMS 0x000000070de00000, 0x000000070de00000| Untracked 
|  83|0x000000070df00000, 0x000000070df00000, 0x000000070e000000|  0%| F|  |TAMS 0x000000070df00000, 0x000000070df00000| Untracked 
|  84|0x000000070e000000, 0x000000070e000000, 0x000000070e100000|  0%| F|  |TAMS 0x000000070e000000, 0x000000070e000000| Untracked 
|  85|0x000000070e100000, 0x000000070e100000, 0x000000070e200000|  0%| F|  |TAMS 0x000000070e100000, 0x000000070e100000| Untracked 
|  86|0x000000070e200000, 0x000000070e200000, 0x000000070e300000|  0%| F|  |TAMS 0x000000070e200000, 0x000000070e200000| Untracked 
|  87|0x000000070e300000, 0x000000070e300000, 0x000000070e400000|  0%| F|  |TAMS 0x000000070e300000, 0x000000070e300000| Untracked 
|  88|0x000000070e400000, 0x000000070e400000, 0x000000070e500000|  0%| F|  |TAMS 0x000000070e400000, 0x000000070e400000| Untracked 
|  89|0x000000070e500000, 0x000000070e500000, 0x000000070e600000|  0%| F|  |TAMS 0x000000070e500000, 0x000000070e500000| Untracked 
|  90|0x000000070e600000, 0x000000070e600000, 0x000000070e700000|  0%| F|  |TAMS 0x000000070e600000, 0x000000070e600000| Untracked 
|  91|0x000000070e700000, 0x000000070e700000, 0x000000070e800000|  0%| F|  |TAMS 0x000000070e700000, 0x000000070e700000| Untracked 
|  92|0x000000070e800000, 0x000000070e800000, 0x000000070e900000|  0%| F|  |TAMS 0x000000070e800000, 0x000000070e800000| Untracked 
|  93|0x000000070e900000, 0x000000070e900000, 0x000000070ea00000|  0%| F|  |TAMS 0x000000070e900000, 0x000000070e900000| Untracked 
|  94|0x000000070ea00000, 0x000000070ea00000, 0x000000070eb00000|  0%| F|  |TAMS 0x000000070ea00000, 0x000000070ea00000| Untracked 
|  95|0x000000070eb00000, 0x000000070eb00000, 0x000000070ec00000|  0%| F|  |TAMS 0x000000070eb00000, 0x000000070eb00000| Untracked 
|  96|0x000000070ec00000, 0x000000070ec00000, 0x000000070ed00000|  0%| F|  |TAMS 0x000000070ec00000, 0x000000070ec00000| Untracked 
|  97|0x000000070ed00000, 0x000000070ed00000, 0x000000070ee00000|  0%| F|  |TAMS 0x000000070ed00000, 0x000000070ed00000| Untracked 
|  98|0x000000070ee00000, 0x000000070ee00000, 0x000000070ef00000|  0%| F|  |TAMS 0x000000070ee00000, 0x000000070ee00000| Untracked 
|  99|0x000000070ef00000, 0x000000070ef00000, 0x000000070f000000|  0%| F|  |TAMS 0x000000070ef00000, 0x000000070ef00000| Untracked 
| 100|0x000000070f000000, 0x000000070f000000, 0x000000070f100000|  0%| F|  |TAMS 0x000000070f000000, 0x000000070f000000| Untracked 
| 101|0x000000070f100000, 0x000000070f100000, 0x000000070f200000|  0%| F|  |TAMS 0x000000070f100000, 0x000000070f100000| Untracked 
| 102|0x000000070f200000, 0x000000070f200000, 0x000000070f300000|  0%| F|  |TAMS 0x000000070f200000, 0x000000070f200000| Untracked 
| 103|0x000000070f300000, 0x000000070f300000, 0x000000070f400000|  0%| F|  |TAMS 0x000000070f300000, 0x000000070f300000| Untracked 
| 104|0x000000070f400000, 0x000000070f400000, 0x000000070f500000|  0%| F|  |TAMS 0x000000070f400000, 0x000000070f400000| Untracked 
| 105|0x000000070f500000, 0x000000070f500000, 0x000000070f600000|  0%| F|  |TAMS 0x000000070f500000, 0x000000070f500000| Untracked 
| 106|0x000000070f600000, 0x000000070f600000, 0x000000070f700000|  0%| F|  |TAMS 0x000000070f600000, 0x000000070f600000| Untracked 
| 107|0x000000070f700000, 0x000000070f700000, 0x000000070f800000|  0%| F|  |TAMS 0x000000070f700000, 0x000000070f700000| Untracked 
| 108|0x000000070f800000, 0x000000070f800000, 0x000000070f900000|  0%| F|  |TAMS 0x000000070f800000, 0x000000070f800000| Untracked 
| 109|0x000000070f900000, 0x000000070f900000, 0x000000070fa00000|  0%| F|  |TAMS 0x000000070f900000, 0x000000070f900000| Untracked 
| 110|0x000000070fa00000, 0x000000070fa00000, 0x000000070fb00000|  0%| F|  |TAMS 0x000000070fa00000, 0x000000070fa00000| Untracked 
| 111|0x000000070fb00000, 0x000000070fb00000, 0x000000070fc00000|  0%| F|  |TAMS 0x000000070fb00000, 0x000000070fb00000| Untracked 
| 112|0x000000070fc00000, 0x000000070fc00000, 0x000000070fd00000|  0%| F|  |TAMS 0x000000070fc00000, 0x000000070fc00000| Untracked 
| 113|0x000000070fd00000, 0x000000070fd00000, 0x000000070fe00000|  0%| F|  |TAMS 0x000000070fd00000, 0x000000070fd00000| Untracked 
| 114|0x000000070fe00000, 0x000000070fe00000, 0x000000070ff00000|  0%| F|  |TAMS 0x000000070fe00000, 0x000000070fe00000| Untracked 
| 115|0x000000070ff00000, 0x000000070ff00000, 0x0000000710000000|  0%| F|  |TAMS 0x000000070ff00000, 0x000000070ff00000| Untracked 
| 116|0x0000000710000000, 0x0000000710000000, 0x0000000710100000|  0%| F|  |TAMS 0x0000000710000000, 0x0000000710000000| Untracked 
| 117|0x0000000710100000, 0x0000000710100000, 0x0000000710200000|  0%| F|  |TAMS 0x0000000710100000, 0x0000000710100000| Untracked 
| 118|0x0000000710200000, 0x0000000710200000, 0x0000000710300000|  0%| F|  |TAMS 0x0000000710200000, 0x0000000710200000| Untracked 
| 119|0x0000000710300000, 0x0000000710300000, 0x0000000710400000|  0%| F|  |TAMS 0x0000000710300000, 0x0000000710300000| Untracked 
| 120|0x0000000710400000, 0x0000000710400000, 0x0000000710500000|  0%| F|  |TAMS 0x0000000710400000, 0x0000000710400000| Untracked 
| 121|0x0000000710500000, 0x0000000710500000, 0x0000000710600000|  0%| F|  |TAMS 0x0000000710500000, 0x0000000710500000| Untracked 
| 122|0x0000000710600000, 0x0000000710600000, 0x0000000710700000|  0%| F|  |TAMS 0x0000000710600000, 0x0000000710600000| Untracked 
| 123|0x0000000710700000, 0x0000000710700000, 0x0000000710800000|  0%| F|  |TAMS 0x0000000710700000, 0x0000000710700000| Untracked 
| 124|0x0000000710800000, 0x0000000710800000, 0x0000000710900000|  0%| F|  |TAMS 0x0000000710800000, 0x0000000710800000| Untracked 
| 125|0x0000000710900000, 0x0000000710900000, 0x0000000710a00000|  0%| F|  |TAMS 0x0000000710900000, 0x0000000710900000| Untracked 
| 126|0x0000000710a00000, 0x0000000710a00000, 0x0000000710b00000|  0%| F|  |TAMS 0x0000000710a00000, 0x0000000710a00000| Untracked 
| 127|0x0000000710b00000, 0x0000000710b00000, 0x0000000710c00000|  0%| F|  |TAMS 0x0000000710b00000, 0x0000000710b00000| Untracked 
| 128|0x0000000710c00000, 0x0000000710c00000, 0x0000000710d00000|  0%| F|  |TAMS 0x0000000710c00000, 0x0000000710c00000| Untracked 
| 129|0x0000000710d00000, 0x0000000710d00000, 0x0000000710e00000|  0%| F|  |TAMS 0x0000000710d00000, 0x0000000710d00000| Untracked 
| 130|0x0000000710e00000, 0x0000000710e00000, 0x0000000710f00000|  0%| F|  |TAMS 0x0000000710e00000, 0x0000000710e00000| Untracked 
| 131|0x0000000710f00000, 0x0000000710f00000, 0x0000000711000000|  0%| F|  |TAMS 0x0000000710f00000, 0x0000000710f00000| Untracked 
| 132|0x0000000711000000, 0x0000000711000000, 0x0000000711100000|  0%| F|  |TAMS 0x0000000711000000, 0x0000000711000000| Untracked 
| 133|0x0000000711100000, 0x0000000711100000, 0x0000000711200000|  0%| F|  |TAMS 0x0000000711100000, 0x0000000711100000| Untracked 
| 134|0x0000000711200000, 0x0000000711200000, 0x0000000711300000|  0%| F|  |TAMS 0x0000000711200000, 0x0000000711200000| Untracked 
| 135|0x0000000711300000, 0x0000000711300000, 0x0000000711400000|  0%| F|  |TAMS 0x0000000711300000, 0x0000000711300000| Untracked 
| 136|0x0000000711400000, 0x0000000711400000, 0x0000000711500000|  0%| F|  |TAMS 0x0000000711400000, 0x0000000711400000| Untracked 
| 137|0x0000000711500000, 0x0000000711500000, 0x0000000711600000|  0%| F|  |TAMS 0x0000000711500000, 0x0000000711500000| Untracked 
| 138|0x0000000711600000, 0x0000000711600000, 0x0000000711700000|  0%| F|  |TAMS 0x0000000711600000, 0x0000000711600000| Untracked 
| 139|0x0000000711700000, 0x0000000711700000, 0x0000000711800000|  0%| F|  |TAMS 0x0000000711700000, 0x0000000711700000| Untracked 
| 140|0x0000000711800000, 0x0000000711800000, 0x0000000711900000|  0%| F|  |TAMS 0x0000000711800000, 0x0000000711800000| Untracked 
| 141|0x0000000711900000, 0x0000000711900000, 0x0000000711a00000|  0%| F|  |TAMS 0x0000000711900000, 0x0000000711900000| Untracked 
| 142|0x0000000711a00000, 0x0000000711a00000, 0x0000000711b00000|  0%| F|  |TAMS 0x0000000711a00000, 0x0000000711a00000| Untracked 
| 143|0x0000000711b00000, 0x0000000711b00000, 0x0000000711c00000|  0%| F|  |TAMS 0x0000000711b00000, 0x0000000711b00000| Untracked 
| 144|0x0000000711c00000, 0x0000000711c00000, 0x0000000711d00000|  0%| F|  |TAMS 0x0000000711c00000, 0x0000000711c00000| Untracked 
| 145|0x0000000711d00000, 0x0000000711d00000, 0x0000000711e00000|  0%| F|  |TAMS 0x0000000711d00000, 0x0000000711d00000| Untracked 
| 146|0x0000000711e00000, 0x0000000711e00000, 0x0000000711f00000|  0%| F|  |TAMS 0x0000000711e00000, 0x0000000711e00000| Untracked 
| 147|0x0000000711f00000, 0x0000000711f00000, 0x0000000712000000|  0%| F|  |TAMS 0x0000000711f00000, 0x0000000711f00000| Untracked 
| 148|0x0000000712000000, 0x0000000712000000, 0x0000000712100000|  0%| F|  |TAMS 0x0000000712000000, 0x0000000712000000| Untracked 
| 149|0x0000000712100000, 0x0000000712100000, 0x0000000712200000|  0%| F|  |TAMS 0x0000000712100000, 0x0000000712100000| Untracked 
| 150|0x0000000712200000, 0x0000000712200000, 0x0000000712300000|  0%| F|  |TAMS 0x0000000712200000, 0x0000000712200000| Untracked 
| 151|0x0000000712300000, 0x0000000712300000, 0x0000000712400000|  0%| F|  |TAMS 0x0000000712300000, 0x0000000712300000| Untracked 
| 152|0x0000000712400000, 0x0000000712400000, 0x0000000712500000|  0%| F|  |TAMS 0x0000000712400000, 0x0000000712400000| Untracked 
| 153|0x0000000712500000, 0x0000000712500000, 0x0000000712600000|  0%| F|  |TAMS 0x0000000712500000, 0x0000000712500000| Untracked 
| 154|0x0000000712600000, 0x0000000712600000, 0x0000000712700000|  0%| F|  |TAMS 0x0000000712600000, 0x0000000712600000| Untracked 
| 155|0x0000000712700000, 0x0000000712700000, 0x0000000712800000|  0%| F|  |TAMS 0x0000000712700000, 0x0000000712700000| Untracked 
| 156|0x0000000712800000, 0x0000000712800000, 0x0000000712900000|  0%| F|  |TAMS 0x0000000712800000, 0x0000000712800000| Untracked 
| 157|0x0000000712900000, 0x0000000712900000, 0x0000000712a00000|  0%| F|  |TAMS 0x0000000712900000, 0x0000000712900000| Untracked 
| 158|0x0000000712a00000, 0x0000000712a00000, 0x0000000712b00000|  0%| F|  |TAMS 0x0000000712a00000, 0x0000000712a00000| Untracked 
| 159|0x0000000712b00000, 0x0000000712b00000, 0x0000000712c00000|  0%| F|  |TAMS 0x0000000712b00000, 0x0000000712b00000| Untracked 
| 160|0x0000000712c00000, 0x0000000712c00000, 0x0000000712d00000|  0%| F|  |TAMS 0x0000000712c00000, 0x0000000712c00000| Untracked 
| 161|0x0000000712d00000, 0x0000000712d00000, 0x0000000712e00000|  0%| F|  |TAMS 0x0000000712d00000, 0x0000000712d00000| Untracked 
| 162|0x0000000712e00000, 0x0000000712e00000, 0x0000000712f00000|  0%| F|  |TAMS 0x0000000712e00000, 0x0000000712e00000| Untracked 
| 163|0x0000000712f00000, 0x0000000712f00000, 0x0000000713000000|  0%| F|  |TAMS 0x0000000712f00000, 0x0000000712f00000| Untracked 
| 164|0x0000000713000000, 0x0000000713000000, 0x0000000713100000|  0%| F|  |TAMS 0x0000000713000000, 0x0000000713000000| Untracked 
| 165|0x0000000713100000, 0x0000000713100000, 0x0000000713200000|  0%| F|  |TAMS 0x0000000713100000, 0x0000000713100000| Untracked 
| 166|0x0000000713200000, 0x0000000713200000, 0x0000000713300000|  0%| F|  |TAMS 0x0000000713200000, 0x0000000713200000| Untracked 
| 167|0x0000000713300000, 0x0000000713300000, 0x0000000713400000|  0%| F|  |TAMS 0x0000000713300000, 0x0000000713300000| Untracked 
| 168|0x0000000713400000, 0x0000000713400000, 0x0000000713500000|  0%| F|  |TAMS 0x0000000713400000, 0x0000000713400000| Untracked 
| 169|0x0000000713500000, 0x0000000713500000, 0x0000000713600000|  0%| F|  |TAMS 0x0000000713500000, 0x0000000713500000| Untracked 
| 170|0x0000000713600000, 0x0000000713600000, 0x0000000713700000|  0%| F|  |TAMS 0x0000000713600000, 0x0000000713600000| Untracked 
| 171|0x0000000713700000, 0x0000000713700000, 0x0000000713800000|  0%| F|  |TAMS 0x0000000713700000, 0x0000000713700000| Untracked 
| 172|0x0000000713800000, 0x0000000713800000, 0x0000000713900000|  0%| F|  |TAMS 0x0000000713800000, 0x0000000713800000| Untracked 
| 173|0x0000000713900000, 0x0000000713900000, 0x0000000713a00000|  0%| F|  |TAMS 0x0000000713900000, 0x0000000713900000| Untracked 
| 174|0x0000000713a00000, 0x0000000713a00000, 0x0000000713b00000|  0%| F|  |TAMS 0x0000000713a00000, 0x0000000713a00000| Untracked 
| 175|0x0000000713b00000, 0x0000000713b00000, 0x0000000713c00000|  0%| F|  |TAMS 0x0000000713b00000, 0x0000000713b00000| Untracked 
| 176|0x0000000713c00000, 0x0000000713c00000, 0x0000000713d00000|  0%| F|  |TAMS 0x0000000713c00000, 0x0000000713c00000| Untracked 
| 177|0x0000000713d00000, 0x0000000713d00000, 0x0000000713e00000|  0%| F|  |TAMS 0x0000000713d00000, 0x0000000713d00000| Untracked 
| 178|0x0000000713e00000, 0x0000000713e00000, 0x0000000713f00000|  0%| F|  |TAMS 0x0000000713e00000, 0x0000000713e00000| Untracked 
| 179|0x0000000713f00000, 0x0000000713f00000, 0x0000000714000000|  0%| F|  |TAMS 0x0000000713f00000, 0x0000000713f00000| Untracked 
| 180|0x0000000714000000, 0x0000000714000000, 0x0000000714100000|  0%| F|  |TAMS 0x0000000714000000, 0x0000000714000000| Untracked 
| 181|0x0000000714100000, 0x0000000714100000, 0x0000000714200000|  0%| F|  |TAMS 0x0000000714100000, 0x0000000714100000| Untracked 
| 182|0x0000000714200000, 0x0000000714200000, 0x0000000714300000|  0%| F|  |TAMS 0x0000000714200000, 0x0000000714200000| Untracked 
| 183|0x0000000714300000, 0x0000000714300000, 0x0000000714400000|  0%| F|  |TAMS 0x0000000714300000, 0x0000000714300000| Untracked 
| 184|0x0000000714400000, 0x0000000714400000, 0x0000000714500000|  0%| F|  |TAMS 0x0000000714400000, 0x0000000714400000| Untracked 
| 185|0x0000000714500000, 0x0000000714500000, 0x0000000714600000|  0%| F|  |TAMS 0x0000000714500000, 0x0000000714500000| Untracked 
| 186|0x0000000714600000, 0x0000000714600000, 0x0000000714700000|  0%| F|  |TAMS 0x0000000714600000, 0x0000000714600000| Untracked 
| 187|0x0000000714700000, 0x0000000714700000, 0x0000000714800000|  0%| F|  |TAMS 0x0000000714700000, 0x0000000714700000| Untracked 
| 188|0x0000000714800000, 0x0000000714800000, 0x0000000714900000|  0%| F|  |TAMS 0x0000000714800000, 0x0000000714800000| Untracked 
| 189|0x0000000714900000, 0x0000000714900000, 0x0000000714a00000|  0%| F|  |TAMS 0x0000000714900000, 0x0000000714900000| Untracked 
| 190|0x0000000714a00000, 0x0000000714a00000, 0x0000000714b00000|  0%| F|  |TAMS 0x0000000714a00000, 0x0000000714a00000| Untracked 
| 191|0x0000000714b00000, 0x0000000714b00000, 0x0000000714c00000|  0%| F|  |TAMS 0x0000000714b00000, 0x0000000714b00000| Untracked 
| 192|0x0000000714c00000, 0x0000000714c00000, 0x0000000714d00000|  0%| F|  |TAMS 0x0000000714c00000, 0x0000000714c00000| Untracked 
| 193|0x0000000714d00000, 0x0000000714d00000, 0x0000000714e00000|  0%| F|  |TAMS 0x0000000714d00000, 0x0000000714d00000| Untracked 
| 194|0x0000000714e00000, 0x0000000714e00000, 0x0000000714f00000|  0%| F|  |TAMS 0x0000000714e00000, 0x0000000714e00000| Untracked 
| 195|0x0000000714f00000, 0x0000000714f00000, 0x0000000715000000|  0%| F|  |TAMS 0x0000000714f00000, 0x0000000714f00000| Untracked 
| 196|0x0000000715000000, 0x0000000715000000, 0x0000000715100000|  0%| F|  |TAMS 0x0000000715000000, 0x0000000715000000| Untracked 
| 197|0x0000000715100000, 0x0000000715100000, 0x0000000715200000|  0%| F|  |TAMS 0x0000000715100000, 0x0000000715100000| Untracked 
| 198|0x0000000715200000, 0x0000000715200000, 0x0000000715300000|  0%| F|  |TAMS 0x0000000715200000, 0x0000000715200000| Untracked 
| 199|0x0000000715300000, 0x0000000715300000, 0x0000000715400000|  0%| F|  |TAMS 0x0000000715300000, 0x0000000715300000| Untracked 
| 200|0x0000000715400000, 0x0000000715400000, 0x0000000715500000|  0%| F|  |TAMS 0x0000000715400000, 0x0000000715400000| Untracked 
| 201|0x0000000715500000, 0x0000000715500000, 0x0000000715600000|  0%| F|  |TAMS 0x0000000715500000, 0x0000000715500000| Untracked 
| 202|0x0000000715600000, 0x0000000715600000, 0x0000000715700000|  0%| F|  |TAMS 0x0000000715600000, 0x0000000715600000| Untracked 
| 203|0x0000000715700000, 0x0000000715700000, 0x0000000715800000|  0%| F|  |TAMS 0x0000000715700000, 0x0000000715700000| Untracked 
| 204|0x0000000715800000, 0x0000000715800000, 0x0000000715900000|  0%| F|  |TAMS 0x0000000715800000, 0x0000000715800000| Untracked 
| 205|0x0000000715900000, 0x0000000715900000, 0x0000000715a00000|  0%| F|  |TAMS 0x0000000715900000, 0x0000000715900000| Untracked 
| 206|0x0000000715a00000, 0x0000000715a00000, 0x0000000715b00000|  0%| F|  |TAMS 0x0000000715a00000, 0x0000000715a00000| Untracked 
| 207|0x0000000715b00000, 0x0000000715b00000, 0x0000000715c00000|  0%| F|  |TAMS 0x0000000715b00000, 0x0000000715b00000| Untracked 
| 208|0x0000000715c00000, 0x0000000715c00000, 0x0000000715d00000|  0%| F|  |TAMS 0x0000000715c00000, 0x0000000715c00000| Untracked 
| 209|0x0000000715d00000, 0x0000000715d00000, 0x0000000715e00000|  0%| F|  |TAMS 0x0000000715d00000, 0x0000000715d00000| Untracked 
| 210|0x0000000715e00000, 0x0000000715e00000, 0x0000000715f00000|  0%| F|  |TAMS 0x0000000715e00000, 0x0000000715e00000| Untracked 
| 211|0x0000000715f00000, 0x0000000715f00000, 0x0000000716000000|  0%| F|  |TAMS 0x0000000715f00000, 0x0000000715f00000| Untracked 
| 212|0x0000000716000000, 0x0000000716000000, 0x0000000716100000|  0%| F|  |TAMS 0x0000000716000000, 0x0000000716000000| Untracked 
| 213|0x0000000716100000, 0x0000000716100000, 0x0000000716200000|  0%| F|  |TAMS 0x0000000716100000, 0x0000000716100000| Untracked 
| 214|0x0000000716200000, 0x0000000716200000, 0x0000000716300000|  0%| F|  |TAMS 0x0000000716200000, 0x0000000716200000| Untracked 
| 215|0x0000000716300000, 0x0000000716300000, 0x0000000716400000|  0%| F|  |TAMS 0x0000000716300000, 0x0000000716300000| Untracked 
| 216|0x0000000716400000, 0x0000000716400000, 0x0000000716500000|  0%| F|  |TAMS 0x0000000716400000, 0x0000000716400000| Untracked 
| 217|0x0000000716500000, 0x0000000716500000, 0x0000000716600000|  0%| F|  |TAMS 0x0000000716500000, 0x0000000716500000| Untracked 
| 218|0x0000000716600000, 0x0000000716600000, 0x0000000716700000|  0%| F|  |TAMS 0x0000000716600000, 0x0000000716600000| Untracked 
| 219|0x0000000716700000, 0x0000000716700000, 0x0000000716800000|  0%| F|  |TAMS 0x0000000716700000, 0x0000000716700000| Untracked 
| 220|0x0000000716800000, 0x0000000716800000, 0x0000000716900000|  0%| F|  |TAMS 0x0000000716800000, 0x0000000716800000| Untracked 
| 221|0x0000000716900000, 0x0000000716900000, 0x0000000716a00000|  0%| F|  |TAMS 0x0000000716900000, 0x0000000716900000| Untracked 
| 222|0x0000000716a00000, 0x0000000716a00000, 0x0000000716b00000|  0%| F|  |TAMS 0x0000000716a00000, 0x0000000716a00000| Untracked 
| 223|0x0000000716b00000, 0x0000000716b00000, 0x0000000716c00000|  0%| F|  |TAMS 0x0000000716b00000, 0x0000000716b00000| Untracked 
| 224|0x0000000716c00000, 0x0000000716c00000, 0x0000000716d00000|  0%| F|  |TAMS 0x0000000716c00000, 0x0000000716c00000| Untracked 
| 225|0x0000000716d00000, 0x0000000716d00000, 0x0000000716e00000|  0%| F|  |TAMS 0x0000000716d00000, 0x0000000716d00000| Untracked 
| 226|0x0000000716e00000, 0x0000000716e00000, 0x0000000716f00000|  0%| F|  |TAMS 0x0000000716e00000, 0x0000000716e00000| Untracked 
| 227|0x0000000716f00000, 0x0000000716f00000, 0x0000000717000000|  0%| F|  |TAMS 0x0000000716f00000, 0x0000000716f00000| Untracked 
| 228|0x0000000717000000, 0x0000000717000000, 0x0000000717100000|  0%| F|  |TAMS 0x0000000717000000, 0x0000000717000000| Untracked 
| 229|0x0000000717100000, 0x0000000717100000, 0x0000000717200000|  0%| F|  |TAMS 0x0000000717100000, 0x0000000717100000| Untracked 
| 230|0x0000000717200000, 0x0000000717200000, 0x0000000717300000|  0%| F|  |TAMS 0x0000000717200000, 0x0000000717200000| Untracked 
| 231|0x0000000717300000, 0x0000000717300000, 0x0000000717400000|  0%| F|  |TAMS 0x0000000717300000, 0x0000000717300000| Untracked 
| 232|0x0000000717400000, 0x0000000717400000, 0x0000000717500000|  0%| F|  |TAMS 0x0000000717400000, 0x0000000717400000| Untracked 
| 233|0x0000000717500000, 0x0000000717500000, 0x0000000717600000|  0%| F|  |TAMS 0x0000000717500000, 0x0000000717500000| Untracked 
| 234|0x0000000717600000, 0x0000000717600000, 0x0000000717700000|  0%| F|  |TAMS 0x0000000717600000, 0x0000000717600000| Untracked 
| 235|0x0000000717700000, 0x0000000717700000, 0x0000000717800000|  0%| F|  |TAMS 0x0000000717700000, 0x0000000717700000| Untracked 
| 236|0x0000000717800000, 0x0000000717800000, 0x0000000717900000|  0%| F|  |TAMS 0x0000000717800000, 0x0000000717800000| Untracked 
| 237|0x0000000717900000, 0x000000071797b680, 0x0000000717a00000| 48%| E|  |TAMS 0x0000000717900000, 0x0000000717900000| Complete 
| 238|0x0000000717a00000, 0x0000000717b00000, 0x0000000717b00000|100%| E|CS|TAMS 0x0000000717a00000, 0x0000000717a00000| Complete 
| 239|0x0000000717b00000, 0x0000000717c00000, 0x0000000717c00000|100%| E|CS|TAMS 0x0000000717b00000, 0x0000000717b00000| Complete 
| 240|0x0000000717c00000, 0x0000000717d00000, 0x0000000717d00000|100%| E|CS|TAMS 0x0000000717c00000, 0x0000000717c00000| Complete 
| 241|0x0000000717d00000, 0x0000000717e00000, 0x0000000717e00000|100%| E|CS|TAMS 0x0000000717d00000, 0x0000000717d00000| Complete 
| 242|0x0000000717e00000, 0x0000000717f00000, 0x0000000717f00000|100%| E|CS|TAMS 0x0000000717e00000, 0x0000000717e00000| Complete 
| 243|0x0000000717f00000, 0x0000000718000000, 0x0000000718000000|100%| E|CS|TAMS 0x0000000717f00000, 0x0000000717f00000| Complete 
| 244|0x0000000718000000, 0x0000000718100000, 0x0000000718100000|100%| E|  |TAMS 0x0000000718000000, 0x0000000718000000| Complete 
| 245|0x0000000718100000, 0x0000000718200000, 0x0000000718200000|100%| E|CS|TAMS 0x0000000718100000, 0x0000000718100000| Complete 
| 246|0x0000000718200000, 0x0000000718300000, 0x0000000718300000|100%| E|CS|TAMS 0x0000000718200000, 0x0000000718200000| Complete 
| 247|0x0000000718300000, 0x0000000718400000, 0x0000000718400000|100%| E|CS|TAMS 0x0000000718300000, 0x0000000718300000| Complete 
|2930|0x00000007bfe00000, 0x00000007bfe48000, 0x00000007bff00000| 28%|OA|  |TAMS 0x00000007bfe00000, 0x00000007bfe00000| Untracked 
|2931|0x00000007bff00000, 0x00000007bff6c000, 0x00000007c0000000| 42%|CA|  |TAMS 0x00000007bff00000, 0x00000007bff00000| Untracked 

Card table byte_map: [0x00007f5a5547c000,0x00007f5a55c36000] _byte_map_base: 0x00007f5a51c36000

Marking Bits (Prev, Next): (CMBitMap*) 0x00007f5a5007d158, (CMBitMap*) 0x00007f5a5007d190
 Prev Bits: [0x00007f5a30230000, 0x00007f5a34000000)
 Next Bits: [0x00007f5a2c460000, 0x00007f5a30230000)

Polling page: 0x00007f5a59043000

Metaspace:

Usage:
  Non-class:      5.78 MB capacity,     3.30 MB ( 57%) used,     2.48 MB ( 43%) free+waste,     7.00 KB ( <1%) overhead. 
      Class:    693.00 KB capacity,   404.03 KB ( 58%) used,   285.34 KB ( 41%) free+waste,     3.62 KB ( <1%) overhead. 
       Both:      6.46 MB capacity,     3.69 MB ( 57%) used,     2.76 MB ( 43%) free+waste,    10.62 KB ( <1%) overhead. 

Virtual space:
  Non-class space:        8.00 MB reserved,       6.00 MB ( 75%) committed 
      Class space:        1.00 GB reserved,     768.00 KB ( <1%) committed 
             Both:        1.01 GB reserved,       6.75 MB ( <1%) committed 

Chunk freelists:
   Non-Class:  32.00 KB
       Class:  11.00 KB
        Both:  43.00 KB

MaxMetaspaceSize: unlimited
CompressedClassSpaceSize: 1.00 GB
Initial GC threshold: 20.80 MB
Current GC threshold: 20.80 MB
CDS: on

CodeHeap 'non-profiled nmethods': size=119172Kb used=219Kb max_used=219Kb free=118953Kb
 bounds [0x00007f5a4019f000, 0x00007f5a4040f000, 0x00007f5a47600000]
CodeHeap 'profiled nmethods': size=119168Kb used=1701Kb max_used=1701Kb free=117466Kb
 bounds [0x00007f5a38d3f000, 0x00007f5a38faf000, 0x00007f5a4019f000]
CodeHeap 'non-nmethods': size=7420Kb used=2273Kb max_used=2286Kb free=5146Kb
 bounds [0x00007f5a38600000, 0x00007f5a38870000, 0x00007f5a38d3f000]
 total_blobs=1287 nmethods=879 adapters=320
 compilation: enabled
              stopped_count=0, restarted_count=0
 full_count=0

Compilation events (20 events):
Event: 0.165 Thread 0x00007f59fc0a6000  863       3       sun.invoke.util.VerifyType::isNullConversion (157 bytes)
Event: 0.165 Thread 0x00007f5a501f8000  864       4       jdk.internal.org.objectweb.asm.ByteVector::putUTF8 (142 bytes)
Event: 0.165 Thread 0x00007f59f8244800  865       4       java.lang.invoke.MethodType::parameterType (7 bytes)
Event: 0.165 Thread 0x00007f5a001e8000  867       3       java.lang.invoke.LambdaForm::forceInterpretation (14 bytes)
Event: 0.166 Thread 0x00007f5a001e8000 nmethod 867 0x00007f5a38ee4410 code [0x00007f5a38ee45c0, 0x00007f5a38ee4730]
Event: 0.166 Thread 0x00007f59f8244800 nmethod 865 0x00007f5a401d3510 code [0x00007f5a401d36a0, 0x00007f5a401d3758]
Event: 0.166 Thread 0x00007f5a001e8000  869       3       java.lang.invoke.MethodTypeForm::unpack (30 bytes)
Event: 0.166 Thread 0x00007f5a501fa000  870       3       java.lang.invoke.MemberName::getInvocationType (56 bytes)
Event: 0.166 Thread 0x00007f59fc0a6000 nmethod 863 0x00007f5a38ee4790 code [0x00007f5a38ee4aa0, 0x00007f5a38ee5f80]
Event: 0.166 Thread 0x00007f5a001e8000 nmethod 869 0x00007f5a38ee6410 code [0x00007f5a38ee65c0, 0x00007f5a38ee66d0]
Event: 0.166 Thread 0x00007f59f8244800  871       4       java.util.concurrent.ConcurrentHashMap::get (162 bytes)
Event: 0.166 Thread 0x00007f5a501fa000 nmethod 870 0x00007f5a38ee6790 code [0x00007f5a38ee69c0, 0x00007f5a38ee72c0]
Event: 0.166 Thread 0x00007f59fc0a6000  874       3       java.lang.invoke.MemberName::isMethod (7 bytes)
Event: 0.166 Thread 0x00007f59fc0a6000 nmethod 874 0x00007f5a38ee7590 code [0x00007f5a38ee7740, 0x00007f5a38ee7990]
Event: 0.167 Thread 0x00007f5a001e8000  877       3       jdk.internal.org.objectweb.asm.ClassWriter::newNameType (10 bytes)
Event: 0.167 Thread 0x00007f5a001e8000 nmethod 877 0x00007f5a38ee7a90 code [0x00007f5a38ee7c40, 0x00007f5a38ee7da0]
Event: 0.167 Thread 0x00007f5a501fa000  878       3       jdk.internal.org.objectweb.asm.ClassWriter::newNameTypeItem (71 bytes)
Event: 0.167 Thread 0x00007f5a501fa000 nmethod 878 0x00007f5a38ee7e90 code [0x00007f5a38ee80c0, 0x00007f5a38ee8550]
Event: 0.167 Thread 0x00007f5a001e8000  879       1       org.antlr.v4.runtime.tree.TerminalNodeImpl::getSymbol (5 bytes)
Event: 0.167 Thread 0x00007f5a001e8000 nmethod 879 0x00007f5a401d4410 code [0x00007f5a401d45c0, 0x00007f5a401d4690]

GC Heap History (0 events):
No events

Deoptimization events (20 events):
Event: 0.113 Thread 0x00007f5a50015000 Uncommon trap: trap_request=0xffffffbe fr.pc=0x00007f5a401aeecc relative=0x000000000000040c
Event: 0.113 Thread 0x00007f5a50015000 Uncommon trap: reason=profile_predicate action=maybe_recompile pc=0x00007f5a401aeecc method=java.lang.StringLatin1.indexOf([BI[BII)I @ 18 c2
Event: 0.113 Thread 0x00007f5a50015000 DEOPT PACKING pc=0x00007f5a401aeecc sp=0x00007f5a58bfd020
Event: 0.113 Thread 0x00007f5a50015000 DEOPT UNPACKING pc=0x00007f5a38649ea5 sp=0x00007f5a58bfcfa0 mode 2
Event: 0.113 Thread 0x00007f5a50015000 Uncommon trap: trap_request=0xffffffbe fr.pc=0x00007f5a401aeecc relative=0x000000000000040c
Event: 0.113 Thread 0x00007f5a50015000 Uncommon trap: reason=profile_predicate action=maybe_recompile pc=0x00007f5a401aeecc method=java.lang.StringLatin1.indexOf([BI[BII)I @ 18 c2
Event: 0.113 Thread 0x00007f5a50015000 DEOPT PACKING pc=0x00007f5a401aeecc sp=0x00007f5a58bfd020
Event: 0.113 Thread 0x00007f5a50015000 DEOPT UNPACKING pc=0x00007f5a38649ea5 sp=0x00007f5a58bfcfa0 mode 2
Event: 0.115 Thread 0x00007f5a50015000 DEOPT PACKING pc=0x00007f5a38d92bb0 sp=0x00007f5a58bfce90
Event: 0.115 Thread 0x00007f5a50015000 DEOPT UNPACKING pc=0x00007f5a3864a64a sp=0x00007f5a58bfc320 mode 0
Event: 0.128 Thread 0x00007f5a50015000 Uncommon trap: trap_request=0xffffff4d fr.pc=0x00007f5a401c4fd0 relative=0x0000000000000410
Event: 0.128 Thread 0x00007f5a50015000 Uncommon trap: reason=unstable_if action=reinterpret pc=0x00007f5a401c4fd0 method=java.lang.StringLatin1.indexOf([BI[BII)I @ 91 c2
Event: 0.128 Thread 0x00007f5a50015000 DEOPT PACKING pc=0x00007f5a401c4fd0 sp=0x00007f5a58bfcfc0
Event: 0.128 Thread 0x00007f5a50015000 DEOPT UNPACKING pc=0x00007f5a38649ea5 sp=0x00007f5a58bfcf40 mode 2
Event: 0.134 Thread 0x00007f5a50015000 DEOPT PACKING pc=0x00007f5a38e25662 sp=0x00007f5a58bfd690
Event: 0.134 Thread 0x00007f5a50015000 DEOPT UNPACKING pc=0x00007f5a3864a64a sp=0x00007f5a58bfcb28 mode 0
Event: 0.143 Thread 0x00007f5a50015000 DEOPT PACKING pc=0x00007f5a38d6564f sp=0x00007f5a58bfd5f0
Event: 0.143 Thread 0x00007f5a50015000 DEOPT UNPACKING pc=0x00007f5a3864a64a sp=0x00007f5a58bfca98 mode 0
Event: 0.144 Thread 0x00007f5a50015000 DEOPT PACKING pc=0x00007f5a38d6564f sp=0x00007f5a58bfd4f0
Event: 0.144 Thread 0x00007f5a50015000 DEOPT UNPACKING pc=0x00007f5a3864a64a sp=0x00007f5a58bfc998 mode 0

Classes redefined (0 events):
No events

Internal exceptions (20 events):
Event: 0.031 Thread 0x00007f5a50015000 Exception <a 'java/security/PrivilegedActionException'{0x000000071823bbe0}> (0x000000071823bbe0) thrown at [./src/hotspot/share/prims/jvm.cpp, line 1304]
Event: 0.031 Thread 0x00007f5a50015000 Exception <a 'java/security/PrivilegedActionException'{0x000000071823beb0}> (0x000000071823beb0) thrown at [./src/hotspot/share/prims/jvm.cpp, line 1304]
Event: 0.031 Thread 0x00007f5a50015000 Exception <a 'java/security/PrivilegedActionException'{0x000000071823cac8}> (0x000000071823cac8) thrown at [./src/hotspot/share/prims/jvm.cpp, line 1304]
Event: 0.031 Thread 0x00007f5a50015000 Exception <a 'java/security/PrivilegedActionException'{0x000000071823cd98}> (0x000000071823cd98) thrown at [./src/hotspot/share/prims/jvm.cpp, line 1304]
Event: 0.031 Thread 0x00007f5a50015000 Exception <a 'java/security/PrivilegedActionException'{0x000000071823d9b0}> (0x000000071823d9b0) thrown at [./src/hotspot/share/prims/jvm.cpp, line 1304]
Event: 0.031 Thread 0x00007f5a50015000 Exception <a 'java/security/PrivilegedActionException'{0x000000071823dc80}> (0x000000071823dc80) thrown at [./src/hotspot/share/prims/jvm.cpp, line 1304]
Event: 0.031 Thread 0x00007f5a50015000 Exception <a 'java/security/PrivilegedActionException'{0x000000071823e8b0}> (0x000000071823e8b0) thrown at [./src/hotspot/share/prims/jvm.cpp, line 1304]
Event: 0.031 Thread 0x00007f5a50015000 Exception <a 'java/security/PrivilegedActionException'{0x000000071823eb80}> (0x000000071823eb80) thrown at [./src/hotspot/share/prims/jvm.cpp, line 1304]
Event: 0.031 Thread 0x00007f5a50015000 Exception <a 'java/security/PrivilegedActionException'{0x000000071823f7b0}> (0x000000071823f7b0) thrown at [./src/hotspot/share/prims/jvm.cpp, line 1304]
Event: 0.031 Thread 0x00007f5a50015000 Exception <a 'java/security/PrivilegedActionException'{0x000000071823fa80}> (0x000000071823fa80) thrown at [./src/hotspot/share/prims/jvm.cpp, line 1304]
Event: 0.031 Thread 0x00007f5a50015000 Exception <a 'java/security/PrivilegedActionException'{0x00000007182406b0}> (0x00000007182406b0) thrown at [./src/hotspot/share/prims/jvm.cpp, line 1304]
Event: 0.031 Thread 0x00007f5a50015000 Exception <a 'java/security/PrivilegedActionException'{0x0000000718240980}> (0x0000000718240980) thrown at [./src/hotspot/share/prims/jvm.cpp, line 1304]
Event: 0.031 Thread 0x00007f5a50015000 Exception <a 'java/security/PrivilegedActionException'{0x0000000718241598}> (0x0000000718241598) thrown at [./src/hotspot/share/prims/jvm.cpp, line 1304]
Event: 0.031 Thread 0x00007f5a50015000 Exception <a 'java/security/PrivilegedActionException'{0x0000000718241868}> (0x0000000718241868) thrown at [./src/hotspot/share/prims/jvm.cpp, line 1304]
Event: 0.031 Thread 0x00007f5a50015000 Exception <a 'java/security/PrivilegedActionException'{0x0000000718242498}> (0x0000000718242498) thrown at [./src/hotspot/share/prims/jvm.cpp, line 1304]
Event: 0.031 Thread 0x00007f5a50015000 Exception <a 'java/security/PrivilegedActionException'{0x0000000718242768}> (0x0000000718242768) thrown at [./src/hotspot/share/prims/jvm.cpp, line 1304]
Event: 0.109 Thread 0x00007f5a50015000 Exception <a 'java/lang/NoSuchMethodError'{0x0000000717ede6a8}: 'int java.lang.invoke.DirectMethodHandle$Holder.invokeStaticInit(java.lang.Object, java.lang.Object, java.lang.Object, java.lang.Object)'> (0x0000000717ede6a8) thrown at [./src/hotspot/share/interpreter/linkResolver.cpp, line 772]
Event: 0.109 Thread 0x00007f5a50015000 Exception <a 'java/lang/IncompatibleClassChangeError'{0x0000000717ee8810}: Found class java.lang.Object, but interface was expected> (0x0000000717ee8810) thrown at [./src/hotspot/share/interpreter/linkResolver.cpp, line 839]
Event: 0.110 Thread 0x00007f5a50015000 Exception <a 'java/lang/NoSuchMethodError'{0x0000000717eeba60}: 'void java.lang.invoke.DirectMethodHandle$Holder.invokeStaticInit(java.lang.Object, java.lang.Object)'> (0x0000000717eeba60) thrown at [./src/hotspot/share/interpreter/linkResolver.cpp, line 772]
Event: 0.110 Thread 0x00007f5a50015000 Exception <a 'java/lang/NoSuchMethodError'{0x0000000717ef14b8}: 'int java.lang.invoke.DirectMethodHandle$Holder.invokeStaticInit(java.lang.Object, java.lang.Object)'> (0x0000000717ef14b8) thrown at [./src/hotspot/share/interpreter/linkResolver.cpp, line 772]

Events (20 events):
Event: 0.161 loading class org/bytedeco/llvm/LLVM/LLVMPassBuilderOptionsRef
Event: 0.161 loading class org/bytedeco/llvm/LLVM/LLVMPassBuilderOptionsRef done
Event: 0.161 loading class org/bytedeco/llvm/LLVM/Pass
Event: 0.161 loading class org/bytedeco/llvm/LLVM/Pass done
Event: 0.161 loading class org/bytedeco/llvm/LLVM/LLVMNamedMDNodeRef
Event: 0.161 loading class org/bytedeco/llvm/LLVM/LLVMNamedMDNodeRef done
Event: 0.161 loading class org/bytedeco/llvm/LLVM/LLVMUseRef
Event: 0.161 loading class org/bytedeco/llvm/LLVM/LLVMUseRef done
Event: 0.161 loading class IRGenerationVisitor
Event: 0.161 loading class IRGenerationVisitor done
Event: 0.163 loading class org/bytedeco/javacpp/PointerScope
Event: 0.163 loading class org/bytedeco/javacpp/PointerScope done
Event: 0.163 loading class org/bytedeco/javacpp/PointerScope$1
Event: 0.163 loading class org/bytedeco/javacpp/PointerScope$1 done
Event: 0.165 loading class java/lang/invoke/BoundMethodHandle$Species_LLLLLLI
Event: 0.165 loading class java/lang/invoke/BoundMethodHandle$Species_LLLLLLI done
Event: 0.166 loading class java/lang/invoke/BoundMethodHandle$Species_LLLLLLII
Event: 0.166 loading class java/lang/invoke/BoundMethodHandle$Species_LLLLLLII done
Event: 0.166 loading class java/lang/invoke/BoundMethodHandle$Species_LLLLLLIIL
Event: 0.166 loading class java/lang/invoke/BoundMethodHandle$Species_LLLLLLIIL done


Dynamic libraries:
708c00000-718400000 rw-p 00000000 00:00 0 
718400000-7bfe00000 ---p 00000000 00:00 0 
7bfe00000-7bfe48000 rw-p 00b14000 08:30 134337                           /usr/lib/jvm/java-11-openjdk-amd64/lib/server/classes.jsa
7bfe48000-7bff00000 rw-p 00000000 00:00 0 
7bff00000-7bff6c000 rw-p 00aa8000 08:30 134337                           /usr/lib/jvm/java-11-openjdk-amd64/lib/server/classes.jsa
7bff6c000-7c0000000 rw-p 00000000 00:00 0 
7c0000000-800000000 ---p 00000000 00:00 0 
800000000-800002000 rwxp 00001000 08:30 134337                           /usr/lib/jvm/java-11-openjdk-amd64/lib/server/classes.jsa
800002000-8003ce000 rw-p 00003000 08:30 134337                           /usr/lib/jvm/java-11-openjdk-amd64/lib/server/classes.jsa
8003ce000-800aa6000 r--p 003cf000 08:30 134337                           /usr/lib/jvm/java-11-openjdk-amd64/lib/server/classes.jsa
800aa6000-800aa7000 rw-p 00aa7000 08:30 134337                           /usr/lib/jvm/java-11-openjdk-amd64/lib/server/classes.jsa
840000000-8400c0000 rw-p 00000000 00:00 0 
8400c0000-880000000 ---p 00000000 00:00 0 
63c5eb5e0000-63c5eb5e1000 r--p 00000000 08:30 134745                     /usr/lib/jvm/java-11-openjdk-amd64/bin/java
63c5eb5e1000-63c5eb5e2000 r-xp 00001000 08:30 134745                     /usr/lib/jvm/java-11-openjdk-amd64/bin/java
63c5eb5e2000-63c5eb5e3000 r--p 00002000 08:30 134745                     /usr/lib/jvm/java-11-openjdk-amd64/bin/java
63c5eb5e3000-63c5eb5e4000 r--p 00002000 08:30 134745                     /usr/lib/jvm/java-11-openjdk-amd64/bin/java
63c5eb5e4000-63c5eb5e5000 rw-p 00003000 08:30 134745                     /usr/lib/jvm/java-11-openjdk-amd64/bin/java
63c61c6e0000-63c61c701000 rw-p 00000000 00:00 0                          [heap]
7f59d8000000-7f59d8031000 rw-p 00000000 00:00 0 
7f59d8031000-7f59dc000000 ---p 00000000 00:00 0 
7f59dd400000-7f59ddd26000 r--p 00000000 08:30 204242                     /home/crz/.javacpp/cache/llvm-13.0.1-1.5.7-linux-x86_64.jar/org/bytedeco/llvm/linux-x86_64/libLLVM-13.so
7f59ddd26000-7f59e16e9000 r-xp 00926000 08:30 204242                     /home/crz/.javacpp/cache/llvm-13.0.1-1.5.7-linux-x86_64.jar/org/bytedeco/llvm/linux-x86_64/libLLVM-13.so
7f59e16e9000-7f59e393e000 r--p 042e9000 08:30 204242                     /home/crz/.javacpp/cache/llvm-13.0.1-1.5.7-linux-x86_64.jar/org/bytedeco/llvm/linux-x86_64/libLLVM-13.so
7f59e393e000-7f59e3e53000 r--p 0653d000 08:30 204242                     /home/crz/.javacpp/cache/llvm-13.0.1-1.5.7-linux-x86_64.jar/org/bytedeco/llvm/linux-x86_64/libLLVM-13.so
7f59e3e53000-7f59e3e5e000 rw-p 06a52000 08:30 204242                     /home/crz/.javacpp/cache/llvm-13.0.1-1.5.7-linux-x86_64.jar/org/bytedeco/llvm/linux-x86_64/libLLVM-13.so
7f59e3e5e000-7f59e3ed4000 rw-p 00000000 00:00 0 
7f59e4000000-7f59e4021000 rw-p 00000000 00:00 0 
7f59e4021000-7f59e8000000 ---p 00000000 00:00 0 
7f59e8000000-7f59e8021000 rw-p 00000000 00:00 0 
7f59e8021000-7f59ec000000 ---p 00000000 00:00 0 
7f59ec000000-7f59ec021000 rw-p 00000000 00:00 0 
7f59ec021000-7f59f0000000 ---p 00000000 00:00 0 
7f59f0000000-7f59f0021000 rw-p 00000000 00:00 0 
7f59f0021000-7f59f4000000 ---p 00000000 00:00 0 
7f59f4000000-7f59f4021000 rw-p 00000000 00:00 0 
7f59f4021000-7f59f8000000 ---p 00000000 00:00 0 
7f59f8000000-7f59f826c000 rw-p 00000000 00:00 0 
7f59f826c000-7f59fc000000 ---p 00000000 00:00 0 
7f59fc000000-7f59fc27c000 rw-p 00000000 00:00 0 
7f59fc27c000-7f5a00000000 ---p 00000000 00:00 0 
7f5a00000000-7f5a001f1000 rw-p 00000000 00:00 0 
7f5a001f1000-7f5a04000000 ---p 00000000 00:00 0 
7f5a04000000-7f5a04021000 rw-p 00000000 00:00 0 
7f5a04021000-7f5a08000000 ---p 00000000 00:00 0 
7f5a08000000-7f5a08021000 rw-p 00000000 00:00 0 
7f5a08021000-7f5a0c000000 ---p 00000000 00:00 0 
7f5a0c000000-7f5a0c021000 rw-p 00000000 00:00 0 
7f5a0c021000-7f5a10000000 ---p 00000000 00:00 0 
7f5a10000000-7f5a10021000 rw-p 00000000 00:00 0 
7f5a10021000-7f5a14000000 ---p 00000000 00:00 0 
7f5a14000000-7f5a14021000 rw-p 00000000 00:00 0 
7f5a14021000-7f5a18000000 ---p 00000000 00:00 0 
7f5a18000000-7f5a18021000 rw-p 00000000 00:00 0 
7f5a18021000-7f5a1c000000 ---p 00000000 00:00 0 
7f5a1c000000-7f5a1c021000 rw-p 00000000 00:00 0 
7f5a1c021000-7f5a20000000 ---p 00000000 00:00 0 
7f5a20000000-7f5a20021000 rw-p 00000000 00:00 0 
7f5a20021000-7f5a24000000 ---p 00000000 00:00 0 
7f5a243f9000-7f5a2445e000 r--p 00000000 08:30 204256                     /home/crz/.javacpp/cache/llvm-13.0.1-1.5.7-linux-x86_64.jar/org/bytedeco/llvm/linux-x86_64/libjniLLVM.so
7f5a2445e000-7f5a244cc000 r-xp 00065000 08:30 204256                     /home/crz/.javacpp/cache/llvm-13.0.1-1.5.7-linux-x86_64.jar/org/bytedeco/llvm/linux-x86_64/libjniLLVM.so
7f5a244cc000-7f5a244f7000 r--p 000d3000 08:30 204256                     /home/crz/.javacpp/cache/llvm-13.0.1-1.5.7-linux-x86_64.jar/org/bytedeco/llvm/linux-x86_64/libjniLLVM.so
7f5a244f7000-7f5a244fa000 r--p 000fd000 08:30 204256                     /home/crz/.javacpp/cache/llvm-13.0.1-1.5.7-linux-x86_64.jar/org/bytedeco/llvm/linux-x86_64/libjniLLVM.so
7f5a244fa000-7f5a244fd000 rw-p 00100000 08:30 204256                     /home/crz/.javacpp/cache/llvm-13.0.1-1.5.7-linux-x86_64.jar/org/bytedeco/llvm/linux-x86_64/libjniLLVM.so
7f5a244fd000-7f5a244ff000 rw-p 00000000 00:00 0 
7f5a244ff000-7f5a24503000 ---p 00000000 00:00 0 
7f5a24503000-7f5a245ff000 rw-p 00000000 00:00 0 
7f5a245ff000-7f5a24603000 ---p 00000000 00:00 0 
7f5a24603000-7f5a246ff000 rw-p 00000000 00:00 0 
7f5a246ff000-7f5a24703000 ---p 00000000 00:00 0 
7f5a24703000-7f5a247ff000 rw-p 00000000 00:00 0 
7f5a247ff000-7f5a24803000 ---p 00000000 00:00 0 
7f5a24803000-7f5a248ff000 rw-p 00000000 00:00 0 
7f5a248ff000-7f5a24900000 ---p 00000000 00:00 0 
7f5a24900000-7f5a24a00000 rw-p 00000000 00:00 0 
7f5a24a00000-7f5a24a04000 ---p 00000000 00:00 0 
7f5a24a04000-7f5a24b00000 rw-p 00000000 00:00 0 
7f5a24b00000-7f5a24b04000 ---p 00000000 00:00 0 
7f5a24b04000-7f5a24c00000 rw-p 00000000 00:00 0 
7f5a24c00000-7f5a24c04000 ---p 00000000 00:00 0 
7f5a24c04000-7f5a24d00000 rw-p 00000000 00:00 0 
7f5a24d00000-7f5a24d04000 ---p 00000000 00:00 0 
7f5a24d04000-7f5a24e00000 rw-p 00000000 00:00 0 
7f5a24e00000-7f5a24e04000 ---p 00000000 00:00 0 
7f5a24e04000-7f5a24f00000 rw-p 00000000 00:00 0 
7f5a24f00000-7f5a24f04000 ---p 00000000 00:00 0 
7f5a24f04000-7f5a25000000 rw-p 00000000 00:00 0 
7f5a25000000-7f5a255ed000 r--p 00000000 08:30 2460                       /usr/lib/locale/locale-archive
7f5a25600000-7f5a25604000 ---p 00000000 00:00 0 
7f5a25604000-7f5a25700000 rw-p 00000000 00:00 0 
7f5a25700000-7f5a25704000 ---p 00000000 00:00 0 
7f5a25704000-7f5a25e00000 rw-p 00000000 00:00 0 
7f5a25e00000-7f5a26000000 ---p 00000000 00:00 0 
7f5a26000000-7f5a28000000 rw-p 00000000 00:00 0 
7f5a28000000-7f5a28021000 rw-p 00000000 00:00 0 
7f5a28021000-7f5a2c000000 ---p 00000000 00:00 0 
7f5a2c05c000-7f5a2c05d000 ---p 00000000 00:00 0 
7f5a2c05d000-7f5a2c15d000 rw-p 00000000 00:00 0 
7f5a2c15d000-7f5a2c15e000 ---p 00000000 00:00 0 
7f5a2c15e000-7f5a2c25e000 rw-p 00000000 00:00 0 
7f5a2c25e000-7f5a2c25f000 ---p 00000000 00:00 0 
7f5a2c25f000-7f5a2c840000 rw-p 00000000 00:00 0 
7f5a2c840000-7f5a2f228000 ---p 00000000 00:00 0 
7f5a2f228000-7f5a2f230000 rw-p 00000000 00:00 0 
7f5a2f230000-7f5a30230000 ---p 00000000 00:00 0 
7f5a30230000-7f5a30610000 rw-p 00000000 00:00 0 
7f5a30610000-7f5a32ff8000 ---p 00000000 00:00 0 
7f5a32ff8000-7f5a33000000 rw-p 00000000 00:00 0 
7f5a33000000-7f5a34000000 ---p 00000000 00:00 0 
7f5a34000000-7f5a34021000 rw-p 00000000 00:00 0 
7f5a34021000-7f5a38000000 ---p 00000000 00:00 0 
7f5a380fb000-7f5a38600000 rw-p 00000000 00:00 0 
7f5a38600000-7f5a38870000 rwxp 00000000 00:00 0 
7f5a38870000-7f5a38d3f000 ---p 00000000 00:00 0 
7f5a38d3f000-7f5a38faf000 rwxp 00000000 00:00 0 
7f5a38faf000-7f5a4019f000 ---p 00000000 00:00 0 
7f5a4019f000-7f5a4040f000 rwxp 00000000 00:00 0 
7f5a4040f000-7f5a47600000 ---p 00000000 00:00 0 
7f5a47600000-7f5a4fe41000 r--s 00000000 08:30 134824                     /usr/lib/jvm/java-11-openjdk-amd64/lib/modules
7f5a4fe7e000-7f5a50000000 rw-p 00000000 00:00 0 
7f5a50000000-7f5a50493000 rw-p 00000000 00:00 0 
7f5a50493000-7f5a54000000 ---p 00000000 00:00 0 
7f5a54005000-7f5a5400c000 r--s 00000000 08:30 126817                     /usr/lib/x86_64-linux-gnu/gconv/gconv-modules.cache
7f5a5400c000-7f5a5400d000 r--p 00000000 08:30 204251                     /home/crz/.javacpp/cache/llvm-13.0.1-1.5.7-linux-x86_64.jar/org/bytedeco/llvm/linux-x86_64/libRemarks.so.13
7f5a5400d000-7f5a5400e000 r-xp 00001000 08:30 204251                     /home/crz/.javacpp/cache/llvm-13.0.1-1.5.7-linux-x86_64.jar/org/bytedeco/llvm/linux-x86_64/libRemarks.so.13
7f5a5400e000-7f5a5400f000 r--p 00002000 08:30 204251                     /home/crz/.javacpp/cache/llvm-13.0.1-1.5.7-linux-x86_64.jar/org/bytedeco/llvm/linux-x86_64/libRemarks.so.13
7f5a5400f000-7f5a54010000 r--p 00002000 08:30 204251                     /home/crz/.javacpp/cache/llvm-13.0.1-1.5.7-linux-x86_64.jar/org/bytedeco/llvm/linux-x86_64/libRemarks.so.13
7f5a54010000-7f5a54011000 rw-p 00003000 08:30 204251                     /home/crz/.javacpp/cache/llvm-13.0.1-1.5.7-linux-x86_64.jar/org/bytedeco/llvm/linux-x86_64/libRemarks.so.13
7f5a54011000-7f5a54018000 r--p 00000000 08:30 204245                     /home/crz/.javacpp/cache/llvm-13.0.1-1.5.7-linux-x86_64.jar/org/bytedeco/llvm/linux-x86_64/libLTO.so.13
7f5a54018000-7f5a54020000 r-xp 00007000 08:30 204245                     /home/crz/.javacpp/cache/llvm-13.0.1-1.5.7-linux-x86_64.jar/org/bytedeco/llvm/linux-x86_64/libLTO.so.13
7f5a54020000-7f5a54022000 r--p 0000f000 08:30 204245                     /home/crz/.javacpp/cache/llvm-13.0.1-1.5.7-linux-x86_64.jar/org/bytedeco/llvm/linux-x86_64/libLTO.so.13
7f5a54022000-7f5a54023000 r--p 00010000 08:30 204245                     /home/crz/.javacpp/cache/llvm-13.0.1-1.5.7-linux-x86_64.jar/org/bytedeco/llvm/linux-x86_64/libLTO.so.13
7f5a54023000-7f5a54024000 rw-p 00011000 08:30 204245                     /home/crz/.javacpp/cache/llvm-13.0.1-1.5.7-linux-x86_64.jar/org/bytedeco/llvm/linux-x86_64/libLTO.so.13
7f5a54024000-7f5a54028000 r--p 00000000 08:30 204229                     /home/crz/.javacpp/cache/javacpp-1.5.7-linux-x86_64.jar/org/bytedeco/javacpp/linux-x86_64/libjnijavacpp.so
7f5a54028000-7f5a5402f000 r-xp 00004000 08:30 204229                     /home/crz/.javacpp/cache/javacpp-1.5.7-linux-x86_64.jar/org/bytedeco/javacpp/linux-x86_64/libjnijavacpp.so
7f5a5402f000-7f5a54033000 r--p 0000b000 08:30 204229                     /home/crz/.javacpp/cache/javacpp-1.5.7-linux-x86_64.jar/org/bytedeco/javacpp/linux-x86_64/libjnijavacpp.so
7f5a54033000-7f5a54034000 r--p 0000e000 08:30 204229                     /home/crz/.javacpp/cache/javacpp-1.5.7-linux-x86_64.jar/org/bytedeco/javacpp/linux-x86_64/libjnijavacpp.so
7f5a54034000-7f5a54035000 rw-p 0000f000 08:30 204229                     /home/crz/.javacpp/cache/javacpp-1.5.7-linux-x86_64.jar/org/bytedeco/javacpp/linux-x86_64/libjnijavacpp.so
7f5a54035000-7f5a548c9000 rw-p 00000000 00:00 0 
7f5a548c9000-7f5a548ca000 ---p 00000000 00:00 0 
7f5a548ca000-7f5a549ca000 rw-p 00000000 00:00 0 
7f5a549ca000-7f5a549cb000 ---p 00000000 00:00 0 
7f5a549cb000-7f5a54d3e000 rw-p 00000000 00:00 0 
7f5a54d3e000-7f5a5527b000 ---p 00000000 00:00 0 
7f5a5527b000-7f5a5527c000 rw-p 00000000 00:00 0 
7f5a5527c000-7f5a5547c000 ---p 00000000 00:00 0 
7f5a5547c000-7f5a554f8000 rw-p 00000000 00:00 0 
7f5a554f8000-7f5a55a35000 ---p 00000000 00:00 0 
7f5a55a35000-7f5a55a36000 rw-p 00000000 00:00 0 
7f5a55a36000-7f5a55c36000 ---p 00000000 00:00 0 
7f5a55c36000-7f5a55cb2000 rw-p 00000000 00:00 0 
7f5a55cb2000-7f5a561ef000 ---p 00000000 00:00 0 
7f5a561ef000-7f5a561f0000 rw-p 00000000 00:00 0 
7f5a561f0000-7f5a563f0000 ---p 00000000 00:00 0 
7f5a563f0000-7f5a572ff000 rw-p 00000000 00:00 0 
7f5a572ff000-7f5a57300000 ---p 00000000 00:00 0 
7f5a57300000-7f5a57400000 rw-p 00000000 00:00 0 
7f5a57400000-7f5a5749a000 r--p 00000000 08:30 6947                       /usr/lib/x86_64-linux-gnu/libstdc++.so.6.0.30
7f5a5749a000-7f5a575ab000 r-xp 0009a000 08:30 6947                       /usr/lib/x86_64-linux-gnu/libstdc++.so.6.0.30
7f5a575ab000-7f5a5761a000 r--p 001ab000 08:30 6947                       /usr/lib/x86_64-linux-gnu/libstdc++.so.6.0.30
7f5a5761a000-7f5a5761b000 ---p 0021a000 08:30 6947                       /usr/lib/x86_64-linux-gnu/libstdc++.so.6.0.30
7f5a5761b000-7f5a57626000 r--p 0021a000 08:30 6947                       /usr/lib/x86_64-linux-gnu/libstdc++.so.6.0.30
7f5a57626000-7f5a57629000 rw-p 00225000 08:30 6947                       /usr/lib/x86_64-linux-gnu/libstdc++.so.6.0.30
7f5a57629000-7f5a5762c000 rw-p 00000000 00:00 0 
7f5a5762e000-7f5a57633000 rw-p 00000000 00:00 0 
7f5a57633000-7f5a57717000 ---p 00000000 00:00 0 
7f5a57717000-7f5a5771c000 rw-p 00000000 00:00 0 
7f5a5771c000-7f5a57800000 ---p 00000000 00:00 0 
7f5a57800000-7f5a57a83000 r--p 00000000 08:30 134827                     /usr/lib/jvm/java-11-openjdk-amd64/lib/server/libjvm.so
7f5a57a83000-7f5a5872e000 r-xp 00283000 08:30 134827                     /usr/lib/jvm/java-11-openjdk-amd64/lib/server/libjvm.so
7f5a5872e000-7f5a5898a000 r--p 00f2e000 08:30 134827                     /usr/lib/jvm/java-11-openjdk-amd64/lib/server/libjvm.so
7f5a5898a000-7f5a58a4e000 r--p 01189000 08:30 134827                     /usr/lib/jvm/java-11-openjdk-amd64/lib/server/libjvm.so
7f5a58a4e000-7f5a58a89000 rw-p 0124d000 08:30 134827                     /usr/lib/jvm/java-11-openjdk-amd64/lib/server/libjvm.so
7f5a58a89000-7f5a58ae0000 rw-p 00000000 00:00 0 
7f5a58ae3000-7f5a58ae4000 r--p 00000000 08:30 94026                      /usr/lib/x86_64-linux-gnu/libdl.so.2
7f5a58ae4000-7f5a58ae5000 r-xp 00001000 08:30 94026                      /usr/lib/x86_64-linux-gnu/libdl.so.2
7f5a58ae5000-7f5a58ae6000 r--p 00002000 08:30 94026                      /usr/lib/x86_64-linux-gnu/libdl.so.2
7f5a58ae6000-7f5a58ae7000 r--p 00002000 08:30 94026                      /usr/lib/x86_64-linux-gnu/libdl.so.2
7f5a58ae7000-7f5a58ae8000 rw-p 00003000 08:30 94026                      /usr/lib/x86_64-linux-gnu/libdl.so.2
7f5a58ae8000-7f5a58aec000 r--p 00000000 08:30 134814                     /usr/lib/jvm/java-11-openjdk-amd64/lib/libnet.so
7f5a58aec000-7f5a58afa000 r-xp 00004000 08:30 134814                     /usr/lib/jvm/java-11-openjdk-amd64/lib/libnet.so
7f5a58afa000-7f5a58afe000 r--p 00012000 08:30 134814                     /usr/lib/jvm/java-11-openjdk-amd64/lib/libnet.so
7f5a58afe000-7f5a58aff000 r--p 00015000 08:30 134814                     /usr/lib/jvm/java-11-openjdk-amd64/lib/libnet.so
7f5a58aff000-7f5a58b00000 rw-p 00016000 08:30 134814                     /usr/lib/jvm/java-11-openjdk-amd64/lib/libnet.so
7f5a58b00000-7f5a58b04000 ---p 00000000 00:00 0 
7f5a58b04000-7f5a58c00000 rw-p 00000000 00:00 0 
7f5a58c00000-7f5a58c28000 r--p 00000000 08:30 94024                      /usr/lib/x86_64-linux-gnu/libc.so.6
7f5a58c28000-7f5a58dbd000 r-xp 00028000 08:30 94024                      /usr/lib/x86_64-linux-gnu/libc.so.6
7f5a58dbd000-7f5a58e15000 r--p 001bd000 08:30 94024                      /usr/lib/x86_64-linux-gnu/libc.so.6
7f5a58e15000-7f5a58e16000 ---p 00215000 08:30 94024                      /usr/lib/x86_64-linux-gnu/libc.so.6
7f5a58e16000-7f5a58e1a000 r--p 00215000 08:30 94024                      /usr/lib/x86_64-linux-gnu/libc.so.6
7f5a58e1a000-7f5a58e1c000 rw-p 00219000 08:30 94024                      /usr/lib/x86_64-linux-gnu/libc.so.6
7f5a58e1c000-7f5a58e29000 rw-p 00000000 00:00 0 
7f5a58e29000-7f5a58e2a000 r--p 00000000 08:30 94037                      /usr/lib/x86_64-linux-gnu/libpthread.so.0
7f5a58e2a000-7f5a58e2b000 r-xp 00001000 08:30 94037                      /usr/lib/x86_64-linux-gnu/libpthread.so.0
7f5a58e2b000-7f5a58e2c000 r--p 00002000 08:30 94037                      /usr/lib/x86_64-linux-gnu/libpthread.so.0
7f5a58e2c000-7f5a58e2d000 r--p 00002000 08:30 94037                      /usr/lib/x86_64-linux-gnu/libpthread.so.0
7f5a58e2d000-7f5a58e2e000 rw-p 00003000 08:30 94037                      /usr/lib/x86_64-linux-gnu/libpthread.so.0
7f5a58e2e000-7f5a58e35000 r--p 00000000 08:30 134815                     /usr/lib/jvm/java-11-openjdk-amd64/lib/libnio.so
7f5a58e35000-7f5a58e3d000 r-xp 00007000 08:30 134815                     /usr/lib/jvm/java-11-openjdk-amd64/lib/libnio.so
7f5a58e3d000-7f5a58e40000 r--p 0000f000 08:30 134815                     /usr/lib/jvm/java-11-openjdk-amd64/lib/libnio.so
7f5a58e40000-7f5a58e41000 r--p 00011000 08:30 134815                     /usr/lib/jvm/java-11-openjdk-amd64/lib/libnio.so
7f5a58e41000-7f5a58e42000 rw-p 00012000 08:30 134815                     /usr/lib/jvm/java-11-openjdk-amd64/lib/libnio.so
7f5a58e42000-7f5a58eb1000 rw-p 00000000 00:00 0 
7f5a58eb1000-7f5a58ebb000 ---p 00000000 00:00 0 
7f5a58ebb000-7f5a58ebd000 r--p 00000000 08:30 134823                     /usr/lib/jvm/java-11-openjdk-amd64/lib/libzip.so
7f5a58ebd000-7f5a58ec2000 r-xp 00002000 08:30 134823                     /usr/lib/jvm/java-11-openjdk-amd64/lib/libzip.so
7f5a58ec2000-7f5a58ec4000 r--p 00007000 08:30 134823                     /usr/lib/jvm/java-11-openjdk-amd64/lib/libzip.so
7f5a58ec4000-7f5a58ec5000 r--p 00008000 08:30 134823                     /usr/lib/jvm/java-11-openjdk-amd64/lib/libzip.so
7f5a58ec5000-7f5a58ec6000 rw-p 00009000 08:30 134823                     /usr/lib/jvm/java-11-openjdk-amd64/lib/libzip.so
7f5a58ec6000-7f5a58ece000 rw-s 00000000 08:30 292452                     /tmp/hsperfdata_crz/20523
7f5a58ece000-7f5a58ed0000 r--p 00000000 08:30 134806                     /usr/lib/jvm/java-11-openjdk-amd64/lib/libjimage.so
7f5a58ed0000-7f5a58ed3000 r-xp 00002000 08:30 134806                     /usr/lib/jvm/java-11-openjdk-amd64/lib/libjimage.so
7f5a58ed3000-7f5a58ed4000 r--p 00005000 08:30 134806                     /usr/lib/jvm/java-11-openjdk-amd64/lib/libjimage.so
7f5a58ed4000-7f5a58ed5000 ---p 00006000 08:30 134806                     /usr/lib/jvm/java-11-openjdk-amd64/lib/libjimage.so
7f5a58ed5000-7f5a58ed6000 r--p 00006000 08:30 134806                     /usr/lib/jvm/java-11-openjdk-amd64/lib/libjimage.so
7f5a58ed6000-7f5a58ed7000 rw-p 00007000 08:30 134806                     /usr/lib/jvm/java-11-openjdk-amd64/lib/libjimage.so
7f5a58ed7000-7f5a58ee5000 r--p 00000000 08:30 134803                     /usr/lib/jvm/java-11-openjdk-amd64/lib/libjava.so
7f5a58ee5000-7f5a58efb000 r-xp 0000e000 08:30 134803                     /usr/lib/jvm/java-11-openjdk-amd64/lib/libjava.so
7f5a58efb000-7f5a58f02000 r--p 00024000 08:30 134803                     /usr/lib/jvm/java-11-openjdk-amd64/lib/libjava.so
7f5a58f02000-7f5a58f03000 r--p 0002a000 08:30 134803                     /usr/lib/jvm/java-11-openjdk-amd64/lib/libjava.so
7f5a58f03000-7f5a58f04000 rw-p 0002b000 08:30 134803                     /usr/lib/jvm/java-11-openjdk-amd64/lib/libjava.so
7f5a58f04000-7f5a58f05000 rw-p 00000000 00:00 0 
7f5a58f05000-7f5a58f06000 r--p 00000000 08:30 94039                      /usr/lib/x86_64-linux-gnu/librt.so.1
7f5a58f06000-7f5a58f07000 r-xp 00001000 08:30 94039                      /usr/lib/x86_64-linux-gnu/librt.so.1
7f5a58f07000-7f5a58f08000 r--p 00002000 08:30 94039                      /usr/lib/x86_64-linux-gnu/librt.so.1
7f5a58f08000-7f5a58f09000 r--p 00002000 08:30 94039                      /usr/lib/x86_64-linux-gnu/librt.so.1
7f5a58f09000-7f5a58f0a000 rw-p 00003000 08:30 94039                      /usr/lib/x86_64-linux-gnu/librt.so.1
7f5a58f0a000-7f5a58f0d000 r--p 00000000 08:30 6709                       /usr/lib/x86_64-linux-gnu/libgcc_s.so.1
7f5a58f0d000-7f5a58f24000 r-xp 00003000 08:30 6709                       /usr/lib/x86_64-linux-gnu/libgcc_s.so.1
7f5a58f24000-7f5a58f28000 r--p 0001a000 08:30 6709                       /usr/lib/x86_64-linux-gnu/libgcc_s.so.1
7f5a58f28000-7f5a58f29000 r--p 0001d000 08:30 6709                       /usr/lib/x86_64-linux-gnu/libgcc_s.so.1
7f5a58f29000-7f5a58f2a000 rw-p 0001e000 08:30 6709                       /usr/lib/x86_64-linux-gnu/libgcc_s.so.1
7f5a58f2a000-7f5a58f38000 r--p 00000000 08:30 94027                      /usr/lib/x86_64-linux-gnu/libm.so.6
7f5a58f38000-7f5a58fb4000 r-xp 0000e000 08:30 94027                      /usr/lib/x86_64-linux-gnu/libm.so.6
7f5a58fb4000-7f5a5900f000 r--p 0008a000 08:30 94027                      /usr/lib/x86_64-linux-gnu/libm.so.6
7f5a5900f000-7f5a59010000 r--p 000e4000 08:30 94027                      /usr/lib/x86_64-linux-gnu/libm.so.6
7f5a59010000-7f5a59011000 rw-p 000e5000 08:30 94027                      /usr/lib/x86_64-linux-gnu/libm.so.6
7f5a59011000-7f5a59014000 rw-p 00000000 00:00 0 
7f5a59014000-7f5a59017000 r--p 00000000 08:30 134788                     /usr/lib/jvm/java-11-openjdk-amd64/lib/jli/libjli.so
7f5a59017000-7f5a59021000 r-xp 00003000 08:30 134788                     /usr/lib/jvm/java-11-openjdk-amd64/lib/jli/libjli.so
7f5a59021000-7f5a59024000 r--p 0000d000 08:30 134788                     /usr/lib/jvm/java-11-openjdk-amd64/lib/jli/libjli.so
7f5a59024000-7f5a59025000 ---p 00010000 08:30 134788                     /usr/lib/jvm/java-11-openjdk-amd64/lib/jli/libjli.so
7f5a59025000-7f5a59026000 r--p 00010000 08:30 134788                     /usr/lib/jvm/java-11-openjdk-amd64/lib/jli/libjli.so
7f5a59026000-7f5a59027000 rw-p 00011000 08:30 134788                     /usr/lib/jvm/java-11-openjdk-amd64/lib/jli/libjli.so
7f5a59027000-7f5a59029000 r--p 00000000 08:30 6997                       /usr/lib/x86_64-linux-gnu/libz.so.1.2.11
7f5a59029000-7f5a5903a000 r-xp 00002000 08:30 6997                       /usr/lib/x86_64-linux-gnu/libz.so.1.2.11
7f5a5903a000-7f5a59040000 r--p 00013000 08:30 6997                       /usr/lib/x86_64-linux-gnu/libz.so.1.2.11
7f5a59040000-7f5a59041000 ---p 00019000 08:30 6997                       /usr/lib/x86_64-linux-gnu/libz.so.1.2.11
7f5a59041000-7f5a59042000 r--p 00019000 08:30 6997                       /usr/lib/x86_64-linux-gnu/libz.so.1.2.11
7f5a59042000-7f5a59043000 rw-p 0001a000 08:30 6997                       /usr/lib/x86_64-linux-gnu/libz.so.1.2.11
7f5a59043000-7f5a59044000 ---p 00000000 00:00 0 
7f5a59044000-7f5a59045000 r--p 00000000 00:00 0 
7f5a59045000-7f5a5904a000 r--p 00000000 08:30 134822                     /usr/lib/jvm/java-11-openjdk-amd64/lib/libverify.so
7f5a5904a000-7f5a59051000 r-xp 00005000 08:30 134822                     /usr/lib/jvm/java-11-openjdk-amd64/lib/libverify.so
7f5a59051000-7f5a59053000 r--p 0000c000 08:30 134822                     /usr/lib/jvm/java-11-openjdk-amd64/lib/libverify.so
7f5a59053000-7f5a59055000 r--p 0000d000 08:30 134822                     /usr/lib/jvm/java-11-openjdk-amd64/lib/libverify.so
7f5a59055000-7f5a59056000 rw-p 0000f000 08:30 134822                     /usr/lib/jvm/java-11-openjdk-amd64/lib/libverify.so
7f5a59056000-7f5a59058000 rw-p 00000000 00:00 0 
7f5a59058000-7f5a5905a000 r--p 00000000 08:30 94020                      /usr/lib/x86_64-linux-gnu/ld-linux-x86-64.so.2
7f5a5905a000-7f5a59084000 r-xp 00002000 08:30 94020                      /usr/lib/x86_64-linux-gnu/ld-linux-x86-64.so.2
7f5a59084000-7f5a5908f000 r--p 0002c000 08:30 94020                      /usr/lib/x86_64-linux-gnu/ld-linux-x86-64.so.2
7f5a59090000-7f5a59092000 r--p 00037000 08:30 94020                      /usr/lib/x86_64-linux-gnu/ld-linux-x86-64.so.2
7f5a59092000-7f5a59094000 rw-p 00039000 08:30 94020                      /usr/lib/x86_64-linux-gnu/ld-linux-x86-64.so.2
7ffdbb6e1000-7ffdbb703000 rw-p 00000000 00:00 0                          [stack]
7ffdbb7e0000-7ffdbb7e4000 r--p 00000000 00:00 0                          [vvar]
7ffdbb7e4000-7ffdbb7e6000 r-xp 00000000 00:00 0                          [vdso]


VM Arguments:
java_command: Main tests/develop_test/1.sysy tests/develop_test/.ll
java_class_path (initial): ./classes:/usr/local/lib/antlr-4.9.1-complete.jar:/usr/local/lib/llvm-13.0.1-1.5.7.jar:/usr/local/lib/llvm-13.0.1-1.5.7-linux-x86_64.jar:/usr/local/lib/llvm-platform-13.0.1-1.5.7.jar:/usr/local/lib/javacpp-1.5.7-linux-x86_64.jar:/usr/local/lib/javacpp-1.5.7.jar
Launcher Type: SUN_STANDARD

[Global flags]
     intx CICompilerCount                          = 12                                        {product} {ergonomic}
     uint ConcGCThreads                            = 4                                         {product} {ergonomic}
     uint G1ConcRefinementThreads                  = 15                                        {product} {ergonomic}
   size_t G1HeapRegionSize                         = 1048576                                   {product} {ergonomic}
    uintx GCDrainStackTargetSize                   = 64                                        {product} {ergonomic}
   size_t InitialHeapSize                          = 260046848                                 {product} {ergonomic}
   size_t MarkStackSize                            = 4194304                                   {product} {ergonomic}
   size_t MaxHeapSize                              = 4148166656                                {product} {ergonomic}
   size_t MaxNewSize                               = 2488270848                                {product} {ergonomic}
   size_t MinHeapDeltaBytes                        = 1048576                                   {product} {ergonomic}
    uintx NonNMethodCodeHeapSize                   = 7594288                                {pd product} {ergonomic}
    uintx NonProfiledCodeHeapSize                  = 122031976                              {pd product} {ergonomic}
    uintx ProfiledCodeHeapSize                     = 122031976                              {pd product} {ergonomic}
    uintx ReservedCodeCacheSize                    = 251658240                              {pd product} {ergonomic}
     bool SegmentedCodeCache                       = true                                      {product} {ergonomic}
     bool UseCompressedClassPointers               = true                                 {lp64_product} {ergonomic}
     bool UseCompressedOops                        = true                                 {lp64_product} {ergonomic}
     bool UseG1GC                                  = true                                      {product} {ergonomic}

Logging:
Log output configuration:
 #0: stdout all=warning uptime,level,tags
 #1: stderr all=off uptime,level,tags

Environment Variables:
CLASSPATH=/usr/local/lib/antlr-4.9.1-complete.jar:/usr/local/lib/llvm-13.0.1-1.5.7.jar:/usr/local/lib/llvm-13.0.1-1.5.7-linux-x86_64.jar:/usr/local/lib/llvm-platform-13.0.1-1.5.7.jar:/usr/local/lib/javacpp-1.5.7-linux-x86_64.jar:/usr/local/lib/javacpp-1.5.7.jar
PATH=/home/crz/.local/bin:/home/crz/.cargo/bin:/home/crz/.local/bin:~/my_script:/usr/local/sbin:/usr/local/bin:/usr/sbin:/usr/bin:/sbin:/bin:/usr/games:/usr/local/games:/usr/lib/wsl/lib:/mnt/c/Program Files/Java/jdk-21/bin:/mnt/c/Program Files/Common Files/Oracle/Java/javapath:/mnt/e/vmware/bin/:/mnt/c/Program Files (x86)/Common Files/Oracle/Java/java8path:/mnt/c/Program Files (x86)/Common Files/Oracle/Java/javapath:/mnt/c/Windows/system32:/mnt/c/Windows:/mnt/c/Windows/System32/Wbem:/mnt/c/Windows/System32/WindowsPowerShell/v1.0/:/mnt/c/Windows/System32/OpenSSH/:/mnt/c/Users/crz/Downloads/winlibs-x86_64-posix-seh-gcc-12.3.0-llvm-16.0.4-mingw-w64ucrt-11.0.0-r1.zip/mingw64/bin:/mnt/d/mingw64/bin:/mnt/d/Git/cmd:/mnt/c/Program Files/dotnet/:/mnt/e/SDL-CPLproj/SDL2/mingw(CLion+VSC)/SDL2-2.26.0-allinone/x86_64-w64-mingw32/bin:/mnt/c/Program Files/Cloudflare/Cloudflare WARP/:/mnt/c/Users/crz/AppData/Local/Programs/Python/Python311/Lib/site-packages/pyecharts:/mnt/c/Program Files/MATLAB/R2023a/runtime/win64:/mnt/c/Program Files/MATLAB/R2023a/bin:/mnt/c/Program Files/gs/gs10.03.1/bin:/mnt/e/:/mnt/e/bitvise-ssh:/mnt/d/:/mnt/c/ProgramData/chocolatey/bin:/mnt/c/Program Files/MySQL/MySQL Server 8.0/bin:/mnt/c/Program Files/MySQL/MySQL Shell 8.0/bin/:/mnt/e/anaconda3:/mnt/e/anaconda3/Library/mingw-w64/bin:/mnt/e/anaconda3/Library/usr/bin:/mnt/e/anaconda3/Library/bin:/mnt/e/anaconda3/Scripts:/mnt/c/Users/crz/AppData/Local/Microsoft/WindowsApps:/mnt/e/Microsoft VS Code/bin:/mnt/e/CLion 2022.3/bin:/mnt/c/Users/crz/AppData/Local/JetBrains/Toolbox/scripts:/mnt/d/PyCharm 2023.3.4/bin:/mnt/d/IntelliJ IDEA 2023.3.4/bin:/mnt/c/Users/crz/anaconda3/Lib/site-packages:/mnt/d/texlive/2024/bin/windows:/mnt/c/Users/crz/AppData/Roaming/npm:/mnt/d/WebStorm 2024.3.2.1/bin:/snap/bin:/mnt/c/Users/crz/AppData/Local/Programs/Microsoft VS Code/bin:/mnt/e/Microsoft\ VS\ Code/bin
SHELL=/bin/bash
DISPLAY=:0.0
HOSTTYPE=x86_64
LANG=en_US.UTF-8
LC_ALL=en_US.UTF-8
TERM=xterm-256color

Signal Handlers:
SIGSEGV: [libjvm.so+0xebbd40], sa_mask[0]=11111111011111111101111111111110, sa_flags=SA_RESTART|SA_SIGINFO
SIGBUS: [libjvm.so+0xebbd40], sa_mask[0]=11111111011111111101111111111110, sa_flags=SA_RESTART|SA_SIGINFO
SIGFPE: [libjvm.so+0xebbd40], sa_mask[0]=11111111011111111101111111111110, sa_flags=SA_RESTART|SA_SIGINFO
SIGPIPE: [libjvm.so+0xbfe040], sa_mask[0]=11111111011111111101111111111110, sa_flags=SA_RESTART|SA_SIGINFO
SIGXFSZ: [libjvm.so+0xbfe040], sa_mask[0]=11111111011111111101111111111110, sa_flags=SA_RESTART|SA_SIGINFO
SIGILL: [libjvm.so+0xebbd40], sa_mask[0]=11111111011111111101111111111110, sa_flags=SA_RESTART|SA_SIGINFO
SIGUSR2: [libjvm.so+0xbfdee0], sa_mask[0]=00000000000000000000000000000000, sa_flags=SA_RESTART|SA_SIGINFO
SIGHUP: [libjvm.so+0xbfe6a0], sa_mask[0]=11111111011111111101111111111110, sa_flags=SA_RESTART|SA_SIGINFO
SIGINT: [libjvm.so+0xbfe6a0], sa_mask[0]=11111111011111111101111111111110, sa_flags=SA_RESTART|SA_SIGINFO
SIGTERM: [libjvm.so+0xbfe6a0], sa_mask[0]=11111111011111111101111111111110, sa_flags=SA_RESTART|SA_SIGINFO
SIGQUIT: [libjvm.so+0xbfe6a0], sa_mask[0]=11111111011111111101111111111110, sa_flags=SA_RESTART|SA_SIGINFO


---------------  S Y S T E M  ---------------

OS:DISTRIB_ID=Ubuntu
DISTRIB_RELEASE=22.04
DISTRIB_CODENAME=jammy
DISTRIB_DESCRIPTION="Ubuntu 22.04.5 LTS"
uname:Linux 6.6.87.2-microsoft-standard-WSL2 #1 SMP PREEMPT_DYNAMIC Thu Jun  5 18:30:46 UTC 2025 x86_64
OS uptime: 0 days 6:46 hours
libc:glibc 2.35 NPTL 2.35 
rlimit (soft/hard): STACK 8192k/infinity , CORE 0k/infinity , NPROC 63245/63245 , NOFILE 1048576/1048576 , AS infinity/infinity , CPU infinity/infinity , DATA infinity/infinity , FSIZE infinity/infinity , MEMLOCK 65536k/65536k
load average:8.17 3.99 2.18

/proc/meminfo:
MemTotal:       16200860 kB
MemFree:        11897664 kB
MemAvailable:   13052740 kB
Buffers:           12272 kB
Cached:          1316084 kB
SwapCached:            0 kB
Active:           403920 kB
Inactive:        3393064 kB
Active(anon):       2696 kB
Inactive(anon):  2508832 kB
Active(file):     401224 kB
Inactive(file):   884232 kB
Unevictable:           0 kB
Mlocked:               0 kB
SwapTotal:       4194304 kB
SwapFree:        4194304 kB
Dirty:                40 kB
Writeback:             0 kB
AnonPages:       2469140 kB
Mapped:          1002936 kB
Shmem:             42900 kB
KReclaimable:     112476 kB
Slab:             219348 kB
SReclaimable:     112476 kB
SUnreclaim:       106872 kB
KernelStack:       10512 kB
PageTables:        17140 kB
SecPageTables:         0 kB
NFS_Unstable:          0 kB
Bounce:                0 kB
WritebackTmp:          0 kB
CommitLimit:    12294732 kB
Committed_AS:    4912304 kB
VmallocTotal:   34359738367 kB
VmallocUsed:       39668 kB
VmallocChunk:          0 kB
Percpu:            14784 kB
HardwareCorrupted:     0 kB
AnonHugePages:         0 kB
ShmemHugePages:        0 kB
ShmemPmdMapped:        0 kB
FileHugePages:         0 kB
FilePmdMapped:         0 kB
Unaccepted:            0 kB
HugePages_Total:       0
HugePages_Free:        0
HugePages_Rsvd:        0
HugePages_Surp:        0
Hugepagesize:       2048 kB
Hugetlb:               0 kB
DirectMap4k:      148480 kB
DirectMap2M:     8062976 kB
DirectMap1G:    16777216 kB

/sys/kernel/mm/transparent_hugepage/enabled:
always [madvise] never
/sys/kernel/mm/transparent_hugepage/defrag (defrag/compaction efforts parameter):
always defer defer+madvise [madvise] never

Process Memory:
Virtual Size: 7197384K (peak: 15576112K)
Resident Set Size: 98108K (peak: 98108K) (anon: 40760K, file: 57348K, shmem: 0K)
Swapped out: 0K
C-Heap outstanding allocations: 43478K, retained: 2889K
glibc malloc tunables: (default)

/proc/sys/kernel/threads-max (system-wide limit on the number of threads):
126490
/proc/sys/vm/max_map_count (maximum number of memory map areas a process may have):
65530
/proc/sys/kernel/pid_max (system-wide limit on number of process identifiers):
4194304

container (cgroup) information:
container_type: cgroupv2
cpu_cpuset_cpus: not supported
cpu_memory_nodes: not supported
active_processor_count: 20
cpu_quota: not supported
cpu_period: not supported
cpu_shares: not supported
memory_limit_in_bytes: not supported
memory_and_swap_limit_in_bytes: not supported
memory_soft_limit_in_bytes: not supported
memory_usage_in_bytes: not supported
memory_max_usage_in_bytes: not supported
memory_swap_current_in_bytes: not supported
memory_swap_max_limit_in_bytes: not supported
maximum number of tasks: not supported
current number of tasks: not supported

Hyper-V virtualization detected
Steal ticks since vm start: 0
Steal ticks percentage since vm start:  0.000

CPU:total 20 (initial active 20) (16 cores per cpu, 2 threads per core) family 6 model 186 stepping 2 microcode 0xffffffff, cmov, cx8, fxsr, mmx, sse, sse2, sse3, ssse3, sse4.1, sse4.2, popcnt, avx, avx2, aes, clmul, erms, 3dnowpref, lzcnt, ht, tsc, tscinvbit, bmi1, bmi2, adx, sha, fma
CPU Model and flags from /proc/cpuinfo:
model name	: 13th Gen Intel(R) Core(TM) i9-13900H
flags		: fpu vme de pse tsc msr pae mce cx8 apic sep mtrr pge mca cmov pat pse36 clflush mmx fxsr sse sse2 ss ht syscall nx pdpe1gb rdtscp lm constant_tsc rep_good nopl xtopology tsc_reliable nonstop_tsc cpuid tsc_known_freq pni pclmulqdq vmx ssse3 fma cx16 pcid sse4_1 sse4_2 x2apic movbe popcnt tsc_deadline_timer aes xsave avx f16c rdrand hypervisor lahf_lm abm 3dnowprefetch ssbd ibrs ibpb stibp ibrs_enhanced tpr_shadow ept vpid ept_ad fsgsbase tsc_adjust bmi1 avx2 smep bmi2 erms invpcid rdseed adx smap clflushopt clwb sha_ni xsaveopt xsavec xgetbv1 xsaves avx_vnni vnmi umip waitpkg gfni vaes vpclmulqdq rdpid movdiri movdir64b fsrm md_clear serialize flush_l1d arch_capabilities
Online cpus:
0-19
Offline cpus:

BIOS frequency limitation:
<Not Available>
Frequency switch latency (ns):
<Not Available>
Available cpu frequencies:
<Not Available>
Current governor:
<Not Available>
Core performance/turbo boost:
<Not Available>

Memory: 4k page, physical 16200860k(11897664k free), swap 4194304k(4194304k free)

vm_info: OpenJDK 64-Bit Server VM (11.0.27+6-post-Ubuntu-0ubuntu122.04) for linux-amd64 JRE (11.0.27+6-post-Ubuntu-0ubuntu122.04), built on Apr 21 2025 05:59:45 by "unknown" with gcc 11.4.0

END.
