#
# A fatal error has been detected by the Java Runtime Environment:
#
#  SIGSEGV (0xb) at pc=0x00007f8ef20d407e, pid=48513, tid=48514
#
# JRE version: OpenJDK Runtime Environment (11.0.27+6) (build 11.0.27+6-post-Ubuntu-0ubuntu122.04)
# Java VM: OpenJDK 64-Bit Server VM (11.0.27+6-post-Ubuntu-0ubuntu122.04, mixed mode, sharing, tiered, compressed oops, g1 gc, linux-amd64)
# Problematic frame:
# C  [libLLVM-13.so+0xba807e]  (anonymous namespace)::TypePrinting::print(llvm::Type*, llvm::raw_ostream&)+0x1e
#
# Core dump will be written. Default location: Core dumps may be processed with "/wsl-capture-crash %t %E %p %s" (or dumping to /home/crz/compilers/Lab/core.48513)
#
# If you would like to submit a bug report, please visit:
#   https://bugs.launchpad.net/ubuntu/+source/openjdk-lts
# The crash happened outside the Java Virtual Machine in native code.
# See problematic frame for where to report the bug.
#

---------------  S U M M A R Y ------------

Command Line: Main tests/lab6_test/constproptest2.sysy tests/lab6_test/constproptest2.ll

Host: 13th Gen Intel(R) Core(TM) i9-13900H, 20 cores, 15G, Ubuntu 22.04.5 LTS
Time: Wed May 21 14:00:13 2025 CST elapsed time: 0.180920 seconds (0d 0h 0m 0s)

---------------  T H R E A D  ---------------

Current thread (0x00007f8f6c015800):  JavaThread "main" [_thread_in_native, id=48514, stack(0x00007f8f7223e000,0x00007f8f7233e000)]

Stack: [0x00007f8f7223e000,0x00007f8f7233e000],  sp=0x00007f8f7233c0d0,  free space=1016k
Native frames: (J=compiled Java code, A=aot compiled Java code, j=interpreted, Vv=VM code, C=native code)
C  [libLLVM-13.so+0xba807e]  (anonymous namespace)::TypePrinting::print(llvm::Type*, llvm::raw_ostream&)+0x1e

Java frames: (J=compiled Java code, j=interpreted, Vv=VM code)
j  org.bytedeco.llvm.global.LLVM.LLVMPrintValueToString(Lorg/bytedeco/llvm/LLVM/LLVMValueRef;)Lorg/bytedeco/javacpp/BytePointer;+0
j  Main.get_var_num(Lorg/bytedeco/llvm/LLVM/LLVMModuleRef;)I+61
j  Main.main([Ljava/lang/String;)V+172
v  ~StubRoutines::call_stub

siginfo: si_signo: 11 (SIGSEGV), si_code: 1 (SEGV_MAPERR), si_addr: 0x0000000000000018

Register to memory mapping:

RAX=0x00007f8f7233c1f0 is pointing into the stack for thread: 0x00007f8f6c015800
RBX=0x0 is NULL
RCX=0x00007f8ef5821ea8: <offset 0x00000000042f5ea8> in /home/crz/.javacpp/cache/llvm-13.0.1-1.5.7-linux-x86_64.jar/org/bytedeco/llvm/linux-x86_64/libLLVM-13.so at 0x00007f8ef152c000
RDX=0x00007f8ef5823f30: <offset 0x00000000042f7f30> in /home/crz/.javacpp/cache/llvm-13.0.1-1.5.7-linux-x86_64.jar/org/bytedeco/llvm/linux-x86_64/libLLVM-13.so at 0x00007f8ef152c000
RSP=0x00007f8f7233c0d0 is pointing into the stack for thread: 0x00007f8f6c015800
RBP=0x00007f8f7233c1f0 is pointing into the stack for thread: 0x00007f8f6c015800
RSI=0x0000000000000010 is an unknown value
RDI=0x00007f8f7233c3f8 is pointing into the stack for thread: 0x00007f8f6c015800
R8 =0x0 is NULL
R9 =0x00007f8f6c472770 points into unknown readable memory: 0x00007f8f6c471fe0 | e0 1f 47 6c 8f 7f 00 00
R10=0x000000000000003f is an unknown value
R11=0x18c73c30d90f27e6 is an unknown value
R12=0x0000000000000010 is an unknown value
R13=0x00007f8f7233c3f8 is pointing into the stack for thread: 0x00007f8f6c015800
R14=0x00007f8f7233c270 is pointing into the stack for thread: 0x00007f8f6c015800
R15=0x00007f8f6c472790 points into unknown readable memory: 0x00007f8f6c460308 | 08 03 46 6c 8f 7f 00 00


Registers:
RAX=0x00007f8f7233c1f0, RBX=0x0000000000000000, RCX=0x00007f8ef5821ea8, RDX=0x00007f8ef5823f30
RSP=0x00007f8f7233c0d0, RBP=0x00007f8f7233c1f0, RSI=0x0000000000000010, RDI=0x00007f8f7233c3f8
R8 =0x0000000000000000, R9 =0x00007f8f6c472770, R10=0x000000000000003f, R11=0x18c73c30d90f27e6
R12=0x0000000000000010, R13=0x00007f8f7233c3f8, R14=0x00007f8f7233c270, R15=0x00007f8f6c472790
RIP=0x00007f8ef20d407e, EFLAGS=0x0000000000010202, CSGSFS=0x002b000000000033, ERR=0x0000000000000004
  TRAPNO=0x000000000000000e

Top of Stack: (sp=0x00007f8f7233c0d0)
0x00007f8f7233c0d0:   00007f8f7233c1f0 00007f20f20cd182
0x00007f8f7233c0e0:   00007f8f7233c3d0 0000000000000000
0x00007f8f7233c0f0:   00007f8f7233c3d0 0000000000000010
0x00007f8f7233c100:   00007f8f7233c3d0 00007f8f7233c270 

Instructions: (pc=0x00007f8ef20d407e)
0x00007f8ef20d3f7e:   4c 01 c8 48 8b 30 48 39 f5 0f 84 ff fe ff ff 48
0x00007f8ef20d3f8e:   81 fe 00 f0 ff ff 74 86 4d 85 d2 75 0b 48 81 fe
0x00007f8ef20d3f9e:   00 e0 ff ff 4c 0f 44 d0 44 01 da 41 8d 43 01 44
0x00007f8ef20d3fae:   21 c2 89 44 24 14 89 d0 48 c1 e0 04 4c 01 c8 48
0x00007f8ef20d3fbe:   8b 30 48 39 f5 0f 84 c3 fe ff ff 44 8b 5c 24 14
0x00007f8ef20d3fce:   eb bd 4d 85 db 75 0b 48 81 ff 00 e0 ff ff 4c 0f
0x00007f8ef20d3fde:   44 d8 8b 44 24 14 41 01 c0 8d 78 01 45 21 d0 41
0x00007f8ef20d3fee:   89 f9 44 89 c0 48 c1 e0 04 48 03 44 24 18 48 8b
0x00007f8ef20d3ffe:   38 48 39 fd 0f 84 f8 fd ff ff 44 89 4c 24 14 e9
0x00007f8ef20d400e:   2f fe ff ff 41 89 7c 24 78 e9 84 fe ff ff 48 81
0x00007f8ef20d401e:   fe 00 e0 ff ff 75 07 4d 85 d2 4c 0f 44 d0 44 01
0x00007f8ef20d402e:   da 41 8d 43 01 44 21 c2 89 44 24 14 89 d0 48 c1
0x00007f8ef20d403e:   e0 04 4c 01 c8 48 8b 30 48 39 f5 0f 84 3d fe ff
0x00007f8ef20d404e:   ff 44 8b 5c 24 14 e9 b6 fe ff ff 0f 1f 80 00 00
0x00007f8ef20d405e:   00 00 41 57 41 56 41 55 49 89 fd 41 54 49 89 f4
0x00007f8ef20d406e:   55 48 89 d5 48 8d 15 b7 fe 74 03 53 48 83 ec 18
0x00007f8ef20d407e:   0f b6 46 08 48 89 c1 48 63 04 82 48 01 d0 ff e0
0x00007f8ef20d408e:   66 90 8b 5e 20 48 89 ef 48 8d 35 4b fe 86 03 80
0x00007f8ef20d409e:   f9 13 75 0f e8 a9 e9 ee ff 48 8d 35 ca 87 74 03
0x00007f8ef20d40ae:   48 89 ef e8 9a e9 ee ff 89 de 48 89 ef e8 10 79
0x00007f8ef20d40be:   fc ff 48 8d 35 b7 87 74 03 48 89 c7 e8 81 e9 ee
0x00007f8ef20d40ce:   ff 49 8b 74 24 18 48 89 ea 4c 89 ef e8 81 ff ff
0x00007f8ef20d40de:   ff 48 8b 45 20 48 3b 45 18 0f 83 43 04 00 00 48
0x00007f8ef20d40ee:   8d 50 01 48 89 55 20 c6 00 3e eb 15 66 0f 1f 44
0x00007f8ef20d40fe:   00 00 48 8d 35 3a 79 7a 03 48 89 ef e8 41 e9 ee
0x00007f8ef20d410e:   ff 48 83 c4 18 5b 5d 41 5c 41 5d 41 5e 41 5f c3
0x00007f8ef20d411e:   66 90 48 8d 35 d6 fd 74 03 48 89 ef e8 21 e9 ee
0x00007f8ef20d412e:   ff eb de 0f 1f 80 00 00 00 00 48 8d 35 ee 7b 8f
0x00007f8ef20d413e:   04 48 89 ef e8 09 e9 ee ff eb c6 0f 1f 80 00 00
0x00007f8ef20d414e:   00 00 48 8d 35 e4 7b 8f 04 48 89 ef e8 f1 e8 ee
0x00007f8ef20d415e:   ff eb ae 0f 1f 80 00 00 00 00 48 8d 35 95 fd 74
0x00007f8ef20d416e:   03 48 89 ef e8 d9 e8 ee ff eb 96 0f 1f 80 00 00 


Stack slot to memory mapping:
stack at sp + 0 slots: 0x00007f8f7233c1f0 is pointing into the stack for thread: 0x00007f8f6c015800
stack at sp + 1 slots: 0x00007f20f20cd182 is an unknown value
stack at sp + 2 slots: 0x00007f8f7233c3d0 is pointing into the stack for thread: 0x00007f8f6c015800
stack at sp + 3 slots: 0x0 is NULL
stack at sp + 4 slots: 0x00007f8f7233c3d0 is pointing into the stack for thread: 0x00007f8f6c015800
stack at sp + 5 slots: 0x0000000000000010 is an unknown value
stack at sp + 6 slots: 0x00007f8f7233c3d0 is pointing into the stack for thread: 0x00007f8f6c015800
stack at sp + 7 slots: 0x00007f8f7233c270 is pointing into the stack for thread: 0x00007f8f6c015800


---------------  P R O C E S S  ---------------

Threads class SMR info:
_java_thread_list=0x00007f8f081e3430, length=13, elements={
0x00007f8f6c015800, 0x00007f8f6c1ec000, 0x00007f8f6c1ee800, 0x00007f8f6c1f4000,
0x00007f8f6c1f6000, 0x00007f8f6c1f8000, 0x00007f8f6c1fa000, 0x00007f8f6c1fc000,
0x00007f8f1c0a5800, 0x00007f8f6c22f000, 0x00007f8f6c3c5800, 0x00007f8f101f9000,
0x00007f8f081e2000
}

Java Threads: ( => current thread )
=>0x00007f8f6c015800 JavaThread "main" [_thread_in_native, id=48514, stack(0x00007f8f7223e000,0x00007f8f7233e000)]
  0x00007f8f6c1ec000 JavaThread "Reference Handler" daemon [_thread_blocked, id=48521, stack(0x00007f8f40412000,0x00007f8f40512000)]
  0x00007f8f6c1ee800 JavaThread "Finalizer" daemon [_thread_blocked, id=48522, stack(0x00007f8f40312000,0x00007f8f40412000)]
  0x00007f8f6c1f4000 JavaThread "Signal Dispatcher" daemon [_thread_blocked, id=48523, stack(0x00007f8f40212000,0x00007f8f40312000)]
  0x00007f8f6c1f6000 JavaThread "Service Thread" daemon [_thread_blocked, id=48524, stack(0x00007f8f40112000,0x00007f8f40212000)]
  0x00007f8f6c1f8000 JavaThread "C2 CompilerThread0" daemon [_thread_blocked, id=48525, stack(0x00007f8f40012000,0x00007f8f40112000)]
  0x00007f8f6c1fa000 JavaThread "C1 CompilerThread0" daemon [_thread_blocked, id=48526, stack(0x00007f8f27913000,0x00007f8f27a13000)]
  0x00007f8f6c1fc000 JavaThread "Sweeper thread" daemon [_thread_blocked, id=48527, stack(0x00007f8f27813000,0x00007f8f27913000)]
  0x00007f8f1c0a5800 JavaThread "C1 CompilerThread1" daemon [_thread_blocked, id=48528, stack(0x00007f8f27713000,0x00007f8f27813000)]
  0x00007f8f6c22f000 JavaThread "Common-Cleaner" daemon [_thread_blocked, id=48530, stack(0x00007f8f27512000,0x00007f8f27612000)]
  0x00007f8f6c3c5800 JavaThread "JavaCPP Deallocator" daemon [_thread_blocked, id=48531, stack(0x00007f8f27412000,0x00007f8f27512000)]
  0x00007f8f101f9000 JavaThread "C2 CompilerThread1" daemon [_thread_blocked, id=48532, stack(0x00007f8f27312000,0x00007f8f27412000)]
  0x00007f8f081e2000 JavaThread "C1 CompilerThread2" daemon [_thread_blocked, id=48533, stack(0x00007f8f27212000,0x00007f8f27312000)]

Other Threads:
  0x00007f8f6c1e9800 VMThread "VM Thread" [stack: 0x00007f8f40513000,0x00007f8f40613000] [id=48520]
  0x00007f8f6c22d000 WatcherThread [stack: 0x00007f8f27613000,0x00007f8f27713000] [id=48529]
  0x00007f8f6c02f800 GCTaskThread "GC Thread#0" [stack: 0x00007f8f71f0e000,0x00007f8f7200e000] [id=48515]
  0x00007f8f6c08d800 ConcurrentGCThread "G1 Main Marker" [stack: 0x00007f8f48159000,0x00007f8f48259000] [id=48516]
  0x00007f8f6c08f800 ConcurrentGCThread "G1 Conc#0" [stack: 0x00007f8f48058000,0x00007f8f48158000] [id=48517]
  0x00007f8f6c1ab000 ConcurrentGCThread "G1 Refine#0" [stack: 0x00007f8f40ff1000,0x00007f8f410f1000] [id=48518]
  0x00007f8f6c1ac800 ConcurrentGCThread "G1 Young RemSet Sampling" [stack: 0x00007f8f40ef0000,0x00007f8f40ff0000] [id=48519]

Threads with active compile tasks:

VM state:not at safepoint (normal execution)

VM Mutex/Monitor currently owned by a thread: None

Heap address: 0x0000000708a00000, size: 3958 MB, Compressed Oops mode: Zero based, Oop shift amount: 3
Narrow klass base: 0x0000000800000000, Narrow klass shift: 3
Compressed class space size: 1073741824 Address: 0x0000000840000000

Heap:
 garbage-first heap   total 256000K, used 10960K [0x0000000708a00000, 0x0000000800000000)
  region size 1024K, 11 young (11264K), 0 survivors (0K)
 Metaspace       used 3710K, capacity 6594K, committed 6912K, reserved 1056768K
  class space    used 392K, capacity 686K, committed 768K, reserved 1048576K
Heap Regions: E=young(eden), S=young(survivor), O=old, HS=humongous(starts), HC=humongous(continues), CS=collection set, F=free, A=archive, TAMS=top-at-mark-start (previous, next)
|   0|0x0000000708a00000, 0x0000000708a00000, 0x0000000708b00000|  0%| F|  |TAMS 0x0000000708a00000, 0x0000000708a00000| Untracked 
|   1|0x0000000708b00000, 0x0000000708b00000, 0x0000000708c00000|  0%| F|  |TAMS 0x0000000708b00000, 0x0000000708b00000| Untracked 
|   2|0x0000000708c00000, 0x0000000708c00000, 0x0000000708d00000|  0%| F|  |TAMS 0x0000000708c00000, 0x0000000708c00000| Untracked 
|   3|0x0000000708d00000, 0x0000000708d00000, 0x0000000708e00000|  0%| F|  |TAMS 0x0000000708d00000, 0x0000000708d00000| Untracked 
|   4|0x0000000708e00000, 0x0000000708e00000, 0x0000000708f00000|  0%| F|  |TAMS 0x0000000708e00000, 0x0000000708e00000| Untracked 
|   5|0x0000000708f00000, 0x0000000708f00000, 0x0000000709000000|  0%| F|  |TAMS 0x0000000708f00000, 0x0000000708f00000| Untracked 
|   6|0x0000000709000000, 0x0000000709000000, 0x0000000709100000|  0%| F|  |TAMS 0x0000000709000000, 0x0000000709000000| Untracked 
|   7|0x0000000709100000, 0x0000000709100000, 0x0000000709200000|  0%| F|  |TAMS 0x0000000709100000, 0x0000000709100000| Untracked 
|   8|0x0000000709200000, 0x0000000709200000, 0x0000000709300000|  0%| F|  |TAMS 0x0000000709200000, 0x0000000709200000| Untracked 
|   9|0x0000000709300000, 0x0000000709300000, 0x0000000709400000|  0%| F|  |TAMS 0x0000000709300000, 0x0000000709300000| Untracked 
|  10|0x0000000709400000, 0x0000000709400000, 0x0000000709500000|  0%| F|  |TAMS 0x0000000709400000, 0x0000000709400000| Untracked 
|  11|0x0000000709500000, 0x0000000709500000, 0x0000000709600000|  0%| F|  |TAMS 0x0000000709500000, 0x0000000709500000| Untracked 
|  12|0x0000000709600000, 0x0000000709600000, 0x0000000709700000|  0%| F|  |TAMS 0x0000000709600000, 0x0000000709600000| Untracked 
|  13|0x0000000709700000, 0x0000000709700000, 0x0000000709800000|  0%| F|  |TAMS 0x0000000709700000, 0x0000000709700000| Untracked 
|  14|0x0000000709800000, 0x0000000709800000, 0x0000000709900000|  0%| F|  |TAMS 0x0000000709800000, 0x0000000709800000| Untracked 
|  15|0x0000000709900000, 0x0000000709900000, 0x0000000709a00000|  0%| F|  |TAMS 0x0000000709900000, 0x0000000709900000| Untracked 
|  16|0x0000000709a00000, 0x0000000709a00000, 0x0000000709b00000|  0%| F|  |TAMS 0x0000000709a00000, 0x0000000709a00000| Untracked 
|  17|0x0000000709b00000, 0x0000000709b00000, 0x0000000709c00000|  0%| F|  |TAMS 0x0000000709b00000, 0x0000000709b00000| Untracked 
|  18|0x0000000709c00000, 0x0000000709c00000, 0x0000000709d00000|  0%| F|  |TAMS 0x0000000709c00000, 0x0000000709c00000| Untracked 
|  19|0x0000000709d00000, 0x0000000709d00000, 0x0000000709e00000|  0%| F|  |TAMS 0x0000000709d00000, 0x0000000709d00000| Untracked 
|  20|0x0000000709e00000, 0x0000000709e00000, 0x0000000709f00000|  0%| F|  |TAMS 0x0000000709e00000, 0x0000000709e00000| Untracked 
|  21|0x0000000709f00000, 0x0000000709f00000, 0x000000070a000000|  0%| F|  |TAMS 0x0000000709f00000, 0x0000000709f00000| Untracked 
|  22|0x000000070a000000, 0x000000070a000000, 0x000000070a100000|  0%| F|  |TAMS 0x000000070a000000, 0x000000070a000000| Untracked 
|  23|0x000000070a100000, 0x000000070a100000, 0x000000070a200000|  0%| F|  |TAMS 0x000000070a100000, 0x000000070a100000| Untracked 
|  24|0x000000070a200000, 0x000000070a200000, 0x000000070a300000|  0%| F|  |TAMS 0x000000070a200000, 0x000000070a200000| Untracked 
|  25|0x000000070a300000, 0x000000070a300000, 0x000000070a400000|  0%| F|  |TAMS 0x000000070a300000, 0x000000070a300000| Untracked 
|  26|0x000000070a400000, 0x000000070a400000, 0x000000070a500000|  0%| F|  |TAMS 0x000000070a400000, 0x000000070a400000| Untracked 
|  27|0x000000070a500000, 0x000000070a500000, 0x000000070a600000|  0%| F|  |TAMS 0x000000070a500000, 0x000000070a500000| Untracked 
|  28|0x000000070a600000, 0x000000070a600000, 0x000000070a700000|  0%| F|  |TAMS 0x000000070a600000, 0x000000070a600000| Untracked 
|  29|0x000000070a700000, 0x000000070a700000, 0x000000070a800000|  0%| F|  |TAMS 0x000000070a700000, 0x000000070a700000| Untracked 
|  30|0x000000070a800000, 0x000000070a800000, 0x000000070a900000|  0%| F|  |TAMS 0x000000070a800000, 0x000000070a800000| Untracked 
|  31|0x000000070a900000, 0x000000070a900000, 0x000000070aa00000|  0%| F|  |TAMS 0x000000070a900000, 0x000000070a900000| Untracked 
|  32|0x000000070aa00000, 0x000000070aa00000, 0x000000070ab00000|  0%| F|  |TAMS 0x000000070aa00000, 0x000000070aa00000| Untracked 
|  33|0x000000070ab00000, 0x000000070ab00000, 0x000000070ac00000|  0%| F|  |TAMS 0x000000070ab00000, 0x000000070ab00000| Untracked 
|  34|0x000000070ac00000, 0x000000070ac00000, 0x000000070ad00000|  0%| F|  |TAMS 0x000000070ac00000, 0x000000070ac00000| Untracked 
|  35|0x000000070ad00000, 0x000000070ad00000, 0x000000070ae00000|  0%| F|  |TAMS 0x000000070ad00000, 0x000000070ad00000| Untracked 
|  36|0x000000070ae00000, 0x000000070ae00000, 0x000000070af00000|  0%| F|  |TAMS 0x000000070ae00000, 0x000000070ae00000| Untracked 
|  37|0x000000070af00000, 0x000000070af00000, 0x000000070b000000|  0%| F|  |TAMS 0x000000070af00000, 0x000000070af00000| Untracked 
|  38|0x000000070b000000, 0x000000070b000000, 0x000000070b100000|  0%| F|  |TAMS 0x000000070b000000, 0x000000070b000000| Untracked 
|  39|0x000000070b100000, 0x000000070b100000, 0x000000070b200000|  0%| F|  |TAMS 0x000000070b100000, 0x000000070b100000| Untracked 
|  40|0x000000070b200000, 0x000000070b200000, 0x000000070b300000|  0%| F|  |TAMS 0x000000070b200000, 0x000000070b200000| Untracked 
|  41|0x000000070b300000, 0x000000070b300000, 0x000000070b400000|  0%| F|  |TAMS 0x000000070b300000, 0x000000070b300000| Untracked 
|  42|0x000000070b400000, 0x000000070b400000, 0x000000070b500000|  0%| F|  |TAMS 0x000000070b400000, 0x000000070b400000| Untracked 
|  43|0x000000070b500000, 0x000000070b500000, 0x000000070b600000|  0%| F|  |TAMS 0x000000070b500000, 0x000000070b500000| Untracked 
|  44|0x000000070b600000, 0x000000070b600000, 0x000000070b700000|  0%| F|  |TAMS 0x000000070b600000, 0x000000070b600000| Untracked 
|  45|0x000000070b700000, 0x000000070b700000, 0x000000070b800000|  0%| F|  |TAMS 0x000000070b700000, 0x000000070b700000| Untracked 
|  46|0x000000070b800000, 0x000000070b800000, 0x000000070b900000|  0%| F|  |TAMS 0x000000070b800000, 0x000000070b800000| Untracked 
|  47|0x000000070b900000, 0x000000070b900000, 0x000000070ba00000|  0%| F|  |TAMS 0x000000070b900000, 0x000000070b900000| Untracked 
|  48|0x000000070ba00000, 0x000000070ba00000, 0x000000070bb00000|  0%| F|  |TAMS 0x000000070ba00000, 0x000000070ba00000| Untracked 
|  49|0x000000070bb00000, 0x000000070bb00000, 0x000000070bc00000|  0%| F|  |TAMS 0x000000070bb00000, 0x000000070bb00000| Untracked 
|  50|0x000000070bc00000, 0x000000070bc00000, 0x000000070bd00000|  0%| F|  |TAMS 0x000000070bc00000, 0x000000070bc00000| Untracked 
|  51|0x000000070bd00000, 0x000000070bd00000, 0x000000070be00000|  0%| F|  |TAMS 0x000000070bd00000, 0x000000070bd00000| Untracked 
|  52|0x000000070be00000, 0x000000070be00000, 0x000000070bf00000|  0%| F|  |TAMS 0x000000070be00000, 0x000000070be00000| Untracked 
|  53|0x000000070bf00000, 0x000000070bf00000, 0x000000070c000000|  0%| F|  |TAMS 0x000000070bf00000, 0x000000070bf00000| Untracked 
|  54|0x000000070c000000, 0x000000070c000000, 0x000000070c100000|  0%| F|  |TAMS 0x000000070c000000, 0x000000070c000000| Untracked 
|  55|0x000000070c100000, 0x000000070c100000, 0x000000070c200000|  0%| F|  |TAMS 0x000000070c100000, 0x000000070c100000| Untracked 
|  56|0x000000070c200000, 0x000000070c200000, 0x000000070c300000|  0%| F|  |TAMS 0x000000070c200000, 0x000000070c200000| Untracked 
|  57|0x000000070c300000, 0x000000070c300000, 0x000000070c400000|  0%| F|  |TAMS 0x000000070c300000, 0x000000070c300000| Untracked 
|  58|0x000000070c400000, 0x000000070c400000, 0x000000070c500000|  0%| F|  |TAMS 0x000000070c400000, 0x000000070c400000| Untracked 
|  59|0x000000070c500000, 0x000000070c500000, 0x000000070c600000|  0%| F|  |TAMS 0x000000070c500000, 0x000000070c500000| Untracked 
|  60|0x000000070c600000, 0x000000070c600000, 0x000000070c700000|  0%| F|  |TAMS 0x000000070c600000, 0x000000070c600000| Untracked 
|  61|0x000000070c700000, 0x000000070c700000, 0x000000070c800000|  0%| F|  |TAMS 0x000000070c700000, 0x000000070c700000| Untracked 
|  62|0x000000070c800000, 0x000000070c800000, 0x000000070c900000|  0%| F|  |TAMS 0x000000070c800000, 0x000000070c800000| Untracked 
|  63|0x000000070c900000, 0x000000070c900000, 0x000000070ca00000|  0%| F|  |TAMS 0x000000070c900000, 0x000000070c900000| Untracked 
|  64|0x000000070ca00000, 0x000000070ca00000, 0x000000070cb00000|  0%| F|  |TAMS 0x000000070ca00000, 0x000000070ca00000| Untracked 
|  65|0x000000070cb00000, 0x000000070cb00000, 0x000000070cc00000|  0%| F|  |TAMS 0x000000070cb00000, 0x000000070cb00000| Untracked 
|  66|0x000000070cc00000, 0x000000070cc00000, 0x000000070cd00000|  0%| F|  |TAMS 0x000000070cc00000, 0x000000070cc00000| Untracked 
|  67|0x000000070cd00000, 0x000000070cd00000, 0x000000070ce00000|  0%| F|  |TAMS 0x000000070cd00000, 0x000000070cd00000| Untracked 
|  68|0x000000070ce00000, 0x000000070ce00000, 0x000000070cf00000|  0%| F|  |TAMS 0x000000070ce00000, 0x000000070ce00000| Untracked 
|  69|0x000000070cf00000, 0x000000070cf00000, 0x000000070d000000|  0%| F|  |TAMS 0x000000070cf00000, 0x000000070cf00000| Untracked 
|  70|0x000000070d000000, 0x000000070d000000, 0x000000070d100000|  0%| F|  |TAMS 0x000000070d000000, 0x000000070d000000| Untracked 
|  71|0x000000070d100000, 0x000000070d100000, 0x000000070d200000|  0%| F|  |TAMS 0x000000070d100000, 0x000000070d100000| Untracked 
|  72|0x000000070d200000, 0x000000070d200000, 0x000000070d300000|  0%| F|  |TAMS 0x000000070d200000, 0x000000070d200000| Untracked 
|  73|0x000000070d300000, 0x000000070d300000, 0x000000070d400000|  0%| F|  |TAMS 0x000000070d300000, 0x000000070d300000| Untracked 
|  74|0x000000070d400000, 0x000000070d400000, 0x000000070d500000|  0%| F|  |TAMS 0x000000070d400000, 0x000000070d400000| Untracked 
|  75|0x000000070d500000, 0x000000070d500000, 0x000000070d600000|  0%| F|  |TAMS 0x000000070d500000, 0x000000070d500000| Untracked 
|  76|0x000000070d600000, 0x000000070d600000, 0x000000070d700000|  0%| F|  |TAMS 0x000000070d600000, 0x000000070d600000| Untracked 
|  77|0x000000070d700000, 0x000000070d700000, 0x000000070d800000|  0%| F|  |TAMS 0x000000070d700000, 0x000000070d700000| Untracked 
|  78|0x000000070d800000, 0x000000070d800000, 0x000000070d900000|  0%| F|  |TAMS 0x000000070d800000, 0x000000070d800000| Untracked 
|  79|0x000000070d900000, 0x000000070d900000, 0x000000070da00000|  0%| F|  |TAMS 0x000000070d900000, 0x000000070d900000| Untracked 
|  80|0x000000070da00000, 0x000000070da00000, 0x000000070db00000|  0%| F|  |TAMS 0x000000070da00000, 0x000000070da00000| Untracked 
|  81|0x000000070db00000, 0x000000070db00000, 0x000000070dc00000|  0%| F|  |TAMS 0x000000070db00000, 0x000000070db00000| Untracked 
|  82|0x000000070dc00000, 0x000000070dc00000, 0x000000070dd00000|  0%| F|  |TAMS 0x000000070dc00000, 0x000000070dc00000| Untracked 
|  83|0x000000070dd00000, 0x000000070dd00000, 0x000000070de00000|  0%| F|  |TAMS 0x000000070dd00000, 0x000000070dd00000| Untracked 
|  84|0x000000070de00000, 0x000000070de00000, 0x000000070df00000|  0%| F|  |TAMS 0x000000070de00000, 0x000000070de00000| Untracked 
|  85|0x000000070df00000, 0x000000070df00000, 0x000000070e000000|  0%| F|  |TAMS 0x000000070df00000, 0x000000070df00000| Untracked 
|  86|0x000000070e000000, 0x000000070e000000, 0x000000070e100000|  0%| F|  |TAMS 0x000000070e000000, 0x000000070e000000| Untracked 
|  87|0x000000070e100000, 0x000000070e100000, 0x000000070e200000|  0%| F|  |TAMS 0x000000070e100000, 0x000000070e100000| Untracked 
|  88|0x000000070e200000, 0x000000070e200000, 0x000000070e300000|  0%| F|  |TAMS 0x000000070e200000, 0x000000070e200000| Untracked 
|  89|0x000000070e300000, 0x000000070e300000, 0x000000070e400000|  0%| F|  |TAMS 0x000000070e300000, 0x000000070e300000| Untracked 
|  90|0x000000070e400000, 0x000000070e400000, 0x000000070e500000|  0%| F|  |TAMS 0x000000070e400000, 0x000000070e400000| Untracked 
|  91|0x000000070e500000, 0x000000070e500000, 0x000000070e600000|  0%| F|  |TAMS 0x000000070e500000, 0x000000070e500000| Untracked 
|  92|0x000000070e600000, 0x000000070e600000, 0x000000070e700000|  0%| F|  |TAMS 0x000000070e600000, 0x000000070e600000| Untracked 
|  93|0x000000070e700000, 0x000000070e700000, 0x000000070e800000|  0%| F|  |TAMS 0x000000070e700000, 0x000000070e700000| Untracked 
|  94|0x000000070e800000, 0x000000070e800000, 0x000000070e900000|  0%| F|  |TAMS 0x000000070e800000, 0x000000070e800000| Untracked 
|  95|0x000000070e900000, 0x000000070e900000, 0x000000070ea00000|  0%| F|  |TAMS 0x000000070e900000, 0x000000070e900000| Untracked 
|  96|0x000000070ea00000, 0x000000070ea00000, 0x000000070eb00000|  0%| F|  |TAMS 0x000000070ea00000, 0x000000070ea00000| Untracked 
|  97|0x000000070eb00000, 0x000000070eb00000, 0x000000070ec00000|  0%| F|  |TAMS 0x000000070eb00000, 0x000000070eb00000| Untracked 
|  98|0x000000070ec00000, 0x000000070ec00000, 0x000000070ed00000|  0%| F|  |TAMS 0x000000070ec00000, 0x000000070ec00000| Untracked 
|  99|0x000000070ed00000, 0x000000070ed00000, 0x000000070ee00000|  0%| F|  |TAMS 0x000000070ed00000, 0x000000070ed00000| Untracked 
| 100|0x000000070ee00000, 0x000000070ee00000, 0x000000070ef00000|  0%| F|  |TAMS 0x000000070ee00000, 0x000000070ee00000| Untracked 
| 101|0x000000070ef00000, 0x000000070ef00000, 0x000000070f000000|  0%| F|  |TAMS 0x000000070ef00000, 0x000000070ef00000| Untracked 
| 102|0x000000070f000000, 0x000000070f000000, 0x000000070f100000|  0%| F|  |TAMS 0x000000070f000000, 0x000000070f000000| Untracked 
| 103|0x000000070f100000, 0x000000070f100000, 0x000000070f200000|  0%| F|  |TAMS 0x000000070f100000, 0x000000070f100000| Untracked 
| 104|0x000000070f200000, 0x000000070f200000, 0x000000070f300000|  0%| F|  |TAMS 0x000000070f200000, 0x000000070f200000| Untracked 
| 105|0x000000070f300000, 0x000000070f300000, 0x000000070f400000|  0%| F|  |TAMS 0x000000070f300000, 0x000000070f300000| Untracked 
| 106|0x000000070f400000, 0x000000070f400000, 0x000000070f500000|  0%| F|  |TAMS 0x000000070f400000, 0x000000070f400000| Untracked 
| 107|0x000000070f500000, 0x000000070f500000, 0x000000070f600000|  0%| F|  |TAMS 0x000000070f500000, 0x000000070f500000| Untracked 
| 108|0x000000070f600000, 0x000000070f600000, 0x000000070f700000|  0%| F|  |TAMS 0x000000070f600000, 0x000000070f600000| Untracked 
| 109|0x000000070f700000, 0x000000070f700000, 0x000000070f800000|  0%| F|  |TAMS 0x000000070f700000, 0x000000070f700000| Untracked 
| 110|0x000000070f800000, 0x000000070f800000, 0x000000070f900000|  0%| F|  |TAMS 0x000000070f800000, 0x000000070f800000| Untracked 
| 111|0x000000070f900000, 0x000000070f900000, 0x000000070fa00000|  0%| F|  |TAMS 0x000000070f900000, 0x000000070f900000| Untracked 
| 112|0x000000070fa00000, 0x000000070fa00000, 0x000000070fb00000|  0%| F|  |TAMS 0x000000070fa00000, 0x000000070fa00000| Untracked 
| 113|0x000000070fb00000, 0x000000070fb00000, 0x000000070fc00000|  0%| F|  |TAMS 0x000000070fb00000, 0x000000070fb00000| Untracked 
| 114|0x000000070fc00000, 0x000000070fc00000, 0x000000070fd00000|  0%| F|  |TAMS 0x000000070fc00000, 0x000000070fc00000| Untracked 
| 115|0x000000070fd00000, 0x000000070fd00000, 0x000000070fe00000|  0%| F|  |TAMS 0x000000070fd00000, 0x000000070fd00000| Untracked 
| 116|0x000000070fe00000, 0x000000070fe00000, 0x000000070ff00000|  0%| F|  |TAMS 0x000000070fe00000, 0x000000070fe00000| Untracked 
| 117|0x000000070ff00000, 0x000000070ff00000, 0x0000000710000000|  0%| F|  |TAMS 0x000000070ff00000, 0x000000070ff00000| Untracked 
| 118|0x0000000710000000, 0x0000000710000000, 0x0000000710100000|  0%| F|  |TAMS 0x0000000710000000, 0x0000000710000000| Untracked 
| 119|0x0000000710100000, 0x0000000710100000, 0x0000000710200000|  0%| F|  |TAMS 0x0000000710100000, 0x0000000710100000| Untracked 
| 120|0x0000000710200000, 0x0000000710200000, 0x0000000710300000|  0%| F|  |TAMS 0x0000000710200000, 0x0000000710200000| Untracked 
| 121|0x0000000710300000, 0x0000000710300000, 0x0000000710400000|  0%| F|  |TAMS 0x0000000710300000, 0x0000000710300000| Untracked 
| 122|0x0000000710400000, 0x0000000710400000, 0x0000000710500000|  0%| F|  |TAMS 0x0000000710400000, 0x0000000710400000| Untracked 
| 123|0x0000000710500000, 0x0000000710500000, 0x0000000710600000|  0%| F|  |TAMS 0x0000000710500000, 0x0000000710500000| Untracked 
| 124|0x0000000710600000, 0x0000000710600000, 0x0000000710700000|  0%| F|  |TAMS 0x0000000710600000, 0x0000000710600000| Untracked 
| 125|0x0000000710700000, 0x0000000710700000, 0x0000000710800000|  0%| F|  |TAMS 0x0000000710700000, 0x0000000710700000| Untracked 
| 126|0x0000000710800000, 0x0000000710800000, 0x0000000710900000|  0%| F|  |TAMS 0x0000000710800000, 0x0000000710800000| Untracked 
| 127|0x0000000710900000, 0x0000000710900000, 0x0000000710a00000|  0%| F|  |TAMS 0x0000000710900000, 0x0000000710900000| Untracked 
| 128|0x0000000710a00000, 0x0000000710a00000, 0x0000000710b00000|  0%| F|  |TAMS 0x0000000710a00000, 0x0000000710a00000| Untracked 
| 129|0x0000000710b00000, 0x0000000710b00000, 0x0000000710c00000|  0%| F|  |TAMS 0x0000000710b00000, 0x0000000710b00000| Untracked 
| 130|0x0000000710c00000, 0x0000000710c00000, 0x0000000710d00000|  0%| F|  |TAMS 0x0000000710c00000, 0x0000000710c00000| Untracked 
| 131|0x0000000710d00000, 0x0000000710d00000, 0x0000000710e00000|  0%| F|  |TAMS 0x0000000710d00000, 0x0000000710d00000| Untracked 
| 132|0x0000000710e00000, 0x0000000710e00000, 0x0000000710f00000|  0%| F|  |TAMS 0x0000000710e00000, 0x0000000710e00000| Untracked 
| 133|0x0000000710f00000, 0x0000000710f00000, 0x0000000711000000|  0%| F|  |TAMS 0x0000000710f00000, 0x0000000710f00000| Untracked 
| 134|0x0000000711000000, 0x0000000711000000, 0x0000000711100000|  0%| F|  |TAMS 0x0000000711000000, 0x0000000711000000| Untracked 
| 135|0x0000000711100000, 0x0000000711100000, 0x0000000711200000|  0%| F|  |TAMS 0x0000000711100000, 0x0000000711100000| Untracked 
| 136|0x0000000711200000, 0x0000000711200000, 0x0000000711300000|  0%| F|  |TAMS 0x0000000711200000, 0x0000000711200000| Untracked 
| 137|0x0000000711300000, 0x0000000711300000, 0x0000000711400000|  0%| F|  |TAMS 0x0000000711300000, 0x0000000711300000| Untracked 
| 138|0x0000000711400000, 0x0000000711400000, 0x0000000711500000|  0%| F|  |TAMS 0x0000000711400000, 0x0000000711400000| Untracked 
| 139|0x0000000711500000, 0x0000000711500000, 0x0000000711600000|  0%| F|  |TAMS 0x0000000711500000, 0x0000000711500000| Untracked 
| 140|0x0000000711600000, 0x0000000711600000, 0x0000000711700000|  0%| F|  |TAMS 0x0000000711600000, 0x0000000711600000| Untracked 
| 141|0x0000000711700000, 0x0000000711700000, 0x0000000711800000|  0%| F|  |TAMS 0x0000000711700000, 0x0000000711700000| Untracked 
| 142|0x0000000711800000, 0x0000000711800000, 0x0000000711900000|  0%| F|  |TAMS 0x0000000711800000, 0x0000000711800000| Untracked 
| 143|0x0000000711900000, 0x0000000711900000, 0x0000000711a00000|  0%| F|  |TAMS 0x0000000711900000, 0x0000000711900000| Untracked 
| 144|0x0000000711a00000, 0x0000000711a00000, 0x0000000711b00000|  0%| F|  |TAMS 0x0000000711a00000, 0x0000000711a00000| Untracked 
| 145|0x0000000711b00000, 0x0000000711b00000, 0x0000000711c00000|  0%| F|  |TAMS 0x0000000711b00000, 0x0000000711b00000| Untracked 
| 146|0x0000000711c00000, 0x0000000711c00000, 0x0000000711d00000|  0%| F|  |TAMS 0x0000000711c00000, 0x0000000711c00000| Untracked 
| 147|0x0000000711d00000, 0x0000000711d00000, 0x0000000711e00000|  0%| F|  |TAMS 0x0000000711d00000, 0x0000000711d00000| Untracked 
| 148|0x0000000711e00000, 0x0000000711e00000, 0x0000000711f00000|  0%| F|  |TAMS 0x0000000711e00000, 0x0000000711e00000| Untracked 
| 149|0x0000000711f00000, 0x0000000711f00000, 0x0000000712000000|  0%| F|  |TAMS 0x0000000711f00000, 0x0000000711f00000| Untracked 
| 150|0x0000000712000000, 0x0000000712000000, 0x0000000712100000|  0%| F|  |TAMS 0x0000000712000000, 0x0000000712000000| Untracked 
| 151|0x0000000712100000, 0x0000000712100000, 0x0000000712200000|  0%| F|  |TAMS 0x0000000712100000, 0x0000000712100000| Untracked 
| 152|0x0000000712200000, 0x0000000712200000, 0x0000000712300000|  0%| F|  |TAMS 0x0000000712200000, 0x0000000712200000| Untracked 
| 153|0x0000000712300000, 0x0000000712300000, 0x0000000712400000|  0%| F|  |TAMS 0x0000000712300000, 0x0000000712300000| Untracked 
| 154|0x0000000712400000, 0x0000000712400000, 0x0000000712500000|  0%| F|  |TAMS 0x0000000712400000, 0x0000000712400000| Untracked 
| 155|0x0000000712500000, 0x0000000712500000, 0x0000000712600000|  0%| F|  |TAMS 0x0000000712500000, 0x0000000712500000| Untracked 
| 156|0x0000000712600000, 0x0000000712600000, 0x0000000712700000|  0%| F|  |TAMS 0x0000000712600000, 0x0000000712600000| Untracked 
| 157|0x0000000712700000, 0x0000000712700000, 0x0000000712800000|  0%| F|  |TAMS 0x0000000712700000, 0x0000000712700000| Untracked 
| 158|0x0000000712800000, 0x0000000712800000, 0x0000000712900000|  0%| F|  |TAMS 0x0000000712800000, 0x0000000712800000| Untracked 
| 159|0x0000000712900000, 0x0000000712900000, 0x0000000712a00000|  0%| F|  |TAMS 0x0000000712900000, 0x0000000712900000| Untracked 
| 160|0x0000000712a00000, 0x0000000712a00000, 0x0000000712b00000|  0%| F|  |TAMS 0x0000000712a00000, 0x0000000712a00000| Untracked 
| 161|0x0000000712b00000, 0x0000000712b00000, 0x0000000712c00000|  0%| F|  |TAMS 0x0000000712b00000, 0x0000000712b00000| Untracked 
| 162|0x0000000712c00000, 0x0000000712c00000, 0x0000000712d00000|  0%| F|  |TAMS 0x0000000712c00000, 0x0000000712c00000| Untracked 
| 163|0x0000000712d00000, 0x0000000712d00000, 0x0000000712e00000|  0%| F|  |TAMS 0x0000000712d00000, 0x0000000712d00000| Untracked 
| 164|0x0000000712e00000, 0x0000000712e00000, 0x0000000712f00000|  0%| F|  |TAMS 0x0000000712e00000, 0x0000000712e00000| Untracked 
| 165|0x0000000712f00000, 0x0000000712f00000, 0x0000000713000000|  0%| F|  |TAMS 0x0000000712f00000, 0x0000000712f00000| Untracked 
| 166|0x0000000713000000, 0x0000000713000000, 0x0000000713100000|  0%| F|  |TAMS 0x0000000713000000, 0x0000000713000000| Untracked 
| 167|0x0000000713100000, 0x0000000713100000, 0x0000000713200000|  0%| F|  |TAMS 0x0000000713100000, 0x0000000713100000| Untracked 
| 168|0x0000000713200000, 0x0000000713200000, 0x0000000713300000|  0%| F|  |TAMS 0x0000000713200000, 0x0000000713200000| Untracked 
| 169|0x0000000713300000, 0x0000000713300000, 0x0000000713400000|  0%| F|  |TAMS 0x0000000713300000, 0x0000000713300000| Untracked 
| 170|0x0000000713400000, 0x0000000713400000, 0x0000000713500000|  0%| F|  |TAMS 0x0000000713400000, 0x0000000713400000| Untracked 
| 171|0x0000000713500000, 0x0000000713500000, 0x0000000713600000|  0%| F|  |TAMS 0x0000000713500000, 0x0000000713500000| Untracked 
| 172|0x0000000713600000, 0x0000000713600000, 0x0000000713700000|  0%| F|  |TAMS 0x0000000713600000, 0x0000000713600000| Untracked 
| 173|0x0000000713700000, 0x0000000713700000, 0x0000000713800000|  0%| F|  |TAMS 0x0000000713700000, 0x0000000713700000| Untracked 
| 174|0x0000000713800000, 0x0000000713800000, 0x0000000713900000|  0%| F|  |TAMS 0x0000000713800000, 0x0000000713800000| Untracked 
| 175|0x0000000713900000, 0x0000000713900000, 0x0000000713a00000|  0%| F|  |TAMS 0x0000000713900000, 0x0000000713900000| Untracked 
| 176|0x0000000713a00000, 0x0000000713a00000, 0x0000000713b00000|  0%| F|  |TAMS 0x0000000713a00000, 0x0000000713a00000| Untracked 
| 177|0x0000000713b00000, 0x0000000713b00000, 0x0000000713c00000|  0%| F|  |TAMS 0x0000000713b00000, 0x0000000713b00000| Untracked 
| 178|0x0000000713c00000, 0x0000000713c00000, 0x0000000713d00000|  0%| F|  |TAMS 0x0000000713c00000, 0x0000000713c00000| Untracked 
| 179|0x0000000713d00000, 0x0000000713d00000, 0x0000000713e00000|  0%| F|  |TAMS 0x0000000713d00000, 0x0000000713d00000| Untracked 
| 180|0x0000000713e00000, 0x0000000713e00000, 0x0000000713f00000|  0%| F|  |TAMS 0x0000000713e00000, 0x0000000713e00000| Untracked 
| 181|0x0000000713f00000, 0x0000000713f00000, 0x0000000714000000|  0%| F|  |TAMS 0x0000000713f00000, 0x0000000713f00000| Untracked 
| 182|0x0000000714000000, 0x0000000714000000, 0x0000000714100000|  0%| F|  |TAMS 0x0000000714000000, 0x0000000714000000| Untracked 
| 183|0x0000000714100000, 0x0000000714100000, 0x0000000714200000|  0%| F|  |TAMS 0x0000000714100000, 0x0000000714100000| Untracked 
| 184|0x0000000714200000, 0x0000000714200000, 0x0000000714300000|  0%| F|  |TAMS 0x0000000714200000, 0x0000000714200000| Untracked 
| 185|0x0000000714300000, 0x0000000714300000, 0x0000000714400000|  0%| F|  |TAMS 0x0000000714300000, 0x0000000714300000| Untracked 
| 186|0x0000000714400000, 0x0000000714400000, 0x0000000714500000|  0%| F|  |TAMS 0x0000000714400000, 0x0000000714400000| Untracked 
| 187|0x0000000714500000, 0x0000000714500000, 0x0000000714600000|  0%| F|  |TAMS 0x0000000714500000, 0x0000000714500000| Untracked 
| 188|0x0000000714600000, 0x0000000714600000, 0x0000000714700000|  0%| F|  |TAMS 0x0000000714600000, 0x0000000714600000| Untracked 
| 189|0x0000000714700000, 0x0000000714700000, 0x0000000714800000|  0%| F|  |TAMS 0x0000000714700000, 0x0000000714700000| Untracked 
| 190|0x0000000714800000, 0x0000000714800000, 0x0000000714900000|  0%| F|  |TAMS 0x0000000714800000, 0x0000000714800000| Untracked 
| 191|0x0000000714900000, 0x0000000714900000, 0x0000000714a00000|  0%| F|  |TAMS 0x0000000714900000, 0x0000000714900000| Untracked 
| 192|0x0000000714a00000, 0x0000000714a00000, 0x0000000714b00000|  0%| F|  |TAMS 0x0000000714a00000, 0x0000000714a00000| Untracked 
| 193|0x0000000714b00000, 0x0000000714b00000, 0x0000000714c00000|  0%| F|  |TAMS 0x0000000714b00000, 0x0000000714b00000| Untracked 
| 194|0x0000000714c00000, 0x0000000714c00000, 0x0000000714d00000|  0%| F|  |TAMS 0x0000000714c00000, 0x0000000714c00000| Untracked 
| 195|0x0000000714d00000, 0x0000000714d00000, 0x0000000714e00000|  0%| F|  |TAMS 0x0000000714d00000, 0x0000000714d00000| Untracked 
| 196|0x0000000714e00000, 0x0000000714e00000, 0x0000000714f00000|  0%| F|  |TAMS 0x0000000714e00000, 0x0000000714e00000| Untracked 
| 197|0x0000000714f00000, 0x0000000714f00000, 0x0000000715000000|  0%| F|  |TAMS 0x0000000714f00000, 0x0000000714f00000| Untracked 
| 198|0x0000000715000000, 0x0000000715000000, 0x0000000715100000|  0%| F|  |TAMS 0x0000000715000000, 0x0000000715000000| Untracked 
| 199|0x0000000715100000, 0x0000000715100000, 0x0000000715200000|  0%| F|  |TAMS 0x0000000715100000, 0x0000000715100000| Untracked 
| 200|0x0000000715200000, 0x0000000715200000, 0x0000000715300000|  0%| F|  |TAMS 0x0000000715200000, 0x0000000715200000| Untracked 
| 201|0x0000000715300000, 0x0000000715300000, 0x0000000715400000|  0%| F|  |TAMS 0x0000000715300000, 0x0000000715300000| Untracked 
| 202|0x0000000715400000, 0x0000000715400000, 0x0000000715500000|  0%| F|  |TAMS 0x0000000715400000, 0x0000000715400000| Untracked 
| 203|0x0000000715500000, 0x0000000715500000, 0x0000000715600000|  0%| F|  |TAMS 0x0000000715500000, 0x0000000715500000| Untracked 
| 204|0x0000000715600000, 0x0000000715600000, 0x0000000715700000|  0%| F|  |TAMS 0x0000000715600000, 0x0000000715600000| Untracked 
| 205|0x0000000715700000, 0x0000000715700000, 0x0000000715800000|  0%| F|  |TAMS 0x0000000715700000, 0x0000000715700000| Untracked 
| 206|0x0000000715800000, 0x0000000715800000, 0x0000000715900000|  0%| F|  |TAMS 0x0000000715800000, 0x0000000715800000| Untracked 
| 207|0x0000000715900000, 0x0000000715900000, 0x0000000715a00000|  0%| F|  |TAMS 0x0000000715900000, 0x0000000715900000| Untracked 
| 208|0x0000000715a00000, 0x0000000715a00000, 0x0000000715b00000|  0%| F|  |TAMS 0x0000000715a00000, 0x0000000715a00000| Untracked 
| 209|0x0000000715b00000, 0x0000000715b00000, 0x0000000715c00000|  0%| F|  |TAMS 0x0000000715b00000, 0x0000000715b00000| Untracked 
| 210|0x0000000715c00000, 0x0000000715c00000, 0x0000000715d00000|  0%| F|  |TAMS 0x0000000715c00000, 0x0000000715c00000| Untracked 
| 211|0x0000000715d00000, 0x0000000715d00000, 0x0000000715e00000|  0%| F|  |TAMS 0x0000000715d00000, 0x0000000715d00000| Untracked 
| 212|0x0000000715e00000, 0x0000000715e00000, 0x0000000715f00000|  0%| F|  |TAMS 0x0000000715e00000, 0x0000000715e00000| Untracked 
| 213|0x0000000715f00000, 0x0000000715f00000, 0x0000000716000000|  0%| F|  |TAMS 0x0000000715f00000, 0x0000000715f00000| Untracked 
| 214|0x0000000716000000, 0x0000000716000000, 0x0000000716100000|  0%| F|  |TAMS 0x0000000716000000, 0x0000000716000000| Untracked 
| 215|0x0000000716100000, 0x0000000716100000, 0x0000000716200000|  0%| F|  |TAMS 0x0000000716100000, 0x0000000716100000| Untracked 
| 216|0x0000000716200000, 0x0000000716200000, 0x0000000716300000|  0%| F|  |TAMS 0x0000000716200000, 0x0000000716200000| Untracked 
| 217|0x0000000716300000, 0x0000000716300000, 0x0000000716400000|  0%| F|  |TAMS 0x0000000716300000, 0x0000000716300000| Untracked 
| 218|0x0000000716400000, 0x0000000716400000, 0x0000000716500000|  0%| F|  |TAMS 0x0000000716400000, 0x0000000716400000| Untracked 
| 219|0x0000000716500000, 0x0000000716500000, 0x0000000716600000|  0%| F|  |TAMS 0x0000000716500000, 0x0000000716500000| Untracked 
| 220|0x0000000716600000, 0x0000000716600000, 0x0000000716700000|  0%| F|  |TAMS 0x0000000716600000, 0x0000000716600000| Untracked 
| 221|0x0000000716700000, 0x0000000716700000, 0x0000000716800000|  0%| F|  |TAMS 0x0000000716700000, 0x0000000716700000| Untracked 
| 222|0x0000000716800000, 0x0000000716800000, 0x0000000716900000|  0%| F|  |TAMS 0x0000000716800000, 0x0000000716800000| Untracked 
| 223|0x0000000716900000, 0x0000000716900000, 0x0000000716a00000|  0%| F|  |TAMS 0x0000000716900000, 0x0000000716900000| Untracked 
| 224|0x0000000716a00000, 0x0000000716a00000, 0x0000000716b00000|  0%| F|  |TAMS 0x0000000716a00000, 0x0000000716a00000| Untracked 
| 225|0x0000000716b00000, 0x0000000716b00000, 0x0000000716c00000|  0%| F|  |TAMS 0x0000000716b00000, 0x0000000716b00000| Untracked 
| 226|0x0000000716c00000, 0x0000000716c00000, 0x0000000716d00000|  0%| F|  |TAMS 0x0000000716c00000, 0x0000000716c00000| Untracked 
| 227|0x0000000716d00000, 0x0000000716d00000, 0x0000000716e00000|  0%| F|  |TAMS 0x0000000716d00000, 0x0000000716d00000| Untracked 
| 228|0x0000000716e00000, 0x0000000716e00000, 0x0000000716f00000|  0%| F|  |TAMS 0x0000000716e00000, 0x0000000716e00000| Untracked 
| 229|0x0000000716f00000, 0x0000000716f00000, 0x0000000717000000|  0%| F|  |TAMS 0x0000000716f00000, 0x0000000716f00000| Untracked 
| 230|0x0000000717000000, 0x0000000717000000, 0x0000000717100000|  0%| F|  |TAMS 0x0000000717000000, 0x0000000717000000| Untracked 
| 231|0x0000000717100000, 0x0000000717100000, 0x0000000717200000|  0%| F|  |TAMS 0x0000000717100000, 0x0000000717100000| Untracked 
| 232|0x0000000717200000, 0x0000000717200000, 0x0000000717300000|  0%| F|  |TAMS 0x0000000717200000, 0x0000000717200000| Untracked 
| 233|0x0000000717300000, 0x0000000717300000, 0x0000000717400000|  0%| F|  |TAMS 0x0000000717300000, 0x0000000717300000| Untracked 
| 234|0x0000000717400000, 0x0000000717400000, 0x0000000717500000|  0%| F|  |TAMS 0x0000000717400000, 0x0000000717400000| Untracked 
| 235|0x0000000717500000, 0x0000000717500000, 0x0000000717600000|  0%| F|  |TAMS 0x0000000717500000, 0x0000000717500000| Untracked 
| 236|0x0000000717600000, 0x0000000717600000, 0x0000000717700000|  0%| F|  |TAMS 0x0000000717600000, 0x0000000717600000| Untracked 
| 237|0x0000000717700000, 0x000000071777b678, 0x0000000717800000| 48%| E|  |TAMS 0x0000000717700000, 0x0000000717700000| Complete 
| 238|0x0000000717800000, 0x0000000717900000, 0x0000000717900000|100%| E|CS|TAMS 0x0000000717800000, 0x0000000717800000| Complete 
| 239|0x0000000717900000, 0x0000000717a00000, 0x0000000717a00000|100%| E|CS|TAMS 0x0000000717900000, 0x0000000717900000| Complete 
| 240|0x0000000717a00000, 0x0000000717b00000, 0x0000000717b00000|100%| E|CS|TAMS 0x0000000717a00000, 0x0000000717a00000| Complete 
| 241|0x0000000717b00000, 0x0000000717c00000, 0x0000000717c00000|100%| E|CS|TAMS 0x0000000717b00000, 0x0000000717b00000| Complete 
| 242|0x0000000717c00000, 0x0000000717d00000, 0x0000000717d00000|100%| E|CS|TAMS 0x0000000717c00000, 0x0000000717c00000| Complete 
| 243|0x0000000717d00000, 0x0000000717e00000, 0x0000000717e00000|100%| E|CS|TAMS 0x0000000717d00000, 0x0000000717d00000| Complete 
| 244|0x0000000717e00000, 0x0000000717f00000, 0x0000000717f00000|100%| E|CS|TAMS 0x0000000717e00000, 0x0000000717e00000| Complete 
| 245|0x0000000717f00000, 0x0000000718000000, 0x0000000718000000|100%| E|CS|TAMS 0x0000000717f00000, 0x0000000717f00000| Complete 
| 246|0x0000000718000000, 0x0000000718100000, 0x0000000718100000|100%| E|CS|TAMS 0x0000000718000000, 0x0000000718000000| Complete 
| 247|0x0000000718100000, 0x0000000718200000, 0x0000000718200000|100%| E|CS|TAMS 0x0000000718100000, 0x0000000718100000| Complete 
|2932|0x00000007bfe00000, 0x00000007bfe48000, 0x00000007bff00000| 28%|OA|  |TAMS 0x00000007bfe00000, 0x00000007bfe00000| Untracked 
|2933|0x00000007bff00000, 0x00000007bff6c000, 0x00000007c0000000| 42%|CA|  |TAMS 0x00000007bff00000, 0x00000007bff00000| Untracked 

Card table byte_map: [0x00007f8f70088000,0x00007f8f70843000] _byte_map_base: 0x00007f8f6c843000

Marking Bits (Prev, Next): (CMBitMap*) 0x00007f8f6c07d4a8, (CMBitMap*) 0x00007f8f6c07d4e0
 Prev Bits: [0x00007f8f4c228000, 0x00007f8f50000000)
 Next Bits: [0x00007f8f48450000, 0x00007f8f4c228000)

Polling page: 0x00007f8f73bac000

Metaspace:

Usage:
  Non-class:      5.77 MB capacity,     3.24 MB ( 56%) used,     2.52 MB ( 44%) free+waste,     6.25 KB ( <1%) overhead. 
      Class:    686.00 KB capacity,   392.95 KB ( 57%) used,   289.87 KB ( 42%) free+waste,     3.19 KB ( <1%) overhead. 
       Both:      6.44 MB capacity,     3.62 MB ( 56%) used,     2.81 MB ( 44%) free+waste,     9.44 KB ( <1%) overhead. 

Virtual space:
  Non-class space:        8.00 MB reserved,       6.00 MB ( 75%) committed 
      Class space:        1.00 GB reserved,     768.00 KB ( <1%) committed 
             Both:        1.01 GB reserved,       6.75 MB ( <1%) committed 

Chunk freelists:
   Non-Class:  0 bytes
       Class:  0 bytes
        Both:  0 bytes

MaxMetaspaceSize: unlimited
CompressedClassSpaceSize: 1.00 GB
Initial GC threshold: 20.80 MB
Current GC threshold: 20.80 MB
CDS: on

CodeHeap 'non-profiled nmethods': size=119172Kb used=215Kb max_used=215Kb free=118956Kb
 bounds [0x00007f8f5c35e000, 0x00007f8f5c5ce000, 0x00007f8f637bf000]
CodeHeap 'profiled nmethods': size=119168Kb used=1644Kb max_used=1644Kb free=117524Kb
 bounds [0x00007f8f54efe000, 0x00007f8f5516e000, 0x00007f8f5c35e000]
CodeHeap 'non-nmethods': size=7420Kb used=2272Kb max_used=2281Kb free=5147Kb
 bounds [0x00007f8f547bf000, 0x00007f8f54a2f000, 0x00007f8f54efe000]
 total_blobs=1260 nmethods=854 adapters=318
 compilation: enabled
              stopped_count=0, restarted_count=0
 full_count=0

Compilation events (20 events):
Event: 0.175 Thread 0x00007f8f1c0a5800 nmethod 841 0x00007f8f55093f90 code [0x00007f8f55094140, 0x00007f8f550942b0]
Event: 0.175 Thread 0x00007f8f1c0a5800  842       3       jdk.internal.org.objectweb.asm.ByteVector::putInt (74 bytes)
Event: 0.175 Thread 0x00007f8f1c0a5800 nmethod 842 0x00007f8f55094310 code [0x00007f8f550944e0, 0x00007f8f55094740]
Event: 0.175 Thread 0x00007f8f081e2000  844       3       java.lang.Character::charCount (12 bytes)
Event: 0.175 Thread 0x00007f8f081e2000 nmethod 844 0x00007f8f55094890 code [0x00007f8f55094a40, 0x00007f8f55094b70]
Event: 0.175 Thread 0x00007f8f081e2000  846       3       java.lang.String::checkIndex (46 bytes)
Event: 0.175 Thread 0x00007f8f6c1fa000  845       3       java.lang.String::codePointAt (50 bytes)
Event: 0.176 Thread 0x00007f8f1c0a5800  849       3       java.util.regex.Pattern$BmpCharPredicate$$Lambda$21/0x00000008400ab440::is (13 bytes)
Event: 0.176 Thread 0x00007f8f6c1fa000 nmethod 845 0x00007f8f55094c10 code [0x00007f8f55094e00, 0x00007f8f550951a0]
Event: 0.176 Thread 0x00007f8f6c1fa000  850       3       java.util.regex.Pattern$BmpCharPredicate::lambda$union$2 (26 bytes)
Event: 0.176 Thread 0x00007f8f1c0a5800 nmethod 849 0x00007f8f55095390 code [0x00007f8f55095580, 0x00007f8f550959b0]
Event: 0.176 Thread 0x00007f8f081e2000 nmethod 846 0x00007f8f55095b10 code [0x00007f8f55095da0, 0x00007f8f55096730]
Event: 0.176 Thread 0x00007f8f081e2000  848       3       java.util.regex.Pattern::peek (26 bytes)
Event: 0.176 Thread 0x00007f8f6c1fa000 nmethod 850 0x00007f8f55096a90 code [0x00007f8f55096c60, 0x00007f8f55096fb0]
Event: 0.176 Thread 0x00007f8f1c0a5800  847       3       java.util.regex.Pattern::next (33 bytes)
Event: 0.176 Thread 0x00007f8f6c1fa000  852       3       java.util.regex.Pattern$BmpCharProperty::match (55 bytes)
Event: 0.176 Thread 0x00007f8f081e2000 nmethod 848 0x00007f8f55097090 code [0x00007f8f55097260, 0x00007f8f550974e0]
Event: 0.176 Thread 0x00007f8f081e2000  853       3       java.util.regex.Pattern$$Lambda$17/0x00000008400aa440::is (9 bytes)
Event: 0.176 Thread 0x00007f8f1c0a5800 nmethod 847 0x00007f8f55097610 code [0x00007f8f550977e0, 0x00007f8f55097a60]
Event: 0.176 Thread 0x00007f8f1c0a5800  854       3       java.util.regex.Pattern::lambda$Single$8 (11 bytes)

GC Heap History (0 events):
No events

Deoptimization events (20 events):
Event: 0.096 Thread 0x00007f8f6c015800 DEOPT PACKING pc=0x00007f8f54f52d30 sp=0x00007f8f7233aea0
Event: 0.096 Thread 0x00007f8f6c015800 DEOPT UNPACKING pc=0x00007f8f5480964a sp=0x00007f8f7233a330 mode 0
Event: 0.109 Thread 0x00007f8f6c015800 Uncommon trap: trap_request=0xffffff4d fr.pc=0x00007f8f5c3769d0 relative=0x0000000000000410
Event: 0.109 Thread 0x00007f8f6c015800 Uncommon trap: reason=unstable_if action=reinterpret pc=0x00007f8f5c3769d0 method=java.lang.StringLatin1.indexOf([BI[BII)I @ 91 c2
Event: 0.109 Thread 0x00007f8f6c015800 DEOPT PACKING pc=0x00007f8f5c3769d0 sp=0x00007f8f7233afd0
Event: 0.109 Thread 0x00007f8f6c015800 DEOPT UNPACKING pc=0x00007f8f54808ea5 sp=0x00007f8f7233af50 mode 2
Event: 0.117 Thread 0x00007f8f6c015800 DEOPT PACKING pc=0x00007f8f54f8de62 sp=0x00007f8f7233a710
Event: 0.117 Thread 0x00007f8f6c015800 DEOPT UNPACKING pc=0x00007f8f5480964a sp=0x00007f8f72339ba8 mode 0
Event: 0.123 Thread 0x00007f8f6c015800 DEOPT PACKING pc=0x00007f8f54f2464f sp=0x00007f8f7233b500
Event: 0.123 Thread 0x00007f8f6c015800 DEOPT UNPACKING pc=0x00007f8f5480964a sp=0x00007f8f7233a9a8 mode 0
Event: 0.123 Thread 0x00007f8f6c015800 DEOPT PACKING pc=0x00007f8f54f2464f sp=0x00007f8f7233b500
Event: 0.123 Thread 0x00007f8f6c015800 DEOPT UNPACKING pc=0x00007f8f5480964a sp=0x00007f8f7233a9a8 mode 0
Event: 0.153 Thread 0x00007f8f6c015800 Uncommon trap: trap_request=0xffffffc6 fr.pc=0x00007f8f5c385794 relative=0x00000000000003b4
Event: 0.153 Thread 0x00007f8f6c015800 Uncommon trap: reason=bimorphic_or_optimized_type_check action=maybe_recompile pc=0x00007f8f5c385794 method=java.util.HashMap.getNode(ILjava/lang/Object;)Ljava/util/HashMap$Node; @ 126 c2
Event: 0.153 Thread 0x00007f8f6c015800 DEOPT PACKING pc=0x00007f8f5c385794 sp=0x00007f8f7233c0e0
Event: 0.153 Thread 0x00007f8f6c015800 DEOPT UNPACKING pc=0x00007f8f54808ea5 sp=0x00007f8f7233c078 mode 2
Event: 0.158 Thread 0x00007f8f6c015800 Uncommon trap: trap_request=0xffffffc6 fr.pc=0x00007f8f5c385794 relative=0x00000000000003b4
Event: 0.158 Thread 0x00007f8f6c015800 Uncommon trap: reason=bimorphic_or_optimized_type_check action=maybe_recompile pc=0x00007f8f5c385794 method=java.util.HashMap.getNode(ILjava/lang/Object;)Ljava/util/HashMap$Node; @ 126 c2
Event: 0.158 Thread 0x00007f8f6c015800 DEOPT PACKING pc=0x00007f8f5c385794 sp=0x00007f8f7233c0e0
Event: 0.158 Thread 0x00007f8f6c015800 DEOPT UNPACKING pc=0x00007f8f54808ea5 sp=0x00007f8f7233c078 mode 2

Classes redefined (0 events):
No events

Internal exceptions (20 events):
Event: 0.041 Thread 0x00007f8f6c015800 Exception <a 'java/security/PrivilegedActionException'{0x000000071803a1d0}> (0x000000071803a1d0) thrown at [./src/hotspot/share/prims/jvm.cpp, line 1304]
Event: 0.041 Thread 0x00007f8f6c015800 Exception <a 'java/security/PrivilegedActionException'{0x000000071803a4a0}> (0x000000071803a4a0) thrown at [./src/hotspot/share/prims/jvm.cpp, line 1304]
Event: 0.041 Thread 0x00007f8f6c015800 Exception <a 'java/security/PrivilegedActionException'{0x000000071803b0b8}> (0x000000071803b0b8) thrown at [./src/hotspot/share/prims/jvm.cpp, line 1304]
Event: 0.041 Thread 0x00007f8f6c015800 Exception <a 'java/security/PrivilegedActionException'{0x000000071803b388}> (0x000000071803b388) thrown at [./src/hotspot/share/prims/jvm.cpp, line 1304]
Event: 0.041 Thread 0x00007f8f6c015800 Exception <a 'java/security/PrivilegedActionException'{0x000000071803bfa0}> (0x000000071803bfa0) thrown at [./src/hotspot/share/prims/jvm.cpp, line 1304]
Event: 0.041 Thread 0x00007f8f6c015800 Exception <a 'java/security/PrivilegedActionException'{0x000000071803c270}> (0x000000071803c270) thrown at [./src/hotspot/share/prims/jvm.cpp, line 1304]
Event: 0.041 Thread 0x00007f8f6c015800 Exception <a 'java/security/PrivilegedActionException'{0x000000071803cea0}> (0x000000071803cea0) thrown at [./src/hotspot/share/prims/jvm.cpp, line 1304]
Event: 0.041 Thread 0x00007f8f6c015800 Exception <a 'java/security/PrivilegedActionException'{0x000000071803d170}> (0x000000071803d170) thrown at [./src/hotspot/share/prims/jvm.cpp, line 1304]
Event: 0.041 Thread 0x00007f8f6c015800 Exception <a 'java/security/PrivilegedActionException'{0x000000071803dda0}> (0x000000071803dda0) thrown at [./src/hotspot/share/prims/jvm.cpp, line 1304]
Event: 0.041 Thread 0x00007f8f6c015800 Exception <a 'java/security/PrivilegedActionException'{0x000000071803e070}> (0x000000071803e070) thrown at [./src/hotspot/share/prims/jvm.cpp, line 1304]
Event: 0.041 Thread 0x00007f8f6c015800 Exception <a 'java/security/PrivilegedActionException'{0x000000071803eca0}> (0x000000071803eca0) thrown at [./src/hotspot/share/prims/jvm.cpp, line 1304]
Event: 0.041 Thread 0x00007f8f6c015800 Exception <a 'java/security/PrivilegedActionException'{0x000000071803ef70}> (0x000000071803ef70) thrown at [./src/hotspot/share/prims/jvm.cpp, line 1304]
Event: 0.041 Thread 0x00007f8f6c015800 Exception <a 'java/security/PrivilegedActionException'{0x000000071803fb88}> (0x000000071803fb88) thrown at [./src/hotspot/share/prims/jvm.cpp, line 1304]
Event: 0.041 Thread 0x00007f8f6c015800 Exception <a 'java/security/PrivilegedActionException'{0x000000071803fe58}> (0x000000071803fe58) thrown at [./src/hotspot/share/prims/jvm.cpp, line 1304]
Event: 0.041 Thread 0x00007f8f6c015800 Exception <a 'java/security/PrivilegedActionException'{0x0000000718040a88}> (0x0000000718040a88) thrown at [./src/hotspot/share/prims/jvm.cpp, line 1304]
Event: 0.041 Thread 0x00007f8f6c015800 Exception <a 'java/security/PrivilegedActionException'{0x0000000718040d58}> (0x0000000718040d58) thrown at [./src/hotspot/share/prims/jvm.cpp, line 1304]
Event: 0.088 Thread 0x00007f8f6c015800 Exception <a 'java/lang/NoSuchMethodError'{0x0000000717dc7a50}: 'int java.lang.invoke.DirectMethodHandle$Holder.invokeStaticInit(java.lang.Object, java.lang.Object, java.lang.Object, java.lang.Object)'> (0x0000000717dc7a50) thrown at [./src/hotspot/share/interpreter/linkResolver.cpp, line 772]
Event: 0.089 Thread 0x00007f8f6c015800 Exception <a 'java/lang/IncompatibleClassChangeError'{0x0000000717dd1f38}: Found class java.lang.Object, but interface was expected> (0x0000000717dd1f38) thrown at [./src/hotspot/share/interpreter/linkResolver.cpp, line 839]
Event: 0.090 Thread 0x00007f8f6c015800 Exception <a 'java/lang/NoSuchMethodError'{0x0000000717dd5188}: 'void java.lang.invoke.DirectMethodHandle$Holder.invokeStaticInit(java.lang.Object, java.lang.Object)'> (0x0000000717dd5188) thrown at [./src/hotspot/share/interpreter/linkResolver.cpp, line 772]
Event: 0.090 Thread 0x00007f8f6c015800 Exception <a 'java/lang/NoSuchMethodError'{0x0000000717ddae58}: 'int java.lang.invoke.DirectMethodHandle$Holder.invokeStaticInit(java.lang.Object, java.lang.Object)'> (0x0000000717ddae58) thrown at [./src/hotspot/share/interpreter/linkResolver.cpp, line 772]

Events (20 events):
Event: 0.167 loading class java/lang/invoke/BoundMethodHandle$Species_LLLL
Event: 0.167 loading class java/lang/invoke/BoundMethodHandle$Species_LLLL done
Event: 0.168 loading class java/lang/invoke/BoundMethodHandle$Species_LLLLL
Event: 0.168 loading class java/lang/invoke/BoundMethodHandle$Species_LLLLL done
Event: 0.169 loading class java/lang/invoke/BoundMethodHandle$Species_LLLLLL
Event: 0.169 loading class java/lang/invoke/BoundMethodHandle$Species_LLLLLL done
Event: 0.170 loading class java/lang/invoke/BoundMethodHandle$Species_LLLLLLI
Event: 0.170 loading class java/lang/invoke/BoundMethodHandle$Species_LLLLLLI done
Event: 0.171 loading class java/lang/invoke/BoundMethodHandle$Species_LLLLLLII
Event: 0.171 loading class java/lang/invoke/BoundMethodHandle$Species_LLLLLLII done
Event: 0.171 loading class java/lang/invoke/BoundMethodHandle$Species_LLLLLLIIL
Event: 0.171 loading class java/lang/invoke/BoundMethodHandle$Species_LLLLLLIIL done
Event: 0.173 loading class java/util/AbstractMap$SimpleEntry
Event: 0.173 loading class java/util/AbstractMap$SimpleEntry done
Event: 0.173 loading class LLVMIRToRiscv
Event: 0.173 loading class LLVMIRToRiscv done
Event: 0.174 loading class RegisterAllocator
Event: 0.174 loading class RegisterAllocator done
Event: 0.174 loading class AsmBuilder
Event: 0.174 loading class AsmBuilder done


Dynamic libraries:
708a00000-718200000 rw-p 00000000 00:00 0 
718200000-7bfe00000 ---p 00000000 00:00 0 
7bfe00000-7bfe48000 rw-p 00b14000 08:20 134337                           /usr/lib/jvm/java-11-openjdk-amd64/lib/server/classes.jsa
7bfe48000-7bff00000 rw-p 00000000 00:00 0 
7bff00000-7bff6c000 rw-p 00aa8000 08:20 134337                           /usr/lib/jvm/java-11-openjdk-amd64/lib/server/classes.jsa
7bff6c000-7c0000000 rw-p 00000000 00:00 0 
7c0000000-800000000 ---p 00000000 00:00 0 
800000000-800002000 rwxp 00001000 08:20 134337                           /usr/lib/jvm/java-11-openjdk-amd64/lib/server/classes.jsa
800002000-8003ce000 rw-p 00003000 08:20 134337                           /usr/lib/jvm/java-11-openjdk-amd64/lib/server/classes.jsa
8003ce000-800aa6000 r--p 003cf000 08:20 134337                           /usr/lib/jvm/java-11-openjdk-amd64/lib/server/classes.jsa
800aa6000-800aa7000 rw-p 00aa7000 08:20 134337                           /usr/lib/jvm/java-11-openjdk-amd64/lib/server/classes.jsa
840000000-8400c0000 rw-p 00000000 00:00 0 
8400c0000-880000000 ---p 00000000 00:00 0 
5572f1306000-5572f1307000 r--p 00000000 08:20 134745                     /usr/lib/jvm/java-11-openjdk-amd64/bin/java
5572f1307000-5572f1308000 r-xp 00001000 08:20 134745                     /usr/lib/jvm/java-11-openjdk-amd64/bin/java
5572f1308000-5572f1309000 r--p 00002000 08:20 134745                     /usr/lib/jvm/java-11-openjdk-amd64/bin/java
5572f1309000-5572f130a000 r--p 00002000 08:20 134745                     /usr/lib/jvm/java-11-openjdk-amd64/bin/java
5572f130a000-5572f130b000 rw-p 00003000 08:20 134745                     /usr/lib/jvm/java-11-openjdk-amd64/bin/java
557303ea2000-557303ec3000 rw-p 00000000 00:00 0                          [heap]
7f8ef152c000-7f8ef1e52000 r--p 00000000 08:20 204242                     /home/crz/.javacpp/cache/llvm-13.0.1-1.5.7-linux-x86_64.jar/org/bytedeco/llvm/linux-x86_64/libLLVM-13.so
7f8ef1e52000-7f8ef5815000 r-xp 00926000 08:20 204242                     /home/crz/.javacpp/cache/llvm-13.0.1-1.5.7-linux-x86_64.jar/org/bytedeco/llvm/linux-x86_64/libLLVM-13.so
7f8ef5815000-7f8ef7a6a000 r--p 042e9000 08:20 204242                     /home/crz/.javacpp/cache/llvm-13.0.1-1.5.7-linux-x86_64.jar/org/bytedeco/llvm/linux-x86_64/libLLVM-13.so
7f8ef7a6a000-7f8ef7f7f000 r--p 0653d000 08:20 204242                     /home/crz/.javacpp/cache/llvm-13.0.1-1.5.7-linux-x86_64.jar/org/bytedeco/llvm/linux-x86_64/libLLVM-13.so
7f8ef7f7f000-7f8ef7f8a000 rw-p 06a52000 08:20 204242                     /home/crz/.javacpp/cache/llvm-13.0.1-1.5.7-linux-x86_64.jar/org/bytedeco/llvm/linux-x86_64/libLLVM-13.so
7f8ef7f8a000-7f8ef8000000 rw-p 00000000 00:00 0 
7f8ef8000000-7f8ef8084000 rw-p 00000000 00:00 0 
7f8ef8084000-7f8efc000000 ---p 00000000 00:00 0 
7f8efc000000-7f8efc021000 rw-p 00000000 00:00 0 
7f8efc021000-7f8f00000000 ---p 00000000 00:00 0 
7f8f00000000-7f8f00021000 rw-p 00000000 00:00 0 
7f8f00021000-7f8f04000000 ---p 00000000 00:00 0 
7f8f04000000-7f8f04021000 rw-p 00000000 00:00 0 
7f8f04021000-7f8f08000000 ---p 00000000 00:00 0 
7f8f08000000-7f8f08203000 rw-p 00000000 00:00 0 
7f8f08203000-7f8f0c000000 ---p 00000000 00:00 0 
7f8f0c000000-7f8f0c021000 rw-p 00000000 00:00 0 
7f8f0c021000-7f8f10000000 ---p 00000000 00:00 0 
7f8f10000000-7f8f10200000 rw-p 00000000 00:00 0 
7f8f10200000-7f8f14000000 ---p 00000000 00:00 0 
7f8f14000000-7f8f14021000 rw-p 00000000 00:00 0 
7f8f14021000-7f8f18000000 ---p 00000000 00:00 0 
7f8f18000000-7f8f18021000 rw-p 00000000 00:00 0 
7f8f18021000-7f8f1c000000 ---p 00000000 00:00 0 
7f8f1c000000-7f8f1c294000 rw-p 00000000 00:00 0 
7f8f1c294000-7f8f20000000 ---p 00000000 00:00 0 
7f8f20000000-7f8f20021000 rw-p 00000000 00:00 0 
7f8f20021000-7f8f24000000 ---p 00000000 00:00 0 
7f8f26077000-7f8f270f9000 rw-p 00000000 00:00 0 
7f8f270f9000-7f8f2715e000 r--p 00000000 08:20 204256                     /home/crz/.javacpp/cache/llvm-13.0.1-1.5.7-linux-x86_64.jar/org/bytedeco/llvm/linux-x86_64/libjniLLVM.so
7f8f2715e000-7f8f271cc000 r-xp 00065000 08:20 204256                     /home/crz/.javacpp/cache/llvm-13.0.1-1.5.7-linux-x86_64.jar/org/bytedeco/llvm/linux-x86_64/libjniLLVM.so
7f8f271cc000-7f8f271f7000 r--p 000d3000 08:20 204256                     /home/crz/.javacpp/cache/llvm-13.0.1-1.5.7-linux-x86_64.jar/org/bytedeco/llvm/linux-x86_64/libjniLLVM.so
7f8f271f7000-7f8f271fa000 r--p 000fd000 08:20 204256                     /home/crz/.javacpp/cache/llvm-13.0.1-1.5.7-linux-x86_64.jar/org/bytedeco/llvm/linux-x86_64/libjniLLVM.so
7f8f271fa000-7f8f271fd000 rw-p 00100000 08:20 204256                     /home/crz/.javacpp/cache/llvm-13.0.1-1.5.7-linux-x86_64.jar/org/bytedeco/llvm/linux-x86_64/libjniLLVM.so
7f8f271fd000-7f8f271ff000 rw-p 00000000 00:00 0 
7f8f271ff000-7f8f27206000 r--p 00000000 08:20 204245                     /home/crz/.javacpp/cache/llvm-13.0.1-1.5.7-linux-x86_64.jar/org/bytedeco/llvm/linux-x86_64/libLTO.so.13
7f8f27206000-7f8f2720e000 r-xp 00007000 08:20 204245                     /home/crz/.javacpp/cache/llvm-13.0.1-1.5.7-linux-x86_64.jar/org/bytedeco/llvm/linux-x86_64/libLTO.so.13
7f8f2720e000-7f8f27210000 r--p 0000f000 08:20 204245                     /home/crz/.javacpp/cache/llvm-13.0.1-1.5.7-linux-x86_64.jar/org/bytedeco/llvm/linux-x86_64/libLTO.so.13
7f8f27210000-7f8f27211000 r--p 00010000 08:20 204245                     /home/crz/.javacpp/cache/llvm-13.0.1-1.5.7-linux-x86_64.jar/org/bytedeco/llvm/linux-x86_64/libLTO.so.13
7f8f27211000-7f8f27212000 rw-p 00011000 08:20 204245                     /home/crz/.javacpp/cache/llvm-13.0.1-1.5.7-linux-x86_64.jar/org/bytedeco/llvm/linux-x86_64/libLTO.so.13
7f8f27212000-7f8f27216000 ---p 00000000 00:00 0 
7f8f27216000-7f8f27312000 rw-p 00000000 00:00 0 
7f8f27312000-7f8f27316000 ---p 00000000 00:00 0 
7f8f27316000-7f8f27412000 rw-p 00000000 00:00 0 
7f8f27412000-7f8f27416000 ---p 00000000 00:00 0 
7f8f27416000-7f8f27512000 rw-p 00000000 00:00 0 
7f8f27512000-7f8f27516000 ---p 00000000 00:00 0 
7f8f27516000-7f8f27612000 rw-p 00000000 00:00 0 
7f8f27612000-7f8f27613000 ---p 00000000 00:00 0 
7f8f27613000-7f8f27713000 rw-p 00000000 00:00 0 
7f8f27713000-7f8f27717000 ---p 00000000 00:00 0 
7f8f27717000-7f8f27813000 rw-p 00000000 00:00 0 
7f8f27813000-7f8f27817000 ---p 00000000 00:00 0 
7f8f27817000-7f8f27913000 rw-p 00000000 00:00 0 
7f8f27913000-7f8f27917000 ---p 00000000 00:00 0 
7f8f27917000-7f8f27a13000 rw-p 00000000 00:00 0 
7f8f27a13000-7f8f28000000 r--p 00000000 08:20 13349                      /usr/lib/locale/locale-archive
7f8f28000000-7f8f28021000 rw-p 00000000 00:00 0 
7f8f28021000-7f8f2c000000 ---p 00000000 00:00 0 
7f8f2c000000-7f8f2c021000 rw-p 00000000 00:00 0 
7f8f2c021000-7f8f30000000 ---p 00000000 00:00 0 
7f8f30000000-7f8f30021000 rw-p 00000000 00:00 0 
7f8f30021000-7f8f34000000 ---p 00000000 00:00 0 
7f8f34000000-7f8f34021000 rw-p 00000000 00:00 0 
7f8f34021000-7f8f38000000 ---p 00000000 00:00 0 
7f8f38000000-7f8f38021000 rw-p 00000000 00:00 0 
7f8f38021000-7f8f3c000000 ---p 00000000 00:00 0 
7f8f3c000000-7f8f3c021000 rw-p 00000000 00:00 0 
7f8f3c021000-7f8f40000000 ---p 00000000 00:00 0 
7f8f40001000-7f8f40005000 r--p 00000000 08:20 204229                     /home/crz/.javacpp/cache/javacpp-1.5.7-linux-x86_64.jar/org/bytedeco/javacpp/linux-x86_64/libjnijavacpp.so
7f8f40005000-7f8f4000c000 r-xp 00004000 08:20 204229                     /home/crz/.javacpp/cache/javacpp-1.5.7-linux-x86_64.jar/org/bytedeco/javacpp/linux-x86_64/libjnijavacpp.so
7f8f4000c000-7f8f40010000 r--p 0000b000 08:20 204229                     /home/crz/.javacpp/cache/javacpp-1.5.7-linux-x86_64.jar/org/bytedeco/javacpp/linux-x86_64/libjnijavacpp.so
7f8f40010000-7f8f40011000 r--p 0000e000 08:20 204229                     /home/crz/.javacpp/cache/javacpp-1.5.7-linux-x86_64.jar/org/bytedeco/javacpp/linux-x86_64/libjnijavacpp.so
7f8f40011000-7f8f40012000 rw-p 0000f000 08:20 204229                     /home/crz/.javacpp/cache/javacpp-1.5.7-linux-x86_64.jar/org/bytedeco/javacpp/linux-x86_64/libjnijavacpp.so
7f8f40012000-7f8f40016000 ---p 00000000 00:00 0 
7f8f40016000-7f8f40112000 rw-p 00000000 00:00 0 
7f8f40112000-7f8f40116000 ---p 00000000 00:00 0 
7f8f40116000-7f8f40212000 rw-p 00000000 00:00 0 
7f8f40212000-7f8f40216000 ---p 00000000 00:00 0 
7f8f40216000-7f8f40312000 rw-p 00000000 00:00 0 
7f8f40312000-7f8f40316000 ---p 00000000 00:00 0 
7f8f40316000-7f8f40412000 rw-p 00000000 00:00 0 
7f8f40412000-7f8f40416000 ---p 00000000 00:00 0 
7f8f40416000-7f8f40512000 rw-p 00000000 00:00 0 
7f8f40512000-7f8f40513000 ---p 00000000 00:00 0 
7f8f40513000-7f8f40cef000 rw-p 00000000 00:00 0 
7f8f40cef000-7f8f40eef000 ---p 00000000 00:00 0 
7f8f40eef000-7f8f40ef0000 ---p 00000000 00:00 0 
7f8f40ef0000-7f8f40ff0000 rw-p 00000000 00:00 0 
7f8f40ff0000-7f8f40ff1000 ---p 00000000 00:00 0 
7f8f40ff1000-7f8f44000000 rw-p 00000000 00:00 0 
7f8f44000000-7f8f44021000 rw-p 00000000 00:00 0 
7f8f44021000-7f8f48000000 ---p 00000000 00:00 0 
7f8f48002000-7f8f48009000 r--s 00000000 08:20 126784                     /usr/lib/x86_64-linux-gnu/gconv/gconv-modules.cache
7f8f48009000-7f8f4800a000 r--p 00000000 08:20 204251                     /home/crz/.javacpp/cache/llvm-13.0.1-1.5.7-linux-x86_64.jar/org/bytedeco/llvm/linux-x86_64/libRemarks.so.13
7f8f4800a000-7f8f4800b000 r-xp 00001000 08:20 204251                     /home/crz/.javacpp/cache/llvm-13.0.1-1.5.7-linux-x86_64.jar/org/bytedeco/llvm/linux-x86_64/libRemarks.so.13
7f8f4800b000-7f8f4800c000 r--p 00002000 08:20 204251                     /home/crz/.javacpp/cache/llvm-13.0.1-1.5.7-linux-x86_64.jar/org/bytedeco/llvm/linux-x86_64/libRemarks.so.13
7f8f4800c000-7f8f4800d000 r--p 00002000 08:20 204251                     /home/crz/.javacpp/cache/llvm-13.0.1-1.5.7-linux-x86_64.jar/org/bytedeco/llvm/linux-x86_64/libRemarks.so.13
7f8f4800d000-7f8f4800e000 rw-p 00003000 08:20 204251                     /home/crz/.javacpp/cache/llvm-13.0.1-1.5.7-linux-x86_64.jar/org/bytedeco/llvm/linux-x86_64/libRemarks.so.13
7f8f4800e000-7f8f4803f000 rw-p 00000000 00:00 0 
7f8f4803f000-7f8f48043000 r--p 00000000 08:20 134814                     /usr/lib/jvm/java-11-openjdk-amd64/lib/libnet.so
7f8f48043000-7f8f48051000 r-xp 00004000 08:20 134814                     /usr/lib/jvm/java-11-openjdk-amd64/lib/libnet.so
7f8f48051000-7f8f48055000 r--p 00012000 08:20 134814                     /usr/lib/jvm/java-11-openjdk-amd64/lib/libnet.so
7f8f48055000-7f8f48056000 r--p 00015000 08:20 134814                     /usr/lib/jvm/java-11-openjdk-amd64/lib/libnet.so
7f8f48056000-7f8f48057000 rw-p 00016000 08:20 134814                     /usr/lib/jvm/java-11-openjdk-amd64/lib/libnet.so
7f8f48057000-7f8f48058000 ---p 00000000 00:00 0 
7f8f48058000-7f8f48158000 rw-p 00000000 00:00 0 
7f8f48158000-7f8f48159000 ---p 00000000 00:00 0 
7f8f48159000-7f8f48830000 rw-p 00000000 00:00 0 
7f8f48830000-7f8f4b220000 ---p 00000000 00:00 0 
7f8f4b220000-7f8f4b228000 rw-p 00000000 00:00 0 
7f8f4b228000-7f8f4c228000 ---p 00000000 00:00 0 
7f8f4c228000-7f8f4c608000 rw-p 00000000 00:00 0 
7f8f4c608000-7f8f4eff8000 ---p 00000000 00:00 0 
7f8f4eff8000-7f8f4f000000 rw-p 00000000 00:00 0 
7f8f4f000000-7f8f50000000 ---p 00000000 00:00 0 
7f8f50000000-7f8f50021000 rw-p 00000000 00:00 0 
7f8f50021000-7f8f54000000 ---p 00000000 00:00 0 
7f8f54004000-7f8f54080000 rw-p 00000000 00:00 0 
7f8f54080000-7f8f545be000 ---p 00000000 00:00 0 
7f8f545be000-7f8f545bf000 rw-p 00000000 00:00 0 
7f8f545bf000-7f8f547bf000 ---p 00000000 00:00 0 
7f8f547bf000-7f8f54a2f000 rwxp 00000000 00:00 0 
7f8f54a2f000-7f8f54efe000 ---p 00000000 00:00 0 
7f8f54efe000-7f8f5516e000 rwxp 00000000 00:00 0 
7f8f5516e000-7f8f5c35e000 ---p 00000000 00:00 0 
7f8f5c35e000-7f8f5c5ce000 rwxp 00000000 00:00 0 
7f8f5c5ce000-7f8f637bf000 ---p 00000000 00:00 0 
7f8f637bf000-7f8f6c000000 r--s 00000000 08:20 134824                     /usr/lib/jvm/java-11-openjdk-amd64/lib/modules
7f8f6c000000-7f8f6c47a000 rw-p 00000000 00:00 0 
7f8f6c47a000-7f8f70000000 ---p 00000000 00:00 0 
7f8f70000000-7f8f70001000 r--p 00000000 08:20 104103                     /usr/lib/x86_64-linux-gnu/libdl.so.2
7f8f70001000-7f8f70002000 r-xp 00001000 08:20 104103                     /usr/lib/x86_64-linux-gnu/libdl.so.2
7f8f70002000-7f8f70003000 r--p 00002000 08:20 104103                     /usr/lib/x86_64-linux-gnu/libdl.so.2
7f8f70003000-7f8f70004000 r--p 00002000 08:20 104103                     /usr/lib/x86_64-linux-gnu/libdl.so.2
7f8f70004000-7f8f70005000 rw-p 00003000 08:20 104103                     /usr/lib/x86_64-linux-gnu/libdl.so.2
7f8f70005000-7f8f70006000 r--p 00000000 08:20 104244                     /usr/lib/x86_64-linux-gnu/libpthread.so.0
7f8f70006000-7f8f70007000 r-xp 00001000 08:20 104244                     /usr/lib/x86_64-linux-gnu/libpthread.so.0
7f8f70007000-7f8f70008000 r--p 00002000 08:20 104244                     /usr/lib/x86_64-linux-gnu/libpthread.so.0
7f8f70008000-7f8f70009000 r--p 00002000 08:20 104244                     /usr/lib/x86_64-linux-gnu/libpthread.so.0
7f8f70009000-7f8f7000a000 rw-p 00003000 08:20 104244                     /usr/lib/x86_64-linux-gnu/libpthread.so.0
7f8f7000a000-7f8f70011000 r--p 00000000 08:20 134815                     /usr/lib/jvm/java-11-openjdk-amd64/lib/libnio.so
7f8f70011000-7f8f70019000 r-xp 00007000 08:20 134815                     /usr/lib/jvm/java-11-openjdk-amd64/lib/libnio.so
7f8f70019000-7f8f7001c000 r--p 0000f000 08:20 134815                     /usr/lib/jvm/java-11-openjdk-amd64/lib/libnio.so
7f8f7001c000-7f8f7001d000 r--p 00011000 08:20 134815                     /usr/lib/jvm/java-11-openjdk-amd64/lib/libnio.so
7f8f7001d000-7f8f7001e000 rw-p 00012000 08:20 134815                     /usr/lib/jvm/java-11-openjdk-amd64/lib/libnio.so
7f8f7001e000-7f8f70104000 rw-p 00000000 00:00 0 
7f8f70104000-7f8f70642000 ---p 00000000 00:00 0 
7f8f70642000-7f8f70643000 rw-p 00000000 00:00 0 
7f8f70643000-7f8f70843000 ---p 00000000 00:00 0 
7f8f70843000-7f8f708bf000 rw-p 00000000 00:00 0 
7f8f708bf000-7f8f70dfd000 ---p 00000000 00:00 0 
7f8f70dfd000-7f8f70dfe000 rw-p 00000000 00:00 0 
7f8f70dfe000-7f8f70ffe000 ---p 00000000 00:00 0 
7f8f70ffe000-7f8f71f0d000 rw-p 00000000 00:00 0 
7f8f71f0d000-7f8f71f0e000 ---p 00000000 00:00 0 
7f8f71f0e000-7f8f72013000 rw-p 00000000 00:00 0 
7f8f72013000-7f8f720f7000 ---p 00000000 00:00 0 
7f8f720f7000-7f8f720fc000 rw-p 00000000 00:00 0 
7f8f720fc000-7f8f721e0000 ---p 00000000 00:00 0 
7f8f721e0000-7f8f721e5000 rw-p 00000000 00:00 0 
7f8f721e5000-7f8f721ef000 ---p 00000000 00:00 0 
7f8f721ef000-7f8f721f1000 r--p 00000000 08:20 134823                     /usr/lib/jvm/java-11-openjdk-amd64/lib/libzip.so
7f8f721f1000-7f8f721f6000 r-xp 00002000 08:20 134823                     /usr/lib/jvm/java-11-openjdk-amd64/lib/libzip.so
7f8f721f6000-7f8f721f8000 r--p 00007000 08:20 134823                     /usr/lib/jvm/java-11-openjdk-amd64/lib/libzip.so
7f8f721f8000-7f8f721f9000 r--p 00008000 08:20 134823                     /usr/lib/jvm/java-11-openjdk-amd64/lib/libzip.so
7f8f721f9000-7f8f721fa000 rw-p 00009000 08:20 134823                     /usr/lib/jvm/java-11-openjdk-amd64/lib/libzip.so
7f8f721fa000-7f8f72202000 rw-s 00000000 08:20 191589                     /tmp/hsperfdata_crz/48513
7f8f72202000-7f8f72204000 r--p 00000000 08:20 134806                     /usr/lib/jvm/java-11-openjdk-amd64/lib/libjimage.so
7f8f72204000-7f8f72207000 r-xp 00002000 08:20 134806                     /usr/lib/jvm/java-11-openjdk-amd64/lib/libjimage.so
7f8f72207000-7f8f72208000 r--p 00005000 08:20 134806                     /usr/lib/jvm/java-11-openjdk-amd64/lib/libjimage.so
7f8f72208000-7f8f72209000 ---p 00006000 08:20 134806                     /usr/lib/jvm/java-11-openjdk-amd64/lib/libjimage.so
7f8f72209000-7f8f7220a000 r--p 00006000 08:20 134806                     /usr/lib/jvm/java-11-openjdk-amd64/lib/libjimage.so
7f8f7220a000-7f8f7220b000 rw-p 00007000 08:20 134806                     /usr/lib/jvm/java-11-openjdk-amd64/lib/libjimage.so
7f8f7220b000-7f8f72219000 r--p 00000000 08:20 134803                     /usr/lib/jvm/java-11-openjdk-amd64/lib/libjava.so
7f8f72219000-7f8f7222f000 r-xp 0000e000 08:20 134803                     /usr/lib/jvm/java-11-openjdk-amd64/lib/libjava.so
7f8f7222f000-7f8f72236000 r--p 00024000 08:20 134803                     /usr/lib/jvm/java-11-openjdk-amd64/lib/libjava.so
7f8f72236000-7f8f72237000 r--p 0002a000 08:20 134803                     /usr/lib/jvm/java-11-openjdk-amd64/lib/libjava.so
7f8f72237000-7f8f72238000 rw-p 0002b000 08:20 134803                     /usr/lib/jvm/java-11-openjdk-amd64/lib/libjava.so
7f8f72238000-7f8f72239000 rw-p 00000000 00:00 0 
7f8f72239000-7f8f7223a000 r--p 00000000 08:20 105137                     /usr/lib/x86_64-linux-gnu/librt.so.1
7f8f7223a000-7f8f7223b000 r-xp 00001000 08:20 105137                     /usr/lib/x86_64-linux-gnu/librt.so.1
7f8f7223b000-7f8f7223c000 r--p 00002000 08:20 105137                     /usr/lib/x86_64-linux-gnu/librt.so.1
7f8f7223c000-7f8f7223d000 r--p 00002000 08:20 105137                     /usr/lib/x86_64-linux-gnu/librt.so.1
7f8f7223d000-7f8f7223e000 rw-p 00003000 08:20 105137                     /usr/lib/x86_64-linux-gnu/librt.so.1
7f8f7223e000-7f8f72242000 ---p 00000000 00:00 0 
7f8f72242000-7f8f7233e000 rw-p 00000000 00:00 0 
7f8f7233e000-7f8f72341000 r--p 00000000 08:20 6709                       /usr/lib/x86_64-linux-gnu/libgcc_s.so.1
7f8f72341000-7f8f72358000 r-xp 00003000 08:20 6709                       /usr/lib/x86_64-linux-gnu/libgcc_s.so.1
7f8f72358000-7f8f7235c000 r--p 0001a000 08:20 6709                       /usr/lib/x86_64-linux-gnu/libgcc_s.so.1
7f8f7235c000-7f8f7235d000 r--p 0001d000 08:20 6709                       /usr/lib/x86_64-linux-gnu/libgcc_s.so.1
7f8f7235d000-7f8f7235e000 rw-p 0001e000 08:20 6709                       /usr/lib/x86_64-linux-gnu/libgcc_s.so.1
7f8f7235e000-7f8f7236c000 r--p 00000000 08:20 104109                     /usr/lib/x86_64-linux-gnu/libm.so.6
7f8f7236c000-7f8f723e8000 r-xp 0000e000 08:20 104109                     /usr/lib/x86_64-linux-gnu/libm.so.6
7f8f723e8000-7f8f72443000 r--p 0008a000 08:20 104109                     /usr/lib/x86_64-linux-gnu/libm.so.6
7f8f72443000-7f8f72444000 r--p 000e4000 08:20 104109                     /usr/lib/x86_64-linux-gnu/libm.so.6
7f8f72444000-7f8f72445000 rw-p 000e5000 08:20 104109                     /usr/lib/x86_64-linux-gnu/libm.so.6
7f8f72445000-7f8f724df000 r--p 00000000 08:20 6947                       /usr/lib/x86_64-linux-gnu/libstdc++.so.6.0.30
7f8f724df000-7f8f725f0000 r-xp 0009a000 08:20 6947                       /usr/lib/x86_64-linux-gnu/libstdc++.so.6.0.30
7f8f725f0000-7f8f7265f000 r--p 001ab000 08:20 6947                       /usr/lib/x86_64-linux-gnu/libstdc++.so.6.0.30
7f8f7265f000-7f8f72660000 ---p 0021a000 08:20 6947                       /usr/lib/x86_64-linux-gnu/libstdc++.so.6.0.30
7f8f72660000-7f8f7266b000 r--p 0021a000 08:20 6947                       /usr/lib/x86_64-linux-gnu/libstdc++.so.6.0.30
7f8f7266b000-7f8f7266e000 rw-p 00225000 08:20 6947                       /usr/lib/x86_64-linux-gnu/libstdc++.so.6.0.30
7f8f7266e000-7f8f72671000 rw-p 00000000 00:00 0 
7f8f72671000-7f8f728f4000 r--p 00000000 08:20 134827                     /usr/lib/jvm/java-11-openjdk-amd64/lib/server/libjvm.so
7f8f728f4000-7f8f7359f000 r-xp 00283000 08:20 134827                     /usr/lib/jvm/java-11-openjdk-amd64/lib/server/libjvm.so
7f8f7359f000-7f8f737fb000 r--p 00f2e000 08:20 134827                     /usr/lib/jvm/java-11-openjdk-amd64/lib/server/libjvm.so
7f8f737fb000-7f8f738bf000 r--p 01189000 08:20 134827                     /usr/lib/jvm/java-11-openjdk-amd64/lib/server/libjvm.so
7f8f738bf000-7f8f738fa000 rw-p 0124d000 08:20 134827                     /usr/lib/jvm/java-11-openjdk-amd64/lib/server/libjvm.so
7f8f738fa000-7f8f73954000 rw-p 00000000 00:00 0 
7f8f73954000-7f8f7397c000 r--p 00000000 08:20 104085                     /usr/lib/x86_64-linux-gnu/libc.so.6
7f8f7397c000-7f8f73b11000 r-xp 00028000 08:20 104085                     /usr/lib/x86_64-linux-gnu/libc.so.6
7f8f73b11000-7f8f73b69000 r--p 001bd000 08:20 104085                     /usr/lib/x86_64-linux-gnu/libc.so.6
7f8f73b69000-7f8f73b6a000 ---p 00215000 08:20 104085                     /usr/lib/x86_64-linux-gnu/libc.so.6
7f8f73b6a000-7f8f73b6e000 r--p 00215000 08:20 104085                     /usr/lib/x86_64-linux-gnu/libc.so.6
7f8f73b6e000-7f8f73b70000 rw-p 00219000 08:20 104085                     /usr/lib/x86_64-linux-gnu/libc.so.6
7f8f73b70000-7f8f73b7d000 rw-p 00000000 00:00 0 
7f8f73b7d000-7f8f73b80000 r--p 00000000 08:20 134788                     /usr/lib/jvm/java-11-openjdk-amd64/lib/jli/libjli.so
7f8f73b80000-7f8f73b8a000 r-xp 00003000 08:20 134788                     /usr/lib/jvm/java-11-openjdk-amd64/lib/jli/libjli.so
7f8f73b8a000-7f8f73b8d000 r--p 0000d000 08:20 134788                     /usr/lib/jvm/java-11-openjdk-amd64/lib/jli/libjli.so
7f8f73b8d000-7f8f73b8e000 ---p 00010000 08:20 134788                     /usr/lib/jvm/java-11-openjdk-amd64/lib/jli/libjli.so
7f8f73b8e000-7f8f73b8f000 r--p 00010000 08:20 134788                     /usr/lib/jvm/java-11-openjdk-amd64/lib/jli/libjli.so
7f8f73b8f000-7f8f73b90000 rw-p 00011000 08:20 134788                     /usr/lib/jvm/java-11-openjdk-amd64/lib/jli/libjli.so
7f8f73b90000-7f8f73b92000 r--p 00000000 08:20 6997                       /usr/lib/x86_64-linux-gnu/libz.so.1.2.11
7f8f73b92000-7f8f73ba3000 r-xp 00002000 08:20 6997                       /usr/lib/x86_64-linux-gnu/libz.so.1.2.11
7f8f73ba3000-7f8f73ba9000 r--p 00013000 08:20 6997                       /usr/lib/x86_64-linux-gnu/libz.so.1.2.11
7f8f73ba9000-7f8f73baa000 ---p 00019000 08:20 6997                       /usr/lib/x86_64-linux-gnu/libz.so.1.2.11
7f8f73baa000-7f8f73bab000 r--p 00019000 08:20 6997                       /usr/lib/x86_64-linux-gnu/libz.so.1.2.11
7f8f73bab000-7f8f73bac000 rw-p 0001a000 08:20 6997                       /usr/lib/x86_64-linux-gnu/libz.so.1.2.11
7f8f73bac000-7f8f73bad000 ---p 00000000 00:00 0 
7f8f73bad000-7f8f73bae000 r--p 00000000 00:00 0 
7f8f73bae000-7f8f73bb3000 r--p 00000000 08:20 134822                     /usr/lib/jvm/java-11-openjdk-amd64/lib/libverify.so
7f8f73bb3000-7f8f73bba000 r-xp 00005000 08:20 134822                     /usr/lib/jvm/java-11-openjdk-amd64/lib/libverify.so
7f8f73bba000-7f8f73bbc000 r--p 0000c000 08:20 134822                     /usr/lib/jvm/java-11-openjdk-amd64/lib/libverify.so
7f8f73bbc000-7f8f73bbe000 r--p 0000d000 08:20 134822                     /usr/lib/jvm/java-11-openjdk-amd64/lib/libverify.so
7f8f73bbe000-7f8f73bbf000 rw-p 0000f000 08:20 134822                     /usr/lib/jvm/java-11-openjdk-amd64/lib/libverify.so
7f8f73bbf000-7f8f73bc1000 rw-p 00000000 00:00 0 
7f8f73bc1000-7f8f73bc3000 r--p 00000000 08:20 104061                     /usr/lib/x86_64-linux-gnu/ld-linux-x86-64.so.2
7f8f73bc3000-7f8f73bed000 r-xp 00002000 08:20 104061                     /usr/lib/x86_64-linux-gnu/ld-linux-x86-64.so.2
7f8f73bed000-7f8f73bf8000 r--p 0002c000 08:20 104061                     /usr/lib/x86_64-linux-gnu/ld-linux-x86-64.so.2
7f8f73bf9000-7f8f73bfb000 r--p 00037000 08:20 104061                     /usr/lib/x86_64-linux-gnu/ld-linux-x86-64.so.2
7f8f73bfb000-7f8f73bfd000 rw-p 00039000 08:20 104061                     /usr/lib/x86_64-linux-gnu/ld-linux-x86-64.so.2
7fff8770e000-7fff87730000 rw-p 00000000 00:00 0                          [stack]
7fff87780000-7fff87784000 r--p 00000000 00:00 0                          [vvar]
7fff87784000-7fff87786000 r-xp 00000000 00:00 0                          [vdso]


VM Arguments:
java_command: Main tests/lab6_test/constproptest2.sysy tests/lab6_test/constproptest2.ll
java_class_path (initial): ./classes:/usr/local/lib/antlr-4.9.1-complete.jar:/usr/local/lib/llvm-13.0.1-1.5.7.jar:/usr/local/lib/llvm-13.0.1-1.5.7-linux-x86_64.jar:/usr/local/lib/llvm-platform-13.0.1-1.5.7.jar:/usr/local/lib/javacpp-1.5.7-linux-x86_64.jar:/usr/local/lib/javacpp-1.5.7.jar
Launcher Type: SUN_STANDARD

[Global flags]
     intx CICompilerCount                          = 12                                        {product} {ergonomic}
     uint ConcGCThreads                            = 4                                         {product} {ergonomic}
     uint G1ConcRefinementThreads                  = 15                                        {product} {ergonomic}
   size_t G1HeapRegionSize                         = 1048576                                   {product} {ergonomic}
    uintx GCDrainStackTargetSize                   = 64                                        {product} {ergonomic}
   size_t InitialHeapSize                          = 260046848                                 {product} {ergonomic}
   size_t MarkStackSize                            = 4194304                                   {product} {ergonomic}
   size_t MaxHeapSize                              = 4150263808                                {product} {ergonomic}
   size_t MaxNewSize                               = 2489319424                                {product} {ergonomic}
   size_t MinHeapDeltaBytes                        = 1048576                                   {product} {ergonomic}
    uintx NonNMethodCodeHeapSize                   = 7594288                                {pd product} {ergonomic}
    uintx NonProfiledCodeHeapSize                  = 122031976                              {pd product} {ergonomic}
    uintx ProfiledCodeHeapSize                     = 122031976                              {pd product} {ergonomic}
    uintx ReservedCodeCacheSize                    = 251658240                              {pd product} {ergonomic}
     bool SegmentedCodeCache                       = true                                      {product} {ergonomic}
     bool UseCompressedClassPointers               = true                                 {lp64_product} {ergonomic}
     bool UseCompressedOops                        = true                                 {lp64_product} {ergonomic}
     bool UseG1GC                                  = true                                      {product} {ergonomic}

Logging:
Log output configuration:
 #0: stdout all=warning uptime,level,tags
 #1: stderr all=off uptime,level,tags

Environment Variables:
CLASSPATH=/usr/local/lib/antlr-4.9.1-complete.jar:/usr/local/lib/llvm-13.0.1-1.5.7.jar:/usr/local/lib/llvm-13.0.1-1.5.7-linux-x86_64.jar:/usr/local/lib/llvm-platform-13.0.1-1.5.7.jar:/usr/local/lib/javacpp-1.5.7-linux-x86_64.jar:/usr/local/lib/javacpp-1.5.7.jar
PATH=/home/crz/.local/bin:/home/crz/.cargo/bin:/home/crz/.local/bin:~/my_script:/usr/local/sbin:/usr/local/bin:/usr/sbin:/usr/bin:/sbin:/bin:/usr/games:/usr/local/games:/usr/lib/wsl/lib:/mnt/c/Program Files/Java/jdk-21/bin:/mnt/c/Program Files/Common Files/Oracle/Java/javapath:/mnt/e/vmware/bin/:/mnt/c/Program Files (x86)/Common Files/Oracle/Java/java8path:/mnt/c/Program Files (x86)/Common Files/Oracle/Java/javapath:/mnt/c/Windows/system32:/mnt/c/Windows:/mnt/c/Windows/System32/Wbem:/mnt/c/Windows/System32/WindowsPowerShell/v1.0/:/mnt/c/Windows/System32/OpenSSH/:/mnt/c/Users/crz/Downloads/winlibs-x86_64-posix-seh-gcc-12.3.0-llvm-16.0.4-mingw-w64ucrt-11.0.0-r1.zip/mingw64/bin:/mnt/d/mingw64/bin:/mnt/d/Git/cmd:/mnt/c/Program Files/dotnet/:/mnt/e/SDL-CPLproj/SDL2/mingw(CLion+VSC)/SDL2-2.26.0-allinone/x86_64-w64-mingw32/bin:/mnt/c/Program Files/Cloudflare/Cloudflare WARP/:/mnt/c/Users/crz/AppData/Local/Programs/Python/Python311/Lib/site-packages/pyecharts:/mnt/c/Program Files/MATLAB/R2023a/runtime/win64:/mnt/c/Program Files/MATLAB/R2023a/bin:/mnt/c/Program Files/gs/gs10.03.1/bin:/mnt/e/:/mnt/e/bitvise-ssh:/mnt/d/:/mnt/c/ProgramData/chocolatey/bin:/mnt/c/Program Files/MySQL/MySQL Server 8.0/bin:/mnt/c/Program Files/MySQL/MySQL Shell 8.0/bin/:/mnt/e/anaconda3:/mnt/e/anaconda3/Library/mingw-w64/bin:/mnt/e/anaconda3/Library/usr/bin:/mnt/e/anaconda3/Library/bin:/mnt/e/anaconda3/Scripts:/mnt/c/Users/crz/AppData/Local/Microsoft/WindowsApps:/mnt/c/Users/crz/Downloads/winlibs-x86_64-posix-seh-gcc-12.3.0-llvm-16.0.4-mingw-w64ucrt-11.0.0-r1.zip/mingw64/bin:/mnt/d/mingw64/bin:/mnt/e/Microsoft VS Code/bin:/mnt/e/CLion 2022.3/bin:/mnt/c/Users/crz/AppData/Local/JetBrains/Toolbox/scripts:/mnt/d/PyCharm 2023.3.4/bin:/mnt/d/IntelliJ IDEA 2023.3.4/bin:/mnt/c/Users/crz/anaconda3/Lib/site-packages:/mnt/d/texlive/2024/bin/windows:/mnt/c/Users/crz/AppData/Roaming/npm:/mnt/d/:/mnt/d/WebStorm 2024.3.2.1/bin:/snap/bin:/mnt/c/Users/crz/AppData/Local/Programs/Microsoft VS Code/bin:/mnt/e/Microsoft\ V
SHELL=/bin/bash
DISPLAY=:0.0
HOSTTYPE=x86_64
LANG=en_US.UTF-8
LC_ALL=en_US.UTF-8
TERM=xterm-256color

Signal Handlers:
SIGSEGV: [libjvm.so+0xebbd40], sa_mask[0]=11111111011111111101111111111110, sa_flags=SA_RESTART|SA_SIGINFO
SIGBUS: [libjvm.so+0xebbd40], sa_mask[0]=11111111011111111101111111111110, sa_flags=SA_RESTART|SA_SIGINFO
SIGFPE: [libjvm.so+0xebbd40], sa_mask[0]=11111111011111111101111111111110, sa_flags=SA_RESTART|SA_SIGINFO
SIGPIPE: [libjvm.so+0xbfe040], sa_mask[0]=11111111011111111101111111111110, sa_flags=SA_RESTART|SA_SIGINFO
SIGXFSZ: [libjvm.so+0xbfe040], sa_mask[0]=11111111011111111101111111111110, sa_flags=SA_RESTART|SA_SIGINFO
SIGILL: [libjvm.so+0xebbd40], sa_mask[0]=11111111011111111101111111111110, sa_flags=SA_RESTART|SA_SIGINFO
SIGUSR2: [libjvm.so+0xbfdee0], sa_mask[0]=00000000000000000000000000000000, sa_flags=SA_RESTART|SA_SIGINFO
SIGHUP: [libjvm.so+0xbfe6a0], sa_mask[0]=11111111011111111101111111111110, sa_flags=SA_RESTART|SA_SIGINFO
SIGINT: [libjvm.so+0xbfe6a0], sa_mask[0]=11111111011111111101111111111110, sa_flags=SA_RESTART|SA_SIGINFO
SIGTERM: [libjvm.so+0xbfe6a0], sa_mask[0]=11111111011111111101111111111110, sa_flags=SA_RESTART|SA_SIGINFO
SIGQUIT: [libjvm.so+0xbfe6a0], sa_mask[0]=11111111011111111101111111111110, sa_flags=SA_RESTART|SA_SIGINFO


---------------  S Y S T E M  ---------------

OS:DISTRIB_ID=Ubuntu
DISTRIB_RELEASE=22.04
DISTRIB_CODENAME=jammy
DISTRIB_DESCRIPTION="Ubuntu 22.04.5 LTS"
uname:Linux 5.15.167.4-microsoft-standard-WSL2 #1 SMP Tue Nov 5 00:21:55 UTC 2024 x86_64
OS uptime: 0 days 5:31 hours
libc:glibc 2.35 NPTL 2.35 
rlimit (soft/hard): STACK 8192k/infinity , CORE 0k/infinity , NPROC 63270/63270 , NOFILE 1048576/1048576 , AS infinity/infinity , CPU infinity/infinity , DATA infinity/infinity , FSIZE infinity/infinity , MEMLOCK 65536k/65536k
load average:8.41 5.98 4.00

/proc/meminfo:
MemTotal:       16204140 kB
MemFree:        11835256 kB
MemAvailable:   13016216 kB
Buffers:           14580 kB
Cached:          1396088 kB
SwapCached:            0 kB
Active:           488192 kB
Inactive:        3372480 kB
Active(anon):       2448 kB
Inactive(anon):  2489100 kB
Active(file):     485744 kB
Inactive(file):   883380 kB
Unevictable:           0 kB
Mlocked:               0 kB
SwapTotal:       4194304 kB
SwapFree:        4194304 kB
Dirty:                64 kB
Writeback:            32 kB
AnonPages:       2357040 kB
Mapped:           983592 kB
Shmem:             41536 kB
KReclaimable:     119148 kB
Slab:             211608 kB
SReclaimable:     119148 kB
SUnreclaim:        92460 kB
KernelStack:       10380 kB
PageTables:        16564 kB
NFS_Unstable:          0 kB
Bounce:                0 kB
WritebackTmp:          0 kB
CommitLimit:    12296372 kB
Committed_AS:    4740444 kB
VmallocTotal:   34359738367 kB
VmallocUsed:       33696 kB
VmallocChunk:          0 kB
Percpu:            15840 kB
AnonHugePages:   1691648 kB
ShmemHugePages:        0 kB
ShmemPmdMapped:        0 kB
FileHugePages:         0 kB
FilePmdMapped:         0 kB
HugePages_Total:       0
HugePages_Free:        0
HugePages_Rsvd:        0
HugePages_Surp:        0
Hugepagesize:       2048 kB
Hugetlb:               0 kB
DirectMap4k:      152576 kB
DirectMap2M:    12253184 kB
DirectMap1G:    12582912 kB

/sys/kernel/mm/transparent_hugepage/enabled:
[always] madvise never
/sys/kernel/mm/transparent_hugepage/defrag (defrag/compaction efforts parameter):
always defer defer+madvise [madvise] never

Process Memory:
Virtual Size: 7216412K (peak: 15578236K)
Resident Set Size: 120400K (peak: 120400K) (anon: 62656K, file: 57744K, shmem: 0K)
Swapped out: 0K
C-Heap outstanding allocations: 60213K, retained: 2638K
glibc malloc tunables: (default)

/proc/sys/kernel/threads-max (system-wide limit on the number of threads):
126540
/proc/sys/vm/max_map_count (maximum number of memory map areas a process may have):
65530
/proc/sys/kernel/pid_max (system-wide limit on number of process identifiers):
4194304

container (cgroup) information:
container_type: cgroupv1
cpu_cpuset_cpus: 0-19
cpu_memory_nodes: 0
active_processor_count: 20
cpu_quota: no quota
cpu_period: 100000
cpu_shares: no shares
memory_limit_in_bytes: unlimited
memory_and_swap_limit_in_bytes: unlimited
memory_soft_limit_in_bytes: unlimited
memory_usage_in_bytes: 3768728 k
memory_max_usage_in_bytes: 5330956 k
kernel_memory_limit_in_bytes: unlimited
kernel_memory_usage_in_bytes: 112316 k
kernel_memory_max_usage_in_bytes: 152140 k
maximum number of tasks: not supported
current number of tasks: not supported

Hyper-V virtualization detected
Steal ticks since vm start: 0
Steal ticks percentage since vm start:  0.000

CPU:total 20 (initial active 20) (16 cores per cpu, 2 threads per core) family 6 model 186 stepping 2 microcode 0xffffffff, cmov, cx8, fxsr, mmx, sse, sse2, sse3, ssse3, sse4.1, sse4.2, popcnt, avx, avx2, aes, clmul, erms, 3dnowpref, lzcnt, ht, tsc, tscinvbit, bmi1, bmi2, adx, sha, fma
CPU Model and flags from /proc/cpuinfo:
model name	: 13th Gen Intel(R) Core(TM) i9-13900H
flags		: fpu vme de pse tsc msr pae mce cx8 apic sep mtrr pge mca cmov pat pse36 clflush mmx fxsr sse sse2 ss ht syscall nx pdpe1gb rdtscp lm constant_tsc rep_good nopl xtopology tsc_reliable nonstop_tsc cpuid pni pclmulqdq vmx ssse3 fma cx16 pcid sse4_1 sse4_2 x2apic movbe popcnt tsc_deadline_timer aes xsave avx f16c rdrand hypervisor lahf_lm abm 3dnowprefetch invpcid_single ssbd ibrs ibpb stibp ibrs_enhanced tpr_shadow vnmi ept vpid ept_ad fsgsbase tsc_adjust bmi1 avx2 smep bmi2 erms invpcid rdseed adx smap clflushopt clwb sha_ni xsaveopt xsavec xgetbv1 xsaves avx_vnni umip waitpkg gfni vaes vpclmulqdq rdpid movdiri movdir64b fsrm md_clear serialize flush_l1d arch_capabilities
Online cpus:
0-19
Offline cpus:

BIOS frequency limitation:
<Not Available>
Frequency switch latency (ns):
<Not Available>
Available cpu frequencies:
<Not Available>
Current governor:
<Not Available>
Core performance/turbo boost:
<Not Available>

Memory: 4k page, physical 16204140k(11835256k free), swap 4194304k(4194304k free)

vm_info: OpenJDK 64-Bit Server VM (11.0.27+6-post-Ubuntu-0ubuntu122.04) for linux-amd64 JRE (11.0.27+6-post-Ubuntu-0ubuntu122.04), built on Apr 21 2025 05:59:45 by "unknown" with gcc 11.4.0

END.
