#
# A fatal error has been detected by the Java Runtime Environment:
#
#  SIGSEGV (0xb) at pc=0x00007f5e5dfb4f4d, pid=32067, tid=32068
#
# JRE version: OpenJDK Runtime Environment (11.0.27+6) (build 11.0.27+6-post-Ubuntu-0ubuntu122.04)
# Java VM: OpenJDK 64-Bit Server VM (11.0.27+6-post-Ubuntu-0ubuntu122.04, mixed mode, sharing, tiered, compressed oops, g1 gc, linux-amd64)
# Problematic frame:
# C  [libLLVM-13.so+0xbb4f4d]  (anonymous namespace)::AssemblyWriter::printFunction(llvm::Function const*)+0x1fd
#
# Core dump will be written. Default location: Core dumps may be processed with "/wsl-capture-crash %t %E %p %s" (or dumping to /home/crz/compilers/Lab/core.32067)
#
# If you would like to submit a bug report, please visit:
#   https://bugs.launchpad.net/ubuntu/+source/openjdk-lts
# The crash happened outside the Java Virtual Machine in native code.
# See problematic frame for where to report the bug.
#

---------------  S U M M A R Y ------------

Command Line: Main tests/develop_test/quicksort.sysy tests/develop_test/quicksort.ll

Host: 13th Gen Intel(R) Core(TM) i9-13900H, 20 cores, 15G, Ubuntu 22.04.5 LTS
Time: Sat Jul 12 16:55:28 2025 CST elapsed time: 0.206604 seconds (0d 0h 0m 0s)

---------------  T H R E A D  ---------------

Current thread (0x00007f5ed0015000):  JavaThread "main" [_thread_in_native, id=32068, stack(0x00007f5ed8b00000,0x00007f5ed8c00000)]

Stack: [0x00007f5ed8b00000,0x00007f5ed8c00000],  sp=0x00007f5ed8bfdf80,  free space=1015k
Native frames: (J=compiled Java code, A=aot compiled Java code, j=interpreted, Vv=VM code, C=native code)
C  [libLLVM-13.so+0xbb4f4d]  (anonymous namespace)::AssemblyWriter::printFunction(llvm::Function const*)+0x1fd

Java frames: (J=compiled Java code, j=interpreted, Vv=VM code)
j  org.bytedeco.llvm.global.LLVM.LLVMPrintValueToString(Lorg/bytedeco/llvm/LLVM/LLVMValueRef;)Lorg/bytedeco/javacpp/BytePointer;+0
j  LLVMIRToRiscv.evaluate(Lorg/bytedeco/llvm/LLVM/LLVMValueRef;)Ljava/lang/String;+338
j  LLVMIRToRiscv.to_riscv()V+6114
j  Main.main([Ljava/lang/String;)V+316
v  ~StubRoutines::call_stub

siginfo: si_signo: 11 (SIGSEGV), si_code: 128 (SI_KERNEL), si_addr: 0x0000000000000000

Register to memory mapping:

RAX=0xfb6d13803d497e7f is an unknown value
RBX=0x00007f5ed8bfe250 is pointing into the stack for thread: 0x00007f5ed0015000
RCX=0x0000000000000001 is an unknown value
RDX=0x00007f5ed8bfe070 is pointing into the stack for thread: 0x00007f5ed0015000
RSP=0x00007f5ed8bfdf80 is pointing into the stack for thread: 0x00007f5ed0015000
RBP=0x00007f5ed762b600: _ZNSs4_Rep20_S_empty_rep_storageE+0x0000000000000000 in /lib/x86_64-linux-gnu/libstdc++.so.6 at 0x00007f5ed7400000
RSI=0x0 is NULL
RDI=0x00007f5ed8bfe278 is pointing into the stack for thread: 0x00007f5ed0015000
R8 =0x0 is NULL
R9 =0x00007f5ed04ad450 points into unknown readable memory: 0x00007f5925a7d75d | 5d d7 a7 25 59 7f 00 00
R10=0x00007f5ed04ae830 points into unknown readable memory: 0x0000000000000140 | 40 01 00 00 00 00 00 00
R11=0x0e81c26cb4ab619c is an unknown value
R12=0x00007f5ed0490cf8 points into unknown readable memory: 0x00007f5ed047bcd0 | d0 bc 47 d0 5e 7f 00 00
R13=0x00007f5ed8bfdfb8 is pointing into the stack for thread: 0x00007f5ed0015000
R14=0x00007f5ed8bfdfd0 is pointing into the stack for thread: 0x00007f5ed0015000
R15=0x00007f5ed8bfe278 is pointing into the stack for thread: 0x00007f5ed0015000


Registers:
RAX=0xfb6d13803d497e7f, RBX=0x00007f5ed8bfe250, RCX=0x0000000000000001, RDX=0x00007f5ed8bfe070
RSP=0x00007f5ed8bfdf80, RBP=0x00007f5ed762b600, RSI=0x0000000000000000, RDI=0x00007f5ed8bfe278
R8 =0x0000000000000000, R9 =0x00007f5ed04ad450, R10=0x00007f5ed04ae830, R11=0x0e81c26cb4ab619c
R12=0x00007f5ed0490cf8, R13=0x00007f5ed8bfdfb8, R14=0x00007f5ed8bfdfd0, R15=0x00007f5ed8bfe278
RIP=0x00007f5e5dfb4f4d, EFLAGS=0x0000000000010246, CSGSFS=0x002b000000000033, ERR=0x0000000000000000
  TRAPNO=0x000000000000000d

Top of Stack: (sp=0x00007f5ed8bfdf80)
0x00007f5ed8bfdf80:   0000000000000000 00007f5ed8bfdfe8
0x00007f5ed8bfdf90:   00007f5ed047bcd0 0000000000000000
0x00007f5ed8bfdfa0:   00007f5ed8bfe208 00007f5eb8e12cdc
0x00007f5ed8bfdfb0:   0000000000000000 0000000000000000 

Instructions: (pc=0x00007f5e5dfb4f4d)
0x00007f5e5dfb4e4d:   4c 39 ff 74 05 e8 89 14 d7 ff 41 0f b6 74 24 20
0x00007f5e5dfb4e5d:   4c 8b 3b 83 e6 0f 0f 85 ef 05 00 00 48 8d 7c 24
0x00007f5e5dfb4e6d:   48 4c 89 f2 48 8d 35 c7 7c 87 03 e8 a3 27 d7 ff
0x00007f5e5dfb4e7d:   48 8b 74 24 48 4c 89 ff 48 8b 56 e8 e8 e2 c7 fb
0x00007f5e5dfb4e8d:   ff 48 8b 44 24 48 48 8d 78 e8 48 39 ef 0f 85 f0
0x00007f5e5dfb4e9d:   0c 00 00 41 f6 44 24 21 40 48 8b 3b 41 0f b6 44
0x00007f5e5dfb4ead:   24 20 74 16 89 c2 89 c1 83 e2 0f 83 e1 0f 83 ea
0x00007f5e5dfb4ebd:   07 83 fa 01 0f 87 89 0b 00 00 c0 e8 04 83 e0 03
0x00007f5e5dfb4ecd:   3c 01 0f 84 eb 05 00 00 3c 02 75 0f 48 8d 35 42
0x00007f5e5dfb4edd:   32 74 03 e8 6b 1b ee ff 48 8b 3b 41 0f b6 44 24
0x00007f5e5dfb4eed:   21 83 e0 03 3c 01 0f 84 e7 05 00 00 3c 02 75 0c
0x00007f5e5dfb4efd:   48 8d 35 34 32 74 03 e8 47 1b ee ff 41 0f b7 7c
0x00007f5e5dfb4f0d:   24 12 c1 ff 04 81 e7 ff 03 00 00 0f 85 62 07 00
0x00007f5e5dfb4f1d:   00 49 8b 44 24 18 31 f6 4c 89 ef 48 89 44 24 10
0x00007f5e5dfb4f2d:   e8 0e bf 00 00 84 c0 0f 85 e6 06 00 00 49 8b 44
0x00007f5e5dfb4f3d:   24 18 48 8b 13 4c 8d 7b 28 4c 89 ff 48 8b 40 10
0x00007f5e5dfb4f4d:   48 8b 30 e8 0b 31 ff ff 48 8b 3b 48 8b 47 20 48
0x00007f5e5dfb4f5d:   3b 47 18 0f 83 da 08 00 00 48 8d 50 01 48 89 57
0x00007f5e5dfb4f6d:   20 c6 00 20 48 8b 3b 48 8b 4b 20 4c 89 fa 4c 89
0x00007f5e5dfb4f7d:   e6 4d 8b 44 24 28 e8 68 68 ff ff 48 8b 3b 48 8b
0x00007f5e5dfb4f8d:   47 20 48 3b 47 18 0f 83 97 08 00 00 48 8d 50 01
0x00007f5e5dfb4f9d:   48 89 57 20 c6 00 28 4c 89 e7 e8 44 f4 0e 00 84
0x00007f5e5dfb4fad:   c0 0f 84 0c 03 00 00 80 bb 00 01 00 00 00 0f 85
0x00007f5e5dfb4fbd:   ff 02 00 00 48 8b 44 24 10 48 8b 3b 8b 50 0c 48
0x00007f5e5dfb4fcd:   89 f8 83 fa 01 0f 84 4d 0c 00 00 8d 42 fe 31 ed
0x00007f5e5dfb4fdd:   48 89 44 24 18 66 0f 1f 44 00 00 48 8b 44 24 10
0x00007f5e5dfb4fed:   48 8d 4d 01 48 89 fa 4c 89 ff 48 89 4c 24 08 48
0x00007f5e5dfb4ffd:   8b 40 10 48 8b 34 c8 e8 57 30 ff ff 89 ee 4c 89
0x00007f5e5dfb500d:   ef e8 7d bd 00 00 48 89 44 24 50 48 85 c0 74 27
0x00007f5e5dfb501d:   48 8b 3b 48 8b 47 20 48 3b 47 18 0f 83 e2 03 00
0x00007f5e5dfb502d:   00 48 8d 50 01 48 89 57 20 c6 00 20 4c 89 f6 48
0x00007f5e5dfb503d:   89 df e8 bc 38 ff ff 48 8b 3b 48 89 f8 48 39 6c 


Stack slot to memory mapping:
stack at sp + 0 slots: 0x0 is NULL
stack at sp + 1 slots: 0x00007f5ed8bfdfe8 is pointing into the stack for thread: 0x00007f5ed0015000
stack at sp + 2 slots: 0x00007f5ed047bcd0 points into unknown readable memory: 0x00007f5ed0490710 | 10 07 49 d0 5e 7f 00 00
stack at sp + 3 slots: 0x0 is NULL
stack at sp + 4 slots: 0x00007f5ed8bfe208 is pointing into the stack for thread: 0x00007f5ed0015000
stack at sp + 5 slots: 0x00007f5eb8e12cdc is at entry_point+156 in (nmethod*)0x00007f5eb8e12a90
stack at sp + 6 slots: 0x0 is NULL
stack at sp + 7 slots: 0x0 is NULL


---------------  P R O C E S S  ---------------

Threads class SMR info:
_java_thread_list=0x00007f5e80161f90, length=13, elements={
0x00007f5ed0015000, 0x00007f5ed01ec000, 0x00007f5ed01ee000, 0x00007f5ed01f3800,
0x00007f5ed01f5800, 0x00007f5ed01f8000, 0x00007f5ed01fa000, 0x00007f5ed01fc000,
0x00007f5e7c0ae000, 0x00007f5ed022f000, 0x00007f5ed03fa800, 0x00007f5e80155800,
0x00007f5e80160800
}

Java Threads: ( => current thread )
=>0x00007f5ed0015000 JavaThread "main" [_thread_in_native, id=32068, stack(0x00007f5ed8b00000,0x00007f5ed8c00000)]
  0x00007f5ed01ec000 JavaThread "Reference Handler" daemon [_thread_blocked, id=32075, stack(0x00007f5ea5700000,0x00007f5ea5800000)]
  0x00007f5ed01ee000 JavaThread "Finalizer" daemon [_thread_blocked, id=32076, stack(0x00007f5ea5600000,0x00007f5ea5700000)]
  0x00007f5ed01f3800 JavaThread "Signal Dispatcher" daemon [_thread_blocked, id=32077, stack(0x00007f5ea4f00000,0x00007f5ea5000000)]
  0x00007f5ed01f5800 JavaThread "Service Thread" daemon [_thread_blocked, id=32078, stack(0x00007f5ea4e00000,0x00007f5ea4f00000)]
  0x00007f5ed01f8000 JavaThread "C2 CompilerThread0" daemon [_thread_blocked, id=32079, stack(0x00007f5ea4d00000,0x00007f5ea4e00000)]
  0x00007f5ed01fa000 JavaThread "C1 CompilerThread0" daemon [_thread_blocked, id=32080, stack(0x00007f5ea4c00000,0x00007f5ea4d00000)]
  0x00007f5ed01fc000 JavaThread "Sweeper thread" daemon [_thread_blocked, id=32081, stack(0x00007f5ea4b00000,0x00007f5ea4c00000)]
  0x00007f5e7c0ae000 JavaThread "C1 CompilerThread1" daemon [_thread_blocked, id=32082, stack(0x00007f5ea4a00000,0x00007f5ea4b00000)]
  0x00007f5ed022f000 JavaThread "Common-Cleaner" daemon [_thread_blocked, id=32084, stack(0x00007f5ea47ff000,0x00007f5ea48ff000)]
  0x00007f5ed03fa800 JavaThread "JavaCPP Deallocator" daemon [_thread_blocked, id=32085, stack(0x00007f5ea46ff000,0x00007f5ea47ff000)]
  0x00007f5e80155800 JavaThread "C2 CompilerThread1" daemon [_thread_blocked, id=32086, stack(0x00007f5ea45ff000,0x00007f5ea46ff000)]
  0x00007f5e80160800 JavaThread "C1 CompilerThread2" daemon [_thread_blocked, id=32087, stack(0x00007f5ea43f9000,0x00007f5ea44f9000)]

Other Threads:
  0x00007f5ed01e9000 VMThread "VM Thread" [stack: 0x00007f5eac05d000,0x00007f5eac15d000] [id=32074]
  0x00007f5ed022c800 WatcherThread [stack: 0x00007f5ea4900000,0x00007f5ea4a00000] [id=32083]
  0x00007f5ed002f800 GCTaskThread "GC Thread#0" [stack: 0x00007f5ed7300000,0x00007f5ed7400000] [id=32069]
  0x00007f5ed008d800 ConcurrentGCThread "G1 Main Marker" [stack: 0x00007f5ed49cb000,0x00007f5ed4acb000] [id=32070]
  0x00007f5ed008f800 ConcurrentGCThread "G1 Conc#0" [stack: 0x00007f5ed48ca000,0x00007f5ed49ca000] [id=32071]
  0x00007f5ed01aa800 ConcurrentGCThread "G1 Refine#0" [stack: 0x00007f5eac25f000,0x00007f5eac35f000] [id=32072]
  0x00007f5ed01ac800 ConcurrentGCThread "G1 Young RemSet Sampling" [stack: 0x00007f5eac15e000,0x00007f5eac25e000] [id=32073]

Threads with active compile tasks:

VM state:not at safepoint (normal execution)

VM Mutex/Monitor currently owned by a thread: None

Heap address: 0x0000000708c00000, size: 3956 MB, Compressed Oops mode: Zero based, Oop shift amount: 3
Narrow klass base: 0x0000000800000000, Narrow klass shift: 3
Compressed class space size: 1073741824 Address: 0x0000000840000000

Heap:
 garbage-first heap   total 256000K, used 11984K [0x0000000708c00000, 0x0000000800000000)
  region size 1024K, 13 young (13312K), 0 survivors (0K)
 Metaspace       used 4376K, capacity 7029K, committed 7296K, reserved 1056768K
  class space    used 469K, capacity 770K, committed 896K, reserved 1048576K
Heap Regions: E=young(eden), S=young(survivor), O=old, HS=humongous(starts), HC=humongous(continues), CS=collection set, F=free, A=archive, TAMS=top-at-mark-start (previous, next)
|   0|0x0000000708c00000, 0x0000000708c00000, 0x0000000708d00000|  0%| F|  |TAMS 0x0000000708c00000, 0x0000000708c00000| Untracked 
|   1|0x0000000708d00000, 0x0000000708d00000, 0x0000000708e00000|  0%| F|  |TAMS 0x0000000708d00000, 0x0000000708d00000| Untracked 
|   2|0x0000000708e00000, 0x0000000708e00000, 0x0000000708f00000|  0%| F|  |TAMS 0x0000000708e00000, 0x0000000708e00000| Untracked 
|   3|0x0000000708f00000, 0x0000000708f00000, 0x0000000709000000|  0%| F|  |TAMS 0x0000000708f00000, 0x0000000708f00000| Untracked 
|   4|0x0000000709000000, 0x0000000709000000, 0x0000000709100000|  0%| F|  |TAMS 0x0000000709000000, 0x0000000709000000| Untracked 
|   5|0x0000000709100000, 0x0000000709100000, 0x0000000709200000|  0%| F|  |TAMS 0x0000000709100000, 0x0000000709100000| Untracked 
|   6|0x0000000709200000, 0x0000000709200000, 0x0000000709300000|  0%| F|  |TAMS 0x0000000709200000, 0x0000000709200000| Untracked 
|   7|0x0000000709300000, 0x0000000709300000, 0x0000000709400000|  0%| F|  |TAMS 0x0000000709300000, 0x0000000709300000| Untracked 
|   8|0x0000000709400000, 0x0000000709400000, 0x0000000709500000|  0%| F|  |TAMS 0x0000000709400000, 0x0000000709400000| Untracked 
|   9|0x0000000709500000, 0x0000000709500000, 0x0000000709600000|  0%| F|  |TAMS 0x0000000709500000, 0x0000000709500000| Untracked 
|  10|0x0000000709600000, 0x0000000709600000, 0x0000000709700000|  0%| F|  |TAMS 0x0000000709600000, 0x0000000709600000| Untracked 
|  11|0x0000000709700000, 0x0000000709700000, 0x0000000709800000|  0%| F|  |TAMS 0x0000000709700000, 0x0000000709700000| Untracked 
|  12|0x0000000709800000, 0x0000000709800000, 0x0000000709900000|  0%| F|  |TAMS 0x0000000709800000, 0x0000000709800000| Untracked 
|  13|0x0000000709900000, 0x0000000709900000, 0x0000000709a00000|  0%| F|  |TAMS 0x0000000709900000, 0x0000000709900000| Untracked 
|  14|0x0000000709a00000, 0x0000000709a00000, 0x0000000709b00000|  0%| F|  |TAMS 0x0000000709a00000, 0x0000000709a00000| Untracked 
|  15|0x0000000709b00000, 0x0000000709b00000, 0x0000000709c00000|  0%| F|  |TAMS 0x0000000709b00000, 0x0000000709b00000| Untracked 
|  16|0x0000000709c00000, 0x0000000709c00000, 0x0000000709d00000|  0%| F|  |TAMS 0x0000000709c00000, 0x0000000709c00000| Untracked 
|  17|0x0000000709d00000, 0x0000000709d00000, 0x0000000709e00000|  0%| F|  |TAMS 0x0000000709d00000, 0x0000000709d00000| Untracked 
|  18|0x0000000709e00000, 0x0000000709e00000, 0x0000000709f00000|  0%| F|  |TAMS 0x0000000709e00000, 0x0000000709e00000| Untracked 
|  19|0x0000000709f00000, 0x0000000709f00000, 0x000000070a000000|  0%| F|  |TAMS 0x0000000709f00000, 0x0000000709f00000| Untracked 
|  20|0x000000070a000000, 0x000000070a000000, 0x000000070a100000|  0%| F|  |TAMS 0x000000070a000000, 0x000000070a000000| Untracked 
|  21|0x000000070a100000, 0x000000070a100000, 0x000000070a200000|  0%| F|  |TAMS 0x000000070a100000, 0x000000070a100000| Untracked 
|  22|0x000000070a200000, 0x000000070a200000, 0x000000070a300000|  0%| F|  |TAMS 0x000000070a200000, 0x000000070a200000| Untracked 
|  23|0x000000070a300000, 0x000000070a300000, 0x000000070a400000|  0%| F|  |TAMS 0x000000070a300000, 0x000000070a300000| Untracked 
|  24|0x000000070a400000, 0x000000070a400000, 0x000000070a500000|  0%| F|  |TAMS 0x000000070a400000, 0x000000070a400000| Untracked 
|  25|0x000000070a500000, 0x000000070a500000, 0x000000070a600000|  0%| F|  |TAMS 0x000000070a500000, 0x000000070a500000| Untracked 
|  26|0x000000070a600000, 0x000000070a600000, 0x000000070a700000|  0%| F|  |TAMS 0x000000070a600000, 0x000000070a600000| Untracked 
|  27|0x000000070a700000, 0x000000070a700000, 0x000000070a800000|  0%| F|  |TAMS 0x000000070a700000, 0x000000070a700000| Untracked 
|  28|0x000000070a800000, 0x000000070a800000, 0x000000070a900000|  0%| F|  |TAMS 0x000000070a800000, 0x000000070a800000| Untracked 
|  29|0x000000070a900000, 0x000000070a900000, 0x000000070aa00000|  0%| F|  |TAMS 0x000000070a900000, 0x000000070a900000| Untracked 
|  30|0x000000070aa00000, 0x000000070aa00000, 0x000000070ab00000|  0%| F|  |TAMS 0x000000070aa00000, 0x000000070aa00000| Untracked 
|  31|0x000000070ab00000, 0x000000070ab00000, 0x000000070ac00000|  0%| F|  |TAMS 0x000000070ab00000, 0x000000070ab00000| Untracked 
|  32|0x000000070ac00000, 0x000000070ac00000, 0x000000070ad00000|  0%| F|  |TAMS 0x000000070ac00000, 0x000000070ac00000| Untracked 
|  33|0x000000070ad00000, 0x000000070ad00000, 0x000000070ae00000|  0%| F|  |TAMS 0x000000070ad00000, 0x000000070ad00000| Untracked 
|  34|0x000000070ae00000, 0x000000070ae00000, 0x000000070af00000|  0%| F|  |TAMS 0x000000070ae00000, 0x000000070ae00000| Untracked 
|  35|0x000000070af00000, 0x000000070af00000, 0x000000070b000000|  0%| F|  |TAMS 0x000000070af00000, 0x000000070af00000| Untracked 
|  36|0x000000070b000000, 0x000000070b000000, 0x000000070b100000|  0%| F|  |TAMS 0x000000070b000000, 0x000000070b000000| Untracked 
|  37|0x000000070b100000, 0x000000070b100000, 0x000000070b200000|  0%| F|  |TAMS 0x000000070b100000, 0x000000070b100000| Untracked 
|  38|0x000000070b200000, 0x000000070b200000, 0x000000070b300000|  0%| F|  |TAMS 0x000000070b200000, 0x000000070b200000| Untracked 
|  39|0x000000070b300000, 0x000000070b300000, 0x000000070b400000|  0%| F|  |TAMS 0x000000070b300000, 0x000000070b300000| Untracked 
|  40|0x000000070b400000, 0x000000070b400000, 0x000000070b500000|  0%| F|  |TAMS 0x000000070b400000, 0x000000070b400000| Untracked 
|  41|0x000000070b500000, 0x000000070b500000, 0x000000070b600000|  0%| F|  |TAMS 0x000000070b500000, 0x000000070b500000| Untracked 
|  42|0x000000070b600000, 0x000000070b600000, 0x000000070b700000|  0%| F|  |TAMS 0x000000070b600000, 0x000000070b600000| Untracked 
|  43|0x000000070b700000, 0x000000070b700000, 0x000000070b800000|  0%| F|  |TAMS 0x000000070b700000, 0x000000070b700000| Untracked 
|  44|0x000000070b800000, 0x000000070b800000, 0x000000070b900000|  0%| F|  |TAMS 0x000000070b800000, 0x000000070b800000| Untracked 
|  45|0x000000070b900000, 0x000000070b900000, 0x000000070ba00000|  0%| F|  |TAMS 0x000000070b900000, 0x000000070b900000| Untracked 
|  46|0x000000070ba00000, 0x000000070ba00000, 0x000000070bb00000|  0%| F|  |TAMS 0x000000070ba00000, 0x000000070ba00000| Untracked 
|  47|0x000000070bb00000, 0x000000070bb00000, 0x000000070bc00000|  0%| F|  |TAMS 0x000000070bb00000, 0x000000070bb00000| Untracked 
|  48|0x000000070bc00000, 0x000000070bc00000, 0x000000070bd00000|  0%| F|  |TAMS 0x000000070bc00000, 0x000000070bc00000| Untracked 
|  49|0x000000070bd00000, 0x000000070bd00000, 0x000000070be00000|  0%| F|  |TAMS 0x000000070bd00000, 0x000000070bd00000| Untracked 
|  50|0x000000070be00000, 0x000000070be00000, 0x000000070bf00000|  0%| F|  |TAMS 0x000000070be00000, 0x000000070be00000| Untracked 
|  51|0x000000070bf00000, 0x000000070bf00000, 0x000000070c000000|  0%| F|  |TAMS 0x000000070bf00000, 0x000000070bf00000| Untracked 
|  52|0x000000070c000000, 0x000000070c000000, 0x000000070c100000|  0%| F|  |TAMS 0x000000070c000000, 0x000000070c000000| Untracked 
|  53|0x000000070c100000, 0x000000070c100000, 0x000000070c200000|  0%| F|  |TAMS 0x000000070c100000, 0x000000070c100000| Untracked 
|  54|0x000000070c200000, 0x000000070c200000, 0x000000070c300000|  0%| F|  |TAMS 0x000000070c200000, 0x000000070c200000| Untracked 
|  55|0x000000070c300000, 0x000000070c300000, 0x000000070c400000|  0%| F|  |TAMS 0x000000070c300000, 0x000000070c300000| Untracked 
|  56|0x000000070c400000, 0x000000070c400000, 0x000000070c500000|  0%| F|  |TAMS 0x000000070c400000, 0x000000070c400000| Untracked 
|  57|0x000000070c500000, 0x000000070c500000, 0x000000070c600000|  0%| F|  |TAMS 0x000000070c500000, 0x000000070c500000| Untracked 
|  58|0x000000070c600000, 0x000000070c600000, 0x000000070c700000|  0%| F|  |TAMS 0x000000070c600000, 0x000000070c600000| Untracked 
|  59|0x000000070c700000, 0x000000070c700000, 0x000000070c800000|  0%| F|  |TAMS 0x000000070c700000, 0x000000070c700000| Untracked 
|  60|0x000000070c800000, 0x000000070c800000, 0x000000070c900000|  0%| F|  |TAMS 0x000000070c800000, 0x000000070c800000| Untracked 
|  61|0x000000070c900000, 0x000000070c900000, 0x000000070ca00000|  0%| F|  |TAMS 0x000000070c900000, 0x000000070c900000| Untracked 
|  62|0x000000070ca00000, 0x000000070ca00000, 0x000000070cb00000|  0%| F|  |TAMS 0x000000070ca00000, 0x000000070ca00000| Untracked 
|  63|0x000000070cb00000, 0x000000070cb00000, 0x000000070cc00000|  0%| F|  |TAMS 0x000000070cb00000, 0x000000070cb00000| Untracked 
|  64|0x000000070cc00000, 0x000000070cc00000, 0x000000070cd00000|  0%| F|  |TAMS 0x000000070cc00000, 0x000000070cc00000| Untracked 
|  65|0x000000070cd00000, 0x000000070cd00000, 0x000000070ce00000|  0%| F|  |TAMS 0x000000070cd00000, 0x000000070cd00000| Untracked 
|  66|0x000000070ce00000, 0x000000070ce00000, 0x000000070cf00000|  0%| F|  |TAMS 0x000000070ce00000, 0x000000070ce00000| Untracked 
|  67|0x000000070cf00000, 0x000000070cf00000, 0x000000070d000000|  0%| F|  |TAMS 0x000000070cf00000, 0x000000070cf00000| Untracked 
|  68|0x000000070d000000, 0x000000070d000000, 0x000000070d100000|  0%| F|  |TAMS 0x000000070d000000, 0x000000070d000000| Untracked 
|  69|0x000000070d100000, 0x000000070d100000, 0x000000070d200000|  0%| F|  |TAMS 0x000000070d100000, 0x000000070d100000| Untracked 
|  70|0x000000070d200000, 0x000000070d200000, 0x000000070d300000|  0%| F|  |TAMS 0x000000070d200000, 0x000000070d200000| Untracked 
|  71|0x000000070d300000, 0x000000070d300000, 0x000000070d400000|  0%| F|  |TAMS 0x000000070d300000, 0x000000070d300000| Untracked 
|  72|0x000000070d400000, 0x000000070d400000, 0x000000070d500000|  0%| F|  |TAMS 0x000000070d400000, 0x000000070d400000| Untracked 
|  73|0x000000070d500000, 0x000000070d500000, 0x000000070d600000|  0%| F|  |TAMS 0x000000070d500000, 0x000000070d500000| Untracked 
|  74|0x000000070d600000, 0x000000070d600000, 0x000000070d700000|  0%| F|  |TAMS 0x000000070d600000, 0x000000070d600000| Untracked 
|  75|0x000000070d700000, 0x000000070d700000, 0x000000070d800000|  0%| F|  |TAMS 0x000000070d700000, 0x000000070d700000| Untracked 
|  76|0x000000070d800000, 0x000000070d800000, 0x000000070d900000|  0%| F|  |TAMS 0x000000070d800000, 0x000000070d800000| Untracked 
|  77|0x000000070d900000, 0x000000070d900000, 0x000000070da00000|  0%| F|  |TAMS 0x000000070d900000, 0x000000070d900000| Untracked 
|  78|0x000000070da00000, 0x000000070da00000, 0x000000070db00000|  0%| F|  |TAMS 0x000000070da00000, 0x000000070da00000| Untracked 
|  79|0x000000070db00000, 0x000000070db00000, 0x000000070dc00000|  0%| F|  |TAMS 0x000000070db00000, 0x000000070db00000| Untracked 
|  80|0x000000070dc00000, 0x000000070dc00000, 0x000000070dd00000|  0%| F|  |TAMS 0x000000070dc00000, 0x000000070dc00000| Untracked 
|  81|0x000000070dd00000, 0x000000070dd00000, 0x000000070de00000|  0%| F|  |TAMS 0x000000070dd00000, 0x000000070dd00000| Untracked 
|  82|0x000000070de00000, 0x000000070de00000, 0x000000070df00000|  0%| F|  |TAMS 0x000000070de00000, 0x000000070de00000| Untracked 
|  83|0x000000070df00000, 0x000000070df00000, 0x000000070e000000|  0%| F|  |TAMS 0x000000070df00000, 0x000000070df00000| Untracked 
|  84|0x000000070e000000, 0x000000070e000000, 0x000000070e100000|  0%| F|  |TAMS 0x000000070e000000, 0x000000070e000000| Untracked 
|  85|0x000000070e100000, 0x000000070e100000, 0x000000070e200000|  0%| F|  |TAMS 0x000000070e100000, 0x000000070e100000| Untracked 
|  86|0x000000070e200000, 0x000000070e200000, 0x000000070e300000|  0%| F|  |TAMS 0x000000070e200000, 0x000000070e200000| Untracked 
|  87|0x000000070e300000, 0x000000070e300000, 0x000000070e400000|  0%| F|  |TAMS 0x000000070e300000, 0x000000070e300000| Untracked 
|  88|0x000000070e400000, 0x000000070e400000, 0x000000070e500000|  0%| F|  |TAMS 0x000000070e400000, 0x000000070e400000| Untracked 
|  89|0x000000070e500000, 0x000000070e500000, 0x000000070e600000|  0%| F|  |TAMS 0x000000070e500000, 0x000000070e500000| Untracked 
|  90|0x000000070e600000, 0x000000070e600000, 0x000000070e700000|  0%| F|  |TAMS 0x000000070e600000, 0x000000070e600000| Untracked 
|  91|0x000000070e700000, 0x000000070e700000, 0x000000070e800000|  0%| F|  |TAMS 0x000000070e700000, 0x000000070e700000| Untracked 
|  92|0x000000070e800000, 0x000000070e800000, 0x000000070e900000|  0%| F|  |TAMS 0x000000070e800000, 0x000000070e800000| Untracked 
|  93|0x000000070e900000, 0x000000070e900000, 0x000000070ea00000|  0%| F|  |TAMS 0x000000070e900000, 0x000000070e900000| Untracked 
|  94|0x000000070ea00000, 0x000000070ea00000, 0x000000070eb00000|  0%| F|  |TAMS 0x000000070ea00000, 0x000000070ea00000| Untracked 
|  95|0x000000070eb00000, 0x000000070eb00000, 0x000000070ec00000|  0%| F|  |TAMS 0x000000070eb00000, 0x000000070eb00000| Untracked 
|  96|0x000000070ec00000, 0x000000070ec00000, 0x000000070ed00000|  0%| F|  |TAMS 0x000000070ec00000, 0x000000070ec00000| Untracked 
|  97|0x000000070ed00000, 0x000000070ed00000, 0x000000070ee00000|  0%| F|  |TAMS 0x000000070ed00000, 0x000000070ed00000| Untracked 
|  98|0x000000070ee00000, 0x000000070ee00000, 0x000000070ef00000|  0%| F|  |TAMS 0x000000070ee00000, 0x000000070ee00000| Untracked 
|  99|0x000000070ef00000, 0x000000070ef00000, 0x000000070f000000|  0%| F|  |TAMS 0x000000070ef00000, 0x000000070ef00000| Untracked 
| 100|0x000000070f000000, 0x000000070f000000, 0x000000070f100000|  0%| F|  |TAMS 0x000000070f000000, 0x000000070f000000| Untracked 
| 101|0x000000070f100000, 0x000000070f100000, 0x000000070f200000|  0%| F|  |TAMS 0x000000070f100000, 0x000000070f100000| Untracked 
| 102|0x000000070f200000, 0x000000070f200000, 0x000000070f300000|  0%| F|  |TAMS 0x000000070f200000, 0x000000070f200000| Untracked 
| 103|0x000000070f300000, 0x000000070f300000, 0x000000070f400000|  0%| F|  |TAMS 0x000000070f300000, 0x000000070f300000| Untracked 
| 104|0x000000070f400000, 0x000000070f400000, 0x000000070f500000|  0%| F|  |TAMS 0x000000070f400000, 0x000000070f400000| Untracked 
| 105|0x000000070f500000, 0x000000070f500000, 0x000000070f600000|  0%| F|  |TAMS 0x000000070f500000, 0x000000070f500000| Untracked 
| 106|0x000000070f600000, 0x000000070f600000, 0x000000070f700000|  0%| F|  |TAMS 0x000000070f600000, 0x000000070f600000| Untracked 
| 107|0x000000070f700000, 0x000000070f700000, 0x000000070f800000|  0%| F|  |TAMS 0x000000070f700000, 0x000000070f700000| Untracked 
| 108|0x000000070f800000, 0x000000070f800000, 0x000000070f900000|  0%| F|  |TAMS 0x000000070f800000, 0x000000070f800000| Untracked 
| 109|0x000000070f900000, 0x000000070f900000, 0x000000070fa00000|  0%| F|  |TAMS 0x000000070f900000, 0x000000070f900000| Untracked 
| 110|0x000000070fa00000, 0x000000070fa00000, 0x000000070fb00000|  0%| F|  |TAMS 0x000000070fa00000, 0x000000070fa00000| Untracked 
| 111|0x000000070fb00000, 0x000000070fb00000, 0x000000070fc00000|  0%| F|  |TAMS 0x000000070fb00000, 0x000000070fb00000| Untracked 
| 112|0x000000070fc00000, 0x000000070fc00000, 0x000000070fd00000|  0%| F|  |TAMS 0x000000070fc00000, 0x000000070fc00000| Untracked 
| 113|0x000000070fd00000, 0x000000070fd00000, 0x000000070fe00000|  0%| F|  |TAMS 0x000000070fd00000, 0x000000070fd00000| Untracked 
| 114|0x000000070fe00000, 0x000000070fe00000, 0x000000070ff00000|  0%| F|  |TAMS 0x000000070fe00000, 0x000000070fe00000| Untracked 
| 115|0x000000070ff00000, 0x000000070ff00000, 0x0000000710000000|  0%| F|  |TAMS 0x000000070ff00000, 0x000000070ff00000| Untracked 
| 116|0x0000000710000000, 0x0000000710000000, 0x0000000710100000|  0%| F|  |TAMS 0x0000000710000000, 0x0000000710000000| Untracked 
| 117|0x0000000710100000, 0x0000000710100000, 0x0000000710200000|  0%| F|  |TAMS 0x0000000710100000, 0x0000000710100000| Untracked 
| 118|0x0000000710200000, 0x0000000710200000, 0x0000000710300000|  0%| F|  |TAMS 0x0000000710200000, 0x0000000710200000| Untracked 
| 119|0x0000000710300000, 0x0000000710300000, 0x0000000710400000|  0%| F|  |TAMS 0x0000000710300000, 0x0000000710300000| Untracked 
| 120|0x0000000710400000, 0x0000000710400000, 0x0000000710500000|  0%| F|  |TAMS 0x0000000710400000, 0x0000000710400000| Untracked 
| 121|0x0000000710500000, 0x0000000710500000, 0x0000000710600000|  0%| F|  |TAMS 0x0000000710500000, 0x0000000710500000| Untracked 
| 122|0x0000000710600000, 0x0000000710600000, 0x0000000710700000|  0%| F|  |TAMS 0x0000000710600000, 0x0000000710600000| Untracked 
| 123|0x0000000710700000, 0x0000000710700000, 0x0000000710800000|  0%| F|  |TAMS 0x0000000710700000, 0x0000000710700000| Untracked 
| 124|0x0000000710800000, 0x0000000710800000, 0x0000000710900000|  0%| F|  |TAMS 0x0000000710800000, 0x0000000710800000| Untracked 
| 125|0x0000000710900000, 0x0000000710900000, 0x0000000710a00000|  0%| F|  |TAMS 0x0000000710900000, 0x0000000710900000| Untracked 
| 126|0x0000000710a00000, 0x0000000710a00000, 0x0000000710b00000|  0%| F|  |TAMS 0x0000000710a00000, 0x0000000710a00000| Untracked 
| 127|0x0000000710b00000, 0x0000000710b00000, 0x0000000710c00000|  0%| F|  |TAMS 0x0000000710b00000, 0x0000000710b00000| Untracked 
| 128|0x0000000710c00000, 0x0000000710c00000, 0x0000000710d00000|  0%| F|  |TAMS 0x0000000710c00000, 0x0000000710c00000| Untracked 
| 129|0x0000000710d00000, 0x0000000710d00000, 0x0000000710e00000|  0%| F|  |TAMS 0x0000000710d00000, 0x0000000710d00000| Untracked 
| 130|0x0000000710e00000, 0x0000000710e00000, 0x0000000710f00000|  0%| F|  |TAMS 0x0000000710e00000, 0x0000000710e00000| Untracked 
| 131|0x0000000710f00000, 0x0000000710f00000, 0x0000000711000000|  0%| F|  |TAMS 0x0000000710f00000, 0x0000000710f00000| Untracked 
| 132|0x0000000711000000, 0x0000000711000000, 0x0000000711100000|  0%| F|  |TAMS 0x0000000711000000, 0x0000000711000000| Untracked 
| 133|0x0000000711100000, 0x0000000711100000, 0x0000000711200000|  0%| F|  |TAMS 0x0000000711100000, 0x0000000711100000| Untracked 
| 134|0x0000000711200000, 0x0000000711200000, 0x0000000711300000|  0%| F|  |TAMS 0x0000000711200000, 0x0000000711200000| Untracked 
| 135|0x0000000711300000, 0x0000000711300000, 0x0000000711400000|  0%| F|  |TAMS 0x0000000711300000, 0x0000000711300000| Untracked 
| 136|0x0000000711400000, 0x0000000711400000, 0x0000000711500000|  0%| F|  |TAMS 0x0000000711400000, 0x0000000711400000| Untracked 
| 137|0x0000000711500000, 0x0000000711500000, 0x0000000711600000|  0%| F|  |TAMS 0x0000000711500000, 0x0000000711500000| Untracked 
| 138|0x0000000711600000, 0x0000000711600000, 0x0000000711700000|  0%| F|  |TAMS 0x0000000711600000, 0x0000000711600000| Untracked 
| 139|0x0000000711700000, 0x0000000711700000, 0x0000000711800000|  0%| F|  |TAMS 0x0000000711700000, 0x0000000711700000| Untracked 
| 140|0x0000000711800000, 0x0000000711800000, 0x0000000711900000|  0%| F|  |TAMS 0x0000000711800000, 0x0000000711800000| Untracked 
| 141|0x0000000711900000, 0x0000000711900000, 0x0000000711a00000|  0%| F|  |TAMS 0x0000000711900000, 0x0000000711900000| Untracked 
| 142|0x0000000711a00000, 0x0000000711a00000, 0x0000000711b00000|  0%| F|  |TAMS 0x0000000711a00000, 0x0000000711a00000| Untracked 
| 143|0x0000000711b00000, 0x0000000711b00000, 0x0000000711c00000|  0%| F|  |TAMS 0x0000000711b00000, 0x0000000711b00000| Untracked 
| 144|0x0000000711c00000, 0x0000000711c00000, 0x0000000711d00000|  0%| F|  |TAMS 0x0000000711c00000, 0x0000000711c00000| Untracked 
| 145|0x0000000711d00000, 0x0000000711d00000, 0x0000000711e00000|  0%| F|  |TAMS 0x0000000711d00000, 0x0000000711d00000| Untracked 
| 146|0x0000000711e00000, 0x0000000711e00000, 0x0000000711f00000|  0%| F|  |TAMS 0x0000000711e00000, 0x0000000711e00000| Untracked 
| 147|0x0000000711f00000, 0x0000000711f00000, 0x0000000712000000|  0%| F|  |TAMS 0x0000000711f00000, 0x0000000711f00000| Untracked 
| 148|0x0000000712000000, 0x0000000712000000, 0x0000000712100000|  0%| F|  |TAMS 0x0000000712000000, 0x0000000712000000| Untracked 
| 149|0x0000000712100000, 0x0000000712100000, 0x0000000712200000|  0%| F|  |TAMS 0x0000000712100000, 0x0000000712100000| Untracked 
| 150|0x0000000712200000, 0x0000000712200000, 0x0000000712300000|  0%| F|  |TAMS 0x0000000712200000, 0x0000000712200000| Untracked 
| 151|0x0000000712300000, 0x0000000712300000, 0x0000000712400000|  0%| F|  |TAMS 0x0000000712300000, 0x0000000712300000| Untracked 
| 152|0x0000000712400000, 0x0000000712400000, 0x0000000712500000|  0%| F|  |TAMS 0x0000000712400000, 0x0000000712400000| Untracked 
| 153|0x0000000712500000, 0x0000000712500000, 0x0000000712600000|  0%| F|  |TAMS 0x0000000712500000, 0x0000000712500000| Untracked 
| 154|0x0000000712600000, 0x0000000712600000, 0x0000000712700000|  0%| F|  |TAMS 0x0000000712600000, 0x0000000712600000| Untracked 
| 155|0x0000000712700000, 0x0000000712700000, 0x0000000712800000|  0%| F|  |TAMS 0x0000000712700000, 0x0000000712700000| Untracked 
| 156|0x0000000712800000, 0x0000000712800000, 0x0000000712900000|  0%| F|  |TAMS 0x0000000712800000, 0x0000000712800000| Untracked 
| 157|0x0000000712900000, 0x0000000712900000, 0x0000000712a00000|  0%| F|  |TAMS 0x0000000712900000, 0x0000000712900000| Untracked 
| 158|0x0000000712a00000, 0x0000000712a00000, 0x0000000712b00000|  0%| F|  |TAMS 0x0000000712a00000, 0x0000000712a00000| Untracked 
| 159|0x0000000712b00000, 0x0000000712b00000, 0x0000000712c00000|  0%| F|  |TAMS 0x0000000712b00000, 0x0000000712b00000| Untracked 
| 160|0x0000000712c00000, 0x0000000712c00000, 0x0000000712d00000|  0%| F|  |TAMS 0x0000000712c00000, 0x0000000712c00000| Untracked 
| 161|0x0000000712d00000, 0x0000000712d00000, 0x0000000712e00000|  0%| F|  |TAMS 0x0000000712d00000, 0x0000000712d00000| Untracked 
| 162|0x0000000712e00000, 0x0000000712e00000, 0x0000000712f00000|  0%| F|  |TAMS 0x0000000712e00000, 0x0000000712e00000| Untracked 
| 163|0x0000000712f00000, 0x0000000712f00000, 0x0000000713000000|  0%| F|  |TAMS 0x0000000712f00000, 0x0000000712f00000| Untracked 
| 164|0x0000000713000000, 0x0000000713000000, 0x0000000713100000|  0%| F|  |TAMS 0x0000000713000000, 0x0000000713000000| Untracked 
| 165|0x0000000713100000, 0x0000000713100000, 0x0000000713200000|  0%| F|  |TAMS 0x0000000713100000, 0x0000000713100000| Untracked 
| 166|0x0000000713200000, 0x0000000713200000, 0x0000000713300000|  0%| F|  |TAMS 0x0000000713200000, 0x0000000713200000| Untracked 
| 167|0x0000000713300000, 0x0000000713300000, 0x0000000713400000|  0%| F|  |TAMS 0x0000000713300000, 0x0000000713300000| Untracked 
| 168|0x0000000713400000, 0x0000000713400000, 0x0000000713500000|  0%| F|  |TAMS 0x0000000713400000, 0x0000000713400000| Untracked 
| 169|0x0000000713500000, 0x0000000713500000, 0x0000000713600000|  0%| F|  |TAMS 0x0000000713500000, 0x0000000713500000| Untracked 
| 170|0x0000000713600000, 0x0000000713600000, 0x0000000713700000|  0%| F|  |TAMS 0x0000000713600000, 0x0000000713600000| Untracked 
| 171|0x0000000713700000, 0x0000000713700000, 0x0000000713800000|  0%| F|  |TAMS 0x0000000713700000, 0x0000000713700000| Untracked 
| 172|0x0000000713800000, 0x0000000713800000, 0x0000000713900000|  0%| F|  |TAMS 0x0000000713800000, 0x0000000713800000| Untracked 
| 173|0x0000000713900000, 0x0000000713900000, 0x0000000713a00000|  0%| F|  |TAMS 0x0000000713900000, 0x0000000713900000| Untracked 
| 174|0x0000000713a00000, 0x0000000713a00000, 0x0000000713b00000|  0%| F|  |TAMS 0x0000000713a00000, 0x0000000713a00000| Untracked 
| 175|0x0000000713b00000, 0x0000000713b00000, 0x0000000713c00000|  0%| F|  |TAMS 0x0000000713b00000, 0x0000000713b00000| Untracked 
| 176|0x0000000713c00000, 0x0000000713c00000, 0x0000000713d00000|  0%| F|  |TAMS 0x0000000713c00000, 0x0000000713c00000| Untracked 
| 177|0x0000000713d00000, 0x0000000713d00000, 0x0000000713e00000|  0%| F|  |TAMS 0x0000000713d00000, 0x0000000713d00000| Untracked 
| 178|0x0000000713e00000, 0x0000000713e00000, 0x0000000713f00000|  0%| F|  |TAMS 0x0000000713e00000, 0x0000000713e00000| Untracked 
| 179|0x0000000713f00000, 0x0000000713f00000, 0x0000000714000000|  0%| F|  |TAMS 0x0000000713f00000, 0x0000000713f00000| Untracked 
| 180|0x0000000714000000, 0x0000000714000000, 0x0000000714100000|  0%| F|  |TAMS 0x0000000714000000, 0x0000000714000000| Untracked 
| 181|0x0000000714100000, 0x0000000714100000, 0x0000000714200000|  0%| F|  |TAMS 0x0000000714100000, 0x0000000714100000| Untracked 
| 182|0x0000000714200000, 0x0000000714200000, 0x0000000714300000|  0%| F|  |TAMS 0x0000000714200000, 0x0000000714200000| Untracked 
| 183|0x0000000714300000, 0x0000000714300000, 0x0000000714400000|  0%| F|  |TAMS 0x0000000714300000, 0x0000000714300000| Untracked 
| 184|0x0000000714400000, 0x0000000714400000, 0x0000000714500000|  0%| F|  |TAMS 0x0000000714400000, 0x0000000714400000| Untracked 
| 185|0x0000000714500000, 0x0000000714500000, 0x0000000714600000|  0%| F|  |TAMS 0x0000000714500000, 0x0000000714500000| Untracked 
| 186|0x0000000714600000, 0x0000000714600000, 0x0000000714700000|  0%| F|  |TAMS 0x0000000714600000, 0x0000000714600000| Untracked 
| 187|0x0000000714700000, 0x0000000714700000, 0x0000000714800000|  0%| F|  |TAMS 0x0000000714700000, 0x0000000714700000| Untracked 
| 188|0x0000000714800000, 0x0000000714800000, 0x0000000714900000|  0%| F|  |TAMS 0x0000000714800000, 0x0000000714800000| Untracked 
| 189|0x0000000714900000, 0x0000000714900000, 0x0000000714a00000|  0%| F|  |TAMS 0x0000000714900000, 0x0000000714900000| Untracked 
| 190|0x0000000714a00000, 0x0000000714a00000, 0x0000000714b00000|  0%| F|  |TAMS 0x0000000714a00000, 0x0000000714a00000| Untracked 
| 191|0x0000000714b00000, 0x0000000714b00000, 0x0000000714c00000|  0%| F|  |TAMS 0x0000000714b00000, 0x0000000714b00000| Untracked 
| 192|0x0000000714c00000, 0x0000000714c00000, 0x0000000714d00000|  0%| F|  |TAMS 0x0000000714c00000, 0x0000000714c00000| Untracked 
| 193|0x0000000714d00000, 0x0000000714d00000, 0x0000000714e00000|  0%| F|  |TAMS 0x0000000714d00000, 0x0000000714d00000| Untracked 
| 194|0x0000000714e00000, 0x0000000714e00000, 0x0000000714f00000|  0%| F|  |TAMS 0x0000000714e00000, 0x0000000714e00000| Untracked 
| 195|0x0000000714f00000, 0x0000000714f00000, 0x0000000715000000|  0%| F|  |TAMS 0x0000000714f00000, 0x0000000714f00000| Untracked 
| 196|0x0000000715000000, 0x0000000715000000, 0x0000000715100000|  0%| F|  |TAMS 0x0000000715000000, 0x0000000715000000| Untracked 
| 197|0x0000000715100000, 0x0000000715100000, 0x0000000715200000|  0%| F|  |TAMS 0x0000000715100000, 0x0000000715100000| Untracked 
| 198|0x0000000715200000, 0x0000000715200000, 0x0000000715300000|  0%| F|  |TAMS 0x0000000715200000, 0x0000000715200000| Untracked 
| 199|0x0000000715300000, 0x0000000715300000, 0x0000000715400000|  0%| F|  |TAMS 0x0000000715300000, 0x0000000715300000| Untracked 
| 200|0x0000000715400000, 0x0000000715400000, 0x0000000715500000|  0%| F|  |TAMS 0x0000000715400000, 0x0000000715400000| Untracked 
| 201|0x0000000715500000, 0x0000000715500000, 0x0000000715600000|  0%| F|  |TAMS 0x0000000715500000, 0x0000000715500000| Untracked 
| 202|0x0000000715600000, 0x0000000715600000, 0x0000000715700000|  0%| F|  |TAMS 0x0000000715600000, 0x0000000715600000| Untracked 
| 203|0x0000000715700000, 0x0000000715700000, 0x0000000715800000|  0%| F|  |TAMS 0x0000000715700000, 0x0000000715700000| Untracked 
| 204|0x0000000715800000, 0x0000000715800000, 0x0000000715900000|  0%| F|  |TAMS 0x0000000715800000, 0x0000000715800000| Untracked 
| 205|0x0000000715900000, 0x0000000715900000, 0x0000000715a00000|  0%| F|  |TAMS 0x0000000715900000, 0x0000000715900000| Untracked 
| 206|0x0000000715a00000, 0x0000000715a00000, 0x0000000715b00000|  0%| F|  |TAMS 0x0000000715a00000, 0x0000000715a00000| Untracked 
| 207|0x0000000715b00000, 0x0000000715b00000, 0x0000000715c00000|  0%| F|  |TAMS 0x0000000715b00000, 0x0000000715b00000| Untracked 
| 208|0x0000000715c00000, 0x0000000715c00000, 0x0000000715d00000|  0%| F|  |TAMS 0x0000000715c00000, 0x0000000715c00000| Untracked 
| 209|0x0000000715d00000, 0x0000000715d00000, 0x0000000715e00000|  0%| F|  |TAMS 0x0000000715d00000, 0x0000000715d00000| Untracked 
| 210|0x0000000715e00000, 0x0000000715e00000, 0x0000000715f00000|  0%| F|  |TAMS 0x0000000715e00000, 0x0000000715e00000| Untracked 
| 211|0x0000000715f00000, 0x0000000715f00000, 0x0000000716000000|  0%| F|  |TAMS 0x0000000715f00000, 0x0000000715f00000| Untracked 
| 212|0x0000000716000000, 0x0000000716000000, 0x0000000716100000|  0%| F|  |TAMS 0x0000000716000000, 0x0000000716000000| Untracked 
| 213|0x0000000716100000, 0x0000000716100000, 0x0000000716200000|  0%| F|  |TAMS 0x0000000716100000, 0x0000000716100000| Untracked 
| 214|0x0000000716200000, 0x0000000716200000, 0x0000000716300000|  0%| F|  |TAMS 0x0000000716200000, 0x0000000716200000| Untracked 
| 215|0x0000000716300000, 0x0000000716300000, 0x0000000716400000|  0%| F|  |TAMS 0x0000000716300000, 0x0000000716300000| Untracked 
| 216|0x0000000716400000, 0x0000000716400000, 0x0000000716500000|  0%| F|  |TAMS 0x0000000716400000, 0x0000000716400000| Untracked 
| 217|0x0000000716500000, 0x0000000716500000, 0x0000000716600000|  0%| F|  |TAMS 0x0000000716500000, 0x0000000716500000| Untracked 
| 218|0x0000000716600000, 0x0000000716600000, 0x0000000716700000|  0%| F|  |TAMS 0x0000000716600000, 0x0000000716600000| Untracked 
| 219|0x0000000716700000, 0x0000000716700000, 0x0000000716800000|  0%| F|  |TAMS 0x0000000716700000, 0x0000000716700000| Untracked 
| 220|0x0000000716800000, 0x0000000716800000, 0x0000000716900000|  0%| F|  |TAMS 0x0000000716800000, 0x0000000716800000| Untracked 
| 221|0x0000000716900000, 0x0000000716900000, 0x0000000716a00000|  0%| F|  |TAMS 0x0000000716900000, 0x0000000716900000| Untracked 
| 222|0x0000000716a00000, 0x0000000716a00000, 0x0000000716b00000|  0%| F|  |TAMS 0x0000000716a00000, 0x0000000716a00000| Untracked 
| 223|0x0000000716b00000, 0x0000000716b00000, 0x0000000716c00000|  0%| F|  |TAMS 0x0000000716b00000, 0x0000000716b00000| Untracked 
| 224|0x0000000716c00000, 0x0000000716c00000, 0x0000000716d00000|  0%| F|  |TAMS 0x0000000716c00000, 0x0000000716c00000| Untracked 
| 225|0x0000000716d00000, 0x0000000716d00000, 0x0000000716e00000|  0%| F|  |TAMS 0x0000000716d00000, 0x0000000716d00000| Untracked 
| 226|0x0000000716e00000, 0x0000000716e00000, 0x0000000716f00000|  0%| F|  |TAMS 0x0000000716e00000, 0x0000000716e00000| Untracked 
| 227|0x0000000716f00000, 0x0000000716f00000, 0x0000000717000000|  0%| F|  |TAMS 0x0000000716f00000, 0x0000000716f00000| Untracked 
| 228|0x0000000717000000, 0x0000000717000000, 0x0000000717100000|  0%| F|  |TAMS 0x0000000717000000, 0x0000000717000000| Untracked 
| 229|0x0000000717100000, 0x0000000717100000, 0x0000000717200000|  0%| F|  |TAMS 0x0000000717100000, 0x0000000717100000| Untracked 
| 230|0x0000000717200000, 0x0000000717200000, 0x0000000717300000|  0%| F|  |TAMS 0x0000000717200000, 0x0000000717200000| Untracked 
| 231|0x0000000717300000, 0x0000000717300000, 0x0000000717400000|  0%| F|  |TAMS 0x0000000717300000, 0x0000000717300000| Untracked 
| 232|0x0000000717400000, 0x0000000717400000, 0x0000000717500000|  0%| F|  |TAMS 0x0000000717400000, 0x0000000717400000| Untracked 
| 233|0x0000000717500000, 0x0000000717500000, 0x0000000717600000|  0%| F|  |TAMS 0x0000000717500000, 0x0000000717500000| Untracked 
| 234|0x0000000717600000, 0x0000000717600000, 0x0000000717700000|  0%| F|  |TAMS 0x0000000717600000, 0x0000000717600000| Untracked 
| 235|0x0000000717700000, 0x00000007177f6480, 0x0000000717800000| 96%| E|  |TAMS 0x0000000717700000, 0x0000000717700000| Complete 
| 236|0x0000000717800000, 0x0000000717900000, 0x0000000717900000|100%| E|CS|TAMS 0x0000000717800000, 0x0000000717800000| Complete 
| 237|0x0000000717900000, 0x0000000717a00000, 0x0000000717a00000|100%| E|CS|TAMS 0x0000000717900000, 0x0000000717900000| Complete 
| 238|0x0000000717a00000, 0x0000000717b00000, 0x0000000717b00000|100%| E|CS|TAMS 0x0000000717a00000, 0x0000000717a00000| Complete 
| 239|0x0000000717b00000, 0x0000000717c00000, 0x0000000717c00000|100%| E|CS|TAMS 0x0000000717b00000, 0x0000000717b00000| Complete 
| 240|0x0000000717c00000, 0x0000000717d00000, 0x0000000717d00000|100%| E|CS|TAMS 0x0000000717c00000, 0x0000000717c00000| Complete 
| 241|0x0000000717d00000, 0x0000000717e00000, 0x0000000717e00000|100%| E|CS|TAMS 0x0000000717d00000, 0x0000000717d00000| Complete 
| 242|0x0000000717e00000, 0x0000000717f00000, 0x0000000717f00000|100%| E|  |TAMS 0x0000000717e00000, 0x0000000717e00000| Complete 
| 243|0x0000000717f00000, 0x0000000718000000, 0x0000000718000000|100%| E|CS|TAMS 0x0000000717f00000, 0x0000000717f00000| Complete 
| 244|0x0000000718000000, 0x0000000718100000, 0x0000000718100000|100%| E|CS|TAMS 0x0000000718000000, 0x0000000718000000| Complete 
| 245|0x0000000718100000, 0x0000000718200000, 0x0000000718200000|100%| E|CS|TAMS 0x0000000718100000, 0x0000000718100000| Complete 
| 246|0x0000000718200000, 0x0000000718300000, 0x0000000718300000|100%| E|CS|TAMS 0x0000000718200000, 0x0000000718200000| Complete 
| 247|0x0000000718300000, 0x0000000718400000, 0x0000000718400000|100%| E|CS|TAMS 0x0000000718300000, 0x0000000718300000| Complete 
|2930|0x00000007bfe00000, 0x00000007bfe48000, 0x00000007bff00000| 28%|OA|  |TAMS 0x00000007bfe00000, 0x00000007bfe00000| Untracked 
|2931|0x00000007bff00000, 0x00000007bff6c000, 0x00000007c0000000| 42%|CA|  |TAMS 0x00000007bff00000, 0x00000007bff00000| Untracked 

Card table byte_map: [0x00007f5ed547c000,0x00007f5ed5c36000] _byte_map_base: 0x00007f5ed1c36000

Marking Bits (Prev, Next): (CMBitMap*) 0x00007f5ed007d178, (CMBitMap*) 0x00007f5ed007d1b0
 Prev Bits: [0x00007f5eb0230000, 0x00007f5eb4000000)
 Next Bits: [0x00007f5eac460000, 0x00007f5eb0230000)

Polling page: 0x00007f5ed8fdd000

Metaspace:

Usage:
  Non-class:      6.11 MB capacity,     3.82 MB ( 62%) used,     2.28 MB ( 37%) free+waste,    16.38 KB ( <1%) overhead. 
      Class:    770.00 KB capacity,   469.01 KB ( 61%) used,   292.55 KB ( 38%) free+waste,     8.44 KB (  1%) overhead. 
       Both:      6.86 MB capacity,     4.27 MB ( 62%) used,     2.57 MB ( 37%) free+waste,    24.81 KB ( <1%) overhead. 

Virtual space:
  Non-class space:        8.00 MB reserved,       6.25 MB ( 78%) committed 
      Class space:        1.00 GB reserved,     896.00 KB ( <1%) committed 
             Both:        1.01 GB reserved,       7.12 MB ( <1%) committed 

Chunk freelists:
   Non-Class:  0 bytes
       Class:  0 bytes
        Both:  0 bytes

MaxMetaspaceSize: unlimited
CompressedClassSpaceSize: 1.00 GB
Initial GC threshold: 20.80 MB
Current GC threshold: 20.80 MB
CDS: on

CodeHeap 'non-profiled nmethods': size=119172Kb used=309Kb max_used=309Kb free=118862Kb
 bounds [0x00007f5ec019f000, 0x00007f5ec040f000, 0x00007f5ec7600000]
CodeHeap 'profiled nmethods': size=119168Kb used=2349Kb max_used=2349Kb free=116818Kb
 bounds [0x00007f5eb8d3f000, 0x00007f5eb8faf000, 0x00007f5ec019f000]
CodeHeap 'non-nmethods': size=7420Kb used=2288Kb max_used=2303Kb free=5132Kb
 bounds [0x00007f5eb8600000, 0x00007f5eb8870000, 0x00007f5eb8d3f000]
 total_blobs=1662 nmethods=1237 adapters=337
 compilation: enabled
              stopped_count=0, restarted_count=0
 full_count=0

Compilation events (20 events):
Event: 0.197 Thread 0x00007f5e80160800 1228       3       java.lang.invoke.ClassSpecializer$SpeciesData::fieldCount (10 bytes)
Event: 0.197 Thread 0x00007f5e80160800 nmethod 1228 0x00007f5eb8f85490 code [0x00007f5eb8f85640, 0x00007f5eb8f85820]
Event: 0.197 Thread 0x00007f5e80160800 1230   !   3       java.nio.CharBuffer::wrap (20 bytes)
Event: 0.197 Thread 0x00007f5e7c0ae000 nmethod 1226 0x00007f5eb8f85910 code [0x00007f5eb8f85ae0, 0x00007f5eb8f85de0]
Event: 0.197 Thread 0x00007f5e7c0ae000 1231       3       java.nio.HeapCharBuffer::<init> (21 bytes)
Event: 0.197 Thread 0x00007f5ed01fa000 nmethod 1227 0x00007f5eb8f85f90 code [0x00007f5eb8f86220, 0x00007f5eb8f87280]
Event: 0.197 Thread 0x00007f5ed01fa000 1233       3       java.util.regex.Matcher::getTextLength (10 bytes)
Event: 0.197 Thread 0x00007f5e80160800 nmethod 1230 0x00007f5eb8f87610 code [0x00007f5eb8f87800, 0x00007f5eb8f87bf0]
Event: 0.197 Thread 0x00007f5e80160800 1232       3       java.util.ImmutableCollections$List12::get (32 bytes)
Event: 0.197 Thread 0x00007f5e7c0ae000 nmethod 1231 0x00007f5eb8f87e10 code [0x00007f5eb8f87fe0, 0x00007f5eb8f88240]
Event: 0.197 Thread 0x00007f5ed01fa000 nmethod 1233 0x00007f5eb8f88390 code [0x00007f5eb8f88540, 0x00007f5eb8f88720]
Event: 0.197 Thread 0x00007f5e80160800 nmethod 1232 0x00007f5eb8f88810 code [0x00007f5eb8f889e0, 0x00007f5eb8f88c80]
Event: 0.197 Thread 0x00007f5e7c0ae000 1234       3       java.lang.StringCoding::decodeUTF8 (39 bytes)
Event: 0.198 Thread 0x00007f5ed01fa000 1235       3       java.util.regex.Pattern$BmpCharPropertyGreedy::match (89 bytes)
Event: 0.198 Thread 0x00007f5e7c0ae000 nmethod 1234 0x00007f5eb8f88d90 code [0x00007f5eb8f88f80, 0x00007f5eb8f89270]
Event: 0.198 Thread 0x00007f5e80160800 1236       3       java.util.regex.Matcher::groupCount (10 bytes)
Event: 0.198 Thread 0x00007f5e80160800 nmethod 1236 0x00007f5eb8f89410 code [0x00007f5eb8f895c0, 0x00007f5eb8f896f0]
Event: 0.198 Thread 0x00007f5e80160800 1237       3       java.util.StringJoiner::getChars (15 bytes)
Event: 0.198 Thread 0x00007f5ed01fa000 nmethod 1235 0x00007f5eb8f89790 code [0x00007f5eb8f899a0, 0x00007f5eb8f8a000]
Event: 0.198 Thread 0x00007f5e80160800 nmethod 1237 0x00007f5eb8f8a210 code [0x00007f5eb8f8a3e0, 0x00007f5eb8f8a600]

GC Heap History (0 events):
No events

Deoptimization events (20 events):
Event: 0.152 Thread 0x00007f5ed0015000 DEOPT PACKING pc=0x00007f5eb8d6564f sp=0x00007f5ed8bfd5f0
Event: 0.152 Thread 0x00007f5ed0015000 DEOPT UNPACKING pc=0x00007f5eb864a64a sp=0x00007f5ed8bfca98 mode 0
Event: 0.153 Thread 0x00007f5ed0015000 DEOPT PACKING pc=0x00007f5eb8d6564f sp=0x00007f5ed8bfd4f0
Event: 0.153 Thread 0x00007f5ed0015000 DEOPT UNPACKING pc=0x00007f5eb864a64a sp=0x00007f5ed8bfc998 mode 0
Event: 0.153 Thread 0x00007f5ed0015000 DEOPT PACKING pc=0x00007f5eb8d6564f sp=0x00007f5ed8bfd4f0
Event: 0.153 Thread 0x00007f5ed0015000 DEOPT UNPACKING pc=0x00007f5eb864a64a sp=0x00007f5ed8bfc998 mode 0
Event: 0.178 Thread 0x00007f5ed0015000 Uncommon trap: trap_request=0xffffff76 fr.pc=0x00007f5ec01d71fc relative=0x000000000000043c
Event: 0.178 Thread 0x00007f5ed0015000 Uncommon trap: reason=loop_limit_check action=maybe_recompile pc=0x00007f5ec01d71fc method=java.lang.StringLatin1.indexOf([BI[BII)I @ 37 c2
Event: 0.178 Thread 0x00007f5ed0015000 DEOPT PACKING pc=0x00007f5ec01d71fc sp=0x00007f5ed8bfe490
Event: 0.178 Thread 0x00007f5ed0015000 DEOPT UNPACKING pc=0x00007f5eb8649ea5 sp=0x00007f5ed8bfe410 mode 2
Event: 0.191 Thread 0x00007f5ed0015000 Uncommon trap: trap_request=0xffffffc6 fr.pc=0x00007f5ec01db170 relative=0x0000000000000510
Event: 0.191 Thread 0x00007f5ed0015000 Uncommon trap: reason=bimorphic_or_optimized_type_check action=maybe_recompile pc=0x00007f5ec01db170 method=java.util.concurrent.ConcurrentHashMap.get(Ljava/lang/Object;)Ljava/lang/Object; @ 149 c2
Event: 0.191 Thread 0x00007f5ed0015000 DEOPT PACKING pc=0x00007f5ec01db170 sp=0x00007f5ed8bfe350
Event: 0.191 Thread 0x00007f5ed0015000 DEOPT UNPACKING pc=0x00007f5eb8649ea5 sp=0x00007f5ed8bfe2f0 mode 2
Event: 0.195 Thread 0x00007f5ed0015000 Uncommon trap: trap_request=0xffffff4d fr.pc=0x00007f5ec01e2008 relative=0x0000000000000208
Event: 0.195 Thread 0x00007f5ed0015000 Uncommon trap: reason=unstable_if action=reinterpret pc=0x00007f5ec01e2008 method=java.util.HashMap.putVal(ILjava/lang/Object;Ljava/lang/Object;ZZ)Ljava/lang/Object; @ 162 c2
Event: 0.195 Thread 0x00007f5ed0015000 DEOPT PACKING pc=0x00007f5ec01e2008 sp=0x00007f5ed8bfe4f0
Event: 0.195 Thread 0x00007f5ed0015000 DEOPT UNPACKING pc=0x00007f5eb8649ea5 sp=0x00007f5ed8bfe470 mode 2
Event: 0.197 Thread 0x00007f5ed0015000 DEOPT PACKING pc=0x00007f5eb8e8ee65 sp=0x00007f5ed8bfe4b0
Event: 0.197 Thread 0x00007f5ed0015000 DEOPT UNPACKING pc=0x00007f5eb864a64a sp=0x00007f5ed8bfd930 mode 0

Classes redefined (0 events):
No events

Internal exceptions (20 events):
Event: 0.027 Thread 0x00007f5ed0015000 Exception <a 'java/security/PrivilegedActionException'{0x000000071823e8d0}> (0x000000071823e8d0) thrown at [./src/hotspot/share/prims/jvm.cpp, line 1304]
Event: 0.027 Thread 0x00007f5ed0015000 Exception <a 'java/security/PrivilegedActionException'{0x000000071823eba0}> (0x000000071823eba0) thrown at [./src/hotspot/share/prims/jvm.cpp, line 1304]
Event: 0.028 Thread 0x00007f5ed0015000 Exception <a 'java/security/PrivilegedActionException'{0x000000071823f7b8}> (0x000000071823f7b8) thrown at [./src/hotspot/share/prims/jvm.cpp, line 1304]
Event: 0.028 Thread 0x00007f5ed0015000 Exception <a 'java/security/PrivilegedActionException'{0x000000071823fa88}> (0x000000071823fa88) thrown at [./src/hotspot/share/prims/jvm.cpp, line 1304]
Event: 0.028 Thread 0x00007f5ed0015000 Exception <a 'java/security/PrivilegedActionException'{0x00000007182406b8}> (0x00000007182406b8) thrown at [./src/hotspot/share/prims/jvm.cpp, line 1304]
Event: 0.028 Thread 0x00007f5ed0015000 Exception <a 'java/security/PrivilegedActionException'{0x0000000718240988}> (0x0000000718240988) thrown at [./src/hotspot/share/prims/jvm.cpp, line 1304]
Event: 0.028 Thread 0x00007f5ed0015000 Exception <a 'java/security/PrivilegedActionException'{0x00000007182415b8}> (0x00000007182415b8) thrown at [./src/hotspot/share/prims/jvm.cpp, line 1304]
Event: 0.028 Thread 0x00007f5ed0015000 Exception <a 'java/security/PrivilegedActionException'{0x0000000718241888}> (0x0000000718241888) thrown at [./src/hotspot/share/prims/jvm.cpp, line 1304]
Event: 0.028 Thread 0x00007f5ed0015000 Exception <a 'java/security/PrivilegedActionException'{0x00000007182424b8}> (0x00000007182424b8) thrown at [./src/hotspot/share/prims/jvm.cpp, line 1304]
Event: 0.028 Thread 0x00007f5ed0015000 Exception <a 'java/security/PrivilegedActionException'{0x0000000718242788}> (0x0000000718242788) thrown at [./src/hotspot/share/prims/jvm.cpp, line 1304]
Event: 0.028 Thread 0x00007f5ed0015000 Exception <a 'java/security/PrivilegedActionException'{0x00000007182433a0}> (0x00000007182433a0) thrown at [./src/hotspot/share/prims/jvm.cpp, line 1304]
Event: 0.028 Thread 0x00007f5ed0015000 Exception <a 'java/security/PrivilegedActionException'{0x0000000718243670}> (0x0000000718243670) thrown at [./src/hotspot/share/prims/jvm.cpp, line 1304]
Event: 0.028 Thread 0x00007f5ed0015000 Exception <a 'java/security/PrivilegedActionException'{0x00000007182442a0}> (0x00000007182442a0) thrown at [./src/hotspot/share/prims/jvm.cpp, line 1304]
Event: 0.028 Thread 0x00007f5ed0015000 Exception <a 'java/security/PrivilegedActionException'{0x0000000718244570}> (0x0000000718244570) thrown at [./src/hotspot/share/prims/jvm.cpp, line 1304]
Event: 0.114 Thread 0x00007f5ed0015000 Exception <a 'java/lang/NoSuchMethodError'{0x0000000717d8bab8}: 'int java.lang.invoke.DirectMethodHandle$Holder.invokeStaticInit(java.lang.Object, java.lang.Object, java.lang.Object, java.lang.Object)'> (0x0000000717d8bab8) thrown at [./src/hotspot/share/interpreter/linkResolver.cpp, line 772]
Event: 0.115 Thread 0x00007f5ed0015000 Exception <a 'java/lang/IncompatibleClassChangeError'{0x0000000717d95c20}: Found class java.lang.Object, but interface was expected> (0x0000000717d95c20) thrown at [./src/hotspot/share/interpreter/linkResolver.cpp, line 839]
Event: 0.115 Thread 0x00007f5ed0015000 Exception <a 'java/lang/NoSuchMethodError'{0x0000000717d98e70}: 'void java.lang.invoke.DirectMethodHandle$Holder.invokeStaticInit(java.lang.Object, java.lang.Object)'> (0x0000000717d98e70) thrown at [./src/hotspot/share/interpreter/linkResolver.cpp, line 772]
Event: 0.116 Thread 0x00007f5ed0015000 Exception <a 'java/lang/NoSuchMethodError'{0x0000000717d9ed28}: 'int java.lang.invoke.DirectMethodHandle$Holder.invokeStaticInit(java.lang.Object, java.lang.Object)'> (0x0000000717d9ed28) thrown at [./src/hotspot/share/interpreter/linkResolver.cpp, line 772]
Event: 0.186 Thread 0x00007f5ed0015000 Exception <a 'java/lang/NoSuchMethodError'{0x00000007178abf30}: 'java.lang.Object java.lang.invoke.DirectMethodHandle$Holder.invokeStatic(java.lang.Object, java.lang.Object, java.lang.Object, java.lang.Object, java.lang.Object, java.lang.Object, java.lang.Object, java.lang.Object, java.lang.Object, java.lang.Object, java.lang.Object, java.lang.Object, java.lang.Object, int)'> (0x00000007178abf30) thrown at [./src/hotspot/share/interpreter/linkResolver.cpp, line 772]
Event: 0.186 Thread 0x00007f5ed0015000 Exception <a 'java/lang/NoSuchMethodError'{0x00000007178b8e48}: 'java.lang.Object java.lang.invoke.DirectMethodHandle$Holder.invokeStatic(java.lang.Object, java.lang.Object, java.lang.Object, java.lang.Object, java.lang.Object, java.lang.Object, java.lang.Object, java.lang.Object, java.lang.Object, java.lang.Object, java.lang.Object, java.lang.Object, java.lang.Object, int, int)'> (0x00000007178b8e48) thrown at [./src/hotspot/share/interpreter/linkResolver.cpp, line 772]

Events (20 events):
Event: 0.185 loading class java/lang/invoke/BoundMethodHandle$Species_LLLLLLLLL
Event: 0.185 loading class java/lang/invoke/BoundMethodHandle$Species_LLLLLLLLL done
Event: 0.185 loading class java/lang/invoke/BoundMethodHandle$Species_LLLLLLLLLL
Event: 0.185 loading class java/lang/invoke/BoundMethodHandle$Species_LLLLLLLLLL done
Event: 0.186 loading class java/lang/invoke/BoundMethodHandle$Species_LLLLLLLLLLI
Event: 0.186 loading class java/lang/invoke/BoundMethodHandle$Species_LLLLLLLLLLI done
Event: 0.186 loading class java/lang/invoke/BoundMethodHandle$Species_LLLLLLLLLLII
Event: 0.186 loading class java/lang/invoke/BoundMethodHandle$Species_LLLLLLLLLLII done
Event: 0.187 loading class java/lang/invoke/BoundMethodHandle$Species_LLLLLLLLLLIIL
Event: 0.187 loading class java/lang/invoke/BoundMethodHandle$Species_LLLLLLLLLLIIL done
Event: 0.189 loading class java/lang/invoke/BoundMethodHandle$Species_LLLLLLLLLI
Event: 0.189 loading class java/lang/invoke/BoundMethodHandle$Species_LLLLLLLLLI done
Event: 0.189 loading class java/lang/invoke/BoundMethodHandle$Species_LLLLLLLLLII
Event: 0.189 loading class java/lang/invoke/BoundMethodHandle$Species_LLLLLLLLLII done
Event: 0.189 loading class java/lang/invoke/BoundMethodHandle$Species_LLLLLLLLLIIL
Event: 0.189 loading class java/lang/invoke/BoundMethodHandle$Species_LLLLLLLLLIIL done
Event: 0.190 loading class java/lang/invoke/BoundMethodHandle$Species_LLLLLLLLLIILL
Event: 0.190 loading class java/lang/invoke/BoundMethodHandle$Species_LLLLLLLLLIILL done
Event: 0.196 Thread 0x00007f5e80160800 Thread added: 0x00007f5e80160800
Event: 0.196 Protecting memory [0x00007f5ea43f9000,0x00007f5ea43fd000] with protection modes 0


Dynamic libraries:
708c00000-718400000 rw-p 00000000 00:00 0 
718400000-7bfe00000 ---p 00000000 00:00 0 
7bfe00000-7bfe48000 rw-p 00b14000 08:30 134337                           /usr/lib/jvm/java-11-openjdk-amd64/lib/server/classes.jsa
7bfe48000-7bff00000 rw-p 00000000 00:00 0 
7bff00000-7bff6c000 rw-p 00aa8000 08:30 134337                           /usr/lib/jvm/java-11-openjdk-amd64/lib/server/classes.jsa
7bff6c000-7c0000000 rw-p 00000000 00:00 0 
7c0000000-800000000 ---p 00000000 00:00 0 
800000000-800002000 rwxp 00001000 08:30 134337                           /usr/lib/jvm/java-11-openjdk-amd64/lib/server/classes.jsa
800002000-8003ce000 rw-p 00003000 08:30 134337                           /usr/lib/jvm/java-11-openjdk-amd64/lib/server/classes.jsa
8003ce000-800aa6000 r--p 003cf000 08:30 134337                           /usr/lib/jvm/java-11-openjdk-amd64/lib/server/classes.jsa
800aa6000-800aa7000 rw-p 00aa7000 08:30 134337                           /usr/lib/jvm/java-11-openjdk-amd64/lib/server/classes.jsa
840000000-8400e0000 rw-p 00000000 00:00 0 
8400e0000-880000000 ---p 00000000 00:00 0 
582ee8df6000-582ee8df7000 r--p 00000000 08:30 134745                     /usr/lib/jvm/java-11-openjdk-amd64/bin/java
582ee8df7000-582ee8df8000 r-xp 00001000 08:30 134745                     /usr/lib/jvm/java-11-openjdk-amd64/bin/java
582ee8df8000-582ee8df9000 r--p 00002000 08:30 134745                     /usr/lib/jvm/java-11-openjdk-amd64/bin/java
582ee8df9000-582ee8dfa000 r--p 00002000 08:30 134745                     /usr/lib/jvm/java-11-openjdk-amd64/bin/java
582ee8dfa000-582ee8dfb000 rw-p 00003000 08:30 134745                     /usr/lib/jvm/java-11-openjdk-amd64/bin/java
582f00d73000-582f00d94000 rw-p 00000000 00:00 0                          [heap]
7f5e58000000-7f5e58021000 rw-p 00000000 00:00 0 
7f5e58021000-7f5e5c000000 ---p 00000000 00:00 0 
7f5e5c708000-7f5e5d400000 rw-p 00000000 00:00 0 
7f5e5d400000-7f5e5dd26000 r--p 00000000 08:30 204242                     /home/crz/.javacpp/cache/llvm-13.0.1-1.5.7-linux-x86_64.jar/org/bytedeco/llvm/linux-x86_64/libLLVM-13.so
7f5e5dd26000-7f5e616e9000 r-xp 00926000 08:30 204242                     /home/crz/.javacpp/cache/llvm-13.0.1-1.5.7-linux-x86_64.jar/org/bytedeco/llvm/linux-x86_64/libLLVM-13.so
7f5e616e9000-7f5e6393e000 r--p 042e9000 08:30 204242                     /home/crz/.javacpp/cache/llvm-13.0.1-1.5.7-linux-x86_64.jar/org/bytedeco/llvm/linux-x86_64/libLLVM-13.so
7f5e6393e000-7f5e63e53000 r--p 0653d000 08:30 204242                     /home/crz/.javacpp/cache/llvm-13.0.1-1.5.7-linux-x86_64.jar/org/bytedeco/llvm/linux-x86_64/libLLVM-13.so
7f5e63e53000-7f5e63e5e000 rw-p 06a52000 08:30 204242                     /home/crz/.javacpp/cache/llvm-13.0.1-1.5.7-linux-x86_64.jar/org/bytedeco/llvm/linux-x86_64/libLLVM-13.so
7f5e63e5e000-7f5e63ed4000 rw-p 00000000 00:00 0 
7f5e64000000-7f5e64021000 rw-p 00000000 00:00 0 
7f5e64021000-7f5e68000000 ---p 00000000 00:00 0 
7f5e68000000-7f5e68131000 rw-p 00000000 00:00 0 
7f5e68131000-7f5e6c000000 ---p 00000000 00:00 0 
7f5e6c000000-7f5e6c021000 rw-p 00000000 00:00 0 
7f5e6c021000-7f5e70000000 ---p 00000000 00:00 0 
7f5e70000000-7f5e70021000 rw-p 00000000 00:00 0 
7f5e70021000-7f5e74000000 ---p 00000000 00:00 0 
7f5e74000000-7f5e74021000 rw-p 00000000 00:00 0 
7f5e74021000-7f5e78000000 ---p 00000000 00:00 0 
7f5e78000000-7f5e7829d000 rw-p 00000000 00:00 0 
7f5e7829d000-7f5e7c000000 ---p 00000000 00:00 0 
7f5e7c000000-7f5e7c355000 rw-p 00000000 00:00 0 
7f5e7c355000-7f5e80000000 ---p 00000000 00:00 0 
7f5e80000000-7f5e80165000 rw-p 00000000 00:00 0 
7f5e80165000-7f5e84000000 ---p 00000000 00:00 0 
7f5e84000000-7f5e84021000 rw-p 00000000 00:00 0 
7f5e84021000-7f5e88000000 ---p 00000000 00:00 0 
7f5e88000000-7f5e88021000 rw-p 00000000 00:00 0 
7f5e88021000-7f5e8c000000 ---p 00000000 00:00 0 
7f5e8c000000-7f5e8c021000 rw-p 00000000 00:00 0 
7f5e8c021000-7f5e90000000 ---p 00000000 00:00 0 
7f5e90000000-7f5e90021000 rw-p 00000000 00:00 0 
7f5e90021000-7f5e94000000 ---p 00000000 00:00 0 
7f5e94000000-7f5e94021000 rw-p 00000000 00:00 0 
7f5e94021000-7f5e98000000 ---p 00000000 00:00 0 
7f5e98000000-7f5e98021000 rw-p 00000000 00:00 0 
7f5e98021000-7f5e9c000000 ---p 00000000 00:00 0 
7f5e9c000000-7f5e9c021000 rw-p 00000000 00:00 0 
7f5e9c021000-7f5ea0000000 ---p 00000000 00:00 0 
7f5ea0000000-7f5ea0021000 rw-p 00000000 00:00 0 
7f5ea0021000-7f5ea4000000 ---p 00000000 00:00 0 
7f5ea406f000-7f5ea43f9000 rw-p 00000000 00:00 0 
7f5ea43f9000-7f5ea43fd000 ---p 00000000 00:00 0 
7f5ea43fd000-7f5ea44f9000 rw-p 00000000 00:00 0 
7f5ea44f9000-7f5ea455e000 r--p 00000000 08:30 204256                     /home/crz/.javacpp/cache/llvm-13.0.1-1.5.7-linux-x86_64.jar/org/bytedeco/llvm/linux-x86_64/libjniLLVM.so
7f5ea455e000-7f5ea45cc000 r-xp 00065000 08:30 204256                     /home/crz/.javacpp/cache/llvm-13.0.1-1.5.7-linux-x86_64.jar/org/bytedeco/llvm/linux-x86_64/libjniLLVM.so
7f5ea45cc000-7f5ea45f7000 r--p 000d3000 08:30 204256                     /home/crz/.javacpp/cache/llvm-13.0.1-1.5.7-linux-x86_64.jar/org/bytedeco/llvm/linux-x86_64/libjniLLVM.so
7f5ea45f7000-7f5ea45fa000 r--p 000fd000 08:30 204256                     /home/crz/.javacpp/cache/llvm-13.0.1-1.5.7-linux-x86_64.jar/org/bytedeco/llvm/linux-x86_64/libjniLLVM.so
7f5ea45fa000-7f5ea45fd000 rw-p 00100000 08:30 204256                     /home/crz/.javacpp/cache/llvm-13.0.1-1.5.7-linux-x86_64.jar/org/bytedeco/llvm/linux-x86_64/libjniLLVM.so
7f5ea45fd000-7f5ea45ff000 rw-p 00000000 00:00 0 
7f5ea45ff000-7f5ea4603000 ---p 00000000 00:00 0 
7f5ea4603000-7f5ea46ff000 rw-p 00000000 00:00 0 
7f5ea46ff000-7f5ea4703000 ---p 00000000 00:00 0 
7f5ea4703000-7f5ea47ff000 rw-p 00000000 00:00 0 
7f5ea47ff000-7f5ea4803000 ---p 00000000 00:00 0 
7f5ea4803000-7f5ea48ff000 rw-p 00000000 00:00 0 
7f5ea48ff000-7f5ea4900000 ---p 00000000 00:00 0 
7f5ea4900000-7f5ea4a00000 rw-p 00000000 00:00 0 
7f5ea4a00000-7f5ea4a04000 ---p 00000000 00:00 0 
7f5ea4a04000-7f5ea4b00000 rw-p 00000000 00:00 0 
7f5ea4b00000-7f5ea4b04000 ---p 00000000 00:00 0 
7f5ea4b04000-7f5ea4c00000 rw-p 00000000 00:00 0 
7f5ea4c00000-7f5ea4c04000 ---p 00000000 00:00 0 
7f5ea4c04000-7f5ea4d00000 rw-p 00000000 00:00 0 
7f5ea4d00000-7f5ea4d04000 ---p 00000000 00:00 0 
7f5ea4d04000-7f5ea4e00000 rw-p 00000000 00:00 0 
7f5ea4e00000-7f5ea4e04000 ---p 00000000 00:00 0 
7f5ea4e04000-7f5ea4f00000 rw-p 00000000 00:00 0 
7f5ea4f00000-7f5ea4f04000 ---p 00000000 00:00 0 
7f5ea4f04000-7f5ea5000000 rw-p 00000000 00:00 0 
7f5ea5000000-7f5ea55ed000 r--p 00000000 08:30 2460                       /usr/lib/locale/locale-archive
7f5ea5600000-7f5ea5604000 ---p 00000000 00:00 0 
7f5ea5604000-7f5ea5700000 rw-p 00000000 00:00 0 
7f5ea5700000-7f5ea5704000 ---p 00000000 00:00 0 
7f5ea5704000-7f5ea5e40000 rw-p 00000000 00:00 0 
7f5ea5e40000-7f5ea6000000 ---p 00000000 00:00 0 
7f5ea6000000-7f5ea8000000 rw-p 00000000 00:00 0 
7f5ea8000000-7f5ea8021000 rw-p 00000000 00:00 0 
7f5ea8021000-7f5eac000000 ---p 00000000 00:00 0 
7f5eac05c000-7f5eac05d000 ---p 00000000 00:00 0 
7f5eac05d000-7f5eac15d000 rw-p 00000000 00:00 0 
7f5eac15d000-7f5eac15e000 ---p 00000000 00:00 0 
7f5eac15e000-7f5eac25e000 rw-p 00000000 00:00 0 
7f5eac25e000-7f5eac25f000 ---p 00000000 00:00 0 
7f5eac25f000-7f5eac840000 rw-p 00000000 00:00 0 
7f5eac840000-7f5eaf228000 ---p 00000000 00:00 0 
7f5eaf228000-7f5eaf230000 rw-p 00000000 00:00 0 
7f5eaf230000-7f5eb0230000 ---p 00000000 00:00 0 
7f5eb0230000-7f5eb0610000 rw-p 00000000 00:00 0 
7f5eb0610000-7f5eb2ff8000 ---p 00000000 00:00 0 
7f5eb2ff8000-7f5eb3000000 rw-p 00000000 00:00 0 
7f5eb3000000-7f5eb4000000 ---p 00000000 00:00 0 
7f5eb4000000-7f5eb4021000 rw-p 00000000 00:00 0 
7f5eb4021000-7f5eb8000000 ---p 00000000 00:00 0 
7f5eb807a000-7f5eb8600000 rw-p 00000000 00:00 0 
7f5eb8600000-7f5eb8870000 rwxp 00000000 00:00 0 
7f5eb8870000-7f5eb8d3f000 ---p 00000000 00:00 0 
7f5eb8d3f000-7f5eb8faf000 rwxp 00000000 00:00 0 
7f5eb8faf000-7f5ec019f000 ---p 00000000 00:00 0 
7f5ec019f000-7f5ec040f000 rwxp 00000000 00:00 0 
7f5ec040f000-7f5ec7600000 ---p 00000000 00:00 0 
7f5ec7600000-7f5ecfe41000 r--s 00000000 08:30 134824                     /usr/lib/jvm/java-11-openjdk-amd64/lib/modules
7f5ecfe98000-7f5ecfe9f000 r--s 00000000 08:30 126817                     /usr/lib/x86_64-linux-gnu/gconv/gconv-modules.cache
7f5ecfe9f000-7f5ecfea0000 r--p 00000000 08:30 204251                     /home/crz/.javacpp/cache/llvm-13.0.1-1.5.7-linux-x86_64.jar/org/bytedeco/llvm/linux-x86_64/libRemarks.so.13
7f5ecfea0000-7f5ecfea1000 r-xp 00001000 08:30 204251                     /home/crz/.javacpp/cache/llvm-13.0.1-1.5.7-linux-x86_64.jar/org/bytedeco/llvm/linux-x86_64/libRemarks.so.13
7f5ecfea1000-7f5ecfea2000 r--p 00002000 08:30 204251                     /home/crz/.javacpp/cache/llvm-13.0.1-1.5.7-linux-x86_64.jar/org/bytedeco/llvm/linux-x86_64/libRemarks.so.13
7f5ecfea2000-7f5ecfea3000 r--p 00002000 08:30 204251                     /home/crz/.javacpp/cache/llvm-13.0.1-1.5.7-linux-x86_64.jar/org/bytedeco/llvm/linux-x86_64/libRemarks.so.13
7f5ecfea3000-7f5ecfea4000 rw-p 00003000 08:30 204251                     /home/crz/.javacpp/cache/llvm-13.0.1-1.5.7-linux-x86_64.jar/org/bytedeco/llvm/linux-x86_64/libRemarks.so.13
7f5ecfea4000-7f5ed0000000 rw-p 00000000 00:00 0 
7f5ed0000000-7f5ed04c6000 rw-p 00000000 00:00 0 
7f5ed04c6000-7f5ed4000000 ---p 00000000 00:00 0 
7f5ed4002000-7f5ed4009000 r--p 00000000 08:30 204245                     /home/crz/.javacpp/cache/llvm-13.0.1-1.5.7-linux-x86_64.jar/org/bytedeco/llvm/linux-x86_64/libLTO.so.13
7f5ed4009000-7f5ed4011000 r-xp 00007000 08:30 204245                     /home/crz/.javacpp/cache/llvm-13.0.1-1.5.7-linux-x86_64.jar/org/bytedeco/llvm/linux-x86_64/libLTO.so.13
7f5ed4011000-7f5ed4013000 r--p 0000f000 08:30 204245                     /home/crz/.javacpp/cache/llvm-13.0.1-1.5.7-linux-x86_64.jar/org/bytedeco/llvm/linux-x86_64/libLTO.so.13
7f5ed4013000-7f5ed4014000 r--p 00010000 08:30 204245                     /home/crz/.javacpp/cache/llvm-13.0.1-1.5.7-linux-x86_64.jar/org/bytedeco/llvm/linux-x86_64/libLTO.so.13
7f5ed4014000-7f5ed4015000 rw-p 00011000 08:30 204245                     /home/crz/.javacpp/cache/llvm-13.0.1-1.5.7-linux-x86_64.jar/org/bytedeco/llvm/linux-x86_64/libLTO.so.13
7f5ed4015000-7f5ed4019000 r--p 00000000 08:30 204229                     /home/crz/.javacpp/cache/javacpp-1.5.7-linux-x86_64.jar/org/bytedeco/javacpp/linux-x86_64/libjnijavacpp.so
7f5ed4019000-7f5ed4020000 r-xp 00004000 08:30 204229                     /home/crz/.javacpp/cache/javacpp-1.5.7-linux-x86_64.jar/org/bytedeco/javacpp/linux-x86_64/libjnijavacpp.so
7f5ed4020000-7f5ed4024000 r--p 0000b000 08:30 204229                     /home/crz/.javacpp/cache/javacpp-1.5.7-linux-x86_64.jar/org/bytedeco/javacpp/linux-x86_64/libjnijavacpp.so
7f5ed4024000-7f5ed4025000 r--p 0000e000 08:30 204229                     /home/crz/.javacpp/cache/javacpp-1.5.7-linux-x86_64.jar/org/bytedeco/javacpp/linux-x86_64/libjnijavacpp.so
7f5ed4025000-7f5ed4026000 rw-p 0000f000 08:30 204229                     /home/crz/.javacpp/cache/javacpp-1.5.7-linux-x86_64.jar/org/bytedeco/javacpp/linux-x86_64/libjnijavacpp.so
7f5ed4026000-7f5ed48c9000 rw-p 00000000 00:00 0 
7f5ed48c9000-7f5ed48ca000 ---p 00000000 00:00 0 
7f5ed48ca000-7f5ed49ca000 rw-p 00000000 00:00 0 
7f5ed49ca000-7f5ed49cb000 ---p 00000000 00:00 0 
7f5ed49cb000-7f5ed4d3e000 rw-p 00000000 00:00 0 
7f5ed4d3e000-7f5ed527b000 ---p 00000000 00:00 0 
7f5ed527b000-7f5ed527c000 rw-p 00000000 00:00 0 
7f5ed527c000-7f5ed547c000 ---p 00000000 00:00 0 
7f5ed547c000-7f5ed54f8000 rw-p 00000000 00:00 0 
7f5ed54f8000-7f5ed5a35000 ---p 00000000 00:00 0 
7f5ed5a35000-7f5ed5a36000 rw-p 00000000 00:00 0 
7f5ed5a36000-7f5ed5c36000 ---p 00000000 00:00 0 
7f5ed5c36000-7f5ed5cb2000 rw-p 00000000 00:00 0 
7f5ed5cb2000-7f5ed61ef000 ---p 00000000 00:00 0 
7f5ed61ef000-7f5ed61f0000 rw-p 00000000 00:00 0 
7f5ed61f0000-7f5ed63f0000 ---p 00000000 00:00 0 
7f5ed63f0000-7f5ed72ff000 rw-p 00000000 00:00 0 
7f5ed72ff000-7f5ed7300000 ---p 00000000 00:00 0 
7f5ed7300000-7f5ed7400000 rw-p 00000000 00:00 0 
7f5ed7400000-7f5ed749a000 r--p 00000000 08:30 6947                       /usr/lib/x86_64-linux-gnu/libstdc++.so.6.0.30
7f5ed749a000-7f5ed75ab000 r-xp 0009a000 08:30 6947                       /usr/lib/x86_64-linux-gnu/libstdc++.so.6.0.30
7f5ed75ab000-7f5ed761a000 r--p 001ab000 08:30 6947                       /usr/lib/x86_64-linux-gnu/libstdc++.so.6.0.30
7f5ed761a000-7f5ed761b000 ---p 0021a000 08:30 6947                       /usr/lib/x86_64-linux-gnu/libstdc++.so.6.0.30
7f5ed761b000-7f5ed7626000 r--p 0021a000 08:30 6947                       /usr/lib/x86_64-linux-gnu/libstdc++.so.6.0.30
7f5ed7626000-7f5ed7629000 rw-p 00225000 08:30 6947                       /usr/lib/x86_64-linux-gnu/libstdc++.so.6.0.30
7f5ed7629000-7f5ed762c000 rw-p 00000000 00:00 0 
7f5ed762e000-7f5ed7633000 rw-p 00000000 00:00 0 
7f5ed7633000-7f5ed7717000 ---p 00000000 00:00 0 
7f5ed7717000-7f5ed771c000 rw-p 00000000 00:00 0 
7f5ed771c000-7f5ed7800000 ---p 00000000 00:00 0 
7f5ed7800000-7f5ed7a83000 r--p 00000000 08:30 134827                     /usr/lib/jvm/java-11-openjdk-amd64/lib/server/libjvm.so
7f5ed7a83000-7f5ed872e000 r-xp 00283000 08:30 134827                     /usr/lib/jvm/java-11-openjdk-amd64/lib/server/libjvm.so
7f5ed872e000-7f5ed898a000 r--p 00f2e000 08:30 134827                     /usr/lib/jvm/java-11-openjdk-amd64/lib/server/libjvm.so
7f5ed898a000-7f5ed8a4e000 r--p 01189000 08:30 134827                     /usr/lib/jvm/java-11-openjdk-amd64/lib/server/libjvm.so
7f5ed8a4e000-7f5ed8a89000 rw-p 0124d000 08:30 134827                     /usr/lib/jvm/java-11-openjdk-amd64/lib/server/libjvm.so
7f5ed8a89000-7f5ed8ae0000 rw-p 00000000 00:00 0 
7f5ed8ae3000-7f5ed8ae4000 r--p 00000000 08:30 94026                      /usr/lib/x86_64-linux-gnu/libdl.so.2
7f5ed8ae4000-7f5ed8ae5000 r-xp 00001000 08:30 94026                      /usr/lib/x86_64-linux-gnu/libdl.so.2
7f5ed8ae5000-7f5ed8ae6000 r--p 00002000 08:30 94026                      /usr/lib/x86_64-linux-gnu/libdl.so.2
7f5ed8ae6000-7f5ed8ae7000 r--p 00002000 08:30 94026                      /usr/lib/x86_64-linux-gnu/libdl.so.2
7f5ed8ae7000-7f5ed8ae8000 rw-p 00003000 08:30 94026                      /usr/lib/x86_64-linux-gnu/libdl.so.2
7f5ed8ae8000-7f5ed8aec000 r--p 00000000 08:30 134814                     /usr/lib/jvm/java-11-openjdk-amd64/lib/libnet.so
7f5ed8aec000-7f5ed8afa000 r-xp 00004000 08:30 134814                     /usr/lib/jvm/java-11-openjdk-amd64/lib/libnet.so
7f5ed8afa000-7f5ed8afe000 r--p 00012000 08:30 134814                     /usr/lib/jvm/java-11-openjdk-amd64/lib/libnet.so
7f5ed8afe000-7f5ed8aff000 r--p 00015000 08:30 134814                     /usr/lib/jvm/java-11-openjdk-amd64/lib/libnet.so
7f5ed8aff000-7f5ed8b00000 rw-p 00016000 08:30 134814                     /usr/lib/jvm/java-11-openjdk-amd64/lib/libnet.so
7f5ed8b00000-7f5ed8b04000 ---p 00000000 00:00 0 
7f5ed8b04000-7f5ed8c00000 rw-p 00000000 00:00 0 
7f5ed8c00000-7f5ed8c28000 r--p 00000000 08:30 94024                      /usr/lib/x86_64-linux-gnu/libc.so.6
7f5ed8c28000-7f5ed8dbd000 r-xp 00028000 08:30 94024                      /usr/lib/x86_64-linux-gnu/libc.so.6
7f5ed8dbd000-7f5ed8e15000 r--p 001bd000 08:30 94024                      /usr/lib/x86_64-linux-gnu/libc.so.6
7f5ed8e15000-7f5ed8e16000 ---p 00215000 08:30 94024                      /usr/lib/x86_64-linux-gnu/libc.so.6
7f5ed8e16000-7f5ed8e1a000 r--p 00215000 08:30 94024                      /usr/lib/x86_64-linux-gnu/libc.so.6
7f5ed8e1a000-7f5ed8e1c000 rw-p 00219000 08:30 94024                      /usr/lib/x86_64-linux-gnu/libc.so.6
7f5ed8e1c000-7f5ed8e29000 rw-p 00000000 00:00 0 
7f5ed8e2d000-7f5ed8e2e000 r--p 00000000 08:30 94037                      /usr/lib/x86_64-linux-gnu/libpthread.so.0
7f5ed8e2e000-7f5ed8e2f000 r-xp 00001000 08:30 94037                      /usr/lib/x86_64-linux-gnu/libpthread.so.0
7f5ed8e2f000-7f5ed8e30000 r--p 00002000 08:30 94037                      /usr/lib/x86_64-linux-gnu/libpthread.so.0
7f5ed8e30000-7f5ed8e31000 r--p 00002000 08:30 94037                      /usr/lib/x86_64-linux-gnu/libpthread.so.0
7f5ed8e31000-7f5ed8e32000 rw-p 00003000 08:30 94037                      /usr/lib/x86_64-linux-gnu/libpthread.so.0
7f5ed8e32000-7f5ed8e39000 r--p 00000000 08:30 134815                     /usr/lib/jvm/java-11-openjdk-amd64/lib/libnio.so
7f5ed8e39000-7f5ed8e41000 r-xp 00007000 08:30 134815                     /usr/lib/jvm/java-11-openjdk-amd64/lib/libnio.so
7f5ed8e41000-7f5ed8e44000 r--p 0000f000 08:30 134815                     /usr/lib/jvm/java-11-openjdk-amd64/lib/libnio.so
7f5ed8e44000-7f5ed8e45000 r--p 00011000 08:30 134815                     /usr/lib/jvm/java-11-openjdk-amd64/lib/libnio.so
7f5ed8e45000-7f5ed8e46000 rw-p 00012000 08:30 134815                     /usr/lib/jvm/java-11-openjdk-amd64/lib/libnio.so
7f5ed8e46000-7f5ed8e4b000 rw-p 00000000 00:00 0 
7f5ed8e4b000-7f5ed8e55000 ---p 00000000 00:00 0 
7f5ed8e55000-7f5ed8e57000 r--p 00000000 08:30 134823                     /usr/lib/jvm/java-11-openjdk-amd64/lib/libzip.so
7f5ed8e57000-7f5ed8e5c000 r-xp 00002000 08:30 134823                     /usr/lib/jvm/java-11-openjdk-amd64/lib/libzip.so
7f5ed8e5c000-7f5ed8e5e000 r--p 00007000 08:30 134823                     /usr/lib/jvm/java-11-openjdk-amd64/lib/libzip.so
7f5ed8e5e000-7f5ed8e5f000 r--p 00008000 08:30 134823                     /usr/lib/jvm/java-11-openjdk-amd64/lib/libzip.so
7f5ed8e5f000-7f5ed8e60000 rw-p 00009000 08:30 134823                     /usr/lib/jvm/java-11-openjdk-amd64/lib/libzip.so
7f5ed8e60000-7f5ed8e68000 rw-s 00000000 08:30 158453                     /tmp/hsperfdata_crz/32067
7f5ed8e68000-7f5ed8e6a000 r--p 00000000 08:30 134806                     /usr/lib/jvm/java-11-openjdk-amd64/lib/libjimage.so
7f5ed8e6a000-7f5ed8e6d000 r-xp 00002000 08:30 134806                     /usr/lib/jvm/java-11-openjdk-amd64/lib/libjimage.so
7f5ed8e6d000-7f5ed8e6e000 r--p 00005000 08:30 134806                     /usr/lib/jvm/java-11-openjdk-amd64/lib/libjimage.so
7f5ed8e6e000-7f5ed8e6f000 ---p 00006000 08:30 134806                     /usr/lib/jvm/java-11-openjdk-amd64/lib/libjimage.so
7f5ed8e6f000-7f5ed8e70000 r--p 00006000 08:30 134806                     /usr/lib/jvm/java-11-openjdk-amd64/lib/libjimage.so
7f5ed8e70000-7f5ed8e71000 rw-p 00007000 08:30 134806                     /usr/lib/jvm/java-11-openjdk-amd64/lib/libjimage.so
7f5ed8e71000-7f5ed8e7f000 r--p 00000000 08:30 134803                     /usr/lib/jvm/java-11-openjdk-amd64/lib/libjava.so
7f5ed8e7f000-7f5ed8e95000 r-xp 0000e000 08:30 134803                     /usr/lib/jvm/java-11-openjdk-amd64/lib/libjava.so
7f5ed8e95000-7f5ed8e9c000 r--p 00024000 08:30 134803                     /usr/lib/jvm/java-11-openjdk-amd64/lib/libjava.so
7f5ed8e9c000-7f5ed8e9d000 r--p 0002a000 08:30 134803                     /usr/lib/jvm/java-11-openjdk-amd64/lib/libjava.so
7f5ed8e9d000-7f5ed8e9e000 rw-p 0002b000 08:30 134803                     /usr/lib/jvm/java-11-openjdk-amd64/lib/libjava.so
7f5ed8e9e000-7f5ed8e9f000 rw-p 00000000 00:00 0 
7f5ed8e9f000-7f5ed8ea0000 r--p 00000000 08:30 94039                      /usr/lib/x86_64-linux-gnu/librt.so.1
7f5ed8ea0000-7f5ed8ea1000 r-xp 00001000 08:30 94039                      /usr/lib/x86_64-linux-gnu/librt.so.1
7f5ed8ea1000-7f5ed8ea2000 r--p 00002000 08:30 94039                      /usr/lib/x86_64-linux-gnu/librt.so.1
7f5ed8ea2000-7f5ed8ea3000 r--p 00002000 08:30 94039                      /usr/lib/x86_64-linux-gnu/librt.so.1
7f5ed8ea3000-7f5ed8ea4000 rw-p 00003000 08:30 94039                      /usr/lib/x86_64-linux-gnu/librt.so.1
7f5ed8ea4000-7f5ed8ea7000 r--p 00000000 08:30 6709                       /usr/lib/x86_64-linux-gnu/libgcc_s.so.1
7f5ed8ea7000-7f5ed8ebe000 r-xp 00003000 08:30 6709                       /usr/lib/x86_64-linux-gnu/libgcc_s.so.1
7f5ed8ebe000-7f5ed8ec2000 r--p 0001a000 08:30 6709                       /usr/lib/x86_64-linux-gnu/libgcc_s.so.1
7f5ed8ec2000-7f5ed8ec3000 r--p 0001d000 08:30 6709                       /usr/lib/x86_64-linux-gnu/libgcc_s.so.1
7f5ed8ec3000-7f5ed8ec4000 rw-p 0001e000 08:30 6709                       /usr/lib/x86_64-linux-gnu/libgcc_s.so.1
7f5ed8ec4000-7f5ed8ed2000 r--p 00000000 08:30 94027                      /usr/lib/x86_64-linux-gnu/libm.so.6
7f5ed8ed2000-7f5ed8f4e000 r-xp 0000e000 08:30 94027                      /usr/lib/x86_64-linux-gnu/libm.so.6
7f5ed8f4e000-7f5ed8fa9000 r--p 0008a000 08:30 94027                      /usr/lib/x86_64-linux-gnu/libm.so.6
7f5ed8fa9000-7f5ed8faa000 r--p 000e4000 08:30 94027                      /usr/lib/x86_64-linux-gnu/libm.so.6
7f5ed8faa000-7f5ed8fab000 rw-p 000e5000 08:30 94027                      /usr/lib/x86_64-linux-gnu/libm.so.6
7f5ed8fab000-7f5ed8fae000 rw-p 00000000 00:00 0 
7f5ed8fae000-7f5ed8fb1000 r--p 00000000 08:30 134788                     /usr/lib/jvm/java-11-openjdk-amd64/lib/jli/libjli.so
7f5ed8fb1000-7f5ed8fbb000 r-xp 00003000 08:30 134788                     /usr/lib/jvm/java-11-openjdk-amd64/lib/jli/libjli.so
7f5ed8fbb000-7f5ed8fbe000 r--p 0000d000 08:30 134788                     /usr/lib/jvm/java-11-openjdk-amd64/lib/jli/libjli.so
7f5ed8fbe000-7f5ed8fbf000 ---p 00010000 08:30 134788                     /usr/lib/jvm/java-11-openjdk-amd64/lib/jli/libjli.so
7f5ed8fbf000-7f5ed8fc0000 r--p 00010000 08:30 134788                     /usr/lib/jvm/java-11-openjdk-amd64/lib/jli/libjli.so
7f5ed8fc0000-7f5ed8fc1000 rw-p 00011000 08:30 134788                     /usr/lib/jvm/java-11-openjdk-amd64/lib/jli/libjli.so
7f5ed8fc1000-7f5ed8fc3000 r--p 00000000 08:30 6997                       /usr/lib/x86_64-linux-gnu/libz.so.1.2.11
7f5ed8fc3000-7f5ed8fd4000 r-xp 00002000 08:30 6997                       /usr/lib/x86_64-linux-gnu/libz.so.1.2.11
7f5ed8fd4000-7f5ed8fda000 r--p 00013000 08:30 6997                       /usr/lib/x86_64-linux-gnu/libz.so.1.2.11
7f5ed8fda000-7f5ed8fdb000 ---p 00019000 08:30 6997                       /usr/lib/x86_64-linux-gnu/libz.so.1.2.11
7f5ed8fdb000-7f5ed8fdc000 r--p 00019000 08:30 6997                       /usr/lib/x86_64-linux-gnu/libz.so.1.2.11
7f5ed8fdc000-7f5ed8fdd000 rw-p 0001a000 08:30 6997                       /usr/lib/x86_64-linux-gnu/libz.so.1.2.11
7f5ed8fdd000-7f5ed8fde000 ---p 00000000 00:00 0 
7f5ed8fde000-7f5ed8fdf000 r--p 00000000 00:00 0 
7f5ed8fdf000-7f5ed8fe4000 r--p 00000000 08:30 134822                     /usr/lib/jvm/java-11-openjdk-amd64/lib/libverify.so
7f5ed8fe4000-7f5ed8feb000 r-xp 00005000 08:30 134822                     /usr/lib/jvm/java-11-openjdk-amd64/lib/libverify.so
7f5ed8feb000-7f5ed8fed000 r--p 0000c000 08:30 134822                     /usr/lib/jvm/java-11-openjdk-amd64/lib/libverify.so
7f5ed8fed000-7f5ed8fef000 r--p 0000d000 08:30 134822                     /usr/lib/jvm/java-11-openjdk-amd64/lib/libverify.so
7f5ed8fef000-7f5ed8ff0000 rw-p 0000f000 08:30 134822                     /usr/lib/jvm/java-11-openjdk-amd64/lib/libverify.so
7f5ed8ff0000-7f5ed8ff2000 rw-p 00000000 00:00 0 
7f5ed8ff2000-7f5ed8ff4000 r--p 00000000 08:30 94020                      /usr/lib/x86_64-linux-gnu/ld-linux-x86-64.so.2
7f5ed8ff4000-7f5ed901e000 r-xp 00002000 08:30 94020                      /usr/lib/x86_64-linux-gnu/ld-linux-x86-64.so.2
7f5ed901e000-7f5ed9029000 r--p 0002c000 08:30 94020                      /usr/lib/x86_64-linux-gnu/ld-linux-x86-64.so.2
7f5ed902a000-7f5ed902c000 r--p 00037000 08:30 94020                      /usr/lib/x86_64-linux-gnu/ld-linux-x86-64.so.2
7f5ed902c000-7f5ed902e000 rw-p 00039000 08:30 94020                      /usr/lib/x86_64-linux-gnu/ld-linux-x86-64.so.2
7ffddd99d000-7ffddd9bf000 rw-p 00000000 00:00 0                          [stack]
7ffddd9e9000-7ffddd9ed000 r--p 00000000 00:00 0                          [vvar]
7ffddd9ed000-7ffddd9ef000 r-xp 00000000 00:00 0                          [vdso]


VM Arguments:
java_command: Main tests/develop_test/quicksort.sysy tests/develop_test/quicksort.ll
java_class_path (initial): ./classes:/usr/local/lib/antlr-4.9.1-complete.jar:/usr/local/lib/llvm-13.0.1-1.5.7.jar:/usr/local/lib/llvm-13.0.1-1.5.7-linux-x86_64.jar:/usr/local/lib/llvm-platform-13.0.1-1.5.7.jar:/usr/local/lib/javacpp-1.5.7-linux-x86_64.jar:/usr/local/lib/javacpp-1.5.7.jar
Launcher Type: SUN_STANDARD

[Global flags]
     intx CICompilerCount                          = 12                                        {product} {ergonomic}
     uint ConcGCThreads                            = 4                                         {product} {ergonomic}
     uint G1ConcRefinementThreads                  = 15                                        {product} {ergonomic}
   size_t G1HeapRegionSize                         = 1048576                                   {product} {ergonomic}
    uintx GCDrainStackTargetSize                   = 64                                        {product} {ergonomic}
   size_t InitialHeapSize                          = 260046848                                 {product} {ergonomic}
   size_t MarkStackSize                            = 4194304                                   {product} {ergonomic}
   size_t MaxHeapSize                              = 4148166656                                {product} {ergonomic}
   size_t MaxNewSize                               = 2488270848                                {product} {ergonomic}
   size_t MinHeapDeltaBytes                        = 1048576                                   {product} {ergonomic}
    uintx NonNMethodCodeHeapSize                   = 7594288                                {pd product} {ergonomic}
    uintx NonProfiledCodeHeapSize                  = 122031976                              {pd product} {ergonomic}
    uintx ProfiledCodeHeapSize                     = 122031976                              {pd product} {ergonomic}
    uintx ReservedCodeCacheSize                    = 251658240                              {pd product} {ergonomic}
     bool SegmentedCodeCache                       = true                                      {product} {ergonomic}
     bool UseCompressedClassPointers               = true                                 {lp64_product} {ergonomic}
     bool UseCompressedOops                        = true                                 {lp64_product} {ergonomic}
     bool UseG1GC                                  = true                                      {product} {ergonomic}

Logging:
Log output configuration:
 #0: stdout all=warning uptime,level,tags
 #1: stderr all=off uptime,level,tags

Environment Variables:
CLASSPATH=/usr/local/lib/antlr-4.9.1-complete.jar:/usr/local/lib/llvm-13.0.1-1.5.7.jar:/usr/local/lib/llvm-13.0.1-1.5.7-linux-x86_64.jar:/usr/local/lib/llvm-platform-13.0.1-1.5.7.jar:/usr/local/lib/javacpp-1.5.7-linux-x86_64.jar:/usr/local/lib/javacpp-1.5.7.jar
PATH=/home/crz/.local/bin:/home/crz/.cargo/bin:/home/crz/.local/bin:~/my_script:/usr/local/sbin:/usr/local/bin:/usr/sbin:/usr/bin:/sbin:/bin:/usr/games:/usr/local/games:/usr/lib/wsl/lib:/mnt/c/Program Files/Java/jdk-21/bin:/mnt/c/Program Files/Common Files/Oracle/Java/javapath:/mnt/e/vmware/bin/:/mnt/c/Program Files (x86)/Common Files/Oracle/Java/java8path:/mnt/c/Program Files (x86)/Common Files/Oracle/Java/javapath:/mnt/c/Windows/system32:/mnt/c/Windows:/mnt/c/Windows/System32/Wbem:/mnt/c/Windows/System32/WindowsPowerShell/v1.0/:/mnt/c/Windows/System32/OpenSSH/:/mnt/c/Users/crz/Downloads/winlibs-x86_64-posix-seh-gcc-12.3.0-llvm-16.0.4-mingw-w64ucrt-11.0.0-r1.zip/mingw64/bin:/mnt/d/mingw64/bin:/mnt/d/Git/cmd:/mnt/c/Program Files/dotnet/:/mnt/e/SDL-CPLproj/SDL2/mingw(CLion+VSC)/SDL2-2.26.0-allinone/x86_64-w64-mingw32/bin:/mnt/c/Program Files/Cloudflare/Cloudflare WARP/:/mnt/c/Users/crz/AppData/Local/Programs/Python/Python311/Lib/site-packages/pyecharts:/mnt/c/Program Files/MATLAB/R2023a/runtime/win64:/mnt/c/Program Files/MATLAB/R2023a/bin:/mnt/c/Program Files/gs/gs10.03.1/bin:/mnt/e/:/mnt/e/bitvise-ssh:/mnt/d/:/mnt/c/ProgramData/chocolatey/bin:/mnt/c/Program Files/MySQL/MySQL Server 8.0/bin:/mnt/c/Program Files/MySQL/MySQL Shell 8.0/bin/:/mnt/e/anaconda3:/mnt/e/anaconda3/Library/mingw-w64/bin:/mnt/e/anaconda3/Library/usr/bin:/mnt/e/anaconda3/Library/bin:/mnt/e/anaconda3/Scripts:/mnt/c/Users/crz/AppData/Local/Microsoft/WindowsApps:/mnt/c/Users/crz/Downloads/winlibs-x86_64-posix-seh-gcc-12.3.0-llvm-16.0.4-mingw-w64ucrt-11.0.0-r1.zip/mingw64/bin:/mnt/d/mingw64/bin:/mnt/e/Microsoft VS Code/bin:/mnt/e/CLion 2022.3/bin:/mnt/c/Users/crz/AppData/Local/JetBrains/Toolbox/scripts:/mnt/d/PyCharm 2023.3.4/bin:/mnt/d/IntelliJ IDEA 2023.3.4/bin:/mnt/c/Users/crz/anaconda3/Lib/site-packages:/mnt/d/texlive/2024/bin/windows:/mnt/c/Users/crz/AppData/Roaming/npm:/mnt/d/:/mnt/d/WebStorm 2024.3.2.1/bin:/snap/bin:/mnt/c/Users/crz/AppData/Local/Programs/Microsoft VS Code/bin:/mnt/e/Microsoft\ V
SHELL=/bin/bash
DISPLAY=:0.0
HOSTTYPE=x86_64
LANG=en_US.UTF-8
LC_ALL=en_US.UTF-8
TERM=xterm-256color

Signal Handlers:
SIGSEGV: [libjvm.so+0xebbd40], sa_mask[0]=11111111011111111101111111111110, sa_flags=SA_RESTART|SA_SIGINFO
SIGBUS: [libjvm.so+0xebbd40], sa_mask[0]=11111111011111111101111111111110, sa_flags=SA_RESTART|SA_SIGINFO
SIGFPE: [libjvm.so+0xebbd40], sa_mask[0]=11111111011111111101111111111110, sa_flags=SA_RESTART|SA_SIGINFO
SIGPIPE: [libjvm.so+0xbfe040], sa_mask[0]=11111111011111111101111111111110, sa_flags=SA_RESTART|SA_SIGINFO
SIGXFSZ: [libjvm.so+0xbfe040], sa_mask[0]=11111111011111111101111111111110, sa_flags=SA_RESTART|SA_SIGINFO
SIGILL: [libjvm.so+0xebbd40], sa_mask[0]=11111111011111111101111111111110, sa_flags=SA_RESTART|SA_SIGINFO
SIGUSR2: [libjvm.so+0xbfdee0], sa_mask[0]=00000000000000000000000000000000, sa_flags=SA_RESTART|SA_SIGINFO
SIGHUP: [libjvm.so+0xbfe6a0], sa_mask[0]=11111111011111111101111111111110, sa_flags=SA_RESTART|SA_SIGINFO
SIGINT: [libjvm.so+0xbfe6a0], sa_mask[0]=11111111011111111101111111111110, sa_flags=SA_RESTART|SA_SIGINFO
SIGTERM: [libjvm.so+0xbfe6a0], sa_mask[0]=11111111011111111101111111111110, sa_flags=SA_RESTART|SA_SIGINFO
SIGQUIT: [libjvm.so+0xbfe6a0], sa_mask[0]=11111111011111111101111111111110, sa_flags=SA_RESTART|SA_SIGINFO


---------------  S Y S T E M  ---------------

OS:DISTRIB_ID=Ubuntu
DISTRIB_RELEASE=22.04
DISTRIB_CODENAME=jammy
DISTRIB_DESCRIPTION="Ubuntu 22.04.5 LTS"
uname:Linux 6.6.87.2-microsoft-standard-WSL2 #1 SMP PREEMPT_DYNAMIC Thu Jun  5 18:30:46 UTC 2025 x86_64
OS uptime: 0 days 8:46 hours
libc:glibc 2.35 NPTL 2.35 
rlimit (soft/hard): STACK 8192k/infinity , CORE 0k/infinity , NPROC 63245/63245 , NOFILE 1048576/1048576 , AS infinity/infinity , CPU infinity/infinity , DATA infinity/infinity , FSIZE infinity/infinity , MEMLOCK 65536k/65536k
load average:1.06 1.48 1.23

/proc/meminfo:
MemTotal:       16200872 kB
MemFree:        11818328 kB
MemAvailable:   13136636 kB
Buffers:           26324 kB
Cached:          1463260 kB
SwapCached:            0 kB
Active:           521164 kB
Inactive:        3346476 kB
Active(anon):       2744 kB
Inactive(anon):  2417424 kB
Active(file):     518420 kB
Inactive(file):   929052 kB
Unevictable:           0 kB
Mlocked:               0 kB
SwapTotal:       4194304 kB
SwapFree:        4194304 kB
Dirty:                48 kB
Writeback:             0 kB
AnonPages:       2378260 kB
Mapped:          1008744 kB
Shmem:             42112 kB
KReclaimable:     114908 kB
Slab:             221788 kB
SReclaimable:     114908 kB
SUnreclaim:       106880 kB
KernelStack:       11232 kB
PageTables:        16996 kB
SecPageTables:         0 kB
NFS_Unstable:          0 kB
Bounce:                0 kB
WritebackTmp:          0 kB
CommitLimit:    12294740 kB
Committed_AS:    4819392 kB
VmallocTotal:   34359738367 kB
VmallocUsed:       40404 kB
VmallocChunk:          0 kB
Percpu:            14688 kB
HardwareCorrupted:     0 kB
AnonHugePages:         0 kB
ShmemHugePages:        0 kB
ShmemPmdMapped:        0 kB
FileHugePages:         0 kB
FilePmdMapped:         0 kB
Unaccepted:            0 kB
HugePages_Total:       0
HugePages_Free:        0
HugePages_Rsvd:        0
HugePages_Surp:        0
Hugepagesize:       2048 kB
Hugetlb:               0 kB
DirectMap4k:      132096 kB
DirectMap2M:    12273664 kB
DirectMap1G:    12582912 kB

/sys/kernel/mm/transparent_hugepage/enabled:
always [madvise] never
/sys/kernel/mm/transparent_hugepage/defrag (defrag/compaction efforts parameter):
always defer defer+madvise [madvise] never

Process Memory:
Virtual Size: 7214288K (peak: 15576112K)
Resident Set Size: 120580K (peak: 121400K) (anon: 62272K, file: 58308K, shmem: 0K)
Swapped out: 0K
C-Heap outstanding allocations: 60519K, retained: 3016K
glibc malloc tunables: (default)

/proc/sys/kernel/threads-max (system-wide limit on the number of threads):
126491
/proc/sys/vm/max_map_count (maximum number of memory map areas a process may have):
65530
/proc/sys/kernel/pid_max (system-wide limit on number of process identifiers):
4194304

container (cgroup) information:
container_type: cgroupv2
cpu_cpuset_cpus: not supported
cpu_memory_nodes: not supported
active_processor_count: 20
cpu_quota: not supported
cpu_period: not supported
cpu_shares: not supported
memory_limit_in_bytes: not supported
memory_and_swap_limit_in_bytes: not supported
memory_soft_limit_in_bytes: not supported
memory_usage_in_bytes: not supported
memory_max_usage_in_bytes: not supported
memory_swap_current_in_bytes: not supported
memory_swap_max_limit_in_bytes: not supported
maximum number of tasks: not supported
current number of tasks: not supported

Hyper-V virtualization detected
Steal ticks since vm start: 0
Steal ticks percentage since vm start:  0.000

CPU:total 20 (initial active 20) (16 cores per cpu, 2 threads per core) family 6 model 186 stepping 2 microcode 0xffffffff, cmov, cx8, fxsr, mmx, sse, sse2, sse3, ssse3, sse4.1, sse4.2, popcnt, avx, avx2, aes, clmul, erms, 3dnowpref, lzcnt, ht, tsc, tscinvbit, bmi1, bmi2, adx, sha, fma
CPU Model and flags from /proc/cpuinfo:
model name	: 13th Gen Intel(R) Core(TM) i9-13900H
flags		: fpu vme de pse tsc msr pae mce cx8 apic sep mtrr pge mca cmov pat pse36 clflush mmx fxsr sse sse2 ss ht syscall nx pdpe1gb rdtscp lm constant_tsc rep_good nopl xtopology tsc_reliable nonstop_tsc cpuid tsc_known_freq pni pclmulqdq vmx ssse3 fma cx16 pcid sse4_1 sse4_2 x2apic movbe popcnt tsc_deadline_timer aes xsave avx f16c rdrand hypervisor lahf_lm abm 3dnowprefetch ssbd ibrs ibpb stibp ibrs_enhanced tpr_shadow ept vpid ept_ad fsgsbase tsc_adjust bmi1 avx2 smep bmi2 erms invpcid rdseed adx smap clflushopt clwb sha_ni xsaveopt xsavec xgetbv1 xsaves avx_vnni vnmi umip waitpkg gfni vaes vpclmulqdq rdpid movdiri movdir64b fsrm md_clear serialize flush_l1d arch_capabilities
Online cpus:
0-19
Offline cpus:

BIOS frequency limitation:
<Not Available>
Frequency switch latency (ns):
<Not Available>
Available cpu frequencies:
<Not Available>
Current governor:
<Not Available>
Core performance/turbo boost:
<Not Available>

Memory: 4k page, physical 16200872k(11818328k free), swap 4194304k(4194304k free)

vm_info: OpenJDK 64-Bit Server VM (11.0.27+6-post-Ubuntu-0ubuntu122.04) for linux-amd64 JRE (11.0.27+6-post-Ubuntu-0ubuntu122.04), built on Apr 21 2025 05:59:45 by "unknown" with gcc 11.4.0

END.
