#
# A fatal error has been detected by the Java Runtime Environment:
#
#  SIGSEGV (0xb) at pc=0x00007f834a0d407e, pid=37515, tid=37516
#
# JRE version: OpenJDK Runtime Environment (11.0.27+6) (build 11.0.27+6-post-Ubuntu-0ubuntu122.04)
# Java VM: OpenJDK 64-Bit Server VM (11.0.27+6-post-Ubuntu-0ubuntu122.04, mixed mode, sharing, tiered, compressed oops, g1 gc, linux-amd64)
# Problematic frame:
# C  [libLLVM-13.so+0xba807e]  (anonymous namespace)::TypePrinting::print(llvm::Type*, llvm::raw_ostream&)+0x1e
#
# Core dump will be written. Default location: Core dumps may be processed with "/wsl-capture-crash %t %E %p %s" (or dumping to /home/crz/compilers/Lab/core.37515)
#
# If you would like to submit a bug report, please visit:
#   https://bugs.launchpad.net/ubuntu/+source/openjdk-lts
# The crash happened outside the Java Virtual Machine in native code.
# See problematic frame for where to report the bug.
#

---------------  S U M M A R Y ------------

Command Line: Main tests/lab6_test/aa_runtimeerror_test.sysy tests/lab6_test/aa_runtimeerror_test.ll

Host: 13th Gen Intel(R) Core(TM) i9-13900H, 20 cores, 15G, Ubuntu 22.04.5 LTS
Time: Thu May 22 13:46:33 2025 CST elapsed time: 0.231209 seconds (0d 0h 0m 0s)

---------------  T H R E A D  ---------------

Current thread (0x00007f83c8015800):  JavaThread "main" [_thread_in_native, id=37516, stack(0x00007f83cce8d000,0x00007f83ccf8d000)]

Stack: [0x00007f83cce8d000,0x00007f83ccf8d000],  sp=0x00007f83ccf8af10,  free space=1015k
Native frames: (J=compiled Java code, A=aot compiled Java code, j=interpreted, Vv=VM code, C=native code)
C  [libLLVM-13.so+0xba807e]  (anonymous namespace)::TypePrinting::print(llvm::Type*, llvm::raw_ostream&)+0x1e

Java frames: (J=compiled Java code, j=interpreted, Vv=VM code)
J 1071  org.bytedeco.llvm.global.LLVM.LLVMPrintValueToString(Lorg/bytedeco/llvm/LLVM/LLVMValueRef;)Lorg/bytedeco/javacpp/BytePointer; (0 bytes) @ 0x00007f83b83aa59f [0x00007f83b83aa540+0x000000000000005f]
j  LLVMIROptimization.buildgraph()V+330
j  LLVMIROptimization.simplifySingleInstructionBlocks()Z+364
j  LLVMIROptimization.elem_dead_code()Z+225
j  Main.main([Ljava/lang/String;)V+219
v  ~StubRoutines::call_stub

siginfo: si_signo: 11 (SIGSEGV), si_code: 1 (SEGV_MAPERR), si_addr: 0x00007f84307a3283

Register to memory mapping:

RAX=0x00007f83ccf8b050 is pointing into the stack for thread: 0x00007f83c8015800
RBX=0x00007f83ccf8b230 is pointing into the stack for thread: 0x00007f83c8015800
RCX=0x00007f834d821e2c: <offset 0x00000000042f5e2c> in /home/crz/.javacpp/cache/llvm-13.0.1-1.5.7-linux-x86_64.jar/org/bytedeco/llvm/linux-x86_64/libLLVM-13.so at 0x00007f834952c000
RDX=0x00007f834d823f30: <offset 0x00000000042f7f30> in /home/crz/.javacpp/cache/llvm-13.0.1-1.5.7-linux-x86_64.jar/org/bytedeco/llvm/linux-x86_64/libLLVM-13.so at 0x00007f834952c000
RSP=0x00007f83ccf8af10 is pointing into the stack for thread: 0x00007f83c8015800
RBP=0x00007f83ccf8b050 is pointing into the stack for thread: 0x00007f83c8015800
RSI=0x00007f84307a327b is an unknown value
RDI=0x00007f83ccf8b258 is pointing into the stack for thread: 0x00007f83c8015800
R8 =0x00007f83c846ccb0 points into unknown readable memory: 0x00007f84307a709c | 9c 70 7a 30 84 7f 00 00
R9 =0x00007f83c8457b98 points into unknown readable memory: 0x00007f83c846ff70 | 70 ff 46 c8 83 7f 00 00
R10=0x00000000000000ff is an unknown value
R11=0x94f710fd34a7b000 is an unknown value
R12=0x00007f84307a327b is an unknown value
R13=0x00007f83ccf8b258 is pointing into the stack for thread: 0x00007f83c8015800
R14=0x00007f83ccf8b0d0 is pointing into the stack for thread: 0x00007f83c8015800
R15=0x00007f83c846c030 points into unknown readable memory: 0x00007f83c8457ff8 | f8 7f 45 c8 83 7f 00 00


Registers:
RAX=0x00007f83ccf8b050, RBX=0x00007f83ccf8b230, RCX=0x00007f834d821e2c, RDX=0x00007f834d823f30
RSP=0x00007f83ccf8af10, RBP=0x00007f83ccf8b050, RSI=0x00007f84307a327b, RDI=0x00007f83ccf8b258
R8 =0x00007f83c846ccb0, R9 =0x00007f83c8457b98, R10=0x00000000000000ff, R11=0x94f710fd34a7b000
R12=0x00007f84307a327b, R13=0x00007f83ccf8b258, R14=0x00007f83ccf8b0d0, R15=0x00007f83c846c030
RIP=0x00007f834a0d407e, EFLAGS=0x0000000000010202, CSGSFS=0x002b000000000033, ERR=0x0000000000000004
  TRAPNO=0x000000000000000e

Top of Stack: (sp=0x00007f83ccf8af10)
0x00007f83ccf8af10:   00007f83ccf8b0d0 00007f254a0d2ccd
0x00007f83ccf8af20:   0000000716923698 00007f83ccf8b230
0x00007f83ccf8af30:   00007f83c846bc00 00007f83ccf8b258
0x00007f83ccf8af40:   00007f83ccf8b230 00007f83ccf8b0d0 

Instructions: (pc=0x00007f834a0d407e)
0x00007f834a0d3f7e:   4c 01 c8 48 8b 30 48 39 f5 0f 84 ff fe ff ff 48
0x00007f834a0d3f8e:   81 fe 00 f0 ff ff 74 86 4d 85 d2 75 0b 48 81 fe
0x00007f834a0d3f9e:   00 e0 ff ff 4c 0f 44 d0 44 01 da 41 8d 43 01 44
0x00007f834a0d3fae:   21 c2 89 44 24 14 89 d0 48 c1 e0 04 4c 01 c8 48
0x00007f834a0d3fbe:   8b 30 48 39 f5 0f 84 c3 fe ff ff 44 8b 5c 24 14
0x00007f834a0d3fce:   eb bd 4d 85 db 75 0b 48 81 ff 00 e0 ff ff 4c 0f
0x00007f834a0d3fde:   44 d8 8b 44 24 14 41 01 c0 8d 78 01 45 21 d0 41
0x00007f834a0d3fee:   89 f9 44 89 c0 48 c1 e0 04 48 03 44 24 18 48 8b
0x00007f834a0d3ffe:   38 48 39 fd 0f 84 f8 fd ff ff 44 89 4c 24 14 e9
0x00007f834a0d400e:   2f fe ff ff 41 89 7c 24 78 e9 84 fe ff ff 48 81
0x00007f834a0d401e:   fe 00 e0 ff ff 75 07 4d 85 d2 4c 0f 44 d0 44 01
0x00007f834a0d402e:   da 41 8d 43 01 44 21 c2 89 44 24 14 89 d0 48 c1
0x00007f834a0d403e:   e0 04 4c 01 c8 48 8b 30 48 39 f5 0f 84 3d fe ff
0x00007f834a0d404e:   ff 44 8b 5c 24 14 e9 b6 fe ff ff 0f 1f 80 00 00
0x00007f834a0d405e:   00 00 41 57 41 56 41 55 49 89 fd 41 54 49 89 f4
0x00007f834a0d406e:   55 48 89 d5 48 8d 15 b7 fe 74 03 53 48 83 ec 18
0x00007f834a0d407e:   0f b6 46 08 48 89 c1 48 63 04 82 48 01 d0 ff e0
0x00007f834a0d408e:   66 90 8b 5e 20 48 89 ef 48 8d 35 4b fe 86 03 80
0x00007f834a0d409e:   f9 13 75 0f e8 a9 e9 ee ff 48 8d 35 ca 87 74 03
0x00007f834a0d40ae:   48 89 ef e8 9a e9 ee ff 89 de 48 89 ef e8 10 79
0x00007f834a0d40be:   fc ff 48 8d 35 b7 87 74 03 48 89 c7 e8 81 e9 ee
0x00007f834a0d40ce:   ff 49 8b 74 24 18 48 89 ea 4c 89 ef e8 81 ff ff
0x00007f834a0d40de:   ff 48 8b 45 20 48 3b 45 18 0f 83 43 04 00 00 48
0x00007f834a0d40ee:   8d 50 01 48 89 55 20 c6 00 3e eb 15 66 0f 1f 44
0x00007f834a0d40fe:   00 00 48 8d 35 3a 79 7a 03 48 89 ef e8 41 e9 ee
0x00007f834a0d410e:   ff 48 83 c4 18 5b 5d 41 5c 41 5d 41 5e 41 5f c3
0x00007f834a0d411e:   66 90 48 8d 35 d6 fd 74 03 48 89 ef e8 21 e9 ee
0x00007f834a0d412e:   ff eb de 0f 1f 80 00 00 00 00 48 8d 35 ee 7b 8f
0x00007f834a0d413e:   04 48 89 ef e8 09 e9 ee ff eb c6 0f 1f 80 00 00
0x00007f834a0d414e:   00 00 48 8d 35 e4 7b 8f 04 48 89 ef e8 f1 e8 ee
0x00007f834a0d415e:   ff eb ae 0f 1f 80 00 00 00 00 48 8d 35 95 fd 74
0x00007f834a0d416e:   03 48 89 ef e8 d9 e8 ee ff eb 96 0f 1f 80 00 00 


Stack slot to memory mapping:
stack at sp + 0 slots: 0x00007f83ccf8b0d0 is pointing into the stack for thread: 0x00007f83c8015800
stack at sp + 1 slots: 0x00007f254a0d2ccd is an unknown value
stack at sp + 2 slots: 0x0000000716923698 points into unknown readable memory: 0x000000000000000d | 0d 00 00 00 00 00 00 00
stack at sp + 3 slots: 0x00007f83ccf8b230 is pointing into the stack for thread: 0x00007f83c8015800
stack at sp + 4 slots: 0x00007f83c846bc00 points into unknown readable memory: 0x00007f84307a327b | 7b 32 7a 30 84 7f 00 00
stack at sp + 5 slots: 0x00007f83ccf8b258 is pointing into the stack for thread: 0x00007f83c8015800
stack at sp + 6 slots: 0x00007f83ccf8b230 is pointing into the stack for thread: 0x00007f83c8015800
stack at sp + 7 slots: 0x00007f83ccf8b0d0 is pointing into the stack for thread: 0x00007f83c8015800


---------------  P R O C E S S  ---------------

Threads class SMR info:
_java_thread_list=0x00007f836c146510, length=14, elements={
0x00007f83c8015800, 0x00007f83c81ec000, 0x00007f83c81ee800, 0x00007f83c81f4000,
0x00007f83c81f6000, 0x00007f83c81f8000, 0x00007f83c81fa000, 0x00007f83c81fc000,
0x00007f83700ae000, 0x00007f83c822f000, 0x00007f83c83bd800, 0x00007f8374273800,
0x00007f836c13d000, 0x00007f836c145000
}

Java Threads: ( => current thread )
=>0x00007f83c8015800 JavaThread "main" [_thread_in_native, id=37516, stack(0x00007f83cce8d000,0x00007f83ccf8d000)]
  0x00007f83c81ec000 JavaThread "Reference Handler" daemon [_thread_blocked, id=37523, stack(0x00007f839b079000,0x00007f839b179000)]
  0x00007f83c81ee800 JavaThread "Finalizer" daemon [_thread_blocked, id=37524, stack(0x00007f839af79000,0x00007f839b079000)]
  0x00007f83c81f4000 JavaThread "Signal Dispatcher" daemon [_thread_blocked, id=37525, stack(0x00007f839a88c000,0x00007f839a98c000)]
  0x00007f83c81f6000 JavaThread "Service Thread" daemon [_thread_blocked, id=37526, stack(0x00007f839a78c000,0x00007f839a88c000)]
  0x00007f83c81f8000 JavaThread "C2 CompilerThread0" daemon [_thread_blocked, id=37527, stack(0x00007f839a68c000,0x00007f839a78c000)]
  0x00007f83c81fa000 JavaThread "C1 CompilerThread0" daemon [_thread_blocked, id=37528, stack(0x00007f839a58c000,0x00007f839a68c000)]
  0x00007f83c81fc000 JavaThread "Sweeper thread" daemon [_thread_blocked, id=37529, stack(0x00007f839a48c000,0x00007f839a58c000)]
  0x00007f83700ae000 JavaThread "C1 CompilerThread1" daemon [_thread_blocked, id=37530, stack(0x00007f839a38c000,0x00007f839a48c000)]
  0x00007f83c822f000 JavaThread "Common-Cleaner" daemon [_thread_blocked, id=37532, stack(0x00007f839a18b000,0x00007f839a28b000)]
  0x00007f83c83bd800 JavaThread "JavaCPP Deallocator" daemon [_thread_blocked, id=37533, stack(0x00007f839a05a000,0x00007f839a15a000)]
  0x00007f8374273800 JavaThread "C2 CompilerThread1" daemon [_thread_blocked, id=37534, stack(0x00007f8399f5a000,0x00007f839a05a000)]
  0x00007f836c13d000 JavaThread "C2 CompilerThread2" daemon [_thread_in_native, id=37535, stack(0x00007f8399e5a000,0x00007f8399f5a000)]
  0x00007f836c145000 JavaThread "C1 CompilerThread2" daemon [_thread_blocked, id=37536, stack(0x00007f8399c41000,0x00007f8399d41000)]

Other Threads:
  0x00007f83c81e9800 VMThread "VM Thread" [stack: 0x00007f839b17a000,0x00007f839b27a000] [id=37522]
  0x00007f83c822d000 WatcherThread [stack: 0x00007f839a28c000,0x00007f839a38c000] [id=37531]
  0x00007f83c802f800 GCTaskThread "GC Thread#0" [stack: 0x00007f83ccb5d000,0x00007f83ccc5d000] [id=37517]
  0x00007f838c001000 GCTaskThread "GC Thread#1" [stack: 0x00007f8399a20000,0x00007f8399b20000] [id=37537]
  0x00007f838c002800 GCTaskThread "GC Thread#2" [stack: 0x00007f839991f000,0x00007f8399a1f000] [id=37538]
  0x00007f838c004000 GCTaskThread "GC Thread#3" [stack: 0x00007f839981e000,0x00007f839991e000] [id=37539]
  0x00007f838c006000 GCTaskThread "GC Thread#4" [stack: 0x00007f839971d000,0x00007f839981d000] [id=37540]
  0x00007f838c007800 GCTaskThread "GC Thread#5" [stack: 0x00007f839961c000,0x00007f839971c000] [id=37541]
  0x00007f83c808d800 ConcurrentGCThread "G1 Main Marker" [stack: 0x00007f83b00c4000,0x00007f83b01c4000] [id=37518]
  0x00007f83c808f800 ConcurrentGCThread "G1 Conc#0" [stack: 0x00007f83a2c1f000,0x00007f83a2d1f000] [id=37519]
  0x00007f83c81ab000 ConcurrentGCThread "G1 Refine#0" [stack: 0x00007f839bbfd000,0x00007f839bcfd000] [id=37520]
  0x00007f83c81ac800 ConcurrentGCThread "G1 Young RemSet Sampling" [stack: 0x00007f839bafc000,0x00007f839bbfc000] [id=37521]

Threads with active compile tasks:
C2 CompilerThread2      233 1039 %     4       LLVMIROptimization::constprop @ 407 (3369 bytes)

VM state:not at safepoint (normal execution)

VM Mutex/Monitor currently owned by a thread: None

Heap address: 0x0000000708a00000, size: 3958 MB, Compressed Oops mode: Zero based, Oop shift amount: 3
Narrow klass base: 0x0000000800000000, Narrow klass shift: 3
Compressed class space size: 1073741824 Address: 0x0000000840000000

Heap:
 garbage-first heap   total 256000K, used 7717K [0x0000000708a00000, 0x0000000800000000)
  region size 1024K, 8 young (8192K), 3 survivors (3072K)
 Metaspace       used 3958K, capacity 6735K, committed 6912K, reserved 1056768K
  class space    used 397K, capacity 688K, committed 768K, reserved 1048576K
Heap Regions: E=young(eden), S=young(survivor), O=old, HS=humongous(starts), HC=humongous(continues), CS=collection set, F=free, A=archive, TAMS=top-at-mark-start (previous, next)
|   0|0x0000000708a00000, 0x0000000708a00000, 0x0000000708b00000|  0%| F|  |TAMS 0x0000000708a00000, 0x0000000708a00000| Untracked 
|   1|0x0000000708b00000, 0x0000000708b00000, 0x0000000708c00000|  0%| F|  |TAMS 0x0000000708b00000, 0x0000000708b00000| Untracked 
|   2|0x0000000708c00000, 0x0000000708c00000, 0x0000000708d00000|  0%| F|  |TAMS 0x0000000708c00000, 0x0000000708c00000| Untracked 
|   3|0x0000000708d00000, 0x0000000708d00000, 0x0000000708e00000|  0%| F|  |TAMS 0x0000000708d00000, 0x0000000708d00000| Untracked 
|   4|0x0000000708e00000, 0x0000000708e00000, 0x0000000708f00000|  0%| F|  |TAMS 0x0000000708e00000, 0x0000000708e00000| Untracked 
|   5|0x0000000708f00000, 0x0000000708f00000, 0x0000000709000000|  0%| F|  |TAMS 0x0000000708f00000, 0x0000000708f00000| Untracked 
|   6|0x0000000709000000, 0x0000000709000000, 0x0000000709100000|  0%| F|  |TAMS 0x0000000709000000, 0x0000000709000000| Untracked 
|   7|0x0000000709100000, 0x0000000709100000, 0x0000000709200000|  0%| F|  |TAMS 0x0000000709100000, 0x0000000709100000| Untracked 
|   8|0x0000000709200000, 0x0000000709200000, 0x0000000709300000|  0%| F|  |TAMS 0x0000000709200000, 0x0000000709200000| Untracked 
|   9|0x0000000709300000, 0x0000000709300000, 0x0000000709400000|  0%| F|  |TAMS 0x0000000709300000, 0x0000000709300000| Untracked 
|  10|0x0000000709400000, 0x0000000709400000, 0x0000000709500000|  0%| F|  |TAMS 0x0000000709400000, 0x0000000709400000| Untracked 
|  11|0x0000000709500000, 0x0000000709500000, 0x0000000709600000|  0%| F|  |TAMS 0x0000000709500000, 0x0000000709500000| Untracked 
|  12|0x0000000709600000, 0x0000000709600000, 0x0000000709700000|  0%| F|  |TAMS 0x0000000709600000, 0x0000000709600000| Untracked 
|  13|0x0000000709700000, 0x0000000709700000, 0x0000000709800000|  0%| F|  |TAMS 0x0000000709700000, 0x0000000709700000| Untracked 
|  14|0x0000000709800000, 0x0000000709800000, 0x0000000709900000|  0%| F|  |TAMS 0x0000000709800000, 0x0000000709800000| Untracked 
|  15|0x0000000709900000, 0x0000000709900000, 0x0000000709a00000|  0%| F|  |TAMS 0x0000000709900000, 0x0000000709900000| Untracked 
|  16|0x0000000709a00000, 0x0000000709a00000, 0x0000000709b00000|  0%| F|  |TAMS 0x0000000709a00000, 0x0000000709a00000| Untracked 
|  17|0x0000000709b00000, 0x0000000709b00000, 0x0000000709c00000|  0%| F|  |TAMS 0x0000000709b00000, 0x0000000709b00000| Untracked 
|  18|0x0000000709c00000, 0x0000000709c00000, 0x0000000709d00000|  0%| F|  |TAMS 0x0000000709c00000, 0x0000000709c00000| Untracked 
|  19|0x0000000709d00000, 0x0000000709d00000, 0x0000000709e00000|  0%| F|  |TAMS 0x0000000709d00000, 0x0000000709d00000| Untracked 
|  20|0x0000000709e00000, 0x0000000709e00000, 0x0000000709f00000|  0%| F|  |TAMS 0x0000000709e00000, 0x0000000709e00000| Untracked 
|  21|0x0000000709f00000, 0x0000000709f00000, 0x000000070a000000|  0%| F|  |TAMS 0x0000000709f00000, 0x0000000709f00000| Untracked 
|  22|0x000000070a000000, 0x000000070a000000, 0x000000070a100000|  0%| F|  |TAMS 0x000000070a000000, 0x000000070a000000| Untracked 
|  23|0x000000070a100000, 0x000000070a100000, 0x000000070a200000|  0%| F|  |TAMS 0x000000070a100000, 0x000000070a100000| Untracked 
|  24|0x000000070a200000, 0x000000070a200000, 0x000000070a300000|  0%| F|  |TAMS 0x000000070a200000, 0x000000070a200000| Untracked 
|  25|0x000000070a300000, 0x000000070a300000, 0x000000070a400000|  0%| F|  |TAMS 0x000000070a300000, 0x000000070a300000| Untracked 
|  26|0x000000070a400000, 0x000000070a400000, 0x000000070a500000|  0%| F|  |TAMS 0x000000070a400000, 0x000000070a400000| Untracked 
|  27|0x000000070a500000, 0x000000070a500000, 0x000000070a600000|  0%| F|  |TAMS 0x000000070a500000, 0x000000070a500000| Untracked 
|  28|0x000000070a600000, 0x000000070a600000, 0x000000070a700000|  0%| F|  |TAMS 0x000000070a600000, 0x000000070a600000| Untracked 
|  29|0x000000070a700000, 0x000000070a700000, 0x000000070a800000|  0%| F|  |TAMS 0x000000070a700000, 0x000000070a700000| Untracked 
|  30|0x000000070a800000, 0x000000070a800000, 0x000000070a900000|  0%| F|  |TAMS 0x000000070a800000, 0x000000070a800000| Untracked 
|  31|0x000000070a900000, 0x000000070a900000, 0x000000070aa00000|  0%| F|  |TAMS 0x000000070a900000, 0x000000070a900000| Untracked 
|  32|0x000000070aa00000, 0x000000070aa00000, 0x000000070ab00000|  0%| F|  |TAMS 0x000000070aa00000, 0x000000070aa00000| Untracked 
|  33|0x000000070ab00000, 0x000000070ab00000, 0x000000070ac00000|  0%| F|  |TAMS 0x000000070ab00000, 0x000000070ab00000| Untracked 
|  34|0x000000070ac00000, 0x000000070ac00000, 0x000000070ad00000|  0%| F|  |TAMS 0x000000070ac00000, 0x000000070ac00000| Untracked 
|  35|0x000000070ad00000, 0x000000070ad00000, 0x000000070ae00000|  0%| F|  |TAMS 0x000000070ad00000, 0x000000070ad00000| Untracked 
|  36|0x000000070ae00000, 0x000000070ae00000, 0x000000070af00000|  0%| F|  |TAMS 0x000000070ae00000, 0x000000070ae00000| Untracked 
|  37|0x000000070af00000, 0x000000070af00000, 0x000000070b000000|  0%| F|  |TAMS 0x000000070af00000, 0x000000070af00000| Untracked 
|  38|0x000000070b000000, 0x000000070b000000, 0x000000070b100000|  0%| F|  |TAMS 0x000000070b000000, 0x000000070b000000| Untracked 
|  39|0x000000070b100000, 0x000000070b100000, 0x000000070b200000|  0%| F|  |TAMS 0x000000070b100000, 0x000000070b100000| Untracked 
|  40|0x000000070b200000, 0x000000070b200000, 0x000000070b300000|  0%| F|  |TAMS 0x000000070b200000, 0x000000070b200000| Untracked 
|  41|0x000000070b300000, 0x000000070b300000, 0x000000070b400000|  0%| F|  |TAMS 0x000000070b300000, 0x000000070b300000| Untracked 
|  42|0x000000070b400000, 0x000000070b400000, 0x000000070b500000|  0%| F|  |TAMS 0x000000070b400000, 0x000000070b400000| Untracked 
|  43|0x000000070b500000, 0x000000070b500000, 0x000000070b600000|  0%| F|  |TAMS 0x000000070b500000, 0x000000070b500000| Untracked 
|  44|0x000000070b600000, 0x000000070b600000, 0x000000070b700000|  0%| F|  |TAMS 0x000000070b600000, 0x000000070b600000| Untracked 
|  45|0x000000070b700000, 0x000000070b700000, 0x000000070b800000|  0%| F|  |TAMS 0x000000070b700000, 0x000000070b700000| Untracked 
|  46|0x000000070b800000, 0x000000070b800000, 0x000000070b900000|  0%| F|  |TAMS 0x000000070b800000, 0x000000070b800000| Untracked 
|  47|0x000000070b900000, 0x000000070b900000, 0x000000070ba00000|  0%| F|  |TAMS 0x000000070b900000, 0x000000070b900000| Untracked 
|  48|0x000000070ba00000, 0x000000070ba00000, 0x000000070bb00000|  0%| F|  |TAMS 0x000000070ba00000, 0x000000070ba00000| Untracked 
|  49|0x000000070bb00000, 0x000000070bb00000, 0x000000070bc00000|  0%| F|  |TAMS 0x000000070bb00000, 0x000000070bb00000| Untracked 
|  50|0x000000070bc00000, 0x000000070bc00000, 0x000000070bd00000|  0%| F|  |TAMS 0x000000070bc00000, 0x000000070bc00000| Untracked 
|  51|0x000000070bd00000, 0x000000070bd00000, 0x000000070be00000|  0%| F|  |TAMS 0x000000070bd00000, 0x000000070bd00000| Untracked 
|  52|0x000000070be00000, 0x000000070be00000, 0x000000070bf00000|  0%| F|  |TAMS 0x000000070be00000, 0x000000070be00000| Untracked 
|  53|0x000000070bf00000, 0x000000070bf00000, 0x000000070c000000|  0%| F|  |TAMS 0x000000070bf00000, 0x000000070bf00000| Untracked 
|  54|0x000000070c000000, 0x000000070c000000, 0x000000070c100000|  0%| F|  |TAMS 0x000000070c000000, 0x000000070c000000| Untracked 
|  55|0x000000070c100000, 0x000000070c100000, 0x000000070c200000|  0%| F|  |TAMS 0x000000070c100000, 0x000000070c100000| Untracked 
|  56|0x000000070c200000, 0x000000070c200000, 0x000000070c300000|  0%| F|  |TAMS 0x000000070c200000, 0x000000070c200000| Untracked 
|  57|0x000000070c300000, 0x000000070c300000, 0x000000070c400000|  0%| F|  |TAMS 0x000000070c300000, 0x000000070c300000| Untracked 
|  58|0x000000070c400000, 0x000000070c400000, 0x000000070c500000|  0%| F|  |TAMS 0x000000070c400000, 0x000000070c400000| Untracked 
|  59|0x000000070c500000, 0x000000070c500000, 0x000000070c600000|  0%| F|  |TAMS 0x000000070c500000, 0x000000070c500000| Untracked 
|  60|0x000000070c600000, 0x000000070c600000, 0x000000070c700000|  0%| F|  |TAMS 0x000000070c600000, 0x000000070c600000| Untracked 
|  61|0x000000070c700000, 0x000000070c700000, 0x000000070c800000|  0%| F|  |TAMS 0x000000070c700000, 0x000000070c700000| Untracked 
|  62|0x000000070c800000, 0x000000070c800000, 0x000000070c900000|  0%| F|  |TAMS 0x000000070c800000, 0x000000070c800000| Untracked 
|  63|0x000000070c900000, 0x000000070c900000, 0x000000070ca00000|  0%| F|  |TAMS 0x000000070c900000, 0x000000070c900000| Untracked 
|  64|0x000000070ca00000, 0x000000070ca00000, 0x000000070cb00000|  0%| F|  |TAMS 0x000000070ca00000, 0x000000070ca00000| Untracked 
|  65|0x000000070cb00000, 0x000000070cb00000, 0x000000070cc00000|  0%| F|  |TAMS 0x000000070cb00000, 0x000000070cb00000| Untracked 
|  66|0x000000070cc00000, 0x000000070cc00000, 0x000000070cd00000|  0%| F|  |TAMS 0x000000070cc00000, 0x000000070cc00000| Untracked 
|  67|0x000000070cd00000, 0x000000070cd00000, 0x000000070ce00000|  0%| F|  |TAMS 0x000000070cd00000, 0x000000070cd00000| Untracked 
|  68|0x000000070ce00000, 0x000000070ce00000, 0x000000070cf00000|  0%| F|  |TAMS 0x000000070ce00000, 0x000000070ce00000| Untracked 
|  69|0x000000070cf00000, 0x000000070cf00000, 0x000000070d000000|  0%| F|  |TAMS 0x000000070cf00000, 0x000000070cf00000| Untracked 
|  70|0x000000070d000000, 0x000000070d000000, 0x000000070d100000|  0%| F|  |TAMS 0x000000070d000000, 0x000000070d000000| Untracked 
|  71|0x000000070d100000, 0x000000070d100000, 0x000000070d200000|  0%| F|  |TAMS 0x000000070d100000, 0x000000070d100000| Untracked 
|  72|0x000000070d200000, 0x000000070d200000, 0x000000070d300000|  0%| F|  |TAMS 0x000000070d200000, 0x000000070d200000| Untracked 
|  73|0x000000070d300000, 0x000000070d300000, 0x000000070d400000|  0%| F|  |TAMS 0x000000070d300000, 0x000000070d300000| Untracked 
|  74|0x000000070d400000, 0x000000070d400000, 0x000000070d500000|  0%| F|  |TAMS 0x000000070d400000, 0x000000070d400000| Untracked 
|  75|0x000000070d500000, 0x000000070d500000, 0x000000070d600000|  0%| F|  |TAMS 0x000000070d500000, 0x000000070d500000| Untracked 
|  76|0x000000070d600000, 0x000000070d600000, 0x000000070d700000|  0%| F|  |TAMS 0x000000070d600000, 0x000000070d600000| Untracked 
|  77|0x000000070d700000, 0x000000070d700000, 0x000000070d800000|  0%| F|  |TAMS 0x000000070d700000, 0x000000070d700000| Untracked 
|  78|0x000000070d800000, 0x000000070d800000, 0x000000070d900000|  0%| F|  |TAMS 0x000000070d800000, 0x000000070d800000| Untracked 
|  79|0x000000070d900000, 0x000000070d900000, 0x000000070da00000|  0%| F|  |TAMS 0x000000070d900000, 0x000000070d900000| Untracked 
|  80|0x000000070da00000, 0x000000070da00000, 0x000000070db00000|  0%| F|  |TAMS 0x000000070da00000, 0x000000070da00000| Untracked 
|  81|0x000000070db00000, 0x000000070db00000, 0x000000070dc00000|  0%| F|  |TAMS 0x000000070db00000, 0x000000070db00000| Untracked 
|  82|0x000000070dc00000, 0x000000070dc00000, 0x000000070dd00000|  0%| F|  |TAMS 0x000000070dc00000, 0x000000070dc00000| Untracked 
|  83|0x000000070dd00000, 0x000000070dd00000, 0x000000070de00000|  0%| F|  |TAMS 0x000000070dd00000, 0x000000070dd00000| Untracked 
|  84|0x000000070de00000, 0x000000070de00000, 0x000000070df00000|  0%| F|  |TAMS 0x000000070de00000, 0x000000070de00000| Untracked 
|  85|0x000000070df00000, 0x000000070df00000, 0x000000070e000000|  0%| F|  |TAMS 0x000000070df00000, 0x000000070df00000| Untracked 
|  86|0x000000070e000000, 0x000000070e000000, 0x000000070e100000|  0%| F|  |TAMS 0x000000070e000000, 0x000000070e000000| Untracked 
|  87|0x000000070e100000, 0x000000070e100000, 0x000000070e200000|  0%| F|  |TAMS 0x000000070e100000, 0x000000070e100000| Untracked 
|  88|0x000000070e200000, 0x000000070e200000, 0x000000070e300000|  0%| F|  |TAMS 0x000000070e200000, 0x000000070e200000| Untracked 
|  89|0x000000070e300000, 0x000000070e300000, 0x000000070e400000|  0%| F|  |TAMS 0x000000070e300000, 0x000000070e300000| Untracked 
|  90|0x000000070e400000, 0x000000070e400000, 0x000000070e500000|  0%| F|  |TAMS 0x000000070e400000, 0x000000070e400000| Untracked 
|  91|0x000000070e500000, 0x000000070e500000, 0x000000070e600000|  0%| F|  |TAMS 0x000000070e500000, 0x000000070e500000| Untracked 
|  92|0x000000070e600000, 0x000000070e600000, 0x000000070e700000|  0%| F|  |TAMS 0x000000070e600000, 0x000000070e600000| Untracked 
|  93|0x000000070e700000, 0x000000070e700000, 0x000000070e800000|  0%| F|  |TAMS 0x000000070e700000, 0x000000070e700000| Untracked 
|  94|0x000000070e800000, 0x000000070e800000, 0x000000070e900000|  0%| F|  |TAMS 0x000000070e800000, 0x000000070e800000| Untracked 
|  95|0x000000070e900000, 0x000000070e900000, 0x000000070ea00000|  0%| F|  |TAMS 0x000000070e900000, 0x000000070e900000| Untracked 
|  96|0x000000070ea00000, 0x000000070ea00000, 0x000000070eb00000|  0%| F|  |TAMS 0x000000070ea00000, 0x000000070ea00000| Untracked 
|  97|0x000000070eb00000, 0x000000070eb00000, 0x000000070ec00000|  0%| F|  |TAMS 0x000000070eb00000, 0x000000070eb00000| Untracked 
|  98|0x000000070ec00000, 0x000000070ec00000, 0x000000070ed00000|  0%| F|  |TAMS 0x000000070ec00000, 0x000000070ec00000| Untracked 
|  99|0x000000070ed00000, 0x000000070ed00000, 0x000000070ee00000|  0%| F|  |TAMS 0x000000070ed00000, 0x000000070ed00000| Untracked 
| 100|0x000000070ee00000, 0x000000070ee00000, 0x000000070ef00000|  0%| F|  |TAMS 0x000000070ee00000, 0x000000070ee00000| Untracked 
| 101|0x000000070ef00000, 0x000000070ef00000, 0x000000070f000000|  0%| F|  |TAMS 0x000000070ef00000, 0x000000070ef00000| Untracked 
| 102|0x000000070f000000, 0x000000070f000000, 0x000000070f100000|  0%| F|  |TAMS 0x000000070f000000, 0x000000070f000000| Untracked 
| 103|0x000000070f100000, 0x000000070f100000, 0x000000070f200000|  0%| F|  |TAMS 0x000000070f100000, 0x000000070f100000| Untracked 
| 104|0x000000070f200000, 0x000000070f200000, 0x000000070f300000|  0%| F|  |TAMS 0x000000070f200000, 0x000000070f200000| Untracked 
| 105|0x000000070f300000, 0x000000070f300000, 0x000000070f400000|  0%| F|  |TAMS 0x000000070f300000, 0x000000070f300000| Untracked 
| 106|0x000000070f400000, 0x000000070f400000, 0x000000070f500000|  0%| F|  |TAMS 0x000000070f400000, 0x000000070f400000| Untracked 
| 107|0x000000070f500000, 0x000000070f500000, 0x000000070f600000|  0%| F|  |TAMS 0x000000070f500000, 0x000000070f500000| Untracked 
| 108|0x000000070f600000, 0x000000070f600000, 0x000000070f700000|  0%| F|  |TAMS 0x000000070f600000, 0x000000070f600000| Untracked 
| 109|0x000000070f700000, 0x000000070f700000, 0x000000070f800000|  0%| F|  |TAMS 0x000000070f700000, 0x000000070f700000| Untracked 
| 110|0x000000070f800000, 0x000000070f800000, 0x000000070f900000|  0%| F|  |TAMS 0x000000070f800000, 0x000000070f800000| Untracked 
| 111|0x000000070f900000, 0x000000070f900000, 0x000000070fa00000|  0%| F|  |TAMS 0x000000070f900000, 0x000000070f900000| Untracked 
| 112|0x000000070fa00000, 0x000000070fa00000, 0x000000070fb00000|  0%| F|  |TAMS 0x000000070fa00000, 0x000000070fa00000| Untracked 
| 113|0x000000070fb00000, 0x000000070fb00000, 0x000000070fc00000|  0%| F|  |TAMS 0x000000070fb00000, 0x000000070fb00000| Untracked 
| 114|0x000000070fc00000, 0x000000070fc00000, 0x000000070fd00000|  0%| F|  |TAMS 0x000000070fc00000, 0x000000070fc00000| Untracked 
| 115|0x000000070fd00000, 0x000000070fd00000, 0x000000070fe00000|  0%| F|  |TAMS 0x000000070fd00000, 0x000000070fd00000| Untracked 
| 116|0x000000070fe00000, 0x000000070fe00000, 0x000000070ff00000|  0%| F|  |TAMS 0x000000070fe00000, 0x000000070fe00000| Untracked 
| 117|0x000000070ff00000, 0x000000070ff00000, 0x0000000710000000|  0%| F|  |TAMS 0x000000070ff00000, 0x000000070ff00000| Untracked 
| 118|0x0000000710000000, 0x0000000710000000, 0x0000000710100000|  0%| F|  |TAMS 0x0000000710000000, 0x0000000710000000| Untracked 
| 119|0x0000000710100000, 0x0000000710100000, 0x0000000710200000|  0%| F|  |TAMS 0x0000000710100000, 0x0000000710100000| Untracked 
| 120|0x0000000710200000, 0x0000000710200000, 0x0000000710300000|  0%| F|  |TAMS 0x0000000710200000, 0x0000000710200000| Untracked 
| 121|0x0000000710300000, 0x0000000710300000, 0x0000000710400000|  0%| F|  |TAMS 0x0000000710300000, 0x0000000710300000| Untracked 
| 122|0x0000000710400000, 0x0000000710400000, 0x0000000710500000|  0%| F|  |TAMS 0x0000000710400000, 0x0000000710400000| Untracked 
| 123|0x0000000710500000, 0x0000000710500000, 0x0000000710600000|  0%| F|  |TAMS 0x0000000710500000, 0x0000000710500000| Untracked 
| 124|0x0000000710600000, 0x0000000710600000, 0x0000000710700000|  0%| F|  |TAMS 0x0000000710600000, 0x0000000710600000| Untracked 
| 125|0x0000000710700000, 0x0000000710700000, 0x0000000710800000|  0%| F|  |TAMS 0x0000000710700000, 0x0000000710700000| Untracked 
| 126|0x0000000710800000, 0x0000000710800000, 0x0000000710900000|  0%| F|  |TAMS 0x0000000710800000, 0x0000000710800000| Untracked 
| 127|0x0000000710900000, 0x0000000710900000, 0x0000000710a00000|  0%| F|  |TAMS 0x0000000710900000, 0x0000000710900000| Untracked 
| 128|0x0000000710a00000, 0x0000000710a00000, 0x0000000710b00000|  0%| F|  |TAMS 0x0000000710a00000, 0x0000000710a00000| Untracked 
| 129|0x0000000710b00000, 0x0000000710b00000, 0x0000000710c00000|  0%| F|  |TAMS 0x0000000710b00000, 0x0000000710b00000| Untracked 
| 130|0x0000000710c00000, 0x0000000710c00000, 0x0000000710d00000|  0%| F|  |TAMS 0x0000000710c00000, 0x0000000710c00000| Untracked 
| 131|0x0000000710d00000, 0x0000000710d00000, 0x0000000710e00000|  0%| F|  |TAMS 0x0000000710d00000, 0x0000000710d00000| Untracked 
| 132|0x0000000710e00000, 0x0000000710e00000, 0x0000000710f00000|  0%| F|  |TAMS 0x0000000710e00000, 0x0000000710e00000| Untracked 
| 133|0x0000000710f00000, 0x0000000710f00000, 0x0000000711000000|  0%| F|  |TAMS 0x0000000710f00000, 0x0000000710f00000| Untracked 
| 134|0x0000000711000000, 0x0000000711000000, 0x0000000711100000|  0%| F|  |TAMS 0x0000000711000000, 0x0000000711000000| Untracked 
| 135|0x0000000711100000, 0x0000000711100000, 0x0000000711200000|  0%| F|  |TAMS 0x0000000711100000, 0x0000000711100000| Untracked 
| 136|0x0000000711200000, 0x0000000711200000, 0x0000000711300000|  0%| F|  |TAMS 0x0000000711200000, 0x0000000711200000| Untracked 
| 137|0x0000000711300000, 0x0000000711300000, 0x0000000711400000|  0%| F|  |TAMS 0x0000000711300000, 0x0000000711300000| Untracked 
| 138|0x0000000711400000, 0x0000000711400000, 0x0000000711500000|  0%| F|  |TAMS 0x0000000711400000, 0x0000000711400000| Untracked 
| 139|0x0000000711500000, 0x0000000711500000, 0x0000000711600000|  0%| F|  |TAMS 0x0000000711500000, 0x0000000711500000| Untracked 
| 140|0x0000000711600000, 0x0000000711600000, 0x0000000711700000|  0%| F|  |TAMS 0x0000000711600000, 0x0000000711600000| Untracked 
| 141|0x0000000711700000, 0x0000000711700000, 0x0000000711800000|  0%| F|  |TAMS 0x0000000711700000, 0x0000000711700000| Untracked 
| 142|0x0000000711800000, 0x0000000711800000, 0x0000000711900000|  0%| F|  |TAMS 0x0000000711800000, 0x0000000711800000| Untracked 
| 143|0x0000000711900000, 0x0000000711900000, 0x0000000711a00000|  0%| F|  |TAMS 0x0000000711900000, 0x0000000711900000| Untracked 
| 144|0x0000000711a00000, 0x0000000711a00000, 0x0000000711b00000|  0%| F|  |TAMS 0x0000000711a00000, 0x0000000711a00000| Untracked 
| 145|0x0000000711b00000, 0x0000000711b00000, 0x0000000711c00000|  0%| F|  |TAMS 0x0000000711b00000, 0x0000000711b00000| Untracked 
| 146|0x0000000711c00000, 0x0000000711c00000, 0x0000000711d00000|  0%| F|  |TAMS 0x0000000711c00000, 0x0000000711c00000| Untracked 
| 147|0x0000000711d00000, 0x0000000711d00000, 0x0000000711e00000|  0%| F|  |TAMS 0x0000000711d00000, 0x0000000711d00000| Untracked 
| 148|0x0000000711e00000, 0x0000000711e00000, 0x0000000711f00000|  0%| F|  |TAMS 0x0000000711e00000, 0x0000000711e00000| Untracked 
| 149|0x0000000711f00000, 0x0000000711f00000, 0x0000000712000000|  0%| F|  |TAMS 0x0000000711f00000, 0x0000000711f00000| Untracked 
| 150|0x0000000712000000, 0x0000000712000000, 0x0000000712100000|  0%| F|  |TAMS 0x0000000712000000, 0x0000000712000000| Untracked 
| 151|0x0000000712100000, 0x0000000712100000, 0x0000000712200000|  0%| F|  |TAMS 0x0000000712100000, 0x0000000712100000| Untracked 
| 152|0x0000000712200000, 0x0000000712200000, 0x0000000712300000|  0%| F|  |TAMS 0x0000000712200000, 0x0000000712200000| Untracked 
| 153|0x0000000712300000, 0x0000000712300000, 0x0000000712400000|  0%| F|  |TAMS 0x0000000712300000, 0x0000000712300000| Untracked 
| 154|0x0000000712400000, 0x0000000712400000, 0x0000000712500000|  0%| F|  |TAMS 0x0000000712400000, 0x0000000712400000| Untracked 
| 155|0x0000000712500000, 0x0000000712500000, 0x0000000712600000|  0%| F|  |TAMS 0x0000000712500000, 0x0000000712500000| Untracked 
| 156|0x0000000712600000, 0x0000000712600000, 0x0000000712700000|  0%| F|  |TAMS 0x0000000712600000, 0x0000000712600000| Untracked 
| 157|0x0000000712700000, 0x0000000712700000, 0x0000000712800000|  0%| F|  |TAMS 0x0000000712700000, 0x0000000712700000| Untracked 
| 158|0x0000000712800000, 0x0000000712800000, 0x0000000712900000|  0%| F|  |TAMS 0x0000000712800000, 0x0000000712800000| Untracked 
| 159|0x0000000712900000, 0x0000000712900000, 0x0000000712a00000|  0%| F|  |TAMS 0x0000000712900000, 0x0000000712900000| Untracked 
| 160|0x0000000712a00000, 0x0000000712a00000, 0x0000000712b00000|  0%| F|  |TAMS 0x0000000712a00000, 0x0000000712a00000| Untracked 
| 161|0x0000000712b00000, 0x0000000712b00000, 0x0000000712c00000|  0%| F|  |TAMS 0x0000000712b00000, 0x0000000712b00000| Untracked 
| 162|0x0000000712c00000, 0x0000000712c00000, 0x0000000712d00000|  0%| F|  |TAMS 0x0000000712c00000, 0x0000000712c00000| Untracked 
| 163|0x0000000712d00000, 0x0000000712d00000, 0x0000000712e00000|  0%| F|  |TAMS 0x0000000712d00000, 0x0000000712d00000| Untracked 
| 164|0x0000000712e00000, 0x0000000712e00000, 0x0000000712f00000|  0%| F|  |TAMS 0x0000000712e00000, 0x0000000712e00000| Untracked 
| 165|0x0000000712f00000, 0x0000000712f00000, 0x0000000713000000|  0%| F|  |TAMS 0x0000000712f00000, 0x0000000712f00000| Untracked 
| 166|0x0000000713000000, 0x0000000713000000, 0x0000000713100000|  0%| F|  |TAMS 0x0000000713000000, 0x0000000713000000| Untracked 
| 167|0x0000000713100000, 0x0000000713100000, 0x0000000713200000|  0%| F|  |TAMS 0x0000000713100000, 0x0000000713100000| Untracked 
| 168|0x0000000713200000, 0x0000000713200000, 0x0000000713300000|  0%| F|  |TAMS 0x0000000713200000, 0x0000000713200000| Untracked 
| 169|0x0000000713300000, 0x0000000713300000, 0x0000000713400000|  0%| F|  |TAMS 0x0000000713300000, 0x0000000713300000| Untracked 
| 170|0x0000000713400000, 0x0000000713400000, 0x0000000713500000|  0%| F|  |TAMS 0x0000000713400000, 0x0000000713400000| Untracked 
| 171|0x0000000713500000, 0x0000000713500000, 0x0000000713600000|  0%| F|  |TAMS 0x0000000713500000, 0x0000000713500000| Untracked 
| 172|0x0000000713600000, 0x0000000713600000, 0x0000000713700000|  0%| F|  |TAMS 0x0000000713600000, 0x0000000713600000| Untracked 
| 173|0x0000000713700000, 0x0000000713700000, 0x0000000713800000|  0%| F|  |TAMS 0x0000000713700000, 0x0000000713700000| Untracked 
| 174|0x0000000713800000, 0x0000000713800000, 0x0000000713900000|  0%| F|  |TAMS 0x0000000713800000, 0x0000000713800000| Untracked 
| 175|0x0000000713900000, 0x0000000713900000, 0x0000000713a00000|  0%| F|  |TAMS 0x0000000713900000, 0x0000000713900000| Untracked 
| 176|0x0000000713a00000, 0x0000000713a00000, 0x0000000713b00000|  0%| F|  |TAMS 0x0000000713a00000, 0x0000000713a00000| Untracked 
| 177|0x0000000713b00000, 0x0000000713b00000, 0x0000000713c00000|  0%| F|  |TAMS 0x0000000713b00000, 0x0000000713b00000| Untracked 
| 178|0x0000000713c00000, 0x0000000713c00000, 0x0000000713d00000|  0%| F|  |TAMS 0x0000000713c00000, 0x0000000713c00000| Untracked 
| 179|0x0000000713d00000, 0x0000000713d00000, 0x0000000713e00000|  0%| F|  |TAMS 0x0000000713d00000, 0x0000000713d00000| Untracked 
| 180|0x0000000713e00000, 0x0000000713e00000, 0x0000000713f00000|  0%| F|  |TAMS 0x0000000713e00000, 0x0000000713e00000| Untracked 
| 181|0x0000000713f00000, 0x0000000713f00000, 0x0000000714000000|  0%| F|  |TAMS 0x0000000713f00000, 0x0000000713f00000| Untracked 
| 182|0x0000000714000000, 0x0000000714000000, 0x0000000714100000|  0%| F|  |TAMS 0x0000000714000000, 0x0000000714000000| Untracked 
| 183|0x0000000714100000, 0x0000000714100000, 0x0000000714200000|  0%| F|  |TAMS 0x0000000714100000, 0x0000000714100000| Untracked 
| 184|0x0000000714200000, 0x0000000714200000, 0x0000000714300000|  0%| F|  |TAMS 0x0000000714200000, 0x0000000714200000| Untracked 
| 185|0x0000000714300000, 0x0000000714300000, 0x0000000714400000|  0%| F|  |TAMS 0x0000000714300000, 0x0000000714300000| Untracked 
| 186|0x0000000714400000, 0x0000000714400000, 0x0000000714500000|  0%| F|  |TAMS 0x0000000714400000, 0x0000000714400000| Untracked 
| 187|0x0000000714500000, 0x0000000714500000, 0x0000000714600000|  0%| F|  |TAMS 0x0000000714500000, 0x0000000714500000| Untracked 
| 188|0x0000000714600000, 0x0000000714600000, 0x0000000714700000|  0%| F|  |TAMS 0x0000000714600000, 0x0000000714600000| Untracked 
| 189|0x0000000714700000, 0x0000000714700000, 0x0000000714800000|  0%| F|  |TAMS 0x0000000714700000, 0x0000000714700000| Untracked 
| 190|0x0000000714800000, 0x0000000714800000, 0x0000000714900000|  0%| F|  |TAMS 0x0000000714800000, 0x0000000714800000| Untracked 
| 191|0x0000000714900000, 0x0000000714900000, 0x0000000714a00000|  0%| F|  |TAMS 0x0000000714900000, 0x0000000714900000| Untracked 
| 192|0x0000000714a00000, 0x0000000714a00000, 0x0000000714b00000|  0%| F|  |TAMS 0x0000000714a00000, 0x0000000714a00000| Untracked 
| 193|0x0000000714b00000, 0x0000000714b00000, 0x0000000714c00000|  0%| F|  |TAMS 0x0000000714b00000, 0x0000000714b00000| Untracked 
| 194|0x0000000714c00000, 0x0000000714c00000, 0x0000000714d00000|  0%| F|  |TAMS 0x0000000714c00000, 0x0000000714c00000| Untracked 
| 195|0x0000000714d00000, 0x0000000714d00000, 0x0000000714e00000|  0%| F|  |TAMS 0x0000000714d00000, 0x0000000714d00000| Untracked 
| 196|0x0000000714e00000, 0x0000000714e00000, 0x0000000714f00000|  0%| F|  |TAMS 0x0000000714e00000, 0x0000000714e00000| Untracked 
| 197|0x0000000714f00000, 0x0000000714f00000, 0x0000000715000000|  0%| F|  |TAMS 0x0000000714f00000, 0x0000000714f00000| Untracked 
| 198|0x0000000715000000, 0x0000000715000000, 0x0000000715100000|  0%| F|  |TAMS 0x0000000715000000, 0x0000000715000000| Untracked 
| 199|0x0000000715100000, 0x0000000715100000, 0x0000000715200000|  0%| F|  |TAMS 0x0000000715100000, 0x0000000715100000| Untracked 
| 200|0x0000000715200000, 0x0000000715200000, 0x0000000715300000|  0%| F|  |TAMS 0x0000000715200000, 0x0000000715200000| Untracked 
| 201|0x0000000715300000, 0x0000000715300000, 0x0000000715400000|  0%| F|  |TAMS 0x0000000715300000, 0x0000000715300000| Untracked 
| 202|0x0000000715400000, 0x0000000715400000, 0x0000000715500000|  0%| F|  |TAMS 0x0000000715400000, 0x0000000715400000| Untracked 
| 203|0x0000000715500000, 0x0000000715500000, 0x0000000715600000|  0%| F|  |TAMS 0x0000000715500000, 0x0000000715500000| Untracked 
| 204|0x0000000715600000, 0x0000000715600000, 0x0000000715700000|  0%| F|  |TAMS 0x0000000715600000, 0x0000000715600000| Untracked 
| 205|0x0000000715700000, 0x0000000715700000, 0x0000000715800000|  0%| F|  |TAMS 0x0000000715700000, 0x0000000715700000| Untracked 
| 206|0x0000000715800000, 0x0000000715800000, 0x0000000715900000|  0%| F|  |TAMS 0x0000000715800000, 0x0000000715800000| Untracked 
| 207|0x0000000715900000, 0x0000000715900000, 0x0000000715a00000|  0%| F|  |TAMS 0x0000000715900000, 0x0000000715900000| Untracked 
| 208|0x0000000715a00000, 0x0000000715a00000, 0x0000000715b00000|  0%| F|  |TAMS 0x0000000715a00000, 0x0000000715a00000| Untracked 
| 209|0x0000000715b00000, 0x0000000715b00000, 0x0000000715c00000|  0%| F|  |TAMS 0x0000000715b00000, 0x0000000715b00000| Untracked 
| 210|0x0000000715c00000, 0x0000000715c00000, 0x0000000715d00000|  0%| F|  |TAMS 0x0000000715c00000, 0x0000000715c00000| Untracked 
| 211|0x0000000715d00000, 0x0000000715d00000, 0x0000000715e00000|  0%| F|  |TAMS 0x0000000715d00000, 0x0000000715d00000| Untracked 
| 212|0x0000000715e00000, 0x0000000715e00000, 0x0000000715f00000|  0%| F|  |TAMS 0x0000000715e00000, 0x0000000715e00000| Untracked 
| 213|0x0000000715f00000, 0x0000000715f00000, 0x0000000716000000|  0%| F|  |TAMS 0x0000000715f00000, 0x0000000715f00000| Untracked 
| 214|0x0000000716000000, 0x0000000716000000, 0x0000000716100000|  0%| F|  |TAMS 0x0000000716000000, 0x0000000716000000| Untracked 
| 215|0x0000000716100000, 0x0000000716100000, 0x0000000716200000|  0%| F|  |TAMS 0x0000000716100000, 0x0000000716100000| Untracked 
| 216|0x0000000716200000, 0x0000000716200000, 0x0000000716300000|  0%| F|  |TAMS 0x0000000716200000, 0x0000000716200000| Untracked 
| 217|0x0000000716300000, 0x0000000716300000, 0x0000000716400000|  0%| F|  |TAMS 0x0000000716300000, 0x0000000716300000| Untracked 
| 218|0x0000000716400000, 0x0000000716400000, 0x0000000716500000|  0%| F|  |TAMS 0x0000000716400000, 0x0000000716400000| Untracked 
| 219|0x0000000716500000, 0x0000000716500000, 0x0000000716600000|  0%| F|  |TAMS 0x0000000716500000, 0x0000000716500000| Untracked 
| 220|0x0000000716600000, 0x0000000716600000, 0x0000000716700000|  0%| F|  |TAMS 0x0000000716600000, 0x0000000716600000| Untracked 
| 221|0x0000000716700000, 0x00000007167d56a8, 0x0000000716800000| 83%| S|CS|TAMS 0x0000000716700000, 0x0000000716700000| Complete 
| 222|0x0000000716800000, 0x0000000716900000, 0x0000000716900000|100%| S|CS|TAMS 0x0000000716800000, 0x0000000716800000| Complete 
| 223|0x0000000716900000, 0x0000000716a00000, 0x0000000716a00000|100%| S|CS|TAMS 0x0000000716900000, 0x0000000716900000| Complete 
| 224|0x0000000716a00000, 0x0000000716a00000, 0x0000000716b00000|  0%| F|  |TAMS 0x0000000716a00000, 0x0000000716a00000| Untracked 
| 225|0x0000000716b00000, 0x0000000716b00000, 0x0000000716c00000|  0%| F|  |TAMS 0x0000000716b00000, 0x0000000716b00000| Untracked 
| 226|0x0000000716c00000, 0x0000000716c00000, 0x0000000716d00000|  0%| F|  |TAMS 0x0000000716c00000, 0x0000000716c00000| Untracked 
| 227|0x0000000716d00000, 0x0000000716d00000, 0x0000000716e00000|  0%| F|  |TAMS 0x0000000716d00000, 0x0000000716d00000| Untracked 
| 228|0x0000000716e00000, 0x0000000716e00000, 0x0000000716f00000|  0%| F|  |TAMS 0x0000000716e00000, 0x0000000716e00000| Untracked 
| 229|0x0000000716f00000, 0x0000000716f00000, 0x0000000717000000|  0%| F|  |TAMS 0x0000000716f00000, 0x0000000716f00000| Untracked 
| 230|0x0000000717000000, 0x0000000717000000, 0x0000000717100000|  0%| F|  |TAMS 0x0000000717000000, 0x0000000717000000| Untracked 
| 231|0x0000000717100000, 0x0000000717100000, 0x0000000717200000|  0%| F|  |TAMS 0x0000000717100000, 0x0000000717100000| Untracked 
| 232|0x0000000717200000, 0x0000000717200000, 0x0000000717300000|  0%| F|  |TAMS 0x0000000717200000, 0x0000000717200000| Untracked 
| 233|0x0000000717300000, 0x0000000717300000, 0x0000000717400000|  0%| F|  |TAMS 0x0000000717300000, 0x0000000717300000| Untracked 
| 234|0x0000000717400000, 0x0000000717400000, 0x0000000717500000|  0%| F|  |TAMS 0x0000000717400000, 0x0000000717400000| Untracked 
| 235|0x0000000717500000, 0x0000000717500000, 0x0000000717600000|  0%| F|  |TAMS 0x0000000717500000, 0x0000000717500000| Untracked 
| 236|0x0000000717600000, 0x0000000717600000, 0x0000000717700000|  0%| F|  |TAMS 0x0000000717600000, 0x0000000717600000| Untracked 
| 237|0x0000000717700000, 0x0000000717700000, 0x0000000717800000|  0%| F|  |TAMS 0x0000000717700000, 0x0000000717700000| Untracked 
| 238|0x0000000717800000, 0x0000000717800000, 0x0000000717900000|  0%| F|  |TAMS 0x0000000717800000, 0x0000000717800000| Untracked 
| 239|0x0000000717900000, 0x0000000717900000, 0x0000000717a00000|  0%| F|  |TAMS 0x0000000717900000, 0x0000000717900000| Untracked 
| 240|0x0000000717a00000, 0x0000000717a00000, 0x0000000717b00000|  0%| F|  |TAMS 0x0000000717a00000, 0x0000000717a00000| Untracked 
| 241|0x0000000717b00000, 0x0000000717b00000, 0x0000000717c00000|  0%| F|  |TAMS 0x0000000717b00000, 0x0000000717b00000| Untracked 
| 242|0x0000000717c00000, 0x0000000717c00000, 0x0000000717d00000|  0%| F|  |TAMS 0x0000000717c00000, 0x0000000717c00000| Untracked 
| 243|0x0000000717d00000, 0x0000000717d80800, 0x0000000717e00000| 50%| E|  |TAMS 0x0000000717d00000, 0x0000000717d00000| Complete 
| 244|0x0000000717e00000, 0x0000000717f00000, 0x0000000717f00000|100%| E|CS|TAMS 0x0000000717e00000, 0x0000000717e00000| Complete 
| 245|0x0000000717f00000, 0x0000000718000000, 0x0000000718000000|100%| E|CS|TAMS 0x0000000717f00000, 0x0000000717f00000| Complete 
| 246|0x0000000718000000, 0x0000000718100000, 0x0000000718100000|100%| E|CS|TAMS 0x0000000718000000, 0x0000000718000000| Complete 
| 247|0x0000000718100000, 0x0000000718200000, 0x0000000718200000|100%| E|CS|TAMS 0x0000000718100000, 0x0000000718100000| Complete 
|2932|0x00000007bfe00000, 0x00000007bfe48000, 0x00000007bff00000| 28%|OA|  |TAMS 0x00000007bfe00000, 0x00000007bfe00000| Untracked 
|2933|0x00000007bff00000, 0x00000007bff6c000, 0x00000007c0000000| 42%|CA|  |TAMS 0x00000007bff00000, 0x00000007bff00000| Untracked 

Card table byte_map: [0x00007f83ab08a000,0x00007f83ab845000] _byte_map_base: 0x00007f83a7845000

Marking Bits (Prev, Next): (CMBitMap*) 0x00007f83c807d4a8, (CMBitMap*) 0x00007f83c807d4e0
 Prev Bits: [0x00007f83a6af7000, 0x00007f83aa8cf000)
 Next Bits: [0x00007f83a2d1f000, 0x00007f83a6af7000)

Polling page: 0x00007f83ce7fb000

Metaspace:

Usage:
  Non-class:      5.91 MB capacity,     3.48 MB ( 59%) used,     2.42 MB ( 41%) free+waste,     7.06 KB ( <1%) overhead. 
      Class:    688.00 KB capacity,   397.29 KB ( 58%) used,   287.40 KB ( 42%) free+waste,     3.31 KB ( <1%) overhead. 
       Both:      6.58 MB capacity,     3.87 MB ( 59%) used,     2.70 MB ( 41%) free+waste,    10.38 KB ( <1%) overhead. 

Virtual space:
  Non-class space:        8.00 MB reserved,       6.00 MB ( 75%) committed 
      Class space:        1.00 GB reserved,     768.00 KB ( <1%) committed 
             Both:        1.01 GB reserved,       6.75 MB ( <1%) committed 

Chunk freelists:
   Non-Class:  53.00 KB
       Class:  0 bytes
        Both:  53.00 KB

MaxMetaspaceSize: unlimited
CompressedClassSpaceSize: 1.00 GB
Initial GC threshold: 20.80 MB
Current GC threshold: 20.80 MB
CDS: on

CodeHeap 'non-profiled nmethods': size=119172Kb used=322Kb max_used=322Kb free=118849Kb
 bounds [0x00007f83b835e000, 0x00007f83b85ce000, 0x00007f83bf7bf000]
CodeHeap 'profiled nmethods': size=119168Kb used=2364Kb max_used=2364Kb free=116803Kb
 bounds [0x00007f83b0efe000, 0x00007f83b116e000, 0x00007f83b835e000]
CodeHeap 'non-nmethods': size=7420Kb used=2272Kb max_used=2290Kb free=5147Kb
 bounds [0x00007f83b07bf000, 0x00007f83b0a2f000, 0x00007f83b0efe000]
 total_blobs=1495 nmethods=1089 adapters=318
 compilation: enabled
              stopped_count=0, restarted_count=0
 full_count=0

Compilation events (20 events):
Event: 0.223 Thread 0x00007f83c81fa000 nmethod 1080 0x00007f83b1147b90 code [0x00007f83b1147d40, 0x00007f83b1147fb0]
Event: 0.223 Thread 0x00007f836c145000 1077       1       java.lang.invoke.MethodTypeForm::basicType (5 bytes)
Event: 0.223 Thread 0x00007f836c145000 nmethod 1077 0x00007f83b83ab710 code [0x00007f83b83ab8c0, 0x00007f83b83ab990]
Event: 0.223 Thread 0x00007f83700ae000 nmethod 1078 0x00007f83b1148090 code [0x00007f83b1148260, 0x00007f83b1148600]
Event: 0.224 Thread 0x00007f83c81fa000 1081       3       java.util.Objects::isNull (10 bytes)
Event: 0.224 Thread 0x00007f83700ae000 1082       3       java.util.Collection::removeIf (51 bytes)
Event: 0.224 Thread 0x00007f83c81fa000 nmethod 1081 0x00007f83b1148710 code [0x00007f83b11488c0, 0x00007f83b11489f0]
Event: 0.224 Thread 0x00007f836c145000 1083       3       java.util.HashMap::removeNode (291 bytes)
Event: 0.224 Thread 0x00007f83c81fa000 1084       3       java.util.HashSet::iterator (13 bytes)
Event: 0.224 Thread 0x00007f83700ae000 nmethod 1082 0x00007f83b1148a90 code [0x00007f83b1148cc0, 0x00007f83b11494b0]
Event: 0.224 Thread 0x00007f83c81fa000 nmethod 1084 0x00007f83b1149710 code [0x00007f83b11498e0, 0x00007f83b1149b90]
Event: 0.224 Thread 0x00007f83700ae000 1085       3       java.util.HashMap$KeySet::iterator (12 bytes)
Event: 0.224 Thread 0x00007f83c81fa000 1086       3       LLVMIROptimization$$Lambda$22/0x00000008400ab840::test (8 bytes)
Event: 0.224 Thread 0x00007f83700ae000 nmethod 1085 0x00007f83b1149c90 code [0x00007f83b1149e60, 0x00007f83b114a0e0]
Event: 0.224 Thread 0x00007f83c81fa000 nmethod 1086 0x00007f83b114a210 code [0x00007f83b114a3e0, 0x00007f83b114a6b0]
Event: 0.224 Thread 0x00007f83c81fa000 1087       3       LLVMIROptimization$$Lambda$23/0x00000008400abc40::test (8 bytes)
Event: 0.224 Thread 0x00007f836c145000 nmethod 1083 0x00007f83b114a790 code [0x00007f83b114aa60, 0x00007f83b114bf50]
Event: 0.224 Thread 0x00007f836c145000 1088       3       java.util.HashMap$HashIterator::<init> (79 bytes)
Event: 0.224 Thread 0x00007f83c81fa000 nmethod 1087 0x00007f83b114c510 code [0x00007f83b114c6e0, 0x00007f83b114c9b0]
Event: 0.224 Thread 0x00007f836c145000 nmethod 1088 0x00007f83b114ca90 code [0x00007f83b114cc60, 0x00007f83b114d0b0]

GC Heap History (2 events):
Event: 0.208 GC heap before
{Heap before GC invocations=0 (full 0):
 garbage-first heap   total 256000K, used 25296K [0x0000000708a00000, 0x0000000800000000)
  region size 1024K, 24 young (24576K), 0 survivors (0K)
 Metaspace       used 3928K, capacity 6728K, committed 6912K, reserved 1056768K
  class space    used 396K, capacity 686K, committed 768K, reserved 1048576K
}
Event: 0.212 GC heap after
{Heap after GC invocations=1 (full 0):
 garbage-first heap   total 256000K, used 3621K [0x0000000708a00000, 0x0000000800000000)
  region size 1024K, 3 young (3072K), 3 survivors (3072K)
 Metaspace       used 3928K, capacity 6728K, committed 6912K, reserved 1056768K
  class space    used 396K, capacity 686K, committed 768K, reserved 1048576K
}

Deoptimization events (20 events):
Event: 0.222 Thread 0x00007f83c8015800 Uncommon trap: trap_request=0xffffff4d fr.pc=0x00007f83b83a3354 relative=0x00000000000000b4
Event: 0.222 Thread 0x00007f83c8015800 Uncommon trap: reason=unstable_if action=reinterpret pc=0x00007f83b83a3354 method=org.bytedeco.javacpp.Pointer.equals(Ljava/lang/Object;)Z @ 61 c2
Event: 0.222 Thread 0x00007f83c8015800 DEOPT PACKING pc=0x00007f83b83a3354 sp=0x00007f83ccf8b6c0
Event: 0.222 Thread 0x00007f83c8015800 DEOPT UNPACKING pc=0x00007f83b0808ea5 sp=0x00007f83ccf8b688 mode 2
Event: 0.222 Thread 0x00007f83c8015800 Uncommon trap: trap_request=0xffffff4d fr.pc=0x00007f83b83ab28c relative=0x000000000000044c
Event: 0.222 Thread 0x00007f83c8015800 Uncommon trap: reason=unstable_if action=reinterpret pc=0x00007f83b83ab28c method=java.util.HashMap.removeNode(ILjava/lang/Object;Ljava/lang/Object;ZZ)Ljava/util/HashMap$Node; @ 97 c2
Event: 0.222 Thread 0x00007f83c8015800 DEOPT PACKING pc=0x00007f83b83ab28c sp=0x00007f83ccf8b610
Event: 0.222 Thread 0x00007f83c8015800 DEOPT UNPACKING pc=0x00007f83b0808ea5 sp=0x00007f83ccf8b5a0 mode 2
Event: 0.224 Thread 0x00007f83c8015800 Uncommon trap: trap_request=0xffffff4d fr.pc=0x00007f83b83a93fc relative=0x000000000000041c
Event: 0.224 Thread 0x00007f83c8015800 Uncommon trap: reason=unstable_if action=reinterpret pc=0x00007f83b83a93fc method=java.util.HashMap$HashIterator.<init>(Ljava/util/HashMap;)V @ 45 c2
Event: 0.224 Thread 0x00007f83c8015800 DEOPT PACKING pc=0x00007f83b83a93fc sp=0x00007f83ccf8b6d0
Event: 0.224 Thread 0x00007f83c8015800 DEOPT UNPACKING pc=0x00007f83b0808ea5 sp=0x00007f83ccf8b560 mode 2
Event: 0.224 Thread 0x00007f83c8015800 Uncommon trap: trap_request=0xffffff4d fr.pc=0x00007f83b83a8bd8 relative=0x0000000000000298
Event: 0.224 Thread 0x00007f83c8015800 Uncommon trap: reason=unstable_if action=reinterpret pc=0x00007f83b83a8bd8 method=java.util.HashMap$HashIterator.<init>(Ljava/util/HashMap;)V @ 45 c2
Event: 0.224 Thread 0x00007f83c8015800 DEOPT PACKING pc=0x00007f83b83a8bd8 sp=0x00007f83ccf8b670
Event: 0.224 Thread 0x00007f83c8015800 DEOPT UNPACKING pc=0x00007f83b0808ea5 sp=0x00007f83ccf8b560 mode 2
Event: 0.224 Thread 0x00007f83c8015800 Uncommon trap: trap_request=0xffffff4d fr.pc=0x00007f83b83a6114 relative=0x0000000000000374
Event: 0.224 Thread 0x00007f83c8015800 Uncommon trap: reason=unstable_if action=reinterpret pc=0x00007f83b83a6114 method=java.util.HashMap$HashIterator.<init>(Ljava/util/HashMap;)V @ 45 c2
Event: 0.224 Thread 0x00007f83c8015800 DEOPT PACKING pc=0x00007f83b83a6114 sp=0x00007f83ccf8b520
Event: 0.224 Thread 0x00007f83c8015800 DEOPT UNPACKING pc=0x00007f83b0808ea5 sp=0x00007f83ccf8b4d8 mode 2

Classes redefined (0 events):
No events

Internal exceptions (20 events):
Event: 0.029 Thread 0x00007f83c8015800 Exception <a 'java/security/PrivilegedActionException'{0x0000000718039ea0}> (0x0000000718039ea0) thrown at [./src/hotspot/share/prims/jvm.cpp, line 1304]
Event: 0.029 Thread 0x00007f83c8015800 Exception <a 'java/security/PrivilegedActionException'{0x000000071803a170}> (0x000000071803a170) thrown at [./src/hotspot/share/prims/jvm.cpp, line 1304]
Event: 0.029 Thread 0x00007f83c8015800 Exception <a 'java/security/PrivilegedActionException'{0x000000071803ad88}> (0x000000071803ad88) thrown at [./src/hotspot/share/prims/jvm.cpp, line 1304]
Event: 0.029 Thread 0x00007f83c8015800 Exception <a 'java/security/PrivilegedActionException'{0x000000071803b058}> (0x000000071803b058) thrown at [./src/hotspot/share/prims/jvm.cpp, line 1304]
Event: 0.029 Thread 0x00007f83c8015800 Exception <a 'java/security/PrivilegedActionException'{0x000000071803bc70}> (0x000000071803bc70) thrown at [./src/hotspot/share/prims/jvm.cpp, line 1304]
Event: 0.029 Thread 0x00007f83c8015800 Exception <a 'java/security/PrivilegedActionException'{0x000000071803bf40}> (0x000000071803bf40) thrown at [./src/hotspot/share/prims/jvm.cpp, line 1304]
Event: 0.029 Thread 0x00007f83c8015800 Exception <a 'java/security/PrivilegedActionException'{0x000000071803cb70}> (0x000000071803cb70) thrown at [./src/hotspot/share/prims/jvm.cpp, line 1304]
Event: 0.029 Thread 0x00007f83c8015800 Exception <a 'java/security/PrivilegedActionException'{0x000000071803ce40}> (0x000000071803ce40) thrown at [./src/hotspot/share/prims/jvm.cpp, line 1304]
Event: 0.029 Thread 0x00007f83c8015800 Exception <a 'java/security/PrivilegedActionException'{0x000000071803da70}> (0x000000071803da70) thrown at [./src/hotspot/share/prims/jvm.cpp, line 1304]
Event: 0.029 Thread 0x00007f83c8015800 Exception <a 'java/security/PrivilegedActionException'{0x000000071803dd40}> (0x000000071803dd40) thrown at [./src/hotspot/share/prims/jvm.cpp, line 1304]
Event: 0.029 Thread 0x00007f83c8015800 Exception <a 'java/security/PrivilegedActionException'{0x000000071803e970}> (0x000000071803e970) thrown at [./src/hotspot/share/prims/jvm.cpp, line 1304]
Event: 0.029 Thread 0x00007f83c8015800 Exception <a 'java/security/PrivilegedActionException'{0x000000071803ec40}> (0x000000071803ec40) thrown at [./src/hotspot/share/prims/jvm.cpp, line 1304]
Event: 0.029 Thread 0x00007f83c8015800 Exception <a 'java/security/PrivilegedActionException'{0x000000071803f858}> (0x000000071803f858) thrown at [./src/hotspot/share/prims/jvm.cpp, line 1304]
Event: 0.029 Thread 0x00007f83c8015800 Exception <a 'java/security/PrivilegedActionException'{0x000000071803fb28}> (0x000000071803fb28) thrown at [./src/hotspot/share/prims/jvm.cpp, line 1304]
Event: 0.029 Thread 0x00007f83c8015800 Exception <a 'java/security/PrivilegedActionException'{0x0000000718040758}> (0x0000000718040758) thrown at [./src/hotspot/share/prims/jvm.cpp, line 1304]
Event: 0.029 Thread 0x00007f83c8015800 Exception <a 'java/security/PrivilegedActionException'{0x0000000718040a28}> (0x0000000718040a28) thrown at [./src/hotspot/share/prims/jvm.cpp, line 1304]
Event: 0.080 Thread 0x00007f83c8015800 Exception <a 'java/lang/NoSuchMethodError'{0x0000000717dc7a50}: 'int java.lang.invoke.DirectMethodHandle$Holder.invokeStaticInit(java.lang.Object, java.lang.Object, java.lang.Object, java.lang.Object)'> (0x0000000717dc7a50) thrown at [./src/hotspot/share/interpreter/linkResolver.cpp, line 772]
Event: 0.080 Thread 0x00007f83c8015800 Exception <a 'java/lang/IncompatibleClassChangeError'{0x0000000717dd1f38}: Found class java.lang.Object, but interface was expected> (0x0000000717dd1f38) thrown at [./src/hotspot/share/interpreter/linkResolver.cpp, line 839]
Event: 0.081 Thread 0x00007f83c8015800 Exception <a 'java/lang/NoSuchMethodError'{0x0000000717dd5188}: 'void java.lang.invoke.DirectMethodHandle$Holder.invokeStaticInit(java.lang.Object, java.lang.Object)'> (0x0000000717dd5188) thrown at [./src/hotspot/share/interpreter/linkResolver.cpp, line 772]
Event: 0.081 Thread 0x00007f83c8015800 Exception <a 'java/lang/NoSuchMethodError'{0x0000000717ddae58}: 'int java.lang.invoke.DirectMethodHandle$Holder.invokeStaticInit(java.lang.Object, java.lang.Object)'> (0x0000000717ddae58) thrown at [./src/hotspot/share/interpreter/linkResolver.cpp, line 772]

Events (20 events):
Event: 0.154 loading class AsmBuilder
Event: 0.154 loading class AsmBuilder done
Event: 0.159 loading class LLVMIROptimization
Event: 0.159 loading class LLVMIROptimization done
Event: 0.160 loading class ConstPropValueHolder
Event: 0.160 loading class ConstPropValueHolder done
Event: 0.160 loading class ConstPropValueHolder$Kind
Event: 0.160 loading class ConstPropValueHolder$Kind done
Event: 0.207 Executing VM operation: G1CollectForAllocation
Event: 0.212 Executing VM operation: G1CollectForAllocation done
Event: 0.212 Executing VM operation: RevokeBias
Event: 0.212 Executing VM operation: RevokeBias done
Event: 0.212 Executing VM operation: RevokeBias
Event: 0.212 Executing VM operation: RevokeBias done
Event: 0.212 Executing VM operation: RevokeBias
Event: 0.212 Executing VM operation: RevokeBias done
Event: 0.212 Executing VM operation: RevokeBias
Event: 0.212 Executing VM operation: RevokeBias done
Event: 0.222 loading class org/bytedeco/llvm/LLVM/LLVMValueRef
Event: 0.222 loading class org/bytedeco/llvm/LLVM/LLVMValueRef done


Dynamic libraries:
708a00000-718200000 rw-p 00000000 00:00 0 
718200000-7bfe00000 ---p 00000000 00:00 0 
7bfe00000-7bfe48000 rw-p 00b14000 08:20 134337                           /usr/lib/jvm/java-11-openjdk-amd64/lib/server/classes.jsa
7bfe48000-7bff00000 rw-p 00000000 00:00 0 
7bff00000-7bff6c000 rw-p 00aa8000 08:20 134337                           /usr/lib/jvm/java-11-openjdk-amd64/lib/server/classes.jsa
7bff6c000-7c0000000 rw-p 00000000 00:00 0 
7c0000000-800000000 ---p 00000000 00:00 0 
800000000-800002000 rwxp 00001000 08:20 134337                           /usr/lib/jvm/java-11-openjdk-amd64/lib/server/classes.jsa
800002000-8003ce000 rw-p 00003000 08:20 134337                           /usr/lib/jvm/java-11-openjdk-amd64/lib/server/classes.jsa
8003ce000-800aa6000 r--p 003cf000 08:20 134337                           /usr/lib/jvm/java-11-openjdk-amd64/lib/server/classes.jsa
800aa6000-800aa7000 rw-p 00aa7000 08:20 134337                           /usr/lib/jvm/java-11-openjdk-amd64/lib/server/classes.jsa
840000000-8400c0000 rw-p 00000000 00:00 0 
8400c0000-880000000 ---p 00000000 00:00 0 
55724653b000-55724653c000 r--p 00000000 08:20 134745                     /usr/lib/jvm/java-11-openjdk-amd64/bin/java
55724653c000-55724653d000 r-xp 00001000 08:20 134745                     /usr/lib/jvm/java-11-openjdk-amd64/bin/java
55724653d000-55724653e000 r--p 00002000 08:20 134745                     /usr/lib/jvm/java-11-openjdk-amd64/bin/java
55724653e000-55724653f000 r--p 00002000 08:20 134745                     /usr/lib/jvm/java-11-openjdk-amd64/bin/java
55724653f000-557246540000 rw-p 00003000 08:20 134745                     /usr/lib/jvm/java-11-openjdk-amd64/bin/java
55724bb82000-55724bba3000 rw-p 00000000 00:00 0                          [heap]
7f8334000000-7f8334021000 rw-p 00000000 00:00 0 
7f8334021000-7f8338000000 ---p 00000000 00:00 0 
7f8338000000-7f8338021000 rw-p 00000000 00:00 0 
7f8338021000-7f833c000000 ---p 00000000 00:00 0 
7f833c000000-7f833c021000 rw-p 00000000 00:00 0 
7f833c021000-7f8340000000 ---p 00000000 00:00 0 
7f8340000000-7f8340021000 rw-p 00000000 00:00 0 
7f8340021000-7f8344000000 ---p 00000000 00:00 0 
7f8344000000-7f8344021000 rw-p 00000000 00:00 0 
7f8344021000-7f8348000000 ---p 00000000 00:00 0 
7f834952c000-7f8349e52000 r--p 00000000 08:20 204242                     /home/crz/.javacpp/cache/llvm-13.0.1-1.5.7-linux-x86_64.jar/org/bytedeco/llvm/linux-x86_64/libLLVM-13.so
7f8349e52000-7f834d815000 r-xp 00926000 08:20 204242                     /home/crz/.javacpp/cache/llvm-13.0.1-1.5.7-linux-x86_64.jar/org/bytedeco/llvm/linux-x86_64/libLLVM-13.so
7f834d815000-7f834fa6a000 r--p 042e9000 08:20 204242                     /home/crz/.javacpp/cache/llvm-13.0.1-1.5.7-linux-x86_64.jar/org/bytedeco/llvm/linux-x86_64/libLLVM-13.so
7f834fa6a000-7f834ff7f000 r--p 0653d000 08:20 204242                     /home/crz/.javacpp/cache/llvm-13.0.1-1.5.7-linux-x86_64.jar/org/bytedeco/llvm/linux-x86_64/libLLVM-13.so
7f834ff7f000-7f834ff8a000 rw-p 06a52000 08:20 204242                     /home/crz/.javacpp/cache/llvm-13.0.1-1.5.7-linux-x86_64.jar/org/bytedeco/llvm/linux-x86_64/libLLVM-13.so
7f834ff8a000-7f8350000000 rw-p 00000000 00:00 0 
7f8350000000-7f8350384000 rw-p 00000000 00:00 0 
7f8350384000-7f8354000000 ---p 00000000 00:00 0 
7f8354000000-7f835411d000 rw-p 00000000 00:00 0 
7f835411d000-7f8358000000 ---p 00000000 00:00 0 
7f8358000000-7f8358021000 rw-p 00000000 00:00 0 
7f8358021000-7f835c000000 ---p 00000000 00:00 0 
7f835c000000-7f835c2a0000 rw-p 00000000 00:00 0 
7f835c2a0000-7f8360000000 ---p 00000000 00:00 0 
7f8360000000-7f8360021000 rw-p 00000000 00:00 0 
7f8360021000-7f8364000000 ---p 00000000 00:00 0 
7f8364000000-7f8364021000 rw-p 00000000 00:00 0 
7f8364021000-7f8368000000 ---p 00000000 00:00 0 
7f8368000000-7f8368021000 rw-p 00000000 00:00 0 
7f8368021000-7f836c000000 ---p 00000000 00:00 0 
7f836c000000-7f836c1c4000 rw-p 00000000 00:00 0 
7f836c1c4000-7f8370000000 ---p 00000000 00:00 0 
7f8370000000-7f837040d000 rw-p 00000000 00:00 0 
7f837040d000-7f8374000000 ---p 00000000 00:00 0 
7f8374000000-7f83742ef000 rw-p 00000000 00:00 0 
7f83742ef000-7f8378000000 ---p 00000000 00:00 0 
7f8378000000-7f8378021000 rw-p 00000000 00:00 0 
7f8378021000-7f837c000000 ---p 00000000 00:00 0 
7f837c000000-7f837c021000 rw-p 00000000 00:00 0 
7f837c021000-7f8380000000 ---p 00000000 00:00 0 
7f8380000000-7f8380021000 rw-p 00000000 00:00 0 
7f8380021000-7f8384000000 ---p 00000000 00:00 0 
7f8384000000-7f8384021000 rw-p 00000000 00:00 0 
7f8384021000-7f8388000000 ---p 00000000 00:00 0 
7f8388000000-7f8388021000 rw-p 00000000 00:00 0 
7f8388021000-7f838c000000 ---p 00000000 00:00 0 
7f838c000000-7f838c021000 rw-p 00000000 00:00 0 
7f838c021000-7f8390000000 ---p 00000000 00:00 0 
7f8390000000-7f8390021000 rw-p 00000000 00:00 0 
7f8390021000-7f8394000000 ---p 00000000 00:00 0 
7f8394000000-7f8394021000 rw-p 00000000 00:00 0 
7f8394021000-7f8398000000 ---p 00000000 00:00 0 
7f83984cd000-7f83991c5000 rw-p 00000000 00:00 0 
7f8399291000-7f839961b000 rw-p 00000000 00:00 0 
7f839961b000-7f839961c000 ---p 00000000 00:00 0 
7f839961c000-7f839971c000 rw-p 00000000 00:00 0 
7f839971c000-7f839971d000 ---p 00000000 00:00 0 
7f839971d000-7f839981d000 rw-p 00000000 00:00 0 
7f839981d000-7f839981e000 ---p 00000000 00:00 0 
7f839981e000-7f839991e000 rw-p 00000000 00:00 0 
7f839991e000-7f839991f000 ---p 00000000 00:00 0 
7f839991f000-7f8399a1f000 rw-p 00000000 00:00 0 
7f8399a1f000-7f8399a20000 ---p 00000000 00:00 0 
7f8399a20000-7f8399b20000 rw-p 00000000 00:00 0 
7f8399bbf000-7f8399c41000 rw-p 00000000 00:00 0 
7f8399c41000-7f8399c45000 ---p 00000000 00:00 0 
7f8399c45000-7f8399d41000 rw-p 00000000 00:00 0 
7f8399d41000-7f8399da6000 r--p 00000000 08:20 204256                     /home/crz/.javacpp/cache/llvm-13.0.1-1.5.7-linux-x86_64.jar/org/bytedeco/llvm/linux-x86_64/libjniLLVM.so
7f8399da6000-7f8399e14000 r-xp 00065000 08:20 204256                     /home/crz/.javacpp/cache/llvm-13.0.1-1.5.7-linux-x86_64.jar/org/bytedeco/llvm/linux-x86_64/libjniLLVM.so
7f8399e14000-7f8399e3f000 r--p 000d3000 08:20 204256                     /home/crz/.javacpp/cache/llvm-13.0.1-1.5.7-linux-x86_64.jar/org/bytedeco/llvm/linux-x86_64/libjniLLVM.so
7f8399e3f000-7f8399e42000 r--p 000fd000 08:20 204256                     /home/crz/.javacpp/cache/llvm-13.0.1-1.5.7-linux-x86_64.jar/org/bytedeco/llvm/linux-x86_64/libjniLLVM.so
7f8399e42000-7f8399e45000 rw-p 00100000 08:20 204256                     /home/crz/.javacpp/cache/llvm-13.0.1-1.5.7-linux-x86_64.jar/org/bytedeco/llvm/linux-x86_64/libjniLLVM.so
7f8399e45000-7f8399e47000 rw-p 00000000 00:00 0 
7f8399e47000-7f8399e4e000 r--p 00000000 08:20 204245                     /home/crz/.javacpp/cache/llvm-13.0.1-1.5.7-linux-x86_64.jar/org/bytedeco/llvm/linux-x86_64/libLTO.so.13
7f8399e4e000-7f8399e56000 r-xp 00007000 08:20 204245                     /home/crz/.javacpp/cache/llvm-13.0.1-1.5.7-linux-x86_64.jar/org/bytedeco/llvm/linux-x86_64/libLTO.so.13
7f8399e56000-7f8399e58000 r--p 0000f000 08:20 204245                     /home/crz/.javacpp/cache/llvm-13.0.1-1.5.7-linux-x86_64.jar/org/bytedeco/llvm/linux-x86_64/libLTO.so.13
7f8399e58000-7f8399e59000 r--p 00010000 08:20 204245                     /home/crz/.javacpp/cache/llvm-13.0.1-1.5.7-linux-x86_64.jar/org/bytedeco/llvm/linux-x86_64/libLTO.so.13
7f8399e59000-7f8399e5a000 rw-p 00011000 08:20 204245                     /home/crz/.javacpp/cache/llvm-13.0.1-1.5.7-linux-x86_64.jar/org/bytedeco/llvm/linux-x86_64/libLTO.so.13
7f8399e5a000-7f8399e5e000 ---p 00000000 00:00 0 
7f8399e5e000-7f8399f5a000 rw-p 00000000 00:00 0 
7f8399f5a000-7f8399f5e000 ---p 00000000 00:00 0 
7f8399f5e000-7f839a05a000 rw-p 00000000 00:00 0 
7f839a05a000-7f839a05e000 ---p 00000000 00:00 0 
7f839a05e000-7f839a18b000 rw-p 00000000 00:00 0 
7f839a18b000-7f839a18f000 ---p 00000000 00:00 0 
7f839a18f000-7f839a28b000 rw-p 00000000 00:00 0 
7f839a28b000-7f839a28c000 ---p 00000000 00:00 0 
7f839a28c000-7f839a38c000 rw-p 00000000 00:00 0 
7f839a38c000-7f839a390000 ---p 00000000 00:00 0 
7f839a390000-7f839a48c000 rw-p 00000000 00:00 0 
7f839a48c000-7f839a490000 ---p 00000000 00:00 0 
7f839a490000-7f839a58c000 rw-p 00000000 00:00 0 
7f839a58c000-7f839a590000 ---p 00000000 00:00 0 
7f839a590000-7f839a68c000 rw-p 00000000 00:00 0 
7f839a68c000-7f839a690000 ---p 00000000 00:00 0 
7f839a690000-7f839a78c000 rw-p 00000000 00:00 0 
7f839a78c000-7f839a790000 ---p 00000000 00:00 0 
7f839a790000-7f839a88c000 rw-p 00000000 00:00 0 
7f839a88c000-7f839a890000 ---p 00000000 00:00 0 
7f839a890000-7f839a98c000 rw-p 00000000 00:00 0 
7f839a98c000-7f839af79000 r--p 00000000 08:20 13349                      /usr/lib/locale/locale-archive
7f839af79000-7f839af7d000 ---p 00000000 00:00 0 
7f839af7d000-7f839b079000 rw-p 00000000 00:00 0 
7f839b079000-7f839b07d000 ---p 00000000 00:00 0 
7f839b07d000-7f839b179000 rw-p 00000000 00:00 0 
7f839b179000-7f839b17a000 ---p 00000000 00:00 0 
7f839b17a000-7f839b8fb000 rw-p 00000000 00:00 0 
7f839b8fb000-7f839bafb000 ---p 00000000 00:00 0 
7f839bafb000-7f839bafc000 ---p 00000000 00:00 0 
7f839bafc000-7f839bbfc000 rw-p 00000000 00:00 0 
7f839bbfc000-7f839bbfd000 ---p 00000000 00:00 0 
7f839bbfd000-7f839c000000 rw-p 00000000 00:00 0 
7f839c000000-7f839c021000 rw-p 00000000 00:00 0 
7f839c021000-7f83a0000000 ---p 00000000 00:00 0 
7f83a000b000-7f83a0012000 r--s 00000000 08:20 126784                     /usr/lib/x86_64-linux-gnu/gconv/gconv-modules.cache
7f83a0012000-7f83a2c1e000 rw-p 00000000 00:00 0 
7f83a2c1e000-7f83a2c1f000 ---p 00000000 00:00 0 
7f83a2c1f000-7f83a30ff000 rw-p 00000000 00:00 0 
7f83a30ff000-7f83a5aef000 ---p 00000000 00:00 0 
7f83a5aef000-7f83a5af7000 rw-p 00000000 00:00 0 
7f83a5af7000-7f83a6af7000 ---p 00000000 00:00 0 
7f83a6af7000-7f83a6ed7000 rw-p 00000000 00:00 0 
7f83a6ed7000-7f83a98c7000 ---p 00000000 00:00 0 
7f83a98c7000-7f83a98cf000 rw-p 00000000 00:00 0 
7f83a98cf000-7f83aa8cf000 ---p 00000000 00:00 0 
7f83aa8cf000-7f83aa94b000 rw-p 00000000 00:00 0 
7f83aa94b000-7f83aae89000 ---p 00000000 00:00 0 
7f83aae89000-7f83aae8a000 rw-p 00000000 00:00 0 
7f83aae8a000-7f83ab08a000 ---p 00000000 00:00 0 
7f83ab08a000-7f83ab106000 rw-p 00000000 00:00 0 
7f83ab106000-7f83ab644000 ---p 00000000 00:00 0 
7f83ab644000-7f83ab645000 rw-p 00000000 00:00 0 
7f83ab645000-7f83ab845000 ---p 00000000 00:00 0 
7f83ab845000-7f83ab8c1000 rw-p 00000000 00:00 0 
7f83ab8c1000-7f83abdff000 ---p 00000000 00:00 0 
7f83abdff000-7f83abe00000 rw-p 00000000 00:00 0 
7f83abe00000-7f83ac000000 ---p 00000000 00:00 0 
7f83ac000000-7f83ac021000 rw-p 00000000 00:00 0 
7f83ac021000-7f83b0000000 ---p 00000000 00:00 0 
7f83b0003000-7f83b0007000 r--p 00000000 08:20 204229                     /home/crz/.javacpp/cache/javacpp-1.5.7-linux-x86_64.jar/org/bytedeco/javacpp/linux-x86_64/libjnijavacpp.so
7f83b0007000-7f83b000e000 r-xp 00004000 08:20 204229                     /home/crz/.javacpp/cache/javacpp-1.5.7-linux-x86_64.jar/org/bytedeco/javacpp/linux-x86_64/libjnijavacpp.so
7f83b000e000-7f83b0012000 r--p 0000b000 08:20 204229                     /home/crz/.javacpp/cache/javacpp-1.5.7-linux-x86_64.jar/org/bytedeco/javacpp/linux-x86_64/libjnijavacpp.so
7f83b0012000-7f83b0013000 r--p 0000e000 08:20 204229                     /home/crz/.javacpp/cache/javacpp-1.5.7-linux-x86_64.jar/org/bytedeco/javacpp/linux-x86_64/libjnijavacpp.so
7f83b0013000-7f83b0014000 rw-p 0000f000 08:20 204229                     /home/crz/.javacpp/cache/javacpp-1.5.7-linux-x86_64.jar/org/bytedeco/javacpp/linux-x86_64/libjnijavacpp.so
7f83b0014000-7f83b0018000 r--p 00000000 08:20 134814                     /usr/lib/jvm/java-11-openjdk-amd64/lib/libnet.so
7f83b0018000-7f83b0026000 r-xp 00004000 08:20 134814                     /usr/lib/jvm/java-11-openjdk-amd64/lib/libnet.so
7f83b0026000-7f83b002a000 r--p 00012000 08:20 134814                     /usr/lib/jvm/java-11-openjdk-amd64/lib/libnet.so
7f83b002a000-7f83b002b000 r--p 00015000 08:20 134814                     /usr/lib/jvm/java-11-openjdk-amd64/lib/libnet.so
7f83b002b000-7f83b002c000 rw-p 00016000 08:20 134814                     /usr/lib/jvm/java-11-openjdk-amd64/lib/libnet.so
7f83b002c000-7f83b0033000 r--p 00000000 08:20 134815                     /usr/lib/jvm/java-11-openjdk-amd64/lib/libnio.so
7f83b0033000-7f83b003b000 r-xp 00007000 08:20 134815                     /usr/lib/jvm/java-11-openjdk-amd64/lib/libnio.so
7f83b003b000-7f83b003e000 r--p 0000f000 08:20 134815                     /usr/lib/jvm/java-11-openjdk-amd64/lib/libnio.so
7f83b003e000-7f83b003f000 r--p 00011000 08:20 134815                     /usr/lib/jvm/java-11-openjdk-amd64/lib/libnio.so
7f83b003f000-7f83b0040000 rw-p 00012000 08:20 134815                     /usr/lib/jvm/java-11-openjdk-amd64/lib/libnio.so
7f83b0040000-7f83b00c3000 rw-p 00000000 00:00 0 
7f83b00c3000-7f83b00c4000 ---p 00000000 00:00 0 
7f83b00c4000-7f83b07bf000 rw-p 00000000 00:00 0 
7f83b07bf000-7f83b0a2f000 rwxp 00000000 00:00 0 
7f83b0a2f000-7f83b0efe000 ---p 00000000 00:00 0 
7f83b0efe000-7f83b116e000 rwxp 00000000 00:00 0 
7f83b116e000-7f83b835e000 ---p 00000000 00:00 0 
7f83b835e000-7f83b85ce000 rwxp 00000000 00:00 0 
7f83b85ce000-7f83bf7bf000 ---p 00000000 00:00 0 
7f83bf7bf000-7f83c8000000 r--s 00000000 08:20 134824                     /usr/lib/jvm/java-11-openjdk-amd64/lib/modules
7f83c8000000-7f83c849f000 rw-p 00000000 00:00 0 
7f83c849f000-7f83cc000000 ---p 00000000 00:00 0 
7f83cc000000-7f83cc001000 r--p 00000000 08:20 204251                     /home/crz/.javacpp/cache/llvm-13.0.1-1.5.7-linux-x86_64.jar/org/bytedeco/llvm/linux-x86_64/libRemarks.so.13
7f83cc001000-7f83cc002000 r-xp 00001000 08:20 204251                     /home/crz/.javacpp/cache/llvm-13.0.1-1.5.7-linux-x86_64.jar/org/bytedeco/llvm/linux-x86_64/libRemarks.so.13
7f83cc002000-7f83cc003000 r--p 00002000 08:20 204251                     /home/crz/.javacpp/cache/llvm-13.0.1-1.5.7-linux-x86_64.jar/org/bytedeco/llvm/linux-x86_64/libRemarks.so.13
7f83cc003000-7f83cc004000 r--p 00002000 08:20 204251                     /home/crz/.javacpp/cache/llvm-13.0.1-1.5.7-linux-x86_64.jar/org/bytedeco/llvm/linux-x86_64/libRemarks.so.13
7f83cc004000-7f83cc005000 rw-p 00003000 08:20 204251                     /home/crz/.javacpp/cache/llvm-13.0.1-1.5.7-linux-x86_64.jar/org/bytedeco/llvm/linux-x86_64/libRemarks.so.13
7f83cc005000-7f83cc006000 r--p 00000000 08:20 104103                     /usr/lib/x86_64-linux-gnu/libdl.so.2
7f83cc006000-7f83cc007000 r-xp 00001000 08:20 104103                     /usr/lib/x86_64-linux-gnu/libdl.so.2
7f83cc007000-7f83cc008000 r--p 00002000 08:20 104103                     /usr/lib/x86_64-linux-gnu/libdl.so.2
7f83cc008000-7f83cc009000 r--p 00002000 08:20 104103                     /usr/lib/x86_64-linux-gnu/libdl.so.2
7f83cc009000-7f83cc00a000 rw-p 00003000 08:20 104103                     /usr/lib/x86_64-linux-gnu/libdl.so.2
7f83cc00a000-7f83cc00b000 r--p 00000000 08:20 104244                     /usr/lib/x86_64-linux-gnu/libpthread.so.0
7f83cc00b000-7f83cc00c000 r-xp 00001000 08:20 104244                     /usr/lib/x86_64-linux-gnu/libpthread.so.0
7f83cc00c000-7f83cc00d000 r--p 00002000 08:20 104244                     /usr/lib/x86_64-linux-gnu/libpthread.so.0
7f83cc00d000-7f83cc00e000 r--p 00002000 08:20 104244                     /usr/lib/x86_64-linux-gnu/libpthread.so.0
7f83cc00e000-7f83cc00f000 rw-p 00003000 08:20 104244                     /usr/lib/x86_64-linux-gnu/libpthread.so.0
7f83cc00f000-7f83ccb5c000 rw-p 00000000 00:00 0 
7f83ccb5c000-7f83ccb5d000 ---p 00000000 00:00 0 
7f83ccb5d000-7f83ccc62000 rw-p 00000000 00:00 0 
7f83ccc62000-7f83ccd46000 ---p 00000000 00:00 0 
7f83ccd46000-7f83ccd4b000 rw-p 00000000 00:00 0 
7f83ccd4b000-7f83cce2f000 ---p 00000000 00:00 0 
7f83cce2f000-7f83cce34000 rw-p 00000000 00:00 0 
7f83cce34000-7f83cce3e000 ---p 00000000 00:00 0 
7f83cce3e000-7f83cce40000 r--p 00000000 08:20 134823                     /usr/lib/jvm/java-11-openjdk-amd64/lib/libzip.so
7f83cce40000-7f83cce45000 r-xp 00002000 08:20 134823                     /usr/lib/jvm/java-11-openjdk-amd64/lib/libzip.so
7f83cce45000-7f83cce47000 r--p 00007000 08:20 134823                     /usr/lib/jvm/java-11-openjdk-amd64/lib/libzip.so
7f83cce47000-7f83cce48000 r--p 00008000 08:20 134823                     /usr/lib/jvm/java-11-openjdk-amd64/lib/libzip.so
7f83cce48000-7f83cce49000 rw-p 00009000 08:20 134823                     /usr/lib/jvm/java-11-openjdk-amd64/lib/libzip.so
7f83cce49000-7f83cce51000 rw-s 00000000 08:20 157738                     /tmp/hsperfdata_crz/37515
7f83cce51000-7f83cce53000 r--p 00000000 08:20 134806                     /usr/lib/jvm/java-11-openjdk-amd64/lib/libjimage.so
7f83cce53000-7f83cce56000 r-xp 00002000 08:20 134806                     /usr/lib/jvm/java-11-openjdk-amd64/lib/libjimage.so
7f83cce56000-7f83cce57000 r--p 00005000 08:20 134806                     /usr/lib/jvm/java-11-openjdk-amd64/lib/libjimage.so
7f83cce57000-7f83cce58000 ---p 00006000 08:20 134806                     /usr/lib/jvm/java-11-openjdk-amd64/lib/libjimage.so
7f83cce58000-7f83cce59000 r--p 00006000 08:20 134806                     /usr/lib/jvm/java-11-openjdk-amd64/lib/libjimage.so
7f83cce59000-7f83cce5a000 rw-p 00007000 08:20 134806                     /usr/lib/jvm/java-11-openjdk-amd64/lib/libjimage.so
7f83cce5a000-7f83cce68000 r--p 00000000 08:20 134803                     /usr/lib/jvm/java-11-openjdk-amd64/lib/libjava.so
7f83cce68000-7f83cce7e000 r-xp 0000e000 08:20 134803                     /usr/lib/jvm/java-11-openjdk-amd64/lib/libjava.so
7f83cce7e000-7f83cce85000 r--p 00024000 08:20 134803                     /usr/lib/jvm/java-11-openjdk-amd64/lib/libjava.so
7f83cce85000-7f83cce86000 r--p 0002a000 08:20 134803                     /usr/lib/jvm/java-11-openjdk-amd64/lib/libjava.so
7f83cce86000-7f83cce87000 rw-p 0002b000 08:20 134803                     /usr/lib/jvm/java-11-openjdk-amd64/lib/libjava.so
7f83cce87000-7f83cce88000 rw-p 00000000 00:00 0 
7f83cce88000-7f83cce89000 r--p 00000000 08:20 105137                     /usr/lib/x86_64-linux-gnu/librt.so.1
7f83cce89000-7f83cce8a000 r-xp 00001000 08:20 105137                     /usr/lib/x86_64-linux-gnu/librt.so.1
7f83cce8a000-7f83cce8b000 r--p 00002000 08:20 105137                     /usr/lib/x86_64-linux-gnu/librt.so.1
7f83cce8b000-7f83cce8c000 r--p 00002000 08:20 105137                     /usr/lib/x86_64-linux-gnu/librt.so.1
7f83cce8c000-7f83cce8d000 rw-p 00003000 08:20 105137                     /usr/lib/x86_64-linux-gnu/librt.so.1
7f83cce8d000-7f83cce91000 ---p 00000000 00:00 0 
7f83cce91000-7f83ccf8d000 rw-p 00000000 00:00 0 
7f83ccf8d000-7f83ccf90000 r--p 00000000 08:20 6709                       /usr/lib/x86_64-linux-gnu/libgcc_s.so.1
7f83ccf90000-7f83ccfa7000 r-xp 00003000 08:20 6709                       /usr/lib/x86_64-linux-gnu/libgcc_s.so.1
7f83ccfa7000-7f83ccfab000 r--p 0001a000 08:20 6709                       /usr/lib/x86_64-linux-gnu/libgcc_s.so.1
7f83ccfab000-7f83ccfac000 r--p 0001d000 08:20 6709                       /usr/lib/x86_64-linux-gnu/libgcc_s.so.1
7f83ccfac000-7f83ccfad000 rw-p 0001e000 08:20 6709                       /usr/lib/x86_64-linux-gnu/libgcc_s.so.1
7f83ccfad000-7f83ccfbb000 r--p 00000000 08:20 104109                     /usr/lib/x86_64-linux-gnu/libm.so.6
7f83ccfbb000-7f83cd037000 r-xp 0000e000 08:20 104109                     /usr/lib/x86_64-linux-gnu/libm.so.6
7f83cd037000-7f83cd092000 r--p 0008a000 08:20 104109                     /usr/lib/x86_64-linux-gnu/libm.so.6
7f83cd092000-7f83cd093000 r--p 000e4000 08:20 104109                     /usr/lib/x86_64-linux-gnu/libm.so.6
7f83cd093000-7f83cd094000 rw-p 000e5000 08:20 104109                     /usr/lib/x86_64-linux-gnu/libm.so.6
7f83cd094000-7f83cd12e000 r--p 00000000 08:20 6947                       /usr/lib/x86_64-linux-gnu/libstdc++.so.6.0.30
7f83cd12e000-7f83cd23f000 r-xp 0009a000 08:20 6947                       /usr/lib/x86_64-linux-gnu/libstdc++.so.6.0.30
7f83cd23f000-7f83cd2ae000 r--p 001ab000 08:20 6947                       /usr/lib/x86_64-linux-gnu/libstdc++.so.6.0.30
7f83cd2ae000-7f83cd2af000 ---p 0021a000 08:20 6947                       /usr/lib/x86_64-linux-gnu/libstdc++.so.6.0.30
7f83cd2af000-7f83cd2ba000 r--p 0021a000 08:20 6947                       /usr/lib/x86_64-linux-gnu/libstdc++.so.6.0.30
7f83cd2ba000-7f83cd2bd000 rw-p 00225000 08:20 6947                       /usr/lib/x86_64-linux-gnu/libstdc++.so.6.0.30
7f83cd2bd000-7f83cd2c0000 rw-p 00000000 00:00 0 
7f83cd2c0000-7f83cd543000 r--p 00000000 08:20 134827                     /usr/lib/jvm/java-11-openjdk-amd64/lib/server/libjvm.so
7f83cd543000-7f83ce1ee000 r-xp 00283000 08:20 134827                     /usr/lib/jvm/java-11-openjdk-amd64/lib/server/libjvm.so
7f83ce1ee000-7f83ce44a000 r--p 00f2e000 08:20 134827                     /usr/lib/jvm/java-11-openjdk-amd64/lib/server/libjvm.so
7f83ce44a000-7f83ce50e000 r--p 01189000 08:20 134827                     /usr/lib/jvm/java-11-openjdk-amd64/lib/server/libjvm.so
7f83ce50e000-7f83ce549000 rw-p 0124d000 08:20 134827                     /usr/lib/jvm/java-11-openjdk-amd64/lib/server/libjvm.so
7f83ce549000-7f83ce5a3000 rw-p 00000000 00:00 0 
7f83ce5a3000-7f83ce5cb000 r--p 00000000 08:20 104085                     /usr/lib/x86_64-linux-gnu/libc.so.6
7f83ce5cb000-7f83ce760000 r-xp 00028000 08:20 104085                     /usr/lib/x86_64-linux-gnu/libc.so.6
7f83ce760000-7f83ce7b8000 r--p 001bd000 08:20 104085                     /usr/lib/x86_64-linux-gnu/libc.so.6
7f83ce7b8000-7f83ce7b9000 ---p 00215000 08:20 104085                     /usr/lib/x86_64-linux-gnu/libc.so.6
7f83ce7b9000-7f83ce7bd000 r--p 00215000 08:20 104085                     /usr/lib/x86_64-linux-gnu/libc.so.6
7f83ce7bd000-7f83ce7bf000 rw-p 00219000 08:20 104085                     /usr/lib/x86_64-linux-gnu/libc.so.6
7f83ce7bf000-7f83ce7cc000 rw-p 00000000 00:00 0 
7f83ce7cc000-7f83ce7cf000 r--p 00000000 08:20 134788                     /usr/lib/jvm/java-11-openjdk-amd64/lib/jli/libjli.so
7f83ce7cf000-7f83ce7d9000 r-xp 00003000 08:20 134788                     /usr/lib/jvm/java-11-openjdk-amd64/lib/jli/libjli.so
7f83ce7d9000-7f83ce7dc000 r--p 0000d000 08:20 134788                     /usr/lib/jvm/java-11-openjdk-amd64/lib/jli/libjli.so
7f83ce7dc000-7f83ce7dd000 ---p 00010000 08:20 134788                     /usr/lib/jvm/java-11-openjdk-amd64/lib/jli/libjli.so
7f83ce7dd000-7f83ce7de000 r--p 00010000 08:20 134788                     /usr/lib/jvm/java-11-openjdk-amd64/lib/jli/libjli.so
7f83ce7de000-7f83ce7df000 rw-p 00011000 08:20 134788                     /usr/lib/jvm/java-11-openjdk-amd64/lib/jli/libjli.so
7f83ce7df000-7f83ce7e1000 r--p 00000000 08:20 6997                       /usr/lib/x86_64-linux-gnu/libz.so.1.2.11
7f83ce7e1000-7f83ce7f2000 r-xp 00002000 08:20 6997                       /usr/lib/x86_64-linux-gnu/libz.so.1.2.11
7f83ce7f2000-7f83ce7f8000 r--p 00013000 08:20 6997                       /usr/lib/x86_64-linux-gnu/libz.so.1.2.11
7f83ce7f8000-7f83ce7f9000 ---p 00019000 08:20 6997                       /usr/lib/x86_64-linux-gnu/libz.so.1.2.11
7f83ce7f9000-7f83ce7fa000 r--p 00019000 08:20 6997                       /usr/lib/x86_64-linux-gnu/libz.so.1.2.11
7f83ce7fa000-7f83ce7fb000 rw-p 0001a000 08:20 6997                       /usr/lib/x86_64-linux-gnu/libz.so.1.2.11
7f83ce7fb000-7f83ce7fc000 ---p 00000000 00:00 0 
7f83ce7fc000-7f83ce7fd000 r--p 00000000 00:00 0 
7f83ce7fd000-7f83ce802000 r--p 00000000 08:20 134822                     /usr/lib/jvm/java-11-openjdk-amd64/lib/libverify.so
7f83ce802000-7f83ce809000 r-xp 00005000 08:20 134822                     /usr/lib/jvm/java-11-openjdk-amd64/lib/libverify.so
7f83ce809000-7f83ce80b000 r--p 0000c000 08:20 134822                     /usr/lib/jvm/java-11-openjdk-amd64/lib/libverify.so
7f83ce80b000-7f83ce80d000 r--p 0000d000 08:20 134822                     /usr/lib/jvm/java-11-openjdk-amd64/lib/libverify.so
7f83ce80d000-7f83ce80e000 rw-p 0000f000 08:20 134822                     /usr/lib/jvm/java-11-openjdk-amd64/lib/libverify.so
7f83ce80e000-7f83ce810000 rw-p 00000000 00:00 0 
7f83ce810000-7f83ce812000 r--p 00000000 08:20 104061                     /usr/lib/x86_64-linux-gnu/ld-linux-x86-64.so.2
7f83ce812000-7f83ce83c000 r-xp 00002000 08:20 104061                     /usr/lib/x86_64-linux-gnu/ld-linux-x86-64.so.2
7f83ce83c000-7f83ce847000 r--p 0002c000 08:20 104061                     /usr/lib/x86_64-linux-gnu/ld-linux-x86-64.so.2
7f83ce848000-7f83ce84a000 r--p 00037000 08:20 104061                     /usr/lib/x86_64-linux-gnu/ld-linux-x86-64.so.2
7f83ce84a000-7f83ce84c000 rw-p 00039000 08:20 104061                     /usr/lib/x86_64-linux-gnu/ld-linux-x86-64.so.2
7ffe058ea000-7ffe0590c000 rw-p 00000000 00:00 0                          [stack]
7ffe059e9000-7ffe059ed000 r--p 00000000 00:00 0                          [vvar]
7ffe059ed000-7ffe059ef000 r-xp 00000000 00:00 0                          [vdso]


VM Arguments:
java_command: Main tests/lab6_test/aa_runtimeerror_test.sysy tests/lab6_test/aa_runtimeerror_test.ll
java_class_path (initial): ./classes:/usr/local/lib/antlr-4.9.1-complete.jar:/usr/local/lib/llvm-13.0.1-1.5.7.jar:/usr/local/lib/llvm-13.0.1-1.5.7-linux-x86_64.jar:/usr/local/lib/llvm-platform-13.0.1-1.5.7.jar:/usr/local/lib/javacpp-1.5.7-linux-x86_64.jar:/usr/local/lib/javacpp-1.5.7.jar
Launcher Type: SUN_STANDARD

[Global flags]
     intx CICompilerCount                          = 12                                        {product} {ergonomic}
     uint ConcGCThreads                            = 4                                         {product} {ergonomic}
     uint G1ConcRefinementThreads                  = 15                                        {product} {ergonomic}
   size_t G1HeapRegionSize                         = 1048576                                   {product} {ergonomic}
    uintx GCDrainStackTargetSize                   = 64                                        {product} {ergonomic}
   size_t InitialHeapSize                          = 260046848                                 {product} {ergonomic}
   size_t MarkStackSize                            = 4194304                                   {product} {ergonomic}
   size_t MaxHeapSize                              = 4150263808                                {product} {ergonomic}
   size_t MaxNewSize                               = 2489319424                                {product} {ergonomic}
   size_t MinHeapDeltaBytes                        = 1048576                                   {product} {ergonomic}
    uintx NonNMethodCodeHeapSize                   = 7594288                                {pd product} {ergonomic}
    uintx NonProfiledCodeHeapSize                  = 122031976                              {pd product} {ergonomic}
    uintx ProfiledCodeHeapSize                     = 122031976                              {pd product} {ergonomic}
    uintx ReservedCodeCacheSize                    = 251658240                              {pd product} {ergonomic}
     bool SegmentedCodeCache                       = true                                      {product} {ergonomic}
     bool UseCompressedClassPointers               = true                                 {lp64_product} {ergonomic}
     bool UseCompressedOops                        = true                                 {lp64_product} {ergonomic}
     bool UseG1GC                                  = true                                      {product} {ergonomic}

Logging:
Log output configuration:
 #0: stdout all=warning uptime,level,tags
 #1: stderr all=off uptime,level,tags

Environment Variables:
CLASSPATH=/usr/local/lib/antlr-4.9.1-complete.jar:/usr/local/lib/llvm-13.0.1-1.5.7.jar:/usr/local/lib/llvm-13.0.1-1.5.7-linux-x86_64.jar:/usr/local/lib/llvm-platform-13.0.1-1.5.7.jar:/usr/local/lib/javacpp-1.5.7-linux-x86_64.jar:/usr/local/lib/javacpp-1.5.7.jar
PATH=/home/crz/.local/bin:/home/crz/.cargo/bin:/home/crz/.local/bin:~/my_script:/usr/local/sbin:/usr/local/bin:/usr/sbin:/usr/bin:/sbin:/bin:/usr/games:/usr/local/games:/usr/lib/wsl/lib:/mnt/c/Program Files/Java/jdk-21/bin:/mnt/c/Program Files/Common Files/Oracle/Java/javapath:/mnt/e/vmware/bin/:/mnt/c/Program Files (x86)/Common Files/Oracle/Java/java8path:/mnt/c/Program Files (x86)/Common Files/Oracle/Java/javapath:/mnt/c/Windows/system32:/mnt/c/Windows:/mnt/c/Windows/System32/Wbem:/mnt/c/Windows/System32/WindowsPowerShell/v1.0/:/mnt/c/Windows/System32/OpenSSH/:/mnt/c/Users/crz/Downloads/winlibs-x86_64-posix-seh-gcc-12.3.0-llvm-16.0.4-mingw-w64ucrt-11.0.0-r1.zip/mingw64/bin:/mnt/d/mingw64/bin:/mnt/d/Git/cmd:/mnt/c/Program Files/dotnet/:/mnt/e/SDL-CPLproj/SDL2/mingw(CLion+VSC)/SDL2-2.26.0-allinone/x86_64-w64-mingw32/bin:/mnt/c/Program Files/Cloudflare/Cloudflare WARP/:/mnt/c/Users/crz/AppData/Local/Programs/Python/Python311/Lib/site-packages/pyecharts:/mnt/c/Program Files/MATLAB/R2023a/runtime/win64:/mnt/c/Program Files/MATLAB/R2023a/bin:/mnt/c/Program Files/gs/gs10.03.1/bin:/mnt/e/:/mnt/e/bitvise-ssh:/mnt/d/:/mnt/c/ProgramData/chocolatey/bin:/mnt/c/Program Files/MySQL/MySQL Server 8.0/bin:/mnt/c/Program Files/MySQL/MySQL Shell 8.0/bin/:/mnt/e/anaconda3:/mnt/e/anaconda3/Library/mingw-w64/bin:/mnt/e/anaconda3/Library/usr/bin:/mnt/e/anaconda3/Library/bin:/mnt/e/anaconda3/Scripts:/mnt/c/Users/crz/AppData/Local/Microsoft/WindowsApps:/mnt/c/Users/crz/Downloads/winlibs-x86_64-posix-seh-gcc-12.3.0-llvm-16.0.4-mingw-w64ucrt-11.0.0-r1.zip/mingw64/bin:/mnt/d/mingw64/bin:/mnt/e/Microsoft VS Code/bin:/mnt/e/CLion 2022.3/bin:/mnt/c/Users/crz/AppData/Local/JetBrains/Toolbox/scripts:/mnt/d/PyCharm 2023.3.4/bin:/mnt/d/IntelliJ IDEA 2023.3.4/bin:/mnt/c/Users/crz/anaconda3/Lib/site-packages:/mnt/d/texlive/2024/bin/windows:/mnt/c/Users/crz/AppData/Roaming/npm:/mnt/d/:/mnt/d/WebStorm 2024.3.2.1/bin:/snap/bin:/mnt/c/Users/crz/AppData/Local/Programs/Microsoft VS Code/bin:/mnt/e/Microsoft\ V
SHELL=/bin/bash
DISPLAY=:0.0
HOSTTYPE=x86_64
LANG=en_US.UTF-8
LC_ALL=en_US.UTF-8
TERM=xterm-256color

Signal Handlers:
SIGSEGV: [libjvm.so+0xebbd40], sa_mask[0]=11111111011111111101111111111110, sa_flags=SA_RESTART|SA_SIGINFO
SIGBUS: [libjvm.so+0xebbd40], sa_mask[0]=11111111011111111101111111111110, sa_flags=SA_RESTART|SA_SIGINFO
SIGFPE: [libjvm.so+0xebbd40], sa_mask[0]=11111111011111111101111111111110, sa_flags=SA_RESTART|SA_SIGINFO
SIGPIPE: [libjvm.so+0xbfe040], sa_mask[0]=11111111011111111101111111111110, sa_flags=SA_RESTART|SA_SIGINFO
SIGXFSZ: [libjvm.so+0xbfe040], sa_mask[0]=11111111011111111101111111111110, sa_flags=SA_RESTART|SA_SIGINFO
SIGILL: [libjvm.so+0xebbd40], sa_mask[0]=11111111011111111101111111111110, sa_flags=SA_RESTART|SA_SIGINFO
SIGUSR2: [libjvm.so+0xbfdee0], sa_mask[0]=00000000000000000000000000000000, sa_flags=SA_RESTART|SA_SIGINFO
SIGHUP: [libjvm.so+0xbfe6a0], sa_mask[0]=11111111011111111101111111111110, sa_flags=SA_RESTART|SA_SIGINFO
SIGINT: [libjvm.so+0xbfe6a0], sa_mask[0]=11111111011111111101111111111110, sa_flags=SA_RESTART|SA_SIGINFO
SIGTERM: [libjvm.so+0xbfe6a0], sa_mask[0]=11111111011111111101111111111110, sa_flags=SA_RESTART|SA_SIGINFO
SIGQUIT: [libjvm.so+0xbfe6a0], sa_mask[0]=11111111011111111101111111111110, sa_flags=SA_RESTART|SA_SIGINFO


---------------  S Y S T E M  ---------------

OS:DISTRIB_ID=Ubuntu
DISTRIB_RELEASE=22.04
DISTRIB_CODENAME=jammy
DISTRIB_DESCRIPTION="Ubuntu 22.04.5 LTS"
uname:Linux 5.15.167.4-microsoft-standard-WSL2 #1 SMP Tue Nov 5 00:21:55 UTC 2024 x86_64
OS uptime: 0 days 5:15 hours
libc:glibc 2.35 NPTL 2.35 
rlimit (soft/hard): STACK 8192k/infinity , CORE 0k/infinity , NPROC 63270/63270 , NOFILE 1048576/1048576 , AS infinity/infinity , CPU infinity/infinity , DATA infinity/infinity , FSIZE infinity/infinity , MEMLOCK 65536k/65536k
load average:3.68 1.29 0.77

/proc/meminfo:
MemTotal:       16204140 kB
MemFree:        11666636 kB
MemAvailable:   12968456 kB
Buffers:           22608 kB
Cached:          1535124 kB
SwapCached:            0 kB
Active:           300132 kB
Inactive:        3777088 kB
Active(anon):       2608 kB
Inactive(anon):  2558684 kB
Active(file):     297524 kB
Inactive(file):  1218404 kB
Unevictable:           0 kB
Mlocked:               0 kB
SwapTotal:       4194304 kB
SwapFree:        4194304 kB
Dirty:              1056 kB
Writeback:             0 kB
AnonPages:       2421040 kB
Mapped:          1089060 kB
Shmem:             41804 kB
KReclaimable:      67264 kB
Slab:             156604 kB
SReclaimable:      67264 kB
SUnreclaim:        89340 kB
KernelStack:       10288 kB
PageTables:        17256 kB
NFS_Unstable:          0 kB
Bounce:                0 kB
WritebackTmp:          0 kB
CommitLimit:    12296372 kB
Committed_AS:    4776980 kB
VmallocTotal:   34359738367 kB
VmallocUsed:       33520 kB
VmallocChunk:          0 kB
Percpu:            15264 kB
AnonHugePages:   1748992 kB
ShmemHugePages:        0 kB
ShmemPmdMapped:        0 kB
FileHugePages:         0 kB
FilePmdMapped:         0 kB
HugePages_Total:       0
HugePages_Free:        0
HugePages_Rsvd:        0
HugePages_Surp:        0
Hugepagesize:       2048 kB
Hugetlb:               0 kB
DirectMap4k:      134144 kB
DirectMap2M:     9125888 kB
DirectMap1G:    15728640 kB

/sys/kernel/mm/transparent_hugepage/enabled:
[always] madvise never
/sys/kernel/mm/transparent_hugepage/defrag (defrag/compaction efforts parameter):
always defer defer+madvise [madvise] never

Process Memory:
Virtual Size: 7615792K (peak: 15578236K)
Resident Set Size: 147984K (peak: 148512K) (anon: 89756K, file: 58228K, shmem: 0K)
Swapped out: 0K
C-Heap outstanding allocations: 68677K, retained: 4350K
glibc malloc tunables: (default)

/proc/sys/kernel/threads-max (system-wide limit on the number of threads):
126540
/proc/sys/vm/max_map_count (maximum number of memory map areas a process may have):
65530
/proc/sys/kernel/pid_max (system-wide limit on number of process identifiers):
4194304

container (cgroup) information:
container_type: cgroupv1
cpu_cpuset_cpus: 0-19
cpu_memory_nodes: 0
active_processor_count: 20
cpu_quota: no quota
cpu_period: 100000
cpu_shares: no shares
memory_limit_in_bytes: unlimited
memory_and_swap_limit_in_bytes: unlimited
memory_soft_limit_in_bytes: unlimited
memory_usage_in_bytes: 3979316 k
memory_max_usage_in_bytes: 4034652 k
kernel_memory_limit_in_bytes: unlimited
kernel_memory_usage_in_bytes: 62320 k
kernel_memory_max_usage_in_bytes: 77900 k
maximum number of tasks: not supported
current number of tasks: not supported

Hyper-V virtualization detected
Steal ticks since vm start: 0
Steal ticks percentage since vm start:  0.000

CPU:total 20 (initial active 20) (16 cores per cpu, 2 threads per core) family 6 model 186 stepping 2 microcode 0xffffffff, cmov, cx8, fxsr, mmx, sse, sse2, sse3, ssse3, sse4.1, sse4.2, popcnt, avx, avx2, aes, clmul, erms, 3dnowpref, lzcnt, ht, tsc, tscinvbit, bmi1, bmi2, adx, sha, fma
CPU Model and flags from /proc/cpuinfo:
model name	: 13th Gen Intel(R) Core(TM) i9-13900H
flags		: fpu vme de pse tsc msr pae mce cx8 apic sep mtrr pge mca cmov pat pse36 clflush mmx fxsr sse sse2 ss ht syscall nx pdpe1gb rdtscp lm constant_tsc rep_good nopl xtopology tsc_reliable nonstop_tsc cpuid pni pclmulqdq vmx ssse3 fma cx16 pcid sse4_1 sse4_2 x2apic movbe popcnt tsc_deadline_timer aes xsave avx f16c rdrand hypervisor lahf_lm abm 3dnowprefetch invpcid_single ssbd ibrs ibpb stibp ibrs_enhanced tpr_shadow vnmi ept vpid ept_ad fsgsbase tsc_adjust bmi1 avx2 smep bmi2 erms invpcid rdseed adx smap clflushopt clwb sha_ni xsaveopt xsavec xgetbv1 xsaves avx_vnni umip waitpkg gfni vaes vpclmulqdq rdpid movdiri movdir64b fsrm md_clear serialize flush_l1d arch_capabilities
Online cpus:
0-19
Offline cpus:

BIOS frequency limitation:
<Not Available>
Frequency switch latency (ns):
<Not Available>
Available cpu frequencies:
<Not Available>
Current governor:
<Not Available>
Core performance/turbo boost:
<Not Available>

Memory: 4k page, physical 16204140k(11666636k free), swap 4194304k(4194304k free)

vm_info: OpenJDK 64-Bit Server VM (11.0.27+6-post-Ubuntu-0ubuntu122.04) for linux-amd64 JRE (11.0.27+6-post-Ubuntu-0ubuntu122.04), built on Apr 21 2025 05:59:45 by "unknown" with gcc 11.4.0

END.
