#
# A fatal error has been detected by the Java Runtime Environment:
#
#  SIGSEGV (0xb) at pc=0x000079e0b6154ae4, pid=9454, tid=9455
#
# JRE version: OpenJDK Runtime Environment (11.0.27+6) (build 11.0.27+6-post-Ubuntu-0ubuntu122.04)
# Java VM: OpenJDK 64-Bit Server VM (11.0.27+6-post-Ubuntu-0ubuntu122.04, mixed mode, sharing, tiered, compressed oops, g1 gc, linux-amd64)
# Problematic frame:
# C  [libLLVM-13.so+0xd54ae4]  llvm::PointerType::get(llvm::Type*, unsigned int)+0x14
#
# Core dump will be written. Default location: Core dumps may be processed with "/wsl-capture-crash %t %E %p %s" (or dumping to /home/crz/compilers/Lab/core.9454)
#
# If you would like to submit a bug report, please visit:
#   https://bugs.launchpad.net/ubuntu/+source/openjdk-lts
# The crash happened outside the Java Virtual Machine in native code.
# See problematic frame for where to report the bug.
#

---------------  S U M M A R Y ------------

Command Line: Main tests/develop_test/2.sysy tests/develop_test/2.ll

Host: 13th Gen Intel(R) Core(TM) i9-13900H, 20 cores, 15G, Ubuntu 22.04.5 LTS
Time: Fri Jul  4 09:38:35 2025 CST elapsed time: 0.163709 seconds (0d 0h 0m 0s)

---------------  T H R E A D  ---------------

Current thread (0x000079e134015000):  JavaThread "main" [_thread_in_native, id=9455, stack(0x000079e13a300000,0x000079e13a400000)]

Stack: [0x000079e13a300000,0x000079e13a400000],  sp=0x000079e13a3fd440,  free space=1013k
Native frames: (J=compiled Java code, A=aot compiled Java code, j=interpreted, Vv=VM code, C=native code)
C  [libLLVM-13.so+0xd54ae4]  llvm::PointerType::get(llvm::Type*, unsigned int)+0x14

Java frames: (J=compiled Java code, j=interpreted, Vv=VM code)
j  org.bytedeco.llvm.global.LLVM.LLVMBuildGEP(Lorg/bytedeco/llvm/LLVM/LLVMBuilderRef;Lorg/bytedeco/llvm/LLVM/LLVMValueRef;Lorg/bytedeco/javacpp/PointerPointer;ILjava/lang/String;)Lorg/bytedeco/llvm/LLVM/LLVMValueRef;+0
j  IRGenerationVisitor.visitLVal(LSysYParser$LValContext;)Lorg/bytedeco/llvm/LLVM/LLVMValueRef;+339
j  IRGenerationVisitor.visitLVal(LSysYParser$LValContext;)Ljava/lang/Object;+2
j  SysYParser$LValContext.accept(Lorg/antlr/v4/runtime/tree/ParseTreeVisitor;)Ljava/lang/Object;+12
j  IRGenerationVisitor.visit(Lorg/antlr/v4/runtime/tree/ParseTree;)Lorg/bytedeco/llvm/LLVM/LLVMValueRef;+8
j  IRGenerationVisitor.visitExp(LSysYParser$ExpContext;)Lorg/bytedeco/llvm/LLVM/LLVMValueRef;+858
j  IRGenerationVisitor.visitExp(LSysYParser$ExpContext;)Ljava/lang/Object;+2
j  SysYParser$ExpContext.accept(Lorg/antlr/v4/runtime/tree/ParseTreeVisitor;)Ljava/lang/Object;+12
j  IRGenerationVisitor.visit(Lorg/antlr/v4/runtime/tree/ParseTree;)Lorg/bytedeco/llvm/LLVM/LLVMValueRef;+8
j  IRGenerationVisitor.visitCond(LSysYParser$CondContext;)Lorg/bytedeco/llvm/LLVM/LLVMValueRef;+28
j  IRGenerationVisitor.visitCond(LSysYParser$CondContext;)Ljava/lang/Object;+2
j  SysYParser$CondContext.accept(Lorg/antlr/v4/runtime/tree/ParseTreeVisitor;)Ljava/lang/Object;+12
j  IRGenerationVisitor.visit(Lorg/antlr/v4/runtime/tree/ParseTree;)Lorg/bytedeco/llvm/LLVM/LLVMValueRef;+8
j  IRGenerationVisitor.visitCond(LSysYParser$CondContext;)Lorg/bytedeco/llvm/LLVM/LLVMValueRef;+195
j  IRGenerationVisitor.visitStmt(LSysYParser$StmtContext;)Lorg/bytedeco/llvm/LLVM/LLVMValueRef;+233
j  IRGenerationVisitor.visitStmt(LSysYParser$StmtContext;)Ljava/lang/Object;+2
j  SysYParser$StmtContext.accept(Lorg/antlr/v4/runtime/tree/ParseTreeVisitor;)Ljava/lang/Object;+12
j  IRGenerationVisitor.visit(Lorg/antlr/v4/runtime/tree/ParseTree;)Lorg/bytedeco/llvm/LLVM/LLVMValueRef;+8
j  IRGenerationVisitor.visitBlockItem(LSysYParser$BlockItemContext;)Lorg/bytedeco/llvm/LLVM/LLVMValueRef;+28
j  IRGenerationVisitor.visitBlockItem(LSysYParser$BlockItemContext;)Ljava/lang/Object;+2
j  SysYParser$BlockItemContext.accept(Lorg/antlr/v4/runtime/tree/ParseTreeVisitor;)Ljava/lang/Object;+12
j  IRGenerationVisitor.visit(Lorg/antlr/v4/runtime/tree/ParseTree;)Lorg/bytedeco/llvm/LLVM/LLVMValueRef;+8
j  IRGenerationVisitor.visit_block(LSysYParser$BlockContext;)Ljava/lang/Void;+36
j  IRGenerationVisitor.visitStmt(LSysYParser$StmtContext;)Lorg/bytedeco/llvm/LLVM/LLVMValueRef;+184
j  IRGenerationVisitor.visitStmt(LSysYParser$StmtContext;)Ljava/lang/Object;+2
j  SysYParser$StmtContext.accept(Lorg/antlr/v4/runtime/tree/ParseTreeVisitor;)Ljava/lang/Object;+12
j  IRGenerationVisitor.visit(Lorg/antlr/v4/runtime/tree/ParseTree;)Lorg/bytedeco/llvm/LLVM/LLVMValueRef;+8
j  IRGenerationVisitor.visitBlockItem(LSysYParser$BlockItemContext;)Lorg/bytedeco/llvm/LLVM/LLVMValueRef;+28
j  IRGenerationVisitor.visitBlockItem(LSysYParser$BlockItemContext;)Ljava/lang/Object;+2
j  SysYParser$BlockItemContext.accept(Lorg/antlr/v4/runtime/tree/ParseTreeVisitor;)Ljava/lang/Object;+12
j  IRGenerationVisitor.visit(Lorg/antlr/v4/runtime/tree/ParseTree;)Lorg/bytedeco/llvm/LLVM/LLVMValueRef;+8
j  IRGenerationVisitor.visit_block(LSysYParser$BlockContext;Ljava/util/List;)Ljava/lang/Void;+177
j  IRGenerationVisitor.visitFuncDef(LSysYParser$FuncDefContext;)Lorg/bytedeco/llvm/LLVM/LLVMValueRef;+423
j  IRGenerationVisitor.visitCompUnit(LSysYParser$CompUnitContext;)Lorg/bytedeco/llvm/LLVM/LLVMValueRef;+60
j  IRGenerationVisitor.visitCompUnit(LSysYParser$CompUnitContext;)Ljava/lang/Object;+2
j  SysYParser$CompUnitContext.accept(Lorg/antlr/v4/runtime/tree/ParseTreeVisitor;)Ljava/lang/Object;+12
j  IRGenerationVisitor.visit(Lorg/antlr/v4/runtime/tree/ParseTree;)Lorg/bytedeco/llvm/LLVM/LLVMValueRef;+8
j  IRGenerationVisitor.visitProgram(LSysYParser$ProgramContext;)Lorg/bytedeco/llvm/LLVM/LLVMValueRef;+5
j  IRGenerationVisitor.visitProgram(LSysYParser$ProgramContext;)Ljava/lang/Object;+2
j  SysYParser$ProgramContext.accept(Lorg/antlr/v4/runtime/tree/ParseTreeVisitor;)Ljava/lang/Object;+12
j  IRGenerationVisitor.visit(Lorg/antlr/v4/runtime/tree/ParseTree;)Lorg/bytedeco/llvm/LLVM/LLVMValueRef;+8
j  Main.main([Ljava/lang/String;)V+202
v  ~StubRoutines::call_stub

siginfo: si_signo: 11 (SIGSEGV), si_code: 1 (SEGV_MAPERR), si_addr: 0x0000000000000000

Register to memory mapping:

RAX=0x0 is NULL
RBX=0x0 is NULL
RCX=0x000079e13449ac20 points into unknown readable memory: 0x000079e134483d00 | 00 3d 48 34 e1 79 00 00
RDX=0x000000000000000d is an unknown value
RSP=0x000079e13a3fd440 is pointing into the stack for thread: 0x000079e134015000
RBP=0x000079e1344a21e0 points into unknown readable memory: 0x000079e13449ac20 | 20 ac 49 34 e1 79 00 00
RSI=0x0 is NULL
RDI=0x0 is NULL
R8 =0x0 is NULL
R9 =0x000079e13a3fd3d0 is pointing into the stack for thread: 0x000079e134015000
R10=0x000079e0b54dad58: <offset 0x00000000000dad58> in /home/crz/.javacpp/cache/llvm-13.0.1-1.5.7-linux-x86_64.jar/org/bytedeco/llvm/linux-x86_64/libLLVM-13.so at 0x000079e0b5400000
R11=0x000079e0b602cbb0: LLVMBuildGEP+0x0000000000000000 in /home/crz/.javacpp/cache/llvm-13.0.1-1.5.7-linux-x86_64.jar/org/bytedeco/llvm/linux-x86_64/libLLVM-13.so at 0x000079e0b5400000
R12=0x0 is NULL
R13=0x000079e1344a83b0 points into unknown readable memory: 0x000079e13449a410 | 10 a4 49 34 e1 79 00 00
R14=0x0000000000000002 is an unknown value
R15=0x000079e13449ab60 points into unknown readable memory: 0x000079e134483d00 | 00 3d 48 34 e1 79 00 00


Registers:
RAX=0x0000000000000000, RBX=0x0000000000000000, RCX=0x000079e13449ac20, RDX=0x000000000000000d
RSP=0x000079e13a3fd440, RBP=0x000079e1344a21e0, RSI=0x0000000000000000, RDI=0x0000000000000000
R8 =0x0000000000000000, R9 =0x000079e13a3fd3d0, R10=0x000079e0b54dad58, R11=0x000079e0b602cbb0
R12=0x0000000000000000, R13=0x000079e1344a83b0, R14=0x0000000000000002, R15=0x000079e13449ab60
RIP=0x000079e0b6154ae4, EFLAGS=0x0000000000010202, CSGSFS=0x002b000000000033, ERR=0x0000000000000004
  TRAPNO=0x000000000000000e

Top of Stack: (sp=0x000079e13a3fd440)
0x000079e13a3fd440:   000079e134015350 000079e105c94546
0x000079e13a3fd450:   00000000000000b0 0000000000000003
0x000079e13a3fd460:   000079e13a3fd658 000079e134472a80
0x000079e13a3fd470:   000079e1344a21e0 000079e134495500 

Instructions: (pc=0x000079e0b6154ae4)
0x000079e0b61549e4:   00 e0 ff ff 75 07 48 85 c9 49 0f 44 c8 45 01 d1
0x000079e0b61549f4:   45 8d 5a 01 41 21 f9 45 89 c8 49 c1 e0 04 49 01
0x000079e0b6154a04:   c0 49 8b 10 48 85 d2 0f 85 85 00 00 00 4c 89 c0
0x000079e0b6154a14:   e9 e7 f6 ff ff 8b 83 f8 08 00 00 8d 48 01 48 85
0x000079e0b6154a24:   ff 0f 84 fc f6 ff ff 48 8b 07 48 89 fa e9 57 f2
0x000079e0b6154a34:   ff ff 48 85 ff 75 0b 48 81 f9 00 e0 ff ff 49 0f
0x000079e0b6154a44:   44 f8 45 01 d1 45 8d 5a 01 41 21 d1 45 89 c8 49
0x000079e0b6154a54:   c1 e0 04 49 01 c0 49 8b 08 48 85 c9 74 af 45 89
0x000079e0b6154a64:   da e9 3f fc ff ff 48 81 ff 00 e0 ff ff 0f 85 a4
0x000079e0b6154a74:   f7 ff ff 83 7a 08 fe 0f 85 9a f7 ff ff 4d 85 c0
0x000079e0b6154a84:   4c 0f 44 c2 e9 8e f7 ff ff 89 54 24 08 e9 ee fd
0x000079e0b6154a94:   ff ff 45 89 da e9 42 fe ff ff 48 81 fe 00 e0 ff
0x000079e0b6154aa4:   ff 0f 85 51 fa ff ff 83 7a 08 fe 0f 85 47 fa ff
0x000079e0b6154ab4:   ff 48 85 ff 48 0f 44 fa e9 3b fa ff ff e9 c7 42
0x000079e0b6154ac4:   bd ff 66 2e 0f 1f 84 00 00 00 00 00 41 57 41 56
0x000079e0b6154ad4:   41 55 41 54 41 89 f4 55 53 48 89 fb 48 83 ec 28
0x000079e0b6154ae4:   48 8b 3f 48 8b 2f 80 bd d0 08 00 00 00 75 7d 80
0x000079e0b6154af4:   7b 08 0f 75 07 48 83 7b 18 00 74 70 45 85 e4 0f
0x000079e0b6154b04:   85 87 00 00 00 44 8b bd e8 08 00 00 4c 8b ad d8
0x000079e0b6154b14:   08 00 00 45 85 ff 0f 84 50 01 00 00 41 89 de 89
0x000079e0b6154b24:   d8 45 8d 47 ff c1 e8 09 41 c1 ee 04 41 31 c6 44
0x000079e0b6154b34:   89 f7 44 21 c7 89 f8 48 c1 e0 04 49 8d 54 05 00
0x000079e0b6154b44:   48 8b 32 48 39 de 0f 85 70 07 00 00 48 8b 42 08
0x000079e0b6154b54:   4c 8d 72 08 48 85 c0 0f 84 b4 02 00 00 48 83 c4
0x000079e0b6154b64:   28 5b 5d 41 5c 41 5d 41 5e 41 5f c3 48 83 c4 28
0x000079e0b6154b74:   44 89 e6 5b 5d 41 5c 41 5d 41 5e 41 5f e9 ba ef
0x000079e0b6154b84:   ff ff 66 2e 0f 1f 84 00 00 00 00 00 44 8b bd 00
0x000079e0b6154b94:   09 00 00 4c 8b ad f0 08 00 00 45 85 ff 0f 84 51
0x000079e0b6154ba4:   03 00 00 89 d8 89 da 41 8d 77 ff 41 b8 01 00 00
0x000079e0b6154bb4:   00 c1 ea 09 c1 e8 04 89 f7 31 d0 43 8d 14 e4 41
0x000079e0b6154bc4:   8d 14 94 48 c1 e0 20 48 09 d0 48 c1 e2 20 48 83
0x000079e0b6154bd4:   e8 01 48 29 d0 48 89 c2 48 c1 ea 16 48 31 d0 48 


Stack slot to memory mapping:
stack at sp + 0 slots: 0x000079e134015350 points into unknown readable memory: 0x000079e13a254b60 | 60 4b 25 3a e1 79 00 00
stack at sp + 1 slots: 0x000079e105c94546: _ZN7JNIEnv_16CallObjectMethodEP8_jobjectP10_jmethodIDz+0x0000000000000086 in /home/crz/.javacpp/cache/llvm-13.0.1-1.5.7-linux-x86_64.jar/org/bytedeco/llvm/linux-x86_64/libjniLLVM.so at 0x000079e105bc8000
stack at sp + 2 slots: 0x00000000000000b0 is an unknown value
stack at sp + 3 slots: 0x0000000000000003 is an unknown value
stack at sp + 4 slots: 0x000079e13a3fd658 is pointing into the stack for thread: 0x000079e134015000
stack at sp + 5 slots: 0x000079e134472a80 points into unknown readable memory: 0x000079e134472a90 | 90 2a 47 34 e1 79 00 00
stack at sp + 6 slots: 0x000079e1344a21e0 points into unknown readable memory: 0x000079e13449ac20 | 20 ac 49 34 e1 79 00 00
stack at sp + 7 slots: 0x000079e134495500 points into unknown readable memory: 0x312d312e302e3331 | 31 33 2e 30 2e 31 2d 31


---------------  P R O C E S S  ---------------

Threads class SMR info:
_java_thread_list=0x000079e0dc1081e0, length=14, elements={
0x000079e134015000, 0x000079e1341ec000, 0x000079e1341ee000, 0x000079e1341f3800,
0x000079e1341f5800, 0x000079e1341f8000, 0x000079e1341fa000, 0x000079e1341fc000,
0x000079e0e0084000, 0x000079e13422f000, 0x000079e0d8152000, 0x000079e134402800,
0x000079e0d8159800, 0x000079e0dc0e6800
}

Java Threads: ( => current thread )
=>0x000079e134015000 JavaThread "main" [_thread_in_native, id=9455, stack(0x000079e13a300000,0x000079e13a400000)]
  0x000079e1341ec000 JavaThread "Reference Handler" daemon [_thread_blocked, id=9462, stack(0x000079e106ff9000,0x000079e1070f9000)]
  0x000079e1341ee000 JavaThread "Finalizer" daemon [_thread_blocked, id=9463, stack(0x000079e106ef9000,0x000079e106ff9000)]
  0x000079e1341f3800 JavaThread "Signal Dispatcher" daemon [_thread_blocked, id=9464, stack(0x000079e106df9000,0x000079e106ef9000)]
  0x000079e1341f5800 JavaThread "Service Thread" daemon [_thread_blocked, id=9465, stack(0x000079e106700000,0x000079e106800000)]
  0x000079e1341f8000 JavaThread "C2 CompilerThread0" daemon [_thread_blocked, id=9466, stack(0x000079e106600000,0x000079e106700000)]
  0x000079e1341fa000 JavaThread "C1 CompilerThread0" daemon [_thread_blocked, id=9467, stack(0x000079e106500000,0x000079e106600000)]
  0x000079e1341fc000 JavaThread "Sweeper thread" daemon [_thread_blocked, id=9468, stack(0x000079e106400000,0x000079e106500000)]
  0x000079e0e0084000 JavaThread "C1 CompilerThread1" daemon [_thread_blocked, id=9469, stack(0x000079e106300000,0x000079e106400000)]
  0x000079e13422f000 JavaThread "Common-Cleaner" daemon [_thread_blocked, id=9471, stack(0x000079e1060ff000,0x000079e1061ff000)]
  0x000079e0d8152000 JavaThread "C1 CompilerThread2" daemon [_thread_blocked, id=9472, stack(0x000079e105fce000,0x000079e1060ce000)]
  0x000079e134402800 JavaThread "JavaCPP Deallocator" daemon [_thread_blocked, id=9473, stack(0x000079e105ece000,0x000079e105fce000)]
  0x000079e0d8159800 JavaThread "C2 CompilerThread1" daemon [_thread_blocked, id=9474, stack(0x000079e105dce000,0x000079e105ece000)]
  0x000079e0dc0e6800 JavaThread "C2 CompilerThread2" daemon [_thread_blocked, id=9475, stack(0x000079e105cce000,0x000079e105dce000)]

Other Threads:
  0x000079e1341e9000 VMThread "VM Thread" [stack: 0x000079e1070fa000,0x000079e1071fa000] [id=9461]
  0x000079e13422c800 WatcherThread [stack: 0x000079e106200000,0x000079e106300000] [id=9470]
  0x000079e13402f800 GCTaskThread "GC Thread#0" [stack: 0x000079e138a17000,0x000079e138b17000] [id=9456]
  0x000079e13408d800 ConcurrentGCThread "G1 Main Marker" [stack: 0x000079e10ec32000,0x000079e10ed32000] [id=9457]
  0x000079e13408f800 ConcurrentGCThread "G1 Conc#0" [stack: 0x000079e10eb31000,0x000079e10ec31000] [id=9458]
  0x000079e1341aa800 ConcurrentGCThread "G1 Refine#0" [stack: 0x000079e107afc000,0x000079e107bfc000] [id=9459]
  0x000079e1341ac800 ConcurrentGCThread "G1 Young RemSet Sampling" [stack: 0x000079e1079fb000,0x000079e107afb000] [id=9460]

Threads with active compile tasks:

VM state:not at safepoint (normal execution)

VM Mutex/Monitor currently owned by a thread: None

Heap address: 0x0000000708c00000, size: 3956 MB, Compressed Oops mode: Zero based, Oop shift amount: 3
Narrow klass base: 0x0000000800000000, Narrow klass shift: 3
Compressed class space size: 1073741824 Address: 0x0000000840000000

Heap:
 garbage-first heap   total 256000K, used 9936K [0x0000000708c00000, 0x0000000800000000)
  region size 1024K, 11 young (11264K), 0 survivors (0K)
 Metaspace       used 3934K, capacity 6736K, committed 6912K, reserved 1056768K
  class space    used 417K, capacity 714K, committed 768K, reserved 1048576K
Heap Regions: E=young(eden), S=young(survivor), O=old, HS=humongous(starts), HC=humongous(continues), CS=collection set, F=free, A=archive, TAMS=top-at-mark-start (previous, next)
|   0|0x0000000708c00000, 0x0000000708c00000, 0x0000000708d00000|  0%| F|  |TAMS 0x0000000708c00000, 0x0000000708c00000| Untracked 
|   1|0x0000000708d00000, 0x0000000708d00000, 0x0000000708e00000|  0%| F|  |TAMS 0x0000000708d00000, 0x0000000708d00000| Untracked 
|   2|0x0000000708e00000, 0x0000000708e00000, 0x0000000708f00000|  0%| F|  |TAMS 0x0000000708e00000, 0x0000000708e00000| Untracked 
|   3|0x0000000708f00000, 0x0000000708f00000, 0x0000000709000000|  0%| F|  |TAMS 0x0000000708f00000, 0x0000000708f00000| Untracked 
|   4|0x0000000709000000, 0x0000000709000000, 0x0000000709100000|  0%| F|  |TAMS 0x0000000709000000, 0x0000000709000000| Untracked 
|   5|0x0000000709100000, 0x0000000709100000, 0x0000000709200000|  0%| F|  |TAMS 0x0000000709100000, 0x0000000709100000| Untracked 
|   6|0x0000000709200000, 0x0000000709200000, 0x0000000709300000|  0%| F|  |TAMS 0x0000000709200000, 0x0000000709200000| Untracked 
|   7|0x0000000709300000, 0x0000000709300000, 0x0000000709400000|  0%| F|  |TAMS 0x0000000709300000, 0x0000000709300000| Untracked 
|   8|0x0000000709400000, 0x0000000709400000, 0x0000000709500000|  0%| F|  |TAMS 0x0000000709400000, 0x0000000709400000| Untracked 
|   9|0x0000000709500000, 0x0000000709500000, 0x0000000709600000|  0%| F|  |TAMS 0x0000000709500000, 0x0000000709500000| Untracked 
|  10|0x0000000709600000, 0x0000000709600000, 0x0000000709700000|  0%| F|  |TAMS 0x0000000709600000, 0x0000000709600000| Untracked 
|  11|0x0000000709700000, 0x0000000709700000, 0x0000000709800000|  0%| F|  |TAMS 0x0000000709700000, 0x0000000709700000| Untracked 
|  12|0x0000000709800000, 0x0000000709800000, 0x0000000709900000|  0%| F|  |TAMS 0x0000000709800000, 0x0000000709800000| Untracked 
|  13|0x0000000709900000, 0x0000000709900000, 0x0000000709a00000|  0%| F|  |TAMS 0x0000000709900000, 0x0000000709900000| Untracked 
|  14|0x0000000709a00000, 0x0000000709a00000, 0x0000000709b00000|  0%| F|  |TAMS 0x0000000709a00000, 0x0000000709a00000| Untracked 
|  15|0x0000000709b00000, 0x0000000709b00000, 0x0000000709c00000|  0%| F|  |TAMS 0x0000000709b00000, 0x0000000709b00000| Untracked 
|  16|0x0000000709c00000, 0x0000000709c00000, 0x0000000709d00000|  0%| F|  |TAMS 0x0000000709c00000, 0x0000000709c00000| Untracked 
|  17|0x0000000709d00000, 0x0000000709d00000, 0x0000000709e00000|  0%| F|  |TAMS 0x0000000709d00000, 0x0000000709d00000| Untracked 
|  18|0x0000000709e00000, 0x0000000709e00000, 0x0000000709f00000|  0%| F|  |TAMS 0x0000000709e00000, 0x0000000709e00000| Untracked 
|  19|0x0000000709f00000, 0x0000000709f00000, 0x000000070a000000|  0%| F|  |TAMS 0x0000000709f00000, 0x0000000709f00000| Untracked 
|  20|0x000000070a000000, 0x000000070a000000, 0x000000070a100000|  0%| F|  |TAMS 0x000000070a000000, 0x000000070a000000| Untracked 
|  21|0x000000070a100000, 0x000000070a100000, 0x000000070a200000|  0%| F|  |TAMS 0x000000070a100000, 0x000000070a100000| Untracked 
|  22|0x000000070a200000, 0x000000070a200000, 0x000000070a300000|  0%| F|  |TAMS 0x000000070a200000, 0x000000070a200000| Untracked 
|  23|0x000000070a300000, 0x000000070a300000, 0x000000070a400000|  0%| F|  |TAMS 0x000000070a300000, 0x000000070a300000| Untracked 
|  24|0x000000070a400000, 0x000000070a400000, 0x000000070a500000|  0%| F|  |TAMS 0x000000070a400000, 0x000000070a400000| Untracked 
|  25|0x000000070a500000, 0x000000070a500000, 0x000000070a600000|  0%| F|  |TAMS 0x000000070a500000, 0x000000070a500000| Untracked 
|  26|0x000000070a600000, 0x000000070a600000, 0x000000070a700000|  0%| F|  |TAMS 0x000000070a600000, 0x000000070a600000| Untracked 
|  27|0x000000070a700000, 0x000000070a700000, 0x000000070a800000|  0%| F|  |TAMS 0x000000070a700000, 0x000000070a700000| Untracked 
|  28|0x000000070a800000, 0x000000070a800000, 0x000000070a900000|  0%| F|  |TAMS 0x000000070a800000, 0x000000070a800000| Untracked 
|  29|0x000000070a900000, 0x000000070a900000, 0x000000070aa00000|  0%| F|  |TAMS 0x000000070a900000, 0x000000070a900000| Untracked 
|  30|0x000000070aa00000, 0x000000070aa00000, 0x000000070ab00000|  0%| F|  |TAMS 0x000000070aa00000, 0x000000070aa00000| Untracked 
|  31|0x000000070ab00000, 0x000000070ab00000, 0x000000070ac00000|  0%| F|  |TAMS 0x000000070ab00000, 0x000000070ab00000| Untracked 
|  32|0x000000070ac00000, 0x000000070ac00000, 0x000000070ad00000|  0%| F|  |TAMS 0x000000070ac00000, 0x000000070ac00000| Untracked 
|  33|0x000000070ad00000, 0x000000070ad00000, 0x000000070ae00000|  0%| F|  |TAMS 0x000000070ad00000, 0x000000070ad00000| Untracked 
|  34|0x000000070ae00000, 0x000000070ae00000, 0x000000070af00000|  0%| F|  |TAMS 0x000000070ae00000, 0x000000070ae00000| Untracked 
|  35|0x000000070af00000, 0x000000070af00000, 0x000000070b000000|  0%| F|  |TAMS 0x000000070af00000, 0x000000070af00000| Untracked 
|  36|0x000000070b000000, 0x000000070b000000, 0x000000070b100000|  0%| F|  |TAMS 0x000000070b000000, 0x000000070b000000| Untracked 
|  37|0x000000070b100000, 0x000000070b100000, 0x000000070b200000|  0%| F|  |TAMS 0x000000070b100000, 0x000000070b100000| Untracked 
|  38|0x000000070b200000, 0x000000070b200000, 0x000000070b300000|  0%| F|  |TAMS 0x000000070b200000, 0x000000070b200000| Untracked 
|  39|0x000000070b300000, 0x000000070b300000, 0x000000070b400000|  0%| F|  |TAMS 0x000000070b300000, 0x000000070b300000| Untracked 
|  40|0x000000070b400000, 0x000000070b400000, 0x000000070b500000|  0%| F|  |TAMS 0x000000070b400000, 0x000000070b400000| Untracked 
|  41|0x000000070b500000, 0x000000070b500000, 0x000000070b600000|  0%| F|  |TAMS 0x000000070b500000, 0x000000070b500000| Untracked 
|  42|0x000000070b600000, 0x000000070b600000, 0x000000070b700000|  0%| F|  |TAMS 0x000000070b600000, 0x000000070b600000| Untracked 
|  43|0x000000070b700000, 0x000000070b700000, 0x000000070b800000|  0%| F|  |TAMS 0x000000070b700000, 0x000000070b700000| Untracked 
|  44|0x000000070b800000, 0x000000070b800000, 0x000000070b900000|  0%| F|  |TAMS 0x000000070b800000, 0x000000070b800000| Untracked 
|  45|0x000000070b900000, 0x000000070b900000, 0x000000070ba00000|  0%| F|  |TAMS 0x000000070b900000, 0x000000070b900000| Untracked 
|  46|0x000000070ba00000, 0x000000070ba00000, 0x000000070bb00000|  0%| F|  |TAMS 0x000000070ba00000, 0x000000070ba00000| Untracked 
|  47|0x000000070bb00000, 0x000000070bb00000, 0x000000070bc00000|  0%| F|  |TAMS 0x000000070bb00000, 0x000000070bb00000| Untracked 
|  48|0x000000070bc00000, 0x000000070bc00000, 0x000000070bd00000|  0%| F|  |TAMS 0x000000070bc00000, 0x000000070bc00000| Untracked 
|  49|0x000000070bd00000, 0x000000070bd00000, 0x000000070be00000|  0%| F|  |TAMS 0x000000070bd00000, 0x000000070bd00000| Untracked 
|  50|0x000000070be00000, 0x000000070be00000, 0x000000070bf00000|  0%| F|  |TAMS 0x000000070be00000, 0x000000070be00000| Untracked 
|  51|0x000000070bf00000, 0x000000070bf00000, 0x000000070c000000|  0%| F|  |TAMS 0x000000070bf00000, 0x000000070bf00000| Untracked 
|  52|0x000000070c000000, 0x000000070c000000, 0x000000070c100000|  0%| F|  |TAMS 0x000000070c000000, 0x000000070c000000| Untracked 
|  53|0x000000070c100000, 0x000000070c100000, 0x000000070c200000|  0%| F|  |TAMS 0x000000070c100000, 0x000000070c100000| Untracked 
|  54|0x000000070c200000, 0x000000070c200000, 0x000000070c300000|  0%| F|  |TAMS 0x000000070c200000, 0x000000070c200000| Untracked 
|  55|0x000000070c300000, 0x000000070c300000, 0x000000070c400000|  0%| F|  |TAMS 0x000000070c300000, 0x000000070c300000| Untracked 
|  56|0x000000070c400000, 0x000000070c400000, 0x000000070c500000|  0%| F|  |TAMS 0x000000070c400000, 0x000000070c400000| Untracked 
|  57|0x000000070c500000, 0x000000070c500000, 0x000000070c600000|  0%| F|  |TAMS 0x000000070c500000, 0x000000070c500000| Untracked 
|  58|0x000000070c600000, 0x000000070c600000, 0x000000070c700000|  0%| F|  |TAMS 0x000000070c600000, 0x000000070c600000| Untracked 
|  59|0x000000070c700000, 0x000000070c700000, 0x000000070c800000|  0%| F|  |TAMS 0x000000070c700000, 0x000000070c700000| Untracked 
|  60|0x000000070c800000, 0x000000070c800000, 0x000000070c900000|  0%| F|  |TAMS 0x000000070c800000, 0x000000070c800000| Untracked 
|  61|0x000000070c900000, 0x000000070c900000, 0x000000070ca00000|  0%| F|  |TAMS 0x000000070c900000, 0x000000070c900000| Untracked 
|  62|0x000000070ca00000, 0x000000070ca00000, 0x000000070cb00000|  0%| F|  |TAMS 0x000000070ca00000, 0x000000070ca00000| Untracked 
|  63|0x000000070cb00000, 0x000000070cb00000, 0x000000070cc00000|  0%| F|  |TAMS 0x000000070cb00000, 0x000000070cb00000| Untracked 
|  64|0x000000070cc00000, 0x000000070cc00000, 0x000000070cd00000|  0%| F|  |TAMS 0x000000070cc00000, 0x000000070cc00000| Untracked 
|  65|0x000000070cd00000, 0x000000070cd00000, 0x000000070ce00000|  0%| F|  |TAMS 0x000000070cd00000, 0x000000070cd00000| Untracked 
|  66|0x000000070ce00000, 0x000000070ce00000, 0x000000070cf00000|  0%| F|  |TAMS 0x000000070ce00000, 0x000000070ce00000| Untracked 
|  67|0x000000070cf00000, 0x000000070cf00000, 0x000000070d000000|  0%| F|  |TAMS 0x000000070cf00000, 0x000000070cf00000| Untracked 
|  68|0x000000070d000000, 0x000000070d000000, 0x000000070d100000|  0%| F|  |TAMS 0x000000070d000000, 0x000000070d000000| Untracked 
|  69|0x000000070d100000, 0x000000070d100000, 0x000000070d200000|  0%| F|  |TAMS 0x000000070d100000, 0x000000070d100000| Untracked 
|  70|0x000000070d200000, 0x000000070d200000, 0x000000070d300000|  0%| F|  |TAMS 0x000000070d200000, 0x000000070d200000| Untracked 
|  71|0x000000070d300000, 0x000000070d300000, 0x000000070d400000|  0%| F|  |TAMS 0x000000070d300000, 0x000000070d300000| Untracked 
|  72|0x000000070d400000, 0x000000070d400000, 0x000000070d500000|  0%| F|  |TAMS 0x000000070d400000, 0x000000070d400000| Untracked 
|  73|0x000000070d500000, 0x000000070d500000, 0x000000070d600000|  0%| F|  |TAMS 0x000000070d500000, 0x000000070d500000| Untracked 
|  74|0x000000070d600000, 0x000000070d600000, 0x000000070d700000|  0%| F|  |TAMS 0x000000070d600000, 0x000000070d600000| Untracked 
|  75|0x000000070d700000, 0x000000070d700000, 0x000000070d800000|  0%| F|  |TAMS 0x000000070d700000, 0x000000070d700000| Untracked 
|  76|0x000000070d800000, 0x000000070d800000, 0x000000070d900000|  0%| F|  |TAMS 0x000000070d800000, 0x000000070d800000| Untracked 
|  77|0x000000070d900000, 0x000000070d900000, 0x000000070da00000|  0%| F|  |TAMS 0x000000070d900000, 0x000000070d900000| Untracked 
|  78|0x000000070da00000, 0x000000070da00000, 0x000000070db00000|  0%| F|  |TAMS 0x000000070da00000, 0x000000070da00000| Untracked 
|  79|0x000000070db00000, 0x000000070db00000, 0x000000070dc00000|  0%| F|  |TAMS 0x000000070db00000, 0x000000070db00000| Untracked 
|  80|0x000000070dc00000, 0x000000070dc00000, 0x000000070dd00000|  0%| F|  |TAMS 0x000000070dc00000, 0x000000070dc00000| Untracked 
|  81|0x000000070dd00000, 0x000000070dd00000, 0x000000070de00000|  0%| F|  |TAMS 0x000000070dd00000, 0x000000070dd00000| Untracked 
|  82|0x000000070de00000, 0x000000070de00000, 0x000000070df00000|  0%| F|  |TAMS 0x000000070de00000, 0x000000070de00000| Untracked 
|  83|0x000000070df00000, 0x000000070df00000, 0x000000070e000000|  0%| F|  |TAMS 0x000000070df00000, 0x000000070df00000| Untracked 
|  84|0x000000070e000000, 0x000000070e000000, 0x000000070e100000|  0%| F|  |TAMS 0x000000070e000000, 0x000000070e000000| Untracked 
|  85|0x000000070e100000, 0x000000070e100000, 0x000000070e200000|  0%| F|  |TAMS 0x000000070e100000, 0x000000070e100000| Untracked 
|  86|0x000000070e200000, 0x000000070e200000, 0x000000070e300000|  0%| F|  |TAMS 0x000000070e200000, 0x000000070e200000| Untracked 
|  87|0x000000070e300000, 0x000000070e300000, 0x000000070e400000|  0%| F|  |TAMS 0x000000070e300000, 0x000000070e300000| Untracked 
|  88|0x000000070e400000, 0x000000070e400000, 0x000000070e500000|  0%| F|  |TAMS 0x000000070e400000, 0x000000070e400000| Untracked 
|  89|0x000000070e500000, 0x000000070e500000, 0x000000070e600000|  0%| F|  |TAMS 0x000000070e500000, 0x000000070e500000| Untracked 
|  90|0x000000070e600000, 0x000000070e600000, 0x000000070e700000|  0%| F|  |TAMS 0x000000070e600000, 0x000000070e600000| Untracked 
|  91|0x000000070e700000, 0x000000070e700000, 0x000000070e800000|  0%| F|  |TAMS 0x000000070e700000, 0x000000070e700000| Untracked 
|  92|0x000000070e800000, 0x000000070e800000, 0x000000070e900000|  0%| F|  |TAMS 0x000000070e800000, 0x000000070e800000| Untracked 
|  93|0x000000070e900000, 0x000000070e900000, 0x000000070ea00000|  0%| F|  |TAMS 0x000000070e900000, 0x000000070e900000| Untracked 
|  94|0x000000070ea00000, 0x000000070ea00000, 0x000000070eb00000|  0%| F|  |TAMS 0x000000070ea00000, 0x000000070ea00000| Untracked 
|  95|0x000000070eb00000, 0x000000070eb00000, 0x000000070ec00000|  0%| F|  |TAMS 0x000000070eb00000, 0x000000070eb00000| Untracked 
|  96|0x000000070ec00000, 0x000000070ec00000, 0x000000070ed00000|  0%| F|  |TAMS 0x000000070ec00000, 0x000000070ec00000| Untracked 
|  97|0x000000070ed00000, 0x000000070ed00000, 0x000000070ee00000|  0%| F|  |TAMS 0x000000070ed00000, 0x000000070ed00000| Untracked 
|  98|0x000000070ee00000, 0x000000070ee00000, 0x000000070ef00000|  0%| F|  |TAMS 0x000000070ee00000, 0x000000070ee00000| Untracked 
|  99|0x000000070ef00000, 0x000000070ef00000, 0x000000070f000000|  0%| F|  |TAMS 0x000000070ef00000, 0x000000070ef00000| Untracked 
| 100|0x000000070f000000, 0x000000070f000000, 0x000000070f100000|  0%| F|  |TAMS 0x000000070f000000, 0x000000070f000000| Untracked 
| 101|0x000000070f100000, 0x000000070f100000, 0x000000070f200000|  0%| F|  |TAMS 0x000000070f100000, 0x000000070f100000| Untracked 
| 102|0x000000070f200000, 0x000000070f200000, 0x000000070f300000|  0%| F|  |TAMS 0x000000070f200000, 0x000000070f200000| Untracked 
| 103|0x000000070f300000, 0x000000070f300000, 0x000000070f400000|  0%| F|  |TAMS 0x000000070f300000, 0x000000070f300000| Untracked 
| 104|0x000000070f400000, 0x000000070f400000, 0x000000070f500000|  0%| F|  |TAMS 0x000000070f400000, 0x000000070f400000| Untracked 
| 105|0x000000070f500000, 0x000000070f500000, 0x000000070f600000|  0%| F|  |TAMS 0x000000070f500000, 0x000000070f500000| Untracked 
| 106|0x000000070f600000, 0x000000070f600000, 0x000000070f700000|  0%| F|  |TAMS 0x000000070f600000, 0x000000070f600000| Untracked 
| 107|0x000000070f700000, 0x000000070f700000, 0x000000070f800000|  0%| F|  |TAMS 0x000000070f700000, 0x000000070f700000| Untracked 
| 108|0x000000070f800000, 0x000000070f800000, 0x000000070f900000|  0%| F|  |TAMS 0x000000070f800000, 0x000000070f800000| Untracked 
| 109|0x000000070f900000, 0x000000070f900000, 0x000000070fa00000|  0%| F|  |TAMS 0x000000070f900000, 0x000000070f900000| Untracked 
| 110|0x000000070fa00000, 0x000000070fa00000, 0x000000070fb00000|  0%| F|  |TAMS 0x000000070fa00000, 0x000000070fa00000| Untracked 
| 111|0x000000070fb00000, 0x000000070fb00000, 0x000000070fc00000|  0%| F|  |TAMS 0x000000070fb00000, 0x000000070fb00000| Untracked 
| 112|0x000000070fc00000, 0x000000070fc00000, 0x000000070fd00000|  0%| F|  |TAMS 0x000000070fc00000, 0x000000070fc00000| Untracked 
| 113|0x000000070fd00000, 0x000000070fd00000, 0x000000070fe00000|  0%| F|  |TAMS 0x000000070fd00000, 0x000000070fd00000| Untracked 
| 114|0x000000070fe00000, 0x000000070fe00000, 0x000000070ff00000|  0%| F|  |TAMS 0x000000070fe00000, 0x000000070fe00000| Untracked 
| 115|0x000000070ff00000, 0x000000070ff00000, 0x0000000710000000|  0%| F|  |TAMS 0x000000070ff00000, 0x000000070ff00000| Untracked 
| 116|0x0000000710000000, 0x0000000710000000, 0x0000000710100000|  0%| F|  |TAMS 0x0000000710000000, 0x0000000710000000| Untracked 
| 117|0x0000000710100000, 0x0000000710100000, 0x0000000710200000|  0%| F|  |TAMS 0x0000000710100000, 0x0000000710100000| Untracked 
| 118|0x0000000710200000, 0x0000000710200000, 0x0000000710300000|  0%| F|  |TAMS 0x0000000710200000, 0x0000000710200000| Untracked 
| 119|0x0000000710300000, 0x0000000710300000, 0x0000000710400000|  0%| F|  |TAMS 0x0000000710300000, 0x0000000710300000| Untracked 
| 120|0x0000000710400000, 0x0000000710400000, 0x0000000710500000|  0%| F|  |TAMS 0x0000000710400000, 0x0000000710400000| Untracked 
| 121|0x0000000710500000, 0x0000000710500000, 0x0000000710600000|  0%| F|  |TAMS 0x0000000710500000, 0x0000000710500000| Untracked 
| 122|0x0000000710600000, 0x0000000710600000, 0x0000000710700000|  0%| F|  |TAMS 0x0000000710600000, 0x0000000710600000| Untracked 
| 123|0x0000000710700000, 0x0000000710700000, 0x0000000710800000|  0%| F|  |TAMS 0x0000000710700000, 0x0000000710700000| Untracked 
| 124|0x0000000710800000, 0x0000000710800000, 0x0000000710900000|  0%| F|  |TAMS 0x0000000710800000, 0x0000000710800000| Untracked 
| 125|0x0000000710900000, 0x0000000710900000, 0x0000000710a00000|  0%| F|  |TAMS 0x0000000710900000, 0x0000000710900000| Untracked 
| 126|0x0000000710a00000, 0x0000000710a00000, 0x0000000710b00000|  0%| F|  |TAMS 0x0000000710a00000, 0x0000000710a00000| Untracked 
| 127|0x0000000710b00000, 0x0000000710b00000, 0x0000000710c00000|  0%| F|  |TAMS 0x0000000710b00000, 0x0000000710b00000| Untracked 
| 128|0x0000000710c00000, 0x0000000710c00000, 0x0000000710d00000|  0%| F|  |TAMS 0x0000000710c00000, 0x0000000710c00000| Untracked 
| 129|0x0000000710d00000, 0x0000000710d00000, 0x0000000710e00000|  0%| F|  |TAMS 0x0000000710d00000, 0x0000000710d00000| Untracked 
| 130|0x0000000710e00000, 0x0000000710e00000, 0x0000000710f00000|  0%| F|  |TAMS 0x0000000710e00000, 0x0000000710e00000| Untracked 
| 131|0x0000000710f00000, 0x0000000710f00000, 0x0000000711000000|  0%| F|  |TAMS 0x0000000710f00000, 0x0000000710f00000| Untracked 
| 132|0x0000000711000000, 0x0000000711000000, 0x0000000711100000|  0%| F|  |TAMS 0x0000000711000000, 0x0000000711000000| Untracked 
| 133|0x0000000711100000, 0x0000000711100000, 0x0000000711200000|  0%| F|  |TAMS 0x0000000711100000, 0x0000000711100000| Untracked 
| 134|0x0000000711200000, 0x0000000711200000, 0x0000000711300000|  0%| F|  |TAMS 0x0000000711200000, 0x0000000711200000| Untracked 
| 135|0x0000000711300000, 0x0000000711300000, 0x0000000711400000|  0%| F|  |TAMS 0x0000000711300000, 0x0000000711300000| Untracked 
| 136|0x0000000711400000, 0x0000000711400000, 0x0000000711500000|  0%| F|  |TAMS 0x0000000711400000, 0x0000000711400000| Untracked 
| 137|0x0000000711500000, 0x0000000711500000, 0x0000000711600000|  0%| F|  |TAMS 0x0000000711500000, 0x0000000711500000| Untracked 
| 138|0x0000000711600000, 0x0000000711600000, 0x0000000711700000|  0%| F|  |TAMS 0x0000000711600000, 0x0000000711600000| Untracked 
| 139|0x0000000711700000, 0x0000000711700000, 0x0000000711800000|  0%| F|  |TAMS 0x0000000711700000, 0x0000000711700000| Untracked 
| 140|0x0000000711800000, 0x0000000711800000, 0x0000000711900000|  0%| F|  |TAMS 0x0000000711800000, 0x0000000711800000| Untracked 
| 141|0x0000000711900000, 0x0000000711900000, 0x0000000711a00000|  0%| F|  |TAMS 0x0000000711900000, 0x0000000711900000| Untracked 
| 142|0x0000000711a00000, 0x0000000711a00000, 0x0000000711b00000|  0%| F|  |TAMS 0x0000000711a00000, 0x0000000711a00000| Untracked 
| 143|0x0000000711b00000, 0x0000000711b00000, 0x0000000711c00000|  0%| F|  |TAMS 0x0000000711b00000, 0x0000000711b00000| Untracked 
| 144|0x0000000711c00000, 0x0000000711c00000, 0x0000000711d00000|  0%| F|  |TAMS 0x0000000711c00000, 0x0000000711c00000| Untracked 
| 145|0x0000000711d00000, 0x0000000711d00000, 0x0000000711e00000|  0%| F|  |TAMS 0x0000000711d00000, 0x0000000711d00000| Untracked 
| 146|0x0000000711e00000, 0x0000000711e00000, 0x0000000711f00000|  0%| F|  |TAMS 0x0000000711e00000, 0x0000000711e00000| Untracked 
| 147|0x0000000711f00000, 0x0000000711f00000, 0x0000000712000000|  0%| F|  |TAMS 0x0000000711f00000, 0x0000000711f00000| Untracked 
| 148|0x0000000712000000, 0x0000000712000000, 0x0000000712100000|  0%| F|  |TAMS 0x0000000712000000, 0x0000000712000000| Untracked 
| 149|0x0000000712100000, 0x0000000712100000, 0x0000000712200000|  0%| F|  |TAMS 0x0000000712100000, 0x0000000712100000| Untracked 
| 150|0x0000000712200000, 0x0000000712200000, 0x0000000712300000|  0%| F|  |TAMS 0x0000000712200000, 0x0000000712200000| Untracked 
| 151|0x0000000712300000, 0x0000000712300000, 0x0000000712400000|  0%| F|  |TAMS 0x0000000712300000, 0x0000000712300000| Untracked 
| 152|0x0000000712400000, 0x0000000712400000, 0x0000000712500000|  0%| F|  |TAMS 0x0000000712400000, 0x0000000712400000| Untracked 
| 153|0x0000000712500000, 0x0000000712500000, 0x0000000712600000|  0%| F|  |TAMS 0x0000000712500000, 0x0000000712500000| Untracked 
| 154|0x0000000712600000, 0x0000000712600000, 0x0000000712700000|  0%| F|  |TAMS 0x0000000712600000, 0x0000000712600000| Untracked 
| 155|0x0000000712700000, 0x0000000712700000, 0x0000000712800000|  0%| F|  |TAMS 0x0000000712700000, 0x0000000712700000| Untracked 
| 156|0x0000000712800000, 0x0000000712800000, 0x0000000712900000|  0%| F|  |TAMS 0x0000000712800000, 0x0000000712800000| Untracked 
| 157|0x0000000712900000, 0x0000000712900000, 0x0000000712a00000|  0%| F|  |TAMS 0x0000000712900000, 0x0000000712900000| Untracked 
| 158|0x0000000712a00000, 0x0000000712a00000, 0x0000000712b00000|  0%| F|  |TAMS 0x0000000712a00000, 0x0000000712a00000| Untracked 
| 159|0x0000000712b00000, 0x0000000712b00000, 0x0000000712c00000|  0%| F|  |TAMS 0x0000000712b00000, 0x0000000712b00000| Untracked 
| 160|0x0000000712c00000, 0x0000000712c00000, 0x0000000712d00000|  0%| F|  |TAMS 0x0000000712c00000, 0x0000000712c00000| Untracked 
| 161|0x0000000712d00000, 0x0000000712d00000, 0x0000000712e00000|  0%| F|  |TAMS 0x0000000712d00000, 0x0000000712d00000| Untracked 
| 162|0x0000000712e00000, 0x0000000712e00000, 0x0000000712f00000|  0%| F|  |TAMS 0x0000000712e00000, 0x0000000712e00000| Untracked 
| 163|0x0000000712f00000, 0x0000000712f00000, 0x0000000713000000|  0%| F|  |TAMS 0x0000000712f00000, 0x0000000712f00000| Untracked 
| 164|0x0000000713000000, 0x0000000713000000, 0x0000000713100000|  0%| F|  |TAMS 0x0000000713000000, 0x0000000713000000| Untracked 
| 165|0x0000000713100000, 0x0000000713100000, 0x0000000713200000|  0%| F|  |TAMS 0x0000000713100000, 0x0000000713100000| Untracked 
| 166|0x0000000713200000, 0x0000000713200000, 0x0000000713300000|  0%| F|  |TAMS 0x0000000713200000, 0x0000000713200000| Untracked 
| 167|0x0000000713300000, 0x0000000713300000, 0x0000000713400000|  0%| F|  |TAMS 0x0000000713300000, 0x0000000713300000| Untracked 
| 168|0x0000000713400000, 0x0000000713400000, 0x0000000713500000|  0%| F|  |TAMS 0x0000000713400000, 0x0000000713400000| Untracked 
| 169|0x0000000713500000, 0x0000000713500000, 0x0000000713600000|  0%| F|  |TAMS 0x0000000713500000, 0x0000000713500000| Untracked 
| 170|0x0000000713600000, 0x0000000713600000, 0x0000000713700000|  0%| F|  |TAMS 0x0000000713600000, 0x0000000713600000| Untracked 
| 171|0x0000000713700000, 0x0000000713700000, 0x0000000713800000|  0%| F|  |TAMS 0x0000000713700000, 0x0000000713700000| Untracked 
| 172|0x0000000713800000, 0x0000000713800000, 0x0000000713900000|  0%| F|  |TAMS 0x0000000713800000, 0x0000000713800000| Untracked 
| 173|0x0000000713900000, 0x0000000713900000, 0x0000000713a00000|  0%| F|  |TAMS 0x0000000713900000, 0x0000000713900000| Untracked 
| 174|0x0000000713a00000, 0x0000000713a00000, 0x0000000713b00000|  0%| F|  |TAMS 0x0000000713a00000, 0x0000000713a00000| Untracked 
| 175|0x0000000713b00000, 0x0000000713b00000, 0x0000000713c00000|  0%| F|  |TAMS 0x0000000713b00000, 0x0000000713b00000| Untracked 
| 176|0x0000000713c00000, 0x0000000713c00000, 0x0000000713d00000|  0%| F|  |TAMS 0x0000000713c00000, 0x0000000713c00000| Untracked 
| 177|0x0000000713d00000, 0x0000000713d00000, 0x0000000713e00000|  0%| F|  |TAMS 0x0000000713d00000, 0x0000000713d00000| Untracked 
| 178|0x0000000713e00000, 0x0000000713e00000, 0x0000000713f00000|  0%| F|  |TAMS 0x0000000713e00000, 0x0000000713e00000| Untracked 
| 179|0x0000000713f00000, 0x0000000713f00000, 0x0000000714000000|  0%| F|  |TAMS 0x0000000713f00000, 0x0000000713f00000| Untracked 
| 180|0x0000000714000000, 0x0000000714000000, 0x0000000714100000|  0%| F|  |TAMS 0x0000000714000000, 0x0000000714000000| Untracked 
| 181|0x0000000714100000, 0x0000000714100000, 0x0000000714200000|  0%| F|  |TAMS 0x0000000714100000, 0x0000000714100000| Untracked 
| 182|0x0000000714200000, 0x0000000714200000, 0x0000000714300000|  0%| F|  |TAMS 0x0000000714200000, 0x0000000714200000| Untracked 
| 183|0x0000000714300000, 0x0000000714300000, 0x0000000714400000|  0%| F|  |TAMS 0x0000000714300000, 0x0000000714300000| Untracked 
| 184|0x0000000714400000, 0x0000000714400000, 0x0000000714500000|  0%| F|  |TAMS 0x0000000714400000, 0x0000000714400000| Untracked 
| 185|0x0000000714500000, 0x0000000714500000, 0x0000000714600000|  0%| F|  |TAMS 0x0000000714500000, 0x0000000714500000| Untracked 
| 186|0x0000000714600000, 0x0000000714600000, 0x0000000714700000|  0%| F|  |TAMS 0x0000000714600000, 0x0000000714600000| Untracked 
| 187|0x0000000714700000, 0x0000000714700000, 0x0000000714800000|  0%| F|  |TAMS 0x0000000714700000, 0x0000000714700000| Untracked 
| 188|0x0000000714800000, 0x0000000714800000, 0x0000000714900000|  0%| F|  |TAMS 0x0000000714800000, 0x0000000714800000| Untracked 
| 189|0x0000000714900000, 0x0000000714900000, 0x0000000714a00000|  0%| F|  |TAMS 0x0000000714900000, 0x0000000714900000| Untracked 
| 190|0x0000000714a00000, 0x0000000714a00000, 0x0000000714b00000|  0%| F|  |TAMS 0x0000000714a00000, 0x0000000714a00000| Untracked 
| 191|0x0000000714b00000, 0x0000000714b00000, 0x0000000714c00000|  0%| F|  |TAMS 0x0000000714b00000, 0x0000000714b00000| Untracked 
| 192|0x0000000714c00000, 0x0000000714c00000, 0x0000000714d00000|  0%| F|  |TAMS 0x0000000714c00000, 0x0000000714c00000| Untracked 
| 193|0x0000000714d00000, 0x0000000714d00000, 0x0000000714e00000|  0%| F|  |TAMS 0x0000000714d00000, 0x0000000714d00000| Untracked 
| 194|0x0000000714e00000, 0x0000000714e00000, 0x0000000714f00000|  0%| F|  |TAMS 0x0000000714e00000, 0x0000000714e00000| Untracked 
| 195|0x0000000714f00000, 0x0000000714f00000, 0x0000000715000000|  0%| F|  |TAMS 0x0000000714f00000, 0x0000000714f00000| Untracked 
| 196|0x0000000715000000, 0x0000000715000000, 0x0000000715100000|  0%| F|  |TAMS 0x0000000715000000, 0x0000000715000000| Untracked 
| 197|0x0000000715100000, 0x0000000715100000, 0x0000000715200000|  0%| F|  |TAMS 0x0000000715100000, 0x0000000715100000| Untracked 
| 198|0x0000000715200000, 0x0000000715200000, 0x0000000715300000|  0%| F|  |TAMS 0x0000000715200000, 0x0000000715200000| Untracked 
| 199|0x0000000715300000, 0x0000000715300000, 0x0000000715400000|  0%| F|  |TAMS 0x0000000715300000, 0x0000000715300000| Untracked 
| 200|0x0000000715400000, 0x0000000715400000, 0x0000000715500000|  0%| F|  |TAMS 0x0000000715400000, 0x0000000715400000| Untracked 
| 201|0x0000000715500000, 0x0000000715500000, 0x0000000715600000|  0%| F|  |TAMS 0x0000000715500000, 0x0000000715500000| Untracked 
| 202|0x0000000715600000, 0x0000000715600000, 0x0000000715700000|  0%| F|  |TAMS 0x0000000715600000, 0x0000000715600000| Untracked 
| 203|0x0000000715700000, 0x0000000715700000, 0x0000000715800000|  0%| F|  |TAMS 0x0000000715700000, 0x0000000715700000| Untracked 
| 204|0x0000000715800000, 0x0000000715800000, 0x0000000715900000|  0%| F|  |TAMS 0x0000000715800000, 0x0000000715800000| Untracked 
| 205|0x0000000715900000, 0x0000000715900000, 0x0000000715a00000|  0%| F|  |TAMS 0x0000000715900000, 0x0000000715900000| Untracked 
| 206|0x0000000715a00000, 0x0000000715a00000, 0x0000000715b00000|  0%| F|  |TAMS 0x0000000715a00000, 0x0000000715a00000| Untracked 
| 207|0x0000000715b00000, 0x0000000715b00000, 0x0000000715c00000|  0%| F|  |TAMS 0x0000000715b00000, 0x0000000715b00000| Untracked 
| 208|0x0000000715c00000, 0x0000000715c00000, 0x0000000715d00000|  0%| F|  |TAMS 0x0000000715c00000, 0x0000000715c00000| Untracked 
| 209|0x0000000715d00000, 0x0000000715d00000, 0x0000000715e00000|  0%| F|  |TAMS 0x0000000715d00000, 0x0000000715d00000| Untracked 
| 210|0x0000000715e00000, 0x0000000715e00000, 0x0000000715f00000|  0%| F|  |TAMS 0x0000000715e00000, 0x0000000715e00000| Untracked 
| 211|0x0000000715f00000, 0x0000000715f00000, 0x0000000716000000|  0%| F|  |TAMS 0x0000000715f00000, 0x0000000715f00000| Untracked 
| 212|0x0000000716000000, 0x0000000716000000, 0x0000000716100000|  0%| F|  |TAMS 0x0000000716000000, 0x0000000716000000| Untracked 
| 213|0x0000000716100000, 0x0000000716100000, 0x0000000716200000|  0%| F|  |TAMS 0x0000000716100000, 0x0000000716100000| Untracked 
| 214|0x0000000716200000, 0x0000000716200000, 0x0000000716300000|  0%| F|  |TAMS 0x0000000716200000, 0x0000000716200000| Untracked 
| 215|0x0000000716300000, 0x0000000716300000, 0x0000000716400000|  0%| F|  |TAMS 0x0000000716300000, 0x0000000716300000| Untracked 
| 216|0x0000000716400000, 0x0000000716400000, 0x0000000716500000|  0%| F|  |TAMS 0x0000000716400000, 0x0000000716400000| Untracked 
| 217|0x0000000716500000, 0x0000000716500000, 0x0000000716600000|  0%| F|  |TAMS 0x0000000716500000, 0x0000000716500000| Untracked 
| 218|0x0000000716600000, 0x0000000716600000, 0x0000000716700000|  0%| F|  |TAMS 0x0000000716600000, 0x0000000716600000| Untracked 
| 219|0x0000000716700000, 0x0000000716700000, 0x0000000716800000|  0%| F|  |TAMS 0x0000000716700000, 0x0000000716700000| Untracked 
| 220|0x0000000716800000, 0x0000000716800000, 0x0000000716900000|  0%| F|  |TAMS 0x0000000716800000, 0x0000000716800000| Untracked 
| 221|0x0000000716900000, 0x0000000716900000, 0x0000000716a00000|  0%| F|  |TAMS 0x0000000716900000, 0x0000000716900000| Untracked 
| 222|0x0000000716a00000, 0x0000000716a00000, 0x0000000716b00000|  0%| F|  |TAMS 0x0000000716a00000, 0x0000000716a00000| Untracked 
| 223|0x0000000716b00000, 0x0000000716b00000, 0x0000000716c00000|  0%| F|  |TAMS 0x0000000716b00000, 0x0000000716b00000| Untracked 
| 224|0x0000000716c00000, 0x0000000716c00000, 0x0000000716d00000|  0%| F|  |TAMS 0x0000000716c00000, 0x0000000716c00000| Untracked 
| 225|0x0000000716d00000, 0x0000000716d00000, 0x0000000716e00000|  0%| F|  |TAMS 0x0000000716d00000, 0x0000000716d00000| Untracked 
| 226|0x0000000716e00000, 0x0000000716e00000, 0x0000000716f00000|  0%| F|  |TAMS 0x0000000716e00000, 0x0000000716e00000| Untracked 
| 227|0x0000000716f00000, 0x0000000716f00000, 0x0000000717000000|  0%| F|  |TAMS 0x0000000716f00000, 0x0000000716f00000| Untracked 
| 228|0x0000000717000000, 0x0000000717000000, 0x0000000717100000|  0%| F|  |TAMS 0x0000000717000000, 0x0000000717000000| Untracked 
| 229|0x0000000717100000, 0x0000000717100000, 0x0000000717200000|  0%| F|  |TAMS 0x0000000717100000, 0x0000000717100000| Untracked 
| 230|0x0000000717200000, 0x0000000717200000, 0x0000000717300000|  0%| F|  |TAMS 0x0000000717200000, 0x0000000717200000| Untracked 
| 231|0x0000000717300000, 0x0000000717300000, 0x0000000717400000|  0%| F|  |TAMS 0x0000000717300000, 0x0000000717300000| Untracked 
| 232|0x0000000717400000, 0x0000000717400000, 0x0000000717500000|  0%| F|  |TAMS 0x0000000717400000, 0x0000000717400000| Untracked 
| 233|0x0000000717500000, 0x0000000717500000, 0x0000000717600000|  0%| F|  |TAMS 0x0000000717500000, 0x0000000717500000| Untracked 
| 234|0x0000000717600000, 0x0000000717600000, 0x0000000717700000|  0%| F|  |TAMS 0x0000000717600000, 0x0000000717600000| Untracked 
| 235|0x0000000717700000, 0x0000000717700000, 0x0000000717800000|  0%| F|  |TAMS 0x0000000717700000, 0x0000000717700000| Untracked 
| 236|0x0000000717800000, 0x0000000717800000, 0x0000000717900000|  0%| F|  |TAMS 0x0000000717800000, 0x0000000717800000| Untracked 
| 237|0x0000000717900000, 0x00000007179f6b58, 0x0000000717a00000| 96%| E|  |TAMS 0x0000000717900000, 0x0000000717900000| Complete 
| 238|0x0000000717a00000, 0x0000000717b00000, 0x0000000717b00000|100%| E|CS|TAMS 0x0000000717a00000, 0x0000000717a00000| Complete 
| 239|0x0000000717b00000, 0x0000000717c00000, 0x0000000717c00000|100%| E|CS|TAMS 0x0000000717b00000, 0x0000000717b00000| Complete 
| 240|0x0000000717c00000, 0x0000000717d00000, 0x0000000717d00000|100%| E|CS|TAMS 0x0000000717c00000, 0x0000000717c00000| Complete 
| 241|0x0000000717d00000, 0x0000000717e00000, 0x0000000717e00000|100%| E|CS|TAMS 0x0000000717d00000, 0x0000000717d00000| Complete 
| 242|0x0000000717e00000, 0x0000000717f00000, 0x0000000717f00000|100%| E|  |TAMS 0x0000000717e00000, 0x0000000717e00000| Complete 
| 243|0x0000000717f00000, 0x0000000718000000, 0x0000000718000000|100%| E|CS|TAMS 0x0000000717f00000, 0x0000000717f00000| Complete 
| 244|0x0000000718000000, 0x0000000718100000, 0x0000000718100000|100%| E|CS|TAMS 0x0000000718000000, 0x0000000718000000| Complete 
| 245|0x0000000718100000, 0x0000000718200000, 0x0000000718200000|100%| E|CS|TAMS 0x0000000718100000, 0x0000000718100000| Complete 
| 246|0x0000000718200000, 0x0000000718300000, 0x0000000718300000|100%| E|CS|TAMS 0x0000000718200000, 0x0000000718200000| Complete 
| 247|0x0000000718300000, 0x0000000718400000, 0x0000000718400000|100%| E|CS|TAMS 0x0000000718300000, 0x0000000718300000| Complete 
|2930|0x00000007bfe00000, 0x00000007bfe48000, 0x00000007bff00000| 28%|OA|  |TAMS 0x00000007bfe00000, 0x00000007bfe00000| Untracked 
|2931|0x00000007bff00000, 0x00000007bff6c000, 0x00000007c0000000| 42%|CA|  |TAMS 0x00000007bff00000, 0x00000007bff00000| Untracked 

Card table byte_map: [0x000079e11708c000,0x000079e117846000] _byte_map_base: 0x000079e113846000

Marking Bits (Prev, Next): (CMBitMap*) 0x000079e13407d158, (CMBitMap*) 0x000079e13407d190
 Prev Bits: [0x000079e112b02000, 0x000079e1168d2000)
 Next Bits: [0x000079e10ed32000, 0x000079e112b02000)

Polling page: 0x000079e13a795000

Metaspace:

Usage:
  Non-class:      5.88 MB capacity,     3.43 MB ( 58%) used,     2.44 MB ( 41%) free+waste,     9.44 KB ( <1%) overhead. 
      Class:    714.00 KB capacity,   417.72 KB ( 59%) used,   291.34 KB ( 41%) free+waste,     4.94 KB ( <1%) overhead. 
       Both:      6.58 MB capacity,     3.84 MB ( 58%) used,     2.72 MB ( 41%) free+waste,    14.38 KB ( <1%) overhead. 

Virtual space:
  Non-class space:        8.00 MB reserved,       6.00 MB ( 75%) committed 
      Class space:        1.00 GB reserved,     768.00 KB ( <1%) committed 
             Both:        1.01 GB reserved,       6.75 MB ( <1%) committed 

Chunk freelists:
   Non-Class:  18.00 KB
       Class:  0 bytes
        Both:  18.00 KB

MaxMetaspaceSize: unlimited
CompressedClassSpaceSize: 1.00 GB
Initial GC threshold: 20.80 MB
Current GC threshold: 20.80 MB
CDS: on

CodeHeap 'non-profiled nmethods': size=119172Kb used=242Kb max_used=242Kb free=118929Kb
 bounds [0x000079e12419f000, 0x000079e12440f000, 0x000079e12b600000]
CodeHeap 'profiled nmethods': size=119168Kb used=1914Kb max_used=1914Kb free=117254Kb
 bounds [0x000079e11cd3f000, 0x000079e11cfaf000, 0x000079e12419f000]
CodeHeap 'non-nmethods': size=7420Kb used=2275Kb max_used=2300Kb free=5144Kb
 bounds [0x000079e11c600000, 0x000079e11c870000, 0x000079e11cd3f000]
 total_blobs=1394 nmethods=984 adapters=322
 compilation: enabled
              stopped_count=0, restarted_count=0
 full_count=0

Compilation events (20 events):
Event: 0.161 Thread 0x000079e1341fa000  976       3       java.lang.invoke.LambdaFormBuffer::indexOf (33 bytes)
Event: 0.162 Thread 0x000079e0d8152000  977       3       java.lang.invoke.LambdaFormBuffer::changeName (149 bytes)
Event: 0.162 Thread 0x000079e1341fa000 nmethod 976 0x000079e11cf16e90 code [0x000079e11cf17060, 0x000079e11cf17410]
Event: 0.162 Thread 0x000079e1341fa000  980       3       java.lang.invoke.InvokerBytecodeGenerator::emitPushArguments (45 bytes)
Event: 0.162 Thread 0x000079e0e0084000 nmethod 973 0x000079e11cf17510 code [0x000079e11cf177a0, 0x000079e11cf182d0]
Event: 0.162 Thread 0x000079e0e0084000  979       3       java.lang.invoke.InvokerBytecodeGenerator::emitStaticInvoke (258 bytes)
Event: 0.162 Thread 0x000079e1341fa000 nmethod 980 0x000079e11cf18690 code [0x000079e11cf18880, 0x000079e11cf18d30]
Event: 0.162 Thread 0x000079e1341fa000  981       3       java.lang.invoke.InvokerBytecodeGenerator::refKindOpcode (112 bytes)
Event: 0.162 Thread 0x000079e0d8152000 nmethod 977 0x000079e11cf19010 code [0x000079e11cf19200, 0x000079e11cf19780]
Event: 0.162 Thread 0x000079e0d8152000  984       3       jdk.internal.org.objectweb.asm.MethodWriter::visitTypeInsn (120 bytes)
Event: 0.162 Thread 0x000079e0dc0e6800 nmethod 970 0x000079e1241db590 code [0x000079e1241db720, 0x000079e1241db8f8]
Event: 0.162 Thread 0x000079e1341fa000 nmethod 981 0x000079e11cf19910 code [0x000079e11cf19b80, 0x000079e11cf1a570]
Event: 0.162 Thread 0x000079e0d8152000 nmethod 984 0x000079e11cf1a890 code [0x000079e11cf1aa80, 0x000079e11cf1ae60]
Event: 0.162 Thread 0x000079e0d8152000  983       3       jdk.internal.org.objectweb.asm.ByteVector::enlarge (51 bytes)
Event: 0.162 Thread 0x000079e1341fa000  978       3       jdk.internal.org.objectweb.asm.Item::<init> (5 bytes)
Event: 0.162 Thread 0x000079e1341fa000 nmethod 978 0x000079e11cf1b090 code [0x000079e11cf1b240, 0x000079e11cf1b3b0]
Event: 0.162 Thread 0x000079e1341fa000  982       3       java.lang.ref.SoftReference::<init> (13 bytes)
Event: 0.162 Thread 0x000079e0d8152000 nmethod 983 0x000079e11cf1b490 code [0x000079e11cf1b660, 0x000079e11cf1b9a0]
Event: 0.162 Thread 0x000079e0e0084000 nmethod 979 0x000079e11cf1ba90 code [0x000079e11cf1bda0, 0x000079e11cf1cc60]
Event: 0.163 Thread 0x000079e1341fa000 nmethod 982 0x000079e11cf1d210 code [0x000079e11cf1d3e0, 0x000079e11cf1d710]

GC Heap History (0 events):
No events

Deoptimization events (20 events):
Event: 0.104 Thread 0x000079e134015000 Uncommon trap: trap_request=0xffffffbe fr.pc=0x000079e1241aeec4 relative=0x0000000000000404
Event: 0.104 Thread 0x000079e134015000 Uncommon trap: reason=profile_predicate action=maybe_recompile pc=0x000079e1241aeec4 method=java.lang.StringLatin1.indexOf([BI[BII)I @ 18 c2
Event: 0.104 Thread 0x000079e134015000 DEOPT PACKING pc=0x000079e1241aeec4 sp=0x000079e13a3fd020
Event: 0.104 Thread 0x000079e134015000 DEOPT UNPACKING pc=0x000079e11c649ea5 sp=0x000079e13a3fcfa0 mode 2
Event: 0.104 Thread 0x000079e134015000 Uncommon trap: trap_request=0xffffffbe fr.pc=0x000079e1241aeec4 relative=0x0000000000000404
Event: 0.104 Thread 0x000079e134015000 Uncommon trap: reason=profile_predicate action=maybe_recompile pc=0x000079e1241aeec4 method=java.lang.StringLatin1.indexOf([BI[BII)I @ 18 c2
Event: 0.104 Thread 0x000079e134015000 DEOPT PACKING pc=0x000079e1241aeec4 sp=0x000079e13a3fd020
Event: 0.104 Thread 0x000079e134015000 DEOPT UNPACKING pc=0x000079e11c649ea5 sp=0x000079e13a3fcfa0 mode 2
Event: 0.106 Thread 0x000079e134015000 DEOPT PACKING pc=0x000079e11cd931b0 sp=0x000079e13a3fce90
Event: 0.106 Thread 0x000079e134015000 DEOPT UNPACKING pc=0x000079e11c64a64a sp=0x000079e13a3fc320 mode 0
Event: 0.117 Thread 0x000079e134015000 Uncommon trap: trap_request=0xffffff4d fr.pc=0x000079e1241c9b44 relative=0x0000000000000404
Event: 0.117 Thread 0x000079e134015000 Uncommon trap: reason=unstable_if action=reinterpret pc=0x000079e1241c9b44 method=java.lang.StringLatin1.indexOf([BI[BII)I @ 91 c2
Event: 0.117 Thread 0x000079e134015000 DEOPT PACKING pc=0x000079e1241c9b44 sp=0x000079e13a3fcfc0
Event: 0.117 Thread 0x000079e134015000 DEOPT UNPACKING pc=0x000079e11c649ea5 sp=0x000079e13a3fcf40 mode 2
Event: 0.137 Thread 0x000079e134015000 DEOPT PACKING pc=0x000079e11ce51c62 sp=0x000079e13a3fd630
Event: 0.137 Thread 0x000079e134015000 DEOPT UNPACKING pc=0x000079e11c64a64a sp=0x000079e13a3fcac8 mode 0
Event: 0.138 Thread 0x000079e134015000 DEOPT PACKING pc=0x000079e11cd6564f sp=0x000079e13a3fd4f0
Event: 0.138 Thread 0x000079e134015000 DEOPT UNPACKING pc=0x000079e11c64a64a sp=0x000079e13a3fc998 mode 0
Event: 0.139 Thread 0x000079e134015000 DEOPT PACKING pc=0x000079e11cd6564f sp=0x000079e13a3fd510
Event: 0.139 Thread 0x000079e134015000 DEOPT UNPACKING pc=0x000079e11c64a64a sp=0x000079e13a3fc9b8 mode 0

Classes redefined (0 events):
No events

Internal exceptions (20 events):
Event: 0.026 Thread 0x000079e134015000 Exception <a 'java/security/PrivilegedActionException'{0x000000071823be58}> (0x000000071823be58) thrown at [./src/hotspot/share/prims/jvm.cpp, line 1304]
Event: 0.026 Thread 0x000079e134015000 Exception <a 'java/security/PrivilegedActionException'{0x000000071823c128}> (0x000000071823c128) thrown at [./src/hotspot/share/prims/jvm.cpp, line 1304]
Event: 0.026 Thread 0x000079e134015000 Exception <a 'java/security/PrivilegedActionException'{0x000000071823cd40}> (0x000000071823cd40) thrown at [./src/hotspot/share/prims/jvm.cpp, line 1304]
Event: 0.026 Thread 0x000079e134015000 Exception <a 'java/security/PrivilegedActionException'{0x000000071823d010}> (0x000000071823d010) thrown at [./src/hotspot/share/prims/jvm.cpp, line 1304]
Event: 0.026 Thread 0x000079e134015000 Exception <a 'java/security/PrivilegedActionException'{0x000000071823dc28}> (0x000000071823dc28) thrown at [./src/hotspot/share/prims/jvm.cpp, line 1304]
Event: 0.026 Thread 0x000079e134015000 Exception <a 'java/security/PrivilegedActionException'{0x000000071823def8}> (0x000000071823def8) thrown at [./src/hotspot/share/prims/jvm.cpp, line 1304]
Event: 0.026 Thread 0x000079e134015000 Exception <a 'java/security/PrivilegedActionException'{0x000000071823eb28}> (0x000000071823eb28) thrown at [./src/hotspot/share/prims/jvm.cpp, line 1304]
Event: 0.026 Thread 0x000079e134015000 Exception <a 'java/security/PrivilegedActionException'{0x000000071823edf8}> (0x000000071823edf8) thrown at [./src/hotspot/share/prims/jvm.cpp, line 1304]
Event: 0.026 Thread 0x000079e134015000 Exception <a 'java/security/PrivilegedActionException'{0x000000071823fa28}> (0x000000071823fa28) thrown at [./src/hotspot/share/prims/jvm.cpp, line 1304]
Event: 0.026 Thread 0x000079e134015000 Exception <a 'java/security/PrivilegedActionException'{0x000000071823fcf8}> (0x000000071823fcf8) thrown at [./src/hotspot/share/prims/jvm.cpp, line 1304]
Event: 0.026 Thread 0x000079e134015000 Exception <a 'java/security/PrivilegedActionException'{0x0000000718240928}> (0x0000000718240928) thrown at [./src/hotspot/share/prims/jvm.cpp, line 1304]
Event: 0.026 Thread 0x000079e134015000 Exception <a 'java/security/PrivilegedActionException'{0x0000000718240bf8}> (0x0000000718240bf8) thrown at [./src/hotspot/share/prims/jvm.cpp, line 1304]
Event: 0.026 Thread 0x000079e134015000 Exception <a 'java/security/PrivilegedActionException'{0x0000000718241810}> (0x0000000718241810) thrown at [./src/hotspot/share/prims/jvm.cpp, line 1304]
Event: 0.026 Thread 0x000079e134015000 Exception <a 'java/security/PrivilegedActionException'{0x0000000718241ae0}> (0x0000000718241ae0) thrown at [./src/hotspot/share/prims/jvm.cpp, line 1304]
Event: 0.026 Thread 0x000079e134015000 Exception <a 'java/security/PrivilegedActionException'{0x0000000718242710}> (0x0000000718242710) thrown at [./src/hotspot/share/prims/jvm.cpp, line 1304]
Event: 0.026 Thread 0x000079e134015000 Exception <a 'java/security/PrivilegedActionException'{0x00000007182429e0}> (0x00000007182429e0) thrown at [./src/hotspot/share/prims/jvm.cpp, line 1304]
Event: 0.100 Thread 0x000079e134015000 Exception <a 'java/lang/NoSuchMethodError'{0x0000000717d42670}: 'int java.lang.invoke.DirectMethodHandle$Holder.invokeStaticInit(java.lang.Object, java.lang.Object, java.lang.Object, java.lang.Object)'> (0x0000000717d42670) thrown at [./src/hotspot/share/interpreter/linkResolver.cpp, line 772]
Event: 0.101 Thread 0x000079e134015000 Exception <a 'java/lang/IncompatibleClassChangeError'{0x0000000717d4c7d8}: Found class java.lang.Object, but interface was expected> (0x0000000717d4c7d8) thrown at [./src/hotspot/share/interpreter/linkResolver.cpp, line 839]
Event: 0.101 Thread 0x000079e134015000 Exception <a 'java/lang/NoSuchMethodError'{0x0000000717d4fa28}: 'void java.lang.invoke.DirectMethodHandle$Holder.invokeStaticInit(java.lang.Object, java.lang.Object)'> (0x0000000717d4fa28) thrown at [./src/hotspot/share/interpreter/linkResolver.cpp, line 772]
Event: 0.101 Thread 0x000079e134015000 Exception <a 'java/lang/NoSuchMethodError'{0x0000000717d55440}: 'int java.lang.invoke.DirectMethodHandle$Holder.invokeStaticInit(java.lang.Object, java.lang.Object)'> (0x0000000717d55440) thrown at [./src/hotspot/share/interpreter/linkResolver.cpp, line 772]

Events (20 events):
Event: 0.152 loading class org/bytedeco/llvm/LLVM/LLVMPassManagerBuilderRef
Event: 0.152 loading class org/bytedeco/llvm/LLVM/LLVMPassManagerBuilderRef done
Event: 0.152 loading class org/bytedeco/llvm/LLVM/LLVMPassBuilderOptionsRef
Event: 0.152 loading class org/bytedeco/llvm/LLVM/LLVMPassBuilderOptionsRef done
Event: 0.152 loading class org/bytedeco/llvm/LLVM/Pass
Event: 0.152 loading class org/bytedeco/llvm/LLVM/Pass done
Event: 0.152 loading class org/bytedeco/llvm/LLVM/LLVMNamedMDNodeRef
Event: 0.152 loading class org/bytedeco/llvm/LLVM/LLVMNamedMDNodeRef done
Event: 0.152 loading class org/bytedeco/llvm/LLVM/LLVMUseRef
Event: 0.152 loading class org/bytedeco/llvm/LLVM/LLVMUseRef done
Event: 0.153 loading class IRGenerationVisitor
Event: 0.153 loading class IRGenerationVisitor done
Event: 0.154 loading class java/util/stream/ReduceOps$1
Event: 0.154 loading class java/util/stream/ReduceOps$1 done
Event: 0.154 loading class java/util/stream/ReduceOps$1ReducingSink
Event: 0.154 loading class java/util/stream/ReduceOps$1ReducingSink done
Event: 0.155 loading class org/bytedeco/javacpp/PointerScope
Event: 0.155 loading class org/bytedeco/javacpp/PointerScope done
Event: 0.155 loading class org/bytedeco/javacpp/PointerScope$1
Event: 0.155 loading class org/bytedeco/javacpp/PointerScope$1 done


Dynamic libraries:
708c00000-718400000 rw-p 00000000 00:00 0 
718400000-7bfe00000 ---p 00000000 00:00 0 
7bfe00000-7bfe48000 rw-p 00b14000 08:30 134337                           /usr/lib/jvm/java-11-openjdk-amd64/lib/server/classes.jsa
7bfe48000-7bff00000 rw-p 00000000 00:00 0 
7bff00000-7bff6c000 rw-p 00aa8000 08:30 134337                           /usr/lib/jvm/java-11-openjdk-amd64/lib/server/classes.jsa
7bff6c000-7c0000000 rw-p 00000000 00:00 0 
7c0000000-800000000 ---p 00000000 00:00 0 
800000000-800002000 rwxp 00001000 08:30 134337                           /usr/lib/jvm/java-11-openjdk-amd64/lib/server/classes.jsa
800002000-8003ce000 rw-p 00003000 08:30 134337                           /usr/lib/jvm/java-11-openjdk-amd64/lib/server/classes.jsa
8003ce000-800aa6000 r--p 003cf000 08:30 134337                           /usr/lib/jvm/java-11-openjdk-amd64/lib/server/classes.jsa
800aa6000-800aa7000 rw-p 00aa7000 08:30 134337                           /usr/lib/jvm/java-11-openjdk-amd64/lib/server/classes.jsa
840000000-8400c0000 rw-p 00000000 00:00 0 
8400c0000-880000000 ---p 00000000 00:00 0 
5d610fa75000-5d610fa76000 r--p 00000000 08:30 134745                     /usr/lib/jvm/java-11-openjdk-amd64/bin/java
5d610fa76000-5d610fa77000 r-xp 00001000 08:30 134745                     /usr/lib/jvm/java-11-openjdk-amd64/bin/java
5d610fa77000-5d610fa78000 r--p 00002000 08:30 134745                     /usr/lib/jvm/java-11-openjdk-amd64/bin/java
5d610fa78000-5d610fa79000 r--p 00002000 08:30 134745                     /usr/lib/jvm/java-11-openjdk-amd64/bin/java
5d610fa79000-5d610fa7a000 rw-p 00003000 08:30 134745                     /usr/lib/jvm/java-11-openjdk-amd64/bin/java
5d612a681000-5d612a6a2000 rw-p 00000000 00:00 0                          [heap]
79e0b5400000-79e0b5d26000 r--p 00000000 08:30 204242                     /home/crz/.javacpp/cache/llvm-13.0.1-1.5.7-linux-x86_64.jar/org/bytedeco/llvm/linux-x86_64/libLLVM-13.so
79e0b5d26000-79e0b96e9000 r-xp 00926000 08:30 204242                     /home/crz/.javacpp/cache/llvm-13.0.1-1.5.7-linux-x86_64.jar/org/bytedeco/llvm/linux-x86_64/libLLVM-13.so
79e0b96e9000-79e0bb93e000 r--p 042e9000 08:30 204242                     /home/crz/.javacpp/cache/llvm-13.0.1-1.5.7-linux-x86_64.jar/org/bytedeco/llvm/linux-x86_64/libLLVM-13.so
79e0bb93e000-79e0bbe53000 r--p 0653d000 08:30 204242                     /home/crz/.javacpp/cache/llvm-13.0.1-1.5.7-linux-x86_64.jar/org/bytedeco/llvm/linux-x86_64/libLLVM-13.so
79e0bbe53000-79e0bbe5e000 rw-p 06a52000 08:30 204242                     /home/crz/.javacpp/cache/llvm-13.0.1-1.5.7-linux-x86_64.jar/org/bytedeco/llvm/linux-x86_64/libLLVM-13.so
79e0bbe5e000-79e0bbed4000 rw-p 00000000 00:00 0 
79e0bc000000-79e0bc084000 rw-p 00000000 00:00 0 
79e0bc084000-79e0c0000000 ---p 00000000 00:00 0 
79e0c0000000-79e0c0047000 rw-p 00000000 00:00 0 
79e0c0047000-79e0c4000000 ---p 00000000 00:00 0 
79e0c4000000-79e0c4021000 rw-p 00000000 00:00 0 
79e0c4021000-79e0c8000000 ---p 00000000 00:00 0 
79e0c8000000-79e0c8021000 rw-p 00000000 00:00 0 
79e0c8021000-79e0cc000000 ---p 00000000 00:00 0 
79e0cc000000-79e0cc021000 rw-p 00000000 00:00 0 
79e0cc021000-79e0d0000000 ---p 00000000 00:00 0 
79e0d0000000-79e0d0021000 rw-p 00000000 00:00 0 
79e0d0021000-79e0d4000000 ---p 00000000 00:00 0 
79e0d4000000-79e0d4021000 rw-p 00000000 00:00 0 
79e0d4021000-79e0d8000000 ---p 00000000 00:00 0 
79e0d8000000-79e0d8160000 rw-p 00000000 00:00 0 
79e0d8160000-79e0dc000000 ---p 00000000 00:00 0 
79e0dc000000-79e0dc25d000 rw-p 00000000 00:00 0 
79e0dc25d000-79e0e0000000 ---p 00000000 00:00 0 
79e0e0000000-79e0e02a9000 rw-p 00000000 00:00 0 
79e0e02a9000-79e0e4000000 ---p 00000000 00:00 0 
79e0e4000000-79e0e4021000 rw-p 00000000 00:00 0 
79e0e4021000-79e0e8000000 ---p 00000000 00:00 0 
79e0e8000000-79e0e8021000 rw-p 00000000 00:00 0 
79e0e8021000-79e0ec000000 ---p 00000000 00:00 0 
79e0ec000000-79e0ec021000 rw-p 00000000 00:00 0 
79e0ec021000-79e0f0000000 ---p 00000000 00:00 0 
79e0f0000000-79e0f0021000 rw-p 00000000 00:00 0 
79e0f0021000-79e0f4000000 ---p 00000000 00:00 0 
79e0f4000000-79e0f4021000 rw-p 00000000 00:00 0 
79e0f4021000-79e0f8000000 ---p 00000000 00:00 0 
79e0f8000000-79e0f8021000 rw-p 00000000 00:00 0 
79e0f8021000-79e0fc000000 ---p 00000000 00:00 0 
79e0fc000000-79e0fc021000 rw-p 00000000 00:00 0 
79e0fc021000-79e100000000 ---p 00000000 00:00 0 
79e100000000-79e100021000 rw-p 00000000 00:00 0 
79e100021000-79e104000000 ---p 00000000 00:00 0 
79e105bc8000-79e105c2d000 r--p 00000000 08:30 204256                     /home/crz/.javacpp/cache/llvm-13.0.1-1.5.7-linux-x86_64.jar/org/bytedeco/llvm/linux-x86_64/libjniLLVM.so
79e105c2d000-79e105c9b000 r-xp 00065000 08:30 204256                     /home/crz/.javacpp/cache/llvm-13.0.1-1.5.7-linux-x86_64.jar/org/bytedeco/llvm/linux-x86_64/libjniLLVM.so
79e105c9b000-79e105cc6000 r--p 000d3000 08:30 204256                     /home/crz/.javacpp/cache/llvm-13.0.1-1.5.7-linux-x86_64.jar/org/bytedeco/llvm/linux-x86_64/libjniLLVM.so
79e105cc6000-79e105cc9000 r--p 000fd000 08:30 204256                     /home/crz/.javacpp/cache/llvm-13.0.1-1.5.7-linux-x86_64.jar/org/bytedeco/llvm/linux-x86_64/libjniLLVM.so
79e105cc9000-79e105ccc000 rw-p 00100000 08:30 204256                     /home/crz/.javacpp/cache/llvm-13.0.1-1.5.7-linux-x86_64.jar/org/bytedeco/llvm/linux-x86_64/libjniLLVM.so
79e105ccc000-79e105cce000 rw-p 00000000 00:00 0 
79e105cce000-79e105cd2000 ---p 00000000 00:00 0 
79e105cd2000-79e105dce000 rw-p 00000000 00:00 0 
79e105dce000-79e105dd2000 ---p 00000000 00:00 0 
79e105dd2000-79e105ece000 rw-p 00000000 00:00 0 
79e105ece000-79e105ed2000 ---p 00000000 00:00 0 
79e105ed2000-79e105fce000 rw-p 00000000 00:00 0 
79e105fce000-79e105fd2000 ---p 00000000 00:00 0 
79e105fd2000-79e1060ff000 rw-p 00000000 00:00 0 
79e1060ff000-79e106103000 ---p 00000000 00:00 0 
79e106103000-79e1061ff000 rw-p 00000000 00:00 0 
79e1061ff000-79e106200000 ---p 00000000 00:00 0 
79e106200000-79e106300000 rw-p 00000000 00:00 0 
79e106300000-79e106304000 ---p 00000000 00:00 0 
79e106304000-79e106400000 rw-p 00000000 00:00 0 
79e106400000-79e106404000 ---p 00000000 00:00 0 
79e106404000-79e106500000 rw-p 00000000 00:00 0 
79e106500000-79e106504000 ---p 00000000 00:00 0 
79e106504000-79e106600000 rw-p 00000000 00:00 0 
79e106600000-79e106604000 ---p 00000000 00:00 0 
79e106604000-79e106700000 rw-p 00000000 00:00 0 
79e106700000-79e106704000 ---p 00000000 00:00 0 
79e106704000-79e106800000 rw-p 00000000 00:00 0 
79e106800000-79e106ded000 r--p 00000000 08:30 2460                       /usr/lib/locale/locale-archive
79e106df9000-79e106dfd000 ---p 00000000 00:00 0 
79e106dfd000-79e106ef9000 rw-p 00000000 00:00 0 
79e106ef9000-79e106efd000 ---p 00000000 00:00 0 
79e106efd000-79e106ff9000 rw-p 00000000 00:00 0 
79e106ff9000-79e106ffd000 ---p 00000000 00:00 0 
79e106ffd000-79e1070f9000 rw-p 00000000 00:00 0 
79e1070f9000-79e1070fa000 ---p 00000000 00:00 0 
79e1070fa000-79e1077fa000 rw-p 00000000 00:00 0 
79e1077fa000-79e1079fa000 ---p 00000000 00:00 0 
79e1079fa000-79e1079fb000 ---p 00000000 00:00 0 
79e1079fb000-79e107afb000 rw-p 00000000 00:00 0 
79e107afb000-79e107afc000 ---p 00000000 00:00 0 
79e107afc000-79e108000000 rw-p 00000000 00:00 0 
79e108000000-79e108021000 rw-p 00000000 00:00 0 
79e108021000-79e10c000000 ---p 00000000 00:00 0 
79e10c01e000-79e10c025000 r--s 00000000 08:30 126817                     /usr/lib/x86_64-linux-gnu/gconv/gconv-modules.cache
79e10c025000-79e10eb30000 rw-p 00000000 00:00 0 
79e10eb30000-79e10eb31000 ---p 00000000 00:00 0 
79e10eb31000-79e10ec31000 rw-p 00000000 00:00 0 
79e10ec31000-79e10ec32000 ---p 00000000 00:00 0 
79e10ec32000-79e10f112000 rw-p 00000000 00:00 0 
79e10f112000-79e111afa000 ---p 00000000 00:00 0 
79e111afa000-79e111b02000 rw-p 00000000 00:00 0 
79e111b02000-79e112b02000 ---p 00000000 00:00 0 
79e112b02000-79e112ee2000 rw-p 00000000 00:00 0 
79e112ee2000-79e1158ca000 ---p 00000000 00:00 0 
79e1158ca000-79e1158d2000 rw-p 00000000 00:00 0 
79e1158d2000-79e1168d2000 ---p 00000000 00:00 0 
79e1168d2000-79e11694e000 rw-p 00000000 00:00 0 
79e11694e000-79e116e8b000 ---p 00000000 00:00 0 
79e116e8b000-79e116e8c000 rw-p 00000000 00:00 0 
79e116e8c000-79e11708c000 ---p 00000000 00:00 0 
79e11708c000-79e117108000 rw-p 00000000 00:00 0 
79e117108000-79e117645000 ---p 00000000 00:00 0 
79e117645000-79e117646000 rw-p 00000000 00:00 0 
79e117646000-79e117846000 ---p 00000000 00:00 0 
79e117846000-79e1178c2000 rw-p 00000000 00:00 0 
79e1178c2000-79e117dff000 ---p 00000000 00:00 0 
79e117dff000-79e117e00000 rw-p 00000000 00:00 0 
79e117e00000-79e118000000 ---p 00000000 00:00 0 
79e118000000-79e118021000 rw-p 00000000 00:00 0 
79e118021000-79e11c000000 ---p 00000000 00:00 0 
79e11c000000-79e11c001000 r--p 00000000 08:30 204251                     /home/crz/.javacpp/cache/llvm-13.0.1-1.5.7-linux-x86_64.jar/org/bytedeco/llvm/linux-x86_64/libRemarks.so.13
79e11c001000-79e11c002000 r-xp 00001000 08:30 204251                     /home/crz/.javacpp/cache/llvm-13.0.1-1.5.7-linux-x86_64.jar/org/bytedeco/llvm/linux-x86_64/libRemarks.so.13
79e11c002000-79e11c003000 r--p 00002000 08:30 204251                     /home/crz/.javacpp/cache/llvm-13.0.1-1.5.7-linux-x86_64.jar/org/bytedeco/llvm/linux-x86_64/libRemarks.so.13
79e11c003000-79e11c004000 r--p 00002000 08:30 204251                     /home/crz/.javacpp/cache/llvm-13.0.1-1.5.7-linux-x86_64.jar/org/bytedeco/llvm/linux-x86_64/libRemarks.so.13
79e11c004000-79e11c005000 rw-p 00003000 08:30 204251                     /home/crz/.javacpp/cache/llvm-13.0.1-1.5.7-linux-x86_64.jar/org/bytedeco/llvm/linux-x86_64/libRemarks.so.13
79e11c005000-79e11c600000 rw-p 00000000 00:00 0 
79e11c600000-79e11c870000 rwxp 00000000 00:00 0 
79e11c870000-79e11cd3f000 ---p 00000000 00:00 0 
79e11cd3f000-79e11cfaf000 rwxp 00000000 00:00 0 
79e11cfaf000-79e12419f000 ---p 00000000 00:00 0 
79e12419f000-79e12440f000 rwxp 00000000 00:00 0 
79e12440f000-79e12b600000 ---p 00000000 00:00 0 
79e12b600000-79e133e41000 r--s 00000000 08:30 134824                     /usr/lib/jvm/java-11-openjdk-amd64/lib/modules
79e133e42000-79e133e49000 r--p 00000000 08:30 204245                     /home/crz/.javacpp/cache/llvm-13.0.1-1.5.7-linux-x86_64.jar/org/bytedeco/llvm/linux-x86_64/libLTO.so.13
79e133e49000-79e133e51000 r-xp 00007000 08:30 204245                     /home/crz/.javacpp/cache/llvm-13.0.1-1.5.7-linux-x86_64.jar/org/bytedeco/llvm/linux-x86_64/libLTO.so.13
79e133e51000-79e133e53000 r--p 0000f000 08:30 204245                     /home/crz/.javacpp/cache/llvm-13.0.1-1.5.7-linux-x86_64.jar/org/bytedeco/llvm/linux-x86_64/libLTO.so.13
79e133e53000-79e133e54000 r--p 00010000 08:30 204245                     /home/crz/.javacpp/cache/llvm-13.0.1-1.5.7-linux-x86_64.jar/org/bytedeco/llvm/linux-x86_64/libLTO.so.13
79e133e54000-79e133e55000 rw-p 00011000 08:30 204245                     /home/crz/.javacpp/cache/llvm-13.0.1-1.5.7-linux-x86_64.jar/org/bytedeco/llvm/linux-x86_64/libLTO.so.13
79e133e55000-79e133e59000 r--p 00000000 08:30 204229                     /home/crz/.javacpp/cache/javacpp-1.5.7-linux-x86_64.jar/org/bytedeco/javacpp/linux-x86_64/libjnijavacpp.so
79e133e59000-79e133e60000 r-xp 00004000 08:30 204229                     /home/crz/.javacpp/cache/javacpp-1.5.7-linux-x86_64.jar/org/bytedeco/javacpp/linux-x86_64/libjnijavacpp.so
79e133e60000-79e133e64000 r--p 0000b000 08:30 204229                     /home/crz/.javacpp/cache/javacpp-1.5.7-linux-x86_64.jar/org/bytedeco/javacpp/linux-x86_64/libjnijavacpp.so
79e133e64000-79e133e65000 r--p 0000e000 08:30 204229                     /home/crz/.javacpp/cache/javacpp-1.5.7-linux-x86_64.jar/org/bytedeco/javacpp/linux-x86_64/libjnijavacpp.so
79e133e65000-79e133e66000 rw-p 0000f000 08:30 204229                     /home/crz/.javacpp/cache/javacpp-1.5.7-linux-x86_64.jar/org/bytedeco/javacpp/linux-x86_64/libjnijavacpp.so
79e133e66000-79e133e6a000 r--p 00000000 08:30 134814                     /usr/lib/jvm/java-11-openjdk-amd64/lib/libnet.so
79e133e6a000-79e133e78000 r-xp 00004000 08:30 134814                     /usr/lib/jvm/java-11-openjdk-amd64/lib/libnet.so
79e133e78000-79e133e7c000 r--p 00012000 08:30 134814                     /usr/lib/jvm/java-11-openjdk-amd64/lib/libnet.so
79e133e7c000-79e133e7d000 r--p 00015000 08:30 134814                     /usr/lib/jvm/java-11-openjdk-amd64/lib/libnet.so
79e133e7d000-79e133e7e000 rw-p 00016000 08:30 134814                     /usr/lib/jvm/java-11-openjdk-amd64/lib/libnet.so
79e133e7e000-79e134000000 rw-p 00000000 00:00 0 
79e134000000-79e1344aa000 rw-p 00000000 00:00 0 
79e1344aa000-79e138000000 ---p 00000000 00:00 0 
79e138002000-79e138003000 r--p 00000000 08:30 94026                      /usr/lib/x86_64-linux-gnu/libdl.so.2
79e138003000-79e138004000 r-xp 00001000 08:30 94026                      /usr/lib/x86_64-linux-gnu/libdl.so.2
79e138004000-79e138005000 r--p 00002000 08:30 94026                      /usr/lib/x86_64-linux-gnu/libdl.so.2
79e138005000-79e138006000 r--p 00002000 08:30 94026                      /usr/lib/x86_64-linux-gnu/libdl.so.2
79e138006000-79e138007000 rw-p 00003000 08:30 94026                      /usr/lib/x86_64-linux-gnu/libdl.so.2
79e138007000-79e138008000 r--p 00000000 08:30 94037                      /usr/lib/x86_64-linux-gnu/libpthread.so.0
79e138008000-79e138009000 r-xp 00001000 08:30 94037                      /usr/lib/x86_64-linux-gnu/libpthread.so.0
79e138009000-79e13800a000 r--p 00002000 08:30 94037                      /usr/lib/x86_64-linux-gnu/libpthread.so.0
79e13800a000-79e13800b000 r--p 00002000 08:30 94037                      /usr/lib/x86_64-linux-gnu/libpthread.so.0
79e13800b000-79e13800c000 rw-p 00003000 08:30 94037                      /usr/lib/x86_64-linux-gnu/libpthread.so.0
79e13800c000-79e138a16000 rw-p 00000000 00:00 0 
79e138a16000-79e138a17000 ---p 00000000 00:00 0 
79e138a17000-79e138b1c000 rw-p 00000000 00:00 0 
79e138b1c000-79e138c00000 ---p 00000000 00:00 0 
79e138c00000-79e138c9a000 r--p 00000000 08:30 6947                       /usr/lib/x86_64-linux-gnu/libstdc++.so.6.0.30
79e138c9a000-79e138dab000 r-xp 0009a000 08:30 6947                       /usr/lib/x86_64-linux-gnu/libstdc++.so.6.0.30
79e138dab000-79e138e1a000 r--p 001ab000 08:30 6947                       /usr/lib/x86_64-linux-gnu/libstdc++.so.6.0.30
79e138e1a000-79e138e1b000 ---p 0021a000 08:30 6947                       /usr/lib/x86_64-linux-gnu/libstdc++.so.6.0.30
79e138e1b000-79e138e26000 r--p 0021a000 08:30 6947                       /usr/lib/x86_64-linux-gnu/libstdc++.so.6.0.30
79e138e26000-79e138e29000 rw-p 00225000 08:30 6947                       /usr/lib/x86_64-linux-gnu/libstdc++.so.6.0.30
79e138e29000-79e138e2c000 rw-p 00000000 00:00 0 
79e138e2f000-79e138e36000 r--p 00000000 08:30 134815                     /usr/lib/jvm/java-11-openjdk-amd64/lib/libnio.so
79e138e36000-79e138e3e000 r-xp 00007000 08:30 134815                     /usr/lib/jvm/java-11-openjdk-amd64/lib/libnio.so
79e138e3e000-79e138e41000 r--p 0000f000 08:30 134815                     /usr/lib/jvm/java-11-openjdk-amd64/lib/libnio.so
79e138e41000-79e138e42000 r--p 00011000 08:30 134815                     /usr/lib/jvm/java-11-openjdk-amd64/lib/libnio.so
79e138e42000-79e138e43000 rw-p 00012000 08:30 134815                     /usr/lib/jvm/java-11-openjdk-amd64/lib/libnio.so
79e138e43000-79e138f0d000 rw-p 00000000 00:00 0 
79e138f0d000-79e138ff1000 ---p 00000000 00:00 0 
79e138ff1000-79e138ff6000 rw-p 00000000 00:00 0 
79e138ff6000-79e139000000 ---p 00000000 00:00 0 
79e139000000-79e139283000 r--p 00000000 08:30 134827                     /usr/lib/jvm/java-11-openjdk-amd64/lib/server/libjvm.so
79e139283000-79e139f2e000 r-xp 00283000 08:30 134827                     /usr/lib/jvm/java-11-openjdk-amd64/lib/server/libjvm.so
79e139f2e000-79e13a18a000 r--p 00f2e000 08:30 134827                     /usr/lib/jvm/java-11-openjdk-amd64/lib/server/libjvm.so
79e13a18a000-79e13a24e000 r--p 01189000 08:30 134827                     /usr/lib/jvm/java-11-openjdk-amd64/lib/server/libjvm.so
79e13a24e000-79e13a289000 rw-p 0124d000 08:30 134827                     /usr/lib/jvm/java-11-openjdk-amd64/lib/server/libjvm.so
79e13a289000-79e13a2e0000 rw-p 00000000 00:00 0 
79e13a2e4000-79e13a2e6000 r--p 00000000 08:30 134823                     /usr/lib/jvm/java-11-openjdk-amd64/lib/libzip.so
79e13a2e6000-79e13a2eb000 r-xp 00002000 08:30 134823                     /usr/lib/jvm/java-11-openjdk-amd64/lib/libzip.so
79e13a2eb000-79e13a2ed000 r--p 00007000 08:30 134823                     /usr/lib/jvm/java-11-openjdk-amd64/lib/libzip.so
79e13a2ed000-79e13a2ee000 r--p 00008000 08:30 134823                     /usr/lib/jvm/java-11-openjdk-amd64/lib/libzip.so
79e13a2ee000-79e13a2ef000 rw-p 00009000 08:30 134823                     /usr/lib/jvm/java-11-openjdk-amd64/lib/libzip.so
79e13a2ef000-79e13a2f7000 rw-s 00000000 08:30 95040                      /tmp/hsperfdata_crz/9454
79e13a2f7000-79e13a2f9000 r--p 00000000 08:30 134806                     /usr/lib/jvm/java-11-openjdk-amd64/lib/libjimage.so
79e13a2f9000-79e13a2fc000 r-xp 00002000 08:30 134806                     /usr/lib/jvm/java-11-openjdk-amd64/lib/libjimage.so
79e13a2fc000-79e13a2fd000 r--p 00005000 08:30 134806                     /usr/lib/jvm/java-11-openjdk-amd64/lib/libjimage.so
79e13a2fd000-79e13a2fe000 ---p 00006000 08:30 134806                     /usr/lib/jvm/java-11-openjdk-amd64/lib/libjimage.so
79e13a2fe000-79e13a2ff000 r--p 00006000 08:30 134806                     /usr/lib/jvm/java-11-openjdk-amd64/lib/libjimage.so
79e13a2ff000-79e13a300000 rw-p 00007000 08:30 134806                     /usr/lib/jvm/java-11-openjdk-amd64/lib/libjimage.so
79e13a300000-79e13a304000 ---p 00000000 00:00 0 
79e13a304000-79e13a400000 rw-p 00000000 00:00 0 
79e13a400000-79e13a428000 r--p 00000000 08:30 94024                      /usr/lib/x86_64-linux-gnu/libc.so.6
79e13a428000-79e13a5bd000 r-xp 00028000 08:30 94024                      /usr/lib/x86_64-linux-gnu/libc.so.6
79e13a5bd000-79e13a615000 r--p 001bd000 08:30 94024                      /usr/lib/x86_64-linux-gnu/libc.so.6
79e13a615000-79e13a616000 ---p 00215000 08:30 94024                      /usr/lib/x86_64-linux-gnu/libc.so.6
79e13a616000-79e13a61a000 r--p 00215000 08:30 94024                      /usr/lib/x86_64-linux-gnu/libc.so.6
79e13a61a000-79e13a61c000 rw-p 00219000 08:30 94024                      /usr/lib/x86_64-linux-gnu/libc.so.6
79e13a61c000-79e13a629000 rw-p 00000000 00:00 0 
79e13a629000-79e13a637000 r--p 00000000 08:30 134803                     /usr/lib/jvm/java-11-openjdk-amd64/lib/libjava.so
79e13a637000-79e13a64d000 r-xp 0000e000 08:30 134803                     /usr/lib/jvm/java-11-openjdk-amd64/lib/libjava.so
79e13a64d000-79e13a654000 r--p 00024000 08:30 134803                     /usr/lib/jvm/java-11-openjdk-amd64/lib/libjava.so
79e13a654000-79e13a655000 r--p 0002a000 08:30 134803                     /usr/lib/jvm/java-11-openjdk-amd64/lib/libjava.so
79e13a655000-79e13a656000 rw-p 0002b000 08:30 134803                     /usr/lib/jvm/java-11-openjdk-amd64/lib/libjava.so
79e13a656000-79e13a657000 rw-p 00000000 00:00 0 
79e13a657000-79e13a658000 r--p 00000000 08:30 94039                      /usr/lib/x86_64-linux-gnu/librt.so.1
79e13a658000-79e13a659000 r-xp 00001000 08:30 94039                      /usr/lib/x86_64-linux-gnu/librt.so.1
79e13a659000-79e13a65a000 r--p 00002000 08:30 94039                      /usr/lib/x86_64-linux-gnu/librt.so.1
79e13a65a000-79e13a65b000 r--p 00002000 08:30 94039                      /usr/lib/x86_64-linux-gnu/librt.so.1
79e13a65b000-79e13a65c000 rw-p 00003000 08:30 94039                      /usr/lib/x86_64-linux-gnu/librt.so.1
79e13a65c000-79e13a65f000 r--p 00000000 08:30 6709                       /usr/lib/x86_64-linux-gnu/libgcc_s.so.1
79e13a65f000-79e13a676000 r-xp 00003000 08:30 6709                       /usr/lib/x86_64-linux-gnu/libgcc_s.so.1
79e13a676000-79e13a67a000 r--p 0001a000 08:30 6709                       /usr/lib/x86_64-linux-gnu/libgcc_s.so.1
79e13a67a000-79e13a67b000 r--p 0001d000 08:30 6709                       /usr/lib/x86_64-linux-gnu/libgcc_s.so.1
79e13a67b000-79e13a67c000 rw-p 0001e000 08:30 6709                       /usr/lib/x86_64-linux-gnu/libgcc_s.so.1
79e13a67c000-79e13a68a000 r--p 00000000 08:30 94027                      /usr/lib/x86_64-linux-gnu/libm.so.6
79e13a68a000-79e13a706000 r-xp 0000e000 08:30 94027                      /usr/lib/x86_64-linux-gnu/libm.so.6
79e13a706000-79e13a761000 r--p 0008a000 08:30 94027                      /usr/lib/x86_64-linux-gnu/libm.so.6
79e13a761000-79e13a762000 r--p 000e4000 08:30 94027                      /usr/lib/x86_64-linux-gnu/libm.so.6
79e13a762000-79e13a763000 rw-p 000e5000 08:30 94027                      /usr/lib/x86_64-linux-gnu/libm.so.6
79e13a763000-79e13a766000 rw-p 00000000 00:00 0 
79e13a766000-79e13a769000 r--p 00000000 08:30 134788                     /usr/lib/jvm/java-11-openjdk-amd64/lib/jli/libjli.so
79e13a769000-79e13a773000 r-xp 00003000 08:30 134788                     /usr/lib/jvm/java-11-openjdk-amd64/lib/jli/libjli.so
79e13a773000-79e13a776000 r--p 0000d000 08:30 134788                     /usr/lib/jvm/java-11-openjdk-amd64/lib/jli/libjli.so
79e13a776000-79e13a777000 ---p 00010000 08:30 134788                     /usr/lib/jvm/java-11-openjdk-amd64/lib/jli/libjli.so
79e13a777000-79e13a778000 r--p 00010000 08:30 134788                     /usr/lib/jvm/java-11-openjdk-amd64/lib/jli/libjli.so
79e13a778000-79e13a779000 rw-p 00011000 08:30 134788                     /usr/lib/jvm/java-11-openjdk-amd64/lib/jli/libjli.so
79e13a779000-79e13a77b000 r--p 00000000 08:30 6997                       /usr/lib/x86_64-linux-gnu/libz.so.1.2.11
79e13a77b000-79e13a78c000 r-xp 00002000 08:30 6997                       /usr/lib/x86_64-linux-gnu/libz.so.1.2.11
79e13a78c000-79e13a792000 r--p 00013000 08:30 6997                       /usr/lib/x86_64-linux-gnu/libz.so.1.2.11
79e13a792000-79e13a793000 ---p 00019000 08:30 6997                       /usr/lib/x86_64-linux-gnu/libz.so.1.2.11
79e13a793000-79e13a794000 r--p 00019000 08:30 6997                       /usr/lib/x86_64-linux-gnu/libz.so.1.2.11
79e13a794000-79e13a795000 rw-p 0001a000 08:30 6997                       /usr/lib/x86_64-linux-gnu/libz.so.1.2.11
79e13a795000-79e13a796000 ---p 00000000 00:00 0 
79e13a796000-79e13a797000 r--p 00000000 00:00 0 
79e13a797000-79e13a79c000 r--p 00000000 08:30 134822                     /usr/lib/jvm/java-11-openjdk-amd64/lib/libverify.so
79e13a79c000-79e13a7a3000 r-xp 00005000 08:30 134822                     /usr/lib/jvm/java-11-openjdk-amd64/lib/libverify.so
79e13a7a3000-79e13a7a5000 r--p 0000c000 08:30 134822                     /usr/lib/jvm/java-11-openjdk-amd64/lib/libverify.so
79e13a7a5000-79e13a7a7000 r--p 0000d000 08:30 134822                     /usr/lib/jvm/java-11-openjdk-amd64/lib/libverify.so
79e13a7a7000-79e13a7a8000 rw-p 0000f000 08:30 134822                     /usr/lib/jvm/java-11-openjdk-amd64/lib/libverify.so
79e13a7a8000-79e13a7aa000 rw-p 00000000 00:00 0 
79e13a7aa000-79e13a7ac000 r--p 00000000 08:30 94020                      /usr/lib/x86_64-linux-gnu/ld-linux-x86-64.so.2
79e13a7ac000-79e13a7d6000 r-xp 00002000 08:30 94020                      /usr/lib/x86_64-linux-gnu/ld-linux-x86-64.so.2
79e13a7d6000-79e13a7e1000 r--p 0002c000 08:30 94020                      /usr/lib/x86_64-linux-gnu/ld-linux-x86-64.so.2
79e13a7e2000-79e13a7e4000 r--p 00037000 08:30 94020                      /usr/lib/x86_64-linux-gnu/ld-linux-x86-64.so.2
79e13a7e4000-79e13a7e6000 rw-p 00039000 08:30 94020                      /usr/lib/x86_64-linux-gnu/ld-linux-x86-64.so.2
7ffea6c92000-7ffea6cb4000 rw-p 00000000 00:00 0                          [stack]
7ffea6dd9000-7ffea6ddd000 r--p 00000000 00:00 0                          [vvar]
7ffea6ddd000-7ffea6ddf000 r-xp 00000000 00:00 0                          [vdso]


VM Arguments:
java_command: Main tests/develop_test/2.sysy tests/develop_test/2.ll
java_class_path (initial): ./classes:/usr/local/lib/antlr-4.9.1-complete.jar:/usr/local/lib/llvm-13.0.1-1.5.7.jar:/usr/local/lib/llvm-13.0.1-1.5.7-linux-x86_64.jar:/usr/local/lib/llvm-platform-13.0.1-1.5.7.jar:/usr/local/lib/javacpp-1.5.7-linux-x86_64.jar:/usr/local/lib/javacpp-1.5.7.jar
Launcher Type: SUN_STANDARD

[Global flags]
     intx CICompilerCount                          = 12                                        {product} {ergonomic}
     uint ConcGCThreads                            = 4                                         {product} {ergonomic}
     uint G1ConcRefinementThreads                  = 15                                        {product} {ergonomic}
   size_t G1HeapRegionSize                         = 1048576                                   {product} {ergonomic}
    uintx GCDrainStackTargetSize                   = 64                                        {product} {ergonomic}
   size_t InitialHeapSize                          = 260046848                                 {product} {ergonomic}
   size_t MarkStackSize                            = 4194304                                   {product} {ergonomic}
   size_t MaxHeapSize                              = 4148166656                                {product} {ergonomic}
   size_t MaxNewSize                               = 2488270848                                {product} {ergonomic}
   size_t MinHeapDeltaBytes                        = 1048576                                   {product} {ergonomic}
    uintx NonNMethodCodeHeapSize                   = 7594288                                {pd product} {ergonomic}
    uintx NonProfiledCodeHeapSize                  = 122031976                              {pd product} {ergonomic}
    uintx ProfiledCodeHeapSize                     = 122031976                              {pd product} {ergonomic}
    uintx ReservedCodeCacheSize                    = 251658240                              {pd product} {ergonomic}
     bool SegmentedCodeCache                       = true                                      {product} {ergonomic}
     bool UseCompressedClassPointers               = true                                 {lp64_product} {ergonomic}
     bool UseCompressedOops                        = true                                 {lp64_product} {ergonomic}
     bool UseG1GC                                  = true                                      {product} {ergonomic}

Logging:
Log output configuration:
 #0: stdout all=warning uptime,level,tags
 #1: stderr all=off uptime,level,tags

Environment Variables:
CLASSPATH=/usr/local/lib/antlr-4.9.1-complete.jar:/usr/local/lib/llvm-13.0.1-1.5.7.jar:/usr/local/lib/llvm-13.0.1-1.5.7-linux-x86_64.jar:/usr/local/lib/llvm-platform-13.0.1-1.5.7.jar:/usr/local/lib/javacpp-1.5.7-linux-x86_64.jar:/usr/local/lib/javacpp-1.5.7.jar
PATH=/home/crz/.local/bin:/home/crz/.cargo/bin:/home/crz/.local/bin:~/my_script:/usr/local/sbin:/usr/local/bin:/usr/sbin:/usr/bin:/sbin:/bin:/usr/games:/usr/local/games:/usr/lib/wsl/lib:/mnt/c/Program Files/Java/jdk-21/bin:/mnt/c/Program Files/Common Files/Oracle/Java/javapath:/mnt/e/vmware/bin/:/mnt/c/Program Files (x86)/Common Files/Oracle/Java/java8path:/mnt/c/Program Files (x86)/Common Files/Oracle/Java/javapath:/mnt/c/Windows/system32:/mnt/c/Windows:/mnt/c/Windows/System32/Wbem:/mnt/c/Windows/System32/WindowsPowerShell/v1.0/:/mnt/c/Windows/System32/OpenSSH/:/mnt/c/Users/crz/Downloads/winlibs-x86_64-posix-seh-gcc-12.3.0-llvm-16.0.4-mingw-w64ucrt-11.0.0-r1.zip/mingw64/bin:/mnt/d/mingw64/bin:/mnt/d/Git/cmd:/mnt/c/Program Files/dotnet/:/mnt/e/SDL-CPLproj/SDL2/mingw(CLion+VSC)/SDL2-2.26.0-allinone/x86_64-w64-mingw32/bin:/mnt/c/Program Files/Cloudflare/Cloudflare WARP/:/mnt/c/Users/crz/AppData/Local/Programs/Python/Python311/Lib/site-packages/pyecharts:/mnt/c/Program Files/MATLAB/R2023a/runtime/win64:/mnt/c/Program Files/MATLAB/R2023a/bin:/mnt/c/Program Files/gs/gs10.03.1/bin:/mnt/e/:/mnt/e/bitvise-ssh:/mnt/d/:/mnt/c/ProgramData/chocolatey/bin:/mnt/c/Program Files/MySQL/MySQL Server 8.0/bin:/mnt/c/Program Files/MySQL/MySQL Shell 8.0/bin/:/mnt/e/anaconda3:/mnt/e/anaconda3/Library/mingw-w64/bin:/mnt/e/anaconda3/Library/usr/bin:/mnt/e/anaconda3/Library/bin:/mnt/e/anaconda3/Scripts:/mnt/c/Users/crz/AppData/Local/Microsoft/WindowsApps:/mnt/c/Users/crz/Downloads/winlibs-x86_64-posix-seh-gcc-12.3.0-llvm-16.0.4-mingw-w64ucrt-11.0.0-r1.zip/mingw64/bin:/mnt/d/mingw64/bin:/mnt/e/Microsoft VS Code/bin:/mnt/e/CLion 2022.3/bin:/mnt/c/Users/crz/AppData/Local/JetBrains/Toolbox/scripts:/mnt/d/PyCharm 2023.3.4/bin:/mnt/d/IntelliJ IDEA 2023.3.4/bin:/mnt/c/Users/crz/anaconda3/Lib/site-packages:/mnt/d/texlive/2024/bin/windows:/mnt/c/Users/crz/AppData/Roaming/npm:/mnt/d/:/mnt/d/WebStorm 2024.3.2.1/bin:/snap/bin:/mnt/c/Users/crz/AppData/Local/Programs/Microsoft VS Code/bin:/mnt/e/Microsoft\ V
SHELL=/bin/bash
DISPLAY=:0.0
HOSTTYPE=x86_64
LANG=en_US.UTF-8
LC_ALL=en_US.UTF-8
TERM=xterm-256color

Signal Handlers:
SIGSEGV: [libjvm.so+0xebbd40], sa_mask[0]=11111111011111111101111111111110, sa_flags=SA_RESTART|SA_SIGINFO
SIGBUS: [libjvm.so+0xebbd40], sa_mask[0]=11111111011111111101111111111110, sa_flags=SA_RESTART|SA_SIGINFO
SIGFPE: [libjvm.so+0xebbd40], sa_mask[0]=11111111011111111101111111111110, sa_flags=SA_RESTART|SA_SIGINFO
SIGPIPE: [libjvm.so+0xbfe040], sa_mask[0]=11111111011111111101111111111110, sa_flags=SA_RESTART|SA_SIGINFO
SIGXFSZ: [libjvm.so+0xbfe040], sa_mask[0]=11111111011111111101111111111110, sa_flags=SA_RESTART|SA_SIGINFO
SIGILL: [libjvm.so+0xebbd40], sa_mask[0]=11111111011111111101111111111110, sa_flags=SA_RESTART|SA_SIGINFO
SIGUSR2: [libjvm.so+0xbfdee0], sa_mask[0]=00000000000000000000000000000000, sa_flags=SA_RESTART|SA_SIGINFO
SIGHUP: [libjvm.so+0xbfe6a0], sa_mask[0]=11111111011111111101111111111110, sa_flags=SA_RESTART|SA_SIGINFO
SIGINT: [libjvm.so+0xbfe6a0], sa_mask[0]=11111111011111111101111111111110, sa_flags=SA_RESTART|SA_SIGINFO
SIGTERM: [libjvm.so+0xbfe6a0], sa_mask[0]=11111111011111111101111111111110, sa_flags=SA_RESTART|SA_SIGINFO
SIGQUIT: [libjvm.so+0xbfe6a0], sa_mask[0]=11111111011111111101111111111110, sa_flags=SA_RESTART|SA_SIGINFO


---------------  S Y S T E M  ---------------

OS:DISTRIB_ID=Ubuntu
DISTRIB_RELEASE=22.04
DISTRIB_CODENAME=jammy
DISTRIB_DESCRIPTION="Ubuntu 22.04.5 LTS"
uname:Linux 6.6.87.2-microsoft-standard-WSL2 #1 SMP PREEMPT_DYNAMIC Thu Jun  5 18:30:46 UTC 2025 x86_64
OS uptime: 0 days 0:36 hours
libc:glibc 2.35 NPTL 2.35 
rlimit (soft/hard): STACK 8192k/infinity , CORE 0k/infinity , NPROC 63245/63245 , NOFILE 1048576/1048576 , AS infinity/infinity , CPU infinity/infinity , DATA infinity/infinity , FSIZE infinity/infinity , MEMLOCK 65536k/65536k
load average:1.66 2.37 1.67

/proc/meminfo:
MemTotal:       16200860 kB
MemFree:         9669884 kB
MemAvailable:   13467048 kB
Buffers:          122284 kB
Cached:          3847556 kB
SwapCached:            0 kB
Active:          1218376 kB
Inactive:        4808008 kB
Active(anon):       3916 kB
Inactive(anon):  2093824 kB
Active(file):    1214460 kB
Inactive(file):  2714184 kB
Unevictable:           0 kB
Mlocked:               0 kB
SwapTotal:       4194304 kB
SwapFree:        4194304 kB
Dirty:                48 kB
Writeback:           260 kB
AnonPages:       2056808 kB
Mapped:           976012 kB
Shmem:             41196 kB
KReclaimable:     109916 kB
Slab:             214136 kB
SReclaimable:     109916 kB
SUnreclaim:       104220 kB
KernelStack:       10784 kB
PageTables:        16636 kB
SecPageTables:         0 kB
NFS_Unstable:          0 kB
Bounce:                0 kB
WritebackTmp:          0 kB
CommitLimit:    12294732 kB
Committed_AS:    4647380 kB
VmallocTotal:   34359738367 kB
VmallocUsed:       39780 kB
VmallocChunk:          0 kB
Percpu:            14496 kB
HardwareCorrupted:     0 kB
AnonHugePages:         0 kB
ShmemHugePages:        0 kB
ShmemPmdMapped:        0 kB
FileHugePages:         0 kB
FilePmdMapped:         0 kB
Unaccepted:            0 kB
HugePages_Total:       0
HugePages_Free:        0
HugePages_Rsvd:        0
HugePages_Surp:        0
Hugepagesize:       2048 kB
Hugetlb:               0 kB
DirectMap4k:      113664 kB
DirectMap2M:    12292096 kB
DirectMap1G:    12582912 kB

/sys/kernel/mm/transparent_hugepage/enabled:
always [madvise] never
/sys/kernel/mm/transparent_hugepage/defrag (defrag/compaction efforts parameter):
always defer defer+madvise [madvise] never

Process Memory:
Virtual Size: 7263944K (peak: 15576112K)
Resident Set Size: 99148K (peak: 99148K) (anon: 41640K, file: 57508K, shmem: 0K)
Swapped out: 0K
C-Heap outstanding allocations: 43416K, retained: 2811K
glibc malloc tunables: (default)

/proc/sys/kernel/threads-max (system-wide limit on the number of threads):
126490
/proc/sys/vm/max_map_count (maximum number of memory map areas a process may have):
65530
/proc/sys/kernel/pid_max (system-wide limit on number of process identifiers):
4194304

container (cgroup) information:
container_type: cgroupv2
cpu_cpuset_cpus: not supported
cpu_memory_nodes: not supported
active_processor_count: 20
cpu_quota: not supported
cpu_period: not supported
cpu_shares: not supported
memory_limit_in_bytes: not supported
memory_and_swap_limit_in_bytes: not supported
memory_soft_limit_in_bytes: not supported
memory_usage_in_bytes: not supported
memory_max_usage_in_bytes: not supported
memory_swap_current_in_bytes: not supported
memory_swap_max_limit_in_bytes: not supported
maximum number of tasks: not supported
current number of tasks: not supported

Hyper-V virtualization detected
Steal ticks since vm start: 0
Steal ticks percentage since vm start:  0.000

CPU:total 20 (initial active 20) (16 cores per cpu, 2 threads per core) family 6 model 186 stepping 2 microcode 0xffffffff, cmov, cx8, fxsr, mmx, sse, sse2, sse3, ssse3, sse4.1, sse4.2, popcnt, avx, avx2, aes, clmul, erms, 3dnowpref, lzcnt, ht, tsc, tscinvbit, bmi1, bmi2, adx, sha, fma
CPU Model and flags from /proc/cpuinfo:
model name	: 13th Gen Intel(R) Core(TM) i9-13900H
flags		: fpu vme de pse tsc msr pae mce cx8 apic sep mtrr pge mca cmov pat pse36 clflush mmx fxsr sse sse2 ss ht syscall nx pdpe1gb rdtscp lm constant_tsc rep_good nopl xtopology tsc_reliable nonstop_tsc cpuid tsc_known_freq pni pclmulqdq vmx ssse3 fma cx16 pcid sse4_1 sse4_2 x2apic movbe popcnt tsc_deadline_timer aes xsave avx f16c rdrand hypervisor lahf_lm abm 3dnowprefetch ssbd ibrs ibpb stibp ibrs_enhanced tpr_shadow ept vpid ept_ad fsgsbase tsc_adjust bmi1 avx2 smep bmi2 erms invpcid rdseed adx smap clflushopt clwb sha_ni xsaveopt xsavec xgetbv1 xsaves avx_vnni vnmi umip waitpkg gfni vaes vpclmulqdq rdpid movdiri movdir64b fsrm md_clear serialize flush_l1d arch_capabilities
Online cpus:
0-19
Offline cpus:

BIOS frequency limitation:
<Not Available>
Frequency switch latency (ns):
<Not Available>
Available cpu frequencies:
<Not Available>
Current governor:
<Not Available>
Core performance/turbo boost:
<Not Available>

Memory: 4k page, physical 16200860k(9669884k free), swap 4194304k(4194304k free)

vm_info: OpenJDK 64-Bit Server VM (11.0.27+6-post-Ubuntu-0ubuntu122.04) for linux-amd64 JRE (11.0.27+6-post-Ubuntu-0ubuntu122.04), built on Apr 21 2025 05:59:45 by "unknown" with gcc 11.4.0

END.
