#
# A fatal error has been detected by the Java Runtime Environment:
#
#  SIGSEGV (0xb) at pc=0x00007fded6119e80, pid=143984, tid=143985
#
# JRE version: OpenJDK Runtime Environment (11.0.26+4) (build 11.0.26+4-post-Ubuntu-1ubuntu122.04)
# Java VM: OpenJDK 64-Bit Server VM (11.0.26+4-post-Ubuntu-1ubuntu122.04, mixed mode, sharing, tiered, compressed oops, g1 gc, linux-amd64)
# Problematic frame:
# C  [libLLVM-13.so+0xbede80]  llvm::BasicBlock::getModule() const+0x0
#
# Core dump will be written. Default location: Core dumps may be processed with "/wsl-capture-crash %t %E %p %s" (or dumping to /home/crz/compilers/Lab/core.143984)
#
# If you would like to submit a bug report, please visit:
#   https://bugs.launchpad.net/ubuntu/+source/openjdk-lts
# The crash happened outside the Java Virtual Machine in native code.
# See problematic frame for where to report the bug.
#

---------------  S U M M A R Y ------------

Command Line: Main tests/IRtest_Lab4/test2.sysy tests/IRtest_Lab4/test2.ll

Host: 13th Gen Intel(R) Core(TM) i9-13900H, 20 cores, 15G, Ubuntu 22.04.5 LTS
Time: Mon Apr  7 12:54:49 2025 CST elapsed time: 0.145313 seconds (0d 0h 0m 0s)

---------------  T H R E A D  ---------------

Current thread (0x00007fdf54015800):  JavaThread "main" [_thread_in_native, id=143985, stack(0x00007fdf5ae97000,0x00007fdf5af97000)]

Stack: [0x00007fdf5ae97000,0x00007fdf5af97000],  sp=0x00007fdf5af95338,  free space=1016k
Native frames: (J=compiled Java code, A=aot compiled Java code, j=interpreted, Vv=VM code, C=native code)
C  [libLLVM-13.so+0xbede80]  llvm::BasicBlock::getModule() const+0x0

Java frames: (J=compiled Java code, j=interpreted, Vv=VM code)
j  org.bytedeco.llvm.global.LLVM.LLVMBuildAlloca(Lorg/bytedeco/llvm/LLVM/LLVMBuilderRef;Lorg/bytedeco/llvm/LLVM/LLVMTypeRef;Ljava/lang/String;)Lorg/bytedeco/llvm/LLVM/LLVMValueRef;+0
j  IRGenerationVisitor.visitFuncDef(LSysYParser$FuncDefContext;)Lorg/bytedeco/llvm/LLVM/LLVMValueRef;+312
j  IRGenerationVisitor.visitCompUnit(LSysYParser$CompUnitContext;)Lorg/bytedeco/llvm/LLVM/LLVMValueRef;+60
j  IRGenerationVisitor.visitCompUnit(LSysYParser$CompUnitContext;)Ljava/lang/Object;+2
j  SysYParser$CompUnitContext.accept(Lorg/antlr/v4/runtime/tree/ParseTreeVisitor;)Ljava/lang/Object;+12
j  IRGenerationVisitor.visit(Lorg/antlr/v4/runtime/tree/ParseTree;)Lorg/bytedeco/llvm/LLVM/LLVMValueRef;+8
j  IRGenerationVisitor.visitProgram(LSysYParser$ProgramContext;)Lorg/bytedeco/llvm/LLVM/LLVMValueRef;+5
j  IRGenerationVisitor.visitProgram(LSysYParser$ProgramContext;)Ljava/lang/Object;+2
j  SysYParser$ProgramContext.accept(Lorg/antlr/v4/runtime/tree/ParseTreeVisitor;)Ljava/lang/Object;+12
j  IRGenerationVisitor.visit(Lorg/antlr/v4/runtime/tree/ParseTree;)Lorg/bytedeco/llvm/LLVM/LLVMValueRef;+8
j  Main.main([Ljava/lang/String;)V+96
v  ~StubRoutines::call_stub

siginfo: si_signo: 11 (SIGSEGV), si_code: 1 (SEGV_MAPERR), si_addr: 0x0000000000000038

Register to memory mapping:

RAX=0x00007fdf54471ad0 points into unknown readable memory: 0x00000007fdf50078 | 78 00 f5 fd 07 00 00 00
RBX={method} {0x00007fdf297ce3a8} 'LLVMBuildAlloca' '(Lorg/bytedeco/llvm/LLVM/LLVMBuilderRef;Lorg/bytedeco/llvm/LLVM/LLVMTypeRef;Ljava/lang/String;)Lorg/bytedeco/llvm/LLVM/LLVMValueRef;' in 'org/bytedeco/llvm/global/LLVM'
RCX=0x00007fdf54015878 points into unknown readable memory: 0x0000000000000800 | 00 08 00 00 00 00 00 00
RDX=0x00007fdf54471ad0 points into unknown readable memory: 0x00000007fdf50078 | 78 00 f5 fd 07 00 00 00
RSP=0x00007fdf5af95338 is pointing into the stack for thread: 0x00007fdf54015800
RBP=0x00007fdf54441210 points into unknown readable memory: 0x00007fdf54441220 | 20 12 44 54 df 7f 00 00
RSI=0x0000000000000101 is an unknown value
RDI=0x0 is NULL
R8 =0x00000007178e3cc0 points into unknown readable memory: 0x0000000000000078 | 78 00 00 00 00 00 00 00
R9 =0x00007fdf5af95250 is pointing into the stack for thread: 0x00007fdf54015800
R10=0x00007fded56058a0: <offset 0x00000000000d98a0> in /home/crz/.javacpp/cache/llvm-13.0.1-1.5.7-linux-x86_64.jar/org/bytedeco/llvm/linux-x86_64/libLLVM-13.so at 0x00007fded552c000
R11=0x00007fded6158610: LLVMBuildAlloca+0x0000000000000000 in /home/crz/.javacpp/cache/llvm-13.0.1-1.5.7-linux-x86_64.jar/org/bytedeco/llvm/linux-x86_64/libLLVM-13.so at 0x00007fded552c000
R12=0x0 is NULL
R13=0x00007fdf544681f8 points into unknown readable memory: 0x00007fdf54452490 | 90 24 45 54 df 7f 00 00
R14=0x00007fdf54471ad0 points into unknown readable memory: 0x00000007fdf50078 | 78 00 f5 fd 07 00 00 00
R15=0x00007fdf54015800 is a thread


Registers:
RAX=0x00007fdf54471ad0, RBX=0x00007fdf297ce3a8, RCX=0x00007fdf54015878, RDX=0x00007fdf54471ad0
RSP=0x00007fdf5af95338, RBP=0x00007fdf54441210, RSI=0x0000000000000101, RDI=0x0000000000000000
R8 =0x00000007178e3cc0, R9 =0x00007fdf5af95250, R10=0x00007fded56058a0, R11=0x00007fded6158610
R12=0x0000000000000000, R13=0x00007fdf544681f8, R14=0x00007fdf54471ad0, R15=0x00007fdf54015800
RIP=0x00007fded6119e80, EFLAGS=0x0000000000010206, CSGSFS=0x002b000000000033, ERR=0x0000000000000004
  TRAPNO=0x000000000000000e

Top of Stack: (sp=0x00007fdf5af95338)
0x00007fdf5af95338:   00007fded6158645 00007fdf54471ad0
0x00007fdf5af95348:   00007fdf54015800 00007fdf54015800
0x00007fdf5af95358:   0000000000000000 00007fdf5af90103
0x00007fdf5af95368:   00007fdf5bbb96d9 0000000000000002 

Instructions: (pc=0x00007fded6119e80)
0x00007fded6119d80:   ff 66 0f ef c0 48 89 02 48 89 50 08 41 0f 11 45
0x00007fded6119d90:   00 e8 5a 4b 17 00 4c 39 f3 75 c5 4d 8b 6c 24 30
0x00007fded6119da0:   4c 39 ed 74 3b 0f 1f 00 4c 89 eb 48 89 ef 4d 8b
0x00007fded6119db0:   6d 08 4c 8d 73 e8 4c 89 f6 e8 42 fd ff ff 48 8b
0x00007fded6119dc0:   03 48 8b 53 08 66 0f ef c9 4c 89 f7 48 89 02 48
0x00007fded6119dd0:   89 50 08 0f 11 0b e8 15 4b 17 00 4c 39 ed 75 c8
0x00007fded6119de0:   48 83 c4 08 4c 89 e7 5b 5d 41 5c 41 5d 41 5e 41
0x00007fded6119df0:   5f e9 fa 48 17 00 66 2e 0f 1f 84 00 00 00 00 00
0x00007fded6119e00:   48 8d 4b e8 48 89 c8 48 29 d0 e9 11 ff ff ff 90
0x00007fded6119e10:   48 8b 07 48 8b 38 e8 45 13 16 00 31 d2 be 01 00
0x00007fded6119e20:   00 00 48 89 c7 e8 b6 2a 02 00 48 89 c3 49 8b 44
0x00007fded6119e30:   24 08 48 85 c0 0f 84 a2 fe ff ff 0f 1f 44 00 00
0x00007fded6119e40:   48 8b 68 18 31 d2 48 89 df 48 8b 75 00 e8 ae bc
0x00007fded6119e50:   02 00 48 89 ef 48 89 c6 e8 63 65 17 00 48 89 ef
0x00007fded6119e60:   e8 4b 81 02 00 49 8b 44 24 08 48 85 c0 75 d1 e9
0x00007fded6119e70:   69 fe ff ff 66 2e 0f 1f 84 00 00 00 00 00 66 90
0x00007fded6119e80:   48 8b 47 38 48 8b 40 28 c3 0f 1f 80 00 00 00 00
0x00007fded6119e90:   48 8b 47 28 48 83 c7 28 48 39 f8 74 2b 48 85 c0
0x00007fded6119ea0:   0f 84 9e 9d d3 ff 4c 8d 40 e8 0f b6 40 f8 83 e8
0x00007fded6119eb0:   1b 83 f8 0b b8 00 00 00 00 4c 0f 43 c0 4c 89 c0
0x00007fded6119ec0:   c3 0f 1f 80 00 00 00 00 45 31 c0 eb f0 0f 1f 00
0x00007fded6119ed0:   48 8b 47 28 48 8d 57 28 48 39 d0 0f 84 af 00 00
0x00007fded6119ee0:   00 48 85 c0 0f 84 64 9d d3 ff 45 31 c0 80 78 f8
0x00007fded6119ef0:   1b 75 23 48 8b 57 30 48 8d 48 e8 48 85 d2 74 09
0x00007fded6119f00:   48 83 ea 18 48 39 d1 74 0d 48 8b 50 10 45 31 c0
0x00007fded6119f10:   48 39 42 30 75 0a 4c 89 c0 c3 66 0f 1f 44 00 00
0x00007fded6119f20:   4c 8b 00 4d 85 c0 74 ee 8b 50 fc 49 8d 48 e8 81
0x00007fded6119f30:   e2 ff ff ff 07 74 3e 89 d2 48 f7 da 48 c1 e2 05
0x00007fded6119f40:   48 8b 44 10 e8 48 85 c0 74 2b 48 39 c1 75 41 41
0x00007fded6119f50:   80 78 f8 4b 75 1f 49 8b 40 10 4c 39 40 30 74 30
0x00007fded6119f60:   49 8b 48 c8 4d 8b 00 4d 85 c0 74 aa 49 83 e8 18
0x00007fded6119f70:   4c 39 c1 75 1b 45 31 c0 80 79 10 52 75 98 0f b7 


Stack slot to memory mapping:
stack at sp + 0 slots: 0x00007fded6158645: LLVMBuildAlloca+0x0000000000000035 in /home/crz/.javacpp/cache/llvm-13.0.1-1.5.7-linux-x86_64.jar/org/bytedeco/llvm/linux-x86_64/libLLVM-13.so at 0x00007fded552c000
stack at sp + 1 slots: 0x00007fdf54471ad0 points into unknown readable memory: 0x00000007fdf50078 | 78 00 f5 fd 07 00 00 00
stack at sp + 2 slots: 0x00007fdf54015800 is a thread
stack at sp + 3 slots: 0x00007fdf54015800 is a thread
stack at sp + 4 slots: 0x0 is NULL
stack at sp + 5 slots: 0x00007fdf5af90103 is pointing into the stack for thread: 0x00007fdf54015800
stack at sp + 6 slots: 0x00007fdf5bbb96d9: <offset 0x00000000008ef6d9> in /usr/lib/jvm/java-11-openjdk-amd64/lib/server/libjvm.so at 0x00007fdf5b2ca000
stack at sp + 7 slots: 0x0000000000000002 is an unknown value


---------------  P R O C E S S  ---------------

Threads class SMR info:
_java_thread_list=0x00007fdf04224ac0, length=13, elements={
0x00007fdf54015800, 0x00007fdf541ec000, 0x00007fdf541ee800, 0x00007fdf541f4000,
0x00007fdf541f6000, 0x00007fdf541f8000, 0x00007fdf541fa000, 0x00007fdf541fc000,
0x00007fdf000ad800, 0x00007fdf5422f000, 0x00007fdefc0ce800, 0x00007fdf543d1000,
0x00007fdf04223000
}

Java Threads: ( => current thread )
=>0x00007fdf54015800 JavaThread "main" [_thread_in_native, id=143985, stack(0x00007fdf5ae97000,0x00007fdf5af97000)]
  0x00007fdf541ec000 JavaThread "Reference Handler" daemon [_thread_blocked, id=143992, stack(0x00007fdf29079000,0x00007fdf29179000)]
  0x00007fdf541ee800 JavaThread "Finalizer" daemon [_thread_blocked, id=143993, stack(0x00007fdf28f79000,0x00007fdf29079000)]
  0x00007fdf541f4000 JavaThread "Signal Dispatcher" daemon [_thread_blocked, id=143994, stack(0x00007fdf2888c000,0x00007fdf2898c000)]
  0x00007fdf541f6000 JavaThread "Service Thread" daemon [_thread_blocked, id=143995, stack(0x00007fdf2878c000,0x00007fdf2888c000)]
  0x00007fdf541f8000 JavaThread "C2 CompilerThread0" daemon [_thread_blocked, id=143996, stack(0x00007fdf2868c000,0x00007fdf2878c000)]
  0x00007fdf541fa000 JavaThread "C1 CompilerThread0" daemon [_thread_blocked, id=143997, stack(0x00007fdf2858c000,0x00007fdf2868c000)]
  0x00007fdf541fc000 JavaThread "Sweeper thread" daemon [_thread_blocked, id=143998, stack(0x00007fdf2848c000,0x00007fdf2858c000)]
  0x00007fdf000ad800 JavaThread "C1 CompilerThread1" daemon [_thread_blocked, id=143999, stack(0x00007fdf2838c000,0x00007fdf2848c000)]
  0x00007fdf5422f000 JavaThread "Common-Cleaner" daemon [_thread_blocked, id=144001, stack(0x00007fdf2818b000,0x00007fdf2828b000)]
  0x00007fdefc0ce800 JavaThread "C1 CompilerThread2" daemon [_thread_blocked, id=144002, stack(0x00007fdf2808b000,0x00007fdf2818b000)]
  0x00007fdf543d1000 JavaThread "JavaCPP Deallocator" daemon [_thread_blocked, id=144003, stack(0x00007fdeeff00000,0x00007fdef0000000)]
  0x00007fdf04223000 JavaThread "C2 CompilerThread1" daemon [_thread_blocked, id=144004, stack(0x00007fdeefe00000,0x00007fdeeff00000)]

Other Threads:
  0x00007fdf541e9800 VMThread "VM Thread" [stack: 0x00007fdf2917a000,0x00007fdf2927a000] [id=143991]
  0x00007fdf5422d000 WatcherThread [stack: 0x00007fdf2828c000,0x00007fdf2838c000] [id=144000]
  0x00007fdf5402f800 GCTaskThread "GC Thread#0" [stack: 0x00007fdf5ab67000,0x00007fdf5ac67000] [id=143986]
  0x00007fdf5408d800 ConcurrentGCThread "G1 Main Marker" [stack: 0x00007fdf5822f000,0x00007fdf5832f000] [id=143987]
  0x00007fdf5408f800 ConcurrentGCThread "G1 Conc#0" [stack: 0x00007fdf5812e000,0x00007fdf5822e000] [id=143988]
  0x00007fdf541ab000 ConcurrentGCThread "G1 Refine#0" [stack: 0x00007fdf29bfd000,0x00007fdf29cfd000] [id=143989]
  0x00007fdf541ac800 ConcurrentGCThread "G1 Young RemSet Sampling" [stack: 0x00007fdf29afc000,0x00007fdf29bfc000] [id=143990]

Threads with active compile tasks:

VM state:not at safepoint (normal execution)

VM Mutex/Monitor currently owned by a thread: None

Heap address: 0x0000000708a00000, size: 3958 MB, Compressed Oops mode: Zero based, Oop shift amount: 3
Narrow klass base: 0x0000000800000000, Narrow klass shift: 3
Compressed class space size: 1073741824 Address: 0x0000000840000000

Heap:
 garbage-first heap   total 256000K, used 9936K [0x0000000708a00000, 0x0000000800000000)
  region size 1024K, 10 young (10240K), 0 survivors (0K)
 Metaspace       used 3515K, capacity 6544K, committed 6912K, reserved 1056768K
  class space    used 372K, capacity 668K, committed 768K, reserved 1048576K
Heap Regions: E=young(eden), S=young(survivor), O=old, HS=humongous(starts), HC=humongous(continues), CS=collection set, F=free, A=archive, TAMS=top-at-mark-start (previous, next)
|   0|0x0000000708a00000, 0x0000000708a00000, 0x0000000708b00000|  0%| F|  |TAMS 0x0000000708a00000, 0x0000000708a00000| Untracked 
|   1|0x0000000708b00000, 0x0000000708b00000, 0x0000000708c00000|  0%| F|  |TAMS 0x0000000708b00000, 0x0000000708b00000| Untracked 
|   2|0x0000000708c00000, 0x0000000708c00000, 0x0000000708d00000|  0%| F|  |TAMS 0x0000000708c00000, 0x0000000708c00000| Untracked 
|   3|0x0000000708d00000, 0x0000000708d00000, 0x0000000708e00000|  0%| F|  |TAMS 0x0000000708d00000, 0x0000000708d00000| Untracked 
|   4|0x0000000708e00000, 0x0000000708e00000, 0x0000000708f00000|  0%| F|  |TAMS 0x0000000708e00000, 0x0000000708e00000| Untracked 
|   5|0x0000000708f00000, 0x0000000708f00000, 0x0000000709000000|  0%| F|  |TAMS 0x0000000708f00000, 0x0000000708f00000| Untracked 
|   6|0x0000000709000000, 0x0000000709000000, 0x0000000709100000|  0%| F|  |TAMS 0x0000000709000000, 0x0000000709000000| Untracked 
|   7|0x0000000709100000, 0x0000000709100000, 0x0000000709200000|  0%| F|  |TAMS 0x0000000709100000, 0x0000000709100000| Untracked 
|   8|0x0000000709200000, 0x0000000709200000, 0x0000000709300000|  0%| F|  |TAMS 0x0000000709200000, 0x0000000709200000| Untracked 
|   9|0x0000000709300000, 0x0000000709300000, 0x0000000709400000|  0%| F|  |TAMS 0x0000000709300000, 0x0000000709300000| Untracked 
|  10|0x0000000709400000, 0x0000000709400000, 0x0000000709500000|  0%| F|  |TAMS 0x0000000709400000, 0x0000000709400000| Untracked 
|  11|0x0000000709500000, 0x0000000709500000, 0x0000000709600000|  0%| F|  |TAMS 0x0000000709500000, 0x0000000709500000| Untracked 
|  12|0x0000000709600000, 0x0000000709600000, 0x0000000709700000|  0%| F|  |TAMS 0x0000000709600000, 0x0000000709600000| Untracked 
|  13|0x0000000709700000, 0x0000000709700000, 0x0000000709800000|  0%| F|  |TAMS 0x0000000709700000, 0x0000000709700000| Untracked 
|  14|0x0000000709800000, 0x0000000709800000, 0x0000000709900000|  0%| F|  |TAMS 0x0000000709800000, 0x0000000709800000| Untracked 
|  15|0x0000000709900000, 0x0000000709900000, 0x0000000709a00000|  0%| F|  |TAMS 0x0000000709900000, 0x0000000709900000| Untracked 
|  16|0x0000000709a00000, 0x0000000709a00000, 0x0000000709b00000|  0%| F|  |TAMS 0x0000000709a00000, 0x0000000709a00000| Untracked 
|  17|0x0000000709b00000, 0x0000000709b00000, 0x0000000709c00000|  0%| F|  |TAMS 0x0000000709b00000, 0x0000000709b00000| Untracked 
|  18|0x0000000709c00000, 0x0000000709c00000, 0x0000000709d00000|  0%| F|  |TAMS 0x0000000709c00000, 0x0000000709c00000| Untracked 
|  19|0x0000000709d00000, 0x0000000709d00000, 0x0000000709e00000|  0%| F|  |TAMS 0x0000000709d00000, 0x0000000709d00000| Untracked 
|  20|0x0000000709e00000, 0x0000000709e00000, 0x0000000709f00000|  0%| F|  |TAMS 0x0000000709e00000, 0x0000000709e00000| Untracked 
|  21|0x0000000709f00000, 0x0000000709f00000, 0x000000070a000000|  0%| F|  |TAMS 0x0000000709f00000, 0x0000000709f00000| Untracked 
|  22|0x000000070a000000, 0x000000070a000000, 0x000000070a100000|  0%| F|  |TAMS 0x000000070a000000, 0x000000070a000000| Untracked 
|  23|0x000000070a100000, 0x000000070a100000, 0x000000070a200000|  0%| F|  |TAMS 0x000000070a100000, 0x000000070a100000| Untracked 
|  24|0x000000070a200000, 0x000000070a200000, 0x000000070a300000|  0%| F|  |TAMS 0x000000070a200000, 0x000000070a200000| Untracked 
|  25|0x000000070a300000, 0x000000070a300000, 0x000000070a400000|  0%| F|  |TAMS 0x000000070a300000, 0x000000070a300000| Untracked 
|  26|0x000000070a400000, 0x000000070a400000, 0x000000070a500000|  0%| F|  |TAMS 0x000000070a400000, 0x000000070a400000| Untracked 
|  27|0x000000070a500000, 0x000000070a500000, 0x000000070a600000|  0%| F|  |TAMS 0x000000070a500000, 0x000000070a500000| Untracked 
|  28|0x000000070a600000, 0x000000070a600000, 0x000000070a700000|  0%| F|  |TAMS 0x000000070a600000, 0x000000070a600000| Untracked 
|  29|0x000000070a700000, 0x000000070a700000, 0x000000070a800000|  0%| F|  |TAMS 0x000000070a700000, 0x000000070a700000| Untracked 
|  30|0x000000070a800000, 0x000000070a800000, 0x000000070a900000|  0%| F|  |TAMS 0x000000070a800000, 0x000000070a800000| Untracked 
|  31|0x000000070a900000, 0x000000070a900000, 0x000000070aa00000|  0%| F|  |TAMS 0x000000070a900000, 0x000000070a900000| Untracked 
|  32|0x000000070aa00000, 0x000000070aa00000, 0x000000070ab00000|  0%| F|  |TAMS 0x000000070aa00000, 0x000000070aa00000| Untracked 
|  33|0x000000070ab00000, 0x000000070ab00000, 0x000000070ac00000|  0%| F|  |TAMS 0x000000070ab00000, 0x000000070ab00000| Untracked 
|  34|0x000000070ac00000, 0x000000070ac00000, 0x000000070ad00000|  0%| F|  |TAMS 0x000000070ac00000, 0x000000070ac00000| Untracked 
|  35|0x000000070ad00000, 0x000000070ad00000, 0x000000070ae00000|  0%| F|  |TAMS 0x000000070ad00000, 0x000000070ad00000| Untracked 
|  36|0x000000070ae00000, 0x000000070ae00000, 0x000000070af00000|  0%| F|  |TAMS 0x000000070ae00000, 0x000000070ae00000| Untracked 
|  37|0x000000070af00000, 0x000000070af00000, 0x000000070b000000|  0%| F|  |TAMS 0x000000070af00000, 0x000000070af00000| Untracked 
|  38|0x000000070b000000, 0x000000070b000000, 0x000000070b100000|  0%| F|  |TAMS 0x000000070b000000, 0x000000070b000000| Untracked 
|  39|0x000000070b100000, 0x000000070b100000, 0x000000070b200000|  0%| F|  |TAMS 0x000000070b100000, 0x000000070b100000| Untracked 
|  40|0x000000070b200000, 0x000000070b200000, 0x000000070b300000|  0%| F|  |TAMS 0x000000070b200000, 0x000000070b200000| Untracked 
|  41|0x000000070b300000, 0x000000070b300000, 0x000000070b400000|  0%| F|  |TAMS 0x000000070b300000, 0x000000070b300000| Untracked 
|  42|0x000000070b400000, 0x000000070b400000, 0x000000070b500000|  0%| F|  |TAMS 0x000000070b400000, 0x000000070b400000| Untracked 
|  43|0x000000070b500000, 0x000000070b500000, 0x000000070b600000|  0%| F|  |TAMS 0x000000070b500000, 0x000000070b500000| Untracked 
|  44|0x000000070b600000, 0x000000070b600000, 0x000000070b700000|  0%| F|  |TAMS 0x000000070b600000, 0x000000070b600000| Untracked 
|  45|0x000000070b700000, 0x000000070b700000, 0x000000070b800000|  0%| F|  |TAMS 0x000000070b700000, 0x000000070b700000| Untracked 
|  46|0x000000070b800000, 0x000000070b800000, 0x000000070b900000|  0%| F|  |TAMS 0x000000070b800000, 0x000000070b800000| Untracked 
|  47|0x000000070b900000, 0x000000070b900000, 0x000000070ba00000|  0%| F|  |TAMS 0x000000070b900000, 0x000000070b900000| Untracked 
|  48|0x000000070ba00000, 0x000000070ba00000, 0x000000070bb00000|  0%| F|  |TAMS 0x000000070ba00000, 0x000000070ba00000| Untracked 
|  49|0x000000070bb00000, 0x000000070bb00000, 0x000000070bc00000|  0%| F|  |TAMS 0x000000070bb00000, 0x000000070bb00000| Untracked 
|  50|0x000000070bc00000, 0x000000070bc00000, 0x000000070bd00000|  0%| F|  |TAMS 0x000000070bc00000, 0x000000070bc00000| Untracked 
|  51|0x000000070bd00000, 0x000000070bd00000, 0x000000070be00000|  0%| F|  |TAMS 0x000000070bd00000, 0x000000070bd00000| Untracked 
|  52|0x000000070be00000, 0x000000070be00000, 0x000000070bf00000|  0%| F|  |TAMS 0x000000070be00000, 0x000000070be00000| Untracked 
|  53|0x000000070bf00000, 0x000000070bf00000, 0x000000070c000000|  0%| F|  |TAMS 0x000000070bf00000, 0x000000070bf00000| Untracked 
|  54|0x000000070c000000, 0x000000070c000000, 0x000000070c100000|  0%| F|  |TAMS 0x000000070c000000, 0x000000070c000000| Untracked 
|  55|0x000000070c100000, 0x000000070c100000, 0x000000070c200000|  0%| F|  |TAMS 0x000000070c100000, 0x000000070c100000| Untracked 
|  56|0x000000070c200000, 0x000000070c200000, 0x000000070c300000|  0%| F|  |TAMS 0x000000070c200000, 0x000000070c200000| Untracked 
|  57|0x000000070c300000, 0x000000070c300000, 0x000000070c400000|  0%| F|  |TAMS 0x000000070c300000, 0x000000070c300000| Untracked 
|  58|0x000000070c400000, 0x000000070c400000, 0x000000070c500000|  0%| F|  |TAMS 0x000000070c400000, 0x000000070c400000| Untracked 
|  59|0x000000070c500000, 0x000000070c500000, 0x000000070c600000|  0%| F|  |TAMS 0x000000070c500000, 0x000000070c500000| Untracked 
|  60|0x000000070c600000, 0x000000070c600000, 0x000000070c700000|  0%| F|  |TAMS 0x000000070c600000, 0x000000070c600000| Untracked 
|  61|0x000000070c700000, 0x000000070c700000, 0x000000070c800000|  0%| F|  |TAMS 0x000000070c700000, 0x000000070c700000| Untracked 
|  62|0x000000070c800000, 0x000000070c800000, 0x000000070c900000|  0%| F|  |TAMS 0x000000070c800000, 0x000000070c800000| Untracked 
|  63|0x000000070c900000, 0x000000070c900000, 0x000000070ca00000|  0%| F|  |TAMS 0x000000070c900000, 0x000000070c900000| Untracked 
|  64|0x000000070ca00000, 0x000000070ca00000, 0x000000070cb00000|  0%| F|  |TAMS 0x000000070ca00000, 0x000000070ca00000| Untracked 
|  65|0x000000070cb00000, 0x000000070cb00000, 0x000000070cc00000|  0%| F|  |TAMS 0x000000070cb00000, 0x000000070cb00000| Untracked 
|  66|0x000000070cc00000, 0x000000070cc00000, 0x000000070cd00000|  0%| F|  |TAMS 0x000000070cc00000, 0x000000070cc00000| Untracked 
|  67|0x000000070cd00000, 0x000000070cd00000, 0x000000070ce00000|  0%| F|  |TAMS 0x000000070cd00000, 0x000000070cd00000| Untracked 
|  68|0x000000070ce00000, 0x000000070ce00000, 0x000000070cf00000|  0%| F|  |TAMS 0x000000070ce00000, 0x000000070ce00000| Untracked 
|  69|0x000000070cf00000, 0x000000070cf00000, 0x000000070d000000|  0%| F|  |TAMS 0x000000070cf00000, 0x000000070cf00000| Untracked 
|  70|0x000000070d000000, 0x000000070d000000, 0x000000070d100000|  0%| F|  |TAMS 0x000000070d000000, 0x000000070d000000| Untracked 
|  71|0x000000070d100000, 0x000000070d100000, 0x000000070d200000|  0%| F|  |TAMS 0x000000070d100000, 0x000000070d100000| Untracked 
|  72|0x000000070d200000, 0x000000070d200000, 0x000000070d300000|  0%| F|  |TAMS 0x000000070d200000, 0x000000070d200000| Untracked 
|  73|0x000000070d300000, 0x000000070d300000, 0x000000070d400000|  0%| F|  |TAMS 0x000000070d300000, 0x000000070d300000| Untracked 
|  74|0x000000070d400000, 0x000000070d400000, 0x000000070d500000|  0%| F|  |TAMS 0x000000070d400000, 0x000000070d400000| Untracked 
|  75|0x000000070d500000, 0x000000070d500000, 0x000000070d600000|  0%| F|  |TAMS 0x000000070d500000, 0x000000070d500000| Untracked 
|  76|0x000000070d600000, 0x000000070d600000, 0x000000070d700000|  0%| F|  |TAMS 0x000000070d600000, 0x000000070d600000| Untracked 
|  77|0x000000070d700000, 0x000000070d700000, 0x000000070d800000|  0%| F|  |TAMS 0x000000070d700000, 0x000000070d700000| Untracked 
|  78|0x000000070d800000, 0x000000070d800000, 0x000000070d900000|  0%| F|  |TAMS 0x000000070d800000, 0x000000070d800000| Untracked 
|  79|0x000000070d900000, 0x000000070d900000, 0x000000070da00000|  0%| F|  |TAMS 0x000000070d900000, 0x000000070d900000| Untracked 
|  80|0x000000070da00000, 0x000000070da00000, 0x000000070db00000|  0%| F|  |TAMS 0x000000070da00000, 0x000000070da00000| Untracked 
|  81|0x000000070db00000, 0x000000070db00000, 0x000000070dc00000|  0%| F|  |TAMS 0x000000070db00000, 0x000000070db00000| Untracked 
|  82|0x000000070dc00000, 0x000000070dc00000, 0x000000070dd00000|  0%| F|  |TAMS 0x000000070dc00000, 0x000000070dc00000| Untracked 
|  83|0x000000070dd00000, 0x000000070dd00000, 0x000000070de00000|  0%| F|  |TAMS 0x000000070dd00000, 0x000000070dd00000| Untracked 
|  84|0x000000070de00000, 0x000000070de00000, 0x000000070df00000|  0%| F|  |TAMS 0x000000070de00000, 0x000000070de00000| Untracked 
|  85|0x000000070df00000, 0x000000070df00000, 0x000000070e000000|  0%| F|  |TAMS 0x000000070df00000, 0x000000070df00000| Untracked 
|  86|0x000000070e000000, 0x000000070e000000, 0x000000070e100000|  0%| F|  |TAMS 0x000000070e000000, 0x000000070e000000| Untracked 
|  87|0x000000070e100000, 0x000000070e100000, 0x000000070e200000|  0%| F|  |TAMS 0x000000070e100000, 0x000000070e100000| Untracked 
|  88|0x000000070e200000, 0x000000070e200000, 0x000000070e300000|  0%| F|  |TAMS 0x000000070e200000, 0x000000070e200000| Untracked 
|  89|0x000000070e300000, 0x000000070e300000, 0x000000070e400000|  0%| F|  |TAMS 0x000000070e300000, 0x000000070e300000| Untracked 
|  90|0x000000070e400000, 0x000000070e400000, 0x000000070e500000|  0%| F|  |TAMS 0x000000070e400000, 0x000000070e400000| Untracked 
|  91|0x000000070e500000, 0x000000070e500000, 0x000000070e600000|  0%| F|  |TAMS 0x000000070e500000, 0x000000070e500000| Untracked 
|  92|0x000000070e600000, 0x000000070e600000, 0x000000070e700000|  0%| F|  |TAMS 0x000000070e600000, 0x000000070e600000| Untracked 
|  93|0x000000070e700000, 0x000000070e700000, 0x000000070e800000|  0%| F|  |TAMS 0x000000070e700000, 0x000000070e700000| Untracked 
|  94|0x000000070e800000, 0x000000070e800000, 0x000000070e900000|  0%| F|  |TAMS 0x000000070e800000, 0x000000070e800000| Untracked 
|  95|0x000000070e900000, 0x000000070e900000, 0x000000070ea00000|  0%| F|  |TAMS 0x000000070e900000, 0x000000070e900000| Untracked 
|  96|0x000000070ea00000, 0x000000070ea00000, 0x000000070eb00000|  0%| F|  |TAMS 0x000000070ea00000, 0x000000070ea00000| Untracked 
|  97|0x000000070eb00000, 0x000000070eb00000, 0x000000070ec00000|  0%| F|  |TAMS 0x000000070eb00000, 0x000000070eb00000| Untracked 
|  98|0x000000070ec00000, 0x000000070ec00000, 0x000000070ed00000|  0%| F|  |TAMS 0x000000070ec00000, 0x000000070ec00000| Untracked 
|  99|0x000000070ed00000, 0x000000070ed00000, 0x000000070ee00000|  0%| F|  |TAMS 0x000000070ed00000, 0x000000070ed00000| Untracked 
| 100|0x000000070ee00000, 0x000000070ee00000, 0x000000070ef00000|  0%| F|  |TAMS 0x000000070ee00000, 0x000000070ee00000| Untracked 
| 101|0x000000070ef00000, 0x000000070ef00000, 0x000000070f000000|  0%| F|  |TAMS 0x000000070ef00000, 0x000000070ef00000| Untracked 
| 102|0x000000070f000000, 0x000000070f000000, 0x000000070f100000|  0%| F|  |TAMS 0x000000070f000000, 0x000000070f000000| Untracked 
| 103|0x000000070f100000, 0x000000070f100000, 0x000000070f200000|  0%| F|  |TAMS 0x000000070f100000, 0x000000070f100000| Untracked 
| 104|0x000000070f200000, 0x000000070f200000, 0x000000070f300000|  0%| F|  |TAMS 0x000000070f200000, 0x000000070f200000| Untracked 
| 105|0x000000070f300000, 0x000000070f300000, 0x000000070f400000|  0%| F|  |TAMS 0x000000070f300000, 0x000000070f300000| Untracked 
| 106|0x000000070f400000, 0x000000070f400000, 0x000000070f500000|  0%| F|  |TAMS 0x000000070f400000, 0x000000070f400000| Untracked 
| 107|0x000000070f500000, 0x000000070f500000, 0x000000070f600000|  0%| F|  |TAMS 0x000000070f500000, 0x000000070f500000| Untracked 
| 108|0x000000070f600000, 0x000000070f600000, 0x000000070f700000|  0%| F|  |TAMS 0x000000070f600000, 0x000000070f600000| Untracked 
| 109|0x000000070f700000, 0x000000070f700000, 0x000000070f800000|  0%| F|  |TAMS 0x000000070f700000, 0x000000070f700000| Untracked 
| 110|0x000000070f800000, 0x000000070f800000, 0x000000070f900000|  0%| F|  |TAMS 0x000000070f800000, 0x000000070f800000| Untracked 
| 111|0x000000070f900000, 0x000000070f900000, 0x000000070fa00000|  0%| F|  |TAMS 0x000000070f900000, 0x000000070f900000| Untracked 
| 112|0x000000070fa00000, 0x000000070fa00000, 0x000000070fb00000|  0%| F|  |TAMS 0x000000070fa00000, 0x000000070fa00000| Untracked 
| 113|0x000000070fb00000, 0x000000070fb00000, 0x000000070fc00000|  0%| F|  |TAMS 0x000000070fb00000, 0x000000070fb00000| Untracked 
| 114|0x000000070fc00000, 0x000000070fc00000, 0x000000070fd00000|  0%| F|  |TAMS 0x000000070fc00000, 0x000000070fc00000| Untracked 
| 115|0x000000070fd00000, 0x000000070fd00000, 0x000000070fe00000|  0%| F|  |TAMS 0x000000070fd00000, 0x000000070fd00000| Untracked 
| 116|0x000000070fe00000, 0x000000070fe00000, 0x000000070ff00000|  0%| F|  |TAMS 0x000000070fe00000, 0x000000070fe00000| Untracked 
| 117|0x000000070ff00000, 0x000000070ff00000, 0x0000000710000000|  0%| F|  |TAMS 0x000000070ff00000, 0x000000070ff00000| Untracked 
| 118|0x0000000710000000, 0x0000000710000000, 0x0000000710100000|  0%| F|  |TAMS 0x0000000710000000, 0x0000000710000000| Untracked 
| 119|0x0000000710100000, 0x0000000710100000, 0x0000000710200000|  0%| F|  |TAMS 0x0000000710100000, 0x0000000710100000| Untracked 
| 120|0x0000000710200000, 0x0000000710200000, 0x0000000710300000|  0%| F|  |TAMS 0x0000000710200000, 0x0000000710200000| Untracked 
| 121|0x0000000710300000, 0x0000000710300000, 0x0000000710400000|  0%| F|  |TAMS 0x0000000710300000, 0x0000000710300000| Untracked 
| 122|0x0000000710400000, 0x0000000710400000, 0x0000000710500000|  0%| F|  |TAMS 0x0000000710400000, 0x0000000710400000| Untracked 
| 123|0x0000000710500000, 0x0000000710500000, 0x0000000710600000|  0%| F|  |TAMS 0x0000000710500000, 0x0000000710500000| Untracked 
| 124|0x0000000710600000, 0x0000000710600000, 0x0000000710700000|  0%| F|  |TAMS 0x0000000710600000, 0x0000000710600000| Untracked 
| 125|0x0000000710700000, 0x0000000710700000, 0x0000000710800000|  0%| F|  |TAMS 0x0000000710700000, 0x0000000710700000| Untracked 
| 126|0x0000000710800000, 0x0000000710800000, 0x0000000710900000|  0%| F|  |TAMS 0x0000000710800000, 0x0000000710800000| Untracked 
| 127|0x0000000710900000, 0x0000000710900000, 0x0000000710a00000|  0%| F|  |TAMS 0x0000000710900000, 0x0000000710900000| Untracked 
| 128|0x0000000710a00000, 0x0000000710a00000, 0x0000000710b00000|  0%| F|  |TAMS 0x0000000710a00000, 0x0000000710a00000| Untracked 
| 129|0x0000000710b00000, 0x0000000710b00000, 0x0000000710c00000|  0%| F|  |TAMS 0x0000000710b00000, 0x0000000710b00000| Untracked 
| 130|0x0000000710c00000, 0x0000000710c00000, 0x0000000710d00000|  0%| F|  |TAMS 0x0000000710c00000, 0x0000000710c00000| Untracked 
| 131|0x0000000710d00000, 0x0000000710d00000, 0x0000000710e00000|  0%| F|  |TAMS 0x0000000710d00000, 0x0000000710d00000| Untracked 
| 132|0x0000000710e00000, 0x0000000710e00000, 0x0000000710f00000|  0%| F|  |TAMS 0x0000000710e00000, 0x0000000710e00000| Untracked 
| 133|0x0000000710f00000, 0x0000000710f00000, 0x0000000711000000|  0%| F|  |TAMS 0x0000000710f00000, 0x0000000710f00000| Untracked 
| 134|0x0000000711000000, 0x0000000711000000, 0x0000000711100000|  0%| F|  |TAMS 0x0000000711000000, 0x0000000711000000| Untracked 
| 135|0x0000000711100000, 0x0000000711100000, 0x0000000711200000|  0%| F|  |TAMS 0x0000000711100000, 0x0000000711100000| Untracked 
| 136|0x0000000711200000, 0x0000000711200000, 0x0000000711300000|  0%| F|  |TAMS 0x0000000711200000, 0x0000000711200000| Untracked 
| 137|0x0000000711300000, 0x0000000711300000, 0x0000000711400000|  0%| F|  |TAMS 0x0000000711300000, 0x0000000711300000| Untracked 
| 138|0x0000000711400000, 0x0000000711400000, 0x0000000711500000|  0%| F|  |TAMS 0x0000000711400000, 0x0000000711400000| Untracked 
| 139|0x0000000711500000, 0x0000000711500000, 0x0000000711600000|  0%| F|  |TAMS 0x0000000711500000, 0x0000000711500000| Untracked 
| 140|0x0000000711600000, 0x0000000711600000, 0x0000000711700000|  0%| F|  |TAMS 0x0000000711600000, 0x0000000711600000| Untracked 
| 141|0x0000000711700000, 0x0000000711700000, 0x0000000711800000|  0%| F|  |TAMS 0x0000000711700000, 0x0000000711700000| Untracked 
| 142|0x0000000711800000, 0x0000000711800000, 0x0000000711900000|  0%| F|  |TAMS 0x0000000711800000, 0x0000000711800000| Untracked 
| 143|0x0000000711900000, 0x0000000711900000, 0x0000000711a00000|  0%| F|  |TAMS 0x0000000711900000, 0x0000000711900000| Untracked 
| 144|0x0000000711a00000, 0x0000000711a00000, 0x0000000711b00000|  0%| F|  |TAMS 0x0000000711a00000, 0x0000000711a00000| Untracked 
| 145|0x0000000711b00000, 0x0000000711b00000, 0x0000000711c00000|  0%| F|  |TAMS 0x0000000711b00000, 0x0000000711b00000| Untracked 
| 146|0x0000000711c00000, 0x0000000711c00000, 0x0000000711d00000|  0%| F|  |TAMS 0x0000000711c00000, 0x0000000711c00000| Untracked 
| 147|0x0000000711d00000, 0x0000000711d00000, 0x0000000711e00000|  0%| F|  |TAMS 0x0000000711d00000, 0x0000000711d00000| Untracked 
| 148|0x0000000711e00000, 0x0000000711e00000, 0x0000000711f00000|  0%| F|  |TAMS 0x0000000711e00000, 0x0000000711e00000| Untracked 
| 149|0x0000000711f00000, 0x0000000711f00000, 0x0000000712000000|  0%| F|  |TAMS 0x0000000711f00000, 0x0000000711f00000| Untracked 
| 150|0x0000000712000000, 0x0000000712000000, 0x0000000712100000|  0%| F|  |TAMS 0x0000000712000000, 0x0000000712000000| Untracked 
| 151|0x0000000712100000, 0x0000000712100000, 0x0000000712200000|  0%| F|  |TAMS 0x0000000712100000, 0x0000000712100000| Untracked 
| 152|0x0000000712200000, 0x0000000712200000, 0x0000000712300000|  0%| F|  |TAMS 0x0000000712200000, 0x0000000712200000| Untracked 
| 153|0x0000000712300000, 0x0000000712300000, 0x0000000712400000|  0%| F|  |TAMS 0x0000000712300000, 0x0000000712300000| Untracked 
| 154|0x0000000712400000, 0x0000000712400000, 0x0000000712500000|  0%| F|  |TAMS 0x0000000712400000, 0x0000000712400000| Untracked 
| 155|0x0000000712500000, 0x0000000712500000, 0x0000000712600000|  0%| F|  |TAMS 0x0000000712500000, 0x0000000712500000| Untracked 
| 156|0x0000000712600000, 0x0000000712600000, 0x0000000712700000|  0%| F|  |TAMS 0x0000000712600000, 0x0000000712600000| Untracked 
| 157|0x0000000712700000, 0x0000000712700000, 0x0000000712800000|  0%| F|  |TAMS 0x0000000712700000, 0x0000000712700000| Untracked 
| 158|0x0000000712800000, 0x0000000712800000, 0x0000000712900000|  0%| F|  |TAMS 0x0000000712800000, 0x0000000712800000| Untracked 
| 159|0x0000000712900000, 0x0000000712900000, 0x0000000712a00000|  0%| F|  |TAMS 0x0000000712900000, 0x0000000712900000| Untracked 
| 160|0x0000000712a00000, 0x0000000712a00000, 0x0000000712b00000|  0%| F|  |TAMS 0x0000000712a00000, 0x0000000712a00000| Untracked 
| 161|0x0000000712b00000, 0x0000000712b00000, 0x0000000712c00000|  0%| F|  |TAMS 0x0000000712b00000, 0x0000000712b00000| Untracked 
| 162|0x0000000712c00000, 0x0000000712c00000, 0x0000000712d00000|  0%| F|  |TAMS 0x0000000712c00000, 0x0000000712c00000| Untracked 
| 163|0x0000000712d00000, 0x0000000712d00000, 0x0000000712e00000|  0%| F|  |TAMS 0x0000000712d00000, 0x0000000712d00000| Untracked 
| 164|0x0000000712e00000, 0x0000000712e00000, 0x0000000712f00000|  0%| F|  |TAMS 0x0000000712e00000, 0x0000000712e00000| Untracked 
| 165|0x0000000712f00000, 0x0000000712f00000, 0x0000000713000000|  0%| F|  |TAMS 0x0000000712f00000, 0x0000000712f00000| Untracked 
| 166|0x0000000713000000, 0x0000000713000000, 0x0000000713100000|  0%| F|  |TAMS 0x0000000713000000, 0x0000000713000000| Untracked 
| 167|0x0000000713100000, 0x0000000713100000, 0x0000000713200000|  0%| F|  |TAMS 0x0000000713100000, 0x0000000713100000| Untracked 
| 168|0x0000000713200000, 0x0000000713200000, 0x0000000713300000|  0%| F|  |TAMS 0x0000000713200000, 0x0000000713200000| Untracked 
| 169|0x0000000713300000, 0x0000000713300000, 0x0000000713400000|  0%| F|  |TAMS 0x0000000713300000, 0x0000000713300000| Untracked 
| 170|0x0000000713400000, 0x0000000713400000, 0x0000000713500000|  0%| F|  |TAMS 0x0000000713400000, 0x0000000713400000| Untracked 
| 171|0x0000000713500000, 0x0000000713500000, 0x0000000713600000|  0%| F|  |TAMS 0x0000000713500000, 0x0000000713500000| Untracked 
| 172|0x0000000713600000, 0x0000000713600000, 0x0000000713700000|  0%| F|  |TAMS 0x0000000713600000, 0x0000000713600000| Untracked 
| 173|0x0000000713700000, 0x0000000713700000, 0x0000000713800000|  0%| F|  |TAMS 0x0000000713700000, 0x0000000713700000| Untracked 
| 174|0x0000000713800000, 0x0000000713800000, 0x0000000713900000|  0%| F|  |TAMS 0x0000000713800000, 0x0000000713800000| Untracked 
| 175|0x0000000713900000, 0x0000000713900000, 0x0000000713a00000|  0%| F|  |TAMS 0x0000000713900000, 0x0000000713900000| Untracked 
| 176|0x0000000713a00000, 0x0000000713a00000, 0x0000000713b00000|  0%| F|  |TAMS 0x0000000713a00000, 0x0000000713a00000| Untracked 
| 177|0x0000000713b00000, 0x0000000713b00000, 0x0000000713c00000|  0%| F|  |TAMS 0x0000000713b00000, 0x0000000713b00000| Untracked 
| 178|0x0000000713c00000, 0x0000000713c00000, 0x0000000713d00000|  0%| F|  |TAMS 0x0000000713c00000, 0x0000000713c00000| Untracked 
| 179|0x0000000713d00000, 0x0000000713d00000, 0x0000000713e00000|  0%| F|  |TAMS 0x0000000713d00000, 0x0000000713d00000| Untracked 
| 180|0x0000000713e00000, 0x0000000713e00000, 0x0000000713f00000|  0%| F|  |TAMS 0x0000000713e00000, 0x0000000713e00000| Untracked 
| 181|0x0000000713f00000, 0x0000000713f00000, 0x0000000714000000|  0%| F|  |TAMS 0x0000000713f00000, 0x0000000713f00000| Untracked 
| 182|0x0000000714000000, 0x0000000714000000, 0x0000000714100000|  0%| F|  |TAMS 0x0000000714000000, 0x0000000714000000| Untracked 
| 183|0x0000000714100000, 0x0000000714100000, 0x0000000714200000|  0%| F|  |TAMS 0x0000000714100000, 0x0000000714100000| Untracked 
| 184|0x0000000714200000, 0x0000000714200000, 0x0000000714300000|  0%| F|  |TAMS 0x0000000714200000, 0x0000000714200000| Untracked 
| 185|0x0000000714300000, 0x0000000714300000, 0x0000000714400000|  0%| F|  |TAMS 0x0000000714300000, 0x0000000714300000| Untracked 
| 186|0x0000000714400000, 0x0000000714400000, 0x0000000714500000|  0%| F|  |TAMS 0x0000000714400000, 0x0000000714400000| Untracked 
| 187|0x0000000714500000, 0x0000000714500000, 0x0000000714600000|  0%| F|  |TAMS 0x0000000714500000, 0x0000000714500000| Untracked 
| 188|0x0000000714600000, 0x0000000714600000, 0x0000000714700000|  0%| F|  |TAMS 0x0000000714600000, 0x0000000714600000| Untracked 
| 189|0x0000000714700000, 0x0000000714700000, 0x0000000714800000|  0%| F|  |TAMS 0x0000000714700000, 0x0000000714700000| Untracked 
| 190|0x0000000714800000, 0x0000000714800000, 0x0000000714900000|  0%| F|  |TAMS 0x0000000714800000, 0x0000000714800000| Untracked 
| 191|0x0000000714900000, 0x0000000714900000, 0x0000000714a00000|  0%| F|  |TAMS 0x0000000714900000, 0x0000000714900000| Untracked 
| 192|0x0000000714a00000, 0x0000000714a00000, 0x0000000714b00000|  0%| F|  |TAMS 0x0000000714a00000, 0x0000000714a00000| Untracked 
| 193|0x0000000714b00000, 0x0000000714b00000, 0x0000000714c00000|  0%| F|  |TAMS 0x0000000714b00000, 0x0000000714b00000| Untracked 
| 194|0x0000000714c00000, 0x0000000714c00000, 0x0000000714d00000|  0%| F|  |TAMS 0x0000000714c00000, 0x0000000714c00000| Untracked 
| 195|0x0000000714d00000, 0x0000000714d00000, 0x0000000714e00000|  0%| F|  |TAMS 0x0000000714d00000, 0x0000000714d00000| Untracked 
| 196|0x0000000714e00000, 0x0000000714e00000, 0x0000000714f00000|  0%| F|  |TAMS 0x0000000714e00000, 0x0000000714e00000| Untracked 
| 197|0x0000000714f00000, 0x0000000714f00000, 0x0000000715000000|  0%| F|  |TAMS 0x0000000714f00000, 0x0000000714f00000| Untracked 
| 198|0x0000000715000000, 0x0000000715000000, 0x0000000715100000|  0%| F|  |TAMS 0x0000000715000000, 0x0000000715000000| Untracked 
| 199|0x0000000715100000, 0x0000000715100000, 0x0000000715200000|  0%| F|  |TAMS 0x0000000715100000, 0x0000000715100000| Untracked 
| 200|0x0000000715200000, 0x0000000715200000, 0x0000000715300000|  0%| F|  |TAMS 0x0000000715200000, 0x0000000715200000| Untracked 
| 201|0x0000000715300000, 0x0000000715300000, 0x0000000715400000|  0%| F|  |TAMS 0x0000000715300000, 0x0000000715300000| Untracked 
| 202|0x0000000715400000, 0x0000000715400000, 0x0000000715500000|  0%| F|  |TAMS 0x0000000715400000, 0x0000000715400000| Untracked 
| 203|0x0000000715500000, 0x0000000715500000, 0x0000000715600000|  0%| F|  |TAMS 0x0000000715500000, 0x0000000715500000| Untracked 
| 204|0x0000000715600000, 0x0000000715600000, 0x0000000715700000|  0%| F|  |TAMS 0x0000000715600000, 0x0000000715600000| Untracked 
| 205|0x0000000715700000, 0x0000000715700000, 0x0000000715800000|  0%| F|  |TAMS 0x0000000715700000, 0x0000000715700000| Untracked 
| 206|0x0000000715800000, 0x0000000715800000, 0x0000000715900000|  0%| F|  |TAMS 0x0000000715800000, 0x0000000715800000| Untracked 
| 207|0x0000000715900000, 0x0000000715900000, 0x0000000715a00000|  0%| F|  |TAMS 0x0000000715900000, 0x0000000715900000| Untracked 
| 208|0x0000000715a00000, 0x0000000715a00000, 0x0000000715b00000|  0%| F|  |TAMS 0x0000000715a00000, 0x0000000715a00000| Untracked 
| 209|0x0000000715b00000, 0x0000000715b00000, 0x0000000715c00000|  0%| F|  |TAMS 0x0000000715b00000, 0x0000000715b00000| Untracked 
| 210|0x0000000715c00000, 0x0000000715c00000, 0x0000000715d00000|  0%| F|  |TAMS 0x0000000715c00000, 0x0000000715c00000| Untracked 
| 211|0x0000000715d00000, 0x0000000715d00000, 0x0000000715e00000|  0%| F|  |TAMS 0x0000000715d00000, 0x0000000715d00000| Untracked 
| 212|0x0000000715e00000, 0x0000000715e00000, 0x0000000715f00000|  0%| F|  |TAMS 0x0000000715e00000, 0x0000000715e00000| Untracked 
| 213|0x0000000715f00000, 0x0000000715f00000, 0x0000000716000000|  0%| F|  |TAMS 0x0000000715f00000, 0x0000000715f00000| Untracked 
| 214|0x0000000716000000, 0x0000000716000000, 0x0000000716100000|  0%| F|  |TAMS 0x0000000716000000, 0x0000000716000000| Untracked 
| 215|0x0000000716100000, 0x0000000716100000, 0x0000000716200000|  0%| F|  |TAMS 0x0000000716100000, 0x0000000716100000| Untracked 
| 216|0x0000000716200000, 0x0000000716200000, 0x0000000716300000|  0%| F|  |TAMS 0x0000000716200000, 0x0000000716200000| Untracked 
| 217|0x0000000716300000, 0x0000000716300000, 0x0000000716400000|  0%| F|  |TAMS 0x0000000716300000, 0x0000000716300000| Untracked 
| 218|0x0000000716400000, 0x0000000716400000, 0x0000000716500000|  0%| F|  |TAMS 0x0000000716400000, 0x0000000716400000| Untracked 
| 219|0x0000000716500000, 0x0000000716500000, 0x0000000716600000|  0%| F|  |TAMS 0x0000000716500000, 0x0000000716500000| Untracked 
| 220|0x0000000716600000, 0x0000000716600000, 0x0000000716700000|  0%| F|  |TAMS 0x0000000716600000, 0x0000000716600000| Untracked 
| 221|0x0000000716700000, 0x0000000716700000, 0x0000000716800000|  0%| F|  |TAMS 0x0000000716700000, 0x0000000716700000| Untracked 
| 222|0x0000000716800000, 0x0000000716800000, 0x0000000716900000|  0%| F|  |TAMS 0x0000000716800000, 0x0000000716800000| Untracked 
| 223|0x0000000716900000, 0x0000000716900000, 0x0000000716a00000|  0%| F|  |TAMS 0x0000000716900000, 0x0000000716900000| Untracked 
| 224|0x0000000716a00000, 0x0000000716a00000, 0x0000000716b00000|  0%| F|  |TAMS 0x0000000716a00000, 0x0000000716a00000| Untracked 
| 225|0x0000000716b00000, 0x0000000716b00000, 0x0000000716c00000|  0%| F|  |TAMS 0x0000000716b00000, 0x0000000716b00000| Untracked 
| 226|0x0000000716c00000, 0x0000000716c00000, 0x0000000716d00000|  0%| F|  |TAMS 0x0000000716c00000, 0x0000000716c00000| Untracked 
| 227|0x0000000716d00000, 0x0000000716d00000, 0x0000000716e00000|  0%| F|  |TAMS 0x0000000716d00000, 0x0000000716d00000| Untracked 
| 228|0x0000000716e00000, 0x0000000716e00000, 0x0000000716f00000|  0%| F|  |TAMS 0x0000000716e00000, 0x0000000716e00000| Untracked 
| 229|0x0000000716f00000, 0x0000000716f00000, 0x0000000717000000|  0%| F|  |TAMS 0x0000000716f00000, 0x0000000716f00000| Untracked 
| 230|0x0000000717000000, 0x0000000717000000, 0x0000000717100000|  0%| F|  |TAMS 0x0000000717000000, 0x0000000717000000| Untracked 
| 231|0x0000000717100000, 0x0000000717100000, 0x0000000717200000|  0%| F|  |TAMS 0x0000000717100000, 0x0000000717100000| Untracked 
| 232|0x0000000717200000, 0x0000000717200000, 0x0000000717300000|  0%| F|  |TAMS 0x0000000717200000, 0x0000000717200000| Untracked 
| 233|0x0000000717300000, 0x0000000717300000, 0x0000000717400000|  0%| F|  |TAMS 0x0000000717300000, 0x0000000717300000| Untracked 
| 234|0x0000000717400000, 0x0000000717400000, 0x0000000717500000|  0%| F|  |TAMS 0x0000000717400000, 0x0000000717400000| Untracked 
| 235|0x0000000717500000, 0x0000000717500000, 0x0000000717600000|  0%| F|  |TAMS 0x0000000717500000, 0x0000000717500000| Untracked 
| 236|0x0000000717600000, 0x0000000717600000, 0x0000000717700000|  0%| F|  |TAMS 0x0000000717600000, 0x0000000717600000| Untracked 
| 237|0x0000000717700000, 0x0000000717700000, 0x0000000717800000|  0%| F|  |TAMS 0x0000000717700000, 0x0000000717700000| Untracked 
| 238|0x0000000717800000, 0x0000000717900000, 0x0000000717900000|100%| E|  |TAMS 0x0000000717800000, 0x0000000717800000| Complete 
| 239|0x0000000717900000, 0x0000000717a00000, 0x0000000717a00000|100%| E|CS|TAMS 0x0000000717900000, 0x0000000717900000| Complete 
| 240|0x0000000717a00000, 0x0000000717b00000, 0x0000000717b00000|100%| E|CS|TAMS 0x0000000717a00000, 0x0000000717a00000| Complete 
| 241|0x0000000717b00000, 0x0000000717c00000, 0x0000000717c00000|100%| E|CS|TAMS 0x0000000717b00000, 0x0000000717b00000| Complete 
| 242|0x0000000717c00000, 0x0000000717d00000, 0x0000000717d00000|100%| E|CS|TAMS 0x0000000717c00000, 0x0000000717c00000| Complete 
| 243|0x0000000717d00000, 0x0000000717e00000, 0x0000000717e00000|100%| E|CS|TAMS 0x0000000717d00000, 0x0000000717d00000| Complete 
| 244|0x0000000717e00000, 0x0000000717f00000, 0x0000000717f00000|100%| E|CS|TAMS 0x0000000717e00000, 0x0000000717e00000| Complete 
| 245|0x0000000717f00000, 0x0000000718000000, 0x0000000718000000|100%| E|CS|TAMS 0x0000000717f00000, 0x0000000717f00000| Complete 
| 246|0x0000000718000000, 0x0000000718100000, 0x0000000718100000|100%| E|CS|TAMS 0x0000000718000000, 0x0000000718000000| Complete 
| 247|0x0000000718100000, 0x0000000718200000, 0x0000000718200000|100%| E|CS|TAMS 0x0000000718100000, 0x0000000718100000| Complete 
|2932|0x00000007bfe00000, 0x00000007bfe48000, 0x00000007bff00000| 28%|OA|  |TAMS 0x00000007bfe00000, 0x00000007bfe00000| Untracked 
|2933|0x00000007bff00000, 0x00000007bff6c000, 0x00000007c0000000| 42%|CA|  |TAMS 0x00000007bff00000, 0x00000007bff00000| Untracked 

Card table byte_map: [0x00007fdf58ce1000,0x00007fdf5949c000] _byte_map_base: 0x00007fdf5549c000

Marking Bits (Prev, Next): (CMBitMap*) 0x00007fdf5407d4e8, (CMBitMap*) 0x00007fdf5407d520
 Prev Bits: [0x00007fdf34228000, 0x00007fdf38000000)
 Next Bits: [0x00007fdf30450000, 0x00007fdf34228000)

Polling page: 0x00007fdf5c805000

Metaspace:

Usage:
  Non-class:      5.74 MB capacity,     3.07 MB ( 54%) used,     2.66 MB ( 46%) free+waste,     4.25 KB ( <1%) overhead. 
      Class:    668.00 KB capacity,   372.02 KB ( 56%) used,   293.91 KB ( 44%) free+waste,     2.06 KB ( <1%) overhead. 
       Both:      6.39 MB capacity,     3.43 MB ( 54%) used,     2.95 MB ( 46%) free+waste,     6.31 KB ( <1%) overhead. 

Virtual space:
  Non-class space:        8.00 MB reserved,       6.00 MB ( 75%) committed 
      Class space:        1.00 GB reserved,     768.00 KB ( <1%) committed 
             Both:        1.01 GB reserved,       6.75 MB ( <1%) committed 

Chunk freelists:
   Non-Class:  32.00 KB
       Class:  4.00 KB
        Both:  36.00 KB

MaxMetaspaceSize: unlimited
CompressedClassSpaceSize: 1.00 GB
Initial GC threshold: 20.80 MB
Current GC threshold: 20.80 MB
CDS: on

CodeHeap 'non-profiled nmethods': size=119172Kb used=192Kb max_used=192Kb free=118979Kb
 bounds [0x00007fdf44364000, 0x00007fdf445d4000, 0x00007fdf4b7c5000]
CodeHeap 'profiled nmethods': size=119168Kb used=1530Kb max_used=1530Kb free=117637Kb
 bounds [0x00007fdf3cf04000, 0x00007fdf3d174000, 0x00007fdf44364000]
CodeHeap 'non-nmethods': size=7420Kb used=2267Kb max_used=2281Kb free=5152Kb
 bounds [0x00007fdf3c7c5000, 0x00007fdf3ca35000, 0x00007fdf3cf04000]
 total_blobs=1199 nmethods=800 adapters=311
 compilation: enabled
              stopped_count=0, restarted_count=0
 full_count=0

Compilation events (20 events):
Event: 0.143 Thread 0x00007fdf541f8000  792       4       java.util.HashMap::getNode (148 bytes)
Event: 0.143 Thread 0x00007fdf000ad800  789       3       java.lang.reflect.Method::getParameterCount (6 bytes)
Event: 0.143 Thread 0x00007fdf000ad800 nmethod 789 0x00007fdf3d07a810 code [0x00007fdf3d07a9c0, 0x00007fdf3d07aaf0]
Event: 0.143 Thread 0x00007fdf000ad800  794       3       java.lang.Character::isSurrogate (18 bytes)
Event: 0.143 Thread 0x00007fdf000ad800 nmethod 794 0x00007fdf3d07ab90 code [0x00007fdf3d07ad40, 0x00007fdf3d07aeb0]
Event: 0.143 Thread 0x00007fdf000ad800  790       3       java.util.ArrayList::indexOf (11 bytes)
Event: 0.143 Thread 0x00007fdf000ad800 nmethod 790 0x00007fdf3d07af10 code [0x00007fdf3d07b0c0, 0x00007fdf3d07b220]
Event: 0.143 Thread 0x00007fdf000ad800  800       3       org.bytedeco.javacpp.ClassProperties::addAll (199 bytes)
Event: 0.143 Thread 0x00007fdefc0ce800 nmethod 791 0x00007fdf3d07b310 code [0x00007fdf3d07b500, 0x00007fdf3d07b9a0]
Event: 0.143 Thread 0x00007fdefc0ce800  797       3       java.util.Arrays::asList (9 bytes)
Event: 0.144 Thread 0x00007fdf541fa000 nmethod 788 0x00007fdf3d07bb90 code [0x00007fdf3d07bea0, 0x00007fdf3d07d000]
Event: 0.144 Thread 0x00007fdf541fa000  798       3       java.util.Arrays$ArrayList::<init> (16 bytes)
Event: 0.144 Thread 0x00007fdefc0ce800 nmethod 797 0x00007fdf3d07d590 code [0x00007fdf3d07d780, 0x00007fdf3d07dc00]
Event: 0.144 Thread 0x00007fdefc0ce800  795       3       java.util.regex.Pattern::isSupplementary (20 bytes)
Event: 0.144 Thread 0x00007fdefc0ce800 nmethod 795 0x00007fdf3d07dd90 code [0x00007fdf3d07df40, 0x00007fdf3d07e1b0]
Event: 0.144 Thread 0x00007fdefc0ce800  799       3       org.bytedeco.javacpp.ClassProperties::addAll (14 bytes)
Event: 0.144 Thread 0x00007fdf541fa000 nmethod 798 0x00007fdf3d07e290 code [0x00007fdf3d07e480, 0x00007fdf3d07e880]
Event: 0.144 Thread 0x00007fdf541fa000  796       3       java.util.regex.Pattern::has (15 bytes)
Event: 0.144 Thread 0x00007fdf541fa000 nmethod 796 0x00007fdf3d07ea10 code [0x00007fdf3d07ebc0, 0x00007fdf3d07ed30]
Event: 0.144 Thread 0x00007fdefc0ce800 nmethod 799 0x00007fdf3d07ed90 code [0x00007fdf3d07efa0, 0x00007fdf3d07f570]

GC Heap History (0 events):
No events

Deoptimization events (20 events):
Event: 0.107 Thread 0x00007fdf54015800 DEOPT PACKING pc=0x00007fdf3cf5574f sp=0x00007fdf5af94510
Event: 0.107 Thread 0x00007fdf54015800 DEOPT UNPACKING pc=0x00007fdf3c80f64a sp=0x00007fdf5af939b8 mode 0
Event: 0.108 Thread 0x00007fdf54015800 DEOPT PACKING pc=0x00007fdf3cf5574f sp=0x00007fdf5af944f0
Event: 0.108 Thread 0x00007fdf54015800 DEOPT UNPACKING pc=0x00007fdf3c80f64a sp=0x00007fdf5af93998 mode 0
Event: 0.134 Thread 0x00007fdf54015800 Uncommon trap: trap_request=0xffffffc6 fr.pc=0x00007fdf4438bf94 relative=0x00000000000003b4
Event: 0.134 Thread 0x00007fdf54015800 Uncommon trap: reason=bimorphic_or_optimized_type_check action=maybe_recompile pc=0x00007fdf4438bf94 method=java.util.HashMap.getNode(ILjava/lang/Object;)Ljava/util/HashMap$Node; @ 126 c2
Event: 0.134 Thread 0x00007fdf54015800 DEOPT PACKING pc=0x00007fdf4438bf94 sp=0x00007fdf5af950f0
Event: 0.134 Thread 0x00007fdf54015800 DEOPT UNPACKING pc=0x00007fdf3c80eea5 sp=0x00007fdf5af95088 mode 2
Event: 0.137 Thread 0x00007fdf54015800 Uncommon trap: trap_request=0xffffffc6 fr.pc=0x00007fdf4438bf94 relative=0x00000000000003b4
Event: 0.137 Thread 0x00007fdf54015800 Uncommon trap: reason=bimorphic_or_optimized_type_check action=maybe_recompile pc=0x00007fdf4438bf94 method=java.util.HashMap.getNode(ILjava/lang/Object;)Ljava/util/HashMap$Node; @ 126 c2
Event: 0.137 Thread 0x00007fdf54015800 DEOPT PACKING pc=0x00007fdf4438bf94 sp=0x00007fdf5af94d30
Event: 0.137 Thread 0x00007fdf54015800 DEOPT UNPACKING pc=0x00007fdf3c80eea5 sp=0x00007fdf5af94cc8 mode 2
Event: 0.139 Thread 0x00007fdf54015800 Uncommon trap: trap_request=0xffffffc6 fr.pc=0x00007fdf4438bf94 relative=0x00000000000003b4
Event: 0.139 Thread 0x00007fdf54015800 Uncommon trap: reason=bimorphic_or_optimized_type_check action=maybe_recompile pc=0x00007fdf4438bf94 method=java.util.HashMap.getNode(ILjava/lang/Object;)Ljava/util/HashMap$Node; @ 126 c2
Event: 0.139 Thread 0x00007fdf54015800 DEOPT PACKING pc=0x00007fdf4438bf94 sp=0x00007fdf5af94910
Event: 0.139 Thread 0x00007fdf54015800 DEOPT UNPACKING pc=0x00007fdf3c80eea5 sp=0x00007fdf5af948a8 mode 2
Event: 0.140 Thread 0x00007fdf54015800 Uncommon trap: trap_request=0xffffffc6 fr.pc=0x00007fdf4438bf94 relative=0x00000000000003b4
Event: 0.140 Thread 0x00007fdf54015800 Uncommon trap: reason=bimorphic_or_optimized_type_check action=maybe_recompile pc=0x00007fdf4438bf94 method=java.util.HashMap.getNode(ILjava/lang/Object;)Ljava/util/HashMap$Node; @ 126 c2
Event: 0.140 Thread 0x00007fdf54015800 DEOPT PACKING pc=0x00007fdf4438bf94 sp=0x00007fdf5af949d0
Event: 0.140 Thread 0x00007fdf54015800 DEOPT UNPACKING pc=0x00007fdf3c80eea5 sp=0x00007fdf5af94968 mode 2

Classes redefined (0 events):
No events

Internal exceptions (20 events):
Event: 0.063 Thread 0x00007fdf54015800 Exception <a 'java/security/PrivilegedActionException'{0x0000000717ed6210}> (0x0000000717ed6210) thrown at [./src/hotspot/share/prims/jvm.cpp, line 1304]
Event: 0.063 Thread 0x00007fdf54015800 Exception <a 'java/security/PrivilegedActionException'{0x0000000717ed6788}> (0x0000000717ed6788) thrown at [./src/hotspot/share/prims/jvm.cpp, line 1304]
Event: 0.063 Thread 0x00007fdf54015800 Exception <a 'java/security/PrivilegedActionException'{0x0000000717ed73a0}> (0x0000000717ed73a0) thrown at [./src/hotspot/share/prims/jvm.cpp, line 1304]
Event: 0.063 Thread 0x00007fdf54015800 Exception <a 'java/security/PrivilegedActionException'{0x0000000717ed7918}> (0x0000000717ed7918) thrown at [./src/hotspot/share/prims/jvm.cpp, line 1304]
Event: 0.063 Thread 0x00007fdf54015800 Exception <a 'java/security/PrivilegedActionException'{0x0000000717ed8530}> (0x0000000717ed8530) thrown at [./src/hotspot/share/prims/jvm.cpp, line 1304]
Event: 0.063 Thread 0x00007fdf54015800 Exception <a 'java/security/PrivilegedActionException'{0x0000000717ed8aa8}> (0x0000000717ed8aa8) thrown at [./src/hotspot/share/prims/jvm.cpp, line 1304]
Event: 0.063 Thread 0x00007fdf54015800 Exception <a 'java/security/PrivilegedActionException'{0x0000000717ed96d8}> (0x0000000717ed96d8) thrown at [./src/hotspot/share/prims/jvm.cpp, line 1304]
Event: 0.063 Thread 0x00007fdf54015800 Exception <a 'java/security/PrivilegedActionException'{0x0000000717ed9c50}> (0x0000000717ed9c50) thrown at [./src/hotspot/share/prims/jvm.cpp, line 1304]
Event: 0.063 Thread 0x00007fdf54015800 Exception <a 'java/security/PrivilegedActionException'{0x0000000717eda880}> (0x0000000717eda880) thrown at [./src/hotspot/share/prims/jvm.cpp, line 1304]
Event: 0.063 Thread 0x00007fdf54015800 Exception <a 'java/security/PrivilegedActionException'{0x0000000717edadf8}> (0x0000000717edadf8) thrown at [./src/hotspot/share/prims/jvm.cpp, line 1304]
Event: 0.063 Thread 0x00007fdf54015800 Exception <a 'java/security/PrivilegedActionException'{0x0000000717edba28}> (0x0000000717edba28) thrown at [./src/hotspot/share/prims/jvm.cpp, line 1304]
Event: 0.063 Thread 0x00007fdf54015800 Exception <a 'java/security/PrivilegedActionException'{0x0000000717edbfa0}> (0x0000000717edbfa0) thrown at [./src/hotspot/share/prims/jvm.cpp, line 1304]
Event: 0.063 Thread 0x00007fdf54015800 Exception <a 'java/security/PrivilegedActionException'{0x0000000717edcbb8}> (0x0000000717edcbb8) thrown at [./src/hotspot/share/prims/jvm.cpp, line 1304]
Event: 0.063 Thread 0x00007fdf54015800 Exception <a 'java/security/PrivilegedActionException'{0x0000000717edd130}> (0x0000000717edd130) thrown at [./src/hotspot/share/prims/jvm.cpp, line 1304]
Event: 0.063 Thread 0x00007fdf54015800 Exception <a 'java/security/PrivilegedActionException'{0x0000000717eddd60}> (0x0000000717eddd60) thrown at [./src/hotspot/share/prims/jvm.cpp, line 1304]
Event: 0.063 Thread 0x00007fdf54015800 Exception <a 'java/security/PrivilegedActionException'{0x0000000717ede2d8}> (0x0000000717ede2d8) thrown at [./src/hotspot/share/prims/jvm.cpp, line 1304]
Event: 0.072 Thread 0x00007fdf54015800 Exception <a 'java/lang/NoSuchMethodError'{0x0000000717dabff8}: 'int java.lang.invoke.DirectMethodHandle$Holder.invokeStaticInit(java.lang.Object, java.lang.Object, java.lang.Object, java.lang.Object)'> (0x0000000717dabff8) thrown at [./src/hotspot/share/interpreter/linkResolver.cpp, line 772]
Event: 0.073 Thread 0x00007fdf54015800 Exception <a 'java/lang/IncompatibleClassChangeError'{0x0000000717db64e0}: Found class java.lang.Object, but interface was expected> (0x0000000717db64e0) thrown at [./src/hotspot/share/interpreter/linkResolver.cpp, line 839]
Event: 0.073 Thread 0x00007fdf54015800 Exception <a 'java/lang/NoSuchMethodError'{0x0000000717db9730}: 'void java.lang.invoke.DirectMethodHandle$Holder.invokeStaticInit(java.lang.Object, java.lang.Object)'> (0x0000000717db9730) thrown at [./src/hotspot/share/interpreter/linkResolver.cpp, line 772]
Event: 0.074 Thread 0x00007fdf54015800 Exception <a 'java/lang/NoSuchMethodError'{0x0000000717dbf400}: 'int java.lang.invoke.DirectMethodHandle$Holder.invokeStaticInit(java.lang.Object, java.lang.Object)'> (0x0000000717dbf400) thrown at [./src/hotspot/share/interpreter/linkResolver.cpp, line 772]

Events (20 events):
Event: 0.142 loading class semantic_check/IntType
Event: 0.142 loading class semantic_check/IntType done
Event: 0.142 loading class semantic_check/VoidType
Event: 0.142 loading class semantic_check/VoidType done
Event: 0.142 loading class semantic_check/FunctionType
Event: 0.142 loading class semantic_check/FunctionType done
Event: 0.142 loading class semantic_check/ArrayType
Event: 0.142 loading class semantic_check/ArrayType done
Event: 0.142 loading class semantic_check/SymbolTable
Event: 0.142 loading class semantic_check/SymbolTable done
Event: 0.142 loading class java/util/Stack
Event: 0.142 loading class java/util/Stack done
Event: 0.143 Executing VM operation: Deoptimize
Event: 0.143 Executing VM operation: Deoptimize done
Event: 0.143 loading class semantic_check/Symbol
Event: 0.143 loading class semantic_check/Symbol done
Event: 0.144 loading class org/bytedeco/javacpp/PointerScope
Event: 0.144 loading class org/bytedeco/javacpp/PointerScope done
Event: 0.144 loading class org/bytedeco/javacpp/PointerScope$1
Event: 0.144 loading class org/bytedeco/javacpp/PointerScope$1 done


Dynamic libraries:
708a00000-718200000 rw-p 00000000 00:00 0 
718200000-7bfe00000 ---p 00000000 00:00 0 
7bfe00000-7bfe48000 rw-p 00b14000 08:20 134904                           /usr/lib/jvm/java-11-openjdk-amd64/lib/server/classes.jsa
7bfe48000-7bff00000 rw-p 00000000 00:00 0 
7bff00000-7bff6c000 rw-p 00aa8000 08:20 134904                           /usr/lib/jvm/java-11-openjdk-amd64/lib/server/classes.jsa
7bff6c000-7c0000000 rw-p 00000000 00:00 0 
7c0000000-800000000 ---p 00000000 00:00 0 
800000000-800002000 rwxp 00001000 08:20 134904                           /usr/lib/jvm/java-11-openjdk-amd64/lib/server/classes.jsa
800002000-8003ce000 rw-p 00003000 08:20 134904                           /usr/lib/jvm/java-11-openjdk-amd64/lib/server/classes.jsa
8003ce000-800aa6000 r--p 003cf000 08:20 134904                           /usr/lib/jvm/java-11-openjdk-amd64/lib/server/classes.jsa
800aa6000-800aa7000 rw-p 00aa7000 08:20 134904                           /usr/lib/jvm/java-11-openjdk-amd64/lib/server/classes.jsa
840000000-8400c0000 rw-p 00000000 00:00 0 
8400c0000-880000000 ---p 00000000 00:00 0 
5571e75fd000-5571e75fe000 r--p 00000000 08:20 134294                     /usr/lib/jvm/java-11-openjdk-amd64/bin/java
5571e75fe000-5571e75ff000 r-xp 00001000 08:20 134294                     /usr/lib/jvm/java-11-openjdk-amd64/bin/java
5571e75ff000-5571e7600000 r--p 00002000 08:20 134294                     /usr/lib/jvm/java-11-openjdk-amd64/bin/java
5571e7600000-5571e7601000 r--p 00002000 08:20 134294                     /usr/lib/jvm/java-11-openjdk-amd64/bin/java
5571e7601000-5571e7602000 rw-p 00003000 08:20 134294                     /usr/lib/jvm/java-11-openjdk-amd64/bin/java
55720593f000-557205960000 rw-p 00000000 00:00 0                          [heap]
7fded552c000-7fded5e52000 r--p 00000000 08:20 204242                     /home/crz/.javacpp/cache/llvm-13.0.1-1.5.7-linux-x86_64.jar/org/bytedeco/llvm/linux-x86_64/libLLVM-13.so
7fded5e52000-7fded9815000 r-xp 00926000 08:20 204242                     /home/crz/.javacpp/cache/llvm-13.0.1-1.5.7-linux-x86_64.jar/org/bytedeco/llvm/linux-x86_64/libLLVM-13.so
7fded9815000-7fdedba6a000 r--p 042e9000 08:20 204242                     /home/crz/.javacpp/cache/llvm-13.0.1-1.5.7-linux-x86_64.jar/org/bytedeco/llvm/linux-x86_64/libLLVM-13.so
7fdedba6a000-7fdedbf7f000 r--p 0653d000 08:20 204242                     /home/crz/.javacpp/cache/llvm-13.0.1-1.5.7-linux-x86_64.jar/org/bytedeco/llvm/linux-x86_64/libLLVM-13.so
7fdedbf7f000-7fdedbf8a000 rw-p 06a52000 08:20 204242                     /home/crz/.javacpp/cache/llvm-13.0.1-1.5.7-linux-x86_64.jar/org/bytedeco/llvm/linux-x86_64/libLLVM-13.so
7fdedbf8a000-7fdedc000000 rw-p 00000000 00:00 0 
7fdedc000000-7fdedc04a000 rw-p 00000000 00:00 0 
7fdedc04a000-7fdee0000000 ---p 00000000 00:00 0 
7fdee4000000-7fdee4021000 rw-p 00000000 00:00 0 
7fdee4021000-7fdee8000000 ---p 00000000 00:00 0 
7fdee8000000-7fdee804c000 rw-p 00000000 00:00 0 
7fdee804c000-7fdeec000000 ---p 00000000 00:00 0 
7fdeefcfa000-7fdeefd5f000 r--p 00000000 08:20 204256                     /home/crz/.javacpp/cache/llvm-13.0.1-1.5.7-linux-x86_64.jar/org/bytedeco/llvm/linux-x86_64/libjniLLVM.so
7fdeefd5f000-7fdeefdcd000 r-xp 00065000 08:20 204256                     /home/crz/.javacpp/cache/llvm-13.0.1-1.5.7-linux-x86_64.jar/org/bytedeco/llvm/linux-x86_64/libjniLLVM.so
7fdeefdcd000-7fdeefdf8000 r--p 000d3000 08:20 204256                     /home/crz/.javacpp/cache/llvm-13.0.1-1.5.7-linux-x86_64.jar/org/bytedeco/llvm/linux-x86_64/libjniLLVM.so
7fdeefdf8000-7fdeefdfb000 r--p 000fd000 08:20 204256                     /home/crz/.javacpp/cache/llvm-13.0.1-1.5.7-linux-x86_64.jar/org/bytedeco/llvm/linux-x86_64/libjniLLVM.so
7fdeefdfb000-7fdeefdfe000 rw-p 00100000 08:20 204256                     /home/crz/.javacpp/cache/llvm-13.0.1-1.5.7-linux-x86_64.jar/org/bytedeco/llvm/linux-x86_64/libjniLLVM.so
7fdeefdfe000-7fdeefe00000 rw-p 00000000 00:00 0 
7fdeefe00000-7fdeefe04000 ---p 00000000 00:00 0 
7fdeefe04000-7fdeeff00000 rw-p 00000000 00:00 0 
7fdeeff00000-7fdeeff04000 ---p 00000000 00:00 0 
7fdeeff04000-7fdef0000000 rw-p 00000000 00:00 0 
7fdef0000000-7fdef0021000 rw-p 00000000 00:00 0 
7fdef0021000-7fdef4000000 ---p 00000000 00:00 0 
7fdef4000000-7fdef4021000 rw-p 00000000 00:00 0 
7fdef4021000-7fdef8000000 ---p 00000000 00:00 0 
7fdef8000000-7fdef8021000 rw-p 00000000 00:00 0 
7fdef8021000-7fdefc000000 ---p 00000000 00:00 0 
7fdefc000000-7fdefc1a3000 rw-p 00000000 00:00 0 
7fdefc1a3000-7fdf00000000 ---p 00000000 00:00 0 
7fdf00000000-7fdf002ea000 rw-p 00000000 00:00 0 
7fdf002ea000-7fdf04000000 ---p 00000000 00:00 0 
7fdf04000000-7fdf04236000 rw-p 00000000 00:00 0 
7fdf04236000-7fdf08000000 ---p 00000000 00:00 0 
7fdf08000000-7fdf08021000 rw-p 00000000 00:00 0 
7fdf08021000-7fdf0c000000 ---p 00000000 00:00 0 
7fdf0c000000-7fdf0c021000 rw-p 00000000 00:00 0 
7fdf0c021000-7fdf10000000 ---p 00000000 00:00 0 
7fdf10000000-7fdf10021000 rw-p 00000000 00:00 0 
7fdf10021000-7fdf14000000 ---p 00000000 00:00 0 
7fdf14000000-7fdf14021000 rw-p 00000000 00:00 0 
7fdf14021000-7fdf18000000 ---p 00000000 00:00 0 
7fdf18000000-7fdf18021000 rw-p 00000000 00:00 0 
7fdf18021000-7fdf1c000000 ---p 00000000 00:00 0 
7fdf1c000000-7fdf1c021000 rw-p 00000000 00:00 0 
7fdf1c021000-7fdf20000000 ---p 00000000 00:00 0 
7fdf20000000-7fdf20021000 rw-p 00000000 00:00 0 
7fdf20021000-7fdf24000000 ---p 00000000 00:00 0 
7fdf24000000-7fdf24021000 rw-p 00000000 00:00 0 
7fdf24021000-7fdf28000000 ---p 00000000 00:00 0 
7fdf28060000-7fdf28067000 r--s 00000000 08:20 126784                     /usr/lib/x86_64-linux-gnu/gconv/gconv-modules.cache
7fdf28067000-7fdf2806e000 r--p 00000000 08:20 204245                     /home/crz/.javacpp/cache/llvm-13.0.1-1.5.7-linux-x86_64.jar/org/bytedeco/llvm/linux-x86_64/libLTO.so.13
7fdf2806e000-7fdf28076000 r-xp 00007000 08:20 204245                     /home/crz/.javacpp/cache/llvm-13.0.1-1.5.7-linux-x86_64.jar/org/bytedeco/llvm/linux-x86_64/libLTO.so.13
7fdf28076000-7fdf28078000 r--p 0000f000 08:20 204245                     /home/crz/.javacpp/cache/llvm-13.0.1-1.5.7-linux-x86_64.jar/org/bytedeco/llvm/linux-x86_64/libLTO.so.13
7fdf28078000-7fdf28079000 r--p 00010000 08:20 204245                     /home/crz/.javacpp/cache/llvm-13.0.1-1.5.7-linux-x86_64.jar/org/bytedeco/llvm/linux-x86_64/libLTO.so.13
7fdf28079000-7fdf2807a000 rw-p 00011000 08:20 204245                     /home/crz/.javacpp/cache/llvm-13.0.1-1.5.7-linux-x86_64.jar/org/bytedeco/llvm/linux-x86_64/libLTO.so.13
7fdf2807a000-7fdf2807e000 r--p 00000000 08:20 204229                     /home/crz/.javacpp/cache/javacpp-1.5.7-linux-x86_64.jar/org/bytedeco/javacpp/linux-x86_64/libjnijavacpp.so
7fdf2807e000-7fdf28085000 r-xp 00004000 08:20 204229                     /home/crz/.javacpp/cache/javacpp-1.5.7-linux-x86_64.jar/org/bytedeco/javacpp/linux-x86_64/libjnijavacpp.so
7fdf28085000-7fdf28089000 r--p 0000b000 08:20 204229                     /home/crz/.javacpp/cache/javacpp-1.5.7-linux-x86_64.jar/org/bytedeco/javacpp/linux-x86_64/libjnijavacpp.so
7fdf28089000-7fdf2808a000 r--p 0000e000 08:20 204229                     /home/crz/.javacpp/cache/javacpp-1.5.7-linux-x86_64.jar/org/bytedeco/javacpp/linux-x86_64/libjnijavacpp.so
7fdf2808a000-7fdf2808b000 rw-p 0000f000 08:20 204229                     /home/crz/.javacpp/cache/javacpp-1.5.7-linux-x86_64.jar/org/bytedeco/javacpp/linux-x86_64/libjnijavacpp.so
7fdf2808b000-7fdf2808f000 ---p 00000000 00:00 0 
7fdf2808f000-7fdf2818b000 rw-p 00000000 00:00 0 
7fdf2818b000-7fdf2818f000 ---p 00000000 00:00 0 
7fdf2818f000-7fdf2828b000 rw-p 00000000 00:00 0 
7fdf2828b000-7fdf2828c000 ---p 00000000 00:00 0 
7fdf2828c000-7fdf2838c000 rw-p 00000000 00:00 0 
7fdf2838c000-7fdf28390000 ---p 00000000 00:00 0 
7fdf28390000-7fdf2848c000 rw-p 00000000 00:00 0 
7fdf2848c000-7fdf28490000 ---p 00000000 00:00 0 
7fdf28490000-7fdf2858c000 rw-p 00000000 00:00 0 
7fdf2858c000-7fdf28590000 ---p 00000000 00:00 0 
7fdf28590000-7fdf2868c000 rw-p 00000000 00:00 0 
7fdf2868c000-7fdf28690000 ---p 00000000 00:00 0 
7fdf28690000-7fdf2878c000 rw-p 00000000 00:00 0 
7fdf2878c000-7fdf28790000 ---p 00000000 00:00 0 
7fdf28790000-7fdf2888c000 rw-p 00000000 00:00 0 
7fdf2888c000-7fdf28890000 ---p 00000000 00:00 0 
7fdf28890000-7fdf2898c000 rw-p 00000000 00:00 0 
7fdf2898c000-7fdf28f79000 r--p 00000000 08:20 13349                      /usr/lib/locale/locale-archive
7fdf28f79000-7fdf28f7d000 ---p 00000000 00:00 0 
7fdf28f7d000-7fdf29079000 rw-p 00000000 00:00 0 
7fdf29079000-7fdf2907d000 ---p 00000000 00:00 0 
7fdf2907d000-7fdf29179000 rw-p 00000000 00:00 0 
7fdf29179000-7fdf2917a000 ---p 00000000 00:00 0 
7fdf2917a000-7fdf298fb000 rw-p 00000000 00:00 0 
7fdf298fb000-7fdf29afb000 ---p 00000000 00:00 0 
7fdf29afb000-7fdf29afc000 ---p 00000000 00:00 0 
7fdf29afc000-7fdf29bfc000 rw-p 00000000 00:00 0 
7fdf29bfc000-7fdf29bfd000 ---p 00000000 00:00 0 
7fdf29bfd000-7fdf2c000000 rw-p 00000000 00:00 0 
7fdf2c000000-7fdf2c021000 rw-p 00000000 00:00 0 
7fdf2c021000-7fdf30000000 ---p 00000000 00:00 0 
7fdf30003000-7fdf30034000 rw-p 00000000 00:00 0 
7fdf30034000-7fdf30038000 r--p 00000000 08:20 134444                     /usr/lib/jvm/java-11-openjdk-amd64/lib/libnet.so
7fdf30038000-7fdf30046000 r-xp 00004000 08:20 134444                     /usr/lib/jvm/java-11-openjdk-amd64/lib/libnet.so
7fdf30046000-7fdf3004a000 r--p 00012000 08:20 134444                     /usr/lib/jvm/java-11-openjdk-amd64/lib/libnet.so
7fdf3004a000-7fdf3004b000 r--p 00015000 08:20 134444                     /usr/lib/jvm/java-11-openjdk-amd64/lib/libnet.so
7fdf3004b000-7fdf3004c000 rw-p 00016000 08:20 134444                     /usr/lib/jvm/java-11-openjdk-amd64/lib/libnet.so
7fdf3004c000-7fdf30830000 rw-p 00000000 00:00 0 
7fdf30830000-7fdf33220000 ---p 00000000 00:00 0 
7fdf33220000-7fdf33228000 rw-p 00000000 00:00 0 
7fdf33228000-7fdf34228000 ---p 00000000 00:00 0 
7fdf34228000-7fdf34608000 rw-p 00000000 00:00 0 
7fdf34608000-7fdf36ff8000 ---p 00000000 00:00 0 
7fdf36ff8000-7fdf37000000 rw-p 00000000 00:00 0 
7fdf37000000-7fdf38000000 ---p 00000000 00:00 0 
7fdf38000000-7fdf38021000 rw-p 00000000 00:00 0 
7fdf38021000-7fdf3c000000 ---p 00000000 00:00 0 
7fdf3c001000-7fdf3c002000 r--p 00000000 08:20 204251                     /home/crz/.javacpp/cache/llvm-13.0.1-1.5.7-linux-x86_64.jar/org/bytedeco/llvm/linux-x86_64/libRemarks.so.13
7fdf3c002000-7fdf3c003000 r-xp 00001000 08:20 204251                     /home/crz/.javacpp/cache/llvm-13.0.1-1.5.7-linux-x86_64.jar/org/bytedeco/llvm/linux-x86_64/libRemarks.so.13
7fdf3c003000-7fdf3c004000 r--p 00002000 08:20 204251                     /home/crz/.javacpp/cache/llvm-13.0.1-1.5.7-linux-x86_64.jar/org/bytedeco/llvm/linux-x86_64/libRemarks.so.13
7fdf3c004000-7fdf3c005000 r--p 00002000 08:20 204251                     /home/crz/.javacpp/cache/llvm-13.0.1-1.5.7-linux-x86_64.jar/org/bytedeco/llvm/linux-x86_64/libRemarks.so.13
7fdf3c005000-7fdf3c006000 rw-p 00003000 08:20 204251                     /home/crz/.javacpp/cache/llvm-13.0.1-1.5.7-linux-x86_64.jar/org/bytedeco/llvm/linux-x86_64/libRemarks.so.13
7fdf3c006000-7fdf3c00d000 r--p 00000000 08:20 134445                     /usr/lib/jvm/java-11-openjdk-amd64/lib/libnio.so
7fdf3c00d000-7fdf3c015000 r-xp 00007000 08:20 134445                     /usr/lib/jvm/java-11-openjdk-amd64/lib/libnio.so
7fdf3c015000-7fdf3c018000 r--p 0000f000 08:20 134445                     /usr/lib/jvm/java-11-openjdk-amd64/lib/libnio.so
7fdf3c018000-7fdf3c019000 r--p 00011000 08:20 134445                     /usr/lib/jvm/java-11-openjdk-amd64/lib/libnio.so
7fdf3c019000-7fdf3c01a000 rw-p 00012000 08:20 134445                     /usr/lib/jvm/java-11-openjdk-amd64/lib/libnio.so
7fdf3c01a000-7fdf3c7c5000 rw-p 00000000 00:00 0 
7fdf3c7c5000-7fdf3ca35000 rwxp 00000000 00:00 0 
7fdf3ca35000-7fdf3cf04000 ---p 00000000 00:00 0 
7fdf3cf04000-7fdf3d174000 rwxp 00000000 00:00 0 
7fdf3d174000-7fdf44364000 ---p 00000000 00:00 0 
7fdf44364000-7fdf445d4000 rwxp 00000000 00:00 0 
7fdf445d4000-7fdf4b7c5000 ---p 00000000 00:00 0 
7fdf4b7c5000-7fdf54000000 r--s 00000000 08:20 134454                     /usr/lib/jvm/java-11-openjdk-amd64/lib/modules
7fdf54000000-7fdf5447b000 rw-p 00000000 00:00 0 
7fdf5447b000-7fdf58000000 ---p 00000000 00:00 0 
7fdf58001000-7fdf58002000 r--p 00000000 08:20 104103                     /usr/lib/x86_64-linux-gnu/libdl.so.2
7fdf58002000-7fdf58003000 r-xp 00001000 08:20 104103                     /usr/lib/x86_64-linux-gnu/libdl.so.2
7fdf58003000-7fdf58004000 r--p 00002000 08:20 104103                     /usr/lib/x86_64-linux-gnu/libdl.so.2
7fdf58004000-7fdf58005000 r--p 00002000 08:20 104103                     /usr/lib/x86_64-linux-gnu/libdl.so.2
7fdf58005000-7fdf58006000 rw-p 00003000 08:20 104103                     /usr/lib/x86_64-linux-gnu/libdl.so.2
7fdf58006000-7fdf58007000 r--p 00000000 08:20 104244                     /usr/lib/x86_64-linux-gnu/libpthread.so.0
7fdf58007000-7fdf58008000 r-xp 00001000 08:20 104244                     /usr/lib/x86_64-linux-gnu/libpthread.so.0
7fdf58008000-7fdf58009000 r--p 00002000 08:20 104244                     /usr/lib/x86_64-linux-gnu/libpthread.so.0
7fdf58009000-7fdf5800a000 r--p 00002000 08:20 104244                     /usr/lib/x86_64-linux-gnu/libpthread.so.0
7fdf5800a000-7fdf5800b000 rw-p 00003000 08:20 104244                     /usr/lib/x86_64-linux-gnu/libpthread.so.0
7fdf5800b000-7fdf5812d000 rw-p 00000000 00:00 0 
7fdf5812d000-7fdf5812e000 ---p 00000000 00:00 0 
7fdf5812e000-7fdf5822e000 rw-p 00000000 00:00 0 
7fdf5822e000-7fdf5822f000 ---p 00000000 00:00 0 
7fdf5822f000-7fdf585a2000 rw-p 00000000 00:00 0 
7fdf585a2000-7fdf58ae0000 ---p 00000000 00:00 0 
7fdf58ae0000-7fdf58ae1000 rw-p 00000000 00:00 0 
7fdf58ae1000-7fdf58ce1000 ---p 00000000 00:00 0 
7fdf58ce1000-7fdf58d5d000 rw-p 00000000 00:00 0 
7fdf58d5d000-7fdf5929b000 ---p 00000000 00:00 0 
7fdf5929b000-7fdf5929c000 rw-p 00000000 00:00 0 
7fdf5929c000-7fdf5949c000 ---p 00000000 00:00 0 
7fdf5949c000-7fdf59518000 rw-p 00000000 00:00 0 
7fdf59518000-7fdf59a56000 ---p 00000000 00:00 0 
7fdf59a56000-7fdf59a57000 rw-p 00000000 00:00 0 
7fdf59a57000-7fdf59c57000 ---p 00000000 00:00 0 
7fdf59c57000-7fdf5ab66000 rw-p 00000000 00:00 0 
7fdf5ab66000-7fdf5ab67000 ---p 00000000 00:00 0 
7fdf5ab67000-7fdf5ac6c000 rw-p 00000000 00:00 0 
7fdf5ac6c000-7fdf5ad50000 ---p 00000000 00:00 0 
7fdf5ad50000-7fdf5ad55000 rw-p 00000000 00:00 0 
7fdf5ad55000-7fdf5ae39000 ---p 00000000 00:00 0 
7fdf5ae39000-7fdf5ae3e000 rw-p 00000000 00:00 0 
7fdf5ae3e000-7fdf5ae48000 ---p 00000000 00:00 0 
7fdf5ae48000-7fdf5ae4a000 r--p 00000000 08:20 134453                     /usr/lib/jvm/java-11-openjdk-amd64/lib/libzip.so
7fdf5ae4a000-7fdf5ae4f000 r-xp 00002000 08:20 134453                     /usr/lib/jvm/java-11-openjdk-amd64/lib/libzip.so
7fdf5ae4f000-7fdf5ae51000 r--p 00007000 08:20 134453                     /usr/lib/jvm/java-11-openjdk-amd64/lib/libzip.so
7fdf5ae51000-7fdf5ae52000 r--p 00008000 08:20 134453                     /usr/lib/jvm/java-11-openjdk-amd64/lib/libzip.so
7fdf5ae52000-7fdf5ae53000 rw-p 00009000 08:20 134453                     /usr/lib/jvm/java-11-openjdk-amd64/lib/libzip.so
7fdf5ae53000-7fdf5ae5b000 rw-s 00000000 08:20 204318                     /tmp/hsperfdata_crz/143984
7fdf5ae5b000-7fdf5ae5d000 r--p 00000000 08:20 134436                     /usr/lib/jvm/java-11-openjdk-amd64/lib/libjimage.so
7fdf5ae5d000-7fdf5ae60000 r-xp 00002000 08:20 134436                     /usr/lib/jvm/java-11-openjdk-amd64/lib/libjimage.so
7fdf5ae60000-7fdf5ae61000 r--p 00005000 08:20 134436                     /usr/lib/jvm/java-11-openjdk-amd64/lib/libjimage.so
7fdf5ae61000-7fdf5ae62000 ---p 00006000 08:20 134436                     /usr/lib/jvm/java-11-openjdk-amd64/lib/libjimage.so
7fdf5ae62000-7fdf5ae63000 r--p 00006000 08:20 134436                     /usr/lib/jvm/java-11-openjdk-amd64/lib/libjimage.so
7fdf5ae63000-7fdf5ae64000 rw-p 00007000 08:20 134436                     /usr/lib/jvm/java-11-openjdk-amd64/lib/libjimage.so
7fdf5ae64000-7fdf5ae72000 r--p 00000000 08:20 134433                     /usr/lib/jvm/java-11-openjdk-amd64/lib/libjava.so
7fdf5ae72000-7fdf5ae88000 r-xp 0000e000 08:20 134433                     /usr/lib/jvm/java-11-openjdk-amd64/lib/libjava.so
7fdf5ae88000-7fdf5ae8f000 r--p 00024000 08:20 134433                     /usr/lib/jvm/java-11-openjdk-amd64/lib/libjava.so
7fdf5ae8f000-7fdf5ae90000 r--p 0002a000 08:20 134433                     /usr/lib/jvm/java-11-openjdk-amd64/lib/libjava.so
7fdf5ae90000-7fdf5ae91000 rw-p 0002b000 08:20 134433                     /usr/lib/jvm/java-11-openjdk-amd64/lib/libjava.so
7fdf5ae91000-7fdf5ae92000 rw-p 00000000 00:00 0 
7fdf5ae92000-7fdf5ae93000 r--p 00000000 08:20 105137                     /usr/lib/x86_64-linux-gnu/librt.so.1
7fdf5ae93000-7fdf5ae94000 r-xp 00001000 08:20 105137                     /usr/lib/x86_64-linux-gnu/librt.so.1
7fdf5ae94000-7fdf5ae95000 r--p 00002000 08:20 105137                     /usr/lib/x86_64-linux-gnu/librt.so.1
7fdf5ae95000-7fdf5ae96000 r--p 00002000 08:20 105137                     /usr/lib/x86_64-linux-gnu/librt.so.1
7fdf5ae96000-7fdf5ae97000 rw-p 00003000 08:20 105137                     /usr/lib/x86_64-linux-gnu/librt.so.1
7fdf5ae97000-7fdf5ae9b000 ---p 00000000 00:00 0 
7fdf5ae9b000-7fdf5af97000 rw-p 00000000 00:00 0 
7fdf5af97000-7fdf5af9a000 r--p 00000000 08:20 6709                       /usr/lib/x86_64-linux-gnu/libgcc_s.so.1
7fdf5af9a000-7fdf5afb1000 r-xp 00003000 08:20 6709                       /usr/lib/x86_64-linux-gnu/libgcc_s.so.1
7fdf5afb1000-7fdf5afb5000 r--p 0001a000 08:20 6709                       /usr/lib/x86_64-linux-gnu/libgcc_s.so.1
7fdf5afb5000-7fdf5afb6000 r--p 0001d000 08:20 6709                       /usr/lib/x86_64-linux-gnu/libgcc_s.so.1
7fdf5afb6000-7fdf5afb7000 rw-p 0001e000 08:20 6709                       /usr/lib/x86_64-linux-gnu/libgcc_s.so.1
7fdf5afb7000-7fdf5afc5000 r--p 00000000 08:20 104109                     /usr/lib/x86_64-linux-gnu/libm.so.6
7fdf5afc5000-7fdf5b041000 r-xp 0000e000 08:20 104109                     /usr/lib/x86_64-linux-gnu/libm.so.6
7fdf5b041000-7fdf5b09c000 r--p 0008a000 08:20 104109                     /usr/lib/x86_64-linux-gnu/libm.so.6
7fdf5b09c000-7fdf5b09d000 r--p 000e4000 08:20 104109                     /usr/lib/x86_64-linux-gnu/libm.so.6
7fdf5b09d000-7fdf5b09e000 rw-p 000e5000 08:20 104109                     /usr/lib/x86_64-linux-gnu/libm.so.6
7fdf5b09e000-7fdf5b138000 r--p 00000000 08:20 6947                       /usr/lib/x86_64-linux-gnu/libstdc++.so.6.0.30
7fdf5b138000-7fdf5b249000 r-xp 0009a000 08:20 6947                       /usr/lib/x86_64-linux-gnu/libstdc++.so.6.0.30
7fdf5b249000-7fdf5b2b8000 r--p 001ab000 08:20 6947                       /usr/lib/x86_64-linux-gnu/libstdc++.so.6.0.30
7fdf5b2b8000-7fdf5b2b9000 ---p 0021a000 08:20 6947                       /usr/lib/x86_64-linux-gnu/libstdc++.so.6.0.30
7fdf5b2b9000-7fdf5b2c4000 r--p 0021a000 08:20 6947                       /usr/lib/x86_64-linux-gnu/libstdc++.so.6.0.30
7fdf5b2c4000-7fdf5b2c7000 rw-p 00225000 08:20 6947                       /usr/lib/x86_64-linux-gnu/libstdc++.so.6.0.30
7fdf5b2c7000-7fdf5b2ca000 rw-p 00000000 00:00 0 
7fdf5b2ca000-7fdf5b54d000 r--p 00000000 08:20 134459                     /usr/lib/jvm/java-11-openjdk-amd64/lib/server/libjvm.so
7fdf5b54d000-7fdf5c1f8000 r-xp 00283000 08:20 134459                     /usr/lib/jvm/java-11-openjdk-amd64/lib/server/libjvm.so
7fdf5c1f8000-7fdf5c454000 r--p 00f2e000 08:20 134459                     /usr/lib/jvm/java-11-openjdk-amd64/lib/server/libjvm.so
7fdf5c454000-7fdf5c518000 r--p 01189000 08:20 134459                     /usr/lib/jvm/java-11-openjdk-amd64/lib/server/libjvm.so
7fdf5c518000-7fdf5c553000 rw-p 0124d000 08:20 134459                     /usr/lib/jvm/java-11-openjdk-amd64/lib/server/libjvm.so
7fdf5c553000-7fdf5c5ad000 rw-p 00000000 00:00 0 
7fdf5c5ad000-7fdf5c5d5000 r--p 00000000 08:20 104085                     /usr/lib/x86_64-linux-gnu/libc.so.6
7fdf5c5d5000-7fdf5c76a000 r-xp 00028000 08:20 104085                     /usr/lib/x86_64-linux-gnu/libc.so.6
7fdf5c76a000-7fdf5c7c2000 r--p 001bd000 08:20 104085                     /usr/lib/x86_64-linux-gnu/libc.so.6
7fdf5c7c2000-7fdf5c7c3000 ---p 00215000 08:20 104085                     /usr/lib/x86_64-linux-gnu/libc.so.6
7fdf5c7c3000-7fdf5c7c7000 r--p 00215000 08:20 104085                     /usr/lib/x86_64-linux-gnu/libc.so.6
7fdf5c7c7000-7fdf5c7c9000 rw-p 00219000 08:20 104085                     /usr/lib/x86_64-linux-gnu/libc.so.6
7fdf5c7c9000-7fdf5c7d6000 rw-p 00000000 00:00 0 
7fdf5c7d6000-7fdf5c7d9000 r--p 00000000 08:20 134418                     /usr/lib/jvm/java-11-openjdk-amd64/lib/jli/libjli.so
7fdf5c7d9000-7fdf5c7e3000 r-xp 00003000 08:20 134418                     /usr/lib/jvm/java-11-openjdk-amd64/lib/jli/libjli.so
7fdf5c7e3000-7fdf5c7e6000 r--p 0000d000 08:20 134418                     /usr/lib/jvm/java-11-openjdk-amd64/lib/jli/libjli.so
7fdf5c7e6000-7fdf5c7e7000 ---p 00010000 08:20 134418                     /usr/lib/jvm/java-11-openjdk-amd64/lib/jli/libjli.so
7fdf5c7e7000-7fdf5c7e8000 r--p 00010000 08:20 134418                     /usr/lib/jvm/java-11-openjdk-amd64/lib/jli/libjli.so
7fdf5c7e8000-7fdf5c7e9000 rw-p 00011000 08:20 134418                     /usr/lib/jvm/java-11-openjdk-amd64/lib/jli/libjli.so
7fdf5c7e9000-7fdf5c7eb000 r--p 00000000 08:20 6997                       /usr/lib/x86_64-linux-gnu/libz.so.1.2.11
7fdf5c7eb000-7fdf5c7fc000 r-xp 00002000 08:20 6997                       /usr/lib/x86_64-linux-gnu/libz.so.1.2.11
7fdf5c7fc000-7fdf5c802000 r--p 00013000 08:20 6997                       /usr/lib/x86_64-linux-gnu/libz.so.1.2.11
7fdf5c802000-7fdf5c803000 ---p 00019000 08:20 6997                       /usr/lib/x86_64-linux-gnu/libz.so.1.2.11
7fdf5c803000-7fdf5c804000 r--p 00019000 08:20 6997                       /usr/lib/x86_64-linux-gnu/libz.so.1.2.11
7fdf5c804000-7fdf5c805000 rw-p 0001a000 08:20 6997                       /usr/lib/x86_64-linux-gnu/libz.so.1.2.11
7fdf5c805000-7fdf5c806000 ---p 00000000 00:00 0 
7fdf5c806000-7fdf5c807000 r--p 00000000 00:00 0 
7fdf5c807000-7fdf5c80c000 r--p 00000000 08:20 134452                     /usr/lib/jvm/java-11-openjdk-amd64/lib/libverify.so
7fdf5c80c000-7fdf5c813000 r-xp 00005000 08:20 134452                     /usr/lib/jvm/java-11-openjdk-amd64/lib/libverify.so
7fdf5c813000-7fdf5c815000 r--p 0000c000 08:20 134452                     /usr/lib/jvm/java-11-openjdk-amd64/lib/libverify.so
7fdf5c815000-7fdf5c817000 r--p 0000d000 08:20 134452                     /usr/lib/jvm/java-11-openjdk-amd64/lib/libverify.so
7fdf5c817000-7fdf5c818000 rw-p 0000f000 08:20 134452                     /usr/lib/jvm/java-11-openjdk-amd64/lib/libverify.so
7fdf5c818000-7fdf5c81a000 rw-p 00000000 00:00 0 
7fdf5c81a000-7fdf5c81c000 r--p 00000000 08:20 104061                     /usr/lib/x86_64-linux-gnu/ld-linux-x86-64.so.2
7fdf5c81c000-7fdf5c846000 r-xp 00002000 08:20 104061                     /usr/lib/x86_64-linux-gnu/ld-linux-x86-64.so.2
7fdf5c846000-7fdf5c851000 r--p 0002c000 08:20 104061                     /usr/lib/x86_64-linux-gnu/ld-linux-x86-64.so.2
7fdf5c852000-7fdf5c854000 r--p 00037000 08:20 104061                     /usr/lib/x86_64-linux-gnu/ld-linux-x86-64.so.2
7fdf5c854000-7fdf5c856000 rw-p 00039000 08:20 104061                     /usr/lib/x86_64-linux-gnu/ld-linux-x86-64.so.2
7ffe1757c000-7ffe1759d000 rw-p 00000000 00:00 0                          [stack]
7ffe175c6000-7ffe175ca000 r--p 00000000 00:00 0                          [vvar]
7ffe175ca000-7ffe175cc000 r-xp 00000000 00:00 0                          [vdso]


VM Arguments:
java_command: Main tests/IRtest_Lab4/test2.sysy tests/IRtest_Lab4/test2.ll
java_class_path (initial): ./classes:/usr/local/lib/antlr-4.9.1-complete.jar:/usr/local/lib/llvm-13.0.1-1.5.7.jar:/usr/local/lib/llvm-13.0.1-1.5.7-linux-x86_64.jar:/usr/local/lib/llvm-platform-13.0.1-1.5.7.jar:/usr/local/lib/javacpp-1.5.7-linux-x86_64.jar:/usr/local/lib/javacpp-1.5.7.jar
Launcher Type: SUN_STANDARD

[Global flags]
     intx CICompilerCount                          = 12                                        {product} {ergonomic}
     uint ConcGCThreads                            = 4                                         {product} {ergonomic}
     uint G1ConcRefinementThreads                  = 15                                        {product} {ergonomic}
   size_t G1HeapRegionSize                         = 1048576                                   {product} {ergonomic}
    uintx GCDrainStackTargetSize                   = 64                                        {product} {ergonomic}
   size_t InitialHeapSize                          = 260046848                                 {product} {ergonomic}
   size_t MarkStackSize                            = 4194304                                   {product} {ergonomic}
   size_t MaxHeapSize                              = 4150263808                                {product} {ergonomic}
   size_t MaxNewSize                               = 2489319424                                {product} {ergonomic}
   size_t MinHeapDeltaBytes                        = 1048576                                   {product} {ergonomic}
    uintx NonNMethodCodeHeapSize                   = 7594288                                {pd product} {ergonomic}
    uintx NonProfiledCodeHeapSize                  = 122031976                              {pd product} {ergonomic}
    uintx ProfiledCodeHeapSize                     = 122031976                              {pd product} {ergonomic}
    uintx ReservedCodeCacheSize                    = 251658240                              {pd product} {ergonomic}
     bool SegmentedCodeCache                       = true                                      {product} {ergonomic}
     bool UseCompressedClassPointers               = true                                 {lp64_product} {ergonomic}
     bool UseCompressedOops                        = true                                 {lp64_product} {ergonomic}
     bool UseG1GC                                  = true                                      {product} {ergonomic}

Logging:
Log output configuration:
 #0: stdout all=warning uptime,level,tags
 #1: stderr all=off uptime,level,tags

Environment Variables:
CLASSPATH=/usr/local/lib/antlr-4.9.1-complete.jar:/usr/local/lib/llvm-13.0.1-1.5.7.jar:/usr/local/lib/llvm-13.0.1-1.5.7-linux-x86_64.jar:/usr/local/lib/llvm-platform-13.0.1-1.5.7.jar:/usr/local/lib/javacpp-1.5.7-linux-x86_64.jar:/usr/local/lib/javacpp-1.5.7.jar
PATH=/home/crz/.local/bin:/home/crz/.cargo/bin:/home/crz/.local/bin:~/my_script:/usr/local/sbin:/usr/local/bin:/usr/sbin:/usr/bin:/sbin:/bin:/usr/games:/usr/local/games:/snap/bin:/mnt/c/Users/crz/AppData/Local/Programs/Microsoft VS Code/bin:/mnt/e/Microsoft\ VS\ Code/bin
SHELL=/bin/bash
DISPLAY=:0.0
LANG=en_US.UTF-8
LC_ALL=en_US.UTF-8
LC_CTYPE=en_US.UTF-8
LC_NUMERIC=en_US.UTF-8
LC_TIME=en_US.UTF-8
TERM=xterm-256color

Signal Handlers:
SIGSEGV: [libjvm.so+0xebbc90], sa_mask[0]=11111111011111111101111111111110, sa_flags=SA_RESTART|SA_SIGINFO
SIGBUS: [libjvm.so+0xebbc90], sa_mask[0]=11111111011111111101111111111110, sa_flags=SA_RESTART|SA_SIGINFO
SIGFPE: [libjvm.so+0xebbc90], sa_mask[0]=11111111011111111101111111111110, sa_flags=SA_RESTART|SA_SIGINFO
SIGPIPE: [libjvm.so+0xbfdf90], sa_mask[0]=11111111011111111101111111111110, sa_flags=SA_RESTART|SA_SIGINFO
SIGXFSZ: [libjvm.so+0xbfdf90], sa_mask[0]=11111111011111111101111111111110, sa_flags=SA_RESTART|SA_SIGINFO
SIGILL: [libjvm.so+0xebbc90], sa_mask[0]=11111111011111111101111111111110, sa_flags=SA_RESTART|SA_SIGINFO
SIGUSR2: [libjvm.so+0xbfde30], sa_mask[0]=00000000000000000000000000000000, sa_flags=SA_RESTART|SA_SIGINFO
SIGHUP: [libjvm.so+0xbfe5f0], sa_mask[0]=11111111011111111101111111111110, sa_flags=SA_RESTART|SA_SIGINFO
SIGINT: [libjvm.so+0xbfe5f0], sa_mask[0]=11111111011111111101111111111110, sa_flags=SA_RESTART|SA_SIGINFO
SIGTERM: [libjvm.so+0xbfe5f0], sa_mask[0]=11111111011111111101111111111110, sa_flags=SA_RESTART|SA_SIGINFO
SIGQUIT: [libjvm.so+0xbfe5f0], sa_mask[0]=11111111011111111101111111111110, sa_flags=SA_RESTART|SA_SIGINFO


---------------  S Y S T E M  ---------------

OS:DISTRIB_ID=Ubuntu
DISTRIB_RELEASE=22.04
DISTRIB_CODENAME=jammy
DISTRIB_DESCRIPTION="Ubuntu 22.04.5 LTS"
uname:Linux 5.15.167.4-microsoft-standard-WSL2 #1 SMP Tue Nov 5 00:21:55 UTC 2024 x86_64
OS uptime: 0 days 3:18 hours
libc:glibc 2.35 NPTL 2.35 
rlimit (soft/hard): STACK 8192k/infinity , CORE 0k/infinity , NPROC 63270/63270 , NOFILE 1048576/1048576 , AS infinity/infinity , CPU infinity/infinity , DATA infinity/infinity , FSIZE infinity/infinity , MEMLOCK 2025516k/2025516k
load average:2.33 0.65 0.27

/proc/meminfo:
MemTotal:       16204140 kB
MemFree:        11824920 kB
MemAvailable:   12918056 kB
Buffers:           10716 kB
Cached:          1319160 kB
SwapCached:            0 kB
Active:           221104 kB
Inactive:        3657008 kB
Active(anon):       2396 kB
Inactive(anon):  2587608 kB
Active(file):     218708 kB
Inactive(file):  1069400 kB
Unevictable:           0 kB
Mlocked:               0 kB
SwapTotal:       4194304 kB
SwapFree:        4194304 kB
Dirty:                48 kB
Writeback:             0 kB
AnonPages:       2543456 kB
Mapped:           960928 kB
Shmem:             41768 kB
KReclaimable:     105536 kB
Slab:             197788 kB
SReclaimable:     105536 kB
SUnreclaim:        92252 kB
KernelStack:       10328 kB
PageTables:        17096 kB
NFS_Unstable:          0 kB
Bounce:                0 kB
WritebackTmp:          0 kB
CommitLimit:    12296372 kB
Committed_AS:    4831636 kB
VmallocTotal:   34359738367 kB
VmallocUsed:       33920 kB
VmallocChunk:          0 kB
Percpu:            15936 kB
AnonHugePages:   2097152 kB
ShmemHugePages:        0 kB
ShmemPmdMapped:        0 kB
FileHugePages:         0 kB
FilePmdMapped:         0 kB
HugePages_Total:       0
HugePages_Free:        0
HugePages_Rsvd:        0
HugePages_Surp:        0
Hugepagesize:       2048 kB
Hugetlb:               0 kB
DirectMap4k:      125952 kB
DirectMap2M:     8085504 kB
DirectMap1G:    16777216 kB

/sys/kernel/mm/transparent_hugepage/enabled:
[always] madvise never
/sys/kernel/mm/transparent_hugepage/defrag (defrag/compaction efforts parameter):
always defer defer+madvise [madvise] never

Process Memory:
Virtual Size: 7199480K (peak: 15578208K)
Resident Set Size: 100068K (peak: 100068K) (anon: 43676K, file: 56392K, shmem: 0K)
Swapped out: 0K
C-Heap outstanding allocations: 43575K, retained: 2476K
glibc malloc tunables: (default)

/proc/sys/kernel/threads-max (system-wide limit on the number of threads):
126540
/proc/sys/vm/max_map_count (maximum number of memory map areas a process may have):
65530
/proc/sys/kernel/pid_max (system-wide limit on number of process identifiers):
4194304

container (cgroup) information:
container_type: cgroupv1
cpu_cpuset_cpus: 0-19
cpu_memory_nodes: 0
active_processor_count: 20
cpu_quota: no quota
cpu_period: 100000
cpu_shares: no shares
memory_limit_in_bytes: unlimited
memory_and_swap_limit_in_bytes: unlimited
memory_soft_limit_in_bytes: unlimited
memory_usage_in_bytes: 433964 k
memory_max_usage_in_bytes: 627316 k
kernel_memory_usage_in_bytes: 4236 k
kernel_memory_max_usage_in_bytes: unlimited
kernel_memory_limit_in_bytes: 8240 k
maximum number of tasks: unlimited
current number of tasks: 25

Hyper-V virtualization detected
Steal ticks since vm start: 0
Steal ticks percentage since vm start:  0.000

CPU:total 20 (initial active 20) (16 cores per cpu, 2 threads per core) family 6 model 186 stepping 2 microcode 0xffffffff, cmov, cx8, fxsr, mmx, sse, sse2, sse3, ssse3, sse4.1, sse4.2, popcnt, avx, avx2, aes, clmul, erms, 3dnowpref, lzcnt, ht, tsc, tscinvbit, bmi1, bmi2, adx, sha, fma
CPU Model and flags from /proc/cpuinfo:
model name	: 13th Gen Intel(R) Core(TM) i9-13900H
flags		: fpu vme de pse tsc msr pae mce cx8 apic sep mtrr pge mca cmov pat pse36 clflush mmx fxsr sse sse2 ss ht syscall nx pdpe1gb rdtscp lm constant_tsc rep_good nopl xtopology tsc_reliable nonstop_tsc cpuid pni pclmulqdq vmx ssse3 fma cx16 pcid sse4_1 sse4_2 x2apic movbe popcnt tsc_deadline_timer aes xsave avx f16c rdrand hypervisor lahf_lm abm 3dnowprefetch invpcid_single ssbd ibrs ibpb stibp ibrs_enhanced tpr_shadow vnmi ept vpid ept_ad fsgsbase tsc_adjust bmi1 avx2 smep bmi2 erms invpcid rdseed adx smap clflushopt clwb sha_ni xsaveopt xsavec xgetbv1 xsaves avx_vnni umip waitpkg gfni vaes vpclmulqdq rdpid movdiri movdir64b fsrm md_clear serialize flush_l1d arch_capabilities
Online cpus:
0-19
Offline cpus:

BIOS frequency limitation:
<Not Available>
Frequency switch latency (ns):
<Not Available>
Available cpu frequencies:
<Not Available>
Current governor:
<Not Available>
Core performance/turbo boost:
<Not Available>

Memory: 4k page, physical 16204140k(11824920k free), swap 4194304k(4194304k free)

vm_info: OpenJDK 64-Bit Server VM (11.0.26+4-post-Ubuntu-1ubuntu122.04) for linux-amd64 JRE (11.0.26+4-post-Ubuntu-1ubuntu122.04), built on Jan 23 2025 23:02:35 by "unknown" with gcc 11.4.0

END.
